Java HotSpot(TM) 64-Bit Server VM (25.291-b10) for linux-amd64 JRE (1.8.0_291-b10), built on Apr  7 2021 19:13:06 by "java_re" with gcc 7.3.0
Memory: 4k page, physical 32357212k(29764328k free), swap 978940k(978940k free)
CommandLine flags: -XX:+HeapDumpOnOutOfMemoryError -XX:InitialHeapSize=268435456 -XX:MaxHeapSize=536870912 -XX:+PrintGC -XX:+PrintGCDateStamps -XX:+PrintGCDetails -XX:+PrintGCTimeStamps -XX:+UseCompressedClassPointers -XX:+UseCompressedOops -XX:+UseParallelGC 
2022-04-14T17:46:47.914+0800: 0.493: [GC (Allocation Failure) [PSYoungGen: 65536K->5122K(76288K)] 65536K->5138K(251392K), 0.0065999 secs] [Times: user=0.03 sys=0.03, real=0.01 secs] 
2022-04-14T17:46:48.201+0800: 0.781: [GC (Allocation Failure) [PSYoungGen: 70658K->5945K(141824K)] 70674K->5969K(316928K), 0.0094980 secs] [Times: user=0.05 sys=0.06, real=0.01 secs] 
2022-04-14T17:46:48.572+0800: 1.152: [GC (GCLocker Initiated GC) [PSYoungGen: 137017K->10724K(141824K)] 137041K->10943K(316928K), 0.0143545 secs] [Times: user=0.09 sys=0.08, real=0.01 secs] 
2022-04-14T17:46:48.648+0800: 1.228: [GC (Metadata GC Threshold) [PSYoungGen: 38576K->7539K(163840K)] 38794K->7765K(338944K), 0.0149234 secs] [Times: user=0.07 sys=0.14, real=0.02 secs] 
2022-04-14T17:46:48.663+0800: 1.243: [Full GC (Metadata GC Threshold) [PSYoungGen: 7539K->0K(163840K)] [ParOldGen: 226K->7241K(175104K)] 7765K->7241K(338944K), [Metaspace: 20380K->20380K(1067008K)], 0.0339730 secs] [Times: user=0.23 sys=0.10, real=0.03 secs] 
2022-04-14T17:46:48.994+0800: 1.574: [GC (Allocation Failure) [PSYoungGen: 153088K->10734K(163840K)] 160413K->22118K(338944K), 0.0215572 secs] [Times: user=0.07 sys=0.15, real=0.02 secs] 
2022-04-14T17:46:49.341+0800: 1.920: [GC (Allocation Failure) [PSYoungGen: 163822K->10742K(145408K)] 175206K->30546K(320512K), 0.0127463 secs] [Times: user=0.10 sys=0.04, real=0.01 secs] 
2022-04-14T17:46:49.820+0800: 2.399: [GC (Allocation Failure) [PSYoungGen: 145398K->15792K(150528K)] 165202K->35603K(325632K), 0.0105292 secs] [Times: user=0.13 sys=0.00, real=0.01 secs] 
2022-04-14T17:46:50.045+0800: 2.624: [GC (Metadata GC Threshold) [PSYoungGen: 60406K->12909K(153600K)] 80217K->32729K(328704K), 0.0153162 secs] [Times: user=0.23 sys=0.00, real=0.02 secs] 
2022-04-14T17:46:50.060+0800: 2.639: [Full GC (Metadata GC Threshold) [PSYoungGen: 12909K->0K(153600K)] [ParOldGen: 19819K->18365K(175104K)] 32729K->18365K(328704K), [Metaspace: 34043K->34043K(1079296K)], 0.0464870 secs] [Times: user=0.48 sys=0.00, real=0.04 secs] 
2022-04-14T17:46:50.879+0800: 3.458: [GC (Allocation Failure) [PSYoungGen: 132096K->10016K(142336K)] 150461K->28389K(317440K), 0.0063036 secs] [Times: user=0.07 sys=0.00, real=0.00 secs] 
2022-04-14T17:46:51.746+0800: 4.325: [GC (Allocation Failure) [PSYoungGen: 142112K->14252K(151552K)] 160485K->32634K(326656K), 0.0096892 secs] [Times: user=0.10 sys=0.01, real=0.01 secs] 
2022-04-14T17:46:52.215+0800: 4.794: [GC (Allocation Failure) [PSYoungGen: 145836K->5104K(152064K)] 164218K->32426K(327168K), 0.0182362 secs] [Times: user=0.14 sys=0.11, real=0.02 secs] 
2022-04-14T17:46:52.663+0800: 5.242: [GC (Allocation Failure) [PSYoungGen: 136688K->4904K(154112K)] 164010K->35525K(329216K), 0.0106740 secs] [Times: user=0.10 sys=0.02, real=0.01 secs] 
2022-04-14T17:46:52.916+0800: 5.496: [GC (Metadata GC Threshold) [PSYoungGen: 69634K->3886K(137728K)] 100256K->38033K(312832K), 0.0107998 secs] [Times: user=0.08 sys=0.04, real=0.01 secs] 
2022-04-14T17:46:52.927+0800: 5.506: [Full GC (Metadata GC Threshold) [PSYoungGen: 3886K->0K(137728K)] [ParOldGen: 34147K->35407K(199168K)] 38033K->35407K(336896K), [Metaspace: 56947K->56947K(1101824K)], 0.2564788 secs] [Times: user=2.92 sys=0.01, real=0.26 secs] 
2022-04-14T17:46:53.699+0800: 6.279: [GC (GCLocker Initiated GC) [PSYoungGen: 133632K->10016K(154624K)] 169040K->45432K(353792K), 0.0080348 secs] [Times: user=0.07 sys=0.00, real=0.00 secs] 
2022-04-14T17:46:54.043+0800: 6.622: [GC (Allocation Failure) [PSYoungGen: 143648K->12498K(153600K)] 179159K->48017K(352768K), 0.0091780 secs] [Times: user=0.07 sys=0.00, real=0.01 secs] 
2022-04-14T17:46:54.733+0800: 7.312: [GC (Allocation Failure) [PSYoungGen: 146130K->13358K(153600K)] 181649K->48885K(352768K), 0.0090621 secs] [Times: user=0.13 sys=0.00, real=0.01 secs] 
2022-04-14T17:46:55.016+0800: 7.595: [GC (Allocation Failure) [PSYoungGen: 146990K->15170K(153600K)] 182517K->50705K(352768K), 0.0108718 secs] [Times: user=0.13 sys=0.00, real=0.01 secs] 
2022-04-14T17:46:55.481+0800: 8.060: [GC (Allocation Failure) [PSYoungGen: 148802K->19643K(149504K)] 184337K->55186K(348672K), 0.0104642 secs] [Times: user=0.14 sys=0.00, real=0.01 secs] 
2022-04-14T17:46:56.143+0800: 8.722: [GC (Allocation Failure) [PSYoungGen: 148155K->23022K(151552K)] 183698K->58769K(350720K), 0.0132622 secs] [Times: user=0.15 sys=0.00, real=0.01 secs] 
2022-04-14T17:47:09.763+0800: 22.342: [GC (Allocation Failure) [PSYoungGen: 151534K->22931K(140288K)] 187281K->65589K(339456K), 0.0221885 secs] [Times: user=0.19 sys=0.05, real=0.02 secs] 
2022-04-14T17:50:32.559+0800: 225.138: [GC (Allocation Failure) [PSYoungGen: 140179K->20259K(137728K)] 182837K->62926K(336896K), 0.0155741 secs] [Times: user=0.15 sys=0.00, real=0.02 secs] 
2022-04-14T17:53:57.335+0800: 429.915: [GC (Allocation Failure) [PSYoungGen: 137507K->21012K(142848K)] 180174K->63686K(342016K), 0.0185864 secs] [Times: user=0.19 sys=0.00, real=0.02 secs] 
2022-04-14T17:57:34.990+0800: 647.569: [GC (Allocation Failure) [PSYoungGen: 134164K->20448K(131584K)] 176838K->63130K(330752K), 0.0157979 secs] [Times: user=0.15 sys=0.00, real=0.01 secs] 
2022-04-14T18:01:08.993+0800: 861.572: [GC (Allocation Failure) [PSYoungGen: 131552K->19667K(138240K)] 174234K->62358K(337408K), 0.0163105 secs] [Times: user=0.16 sys=0.00, real=0.02 secs] 
2022-04-14T18:04:32.786+0800: 1065.365: [GC (Allocation Failure) [PSYoungGen: 128723K->19808K(126976K)] 171414K->62506K(326144K), 0.0167820 secs] [Times: user=0.16 sys=0.01, real=0.02 secs] 
2022-04-14T18:07:56.771+0800: 1269.350: [GC (Allocation Failure) [PSYoungGen: 126816K->19760K(133632K)] 169514K->62466K(332800K), 0.0170859 secs] [Times: user=0.18 sys=0.00, real=0.01 secs] 
2022-04-14T18:11:18.777+0800: 1471.357: [GC (Allocation Failure) [PSYoungGen: 124720K->20000K(123392K)] 167426K->62714K(322560K), 0.0163900 secs] [Times: user=0.16 sys=0.00, real=0.02 secs] 
2022-04-14T18:18:43.943+0800: 1916.523: [GC (Allocation Failure) [PSYoungGen: 122912K->20067K(128512K)] 165626K->62790K(327680K), 0.0147746 secs] [Times: user=0.15 sys=0.00, real=0.01 secs] 
2022-04-14T18:28:03.060+0800: 2475.639: [GC (Allocation Failure) [PSYoungGen: 120931K->20131K(119808K)] 163654K->62862K(318976K), 0.0191984 secs] [Times: user=0.19 sys=0.01, real=0.01 secs] 
2022-04-14T18:37:16.260+0800: 3028.839: [GC (Allocation Failure) [PSYoungGen: 119459K->19859K(125440K)] 162190K->62598K(324608K), 0.0186635 secs] [Times: user=0.20 sys=0.00, real=0.01 secs] 
2022-04-14T18:46:27.563+0800: 3580.142: [GC (Allocation Failure) [PSYoungGen: 117651K->16435K(113152K)] 160390K->62559K(312320K), 0.0208027 secs] [Times: user=0.20 sys=0.05, real=0.02 secs] 
2022-04-14T18:55:14.460+0800: 4107.039: [GC (Allocation Failure) [PSYoungGen: 112691K->13411K(121856K)] 158815K->62773K(321024K), 0.0172616 secs] [Times: user=0.14 sys=0.04, real=0.01 secs] 
2022-04-14T19:01:45.706+0800: 4498.285: [GC (Allocation Failure) [PSYoungGen: 108131K->10960K(104448K)] 157493K->63374K(303616K), 0.0147498 secs] [Times: user=0.12 sys=0.01, real=0.02 secs] 
2022-04-14T19:07:53.062+0800: 4865.641: [GC (Allocation Failure) [PSYoungGen: 104144K->7488K(118784K)] 156558K->63584K(317952K), 0.0159993 secs] [Times: user=0.11 sys=0.05, real=0.01 secs] 
2022-04-14T19:10:52.062+0800: 5044.641: [GC (Allocation Failure) [PSYoungGen: 99136K->2272K(92672K)] 155232K->63556K(291840K), 0.0117826 secs] [Times: user=0.06 sys=0.06, real=0.01 secs] 
2022-04-14T19:13:46.065+0800: 5218.644: [GC (Allocation Failure) [PSYoungGen: 92384K->1920K(117760K)] 153668K->63728K(316928K), 0.0066641 secs] [Times: user=0.05 sys=0.00, real=0.01 secs] 
2022-04-14T19:21:41.099+0800: 5693.679: [GC (Allocation Failure) [PSYoungGen: 90496K->1664K(89088K)] 152304K->63696K(288256K), 0.0059405 secs] [Times: user=0.04 sys=0.00, real=0.00 secs] 
2022-04-14T19:29:48.214+0800: 6180.793: [GC (Allocation Failure) [PSYoungGen: 88704K->1632K(114688K)] 150736K->63768K(313856K), 0.0062165 secs] [Times: user=0.03 sys=0.01, real=0.01 secs] 
2022-04-14T19:37:50.364+0800: 6662.943: [GC (Allocation Failure) [PSYoungGen: 87136K->1344K(86016K)] 149272K->63560K(285184K), 0.0061967 secs] [Times: user=0.04 sys=0.00, real=0.01 secs] 
2022-04-14T19:45:49.323+0800: 7141.902: [GC (Allocation Failure) [PSYoungGen: 85824K->1152K(111616K)] 148040K->63564K(310784K), 0.0058984 secs] [Times: user=0.03 sys=0.00, real=0.00 secs] 
2022-04-14T19:53:40.461+0800: 7613.041: [GC (Allocation Failure) [PSYoungGen: 84608K->1152K(83968K)] 147020K->63676K(283136K), 0.0060158 secs] [Times: user=0.03 sys=0.00, real=0.00 secs] 
2022-04-14T20:01:09.819+0800: 8062.398: [GC (Allocation Failure) [PSYoungGen: 83584K->1344K(107520K)] 146108K->64232K(306688K), 0.0054253 secs] [Times: user=0.04 sys=0.00, real=0.00 secs] 
2022-04-14T20:07:26.972+0800: 8439.551: [GC (Allocation Failure) [PSYoungGen: 82752K->1424K(81920K)] 145640K->64476K(281088K), 0.0059062 secs] [Times: user=0.04 sys=0.00, real=0.00 secs] 
2022-04-14T20:14:59.617+0800: 8892.196: [GC (Allocation Failure) [PSYoungGen: 81808K->1376K(103424K)] 144860K->64516K(302592K), 0.0059719 secs] [Times: user=0.03 sys=0.01, real=0.01 secs] 
2022-04-14T20:22:27.960+0800: 9340.539: [GC (Allocation Failure) [PSYoungGen: 80736K->912K(79360K)] 143876K->64084K(278528K), 0.0055856 secs] [Times: user=0.02 sys=0.00, real=0.00 secs] 
2022-04-14T20:26:42.203+0800: 9594.782: [GC (Allocation Failure) [PSYoungGen: 79248K->1488K(99328K)] 142420K->64724K(298496K), 0.0056998 secs] [Times: user=0.03 sys=0.00, real=0.00 secs] 
2022-04-14T20:29:28.488+0800: 9761.067: [GC (Allocation Failure) [PSYoungGen: 78800K->1472K(77824K)] 142036K->64828K(276992K), 0.0059392 secs] [Times: user=0.04 sys=0.00, real=0.01 secs] 
2022-04-14T20:35:02.142+0800: 10094.721: [GC (Allocation Failure) [PSYoungGen: 77760K->1056K(95232K)] 141116K->65008K(294400K), 0.0059793 secs] [Times: user=0.03 sys=0.01, real=0.00 secs] 
2022-04-14T20:39:56.938+0800: 10389.517: [GC (Allocation Failure) [PSYoungGen: 76320K->1104K(75776K)] 140272K->65168K(274944K), 0.0056833 secs] [Times: user=0.03 sys=0.00, real=0.01 secs] 
2022-04-14T20:42:23.135+0800: 10535.715: [GC (Allocation Failure) [PSYoungGen: 75344K->1008K(90112K)] 139408K->65184K(289280K), 0.0058246 secs] [Times: user=0.04 sys=0.00, real=0.01 secs] 
2022-04-14T20:45:24.164+0800: 10716.743: [GC (Allocation Failure) [PSYoungGen: 74224K->1072K(73728K)] 138400K->65288K(272896K), 0.0054149 secs] [Times: user=0.03 sys=0.01, real=0.01 secs] 
2022-04-14T20:52:12.466+0800: 11125.045: [GC (Allocation Failure) [PSYoungGen: 73264K->928K(86528K)] 137480K->65240K(285696K), 0.0058733 secs] [Times: user=0.03 sys=0.01, real=0.01 secs] 
2022-04-14T20:58:57.840+0800: 11530.419: [GC (Allocation Failure) [PSYoungGen: 72096K->688K(71168K)] 136408K->65016K(270336K), 0.0060300 secs] [Times: user=0.03 sys=0.00, real=0.00 secs] 
2022-04-14T21:01:31.274+0800: 11683.853: [GC (Allocation Failure) [PSYoungGen: 70832K->2246K(81920K)] 135160K->66614K(281088K), 0.0062374 secs] [Times: user=0.04 sys=0.00, real=0.01 secs] 
2022-04-14T21:03:47.273+0800: 11819.852: [GC (Allocation Failure) [PSYoungGen: 71366K->1872K(70144K)] 135734K->66288K(269312K), 0.0060563 secs] [Times: user=0.04 sys=0.01, real=0.00 secs] 
2022-04-14T21:06:01.276+0800: 11953.855: [GC (Allocation Failure) [PSYoungGen: 69968K->1936K(78336K)] 134384K->66392K(277504K), 0.0061654 secs] [Times: user=0.04 sys=0.01, real=0.01 secs] 
2022-04-14T21:08:14.100+0800: 12086.679: [GC (Allocation Failure) [PSYoungGen: 69008K->1728K(68608K)] 133464K->66392K(267776K), 0.0061176 secs] [Times: user=0.04 sys=0.00, real=0.00 secs] 
2022-04-14T21:10:25.148+0800: 12217.728: [GC (Allocation Failure) [PSYoungGen: 68288K->1584K(76288K)] 132952K->66352K(275456K), 0.0066264 secs] [Times: user=0.04 sys=0.00, real=0.01 secs] 
2022-04-14T21:12:35.154+0800: 12347.734: [GC (Allocation Failure) [PSYoungGen: 67632K->1584K(67584K)] 132400K->66400K(266752K), 0.0066488 secs] [Times: user=0.04 sys=0.01, real=0.01 secs] 
2022-04-14T21:14:44.148+0800: 12476.727: [GC (Allocation Failure) [PSYoungGen: 67120K->1536K(76800K)] 131936K->66352K(275968K), 0.0058283 secs] [Times: user=0.04 sys=0.01, real=0.01 secs] 
2022-04-14T21:16:55.146+0800: 12607.725: [GC (Allocation Failure) [PSYoungGen: 68096K->1456K(76800K)] 132912K->66519K(275968K), 0.0054463 secs] [Times: user=0.04 sys=0.00, real=0.01 secs] 
2022-04-14T21:20:12.654+0800: 12805.233: [GC (Allocation Failure) [PSYoungGen: 68016K->1392K(77824K)] 133079K->66591K(276992K), 0.0055435 secs] [Times: user=0.03 sys=0.00, real=0.01 secs] 
2022-04-14T21:26:40.954+0800: 13193.533: [GC (Allocation Failure) [PSYoungGen: 69488K->1312K(77312K)] 134687K->66567K(276480K), 0.0054309 secs] [Times: user=0.03 sys=0.00, real=0.01 secs] 
2022-04-14T21:33:07.840+0800: 13580.419: [GC (Allocation Failure) [PSYoungGen: 69408K->1104K(78848K)] 134663K->66479K(278016K), 0.0061632 secs] [Times: user=0.04 sys=0.01, real=0.00 secs] 
2022-04-14T21:39:46.867+0800: 13979.446: [GC (Allocation Failure) [PSYoungGen: 71248K->1072K(78336K)] 136623K->66495K(277504K), 0.0055040 secs] [Times: user=0.03 sys=0.00, real=0.01 secs] 
2022-04-14T21:46:24.133+0800: 14376.712: [GC (Allocation Failure) [PSYoungGen: 71216K->1120K(79360K)] 136639K->66559K(278528K), 0.0057695 secs] [Times: user=0.03 sys=0.00, real=0.00 secs] 
2022-04-14T21:53:12.303+0800: 14784.882: [GC (Allocation Failure) [PSYoungGen: 72800K->1104K(79360K)] 138239K->66551K(278528K), 0.0053176 secs] [Times: user=0.03 sys=0.00, real=0.00 secs] 
2022-04-14T22:00:00.137+0800: 15192.717: [GC (Allocation Failure) [PSYoungGen: 72784K->1072K(80384K)] 138231K->66527K(279552K), 0.0054944 secs] [Times: user=0.04 sys=0.00, real=0.01 secs] 
2022-04-14T22:06:56.335+0800: 15608.914: [GC (Allocation Failure) [PSYoungGen: 74288K->448K(79872K)] 139743K->66720K(279040K), 0.0063215 secs] [Times: user=0.04 sys=0.01, real=0.01 secs] 
2022-04-14T22:13:49.508+0800: 16022.087: [GC (Allocation Failure) [PSYoungGen: 73664K->512K(80896K)] 139936K->66808K(280064K), 0.0050371 secs] [Times: user=0.03 sys=0.01, real=0.01 secs] 
2022-04-14T22:20:54.460+0800: 16447.039: [GC (Allocation Failure) [PSYoungGen: 75264K->448K(80896K)] 141560K->66792K(280064K), 0.0057558 secs] [Times: user=0.04 sys=0.00, real=0.00 secs] 
2022-04-14T22:27:59.817+0800: 16872.396: [GC (Allocation Failure) [PSYoungGen: 75200K->448K(81408K)] 141544K->66792K(280576K), 0.0059306 secs] [Times: user=0.04 sys=0.01, real=0.01 secs] 
2022-04-14T22:35:09.817+0800: 17302.396: [GC (Allocation Failure) [PSYoungGen: 76224K->352K(81408K)] 142568K->66728K(280576K), 0.0053895 secs] [Times: user=0.03 sys=0.00, real=0.01 secs] 
2022-04-14T22:42:19.574+0800: 17732.154: [GC (Allocation Failure) [PSYoungGen: 76128K->416K(81920K)] 142504K->66824K(281088K), 0.0050176 secs] [Times: user=0.03 sys=0.00, real=0.01 secs] 
2022-04-14T22:49:34.548+0800: 18167.127: [GC (Allocation Failure) [PSYoungGen: 77216K->480K(81920K)] 143624K->66896K(281088K), 0.0051783 secs] [Times: user=0.03 sys=0.00, real=0.01 secs] 
2022-04-14T22:56:51.540+0800: 18604.119: [GC (Allocation Failure) [PSYoungGen: 77280K->384K(82432K)] 143696K->66864K(281600K), 0.0051789 secs] [Times: user=0.03 sys=0.00, real=0.00 secs] 
2022-04-14T23:04:00.071+0800: 19032.650: [GC (Allocation Failure) [PSYoungGen: 78208K->512K(82432K)] 144688K->67104K(281600K), 0.0048550 secs] [Times: user=0.03 sys=0.00, real=0.00 secs] 
2022-04-14T23:11:20.519+0800: 19473.099: [GC (Allocation Failure) [PSYoungGen: 78336K->448K(82944K)] 144928K->67040K(282112K), 0.0050732 secs] [Times: user=0.02 sys=0.01, real=0.00 secs] 
2022-04-14T23:18:47.160+0800: 19919.739: [GC (Allocation Failure) [PSYoungGen: 79296K->448K(82944K)] 145888K->67048K(282112K), 0.0050734 secs] [Times: user=0.02 sys=0.00, real=0.00 secs] 
2022-04-14T23:26:13.746+0800: 20366.326: [GC (Allocation Failure) [PSYoungGen: 79296K->448K(83456K)] 145896K->67048K(282624K), 0.0059400 secs] [Times: user=0.03 sys=0.00, real=0.01 secs] 
2022-04-14T23:33:42.520+0800: 20815.099: [GC (Allocation Failure) [PSYoungGen: 79808K->448K(82944K)] 146408K->67048K(282112K), 0.0052295 secs] [Times: user=0.03 sys=0.00, real=0.00 secs] 
2022-04-14T23:41:12.300+0800: 21264.879: [GC (Allocation Failure) [PSYoungGen: 79808K->448K(83968K)] 146408K->67056K(283136K), 0.0056459 secs] [Times: user=0.03 sys=0.00, real=0.00 secs] 
2022-04-14T23:48:48.626+0800: 21721.206: [GC (Allocation Failure) [PSYoungGen: 80832K->384K(83456K)] 147440K->66992K(282624K), 0.0051529 secs] [Times: user=0.02 sys=0.00, real=0.01 secs] 
2022-04-14T23:56:24.563+0800: 22177.142: [GC (Allocation Failure) [PSYoungGen: 80768K->384K(83968K)] 147376K->67024K(283136K), 0.0052991 secs] [Times: user=0.03 sys=0.00, real=0.00 secs] 
2022-04-15T00:03:40.260+0800: 22612.839: [GC (Allocation Failure) [PSYoungGen: 81280K->480K(83968K)] 147920K->67192K(283136K), 0.0050027 secs] [Times: user=0.03 sys=0.00, real=0.00 secs] 
2022-04-15T00:11:19.758+0800: 23072.337: [GC (Allocation Failure) [PSYoungGen: 81376K->416K(84480K)] 148088K->67136K(283648K), 0.0051439 secs] [Times: user=0.03 sys=0.00, real=0.01 secs] 
2022-04-15T00:19:05.520+0800: 23538.099: [GC (Allocation Failure) [PSYoungGen: 82336K->416K(84480K)] 149056K->67136K(283648K), 0.0049204 secs] [Times: user=0.02 sys=0.00, real=0.00 secs] 
2022-04-15T00:26:50.148+0800: 24002.727: [GC (Allocation Failure) [PSYoungGen: 82336K->384K(84480K)] 149056K->67104K(283648K), 0.0049006 secs] [Times: user=0.03 sys=0.00, real=0.01 secs] 
2022-04-15T00:34:34.918+0800: 24467.497: [GC (Allocation Failure) [PSYoungGen: 82304K->448K(84480K)] 149024K->67168K(283648K), 0.0053182 secs] [Times: user=0.03 sys=0.01, real=0.01 secs] 
2022-04-15T00:42:19.660+0800: 24932.239: [GC (Allocation Failure) [PSYoungGen: 82368K->448K(84992K)] 149088K->67208K(284160K), 0.0050686 secs] [Times: user=0.02 sys=0.00, real=0.00 secs] 
2022-04-15T00:50:10.765+0800: 25403.345: [GC (Allocation Failure) [PSYoungGen: 83392K->480K(84992K)] 150152K->67240K(284160K), 0.0052973 secs] [Times: user=0.03 sys=0.01, real=0.01 secs] 
2022-04-15T00:58:02.007+0800: 25874.586: [GC (Allocation Failure) [PSYoungGen: 83424K->480K(84992K)] 150184K->67352K(284160K), 0.0052464 secs] [Times: user=0.03 sys=0.00, real=0.01 secs] 
2022-04-15T01:05:54.970+0800: 26347.549: [GC (Allocation Failure) [PSYoungGen: 83424K->320K(84992K)] 150296K->67200K(284160K), 0.0052426 secs] [Times: user=0.03 sys=0.00, real=0.00 secs] 
2022-04-15T01:13:46.208+0800: 26818.787: [GC (Allocation Failure) [PSYoungGen: 83264K->448K(85504K)] 150144K->67376K(284672K), 0.0050572 secs] [Times: user=0.03 sys=0.00, real=0.01 secs] 
2022-04-15T01:21:40.946+0800: 27293.525: [GC (Allocation Failure) [PSYoungGen: 83904K->480K(84992K)] 150832K->67408K(284160K), 0.0052901 secs] [Times: user=0.03 sys=0.01, real=0.01 secs] 
2022-04-15T01:29:35.999+0800: 27768.579: [GC (Allocation Failure) [PSYoungGen: 83936K->384K(85504K)] 150864K->67312K(284672K), 0.0051639 secs] [Times: user=0.02 sys=0.01, real=0.00 secs] 
2022-04-15T01:37:31.758+0800: 28244.337: [GC (Allocation Failure) [PSYoungGen: 84352K->496K(85504K)] 151280K->67424K(284672K), 0.0054173 secs] [Times: user=0.03 sys=0.00, real=0.01 secs] 
2022-04-15T01:45:28.740+0800: 28721.319: [GC (Allocation Failure) [PSYoungGen: 84464K->448K(85504K)] 151392K->67400K(284672K), 0.0051702 secs] [Times: user=0.03 sys=0.00, real=0.00 secs] 
2022-04-15T01:53:24.840+0800: 29197.419: [GC (Allocation Failure) [PSYoungGen: 84416K->448K(85504K)] 151368K->67400K(284672K), 0.0050652 secs] [Times: user=0.02 sys=0.01, real=0.00 secs] 
2022-04-15T02:01:21.881+0800: 29674.460: [GC (Allocation Failure) [PSYoungGen: 84416K->400K(85504K)] 151368K->67464K(284672K), 0.0053674 secs] [Times: user=0.03 sys=0.00, real=0.00 secs] 
2022-04-15T02:09:21.000+0800: 30153.579: [GC (Allocation Failure) [PSYoungGen: 84368K->384K(85504K)] 151432K->67480K(284672K), 0.0049936 secs] [Times: user=0.03 sys=0.00, real=0.00 secs] 
2022-04-15T02:17:18.421+0800: 30631.000: [GC (Allocation Failure) [PSYoungGen: 84352K->480K(86016K)] 151448K->67584K(285184K), 0.0052094 secs] [Times: user=0.02 sys=0.00, real=0.00 secs] 
2022-04-15T02:25:22.931+0800: 31115.510: [GC (Allocation Failure) [PSYoungGen: 85472K->416K(86016K)] 152576K->67528K(285184K), 0.0048931 secs] [Times: user=0.03 sys=0.00, real=0.00 secs] 
2022-04-15T02:33:25.799+0800: 31598.379: [GC (Allocation Failure) [PSYoungGen: 85408K->480K(86016K)] 152520K->67592K(285184K), 0.0052580 secs] [Times: user=0.03 sys=0.01, real=0.00 secs] 
2022-04-15T02:41:28.800+0800: 32081.379: [GC (Allocation Failure) [PSYoungGen: 85472K->240K(86016K)] 152584K->67352K(285184K), 0.0061864 secs] [Times: user=0.03 sys=0.01, real=0.00 secs] 
2022-04-15T02:49:31.440+0800: 32564.019: [GC (Allocation Failure) [PSYoungGen: 85232K->480K(86016K)] 152344K->67608K(285184K), 0.0054237 secs] [Times: user=0.03 sys=0.00, real=0.00 secs] 
2022-04-15T02:57:34.440+0800: 33047.019: [GC (Allocation Failure) [PSYoungGen: 85472K->400K(86016K)] 152600K->67528K(285184K), 0.0058851 secs] [Times: user=0.03 sys=0.00, real=0.00 secs] 
2022-04-15T03:05:37.560+0800: 33530.139: [GC (Allocation Failure) [PSYoungGen: 85392K->448K(86016K)] 152520K->67576K(285184K), 0.0062666 secs] [Times: user=0.03 sys=0.01, real=0.00 secs] 
2022-04-15T03:13:41.885+0800: 34014.464: [GC (Allocation Failure) [PSYoungGen: 85440K->432K(86016K)] 152568K->67560K(285184K), 0.0051628 secs] [Times: user=0.03 sys=0.00, real=0.01 secs] 
2022-04-15T03:21:46.573+0800: 34499.152: [GC (Allocation Failure) [PSYoungGen: 85424K->176K(86016K)] 152552K->67320K(285184K), 0.0050010 secs] [Times: user=0.03 sys=0.00, real=0.00 secs] 
2022-04-15T03:29:49.559+0800: 34982.139: [GC (Allocation Failure) [PSYoungGen: 85168K->480K(86016K)] 152312K->67624K(285184K), 0.0055183 secs] [Times: user=0.03 sys=0.01, real=0.00 secs] 
2022-04-15T03:37:52.758+0800: 35465.337: [GC (Allocation Failure) [PSYoungGen: 85472K->160K(86016K)] 152616K->67408K(285184K), 0.0057362 secs] [Times: user=0.02 sys=0.01, real=0.01 secs] 
2022-04-15T03:45:55.452+0800: 35948.032: [GC (Allocation Failure) [PSYoungGen: 85152K->288K(86016K)] 152400K->67536K(285184K), 0.0049708 secs] [Times: user=0.02 sys=0.01, real=0.00 secs] 
2022-04-15T03:53:57.892+0800: 36430.471: [GC (Allocation Failure) [PSYoungGen: 85280K->416K(86016K)] 152528K->67664K(285184K), 0.0050414 secs] [Times: user=0.03 sys=0.01, real=0.00 secs] 
2022-04-15T04:01:59.758+0800: 36912.337: [GC (Allocation Failure) [PSYoungGen: 85408K->384K(86016K)] 152656K->67632K(285184K), 0.0050614 secs] [Times: user=0.03 sys=0.00, real=0.01 secs] 
2022-04-15T04:10:02.639+0800: 37395.219: [GC (Allocation Failure) [PSYoungGen: 85376K->320K(86016K)] 152624K->67568K(285184K), 0.0050501 secs] [Times: user=0.02 sys=0.00, real=0.00 secs] 
2022-04-15T04:18:04.800+0800: 37877.379: [GC (Allocation Failure) [PSYoungGen: 85312K->384K(86016K)] 152560K->67656K(285184K), 0.0051063 secs] [Times: user=0.03 sys=0.01, real=0.00 secs] 
2022-04-15T04:26:09.597+0800: 38362.177: [GC (Allocation Failure) [PSYoungGen: 85376K->288K(86016K)] 152648K->67568K(285184K), 0.0052334 secs] [Times: user=0.03 sys=0.00, real=0.01 secs] 
2022-04-15T04:34:12.759+0800: 38845.338: [GC (Allocation Failure) [PSYoungGen: 85280K->352K(86016K)] 152560K->67632K(285184K), 0.0049269 secs] [Times: user=0.02 sys=0.00, real=0.01 secs] 
2022-04-15T04:42:15.617+0800: 39328.197: [GC (Allocation Failure) [PSYoungGen: 85344K->352K(86016K)] 152624K->67656K(285184K), 0.0052428 secs] [Times: user=0.02 sys=0.00, real=0.01 secs] 
2022-04-15T04:50:20.253+0800: 39812.832: [GC (Allocation Failure) [PSYoungGen: 85344K->320K(86016K)] 152648K->67624K(285184K), 0.0053647 secs] [Times: user=0.02 sys=0.00, real=0.00 secs] 
2022-04-15T04:58:24.840+0800: 40297.419: [GC (Allocation Failure) [PSYoungGen: 85312K->320K(86016K)] 152616K->67624K(285184K), 0.0053552 secs] [Times: user=0.02 sys=0.01, real=0.00 secs] 
2022-04-15T05:06:27.840+0800: 40780.419: [GC (Allocation Failure) [PSYoungGen: 85312K->320K(86016K)] 152616K->67632K(285184K), 0.0051001 secs] [Times: user=0.02 sys=0.01, real=0.00 secs] 
2022-04-15T05:14:30.985+0800: 41263.564: [GC (Allocation Failure) [PSYoungGen: 85312K->288K(86016K)] 152624K->67600K(285184K), 0.0052808 secs] [Times: user=0.02 sys=0.01, real=0.01 secs] 
2022-04-15T05:22:36.761+0800: 41749.340: [GC (Allocation Failure) [PSYoungGen: 85280K->352K(86016K)] 152592K->67664K(285184K), 0.0057524 secs] [Times: user=0.02 sys=0.01, real=0.00 secs] 
2022-04-15T05:30:42.730+0800: 42235.309: [GC (Allocation Failure) [PSYoungGen: 85344K->320K(86528K)] 152656K->67632K(285696K), 0.0051077 secs] [Times: user=0.03 sys=0.00, real=0.00 secs] 
2022-04-15T05:38:45.782+0800: 42718.361: [GC (Allocation Failure) [PSYoungGen: 85824K->352K(86016K)] 153136K->67664K(285184K), 0.0050532 secs] [Times: user=0.03 sys=0.00, real=0.00 secs] 
2022-04-15T05:46:52.493+0800: 43205.072: [GC (Allocation Failure) [PSYoungGen: 85856K->416K(86528K)] 153168K->67736K(285696K), 0.0052959 secs] [Times: user=0.03 sys=0.00, real=0.00 secs] 
2022-04-15T05:55:03.480+0800: 43696.059: [GC (Allocation Failure) [PSYoungGen: 86432K->496K(86528K)] 153752K->67816K(285696K), 0.0053351 secs] [Times: user=0.02 sys=0.00, real=0.00 secs] 
2022-04-15T06:03:12.861+0800: 44185.440: [GC (Allocation Failure) [PSYoungGen: 86512K->368K(85504K)] 153832K->67688K(284672K), 0.0056750 secs] [Times: user=0.03 sys=0.00, real=0.00 secs] 
2022-04-15T06:11:15.889+0800: 44668.468: [GC (Allocation Failure) [PSYoungGen: 85360K->384K(86016K)] 152680K->67704K(285184K), 0.0055773 secs] [Times: user=0.04 sys=0.00, real=0.01 secs] 
2022-04-15T06:19:17.040+0800: 45149.619: [GC (Allocation Failure) [PSYoungGen: 85376K->192K(86016K)] 152696K->67512K(285184K), 0.0056044 secs] [Times: user=0.03 sys=0.00, real=0.00 secs] 
2022-04-15T06:27:20.520+0800: 45633.099: [GC (Allocation Failure) [PSYoungGen: 85184K->144K(86016K)] 152504K->67464K(285184K), 0.0066339 secs] [Times: user=0.01 sys=0.01, real=0.00 secs] 
2022-04-15T06:35:23.280+0800: 46115.859: [GC (Allocation Failure) [PSYoungGen: 85136K->416K(86016K)] 152456K->67736K(285184K), 0.0053530 secs] [Times: user=0.02 sys=0.01, real=0.00 secs] 
2022-04-15T06:43:25.379+0800: 46597.959: [GC (Allocation Failure) [PSYoungGen: 85408K->448K(86016K)] 152728K->67768K(285184K), 0.0051862 secs] [Times: user=0.02 sys=0.00, real=0.00 secs] 
2022-04-15T06:51:28.320+0800: 47080.899: [GC (Allocation Failure) [PSYoungGen: 85440K->512K(86016K)] 152760K->67832K(285184K), 0.0051468 secs] [Times: user=0.02 sys=0.00, real=0.00 secs] 
2022-04-15T06:59:31.039+0800: 47563.618: [GC (Allocation Failure) [PSYoungGen: 85504K->512K(86016K)] 152824K->67832K(285184K), 0.0050007 secs] [Times: user=0.03 sys=0.00, real=0.00 secs] 
2022-04-15T07:07:33.824+0800: 48046.403: [GC (Allocation Failure) [PSYoungGen: 85504K->336K(86016K)] 152824K->67664K(285184K), 0.0051744 secs] [Times: user=0.02 sys=0.00, real=0.01 secs] 
2022-04-15T07:15:37.118+0800: 48529.697: [GC (Allocation Failure) [PSYoungGen: 85328K->528K(86016K)] 152656K->67856K(285184K), 0.0051438 secs] [Times: user=0.03 sys=0.00, real=0.01 secs] 
2022-04-15T07:23:40.290+0800: 49012.869: [GC (Allocation Failure) [PSYoungGen: 85520K->432K(86016K)] 152848K->67760K(285184K), 0.0053190 secs] [Times: user=0.03 sys=0.00, real=0.00 secs] 
2022-04-15T07:31:45.204+0800: 49497.784: [GC (Allocation Failure) [PSYoungGen: 85424K->480K(86016K)] 152752K->67808K(285184K), 0.0050381 secs] [Times: user=0.02 sys=0.00, real=0.01 secs] 
2022-04-15T07:39:48.360+0800: 49980.939: [GC (Allocation Failure) [PSYoungGen: 85472K->416K(86016K)] 152800K->67752K(285184K), 0.0050349 secs] [Times: user=0.03 sys=0.00, real=0.00 secs] 
2022-04-15T07:47:51.494+0800: 50464.073: [GC (Allocation Failure) [PSYoungGen: 85408K->496K(86016K)] 152744K->67976K(285184K), 0.0054450 secs] [Times: user=0.03 sys=0.01, real=0.01 secs] 
2022-04-15T07:55:54.085+0800: 50946.664: [GC (Allocation Failure) [PSYoungGen: 85488K->496K(86016K)] 152968K->67976K(285184K), 0.0051980 secs] [Times: user=0.03 sys=0.00, real=0.01 secs] 
2022-04-15T08:03:56.251+0800: 51428.830: [GC (Allocation Failure) [PSYoungGen: 85488K->464K(86016K)] 152968K->67944K(285184K), 0.0053873 secs] [Times: user=0.04 sys=0.00, real=0.00 secs] 
2022-04-15T08:11:58.500+0800: 51911.079: [GC (Allocation Failure) [PSYoungGen: 85456K->480K(86016K)] 152936K->67960K(285184K), 0.0054633 secs] [Times: user=0.03 sys=0.00, real=0.00 secs] 
2022-04-15T08:20:01.302+0800: 52393.881: [GC (Allocation Failure) [PSYoungGen: 85472K->416K(86016K)] 152952K->67904K(285184K), 0.0038904 secs] [Times: user=0.03 sys=0.00, real=0.00 secs] 
2022-04-15T08:28:04.758+0800: 52877.337: [GC (Allocation Failure) [PSYoungGen: 85408K->416K(86016K)] 152896K->67904K(285184K), 0.0052329 secs] [Times: user=0.03 sys=0.00, real=0.01 secs] 
2022-04-15T08:36:09.120+0800: 53361.699: [GC (Allocation Failure) [PSYoungGen: 85408K->448K(86016K)] 152896K->67936K(285184K), 0.0049390 secs] [Times: user=0.03 sys=0.00, real=0.00 secs] 
2022-04-15T08:44:10.620+0800: 53843.199: [GC (Allocation Failure) [PSYoungGen: 85440K->384K(86016K)] 152928K->67888K(285184K), 0.0049212 secs] [Times: user=0.03 sys=0.01, real=0.00 secs] 
2022-04-15T08:52:13.019+0800: 54325.599: [GC (Allocation Failure) [PSYoungGen: 85376K->416K(86016K)] 152880K->68104K(285184K), 0.0066524 secs] [Times: user=0.03 sys=0.01, real=0.00 secs] 
2022-04-15T09:00:14.429+0800: 54807.008: [GC (Allocation Failure) [PSYoungGen: 85408K->352K(86016K)] 153096K->68040K(285184K), 0.0051428 secs] [Times: user=0.03 sys=0.00, real=0.01 secs] 
2022-04-15T09:08:17.758+0800: 55290.337: [GC (Allocation Failure) [PSYoungGen: 85344K->384K(86016K)] 153032K->68072K(285184K), 0.0066217 secs] [Times: user=0.04 sys=0.01, real=0.01 secs] 
2022-04-15T09:16:21.296+0800: 55773.875: [GC (Allocation Failure) [PSYoungGen: 85376K->384K(86016K)] 153064K->68072K(285184K), 0.0049334 secs] [Times: user=0.03 sys=0.00, real=0.01 secs] 
2022-04-15T09:24:24.559+0800: 56257.139: [GC (Allocation Failure) [PSYoungGen: 85376K->416K(86016K)] 153064K->68104K(285184K), 0.0053770 secs] [Times: user=0.03 sys=0.00, real=0.00 secs] 
2022-04-15T09:32:27.758+0800: 56740.337: [GC (Allocation Failure) [PSYoungGen: 85408K->448K(86016K)] 153096K->68136K(285184K), 0.0051073 secs] [Times: user=0.03 sys=0.00, real=0.01 secs] 
2022-04-15T09:39:51.180+0800: 57183.759: [GC (Allocation Failure) [PSYoungGen: 85440K->624K(86016K)] 153128K->68312K(285184K), 0.0055768 secs] [Times: user=0.03 sys=0.00, real=0.00 secs] 
2022-04-15T09:47:36.566+0800: 57649.146: [GC (Allocation Failure) [PSYoungGen: 85616K->608K(86016K)] 153304K->68304K(285184K), 0.0053644 secs] [Times: user=0.03 sys=0.01, real=0.01 secs] 
2022-04-15T10:01:39.174+0800: 58491.753: [GC (Allocation Failure) [PSYoungGen: 85600K->944K(86016K)] 153296K->68648K(285184K), 0.0053900 secs] [Times: user=0.03 sys=0.00, real=0.01 secs] 
2022-04-15T10:07:17.374+0800: 58829.953: [GC (Allocation Failure) [PSYoungGen: 85936K->880K(86016K)] 153640K->68592K(285184K), 0.0053436 secs] [Times: user=0.03 sys=0.00, real=0.00 secs] 
2022-04-15T10:14:55.619+0800: 59288.199: [GC (Allocation Failure) [PSYoungGen: 85872K->880K(86016K)] 153584K->68592K(285184K), 0.0052746 secs] [Times: user=0.03 sys=0.00, real=0.00 secs] 
2022-04-15T10:22:44.160+0800: 59756.739: [GC (Allocation Failure) [PSYoungGen: 85872K->912K(84992K)] 153584K->68624K(284160K), 0.0053236 secs] [Times: user=0.03 sys=0.00, real=0.00 secs] 
2022-04-15T10:27:39.503+0800: 60052.082: [GC (Allocation Failure) [PSYoungGen: 84880K->912K(85504K)] 152592K->68632K(284672K), 0.0053479 secs] [Times: user=0.03 sys=0.00, real=0.00 secs] 
2022-04-15T10:35:14.820+0800: 60507.399: [GC (Allocation Failure) [PSYoungGen: 84880K->976K(85504K)] 152600K->68704K(284672K), 0.0069208 secs] [Times: user=0.05 sys=0.00, real=0.00 secs] 
2022-04-15T10:43:09.300+0800: 60981.879: [GC (Allocation Failure) [PSYoungGen: 84944K->928K(85504K)] 152672K->68656K(284672K), 0.0057946 secs] [Times: user=0.03 sys=0.00, real=0.00 secs] 
2022-04-15T10:51:05.574+0800: 61458.154: [GC (Allocation Failure) [PSYoungGen: 84896K->768K(85504K)] 152624K->68512K(284672K), 0.0051816 secs] [Times: user=0.02 sys=0.00, real=0.01 secs] 
2022-04-15T10:58:57.758+0800: 61930.337: [GC (Allocation Failure) [PSYoungGen: 84736K->624K(85504K)] 152480K->68368K(284672K), 0.0054567 secs] [Times: user=0.03 sys=0.00, real=0.01 secs] 
2022-04-15T11:06:43.620+0800: 62396.199: [GC (Allocation Failure) [PSYoungGen: 84592K->816K(85504K)] 152336K->68576K(284672K), 0.0063861 secs] [Times: user=0.03 sys=0.01, real=0.00 secs] 
2022-04-15T11:14:24.680+0800: 62857.259: [GC (Allocation Failure) [PSYoungGen: 84784K->816K(85504K)] 152544K->68592K(284672K), 0.0058234 secs] [Times: user=0.03 sys=0.00, real=0.00 secs] 
2022-04-15T11:22:10.120+0800: 63322.699: [GC (Allocation Failure) [PSYoungGen: 84784K->864K(85504K)] 152560K->68776K(284672K), 0.0055532 secs] [Times: user=0.03 sys=0.00, real=0.00 secs] 
2022-04-15T11:30:02.487+0800: 63795.067: [GC (Allocation Failure) [PSYoungGen: 84832K->800K(85504K)] 152744K->68720K(284672K), 0.0054208 secs] [Times: user=0.03 sys=0.01, real=0.01 secs] 
2022-04-15T11:37:46.320+0800: 64258.899: [GC (Allocation Failure) [PSYoungGen: 84768K->864K(85504K)] 152688K->68848K(284672K), 0.0052339 secs] [Times: user=0.03 sys=0.00, real=0.00 secs] 
2022-04-15T11:45:33.563+0800: 64726.142: [GC (Allocation Failure) [PSYoungGen: 84832K->832K(85504K)] 152816K->68888K(284672K), 0.0051868 secs] [Times: user=0.03 sys=0.01, real=0.00 secs] 
2022-04-15T11:53:25.015+0800: 65197.594: [GC (Allocation Failure) [PSYoungGen: 84800K->624K(85504K)] 152856K->69036K(284672K), 0.0053349 secs] [Times: user=0.03 sys=0.00, real=0.01 secs] 
2022-04-15T12:01:11.189+0800: 65663.768: [GC (Allocation Failure) [PSYoungGen: 84592K->592K(85504K)] 153004K->69124K(284672K), 0.0052200 secs] [Times: user=0.03 sys=0.01, real=0.01 secs] 
2022-04-15T12:09:05.400+0800: 66137.979: [GC (Allocation Failure) [PSYoungGen: 84560K->496K(85504K)] 153092K->69148K(284672K), 0.0051597 secs] [Times: user=0.03 sys=0.01, real=0.00 secs] 
2022-04-15T12:17:01.770+0800: 66614.349: [GC (Allocation Failure) [PSYoungGen: 84464K->496K(85504K)] 153116K->69260K(284672K), 0.0056918 secs] [Times: user=0.03 sys=0.01, real=0.00 secs] 
2022-04-15T12:24:58.397+0800: 67090.976: [GC (Allocation Failure) [PSYoungGen: 84464K->448K(85504K)] 153228K->69300K(284672K), 0.0050377 secs] [Times: user=0.03 sys=0.00, real=0.01 secs] 
2022-04-15T12:32:53.295+0800: 67565.875: [GC (Allocation Failure) [PSYoungGen: 84416K->448K(85504K)] 153268K->69340K(284672K), 0.0061447 secs] [Times: user=0.03 sys=0.01, real=0.01 secs] 
2022-04-15T12:40:48.900+0800: 68041.479: [GC (Allocation Failure) [PSYoungGen: 84416K->336K(85504K)] 153308K->69228K(284672K), 0.0048281 secs] [Times: user=0.02 sys=0.00, real=0.00 secs] 
2022-04-15T12:48:44.340+0800: 68516.919: [GC (Allocation Failure) [PSYoungGen: 84304K->416K(85504K)] 153196K->69316K(284672K), 0.0050233 secs] [Times: user=0.03 sys=0.00, real=0.00 secs] 
2022-04-15T12:56:23.844+0800: 68976.423: [GC (Allocation Failure) [PSYoungGen: 84384K->496K(85504K)] 153284K->69404K(284672K), 0.0054635 secs] [Times: user=0.02 sys=0.00, real=0.00 secs] 
2022-04-15T13:04:20.649+0800: 69453.228: [GC (Allocation Failure) [PSYoungGen: 84464K->480K(85504K)] 153372K->69404K(284672K), 0.0056264 secs] [Times: user=0.03 sys=0.00, real=0.01 secs] 
2022-04-15T13:12:16.094+0800: 69928.673: [GC (Allocation Failure) [PSYoungGen: 84448K->448K(86016K)] 153372K->69436K(285184K), 0.0049595 secs] [Times: user=0.03 sys=0.00, real=0.00 secs] 
2022-04-15T13:20:11.099+0800: 70403.679: [GC (Allocation Failure) [PSYoungGen: 84928K->448K(85504K)] 153916K->69524K(284672K), 0.0051470 secs] [Times: user=0.02 sys=0.01, real=0.00 secs] 
2022-04-15T13:28:01.820+0800: 70874.400: [GC (Allocation Failure) [PSYoungGen: 84928K->560K(86016K)] 154004K->69716K(285184K), 0.0054643 secs] [Times: user=0.02 sys=0.00, real=0.00 secs] 
2022-04-15T13:35:49.758+0800: 71342.337: [GC (Allocation Failure) [PSYoungGen: 85552K->512K(86016K)] 154708K->69716K(285184K), 0.0059739 secs] [Times: user=0.03 sys=0.00, real=0.01 secs] 
2022-04-15T13:43:50.580+0800: 71823.159: [GC (Allocation Failure) [PSYoungGen: 85504K->496K(86016K)] 154708K->69708K(285184K), 0.0049369 secs] [Times: user=0.03 sys=0.00, real=0.00 secs] 
2022-04-15T13:51:46.259+0800: 72298.838: [GC (Allocation Failure) [PSYoungGen: 85488K->512K(86016K)] 154700K->69892K(285184K), 0.0049207 secs] [Times: user=0.02 sys=0.00, real=0.00 secs] 
2022-04-15T13:59:39.860+0800: 72772.439: [GC (Allocation Failure) [PSYoungGen: 85504K->576K(86016K)] 154884K->70004K(285184K), 0.0059195 secs] [Times: user=0.04 sys=0.00, real=0.00 secs] 
2022-04-15T14:07:38.040+0800: 73250.619: [GC (Allocation Failure) [PSYoungGen: 85568K->480K(86016K)] 154996K->69908K(285184K), 0.0053505 secs] [Times: user=0.02 sys=0.00, real=0.00 secs] 
2022-04-15T14:15:39.109+0800: 73731.688: [GC (Allocation Failure) [PSYoungGen: 85472K->416K(86016K)] 154900K->69844K(285184K), 0.0051577 secs] [Times: user=0.03 sys=0.00, real=0.00 secs] 
2022-04-15T14:23:40.229+0800: 74212.808: [GC (Allocation Failure) [PSYoungGen: 85408K->384K(86016K)] 154836K->69812K(285184K), 0.0051518 secs] [Times: user=0.03 sys=0.00, real=0.01 secs] 
2022-04-15T14:31:41.100+0800: 74693.680: [GC (Allocation Failure) [PSYoungGen: 85376K->480K(86016K)] 154804K->69908K(285184K), 0.0056591 secs] [Times: user=0.03 sys=0.01, real=0.00 secs] 
2022-04-15T14:39:42.691+0800: 75175.270: [GC (Allocation Failure) [PSYoungGen: 85472K->416K(86016K)] 154900K->69868K(285184K), 0.0056173 secs] [Times: user=0.04 sys=0.00, real=0.00 secs] 
2022-04-15T14:47:04.239+0800: 75616.818: [GC (Allocation Failure) [PSYoungGen: 85408K->736K(86016K)] 154860K->70188K(285184K), 0.0051518 secs] [Times: user=0.03 sys=0.00, real=0.01 secs] 
2022-04-15T14:49:52.241+0800: 75784.821: [GC (Allocation Failure) [PSYoungGen: 85728K->688K(86016K)] 155180K->70164K(285184K), 0.0050792 secs] [Times: user=0.02 sys=0.00, real=0.00 secs] 
2022-04-15T14:52:39.179+0800: 75951.759: [GC (Allocation Failure) [PSYoungGen: 85680K->688K(86016K)] 155156K->70164K(285184K), 0.0059132 secs] [Times: user=0.04 sys=0.00, real=0.00 secs] 
2022-04-15T14:53:49.569+0800: 76022.148: [GC (Allocation Failure) [PSYoungGen: 85680K->1008K(84992K)] 155156K->77004K(284160K), 0.0155818 secs] [Times: user=0.07 sys=0.11, real=0.01 secs] 
2022-04-15T14:55:40.527+0800: 76133.106: [GC (Allocation Failure) [PSYoungGen: 84976K->752K(85504K)] 160972K->76772K(284672K), 0.0052517 secs] [Times: user=0.03 sys=0.00, real=0.01 secs] 
2022-04-15T14:58:25.940+0800: 76298.520: [GC (Allocation Failure) [PSYoungGen: 83696K->784K(82944K)] 159716K->76812K(282112K), 0.0053525 secs] [Times: user=0.03 sys=0.01, real=0.00 secs] 
2022-04-15T15:01:05.417+0800: 76457.996: [GC (Allocation Failure) [PSYoungGen: 82704K->784K(82432K)] 158732K->76836K(281600K), 0.0054777 secs] [Times: user=0.03 sys=0.00, real=0.01 secs] 
2022-04-15T15:03:44.940+0800: 76617.519: [GC (Allocation Failure) [PSYoungGen: 81680K->752K(83968K)] 157732K->76804K(283136K), 0.0054835 secs] [Times: user=0.03 sys=0.01, real=0.00 secs] 
2022-04-15T15:06:22.940+0800: 76775.519: [GC (Allocation Failure) [PSYoungGen: 81648K->752K(83968K)] 157700K->76836K(283136K), 0.0054682 secs] [Times: user=0.03 sys=0.00, real=0.00 secs] 
2022-04-15T15:09:00.941+0800: 76933.520: [GC (Allocation Failure) [PSYoungGen: 81648K->816K(83968K)] 157732K->76900K(283136K), 0.0055509 secs] [Times: user=0.03 sys=0.01, real=0.00 secs] 
2022-04-15T15:11:41.691+0800: 77094.271: [GC (Allocation Failure) [PSYoungGen: 81712K->720K(84480K)] 157796K->76804K(283648K), 0.0058992 secs] [Times: user=0.03 sys=0.01, real=0.00 secs] 
2022-04-15T15:14:20.940+0800: 77253.519: [GC (Allocation Failure) [PSYoungGen: 82128K->784K(83968K)] 158212K->76868K(283136K), 0.0057319 secs] [Times: user=0.03 sys=0.00, real=0.00 secs] 
2022-04-15T15:17:01.940+0800: 77414.520: [GC (Allocation Failure) [PSYoungGen: 82192K->720K(84480K)] 158276K->76820K(283648K), 0.0051797 secs] [Times: user=0.02 sys=0.01, real=0.00 secs] 
2022-04-15T15:19:40.940+0800: 77573.520: [GC (Allocation Failure) [PSYoungGen: 82640K->752K(84480K)] 158740K->76852K(283648K), 0.0058350 secs] [Times: user=0.04 sys=0.00, real=0.00 secs] 
2022-04-15T15:22:21.941+0800: 77734.521: [GC (Allocation Failure) [PSYoungGen: 82672K->784K(84480K)] 158772K->76892K(283648K), 0.0053080 secs] [Times: user=0.03 sys=0.01, real=0.00 secs] 
2022-04-15T15:25:01.913+0800: 77894.492: [GC (Allocation Failure) [PSYoungGen: 82704K->512K(84480K)] 158812K->77016K(283648K), 0.0053169 secs] [Times: user=0.03 sys=0.01, real=0.00 secs] 
2022-04-15T15:27:41.942+0800: 78054.521: [GC (Allocation Failure) [PSYoungGen: 82432K->480K(84992K)] 158936K->77016K(284160K), 0.0053953 secs] [Times: user=0.02 sys=0.00, real=0.00 secs] 
2022-04-15T15:30:25.192+0800: 78217.771: [GC (Allocation Failure) [PSYoungGen: 82912K->480K(84480K)] 159448K->77048K(283648K), 0.0054574 secs] [Times: user=0.03 sys=0.00, real=0.00 secs] 
2022-04-15T15:33:09.000+0800: 78381.579: [GC (Allocation Failure) [PSYoungGen: 82912K->480K(84992K)] 159480K->77168K(284160K), 0.0050421 secs] [Times: user=0.03 sys=0.00, real=0.00 secs] 
2022-04-15T15:35:53.766+0800: 78546.345: [GC (Allocation Failure) [PSYoungGen: 83424K->480K(84992K)] 160112K->77216K(284160K), 0.0054969 secs] [Times: user=0.03 sys=0.00, real=0.01 secs] 
2022-04-15T15:42:35.380+0800: 78947.959: [GC (Allocation Failure) [PSYoungGen: 83424K->480K(84992K)] 160160K->77296K(284160K), 0.0053246 secs] [Times: user=0.03 sys=0.01, real=0.00 secs] 
2022-04-15T15:50:28.757+0800: 79421.336: [GC (Allocation Failure) [PSYoungGen: 83424K->512K(84992K)] 160240K->77368K(284160K), 0.0053465 secs] [Times: user=0.03 sys=0.00, real=0.01 secs] 
2022-04-15T15:58:19.599+0800: 79892.179: [GC (Allocation Failure) [PSYoungGen: 83456K->448K(84992K)] 160312K->77352K(284160K), 0.0052711 secs] [Times: user=0.02 sys=0.00, real=0.00 secs] 
2022-04-15T16:06:09.060+0800: 80361.639: [GC (Allocation Failure) [PSYoungGen: 83392K->416K(84992K)] 160296K->77336K(284160K), 0.0050048 secs] [Times: user=0.03 sys=0.00, real=0.00 secs] 
2022-04-15T16:13:56.880+0800: 80829.459: [GC (Allocation Failure) [PSYoungGen: 83360K->352K(85504K)] 160280K->77312K(284672K), 0.0056204 secs] [Times: user=0.04 sys=0.00, real=0.00 secs] 
2022-04-15T16:21:52.175+0800: 81304.754: [GC (Allocation Failure) [PSYoungGen: 83808K->448K(84992K)] 160768K->77432K(284160K), 0.0051777 secs] [Times: user=0.03 sys=0.00, real=0.01 secs] 
2022-04-15T16:29:44.819+0800: 81777.399: [GC (Allocation Failure) [PSYoungGen: 83904K->480K(85504K)] 160888K->77488K(284672K), 0.0051557 secs] [Times: user=0.03 sys=0.00, real=0.00 secs] 
2022-04-15T16:37:40.563+0800: 82253.142: [GC (Allocation Failure) [PSYoungGen: 84448K->480K(85504K)] 161456K->77544K(284672K), 0.0055446 secs] [Times: user=0.03 sys=0.00, real=0.00 secs] 
2022-04-15T16:45:37.017+0800: 82729.596: [GC (Allocation Failure) [PSYoungGen: 84448K->448K(85504K)] 161512K->77568K(284672K), 0.0049482 secs] [Times: user=0.03 sys=0.01, real=0.01 secs] 
2022-04-15T16:53:35.797+0800: 83208.377: [GC (Allocation Failure) [PSYoungGen: 84416K->448K(85504K)] 161536K->77600K(284672K), 0.0051158 secs] [Times: user=0.02 sys=0.01, real=0.01 secs] 
2022-04-15T17:01:31.831+0800: 83684.410: [GC (Allocation Failure) [PSYoungGen: 84416K->448K(85504K)] 161568K->77672K(284672K), 0.0053394 secs] [Times: user=0.03 sys=0.00, real=0.00 secs] 
2022-04-15T17:09:25.563+0800: 84158.142: [GC (Allocation Failure) [PSYoungGen: 84416K->416K(85504K)] 161640K->77688K(284672K), 0.0052809 secs] [Times: user=0.03 sys=0.00, real=0.00 secs] 
2022-04-15T17:17:21.920+0800: 84634.499: [GC (Allocation Failure) [PSYoungGen: 84384K->448K(85504K)] 161656K->77784K(284672K), 0.0050988 secs] [Times: user=0.03 sys=0.00, real=0.00 secs] 
2022-04-15T17:25:16.964+0800: 85109.543: [GC (Allocation Failure) [PSYoungGen: 84416K->352K(85504K)] 161752K->77688K(284672K), 0.0050991 secs] [Times: user=0.03 sys=0.00, real=0.01 secs] 
2022-04-15T17:33:13.015+0800: 85585.594: [GC (Allocation Failure) [PSYoungGen: 84320K->416K(86016K)] 161656K->77776K(285184K), 0.0060724 secs] [Times: user=0.03 sys=0.00, real=0.01 secs] 
2022-04-15T17:41:12.047+0800: 86064.626: [GC (Allocation Failure) [PSYoungGen: 84896K->384K(85504K)] 162256K->77848K(284672K), 0.0055534 secs] [Times: user=0.03 sys=0.00, real=0.01 secs] 
2022-04-15T17:49:11.280+0800: 86543.859: [GC (Allocation Failure) [PSYoungGen: 84864K->384K(86016K)] 162328K->77848K(285184K), 0.0054769 secs] [Times: user=0.03 sys=0.00, real=0.00 secs] 
2022-04-15T17:57:12.360+0800: 87024.939: [GC (Allocation Failure) [PSYoungGen: 85376K->352K(86016K)] 162840K->77816K(285184K), 0.0062275 secs] [Times: user=0.02 sys=0.01, real=0.00 secs] 
2022-04-15T18:05:15.769+0800: 87508.348: [GC (Allocation Failure) [PSYoungGen: 85344K->352K(86016K)] 162808K->77816K(285184K), 0.0052948 secs] [Times: user=0.03 sys=0.00, real=0.01 secs] 
2022-04-15T18:13:18.240+0800: 87990.819: [GC (Allocation Failure) [PSYoungGen: 85344K->288K(86016K)] 162808K->77752K(285184K), 0.0051640 secs] [Times: user=0.02 sys=0.01, real=0.00 secs] 
2022-04-15T18:21:18.840+0800: 88471.419: [GC (Allocation Failure) [PSYoungGen: 85280K->384K(86016K)] 162744K->77848K(285184K), 0.0053254 secs] [Times: user=0.02 sys=0.00, real=0.00 secs] 
2022-04-15T18:29:19.963+0800: 88952.542: [GC (Allocation Failure) [PSYoungGen: 85376K->352K(86016K)] 162840K->77816K(285184K), 0.0050410 secs] [Times: user=0.03 sys=0.00, real=0.00 secs] 
2022-04-15T18:37:21.840+0800: 89434.419: [GC (Allocation Failure) [PSYoungGen: 85344K->320K(86016K)] 162808K->77784K(285184K), 0.0052895 secs] [Times: user=0.03 sys=0.01, real=0.00 secs] 
2022-04-15T18:45:22.260+0800: 89914.839: [GC (Allocation Failure) [PSYoungGen: 85312K->256K(86016K)] 162776K->77720K(285184K), 0.0052025 secs] [Times: user=0.02 sys=0.01, real=0.00 secs] 
2022-04-15T18:53:24.719+0800: 90397.299: [GC (Allocation Failure) [PSYoungGen: 85248K->320K(86016K)] 162712K->77792K(285184K), 0.0051520 secs] [Times: user=0.02 sys=0.01, real=0.00 secs] 
2022-04-15T19:01:27.758+0800: 90880.337: [GC (Allocation Failure) [PSYoungGen: 85312K->320K(86016K)] 162784K->77792K(285184K), 0.0053165 secs] [Times: user=0.03 sys=0.00, real=0.01 secs] 
2022-04-15T19:09:28.866+0800: 91361.445: [GC (Allocation Failure) [PSYoungGen: 85312K->320K(86016K)] 162784K->77792K(285184K), 0.0050579 secs] [Times: user=0.03 sys=0.00, real=0.01 secs] 
2022-04-15T19:17:18.309+0800: 91830.888: [GC (Allocation Failure) [PSYoungGen: 85312K->480K(86016K)] 162784K->77952K(285184K), 0.0056047 secs] [Times: user=0.03 sys=0.00, real=0.01 secs] 
2022-04-15T19:23:29.954+0800: 92202.533: [GC (Allocation Failure) [PSYoungGen: 85472K->512K(86016K)] 162944K->77992K(285184K), 0.0053677 secs] [Times: user=0.03 sys=0.01, real=0.01 secs] 
2022-04-15T19:27:57.595+0800: 92470.175: [GC (Allocation Failure) [PSYoungGen: 85504K->416K(86016K)] 162984K->77896K(285184K), 0.0058472 secs] [Times: user=0.03 sys=0.01, real=0.01 secs] 
2022-04-15T19:32:24.883+0800: 92737.462: [GC (Allocation Failure) [PSYoungGen: 85408K->448K(86016K)] 162888K->77928K(285184K), 0.0054026 secs] [Times: user=0.03 sys=0.00, real=0.00 secs] 
2022-04-15T19:37:46.563+0800: 93059.142: [GC (Allocation Failure) [PSYoungGen: 85440K->448K(86016K)] 162920K->77944K(285184K), 0.0059468 secs] [Times: user=0.03 sys=0.01, real=0.00 secs] 
2022-04-15T19:45:36.673+0800: 93529.253: [GC (Allocation Failure) [PSYoungGen: 85440K->384K(86016K)] 162936K->77880K(285184K), 0.0060596 secs] [Times: user=0.04 sys=0.01, real=0.01 secs] 
2022-04-15T19:53:38.220+0800: 94010.799: [GC (Allocation Failure) [PSYoungGen: 85376K->384K(86016K)] 162872K->77880K(285184K), 0.0053104 secs] [Times: user=0.02 sys=0.01, real=0.00 secs] 
2022-04-15T20:01:33.600+0800: 94486.179: [GC (Allocation Failure) [PSYoungGen: 85376K->416K(86016K)] 162872K->77912K(285184K), 0.0051534 secs] [Times: user=0.02 sys=0.01, real=0.00 secs] 
2022-04-15T20:09:36.053+0800: 94968.632: [GC (Allocation Failure) [PSYoungGen: 85408K->480K(86016K)] 162904K->77976K(285184K), 0.0057324 secs] [Times: user=0.03 sys=0.00, real=0.00 secs] 
2022-04-15T20:17:37.020+0800: 95449.599: [GC (Allocation Failure) [PSYoungGen: 85472K->448K(86016K)] 162968K->77968K(285184K), 0.0054104 secs] [Times: user=0.02 sys=0.01, real=0.00 secs] 
2022-04-15T20:25:39.960+0800: 95932.539: [GC (Allocation Failure) [PSYoungGen: 85440K->304K(86016K)] 162960K->77824K(285184K), 0.0057345 secs] [Times: user=0.02 sys=0.00, real=0.00 secs] 
2022-04-15T20:29:36.265+0800: 96168.844: [GC (Allocation Failure) [PSYoungGen: 85296K->528K(86016K)] 162816K->78048K(285184K), 0.0052706 secs] [Times: user=0.03 sys=0.00, real=0.01 secs] 
2022-04-15T20:32:24.262+0800: 96336.841: [GC (Allocation Failure) [PSYoungGen: 85520K->496K(86016K)] 163040K->78024K(285184K), 0.0051004 secs] [Times: user=0.03 sys=0.00, real=0.00 secs] 
2022-04-15T20:37:51.128+0800: 96663.707: [GC (Allocation Failure) [PSYoungGen: 85488K->512K(86016K)] 163016K->78040K(285184K), 0.0049965 secs] [Times: user=0.03 sys=0.00, real=0.01 secs] 
2022-04-15T20:45:52.874+0800: 97145.453: [GC (Allocation Failure) [PSYoungGen: 85504K->480K(86016K)] 163032K->78008K(285184K), 0.0053926 secs] [Times: user=0.03 sys=0.00, real=0.01 secs] 
2022-04-15T20:53:53.411+0800: 97625.991: [GC (Allocation Failure) [PSYoungGen: 85472K->464K(86016K)] 163000K->78024K(285184K), 0.0051827 secs] [Times: user=0.02 sys=0.01, real=0.00 secs] 
2022-04-15T21:01:53.606+0800: 98106.185: [GC (Allocation Failure) [PSYoungGen: 85456K->432K(86016K)] 163016K->78032K(285184K), 0.0049958 secs] [Times: user=0.02 sys=0.00, real=0.01 secs] 
2022-04-15T21:09:53.639+0800: 98586.219: [GC (Allocation Failure) [PSYoungGen: 85424K->400K(86016K)] 163024K->78064K(285184K), 0.0054541 secs] [Times: user=0.02 sys=0.01, real=0.00 secs] 
2022-04-15T21:17:53.563+0800: 99066.142: [GC (Allocation Failure) [PSYoungGen: 85392K->320K(86016K)] 163056K->78000K(285184K), 0.0052983 secs] [Times: user=0.02 sys=0.00, real=0.00 secs] 
2022-04-15T21:25:54.657+0800: 99547.237: [GC (Allocation Failure) [PSYoungGen: 85312K->368K(86016K)] 162992K->78080K(285184K), 0.0053636 secs] [Times: user=0.02 sys=0.01, real=0.01 secs] 
2022-04-15T21:33:55.282+0800: 100027.861: [GC (Allocation Failure) [PSYoungGen: 85360K->416K(86016K)] 163072K->78136K(285184K), 0.0052179 secs] [Times: user=0.03 sys=0.00, real=0.00 secs] 
2022-04-15T21:41:57.837+0800: 100510.416: [GC (Allocation Failure) [PSYoungGen: 85408K->496K(86016K)] 163128K->78224K(285184K), 0.0053072 secs] [Times: user=0.03 sys=0.00, real=0.01 secs] 
2022-04-15T21:49:58.311+0800: 100990.890: [GC (Allocation Failure) [PSYoungGen: 85488K->512K(86016K)] 163216K->78256K(285184K), 0.0056984 secs] [Times: user=0.03 sys=0.00, real=0.00 secs] 
2022-04-15T21:57:58.356+0800: 101470.935: [GC (Allocation Failure) [PSYoungGen: 85504K->512K(86016K)] 163248K->78264K(285184K), 0.0086023 secs] [Times: user=0.06 sys=0.01, real=0.01 secs] 
2022-04-15T22:05:56.269+0800: 101948.848: [GC (Allocation Failure) [PSYoungGen: 85504K->448K(86016K)] 163256K->78216K(285184K), 0.0053206 secs] [Times: user=0.03 sys=0.00, real=0.01 secs] 
2022-04-15T22:13:57.085+0800: 102429.664: [GC (Allocation Failure) [PSYoungGen: 85440K->384K(86016K)] 163208K->78152K(285184K), 0.0052297 secs] [Times: user=0.02 sys=0.00, real=0.01 secs] 
2022-04-15T22:21:57.962+0800: 102910.542: [GC (Allocation Failure) [PSYoungGen: 85376K->384K(86016K)] 163144K->78264K(285184K), 0.0057313 secs] [Times: user=0.03 sys=0.00, real=0.00 secs] 
2022-04-15T22:29:59.036+0800: 103391.615: [GC (Allocation Failure) [PSYoungGen: 85376K->480K(86016K)] 163256K->78360K(285184K), 0.0048774 secs] [Times: user=0.02 sys=0.00, real=0.01 secs] 
2022-04-15T22:38:00.197+0800: 103872.776: [GC (Allocation Failure) [PSYoungGen: 85472K->416K(86016K)] 163352K->78400K(285184K), 0.0052005 secs] [Times: user=0.03 sys=0.00, real=0.01 secs] 
2022-04-15T22:46:02.527+0800: 104355.107: [GC (Allocation Failure) [PSYoungGen: 85408K->368K(86016K)] 163392K->78352K(285184K), 0.0051998 secs] [Times: user=0.03 sys=0.01, real=0.01 secs] 
2022-04-15T22:54:03.708+0800: 104836.287: [GC (Allocation Failure) [PSYoungGen: 85360K->448K(86016K)] 163344K->78432K(285184K), 0.0051015 secs] [Times: user=0.03 sys=0.00, real=0.01 secs] 
2022-04-15T23:02:06.277+0800: 105318.856: [GC (Allocation Failure) [PSYoungGen: 85440K->384K(86016K)] 163424K->78368K(285184K), 0.0054255 secs] [Times: user=0.03 sys=0.00, real=0.01 secs] 
2022-04-15T23:10:07.308+0800: 105799.887: [GC (Allocation Failure) [PSYoungGen: 85376K->384K(86016K)] 163360K->78368K(285184K), 0.0051988 secs] [Times: user=0.02 sys=0.01, real=0.01 secs] 
2022-04-15T23:18:10.019+0800: 106282.599: [GC (Allocation Failure) [PSYoungGen: 85376K->416K(86016K)] 163360K->78400K(285184K), 0.0049995 secs] [Times: user=0.03 sys=0.01, real=0.00 secs] 
2022-04-15T23:26:09.180+0800: 106761.759: [GC (Allocation Failure) [PSYoungGen: 85408K->400K(86016K)] 163392K->78384K(285184K), 0.0049160 secs] [Times: user=0.03 sys=0.01, real=0.00 secs] 
2022-04-15T23:34:11.901+0800: 107244.480: [GC (Allocation Failure) [PSYoungGen: 85392K->448K(86016K)] 163376K->78432K(285184K), 0.0053325 secs] [Times: user=0.03 sys=0.00, real=0.00 secs] 
2022-04-15T23:42:14.798+0800: 107727.377: [GC (Allocation Failure) [PSYoungGen: 85440K->416K(86016K)] 163424K->78400K(285184K), 0.0048753 secs] [Times: user=0.03 sys=0.00, real=0.01 secs] 
2022-04-15T23:50:17.682+0800: 108210.262: [GC (Allocation Failure) [PSYoungGen: 85408K->416K(86016K)] 163392K->78400K(285184K), 0.0052557 secs] [Times: user=0.02 sys=0.00, real=0.00 secs] 
2022-04-15T23:58:20.581+0800: 108693.160: [GC (Allocation Failure) [PSYoungGen: 85408K->384K(86016K)] 163392K->78368K(285184K), 0.0062342 secs] [Times: user=0.03 sys=0.00, real=0.00 secs] 
2022-04-16T00:06:13.271+0800: 109165.851: [GC (Allocation Failure) [PSYoungGen: 85376K->512K(86016K)] 163360K->78504K(285184K), 0.0049372 secs] [Times: user=0.03 sys=0.01, real=0.00 secs] 
2022-04-16T00:14:12.133+0800: 109644.712: [GC (Allocation Failure) [PSYoungGen: 85504K->368K(86016K)] 163496K->78360K(285184K), 0.0051383 secs] [Times: user=0.02 sys=0.00, real=0.00 secs] 
2022-04-16T00:22:14.224+0800: 110126.803: [GC (Allocation Failure) [PSYoungGen: 85360K->464K(86016K)] 163352K->78456K(285184K), 0.0052251 secs] [Times: user=0.02 sys=0.00, real=0.00 secs] 
2022-04-16T00:30:14.220+0800: 110606.799: [GC (Allocation Failure) [PSYoungGen: 85456K->416K(86016K)] 163448K->78416K(285184K), 0.0054265 secs] [Times: user=0.03 sys=0.00, real=0.00 secs] 
2022-04-16T00:38:14.709+0800: 111087.288: [GC (Allocation Failure) [PSYoungGen: 85408K->448K(86016K)] 163408K->78448K(285184K), 0.0051299 secs] [Times: user=0.03 sys=0.00, real=0.01 secs] 
2022-04-16T00:46:16.617+0800: 111569.197: [GC (Allocation Failure) [PSYoungGen: 85440K->496K(86016K)] 163440K->78496K(285184K), 0.0050481 secs] [Times: user=0.02 sys=0.01, real=0.01 secs] 
2022-04-16T00:54:18.382+0800: 112050.962: [GC (Allocation Failure) [PSYoungGen: 85488K->512K(86016K)] 163488K->78512K(285184K), 0.0051309 secs] [Times: user=0.03 sys=0.00, real=0.00 secs] 
2022-04-16T01:02:19.439+0800: 112532.018: [GC (Allocation Failure) [PSYoungGen: 85504K->496K(86016K)] 163504K->78504K(285184K), 0.0050787 secs] [Times: user=0.03 sys=0.00, real=0.01 secs] 
2022-04-16T01:10:21.001+0800: 113013.580: [GC (Allocation Failure) [PSYoungGen: 85488K->480K(86016K)] 163496K->78488K(285184K), 0.0053090 secs] [Times: user=0.02 sys=0.00, real=0.00 secs] 
2022-04-16T01:18:23.224+0800: 113495.803: [GC (Allocation Failure) [PSYoungGen: 85472K->416K(86016K)] 163480K->78576K(285184K), 0.0053294 secs] [Times: user=0.02 sys=0.01, real=0.01 secs] 
2022-04-16T01:26:24.441+0800: 113977.021: [GC (Allocation Failure) [PSYoungGen: 85408K->208K(86016K)] 163568K->78368K(285184K), 0.0051292 secs] [Times: user=0.02 sys=0.01, real=0.00 secs] 
2022-04-16T01:34:25.048+0800: 114457.627: [GC (Allocation Failure) [PSYoungGen: 85200K->448K(86016K)] 163360K->78608K(285184K), 0.0051620 secs] [Times: user=0.03 sys=0.00, real=0.01 secs] 
2022-04-16T01:42:26.615+0800: 114939.195: [GC (Allocation Failure) [PSYoungGen: 85440K->448K(86016K)] 163600K->78608K(285184K), 0.0052826 secs] [Times: user=0.03 sys=0.00, real=0.01 secs] 
2022-04-16T01:50:28.980+0800: 115421.559: [GC (Allocation Failure) [PSYoungGen: 85440K->528K(86016K)] 163600K->78688K(285184K), 0.0049509 secs] [Times: user=0.02 sys=0.01, real=0.00 secs] 
2022-04-16T01:58:29.459+0800: 115902.039: [GC (Allocation Failure) [PSYoungGen: 85520K->416K(86016K)] 163680K->78576K(285184K), 0.0051390 secs] [Times: user=0.02 sys=0.01, real=0.00 secs] 
2022-04-16T02:06:28.860+0800: 116381.439: [GC (Allocation Failure) [PSYoungGen: 85408K->352K(86016K)] 163568K->78608K(285184K), 0.0052420 secs] [Times: user=0.02 sys=0.01, real=0.00 secs] 
2022-04-16T02:14:31.260+0800: 116863.839: [GC (Allocation Failure) [PSYoungGen: 85344K->448K(86016K)] 163600K->78704K(285184K), 0.0056850 secs] [Times: user=0.03 sys=0.00, real=0.00 secs] 
2022-04-16T02:22:31.320+0800: 117343.899: [GC (Allocation Failure) [PSYoungGen: 85440K->288K(86016K)] 163696K->78544K(285184K), 0.0065338 secs] [Times: user=0.03 sys=0.00, real=0.00 secs] 
2022-04-16T02:30:33.090+0800: 117825.669: [GC (Allocation Failure) [PSYoungGen: 85280K->384K(86016K)] 163536K->78640K(285184K), 0.0050812 secs] [Times: user=0.03 sys=0.00, real=0.00 secs] 
2022-04-16T02:38:34.200+0800: 118306.779: [GC (Allocation Failure) [PSYoungGen: 85376K->384K(86016K)] 163632K->78648K(285184K), 0.0051157 secs] [Times: user=0.03 sys=0.01, real=0.00 secs] 
2022-04-16T02:46:38.753+0800: 118791.332: [GC (Allocation Failure) [PSYoungGen: 85376K->448K(86016K)] 163640K->78712K(285184K), 0.0056271 secs] [Times: user=0.03 sys=0.01, real=0.00 secs] 
2022-04-16T02:54:39.120+0800: 119271.699: [GC (Allocation Failure) [PSYoungGen: 85440K->304K(86016K)] 163704K->78576K(285184K), 0.0050545 secs] [Times: user=0.02 sys=0.01, real=0.00 secs] 
2022-04-16T03:02:39.068+0800: 119751.647: [GC (Allocation Failure) [PSYoungGen: 85296K->480K(86016K)] 163568K->78904K(285184K), 0.0051938 secs] [Times: user=0.03 sys=0.00, real=0.01 secs] 
2022-04-16T03:10:41.836+0800: 120234.416: [GC (Allocation Failure) [PSYoungGen: 85472K->384K(86016K)] 163896K->78808K(285184K), 0.0050415 secs] [Times: user=0.03 sys=0.01, real=0.01 secs] 
2022-04-16T03:18:44.360+0800: 120716.939: [GC (Allocation Failure) [PSYoungGen: 85376K->352K(86016K)] 163800K->78776K(285184K), 0.0050145 secs] [Times: user=0.03 sys=0.00, real=0.00 secs] 
2022-04-16T03:26:44.802+0800: 121197.381: [GC (Allocation Failure) [PSYoungGen: 85344K->480K(86016K)] 163768K->78904K(285184K), 0.0056984 secs] [Times: user=0.04 sys=0.00, real=0.00 secs] 
2022-04-16T03:34:44.831+0800: 121677.410: [GC (Allocation Failure) [PSYoungGen: 85472K->400K(86016K)] 163896K->78824K(285184K), 0.0057474 secs] [Times: user=0.03 sys=0.01, real=0.00 secs] 
2022-04-16T03:42:45.117+0800: 122157.697: [GC (Allocation Failure) [PSYoungGen: 85392K->384K(86016K)] 163816K->78808K(285184K), 0.0052733 secs] [Times: user=0.02 sys=0.01, real=0.01 secs] 
2022-04-16T03:50:46.240+0800: 122638.819: [GC (Allocation Failure) [PSYoungGen: 85376K->480K(86016K)] 163800K->78920K(285184K), 0.0052752 secs] [Times: user=0.03 sys=0.00, real=0.00 secs] 
2022-04-16T03:58:48.300+0800: 123120.879: [GC (Allocation Failure) [PSYoungGen: 85472K->448K(86016K)] 163912K->78888K(285184K), 0.0052859 secs] [Times: user=0.03 sys=0.00, real=0.00 secs] 
2022-04-16T04:06:50.289+0800: 123602.868: [GC (Allocation Failure) [PSYoungGen: 85440K->352K(86016K)] 163880K->78792K(285184K), 0.0065043 secs] [Times: user=0.02 sys=0.01, real=0.00 secs] 
2022-04-16T04:14:51.758+0800: 124084.337: [GC (Allocation Failure) [PSYoungGen: 85344K->416K(86016K)] 163784K->78856K(285184K), 0.0054791 secs] [Times: user=0.03 sys=0.00, real=0.01 secs] 
2022-04-16T04:22:51.938+0800: 124564.517: [GC (Allocation Failure) [PSYoungGen: 85408K->432K(86016K)] 163848K->78880K(285184K), 0.0063647 secs] [Times: user=0.03 sys=0.01, real=0.01 secs] 
2022-04-16T04:30:53.939+0800: 125046.519: [GC (Allocation Failure) [PSYoungGen: 85424K->240K(86016K)] 163872K->78688K(285184K), 0.0051293 secs] [Times: user=0.02 sys=0.00, real=0.00 secs] 
2022-04-16T04:38:54.000+0800: 125526.579: [GC (Allocation Failure) [PSYoungGen: 85232K->352K(86016K)] 163680K->78800K(285184K), 0.0051808 secs] [Times: user=0.02 sys=0.00, real=0.00 secs] 
2022-04-16T04:46:56.901+0800: 126009.480: [GC (Allocation Failure) [PSYoungGen: 85344K->384K(86016K)] 163792K->78832K(285184K), 0.0065627 secs] [Times: user=0.04 sys=0.00, real=0.00 secs] 
2022-04-16T04:54:57.180+0800: 126489.759: [GC (Allocation Failure) [PSYoungGen: 85376K->448K(86016K)] 163824K->78896K(285184K), 0.0051952 secs] [Times: user=0.02 sys=0.00, real=0.00 secs] 
2022-04-16T05:02:57.900+0800: 126970.479: [GC (Allocation Failure) [PSYoungGen: 85440K->496K(86016K)] 163888K->78944K(285184K), 0.0052000 secs] [Times: user=0.02 sys=0.00, real=0.00 secs] 
2022-04-16T05:10:57.758+0800: 127450.337: [GC (Allocation Failure) [PSYoungGen: 85488K->416K(86016K)] 163936K->78864K(285184K), 0.0050513 secs] [Times: user=0.02 sys=0.00, real=0.01 secs] 
2022-04-16T05:18:57.239+0800: 127929.819: [GC (Allocation Failure) [PSYoungGen: 85408K->288K(86016K)] 163856K->78736K(285184K), 0.0051531 secs] [Times: user=0.02 sys=0.01, real=0.00 secs] 
2022-04-16T05:27:00.058+0800: 128412.638: [GC (Allocation Failure) [PSYoungGen: 85280K->320K(86016K)] 163728K->78904K(285184K), 0.0048776 secs] [Times: user=0.02 sys=0.01, real=0.01 secs] 
2022-04-16T05:35:00.694+0800: 128893.273: [GC (Allocation Failure) [PSYoungGen: 85311K->256K(86016K)] 163896K->78840K(285184K), 0.0052911 secs] [Times: user=0.02 sys=0.01, real=0.01 secs] 
2022-04-16T05:42:59.880+0800: 129372.459: [GC (Allocation Failure) [PSYoungGen: 85248K->352K(86016K)] 163832K->78936K(285184K), 0.0051077 secs] [Times: user=0.02 sys=0.00, real=0.00 secs] 
2022-04-16T05:51:02.607+0800: 129855.186: [GC (Allocation Failure) [PSYoungGen: 85344K->352K(86016K)] 163928K->78936K(285184K), 0.0052276 secs] [Times: user=0.03 sys=0.00, real=0.01 secs] 
2022-04-16T05:59:03.445+0800: 130336.024: [GC (Allocation Failure) [PSYoungGen: 85344K->448K(86016K)] 163928K->79032K(285184K), 0.0050175 secs] [Times: user=0.03 sys=0.00, real=0.01 secs] 
2022-04-16T06:07:06.240+0800: 130818.819: [GC (Allocation Failure) [PSYoungGen: 85440K->224K(86016K)] 164024K->78808K(285184K), 0.0053698 secs] [Times: user=0.03 sys=0.01, real=0.00 secs] 
2022-04-16T06:15:06.360+0800: 131298.939: [GC (Allocation Failure) [PSYoungGen: 85216K->384K(86016K)] 163800K->78968K(285184K), 0.0054301 secs] [Times: user=0.02 sys=0.01, real=0.00 secs] 
2022-04-16T06:23:06.299+0800: 131778.879: [GC (Allocation Failure) [PSYoungGen: 85376K->416K(86016K)] 163960K->79000K(285184K), 0.0050788 secs] [Times: user=0.02 sys=0.01, real=0.00 secs] 
2022-04-16T06:31:07.469+0800: 132260.049: [GC (Allocation Failure) [PSYoungGen: 85408K->352K(86016K)] 163992K->78936K(285184K), 0.0052434 secs] [Times: user=0.03 sys=0.01, real=0.00 secs] 
2022-04-16T06:39:10.123+0800: 132742.703: [GC (Allocation Failure) [PSYoungGen: 85344K->400K(86016K)] 163928K->78984K(285184K), 0.0052293 secs] [Times: user=0.02 sys=0.00, real=0.00 secs] 
2022-04-16T06:47:12.240+0800: 133224.819: [GC (Allocation Failure) [PSYoungGen: 85392K->464K(86016K)] 163976K->79056K(285184K), 0.0051044 secs] [Times: user=0.03 sys=0.00, real=0.00 secs] 
2022-04-16T06:55:14.040+0800: 133706.619: [GC (Allocation Failure) [PSYoungGen: 85456K->448K(86016K)] 164048K->79040K(285184K), 0.0051899 secs] [Times: user=0.02 sys=0.00, real=0.00 secs] 
2022-04-16T07:03:15.211+0800: 134187.790: [GC (Allocation Failure) [PSYoungGen: 85440K->448K(86016K)] 164032K->79040K(285184K), 0.0051385 secs] [Times: user=0.03 sys=0.01, real=0.00 secs] 
2022-04-16T07:11:16.017+0800: 134668.596: [GC (Allocation Failure) [PSYoungGen: 85440K->496K(86016K)] 164032K->79088K(285184K), 0.0051696 secs] [Times: user=0.02 sys=0.00, real=0.01 secs] 
2022-04-16T07:19:18.115+0800: 135150.694: [GC (Allocation Failure) [PSYoungGen: 85488K->480K(86016K)] 164080K->79080K(285184K), 0.0054238 secs] [Times: user=0.03 sys=0.01, real=0.01 secs] 
2022-04-16T07:27:19.223+0800: 135631.802: [GC (Allocation Failure) [PSYoungGen: 85472K->496K(86016K)] 164072K->79096K(285184K), 0.0051361 secs] [Times: user=0.02 sys=0.00, real=0.00 secs] 
2022-04-16T07:35:19.140+0800: 136111.719: [GC (Allocation Failure) [PSYoungGen: 85488K->464K(86016K)] 164088K->79064K(285184K), 0.0050539 secs] [Times: user=0.03 sys=0.01, real=0.00 secs] 
2022-04-16T07:43:21.155+0800: 136593.735: [GC (Allocation Failure) [PSYoungGen: 85456K->432K(86016K)] 164056K->79032K(285184K), 0.0050055 secs] [Times: user=0.02 sys=0.01, real=0.01 secs] 
2022-04-16T07:51:22.230+0800: 137074.810: [GC (Allocation Failure) [PSYoungGen: 85424K->512K(86016K)] 164024K->79128K(285184K), 0.0053461 secs] [Times: user=0.02 sys=0.01, real=0.00 secs] 
2022-04-16T07:59:25.060+0800: 137557.639: [GC (Allocation Failure) [PSYoungGen: 85504K->480K(86016K)] 164120K->79232K(285184K), 0.0053181 secs] [Times: user=0.03 sys=0.01, real=0.00 secs] 
2022-04-16T08:07:27.360+0800: 138039.939: [GC (Allocation Failure) [PSYoungGen: 85472K->368K(86016K)] 164224K->79120K(285184K), 0.0053277 secs] [Times: user=0.02 sys=0.01, real=0.00 secs] 
2022-04-16T08:15:28.200+0800: 138520.779: [GC (Allocation Failure) [PSYoungGen: 85360K->384K(86016K)] 164112K->79136K(285184K), 0.0050061 secs] [Times: user=0.02 sys=0.00, real=0.00 secs] 
2022-04-16T08:23:29.758+0800: 139002.337: [GC (Allocation Failure) [PSYoungGen: 85376K->384K(86016K)] 164128K->79136K(285184K), 0.0050852 secs] [Times: user=0.02 sys=0.00, real=0.01 secs] 
2022-04-16T08:31:29.400+0800: 139481.979: [GC (Allocation Failure) [PSYoungGen: 85376K->432K(86016K)] 164128K->79200K(285184K), 0.0050958 secs] [Times: user=0.02 sys=0.00, real=0.00 secs] 
2022-04-16T08:39:30.335+0800: 139962.914: [GC (Allocation Failure) [PSYoungGen: 85424K->480K(86016K)] 164192K->79248K(285184K), 0.0050411 secs] [Times: user=0.03 sys=0.00, real=0.01 secs] 
2022-04-16T08:47:32.365+0800: 140444.944: [GC (Allocation Failure) [PSYoungGen: 85472K->480K(86016K)] 164240K->79248K(285184K), 0.0053844 secs] [Times: user=0.03 sys=0.00, real=0.01 secs] 
2022-04-16T08:55:35.195+0800: 140927.775: [GC (Allocation Failure) [PSYoungGen: 85472K->368K(86016K)] 164240K->79144K(285184K), 0.0050396 secs] [Times: user=0.02 sys=0.01, real=0.01 secs] 
2022-04-16T09:03:36.349+0800: 141408.928: [GC (Allocation Failure) [PSYoungGen: 85360K->464K(86016K)] 164136K->79240K(285184K), 0.0051532 secs] [Times: user=0.03 sys=0.00, real=0.01 secs] 
2022-04-16T09:11:37.332+0800: 141889.911: [GC (Allocation Failure) [PSYoungGen: 85456K->384K(86016K)] 164232K->79288K(285184K), 0.0054005 secs] [Times: user=0.03 sys=0.00, real=0.00 secs] 
2022-04-16T09:19:39.979+0800: 142372.558: [GC (Allocation Failure) [PSYoungGen: 85376K->416K(86016K)] 164280K->79320K(285184K), 0.0052396 secs] [Times: user=0.02 sys=0.00, real=0.01 secs] 
2022-04-16T09:27:42.333+0800: 142854.912: [GC (Allocation Failure) [PSYoungGen: 85408K->352K(86016K)] 164312K->79256K(285184K), 0.0060980 secs] [Times: user=0.04 sys=0.01, real=0.01 secs] 
2022-04-16T09:35:42.419+0800: 143334.999: [GC (Allocation Failure) [PSYoungGen: 85344K->416K(86016K)] 164248K->79328K(285184K), 0.0060094 secs] [Times: user=0.04 sys=0.01, real=0.00 secs] 
2022-04-16T09:43:44.939+0800: 143817.519: [GC (Allocation Failure) [PSYoungGen: 85408K->224K(86016K)] 164320K->79136K(285184K), 0.0053159 secs] [Times: user=0.02 sys=0.00, real=0.00 secs] 
2022-04-16T09:51:48.119+0800: 144300.699: [GC (Allocation Failure) [PSYoungGen: 85216K->320K(86016K)] 164128K->79232K(285184K), 0.0055122 secs] [Times: user=0.02 sys=0.00, real=0.00 secs] 
2022-04-16T09:59:48.440+0800: 144781.019: [GC (Allocation Failure) [PSYoungGen: 85312K->384K(86016K)] 164224K->79296K(285184K), 0.0053140 secs] [Times: user=0.03 sys=0.01, real=0.00 secs] 
2022-04-16T10:07:51.454+0800: 145264.033: [GC (Allocation Failure) [PSYoungGen: 85376K->384K(86016K)] 164288K->79296K(285184K), 0.0052379 secs] [Times: user=0.03 sys=0.01, real=0.00 secs] 
2022-04-16T10:15:54.758+0800: 145747.337: [GC (Allocation Failure) [PSYoungGen: 85376K->288K(86016K)] 164288K->79200K(285184K), 0.0052479 secs] [Times: user=0.03 sys=0.00, real=0.01 secs] 
2022-04-16T10:23:55.959+0800: 146228.538: [GC (Allocation Failure) [PSYoungGen: 85280K->320K(86016K)] 164192K->79232K(285184K), 0.0050054 secs] [Times: user=0.03 sys=0.01, real=0.00 secs] 
2022-04-16T10:31:57.360+0800: 146709.939: [GC (Allocation Failure) [PSYoungGen: 85312K->128K(86016K)] 164224K->79040K(285184K), 0.0053077 secs] [Times: user=0.02 sys=0.01, real=0.00 secs] 
2022-04-16T10:35:22.973+0800: 146915.552: [GC (Allocation Failure) [PSYoungGen: 85120K->480K(86016K)] 164032K->79400K(285184K), 0.0056059 secs] [Times: user=0.03 sys=0.00, real=0.00 secs] 
2022-04-16T10:38:11.279+0800: 147083.859: [GC (Allocation Failure) [PSYoungGen: 85472K->480K(86016K)] 164392K->79408K(285184K), 0.0059944 secs] [Times: user=0.02 sys=0.01, real=0.00 secs] 
2022-04-16T10:40:58.968+0800: 147251.548: [GC (Allocation Failure) [PSYoungGen: 85472K->480K(86016K)] 164400K->79408K(285184K), 0.0054081 secs] [Times: user=0.02 sys=0.00, real=0.01 secs] 
2022-04-16T10:43:46.986+0800: 147419.565: [GC (Allocation Failure) [PSYoungGen: 85472K->416K(86016K)] 164400K->79344K(285184K), 0.0050288 secs] [Times: user=0.03 sys=0.01, real=0.01 secs] 
2022-04-16T10:46:35.967+0800: 147588.546: [GC (Allocation Failure) [PSYoungGen: 85408K->480K(86016K)] 164336K->79408K(285184K), 0.0063358 secs] [Times: user=0.05 sys=0.00, real=0.01 secs] 
2022-04-16T10:49:23.976+0800: 147756.555: [GC (Allocation Failure) [PSYoungGen: 85472K->480K(86016K)] 164400K->79408K(285184K), 0.0050928 secs] [Times: user=0.03 sys=0.00, real=0.01 secs] 
2022-04-16T10:52:11.967+0800: 147924.547: [GC (Allocation Failure) [PSYoungGen: 85472K->480K(86016K)] 164400K->79408K(285184K), 0.0054711 secs] [Times: user=0.02 sys=0.01, real=0.01 secs] 
2022-04-16T10:54:59.967+0800: 148092.546: [GC (Allocation Failure) [PSYoungGen: 85472K->480K(86016K)] 164400K->79408K(285184K), 0.0056270 secs] [Times: user=0.03 sys=0.00, real=0.01 secs] 
2022-04-16T10:57:48.965+0800: 148261.544: [GC (Allocation Failure) [PSYoungGen: 85472K->416K(86016K)] 164400K->79344K(285184K), 0.0053122 secs] [Times: user=0.03 sys=0.01, real=0.01 secs] 
2022-04-16T11:00:37.139+0800: 148429.719: [GC (Allocation Failure) [PSYoungGen: 85408K->352K(86016K)] 164336K->79288K(285184K), 0.0052017 secs] [Times: user=0.03 sys=0.01, real=0.00 secs] 
2022-04-16T11:03:26.200+0800: 148598.779: [GC (Allocation Failure) [PSYoungGen: 85344K->480K(86016K)] 164280K->79416K(285184K), 0.0052328 secs] [Times: user=0.03 sys=0.00, real=0.00 secs] 
2022-04-16T11:06:14.309+0800: 148766.888: [GC (Allocation Failure) [PSYoungGen: 85472K->480K(86016K)] 164408K->79416K(285184K), 0.0052019 secs] [Times: user=0.03 sys=0.00, real=0.01 secs] 
2022-04-16T11:10:46.697+0800: 149039.276: [GC (Allocation Failure) [PSYoungGen: 85472K->448K(86016K)] 164408K->79384K(285184K), 0.0055850 secs] [Times: user=0.03 sys=0.00, real=0.01 secs] 
2022-04-16T11:18:50.475+0800: 149523.054: [GC (Allocation Failure) [PSYoungGen: 85440K->480K(86016K)] 164376K->79424K(285184K), 0.0050302 secs] [Times: user=0.03 sys=0.01, real=0.01 secs] 
2022-04-16T11:26:53.724+0800: 150006.303: [GC (Allocation Failure) [PSYoungGen: 85472K->480K(86016K)] 164416K->79424K(285184K), 0.0052421 secs] [Times: user=0.03 sys=0.00, real=0.00 secs] 
2022-04-16T11:34:55.979+0800: 150488.559: [GC (Allocation Failure) [PSYoungGen: 85472K->352K(86016K)] 164416K->79376K(285184K), 0.0059157 secs] [Times: user=0.03 sys=0.00, real=0.00 secs] 
2022-04-16T11:42:58.367+0800: 150970.946: [GC (Allocation Failure) [PSYoungGen: 85344K->416K(86016K)] 164368K->79440K(285184K), 0.0053549 secs] [Times: user=0.03 sys=0.00, real=0.01 secs] 
2022-04-16T11:50:57.120+0800: 151449.699: [GC (Allocation Failure) [PSYoungGen: 85408K->256K(86016K)] 164432K->79280K(285184K), 0.0052264 secs] [Times: user=0.03 sys=0.00, real=0.00 secs] 
2022-04-16T11:59:01.886+0800: 151934.466: [GC (Allocation Failure) [PSYoungGen: 85248K->416K(86016K)] 164272K->79440K(285184K), 0.0052274 secs] [Times: user=0.02 sys=0.01, real=0.01 secs] 
2022-04-16T12:07:00.240+0800: 152412.819: [GC (Allocation Failure) [PSYoungGen: 85408K->448K(86016K)] 164432K->79496K(285184K), 0.0051930 secs] [Times: user=0.03 sys=0.00, real=0.00 secs] 
2022-04-16T12:15:01.680+0800: 152894.259: [GC (Allocation Failure) [PSYoungGen: 85440K->384K(86016K)] 164488K->79448K(285184K), 0.0052524 secs] [Times: user=0.02 sys=0.00, real=0.00 secs] 
2022-04-16T12:23:02.758+0800: 153375.337: [GC (Allocation Failure) [PSYoungGen: 85376K->448K(86016K)] 164440K->79520K(285184K), 0.0050725 secs] [Times: user=0.03 sys=0.00, real=0.01 secs] 
2022-04-16T12:31:05.674+0800: 153858.253: [GC (Allocation Failure) [PSYoungGen: 85440K->416K(86016K)] 164512K->79488K(285184K), 0.0051827 secs] [Times: user=0.02 sys=0.00, real=0.01 secs] 
2022-04-16T12:39:05.905+0800: 154338.484: [GC (Allocation Failure) [PSYoungGen: 85408K->416K(86016K)] 164480K->79488K(285184K), 0.0048156 secs] [Times: user=0.03 sys=0.00, real=0.01 secs] 
2022-04-16T12:47:05.819+0800: 154818.398: [GC (Allocation Failure) [PSYoungGen: 85408K->160K(86016K)] 164480K->79232K(285184K), 0.0054152 secs] [Times: user=0.02 sys=0.01, real=0.01 secs] 
2022-04-16T12:55:06.300+0800: 155298.879: [GC (Allocation Failure) [PSYoungGen: 85152K->384K(86016K)] 164224K->79456K(285184K), 0.0052529 secs] [Times: user=0.02 sys=0.00, real=0.00 secs] 
2022-04-16T13:03:07.429+0800: 155780.008: [GC (Allocation Failure) [PSYoungGen: 85376K->496K(86016K)] 164448K->79568K(285184K), 0.0058259 secs] [Times: user=0.04 sys=0.01, real=0.01 secs] 
2022-04-16T13:11:09.972+0800: 156262.551: [GC (Allocation Failure) [PSYoungGen: 85488K->416K(86016K)] 164560K->79576K(285184K), 0.0052895 secs] [Times: user=0.03 sys=0.01, real=0.00 secs] 
2022-04-16T13:19:11.110+0800: 156743.689: [GC (Allocation Failure) [PSYoungGen: 85408K->480K(86016K)] 164568K->79640K(285184K), 0.0056222 secs] [Times: user=0.03 sys=0.00, real=0.00 secs] 
2022-04-16T13:27:13.728+0800: 157226.308: [GC (Allocation Failure) [PSYoungGen: 85472K->448K(86016K)] 164632K->79608K(285184K), 0.0073458 secs] [Times: user=0.02 sys=0.01, real=0.01 secs] 
2022-04-16T13:35:16.223+0800: 157708.803: [GC (Allocation Failure) [PSYoungGen: 85440K->400K(86016K)] 164600K->79560K(285184K), 0.0057180 secs] [Times: user=0.03 sys=0.01, real=0.01 secs] 
2022-04-16T13:43:15.720+0800: 158188.299: [GC (Allocation Failure) [PSYoungGen: 85392K->384K(86016K)] 164552K->79544K(285184K), 0.0052480 secs] [Times: user=0.02 sys=0.01, real=0.00 secs] 
2022-04-16T13:51:18.263+0800: 158670.842: [GC (Allocation Failure) [PSYoungGen: 85376K->448K(86016K)] 164536K->79608K(285184K), 0.0053236 secs] [Times: user=0.03 sys=0.00, real=0.00 secs] 
2022-04-16T13:59:20.958+0800: 159153.537: [GC (Allocation Failure) [PSYoungGen: 85440K->464K(86016K)] 164600K->79624K(285184K), 0.0052850 secs] [Times: user=0.03 sys=0.00, real=0.01 secs] 
2022-04-16T14:07:22.220+0800: 159634.799: [GC (Allocation Failure) [PSYoungGen: 85456K->400K(86016K)] 164616K->79584K(285184K), 0.0050127 secs] [Times: user=0.03 sys=0.00, real=0.00 secs] 
2022-04-16T14:15:24.180+0800: 160116.759: [GC (Allocation Failure) [PSYoungGen: 85392K->432K(86016K)] 164576K->79616K(285184K), 0.0051370 secs] [Times: user=0.02 sys=0.00, real=0.00 secs] 
2022-04-16T14:23:24.420+0800: 160596.999: [GC (Allocation Failure) [PSYoungGen: 85424K->384K(86016K)] 164608K->79568K(285184K), 0.0050781 secs] [Times: user=0.02 sys=0.00, real=0.00 secs] 
2022-04-16T14:31:26.863+0800: 161079.442: [GC (Allocation Failure) [PSYoungGen: 85376K->416K(86016K)] 164560K->79608K(285184K), 0.0054584 secs] [Times: user=0.04 sys=0.00, real=0.00 secs] 
2022-04-16T14:39:28.409+0800: 161560.988: [GC (Allocation Failure) [PSYoungGen: 85408K->464K(86016K)] 164600K->79656K(285184K), 0.0052056 secs] [Times: user=0.03 sys=0.01, real=0.00 secs] 
2022-04-16T14:47:29.486+0800: 162042.065: [GC (Allocation Failure) [PSYoungGen: 85456K->416K(86016K)] 164648K->79608K(285184K), 0.0053844 secs] [Times: user=0.03 sys=0.00, real=0.01 secs] 
2022-04-16T14:55:32.107+0800: 162524.686: [GC (Allocation Failure) [PSYoungGen: 85408K->480K(86016K)] 164600K->79672K(285184K), 0.0053369 secs] [Times: user=0.03 sys=0.01, real=0.01 secs] 
2022-04-16T15:03:33.292+0800: 163005.871: [GC (Allocation Failure) [PSYoungGen: 85472K->352K(86016K)] 164664K->79664K(285184K), 0.0048340 secs] [Times: user=0.03 sys=0.01, real=0.00 secs] 
2022-04-16T15:11:33.574+0800: 163486.154: [GC (Allocation Failure) [PSYoungGen: 85344K->320K(86016K)] 164656K->79632K(285184K), 0.0051761 secs] [Times: user=0.02 sys=0.01, real=0.01 secs] 
2022-04-16T15:19:35.832+0800: 163968.411: [GC (Allocation Failure) [PSYoungGen: 85312K->320K(86016K)] 164624K->79632K(285184K), 0.0052028 secs] [Times: user=0.03 sys=0.00, real=0.00 secs] 
2022-04-16T15:27:36.946+0800: 164449.525: [GC (Allocation Failure) [PSYoungGen: 85312K->192K(86016K)] 164624K->79504K(285184K), 0.0050979 secs] [Times: user=0.02 sys=0.00, real=0.01 secs] 
2022-04-16T15:35:38.817+0800: 164931.396: [GC (Allocation Failure) [PSYoungGen: 85184K->416K(86016K)] 164496K->79728K(285184K), 0.0054833 secs] [Times: user=0.02 sys=0.00, real=0.01 secs] 
2022-04-16T15:43:40.648+0800: 165413.228: [GC (Allocation Failure) [PSYoungGen: 85408K->224K(86016K)] 164720K->79536K(285184K), 0.0054067 secs] [Times: user=0.02 sys=0.00, real=0.01 secs] 
2022-04-16T15:51:42.538+0800: 165895.118: [GC (Allocation Failure) [PSYoungGen: 85216K->448K(86016K)] 164528K->79760K(285184K), 0.0057902 secs] [Times: user=0.03 sys=0.00, real=0.01 secs] 
2022-04-16T15:59:42.540+0800: 166375.119: [GC (Allocation Failure) [PSYoungGen: 85440K->352K(86016K)] 164752K->79664K(285184K), 0.0053869 secs] [Times: user=0.03 sys=0.00, real=0.00 secs] 
2022-04-16T16:07:45.228+0800: 166857.807: [GC (Allocation Failure) [PSYoungGen: 85344K->416K(86016K)] 164656K->79728K(285184K), 0.0051866 secs] [Times: user=0.02 sys=0.00, real=0.01 secs] 
2022-04-16T16:15:48.059+0800: 167340.638: [GC (Allocation Failure) [PSYoungGen: 85408K->352K(86016K)] 164720K->79664K(285184K), 0.0058551 secs] [Times: user=0.03 sys=0.01, real=0.00 secs] 
2022-04-16T16:23:49.216+0800: 167821.795: [GC (Allocation Failure) [PSYoungGen: 85344K->384K(86016K)] 164656K->79696K(285184K), 0.0052692 secs] [Times: user=0.03 sys=0.00, real=0.01 secs] 
2022-04-16T16:31:52.117+0800: 168304.696: [GC (Allocation Failure) [PSYoungGen: 85376K->320K(86016K)] 164688K->79632K(285184K), 0.0051601 secs] [Times: user=0.03 sys=0.00, real=0.01 secs] 
2022-04-16T16:39:53.100+0800: 168785.679: [GC (Allocation Failure) [PSYoungGen: 85312K->352K(86528K)] 164624K->79664K(285696K), 0.0053073 secs] [Times: user=0.03 sys=0.01, real=0.00 secs] 
2022-04-16T16:47:57.163+0800: 169269.742: [GC (Allocation Failure) [PSYoungGen: 85856K->384K(86016K)] 165168K->79696K(285184K), 0.0056664 secs] [Times: user=0.03 sys=0.00, real=0.00 secs] 
2022-04-16T16:56:02.275+0800: 169754.854: [GC (Allocation Failure) [PSYoungGen: 85888K->416K(86528K)] 165200K->79728K(285696K), 0.0050102 secs] [Times: user=0.03 sys=0.00, real=0.01 secs] 
2022-04-16T17:04:08.393+0800: 170240.973: [GC (Allocation Failure) [PSYoungGen: 86432K->352K(86528K)] 165744K->79664K(285696K), 0.0051335 secs] [Times: user=0.03 sys=0.00, real=0.00 secs] 
2022-04-16T17:12:15.119+0800: 170727.699: [GC (Allocation Failure) [PSYoungGen: 86368K->352K(86528K)] 165680K->79664K(285696K), 0.0053689 secs] [Times: user=0.03 sys=0.01, real=0.00 secs] 
2022-04-16T17:20:23.003+0800: 171215.582: [GC (Allocation Failure) [PSYoungGen: 86368K->320K(86528K)] 165680K->79632K(285696K), 0.0049908 secs] [Times: user=0.03 sys=0.01, real=0.00 secs] 
2022-04-16T17:28:30.513+0800: 171703.092: [GC (Allocation Failure) [PSYoungGen: 86336K->448K(86528K)] 165648K->79760K(285696K), 0.0052628 secs] [Times: user=0.03 sys=0.00, real=0.00 secs] 
2022-04-16T17:36:37.900+0800: 172190.479: [GC (Allocation Failure) [PSYoungGen: 86464K->320K(86528K)] 165776K->79640K(285696K), 0.0052652 secs] [Times: user=0.02 sys=0.01, real=0.00 secs] 
2022-04-16T17:44:45.960+0800: 172678.539: [GC (Allocation Failure) [PSYoungGen: 86336K->192K(85504K)] 165656K->79512K(284672K), 0.0050775 secs] [Times: user=0.02 sys=0.00, real=0.00 secs] 
2022-04-16T17:52:47.029+0800: 173159.608: [GC (Allocation Failure) [PSYoungGen: 85184K->384K(86016K)] 164504K->79704K(285184K), 0.0053009 secs] [Times: user=0.02 sys=0.00, real=0.01 secs] 
2022-04-16T18:00:48.756+0800: 173641.335: [GC (Allocation Failure) [PSYoungGen: 85376K->352K(86528K)] 164696K->79672K(285696K), 0.0052016 secs] [Times: user=0.03 sys=0.00, real=0.01 secs] 
2022-04-16T18:08:54.460+0800: 174127.039: [GC (Allocation Failure) [PSYoungGen: 85856K->416K(86016K)] 165176K->79736K(285184K), 0.0050596 secs] [Times: user=0.02 sys=0.01, real=0.00 secs] 
2022-04-16T18:16:56.580+0800: 174609.159: [GC (Allocation Failure) [PSYoungGen: 85920K->288K(86528K)] 165240K->79608K(285696K), 0.0052572 secs] [Times: user=0.03 sys=0.00, real=0.00 secs] 
2022-04-16T18:25:03.971+0800: 175096.550: [GC (Allocation Failure) [PSYoungGen: 86304K->352K(86528K)] 165624K->79672K(285696K), 0.0055927 secs] [Times: user=0.03 sys=0.00, real=0.00 secs] 
2022-04-16T18:33:11.758+0800: 175584.337: [GC (Allocation Failure) [PSYoungGen: 86368K->448K(86528K)] 165688K->79768K(285696K), 0.0051993 secs] [Times: user=0.03 sys=0.00, real=0.01 secs] 
2022-04-16T18:41:17.838+0800: 176070.417: [GC (Allocation Failure) [PSYoungGen: 86464K->464K(86528K)] 165784K->79784K(285696K), 0.0058197 secs] [Times: user=0.03 sys=0.01, real=0.01 secs] 
2022-04-16T18:49:25.270+0800: 176557.849: [GC (Allocation Failure) [PSYoungGen: 86480K->480K(85504K)] 165800K->79800K(284672K), 0.0050550 secs] [Times: user=0.03 sys=0.00, real=0.00 secs] 
2022-04-16T18:57:28.112+0800: 177040.691: [GC (Allocation Failure) [PSYoungGen: 85472K->384K(86016K)] 164792K->79704K(285184K), 0.0052945 secs] [Times: user=0.03 sys=0.00, real=0.00 secs] 
2022-04-16T19:05:30.600+0800: 177523.179: [GC (Allocation Failure) [PSYoungGen: 85376K->384K(86016K)] 164696K->79704K(285184K), 0.0055872 secs] [Times: user=0.03 sys=0.00, real=0.00 secs] 
2022-04-16T19:13:31.424+0800: 178004.004: [GC (Allocation Failure) [PSYoungGen: 85376K->464K(86016K)] 164696K->79784K(285184K), 0.0053807 secs] [Times: user=0.02 sys=0.01, real=0.01 secs] 
2022-04-16T19:21:34.740+0800: 178487.319: [GC (Allocation Failure) [PSYoungGen: 85456K->448K(86016K)] 164776K->79768K(285184K), 0.0053727 secs] [Times: user=0.02 sys=0.01, real=0.00 secs] 
2022-04-16T19:29:36.795+0800: 178969.374: [GC (Allocation Failure) [PSYoungGen: 85440K->416K(86016K)] 164760K->79736K(285184K), 0.0049463 secs] [Times: user=0.03 sys=0.01, real=0.01 secs] 
2022-04-16T19:37:37.921+0800: 179450.500: [GC (Allocation Failure) [PSYoungGen: 85408K->448K(86016K)] 164728K->79784K(285184K), 0.0055745 secs] [Times: user=0.02 sys=0.01, real=0.00 secs] 
2022-04-16T19:45:40.563+0800: 179933.142: [GC (Allocation Failure) [PSYoungGen: 85440K->416K(86016K)] 164776K->79760K(285184K), 0.0054084 secs] [Times: user=0.03 sys=0.00, real=0.00 secs] 
2022-04-16T19:53:41.219+0800: 180413.799: [GC (Allocation Failure) [PSYoungGen: 85408K->320K(86016K)] 164752K->79664K(285184K), 0.0054342 secs] [Times: user=0.03 sys=0.01, real=0.00 secs] 
2022-04-16T20:01:43.860+0800: 180896.439: [GC (Allocation Failure) [PSYoungGen: 85312K->288K(86016K)] 164656K->79632K(285184K), 0.0054509 secs] [Times: user=0.03 sys=0.01, real=0.00 secs] 
2022-04-16T20:09:44.869+0800: 181377.448: [GC (Allocation Failure) [PSYoungGen: 85280K->416K(86016K)] 164624K->79776K(285184K), 0.0052321 secs] [Times: user=0.03 sys=0.00, real=0.01 secs] 
2022-04-16T20:17:47.752+0800: 181860.331: [GC (Allocation Failure) [PSYoungGen: 85408K->480K(86016K)] 164768K->79840K(285184K), 0.0058144 secs] [Times: user=0.03 sys=0.00, real=0.00 secs] 
2022-04-16T20:25:48.779+0800: 182341.359: [GC (Allocation Failure) [PSYoungGen: 85472K->144K(86016K)] 164832K->79504K(285184K), 0.0059086 secs] [Times: user=0.02 sys=0.01, real=0.00 secs] 
2022-04-16T20:33:49.626+0800: 182822.205: [GC (Allocation Failure) [PSYoungGen: 85136K->448K(86016K)] 164496K->79928K(285184K), 0.0053377 secs] [Times: user=0.03 sys=0.00, real=0.01 secs] 
2022-04-16T20:41:52.684+0800: 183305.263: [GC (Allocation Failure) [PSYoungGen: 85440K->320K(86016K)] 164920K->79800K(285184K), 0.0050348 secs] [Times: user=0.02 sys=0.00, real=0.00 secs] 
2022-04-16T20:49:52.800+0800: 183785.379: [GC (Allocation Failure) [PSYoungGen: 85312K->352K(86016K)] 164792K->79832K(285184K), 0.0052235 secs] [Times: user=0.03 sys=0.01, real=0.00 secs] 
2022-04-16T20:57:53.503+0800: 184266.082: [GC (Allocation Failure) [PSYoungGen: 85344K->288K(86016K)] 164824K->79776K(285184K), 0.0061276 secs] [Times: user=0.02 sys=0.00, real=0.00 secs] 
2022-04-16T21:05:55.394+0800: 184747.974: [GC (Allocation Failure) [PSYoungGen: 85280K->384K(86016K)] 164768K->79872K(285184K), 0.0052225 secs] [Times: user=0.02 sys=0.01, real=0.01 secs] 
2022-04-16T21:13:57.886+0800: 185230.465: [GC (Allocation Failure) [PSYoungGen: 85376K->352K(86016K)] 164864K->79840K(285184K), 0.0049240 secs] [Times: user=0.02 sys=0.00, real=0.01 secs] 
2022-04-16T21:21:59.047+0800: 185711.626: [GC (Allocation Failure) [PSYoungGen: 85344K->352K(86016K)] 164832K->79840K(285184K), 0.0056993 secs] [Times: user=0.03 sys=0.01, real=0.01 secs] 
2022-04-16T21:29:59.700+0800: 186192.279: [GC (Allocation Failure) [PSYoungGen: 85344K->416K(86016K)] 164832K->79904K(285184K), 0.0055736 secs] [Times: user=0.03 sys=0.00, real=0.00 secs] 
2022-04-16T21:38:02.100+0800: 186674.679: [GC (Allocation Failure) [PSYoungGen: 85408K->320K(86016K)] 164896K->79808K(285184K), 0.0054169 secs] [Times: user=0.03 sys=0.00, real=0.00 secs] 
2022-04-16T21:46:03.301+0800: 187155.881: [GC (Allocation Failure) [PSYoungGen: 85312K->288K(86528K)] 164800K->79776K(285696K), 0.0053450 secs] [Times: user=0.02 sys=0.00, real=0.00 secs] 
2022-04-16T21:54:05.639+0800: 187638.218: [GC (Allocation Failure) [PSYoungGen: 85792K->384K(86016K)] 165280K->79872K(285184K), 0.0052888 secs] [Times: user=0.03 sys=0.00, real=0.00 secs] 
2022-04-16T22:02:09.660+0800: 188122.239: [GC (Allocation Failure) [PSYoungGen: 85888K->352K(86528K)] 165376K->79840K(285696K), 0.0052295 secs] [Times: user=0.02 sys=0.00, real=0.00 secs] 
2022-04-16T22:10:16.500+0800: 188609.079: [GC (Allocation Failure) [PSYoungGen: 86368K->416K(86528K)] 165856K->79904K(285696K), 0.0051007 secs] [Times: user=0.03 sys=0.00, real=0.00 secs] 
2022-04-16T22:18:21.758+0800: 189094.337: [GC (Allocation Failure) [PSYoungGen: 86432K->288K(86528K)] 165920K->79776K(285696K), 0.0051690 secs] [Times: user=0.02 sys=0.00, real=0.01 secs] 
2022-04-16T22:26:29.758+0800: 189582.337: [GC (Allocation Failure) [PSYoungGen: 86304K->288K(86528K)] 165792K->79784K(285696K), 0.0057777 secs] [Times: user=0.03 sys=0.00, real=0.01 secs] 
2022-04-16T22:34:37.115+0800: 190069.695: [GC (Allocation Failure) [PSYoungGen: 86304K->288K(86528K)] 165800K->79784K(285696K), 0.0060053 secs] [Times: user=0.03 sys=0.00, real=0.01 secs] 
2022-04-16T22:42:41.820+0800: 190554.399: [GC (Allocation Failure) [PSYoungGen: 86304K->352K(86528K)] 165800K->79848K(285696K), 0.0050550 secs] [Times: user=0.03 sys=0.00, real=0.00 secs] 
2022-04-16T22:50:47.563+0800: 191040.142: [GC (Allocation Failure) [PSYoungGen: 86368K->384K(86528K)] 165864K->79880K(285696K), 0.0053560 secs] [Times: user=0.03 sys=0.00, real=0.00 secs] 
2022-04-16T22:58:53.722+0800: 191526.301: [GC (Allocation Failure) [PSYoungGen: 86400K->464K(86528K)] 165896K->79968K(285696K), 0.0051177 secs] [Times: user=0.02 sys=0.00, real=0.00 secs] 
2022-04-16T23:07:00.760+0800: 192013.339: [GC (Allocation Failure) [PSYoungGen: 86480K->352K(86528K)] 165984K->79856K(285696K), 0.0053383 secs] [Times: user=0.03 sys=0.00, real=0.00 secs] 
2022-04-16T23:15:07.189+0800: 192499.768: [GC (Allocation Failure) [PSYoungGen: 86368K->416K(86528K)] 165872K->79920K(285696K), 0.0049751 secs] [Times: user=0.03 sys=0.00, real=0.01 secs] 
2022-04-16T23:23:15.241+0800: 192987.820: [GC (Allocation Failure) [PSYoungGen: 86432K->384K(86528K)] 165936K->79888K(285696K), 0.0051071 secs] [Times: user=0.03 sys=0.01, real=0.00 secs] 
2022-04-16T23:31:24.133+0800: 193476.712: [GC (Allocation Failure) [PSYoungGen: 86400K->480K(86528K)] 165904K->79984K(285696K), 0.0050589 secs] [Times: user=0.03 sys=0.00, real=0.00 secs] 
2022-04-16T23:39:31.177+0800: 193963.756: [GC (Allocation Failure) [PSYoungGen: 86496K->336K(85504K)] 166000K->79840K(284672K), 0.0055805 secs] [Times: user=0.04 sys=0.00, real=0.01 secs] 
2022-04-16T23:47:30.760+0800: 194443.339: [GC (Allocation Failure) [PSYoungGen: 85328K->480K(86016K)] 164832K->79984K(285184K), 0.0054061 secs] [Times: user=0.02 sys=0.00, real=0.00 secs] 
2022-04-16T23:55:33.333+0800: 194925.912: [GC (Allocation Failure) [PSYoungGen: 85472K->448K(86016K)] 164976K->79952K(285184K), 0.0062866 secs] [Times: user=0.04 sys=0.01, real=0.01 secs] 
2022-04-17T00:03:23.758+0800: 195396.337: [GC (Allocation Failure) [PSYoungGen: 85440K->512K(86016K)] 164944K->80016K(285184K), 0.0054501 secs] [Times: user=0.02 sys=0.00, real=0.01 secs] 
2022-04-17T00:11:23.280+0800: 195875.859: [GC (Allocation Failure) [PSYoungGen: 85504K->448K(86016K)] 165008K->79952K(285184K), 0.0051056 secs] [Times: user=0.03 sys=0.00, real=0.00 secs] 
2022-04-17T00:19:23.258+0800: 196355.837: [GC (Allocation Failure) [PSYoungGen: 85440K->416K(86016K)] 164944K->79936K(285184K), 0.0050047 secs] [Times: user=0.03 sys=0.00, real=0.01 secs] 
2022-04-17T00:27:24.140+0800: 196836.719: [GC (Allocation Failure) [PSYoungGen: 85408K->432K(86016K)] 164928K->79952K(285184K), 0.0059427 secs] [Times: user=0.02 sys=0.01, real=0.00 secs] 
2022-04-17T00:35:24.720+0800: 197317.299: [GC (Allocation Failure) [PSYoungGen: 85424K->416K(86016K)] 164944K->79936K(285184K), 0.0051134 secs] [Times: user=0.02 sys=0.01, real=0.00 secs] 
2022-04-17T00:43:25.619+0800: 197798.199: [GC (Allocation Failure) [PSYoungGen: 85408K->480K(86016K)] 164928K->80000K(285184K), 0.0051910 secs] [Times: user=0.02 sys=0.01, real=0.00 secs] 
2022-04-17T00:51:25.140+0800: 198277.719: [GC (Allocation Failure) [PSYoungGen: 85472K->384K(86016K)] 164992K->79912K(285184K), 0.0053179 secs] [Times: user=0.03 sys=0.01, real=0.00 secs] 
2022-04-17T00:59:27.459+0800: 198760.038: [GC (Allocation Failure) [PSYoungGen: 85376K->496K(86016K)] 164904K->80024K(285184K), 0.0051828 secs] [Times: user=0.02 sys=0.00, real=0.01 secs] 
2022-04-17T01:07:30.334+0800: 199242.913: [GC (Allocation Failure) [PSYoungGen: 85488K->448K(86016K)] 165016K->79984K(285184K), 0.0054824 secs] [Times: user=0.02 sys=0.01, real=0.01 secs] 
2022-04-17T01:15:31.320+0800: 199723.899: [GC (Allocation Failure) [PSYoungGen: 85440K->352K(86016K)] 164976K->79888K(285184K), 0.0055108 secs] [Times: user=0.03 sys=0.00, real=0.00 secs] 
2022-04-17T01:23:32.483+0800: 200205.062: [GC (Allocation Failure) [PSYoungGen: 85344K->416K(86016K)] 164880K->79952K(285184K), 0.0050554 secs] [Times: user=0.03 sys=0.00, real=0.00 secs] 
2022-04-17T01:31:34.398+0800: 200686.977: [GC (Allocation Failure) [PSYoungGen: 85408K->464K(86016K)] 164944K->80000K(285184K), 0.0052984 secs] [Times: user=0.03 sys=0.00, real=0.01 secs] 
2022-04-17T01:39:35.621+0800: 201168.200: [GC (Allocation Failure) [PSYoungGen: 85456K->448K(86016K)] 164992K->79984K(285184K), 0.0051375 secs] [Times: user=0.03 sys=0.00, real=0.00 secs] 
2022-04-17T01:47:36.840+0800: 201649.420: [GC (Allocation Failure) [PSYoungGen: 85440K->448K(86016K)] 164976K->79984K(285184K), 0.0053136 secs] [Times: user=0.02 sys=0.01, real=0.00 secs] 
2022-04-17T01:55:39.209+0800: 202131.788: [GC (Allocation Failure) [PSYoungGen: 85440K->480K(86016K)] 164976K->80016K(285184K), 0.0051387 secs] [Times: user=0.02 sys=0.00, real=0.01 secs] 
2022-04-17T02:03:40.020+0800: 202612.599: [GC (Allocation Failure) [PSYoungGen: 85472K->416K(86016K)] 165008K->80048K(285184K), 0.0052745 secs] [Times: user=0.02 sys=0.00, real=0.00 secs] 
2022-04-17T02:11:41.459+0800: 203094.039: [GC (Allocation Failure) [PSYoungGen: 85408K->352K(86016K)] 165040K->79984K(285184K), 0.0055180 secs] [Times: user=0.02 sys=0.00, real=0.00 secs] 
2022-04-17T02:19:43.200+0800: 203575.779: [GC (Allocation Failure) [PSYoungGen: 85344K->352K(86016K)] 164976K->80128K(285184K), 0.0053675 secs] [Times: user=0.03 sys=0.00, real=0.00 secs] 
2022-04-17T02:27:43.379+0800: 204055.959: [GC (Allocation Failure) [PSYoungGen: 85344K->352K(86016K)] 165120K->80128K(285184K), 0.0052783 secs] [Times: user=0.02 sys=0.01, real=0.00 secs] 
2022-04-17T02:35:45.783+0800: 204538.362: [GC (Allocation Failure) [PSYoungGen: 85344K->448K(86016K)] 165120K->80224K(285184K), 0.0056074 secs] [Times: user=0.02 sys=0.01, real=0.00 secs] 
2022-04-17T02:43:47.562+0800: 205020.142: [GC (Allocation Failure) [PSYoungGen: 85439K->192K(86016K)] 165216K->79976K(285184K), 0.0052008 secs] [Times: user=0.02 sys=0.01, real=0.00 secs] 
2022-04-17T02:51:47.389+0800: 205499.969: [GC (Allocation Failure) [PSYoungGen: 85184K->416K(86016K)] 164968K->80200K(285184K), 0.0061865 secs] [Times: user=0.03 sys=0.01, real=0.00 secs] 
2022-04-17T02:59:48.561+0800: 205981.140: [GC (Allocation Failure) [PSYoungGen: 85408K->320K(86016K)] 165192K->80104K(285184K), 0.0053511 secs] [Times: user=0.03 sys=0.00, real=0.00 secs] 
2022-04-17T03:07:48.923+0800: 206461.502: [GC (Allocation Failure) [PSYoungGen: 85312K->464K(86016K)] 165096K->80248K(285184K), 0.0048611 secs] [Times: user=0.03 sys=0.00, real=0.00 secs] 
2022-04-17T03:15:50.579+0800: 206943.159: [GC (Allocation Failure) [PSYoungGen: 85456K->432K(86016K)] 165240K->80224K(285184K), 0.0052181 secs] [Times: user=0.02 sys=0.00, real=0.00 secs] 
2022-04-17T03:23:52.703+0800: 207425.283: [GC (Allocation Failure) [PSYoungGen: 85424K->448K(86016K)] 165216K->80240K(285184K), 0.0051112 secs] [Times: user=0.02 sys=0.00, real=0.00 secs] 
2022-04-17T03:31:54.965+0800: 207907.545: [GC (Allocation Failure) [PSYoungGen: 85440K->352K(86016K)] 165232K->80144K(285184K), 0.0048895 secs] [Times: user=0.02 sys=0.00, real=0.01 secs] 
2022-04-17T03:39:57.408+0800: 208389.987: [GC (Allocation Failure) [PSYoungGen: 85344K->464K(86016K)] 165136K->80256K(285184K), 0.0051580 secs] [Times: user=0.03 sys=0.00, real=0.01 secs] 
2022-04-17T03:47:58.558+0800: 208871.137: [GC (Allocation Failure) [PSYoungGen: 85456K->416K(86016K)] 165248K->80208K(285184K), 0.0049983 secs] [Times: user=0.02 sys=0.00, real=0.01 secs] 
2022-04-17T03:55:58.986+0800: 209351.565: [GC (Allocation Failure) [PSYoungGen: 85408K->512K(86016K)] 165200K->80304K(285184K), 0.0050144 secs] [Times: user=0.03 sys=0.01, real=0.01 secs] 
2022-04-17T04:04:02.143+0800: 209834.722: [GC (Allocation Failure) [PSYoungGen: 85504K->480K(86016K)] 165296K->80296K(285184K), 0.0047768 secs] [Times: user=0.02 sys=0.01, real=0.00 secs] 
2022-04-17T04:12:04.052+0800: 210316.632: [GC (Allocation Failure) [PSYoungGen: 85472K->384K(86016K)] 165288K->80200K(285184K), 0.0058666 secs] [Times: user=0.03 sys=0.00, real=0.00 secs] 
2022-04-17T04:20:04.945+0800: 210797.524: [GC (Allocation Failure) [PSYoungGen: 85376K->416K(86016K)] 165192K->80232K(285184K), 0.0054390 secs] [Times: user=0.03 sys=0.01, real=0.01 secs] 
2022-04-17T04:28:07.100+0800: 211279.679: [GC (Allocation Failure) [PSYoungGen: 85408K->384K(86016K)] 165224K->80200K(285184K), 0.0059413 secs] [Times: user=0.03 sys=0.00, real=0.00 secs] 
2022-04-17T04:36:09.060+0800: 211761.639: [GC (Allocation Failure) [PSYoungGen: 85376K->512K(86016K)] 165192K->80344K(285184K), 0.0049868 secs] [Times: user=0.02 sys=0.00, real=0.00 secs] 
2022-04-17T04:44:10.028+0800: 212242.607: [GC (Allocation Failure) [PSYoungGen: 85504K->464K(86016K)] 165336K->80296K(285184K), 0.0050755 secs] [Times: user=0.03 sys=0.00, real=0.01 secs] 
2022-04-17T04:52:10.432+0800: 212723.011: [GC (Allocation Failure) [PSYoungGen: 85456K->464K(86016K)] 165288K->80304K(285184K), 0.0051238 secs] [Times: user=0.03 sys=0.00, real=0.00 secs] 
2022-04-17T05:00:13.275+0800: 213205.855: [GC (Allocation Failure) [PSYoungGen: 85456K->528K(86016K)] 165296K->80368K(285184K), 0.0052221 secs] [Times: user=0.02 sys=0.00, real=0.01 secs] 
2022-04-17T05:08:16.140+0800: 213688.719: [GC (Allocation Failure) [PSYoungGen: 85520K->432K(86016K)] 165360K->80448K(285184K), 0.0067728 secs] [Times: user=0.03 sys=0.03, real=0.00 secs] 
2022-04-17T05:16:17.269+0800: 214169.849: [GC (Allocation Failure) [PSYoungGen: 85424K->352K(86016K)] 165440K->80368K(285184K), 0.0055717 secs] [Times: user=0.03 sys=0.01, real=0.00 secs] 
2022-04-17T05:24:19.229+0800: 214651.808: [GC (Allocation Failure) [PSYoungGen: 85344K->416K(86016K)] 165360K->80432K(285184K), 0.0050904 secs] [Times: user=0.03 sys=0.01, real=0.01 secs] 
2022-04-17T05:32:20.150+0800: 215132.729: [GC (Allocation Failure) [PSYoungGen: 85408K->448K(86016K)] 165424K->80464K(285184K), 0.0050560 secs] [Times: user=0.02 sys=0.01, real=0.00 secs] 
2022-04-17T05:40:22.979+0800: 215615.559: [GC (Allocation Failure) [PSYoungGen: 85440K->336K(86016K)] 165456K->80352K(285184K), 0.0049812 secs] [Times: user=0.02 sys=0.01, real=0.00 secs] 
2022-04-17T05:48:23.579+0800: 216096.159: [GC (Allocation Failure) [PSYoungGen: 85328K->480K(86016K)] 165344K->80496K(285184K), 0.0048540 secs] [Times: user=0.03 sys=0.00, real=0.00 secs] 
2022-04-17T05:56:25.339+0800: 216577.918: [GC (Allocation Failure) [PSYoungGen: 85472K->448K(86016K)] 165488K->80480K(285184K), 0.0051757 secs] [Times: user=0.03 sys=0.00, real=0.01 secs] 
2022-04-17T06:04:26.339+0800: 217058.919: [GC (Allocation Failure) [PSYoungGen: 85440K->256K(86016K)] 165472K->80288K(285184K), 0.0054274 secs] [Times: user=0.03 sys=0.00, real=0.00 secs] 
2022-04-17T06:12:27.479+0800: 217540.059: [GC (Allocation Failure) [PSYoungGen: 85248K->400K(86016K)] 165280K->80432K(285184K), 0.0053240 secs] [Times: user=0.03 sys=0.01, real=0.00 secs] 
2022-04-17T06:20:28.389+0800: 218020.969: [GC (Allocation Failure) [PSYoungGen: 85392K->464K(86016K)] 165424K->80496K(285184K), 0.0054234 secs] [Times: user=0.03 sys=0.00, real=0.00 secs] 
2022-04-17T06:28:29.060+0800: 218501.639: [GC (Allocation Failure) [PSYoungGen: 85456K->384K(86016K)] 165488K->80424K(285184K), 0.0053253 secs] [Times: user=0.02 sys=0.00, real=0.00 secs] 
2022-04-17T06:36:31.542+0800: 218984.121: [GC (Allocation Failure) [PSYoungGen: 85376K->320K(86016K)] 165416K->80488K(285184K), 0.0052118 secs] [Times: user=0.03 sys=0.01, real=0.00 secs] 
2022-04-17T06:44:34.412+0800: 219466.991: [GC (Allocation Failure) [PSYoungGen: 85312K->192K(86016K)] 165480K->80360K(285184K), 0.0057080 secs] [Times: user=0.03 sys=0.00, real=0.00 secs] 
2022-04-17T06:52:37.485+0800: 219950.064: [GC (Allocation Failure) [PSYoungGen: 85184K->288K(86016K)] 165352K->80456K(285184K), 0.0054373 secs] [Times: user=0.03 sys=0.00, real=0.01 secs] 
2022-04-17T07:00:38.456+0800: 220431.036: [GC (Allocation Failure) [PSYoungGen: 85280K->352K(86016K)] 165448K->80528K(285184K), 0.0055797 secs] [Times: user=0.03 sys=0.00, real=0.01 secs] 
2022-04-17T07:08:40.542+0800: 220913.122: [GC (Allocation Failure) [PSYoungGen: 85344K->384K(86016K)] 165520K->80560K(285184K), 0.0052159 secs] [Times: user=0.03 sys=0.00, real=0.00 secs] 
2022-04-17T07:16:43.547+0800: 221396.126: [GC (Allocation Failure) [PSYoungGen: 85376K->352K(86016K)] 165552K->80528K(285184K), 0.0061795 secs] [Times: user=0.03 sys=0.01, real=0.01 secs] 
2022-04-17T07:24:44.014+0800: 221876.593: [GC (Allocation Failure) [PSYoungGen: 85344K->320K(86016K)] 165520K->80504K(285184K), 0.0062040 secs] [Times: user=0.05 sys=0.00, real=0.01 secs] 
2022-04-17T07:32:43.628+0800: 222356.207: [GC (Allocation Failure) [PSYoungGen: 85312K->384K(86016K)] 165496K->80568K(285184K), 0.0067881 secs] [Times: user=0.05 sys=0.00, real=0.01 secs] 
2022-04-17T07:40:44.333+0800: 222836.912: [GC (Allocation Failure) [PSYoungGen: 85376K->384K(86528K)] 165560K->80568K(285696K), 0.0057403 secs] [Times: user=0.03 sys=0.01, real=0.00 secs] 
2022-04-17T07:48:48.570+0800: 223321.149: [GC (Allocation Failure) [PSYoungGen: 85888K->448K(86016K)] 166072K->80632K(285184K), 0.0052574 secs] [Times: user=0.03 sys=0.01, real=0.00 secs] 
2022-04-17T07:56:53.180+0800: 223805.760: [GC (Allocation Failure) [PSYoungGen: 85952K->384K(86528K)] 166136K->80568K(285696K), 0.0055014 secs] [Times: user=0.03 sys=0.00, real=0.00 secs] 
2022-04-17T08:04:56.849+0800: 224289.428: [GC (Allocation Failure) [PSYoungGen: 85888K->480K(86016K)] 166072K->80664K(285184K), 0.0061141 secs] [Times: user=0.03 sys=0.01, real=0.01 secs] 
2022-04-17T08:13:02.758+0800: 224775.337: [GC (Allocation Failure) [PSYoungGen: 85984K->448K(86016K)] 166168K->80632K(285184K), 0.0049620 secs] [Times: user=0.03 sys=0.01, real=0.01 secs] 
2022-04-17T08:21:05.460+0800: 225258.039: [GC (Allocation Failure) [PSYoungGen: 85440K->416K(86016K)] 165624K->80600K(285184K), 0.0054288 secs] [Times: user=0.03 sys=0.00, real=0.00 secs] 
2022-04-17T08:29:06.114+0800: 225738.693: [GC (Allocation Failure) [PSYoungGen: 85408K->448K(86016K)] 165592K->80632K(285184K), 0.0050895 secs] [Times: user=0.03 sys=0.01, real=0.00 secs] 
2022-04-17T08:37:09.218+0800: 226221.797: [GC (Allocation Failure) [PSYoungGen: 85440K->416K(86016K)] 165624K->80600K(285184K), 0.0052322 secs] [Times: user=0.03 sys=0.00, real=0.01 secs] 
2022-04-17T08:45:10.620+0800: 226703.199: [GC (Allocation Failure) [PSYoungGen: 85408K->448K(86016K)] 165592K->80632K(285184K), 0.0065835 secs] [Times: user=0.02 sys=0.00, real=0.00 secs] 
2022-04-17T08:53:13.758+0800: 227186.337: [GC (Allocation Failure) [PSYoungGen: 85440K->544K(86016K)] 165624K->80728K(285184K), 0.0052543 secs] [Times: user=0.03 sys=0.01, real=0.01 secs] 
2022-04-17T09:01:15.833+0800: 227668.413: [GC (Allocation Failure) [PSYoungGen: 85536K->448K(86016K)] 165720K->80632K(285184K), 0.0053406 secs] [Times: user=0.03 sys=0.00, real=0.00 secs] 
2022-04-17T09:09:17.758+0800: 228150.337: [GC (Allocation Failure) [PSYoungGen: 85440K->416K(86016K)] 165624K->80600K(285184K), 0.0052275 secs] [Times: user=0.03 sys=0.00, real=0.01 secs] 
2022-04-17T09:17:18.896+0800: 228631.475: [GC (Allocation Failure) [PSYoungGen: 85408K->352K(86016K)] 165592K->80536K(285184K), 0.0053890 secs] [Times: user=0.03 sys=0.01, real=0.01 secs] 
2022-04-17T09:25:20.916+0800: 229113.495: [GC (Allocation Failure) [PSYoungGen: 85344K->448K(86016K)] 165528K->80632K(285184K), 0.0051710 secs] [Times: user=0.03 sys=0.00, real=0.01 secs] 
2022-04-17T09:33:24.234+0800: 229596.813: [GC (Allocation Failure) [PSYoungGen: 85440K->448K(86016K)] 165624K->80632K(285184K), 0.0051301 secs] [Times: user=0.03 sys=0.00, real=0.00 secs] 
2022-04-17T09:41:24.655+0800: 230077.234: [GC (Allocation Failure) [PSYoungGen: 85440K->416K(86016K)] 165624K->80600K(285184K), 0.0050040 secs] [Times: user=0.03 sys=0.00, real=0.01 secs] 
2022-04-17T09:49:28.238+0800: 230560.817: [GC (Allocation Failure) [PSYoungGen: 85408K->448K(86016K)] 165592K->80640K(285184K), 0.0051352 secs] [Times: user=0.02 sys=0.01, real=0.01 secs] 
2022-04-17T09:57:30.553+0800: 231043.132: [GC (Allocation Failure) [PSYoungGen: 85440K->384K(86016K)] 165632K->80840K(285184K), 0.0064821 secs] [Times: user=0.03 sys=0.01, real=0.01 secs] 
2022-04-17T10:05:34.019+0800: 231526.599: [GC (Allocation Failure) [PSYoungGen: 85376K->416K(86016K)] 165832K->80904K(285184K), 0.0052460 secs] [Times: user=0.02 sys=0.01, real=0.00 secs] 
2022-04-17T10:13:36.491+0800: 232009.071: [GC (Allocation Failure) [PSYoungGen: 85408K->448K(86016K)] 165896K->80936K(285184K), 0.0053335 secs] [Times: user=0.02 sys=0.01, real=0.00 secs] 
2022-04-17T10:21:41.108+0800: 232493.687: [GC (Allocation Failure) [PSYoungGen: 85440K->384K(86016K)] 165928K->80872K(285184K), 0.0054126 secs] [Times: user=0.03 sys=0.00, real=0.01 secs] 
2022-04-17T10:29:42.299+0800: 232974.879: [GC (Allocation Failure) [PSYoungGen: 85376K->384K(86016K)] 165864K->80880K(285184K), 0.0054130 secs] [Times: user=0.03 sys=0.00, real=0.00 secs] 
2022-04-17T10:37:43.370+0800: 233455.949: [GC (Allocation Failure) [PSYoungGen: 85376K->320K(86016K)] 165872K->80816K(285184K), 0.0053322 secs] [Times: user=0.03 sys=0.00, real=0.00 secs] 
2022-04-17T10:45:46.185+0800: 233938.764: [GC (Allocation Failure) [PSYoungGen: 85312K->416K(86016K)] 165808K->80912K(285184K), 0.0052792 secs] [Times: user=0.02 sys=0.00, real=0.01 secs] 
2022-04-17T10:52:50.957+0800: 234363.536: [GC (Allocation Failure) [PSYoungGen: 85408K->512K(86016K)] 165904K->81008K(285184K), 0.0052156 secs] [Times: user=0.03 sys=0.00, real=0.01 secs] 
2022-04-17T10:56:09.300+0800: 234561.879: [GC (Allocation Failure) [PSYoungGen: 85504K->528K(86016K)] 166000K->81024K(285184K), 0.0051197 secs] [Times: user=0.03 sys=0.01, real=0.00 secs] 
2022-04-17T10:59:30.920+0800: 234763.499: [GC (Allocation Failure) [PSYoungGen: 85520K->496K(86016K)] 166016K->80992K(285184K), 0.0053190 secs] [Times: user=0.03 sys=0.00, real=0.00 secs] 
2022-04-17T11:02:19.025+0800: 234931.604: [GC (Allocation Failure) [PSYoungGen: 85488K->512K(86016K)] 165984K->81008K(285184K), 0.0049708 secs] [Times: user=0.03 sys=0.00, real=0.01 secs] 
2022-04-17T11:06:34.618+0800: 235187.197: [GC (Allocation Failure) [PSYoungGen: 85504K->528K(86016K)] 166000K->81032K(285184K), 0.0057844 secs] [Times: user=0.03 sys=0.01, real=0.01 secs] 
2022-04-17T11:14:37.758+0800: 235670.338: [GC (Allocation Failure) [PSYoungGen: 85520K->528K(86016K)] 166024K->81032K(285184K), 0.0053210 secs] [Times: user=0.03 sys=0.00, real=0.01 secs] 
2022-04-17T11:22:40.758+0800: 236153.337: [GC (Allocation Failure) [PSYoungGen: 85520K->384K(86016K)] 166024K->80888K(285184K), 0.0052454 secs] [Times: user=0.03 sys=0.01, real=0.01 secs] 
2022-04-17T11:30:43.397+0800: 236635.976: [GC (Allocation Failure) [PSYoungGen: 85376K->480K(86016K)] 165880K->81008K(285184K), 0.0054042 secs] [Times: user=0.03 sys=0.00, real=0.01 secs] 
2022-04-17T11:38:46.348+0800: 237118.927: [GC (Allocation Failure) [PSYoungGen: 85472K->480K(86016K)] 166000K->81008K(285184K), 0.0052484 secs] [Times: user=0.02 sys=0.00, real=0.01 secs] 
2022-04-17T11:46:47.998+0800: 237600.577: [GC (Allocation Failure) [PSYoungGen: 85472K->480K(86016K)] 166000K->81168K(285184K), 0.0051217 secs] [Times: user=0.03 sys=0.00, real=0.01 secs] 
2022-04-17T11:54:49.927+0800: 238082.506: [GC (Allocation Failure) [PSYoungGen: 85472K->160K(86016K)] 166160K->80848K(285184K), 0.0053095 secs] [Times: user=0.02 sys=0.01, real=0.01 secs] 
2022-04-17T12:02:51.000+0800: 238563.579: [GC (Allocation Failure) [PSYoungGen: 85152K->384K(86016K)] 165840K->81072K(285184K), 0.0056123 secs] [Times: user=0.02 sys=0.00, real=0.00 secs] 
2022-04-17T12:10:53.778+0800: 239046.358: [GC (Allocation Failure) [PSYoungGen: 85376K->448K(86016K)] 166064K->81136K(285184K), 0.0050579 secs] [Times: user=0.02 sys=0.01, real=0.01 secs] 
2022-04-17T12:18:54.774+0800: 239527.353: [GC (Allocation Failure) [PSYoungGen: 85439K->416K(86016K)] 166128K->81104K(285184K), 0.0052081 secs] [Times: user=0.02 sys=0.00, real=0.01 secs] 
2022-04-17T12:26:54.774+0800: 240007.353: [GC (Allocation Failure) [PSYoungGen: 85408K->448K(86016K)] 166096K->81136K(285184K), 0.0050793 secs] [Times: user=0.02 sys=0.01, real=0.00 secs] 
2022-04-17T12:34:54.410+0800: 240486.989: [GC (Allocation Failure) [PSYoungGen: 85440K->496K(86016K)] 166128K->81296K(285184K), 0.0057044 secs] [Times: user=0.03 sys=0.00, real=0.00 secs] 
2022-04-17T12:42:53.758+0800: 240966.337: [GC (Allocation Failure) [PSYoungGen: 85488K->384K(86016K)] 166288K->81184K(285184K), 0.0052927 secs] [Times: user=0.03 sys=0.00, real=0.01 secs] 
2022-04-17T12:50:54.774+0800: 241447.353: [GC (Allocation Failure) [PSYoungGen: 85376K->512K(86016K)] 166176K->81312K(285184K), 0.0053118 secs] [Times: user=0.02 sys=0.01, real=0.00 secs] 
2022-04-17T12:58:55.049+0800: 241927.628: [GC (Allocation Failure) [PSYoungGen: 85504K->496K(86016K)] 166304K->81320K(285184K), 0.0055146 secs] [Times: user=0.03 sys=0.00, real=0.00 secs] 
2022-04-17T13:06:56.100+0800: 242408.679: [GC (Allocation Failure) [PSYoungGen: 85488K->416K(86016K)] 166312K->81336K(285184K), 0.0057683 secs] [Times: user=0.03 sys=0.00, real=0.00 secs] 
2022-04-17T13:14:56.876+0800: 242889.455: [GC (Allocation Failure) [PSYoungGen: 85408K->464K(86016K)] 166328K->81384K(285184K), 0.0058378 secs] [Times: user=0.02 sys=0.01, real=0.01 secs] 
2022-04-17T13:22:58.033+0800: 243370.612: [GC (Allocation Failure) [PSYoungGen: 85456K->464K(86016K)] 166376K->81384K(285184K), 0.0052025 secs] [Times: user=0.02 sys=0.01, real=0.00 secs] 
2022-04-17T13:31:00.680+0800: 243853.259: [GC (Allocation Failure) [PSYoungGen: 85456K->384K(86016K)] 166376K->81304K(285184K), 0.0052827 secs] [Times: user=0.03 sys=0.00, real=0.00 secs] 
2022-04-17T13:39:01.715+0800: 244334.294: [GC (Allocation Failure) [PSYoungGen: 85376K->448K(86016K)] 166296K->81368K(285184K), 0.0052808 secs] [Times: user=0.03 sys=0.00, real=0.01 secs] 
2022-04-17T13:47:04.620+0800: 244817.199: [GC (Allocation Failure) [PSYoungGen: 85440K->480K(86016K)] 166360K->81416K(285184K), 0.0053973 secs] [Times: user=0.03 sys=0.01, real=0.00 secs] 
2022-04-17T13:55:04.859+0800: 245297.439: [GC (Allocation Failure) [PSYoungGen: 85472K->464K(86016K)] 166408K->81400K(285184K), 0.0052590 secs] [Times: user=0.02 sys=0.00, real=0.00 secs] 
2022-04-17T14:03:05.339+0800: 245777.919: [GC (Allocation Failure) [PSYoungGen: 85456K->544K(86016K)] 166392K->81496K(285184K), 0.0052867 secs] [Times: user=0.02 sys=0.01, real=0.00 secs] 
2022-04-17T14:11:07.399+0800: 246259.978: [GC (Allocation Failure) [PSYoungGen: 85536K->496K(86016K)] 166488K->81472K(285184K), 0.0053174 secs] [Times: user=0.03 sys=0.01, real=0.01 secs] 
2022-04-17T14:19:10.261+0800: 246742.840: [GC (Allocation Failure) [PSYoungGen: 85488K->464K(86016K)] 166464K->81440K(285184K), 0.0048897 secs] [Times: user=0.03 sys=0.00, real=0.00 secs] 
2022-04-17T14:27:11.341+0800: 247223.920: [GC (Allocation Failure) [PSYoungGen: 85456K->416K(86016K)] 166432K->81392K(285184K), 0.0052915 secs] [Times: user=0.02 sys=0.00, real=0.00 secs] 
2022-04-17T14:35:12.758+0800: 247705.337: [GC (Allocation Failure) [PSYoungGen: 85408K->464K(86016K)] 166384K->81480K(285184K), 0.0049202 secs] [Times: user=0.03 sys=0.00, real=0.01 secs] 
2022-04-17T14:43:14.850+0800: 248187.429: [GC (Allocation Failure) [PSYoungGen: 85456K->384K(86016K)] 166472K->81400K(285184K), 0.0052885 secs] [Times: user=0.03 sys=0.00, real=0.00 secs] 
2022-04-17T14:51:17.832+0800: 248670.411: [GC (Allocation Failure) [PSYoungGen: 85376K->400K(86016K)] 166392K->81416K(285184K), 0.0050254 secs] [Times: user=0.03 sys=0.01, real=0.00 secs] 
