OpenJDK 64-Bit Server VM (25.292-b10) for linux-amd64 JRE (1.8.0_292-b10), built on Apr 21 2021 14:24:48 by "mockbuild" with gcc 4.8.5 20150623 (Red Hat 4.8.5-44)
Memory: 4k page, physical 24260116k(19381528k free), swap 12255228k(12255228k free)
CommandLine flags: -XX:+HeapDumpOnOutOfMemoryError -XX:InitialHeapSize=134217728 -XX:MaxHeapSize=536870912 -XX:NewRatio=4 -XX:+PrintGC -XX:+PrintGCDateStamps -XX:+PrintGCDetails -XX:+PrintGCTimeStamps -XX:SurvivorRatio=4 -XX:+UseCompressedClassPointers -XX:+UseCompressedOops -XX:+UseParallelGC 
2021-08-18T16:29:33.594+0800: 0.162: [GC (Allocation Failure) [PSYoungGen: 17920K->2007K(22016K)] 17920K->2023K(126976K), 0.0019626 secs] [Times: user=0.01 sys=0.01, real=0.00 secs] 
2021-08-18T16:29:33.659+0800: 0.227: [GC (Allocation Failure) [PSYoungGen: 19927K->2633K(39936K)] 19943K->2657K(144896K), 0.0031458 secs] [Times: user=0.02 sys=0.02, real=0.01 secs] 
2021-08-18T16:29:33.757+0800: 0.325: [GC (Allocation Failure) [PSYoungGen: 38473K->3205K(39936K)] 38497K->3237K(144896K), 0.0020056 secs] [Times: user=0.01 sys=0.01, real=0.00 secs] 
2021-08-18T16:29:33.801+0800: 0.369: [GC (Allocation Failure) [PSYoungGen: 39045K->3933K(75776K)] 39077K->3973K(180736K), 0.0039919 secs] [Times: user=0.02 sys=0.02, real=0.00 secs] 
2021-08-18T16:29:33.876+0800: 0.444: [GC (Allocation Failure) [PSYoungGen: 75613K->4080K(75776K)] 75653K->5087K(180736K), 0.0037523 secs] [Times: user=0.02 sys=0.01, real=0.00 secs] 
2021-08-18T16:29:33.934+0800: 0.502: [GC (Allocation Failure) [PSYoungGen: 75760K->5616K(95744K)] 76767K->7173K(200704K), 0.0052255 secs] [Times: user=0.02 sys=0.04, real=0.00 secs] 
2021-08-18T16:29:34.093+0800: 0.661: [GC (Allocation Failure) [PSYoungGen: 95728K->7144K(97280K)] 97285K->12268K(202240K), 0.0094305 secs] [Times: user=0.06 sys=0.05, real=0.01 secs] 
2021-08-18T16:29:34.129+0800: 0.697: [GC (Metadata GC Threshold) [PSYoungGen: 18894K->6236K(91136K)] 24018K->12256K(196096K), 0.0025120 secs] [Times: user=0.02 sys=0.00, real=0.01 secs] 
2021-08-18T16:29:34.131+0800: 0.699: [Full GC (Metadata GC Threshold) [PSYoungGen: 6236K->0K(91136K)] [ParOldGen: 6019K->8552K(104960K)] 12256K->8552K(196096K), [Metaspace: 20515K->20515K(1069056K)], 0.0161565 secs] [Times: user=0.09 sys=0.04, real=0.01 secs] 
2021-08-18T16:29:34.236+0800: 0.804: [GC (Allocation Failure) [PSYoungGen: 83968K->2626K(94208K)] 92520K->11187K(199168K), 0.0048692 secs] [Times: user=0.05 sys=0.00, real=0.01 secs] 
2021-08-18T16:29:34.385+0800: 0.953: [GC (Allocation Failure) [PSYoungGen: 86594K->4482K(93696K)] 95155K->13050K(198656K), 0.0019017 secs] [Times: user=0.01 sys=0.00, real=0.00 secs] 
2021-08-18T16:29:34.558+0800: 1.126: [GC (Allocation Failure) [PSYoungGen: 88962K->3600K(94208K)] 97530K->14409K(199168K), 0.0028943 secs] [Times: user=0.02 sys=0.01, real=0.01 secs] 
2021-08-18T16:29:34.668+0800: 1.236: [GC (Allocation Failure) [PSYoungGen: 88080K->1792K(94720K)] 98889K->13852K(199680K), 0.0016296 secs] [Times: user=0.02 sys=0.00, real=0.00 secs] 
2021-08-18T16:29:34.821+0800: 1.389: [GC (Allocation Failure) [PSYoungGen: 87296K->3077K(94720K)] 99356K->16313K(199680K), 0.0032060 secs] [Times: user=0.02 sys=0.01, real=0.00 secs] 
2021-08-18T16:29:34.962+0800: 1.530: [GC (Allocation Failure) [PSYoungGen: 88581K->2247K(94208K)] 101817K->16495K(199168K), 0.0021782 secs] [Times: user=0.02 sys=0.00, real=0.00 secs] 
2021-08-18T16:29:35.138+0800: 1.706: [GC (Metadata GC Threshold) [PSYoungGen: 63055K->3400K(94720K)] 77303K->18840K(199680K), 0.0039826 secs] [Times: user=0.04 sys=0.01, real=0.01 secs] 
2021-08-18T16:29:35.142+0800: 1.710: [Full GC (Metadata GC Threshold) [PSYoungGen: 3400K->0K(94720K)] [ParOldGen: 15440K->17296K(104960K)] 18840K->17296K(199680K), [Metaspace: 34379K->34379K(1081344K)], 0.0449639 secs] [Times: user=0.52 sys=0.00, real=0.04 secs] 
2021-08-18T16:29:35.481+0800: 2.049: [GC (Allocation Failure) [PSYoungGen: 86016K->4203K(94720K)] 103312K->21572K(199680K), 0.0022838 secs] [Times: user=0.02 sys=0.00, real=0.00 secs] 
2021-08-18T16:29:35.630+0800: 2.198: [GC (Allocation Failure) [PSYoungGen: 91243K->5794K(95232K)] 108612K->23171K(200192K), 0.0038731 secs] [Times: user=0.04 sys=0.00, real=0.01 secs] 
2021-08-18T16:29:35.756+0800: 2.324: [GC (Allocation Failure) [PSYoungGen: 92834K->6085K(95744K)] 110211K->23470K(200704K), 0.0027845 secs] [Times: user=0.03 sys=0.00, real=0.00 secs] 
2021-08-18T16:29:35.881+0800: 2.449: [GC (Allocation Failure) [PSYoungGen: 93125K->6513K(93696K)] 110510K->23906K(198656K), 0.0028159 secs] [Times: user=0.03 sys=0.00, real=0.00 secs] 
2021-08-18T16:29:36.103+0800: 2.671: [GC (Allocation Failure) [PSYoungGen: 93553K->9210K(92160K)] 110946K->27072K(197120K), 0.0045526 secs] [Times: user=0.05 sys=0.00, real=0.00 secs] 
2021-08-18T16:29:36.224+0800: 2.792: [GC (Allocation Failure) [PSYoungGen: 92154K->5403K(93696K)] 110016K->27053K(198656K), 0.0067436 secs] [Times: user=0.07 sys=0.02, real=0.01 secs] 
2021-08-18T16:29:36.441+0800: 3.009: [GC (Allocation Failure) [PSYoungGen: 88347K->7144K(93184K)] 109997K->28802K(198144K), 0.0040520 secs] [Times: user=0.05 sys=0.00, real=0.00 secs] 
2021-08-18T16:29:36.575+0800: 3.143: [GC (Allocation Failure) [PSYoungGen: 90088K->8999K(92160K)] 111746K->30665K(197120K), 0.0040239 secs] [Times: user=0.05 sys=0.00, real=0.00 secs] 
2021-08-18T16:29:36.704+0800: 3.272: [GC (Allocation Failure) [PSYoungGen: 91943K->9576K(91136K)] 113609K->31250K(196096K), 0.0057996 secs] [Times: user=0.07 sys=0.00, real=0.00 secs] 
2021-08-18T16:29:36.803+0800: 3.371: [GC (Allocation Failure) [PSYoungGen: 89448K->10831K(91136K)] 111122K->32929K(196096K), 0.0052972 secs] [Times: user=0.08 sys=0.00, real=0.00 secs] 
2021-08-18T16:29:36.938+0800: 3.506: [GC (Allocation Failure) [PSYoungGen: 90703K->9395K(90112K)] 112801K->34119K(195072K), 0.0062053 secs] [Times: user=0.08 sys=0.01, real=0.01 secs] 
2021-08-18T16:29:37.055+0800: 3.623: [GC (Allocation Failure) [PSYoungGen: 86195K->7273K(90624K)] 110919K->35838K(195584K), 0.0071110 secs] [Times: user=0.07 sys=0.00, real=0.01 secs] 
2021-08-18T16:29:37.153+0800: 3.721: [GC (Allocation Failure) [PSYoungGen: 84073K->5790K(89600K)] 112638K->36903K(194560K), 0.0078844 secs] [Times: user=0.11 sys=0.01, real=0.01 secs] 
2021-08-18T16:29:37.260+0800: 3.828: [GC (Allocation Failure) [PSYoungGen: 83102K->4416K(90112K)] 114215K->38093K(195072K), 0.0051536 secs] [Times: user=0.07 sys=0.00, real=0.01 secs] 
2021-08-18T16:29:37.455+0800: 4.024: [GC (Metadata GC Threshold) [PSYoungGen: 71564K->4965K(90624K)] 105241K->41490K(195584K), 0.0051455 secs] [Times: user=0.07 sys=0.01, real=0.01 secs] 
2021-08-18T16:29:37.461+0800: 4.029: [Full GC (Metadata GC Threshold) [PSYoungGen: 4965K->0K(90624K)] [ParOldGen: 36525K->38584K(104960K)] 41490K->38584K(195584K), [Metaspace: 57214K->57214K(1101824K)], 0.1388618 secs] [Times: user=1.85 sys=0.00, real=0.13 secs] 
2021-08-18T16:29:54.580+0800: 21.148: [GC (Allocation Failure) [PSYoungGen: 78848K->3380K(91136K)] 117432K->41973K(196096K), 0.0022555 secs] [Times: user=0.01 sys=0.00, real=0.01 secs] 
2021-08-18T17:55:55.001+0800: 5181.570: [GC (Allocation Failure) [PSYoungGen: 82228K->2464K(92160K)] 120821K->41064K(197120K), 0.0082758 secs] [Times: user=0.06 sys=0.00, real=0.00 secs] 
2021-08-18T20:22:54.345+0800: 14000.913: [GC (Allocation Failure) [PSYoungGen: 82336K->2368K(92160K)] 120936K->40976K(197120K), 0.0022013 secs] [Times: user=0.02 sys=0.00, real=0.00 secs] 
2021-08-18T22:56:47.428+0800: 23233.996: [GC (Allocation Failure) [PSYoungGen: 82240K->2272K(92160K)] 120848K->40888K(197120K), 0.0025178 secs] [Times: user=0.02 sys=0.00, real=0.01 secs] 
2021-08-19T01:30:06.684+0800: 32433.252: [GC (Allocation Failure) [PSYoungGen: 82144K->2464K(82432K)] 120760K->41088K(187392K), 0.0028131 secs] [Times: user=0.02 sys=0.00, real=0.00 secs] 
2021-08-19T04:04:54.345+0800: 41720.913: [GC (Allocation Failure) [PSYoungGen: 82336K->2464K(87552K)] 120960K->41096K(192512K), 0.0030464 secs] [Times: user=0.02 sys=0.00, real=0.00 secs] 
2021-08-19T06:35:58.010+0800: 50784.578: [GC (Allocation Failure) [PSYoungGen: 80288K->2304K(78336K)] 118920K->40944K(183296K), 0.0029399 secs] [Times: user=0.02 sys=0.00, real=0.01 secs] 
2021-08-19T09:05:54.345+0800: 59780.913: [GC (Allocation Failure) [PSYoungGen: 78080K->2336K(81920K)] 116720K->40976K(186880K), 0.0024107 secs] [Times: user=0.02 sys=0.00, real=0.00 secs] 
2021-08-19T10:55:42.160+0800: 66368.728: [GC (Allocation Failure) [PSYoungGen: 76064K->2918K(74752K)] 114704K->41558K(179712K), 0.0022779 secs] [Times: user=0.02 sys=0.00, real=0.01 secs] 
2021-08-19T13:12:36.448+0800: 74583.016: [GC (Allocation Failure) [PSYoungGen: 74598K->2608K(77312K)] 113238K->41256K(182272K), 0.0069433 secs] [Times: user=0.07 sys=0.00, real=0.01 secs] 
2021-08-19T15:28:36.481+0800: 82743.049: [GC (Allocation Failure) [PSYoungGen: 72240K->2544K(70144K)] 110888K->41192K(175104K), 0.0066604 secs] [Times: user=0.07 sys=0.00, real=0.00 secs] 
2021-08-19T17:40:36.533+0800: 90663.101: [GC (Allocation Failure) [PSYoungGen: 70126K->2608K(73216K)] 108774K->41256K(178176K), 0.0059239 secs] [Times: user=0.06 sys=0.00, real=0.00 secs] 
2021-08-19T19:51:06.855+0800: 98493.423: [GC (Allocation Failure) [PSYoungGen: 68656K->2560K(67072K)] 107304K->41208K(172032K), 0.0022198 secs] [Times: user=0.02 sys=0.00, real=0.00 secs] 
2021-08-19T21:58:21.208+0800: 106127.776: [GC (Allocation Failure) [PSYoungGen: 67072K->2528K(69632K)] 105720K->41176K(174592K), 0.0026844 secs] [Times: user=0.02 sys=0.00, real=0.01 secs] 
2021-08-20T00:03:03.001+0800: 113609.569: [GC (Allocation Failure) [PSYoungGen: 65504K->2560K(64000K)] 104152K->41216K(168960K), 0.0023699 secs] [Times: user=0.02 sys=0.00, real=0.00 secs] 
2021-08-20T02:03:37.993+0800: 120844.561: [GC (Allocation Failure) [PSYoungGen: 64000K->1024K(66560K)] 102656K->41352K(171520K), 0.0031067 secs] [Times: user=0.02 sys=0.01, real=0.00 secs] 
2021-08-20T04:01:37.601+0800: 127924.169: [GC (Allocation Failure) [PSYoungGen: 60928K->704K(59392K)] 101256K->41432K(164352K), 0.0021721 secs] [Times: user=0.01 sys=0.00, real=0.00 secs] 
2021-08-20T05:56:02.624+0800: 134789.192: [GC (Allocation Failure) [PSYoungGen: 59072K->384K(63488K)] 99800K->41360K(168448K), 0.0019522 secs] [Times: user=0.01 sys=0.00, real=0.00 secs] 
2021-08-20T07:47:50.435+0800: 141497.003: [GC (Allocation Failure) [PSYoungGen: 57216K->448K(55808K)] 98192K->41528K(160768K), 0.0018859 secs] [Times: user=0.01 sys=0.00, real=0.00 secs] 
2021-08-20T09:36:38.032+0800: 148024.600: [GC (Allocation Failure) [PSYoungGen: 55744K->448K(60928K)] 96824K->41600K(165888K), 0.0021225 secs] [Times: user=0.01 sys=0.00, real=0.00 secs] 
