Java HotSpot(TM) 64-Bit Server VM (25.291-b10) for linux-amd64 JRE (1.8.0_291-b10), built on Apr  7 2021 19:13:06 by "java_re" with gcc 7.3.0
Memory: 4k page, physical 24260116k(23207660k free), swap 12255228k(12255228k free)
CommandLine flags: -XX:+HeapDumpOnOutOfMemoryError -XX:InitialHeapSize=268435456 -XX:MaxHeapSize=536870912 -XX:+PrintGC -XX:+PrintGCDateStamps -XX:+PrintGCDetails -XX:+PrintGCTimeStamps -XX:+UseCompressedClassPointers -XX:+UseCompressedOops -XX:+UseParallelGC 
2021-08-18T16:28:32.962+0800: 0.560: [GC (Allocation Failure) [PSYoungGen: 65536K->6173K(76288K)] 65536K->6189K(251392K), 0.0042761 secs] [Times: user=0.02 sys=0.01, real=0.00 secs] 
2021-08-18T16:28:33.212+0800: 0.809: [GC (Allocation Failure) [PSYoungGen: 71709K->8493K(76288K)] 71725K->8589K(251392K), 0.0052803 secs] [Times: user=0.03 sys=0.02, real=0.00 secs] 
2021-08-18T16:28:33.297+0800: 0.894: [GC (Metadata GC Threshold) [PSYoungGen: 54844K->8245K(76288K)] 54940K->8349K(251392K), 0.0044945 secs] [Times: user=0.04 sys=0.00, real=0.01 secs] 
2021-08-18T16:28:33.301+0800: 0.899: [Full GC (Metadata GC Threshold) [PSYoungGen: 8245K->0K(76288K)] [ParOldGen: 104K->7992K(175104K)] 8349K->7992K(251392K), [Metaspace: 20288K->20288K(1067008K)], 0.0152741 secs] [Times: user=0.09 sys=0.02, real=0.01 secs] 
2021-08-18T16:28:33.423+0800: 1.021: [GC (GCLocker Initiated GC) [PSYoungGen: 65536K->8717K(115200K)] 73528K->16717K(290304K), 0.0039112 secs] [Times: user=0.02 sys=0.00, real=0.00 secs] 
2021-08-18T16:28:33.654+0800: 1.252: [GC (Allocation Failure) [PSYoungGen: 114701K->10726K(140288K)] 122744K->20283K(315392K), 0.0098238 secs] [Times: user=0.07 sys=0.02, real=0.01 secs] 
2021-08-18T16:28:34.366+0800: 1.964: [GC (Allocation Failure) [PSYoungGen: 140262K->12778K(157696K)] 149819K->23456K(332800K), 0.0122545 secs] [Times: user=0.08 sys=0.02, real=0.01 secs] 
2021-08-18T16:28:34.510+0800: 2.108: [GC (Metadata GC Threshold) [PSYoungGen: 33241K->9207K(159744K)] 43919K->19893K(334848K), 0.0049354 secs] [Times: user=0.04 sys=0.00, real=0.01 secs] 
2021-08-18T16:28:34.515+0800: 2.113: [Full GC (Metadata GC Threshold) [PSYoungGen: 9207K->0K(159744K)] [ParOldGen: 10686K->14123K(175104K)] 19893K->14123K(334848K), [Metaspace: 34074K->34074K(1079296K)], 0.0210931 secs] [Times: user=0.14 sys=0.00, real=0.02 secs] 
2021-08-18T16:28:36.041+0800: 3.639: [GC (Allocation Failure) [PSYoungGen: 144896K->11650K(159232K)] 159019K->25781K(334336K), 0.0099465 secs] [Times: user=0.08 sys=0.00, real=0.01 secs] 
2021-08-18T16:28:36.791+0800: 4.388: [GC (Allocation Failure) [PSYoungGen: 156546K->12860K(158208K)] 170677K->26999K(333312K), 0.0101160 secs] [Times: user=0.04 sys=0.01, real=0.01 secs] 
2021-08-18T16:28:37.116+0800: 4.713: [GC (Allocation Failure) [PSYoungGen: 157756K->10724K(159232K)] 171895K->29526K(334336K), 0.0128394 secs] [Times: user=0.14 sys=0.01, real=0.01 secs] 
2021-08-18T16:28:37.853+0800: 5.451: [GC (Allocation Failure) [PSYoungGen: 154596K->9638K(153600K)] 173398K->38356K(328704K), 0.0111617 secs] [Times: user=0.10 sys=0.02, real=0.01 secs] 
2021-08-18T16:28:38.159+0800: 5.756: [GC (Allocation Failure) [PSYoungGen: 153510K->5541K(158208K)] 182228K->40236K(333312K), 0.0079365 secs] [Times: user=0.08 sys=0.02, real=0.01 secs] 
2021-08-18T16:28:38.210+0800: 5.808: [GC (Metadata GC Threshold) [PSYoungGen: 19509K->864K(158720K)] 54204K->39191K(333824K), 0.0056613 secs] [Times: user=0.04 sys=0.03, real=0.01 secs] 
2021-08-18T16:28:38.216+0800: 5.813: [Full GC (Metadata GC Threshold) [PSYoungGen: 864K->0K(158720K)] [ParOldGen: 38327K->36474K(194560K)] 39191K->36474K(353280K), [Metaspace: 56392K->56392K(1101824K)], 0.1156561 secs] [Times: user=1.14 sys=0.00, real=0.12 secs] 
2021-08-18T16:28:39.056+0800: 6.654: [GC (Allocation Failure) [PSYoungGen: 143360K->10045K(158720K)] 179834K->46528K(353280K), 0.0042617 secs] [Times: user=0.03 sys=0.00, real=0.01 secs] 
2021-08-18T16:28:39.556+0800: 7.154: [GC (Allocation Failure) [PSYoungGen: 152893K->12531K(155648K)] 189376K->53911K(350208K), 0.0079347 secs] [Times: user=0.05 sys=0.01, real=0.01 secs] 
2021-08-18T16:28:51.057+0800: 18.655: [GC (Allocation Failure) [PSYoungGen: 155379K->1792K(157184K)] 196759K->46560K(351744K), 0.0039131 secs] [Times: user=0.02 sys=0.01, real=0.01 secs] 
2021-08-18T16:29:04.547+0800: 32.145: [GC (Allocation Failure) [PSYoungGen: 142592K->3828K(157696K)] 187360K->49843K(352256K), 0.0042201 secs] [Times: user=0.03 sys=0.01, real=0.01 secs] 
2021-08-18T16:29:20.563+0800: 48.160: [GC (Allocation Failure) [PSYoungGen: 144628K->2705K(157696K)] 190643K->48728K(352256K), 0.0083967 secs] [Times: user=0.05 sys=0.00, real=0.01 secs] 
2021-08-18T16:29:37.816+0800: 65.414: [GC (Allocation Failure) [PSYoungGen: 143505K->3665K(157696K)] 189528K->49696K(352256K), 0.0035904 secs] [Times: user=0.02 sys=0.00, real=0.00 secs] 
2021-08-18T16:29:57.794+0800: 85.392: [GC (Allocation Failure) [PSYoungGen: 144465K->2929K(156672K)] 190496K->48968K(351232K), 0.0072813 secs] [Times: user=0.04 sys=0.00, real=0.01 secs] 
2021-08-18T16:30:15.053+0800: 102.651: [GC (Allocation Failure) [PSYoungGen: 143729K->2753K(157184K)] 189768K->48800K(351744K), 0.0081244 secs] [Times: user=0.05 sys=0.00, real=0.01 secs] 
2021-08-18T16:30:32.062+0800: 119.660: [GC (Allocation Failure) [PSYoungGen: 143553K->2769K(148992K)] 189600K->48816K(343552K), 0.0031315 secs] [Times: user=0.02 sys=0.00, real=0.00 secs] 
2021-08-18T16:30:48.723+0800: 136.321: [GC (Allocation Failure) [PSYoungGen: 140497K->2721K(137728K)] 186544K->48776K(332288K), 0.0085904 secs] [Times: user=0.05 sys=0.00, real=0.01 secs] 
2021-08-18T16:31:07.801+0800: 155.399: [GC (Allocation Failure) [PSYoungGen: 137377K->3249K(142848K)] 183432K->49312K(337408K), 0.0030726 secs] [Times: user=0.02 sys=0.00, real=0.00 secs] 
2021-08-18T16:31:24.051+0800: 171.649: [GC (Allocation Failure) [PSYoungGen: 134833K->2945K(132096K)] 180896K->49016K(326656K), 0.0028398 secs] [Times: user=0.02 sys=0.00, real=0.00 secs] 
2021-08-18T16:31:39.054+0800: 186.651: [GC (Allocation Failure) [PSYoungGen: 131969K->2897K(137216K)] 178040K->48968K(331776K), 0.0028240 secs] [Times: user=0.02 sys=0.00, real=0.00 secs] 
2021-08-18T16:31:57.728+0800: 205.325: [GC (Allocation Failure) [PSYoungGen: 129361K->2849K(126976K)] 175432K->48928K(321536K), 0.0087529 secs] [Times: user=0.05 sys=0.00, real=0.01 secs] 
2021-08-18T16:32:12.055+0800: 219.652: [GC (Allocation Failure) [PSYoungGen: 126753K->2897K(131072K)] 172832K->48976K(325632K), 0.0027131 secs] [Times: user=0.02 sys=0.00, real=0.00 secs] 
2021-08-18T16:32:27.806+0800: 235.403: [GC (Allocation Failure) [PSYoungGen: 124241K->3569K(122368K)] 170320K->49656K(316928K), 0.0030712 secs] [Times: user=0.02 sys=0.00, real=0.00 secs] 
2021-08-18T16:32:43.046+0800: 250.644: [GC (Allocation Failure) [PSYoungGen: 122353K->2881K(124928K)] 168440K->48976K(319488K), 0.0094320 secs] [Times: user=0.06 sys=0.00, real=0.01 secs] 
2021-08-18T16:32:57.806+0800: 265.404: [GC (Allocation Failure) [PSYoungGen: 119105K->3553K(117760K)] 165200K->49656K(312320K), 0.0032825 secs] [Times: user=0.02 sys=0.00, real=0.00 secs] 
2021-08-18T16:33:12.057+0800: 279.654: [GC (Allocation Failure) [PSYoungGen: 117729K->544K(121344K)] 163832K->49015K(315904K), 0.0037253 secs] [Times: user=0.02 sys=0.01, real=0.01 secs] 
2021-08-18T16:33:27.800+0800: 295.398: [GC (Allocation Failure) [PSYoungGen: 112672K->896K(111104K)] 161143K->49527K(305664K), 0.0022185 secs] [Times: user=0.02 sys=0.00, real=0.00 secs] 
2021-08-18T16:33:39.581+0800: 307.179: [GC (Allocation Failure) [PSYoungGen: 110976K->512K(116736K)] 159607K->49247K(311296K), 0.0075869 secs] [Times: user=0.04 sys=0.01, real=0.00 secs] 
2021-08-18T16:33:55.055+0800: 322.653: [GC (Allocation Failure) [PSYoungGen: 108544K->544K(107008K)] 157279K->49375K(301568K), 0.0023371 secs] [Times: user=0.01 sys=0.00, real=0.00 secs] 
2021-08-18T16:34:07.811+0800: 335.408: [GC (Allocation Failure) [PSYoungGen: 106528K->736K(112128K)] 155359K->49623K(306688K), 0.0022756 secs] [Times: user=0.02 sys=0.00, real=0.00 secs] 
2021-08-18T16:34:20.554+0800: 348.152: [GC (Allocation Failure) [PSYoungGen: 104672K->512K(102400K)] 153559K->49447K(296960K), 0.0074878 secs] [Times: user=0.05 sys=0.00, real=0.01 secs] 
2021-08-18T16:34:35.059+0800: 362.657: [GC (Allocation Failure) [PSYoungGen: 102400K->352K(106496K)] 151335K->49327K(301056K), 0.0023046 secs] [Times: user=0.02 sys=0.00, real=0.01 secs] 
2021-08-18T16:34:47.804+0800: 375.402: [GC (Allocation Failure) [PSYoungGen: 100192K->736K(99328K)] 149167K->49799K(293888K), 0.0022789 secs] [Times: user=0.02 sys=0.00, real=0.00 secs] 
2021-08-18T16:34:58.554+0800: 386.152: [GC (Allocation Failure) [PSYoungGen: 99040K->416K(103424K)] 148103K->49575K(297984K), 0.0076885 secs] [Times: user=0.04 sys=0.01, real=0.01 secs] 
2021-08-18T16:35:12.052+0800: 399.650: [GC (Allocation Failure) [PSYoungGen: 97184K->416K(95744K)] 146343K->49639K(290304K), 0.0066723 secs] [Times: user=0.04 sys=0.01, real=0.00 secs] 
2021-08-18T16:35:25.056+0800: 412.653: [GC (Allocation Failure) [PSYoungGen: 95648K->416K(99328K)] 144871K->49703K(293888K), 0.0072651 secs] [Times: user=0.04 sys=0.00, real=0.01 secs] 
2021-08-18T16:35:37.788+0800: 425.386: [GC (Allocation Failure) [PSYoungGen: 94112K->384K(92672K)] 143399K->49719K(287232K), 0.0020839 secs] [Times: user=0.01 sys=0.00, real=0.00 secs] 
2021-08-18T16:35:47.815+0800: 435.412: [GC (Allocation Failure) [PSYoungGen: 92544K->736K(95744K)] 141879K->50103K(290304K), 0.0024594 secs] [Times: user=0.02 sys=0.00, real=0.00 secs] 
2021-08-18T16:35:58.057+0800: 445.655: [GC (Allocation Failure) [PSYoungGen: 91360K->448K(89600K)] 140727K->49879K(284160K), 0.0022727 secs] [Times: user=0.02 sys=0.00, real=0.00 secs] 
2021-08-18T16:36:10.053+0800: 457.650: [GC (Allocation Failure) [PSYoungGen: 89536K->416K(91648K)] 138967K->49903K(286208K), 0.0037072 secs] [Times: user=0.02 sys=0.00, real=0.00 secs] 
2021-08-18T16:36:22.054+0800: 469.651: [GC (Allocation Failure) [PSYoungGen: 87968K->416K(86528K)] 137455K->49943K(281088K), 0.0054447 secs] [Times: user=0.04 sys=0.01, real=0.00 secs] 
2021-08-18T16:36:33.057+0800: 480.655: [GC (Allocation Failure) [PSYoungGen: 86432K->384K(88064K)] 135959K->49959K(282624K), 0.0023039 secs] [Times: user=0.02 sys=0.00, real=0.00 secs] 
2021-08-18T16:36:44.061+0800: 491.659: [GC (Allocation Failure) [PSYoungGen: 84864K->352K(83968K)] 134439K->49991K(278528K), 0.0019361 secs] [Times: user=0.01 sys=0.00, real=0.00 secs] 
2021-08-18T16:36:55.057+0800: 502.655: [GC (Allocation Failure) [PSYoungGen: 83808K->384K(86016K)] 133447K->50079K(280576K), 0.0020426 secs] [Times: user=0.02 sys=0.00, real=0.00 secs] 
2021-08-18T16:37:06.053+0800: 513.651: [GC (Allocation Failure) [PSYoungGen: 82816K->416K(81920K)] 132511K->50159K(276480K), 0.0021991 secs] [Times: user=0.02 sys=0.00, real=0.00 secs] 
2021-08-18T16:37:17.049+0800: 524.646: [GC (Allocation Failure) [PSYoungGen: 81824K->416K(83968K)] 131567K->50183K(278528K), 0.0079352 secs] [Times: user=0.05 sys=0.01, real=0.01 secs] 
2021-08-18T16:37:27.057+0800: 534.655: [GC (Allocation Failure) [PSYoungGen: 80800K->384K(79872K)] 130567K->50191K(274432K), 0.0024594 secs] [Times: user=0.01 sys=0.00, real=0.00 secs] 
2021-08-18T16:37:37.553+0800: 545.151: [GC (Allocation Failure) [PSYoungGen: 79744K->416K(82432K)] 129551K->50287K(276992K), 0.0073156 secs] [Times: user=0.04 sys=0.00, real=0.01 secs] 
2021-08-18T16:37:47.552+0800: 555.150: [GC (Allocation Failure) [PSYoungGen: 79264K->416K(82944K)] 129135K->50303K(277504K), 0.0079484 secs] [Times: user=0.05 sys=0.00, real=0.01 secs] 
2021-08-18T16:37:57.715+0800: 565.313: [GC (Allocation Failure) [PSYoungGen: 79264K->352K(83456K)] 129151K->50247K(278016K), 0.0025284 secs] [Times: user=0.02 sys=0.00, real=0.00 secs] 
2021-08-18T16:38:07.794+0800: 575.392: [GC (Allocation Failure) [PSYoungGen: 80224K->352K(83456K)] 130119K->50263K(278016K), 0.0029265 secs] [Times: user=0.02 sys=0.00, real=0.00 secs] 
2021-08-18T16:38:17.797+0800: 585.394: [GC (Allocation Failure) [PSYoungGen: 80224K->736K(83968K)] 130135K->50663K(278528K), 0.0020075 secs] [Times: user=0.01 sys=0.00, real=0.00 secs] 
2021-08-18T16:38:27.804+0800: 595.402: [GC (Allocation Failure) [PSYoungGen: 81120K->1184K(83456K)] 131047K->51143K(278016K), 0.0027129 secs] [Times: user=0.01 sys=0.00, real=0.00 secs] 
2021-08-18T16:38:37.803+0800: 605.401: [GC (Allocation Failure) [PSYoungGen: 81568K->1312K(83968K)] 131527K->51343K(278528K), 0.0026011 secs] [Times: user=0.02 sys=0.00, real=0.00 secs] 
2021-08-18T16:38:47.816+0800: 615.414: [GC (Allocation Failure) [PSYoungGen: 82208K->384K(83968K)] 132239K->50463K(278528K), 0.0023069 secs] [Times: user=0.01 sys=0.00, real=0.00 secs] 
2021-08-18T16:38:57.821+0800: 625.419: [GC (Allocation Failure) [PSYoungGen: 81280K->768K(84480K)] 131359K->50879K(279040K), 0.0027727 secs] [Times: user=0.01 sys=0.00, real=0.00 secs] 
2021-08-18T16:39:07.827+0800: 635.424: [GC (Allocation Failure) [PSYoungGen: 82176K->1248K(83968K)] 132287K->51407K(278528K), 0.0021648 secs] [Times: user=0.02 sys=0.00, real=0.00 secs] 
2021-08-18T16:39:17.827+0800: 645.425: [GC (Allocation Failure) [PSYoungGen: 82656K->928K(84480K)] 132815K->51111K(279040K), 0.0022802 secs] [Times: user=0.01 sys=0.00, real=0.00 secs] 
2021-08-18T16:39:28.063+0800: 655.660: [GC (Allocation Failure) [PSYoungGen: 82848K->384K(84480K)] 133031K->50599K(279040K), 0.0021463 secs] [Times: user=0.02 sys=0.00, real=0.00 secs] 
2021-08-18T16:39:39.009+0800: 666.607: [GC (Allocation Failure) [PSYoungGen: 82304K->384K(84480K)] 132519K->50623K(279040K), 0.0069405 secs] [Times: user=0.04 sys=0.00, real=0.01 secs] 
2021-08-18T16:39:49.555+0800: 677.153: [GC (Allocation Failure) [PSYoungGen: 82304K->416K(84480K)] 132543K->50655K(279040K), 0.0074191 secs] [Times: user=0.05 sys=0.00, real=0.01 secs] 
2021-08-18T16:40:00.059+0800: 687.657: [GC (Allocation Failure) [PSYoungGen: 82336K->416K(84992K)] 132575K->50663K(279552K), 0.0039739 secs] [Times: user=0.02 sys=0.00, real=0.01 secs] 
2021-08-18T16:40:11.055+0800: 698.653: [GC (Allocation Failure) [PSYoungGen: 82848K->352K(84480K)] 133095K->50631K(279040K), 0.0020126 secs] [Times: user=0.01 sys=0.00, real=0.00 secs] 
2021-08-18T16:40:22.058+0800: 709.656: [GC (Allocation Failure) [PSYoungGen: 82784K->416K(84992K)] 133063K->50727K(279552K), 0.0069409 secs] [Times: user=0.05 sys=0.00, real=0.01 secs] 
2021-08-18T16:40:33.056+0800: 720.653: [GC (Allocation Failure) [PSYoungGen: 83360K->256K(84992K)] 133671K->50607K(279552K), 0.0020605 secs] [Times: user=0.01 sys=0.01, real=0.00 secs] 
2021-08-18T16:40:43.554+0800: 731.151: [GC (Allocation Failure) [PSYoungGen: 83200K->416K(84992K)] 133551K->50783K(279552K), 0.0069193 secs] [Times: user=0.04 sys=0.00, real=0.01 secs] 
2021-08-18T16:40:54.060+0800: 741.658: [GC (Allocation Failure) [PSYoungGen: 83360K->384K(84992K)] 133727K->50775K(279552K), 0.0019540 secs] [Times: user=0.01 sys=0.00, real=0.00 secs] 
2021-08-18T16:41:05.061+0800: 752.658: [GC (Allocation Failure) [PSYoungGen: 83328K->320K(84992K)] 133719K->50751K(279552K), 0.0020369 secs] [Times: user=0.02 sys=0.00, real=0.00 secs] 
2021-08-18T16:41:16.058+0800: 763.656: [GC (Allocation Failure) [PSYoungGen: 83264K->384K(84992K)] 133695K->50871K(279552K), 0.0042307 secs] [Times: user=0.02 sys=0.00, real=0.01 secs] 
2021-08-18T16:41:27.057+0800: 774.655: [GC (Allocation Failure) [PSYoungGen: 83328K->384K(85504K)] 133815K->50887K(280064K), 0.0018041 secs] [Times: user=0.01 sys=0.00, real=0.00 secs] 
2021-08-18T16:41:37.057+0800: 784.655: [GC (Allocation Failure) [PSYoungGen: 84352K->416K(85504K)] 134855K->50919K(280064K), 0.0020902 secs] [Times: user=0.01 sys=0.00, real=0.00 secs] 
2021-08-18T16:41:47.810+0800: 795.408: [GC (Allocation Failure) [PSYoungGen: 84384K->608K(85504K)] 134887K->51119K(280064K), 0.0020052 secs] [Times: user=0.02 sys=0.00, real=0.01 secs] 
2021-08-18T16:41:57.816+0800: 805.414: [GC (Allocation Failure) [PSYoungGen: 84576K->1248K(85504K)] 135087K->51783K(280064K), 0.0025839 secs] [Times: user=0.01 sys=0.00, real=0.00 secs] 
2021-08-18T16:42:07.825+0800: 815.423: [GC (Allocation Failure) [PSYoungGen: 85216K->1024K(84480K)] 135751K->51599K(279040K), 0.0022824 secs] [Times: user=0.01 sys=0.00, real=0.00 secs] 
2021-08-18T16:42:17.833+0800: 825.430: [GC (Allocation Failure) [PSYoungGen: 83968K->992K(84992K)] 134543K->51583K(279552K), 0.0022336 secs] [Times: user=0.01 sys=0.00, real=0.00 secs] 
2021-08-18T16:42:28.555+0800: 836.152: [GC (Allocation Failure) [PSYoungGen: 83936K->416K(84992K)] 134527K->51007K(279552K), 0.0071089 secs] [Times: user=0.04 sys=0.00, real=0.01 secs] 
2021-08-18T16:42:39.056+0800: 846.654: [GC (Allocation Failure) [PSYoungGen: 83360K->416K(84992K)] 133951K->51039K(279552K), 0.0022159 secs] [Times: user=0.01 sys=0.01, real=0.00 secs] 
2021-08-18T16:42:50.064+0800: 857.662: [GC (Allocation Failure) [PSYoungGen: 83360K->352K(85504K)] 133983K->51015K(280064K), 0.0019533 secs] [Times: user=0.02 sys=0.00, real=0.00 secs] 
2021-08-18T16:43:01.061+0800: 868.658: [GC (Allocation Failure) [PSYoungGen: 84320K->352K(85504K)] 134983K->51031K(280064K), 0.0018627 secs] [Times: user=0.01 sys=0.00, real=0.00 secs] 
2021-08-18T16:43:12.714+0800: 880.312: [GC (Allocation Failure) [PSYoungGen: 84320K->416K(85504K)] 134999K->51103K(280064K), 0.0068170 secs] [Times: user=0.05 sys=0.00, real=0.01 secs] 
2021-08-18T16:43:23.559+0800: 891.157: [GC (Allocation Failure) [PSYoungGen: 84384K->384K(85504K)] 135071K->51087K(280064K), 0.0065468 secs] [Times: user=0.04 sys=0.00, real=0.01 secs] 
2021-08-18T16:43:34.713+0800: 902.310: [GC (Allocation Failure) [PSYoungGen: 84352K->288K(85504K)] 135055K->50991K(280064K), 0.0021945 secs] [Times: user=0.01 sys=0.00, real=0.00 secs] 
2021-08-18T16:43:45.552+0800: 913.149: [GC (Allocation Failure) [PSYoungGen: 84256K->416K(85504K)] 134959K->51151K(280064K), 0.0068640 secs] [Times: user=0.04 sys=0.00, real=0.00 secs] 
2021-08-18T16:43:56.714+0800: 924.311: [GC (Allocation Failure) [PSYoungGen: 84384K->416K(85504K)] 135119K->51183K(280064K), 0.0060568 secs] [Times: user=0.04 sys=0.00, real=0.00 secs] 
2021-08-18T16:44:07.809+0800: 935.407: [GC (Allocation Failure) [PSYoungGen: 84384K->416K(85504K)] 135151K->51231K(280064K), 0.0020070 secs] [Times: user=0.01 sys=0.00, real=0.01 secs] 
2021-08-18T16:44:17.815+0800: 945.413: [GC (Allocation Failure) [PSYoungGen: 84384K->1056K(85504K)] 135199K->51911K(280064K), 0.0022796 secs] [Times: user=0.02 sys=0.00, real=0.00 secs] 
2021-08-18T16:44:27.824+0800: 955.422: [GC (Allocation Failure) [PSYoungGen: 85024K->704K(85504K)] 135879K->51575K(280064K), 0.0019436 secs] [Times: user=0.01 sys=0.00, real=0.00 secs] 
2021-08-18T16:44:37.818+0800: 965.416: [GC (Allocation Failure) [PSYoungGen: 84672K->1280K(85504K)] 135543K->52167K(280064K), 0.0022980 secs] [Times: user=0.01 sys=0.00, real=0.01 secs] 
2021-08-18T16:44:48.066+0800: 975.664: [GC (Allocation Failure) [PSYoungGen: 85248K->320K(85504K)] 136135K->51215K(280064K), 0.0020898 secs] [Times: user=0.01 sys=0.00, real=0.00 secs] 
2021-08-18T16:44:59.552+0800: 987.150: [GC (Allocation Failure) [PSYoungGen: 84288K->416K(85504K)] 135183K->51327K(280064K), 0.0069361 secs] [Times: user=0.04 sys=0.01, real=0.00 secs] 
2021-08-18T16:45:11.048+0800: 998.646: [GC (Allocation Failure) [PSYoungGen: 84384K->416K(85504K)] 135295K->51327K(280064K), 0.0068083 secs] [Times: user=0.04 sys=0.01, real=0.01 secs] 
2021-08-18T16:45:22.054+0800: 1009.651: [GC (Allocation Failure) [PSYoungGen: 84384K->416K(85504K)] 135295K->51327K(280064K), 0.0070267 secs] [Times: user=0.04 sys=0.00, real=0.01 secs] 
2021-08-18T16:45:33.062+0800: 1020.660: [GC (Allocation Failure) [PSYoungGen: 84384K->416K(85504K)] 135295K->51335K(280064K), 0.0057820 secs] [Times: user=0.04 sys=0.01, real=0.00 secs] 
2021-08-18T16:45:44.053+0800: 1031.651: [GC (Allocation Failure) [PSYoungGen: 84384K->416K(85504K)] 135303K->51351K(280064K), 0.0066929 secs] [Times: user=0.04 sys=0.01, real=0.01 secs] 
2021-08-18T16:45:55.054+0800: 1042.652: [GC (Allocation Failure) [PSYoungGen: 84384K->320K(85504K)] 135319K->51271K(280064K), 0.0021327 secs] [Times: user=0.02 sys=0.00, real=0.00 secs] 
2021-08-18T16:46:06.058+0800: 1053.656: [GC (Allocation Failure) [PSYoungGen: 84288K->384K(85504K)] 135239K->51343K(280064K), 0.0069568 secs] [Times: user=0.04 sys=0.00, real=0.01 secs] 
2021-08-18T16:46:17.068+0800: 1064.666: [GC (Allocation Failure) [PSYoungGen: 84352K->352K(85504K)] 135311K->51311K(280064K), 0.0019927 secs] [Times: user=0.01 sys=0.00, real=0.00 secs] 
2021-08-18T16:46:27.815+0800: 1075.413: [GC (Allocation Failure) [PSYoungGen: 84320K->608K(85504K)] 135279K->51663K(280064K), 0.0021182 secs] [Times: user=0.02 sys=0.00, real=0.00 secs] 
2021-08-18T16:46:37.811+0800: 1085.409: [GC (Allocation Failure) [PSYoungGen: 84576K->1216K(85504K)] 135631K->52271K(280064K), 0.0022317 secs] [Times: user=0.01 sys=0.00, real=0.00 secs] 
2021-08-18T16:46:47.829+0800: 1095.426: [GC (Allocation Failure) [PSYoungGen: 85184K->672K(85504K)] 136239K->51735K(280064K), 0.0023329 secs] [Times: user=0.01 sys=0.00, real=0.01 secs] 
2021-08-18T16:46:57.836+0800: 1105.434: [GC (Allocation Failure) [PSYoungGen: 84640K->864K(85504K)] 135703K->51927K(280064K), 0.0022297 secs] [Times: user=0.02 sys=0.00, real=0.00 secs] 
2021-08-18T16:47:08.554+0800: 1116.152: [GC (Allocation Failure) [PSYoungGen: 84832K->416K(85504K)] 135895K->51479K(280064K), 0.0046673 secs] [Times: user=0.02 sys=0.00, real=0.00 secs] 
2021-08-18T16:47:20.049+0800: 1127.647: [GC (Allocation Failure) [PSYoungGen: 84383K->416K(85504K)] 135447K->51551K(280064K), 0.0072168 secs] [Times: user=0.04 sys=0.00, real=0.01 secs] 
2021-08-18T16:47:31.052+0800: 1138.650: [GC (Allocation Failure) [PSYoungGen: 84384K->416K(85504K)] 135519K->51575K(280064K), 0.0071316 secs] [Times: user=0.04 sys=0.00, real=0.00 secs] 
2021-08-18T16:47:41.716+0800: 1149.314: [GC (Allocation Failure) [PSYoungGen: 84384K->384K(85504K)] 135543K->51551K(280064K), 0.0067427 secs] [Times: user=0.04 sys=0.00, real=0.01 secs] 
2021-08-18T16:47:53.051+0800: 1160.649: [GC (Allocation Failure) [PSYoungGen: 84352K->416K(85504K)] 135519K->51591K(280064K), 0.0074587 secs] [Times: user=0.04 sys=0.00, real=0.00 secs] 
2021-08-18T16:48:04.055+0800: 1171.652: [GC (Allocation Failure) [PSYoungGen: 84384K->416K(85504K)] 135559K->51663K(280064K), 0.0072129 secs] [Times: user=0.04 sys=0.00, real=0.01 secs] 
2021-08-18T16:48:15.056+0800: 1182.654: [GC (Allocation Failure) [PSYoungGen: 84384K->416K(86016K)] 135631K->51711K(280576K), 0.0062760 secs] [Times: user=0.04 sys=0.00, real=0.01 secs] 
2021-08-18T16:48:26.057+0800: 1193.654: [GC (Allocation Failure) [PSYoungGen: 84896K->256K(85504K)] 136191K->51551K(280064K), 0.0023988 secs] [Times: user=0.01 sys=0.00, real=0.00 secs] 
2021-08-18T16:48:37.552+0800: 1205.149: [GC (Allocation Failure) [PSYoungGen: 84736K->416K(86016K)] 136031K->51711K(280576K), 0.0070941 secs] [Times: user=0.04 sys=0.01, real=0.00 secs] 
2021-08-18T16:48:47.822+0800: 1215.420: [GC (Allocation Failure) [PSYoungGen: 85408K->704K(86016K)] 136703K->51999K(280576K), 0.0019886 secs] [Times: user=0.02 sys=0.00, real=0.00 secs] 
2021-08-18T16:48:57.830+0800: 1225.428: [GC (Allocation Failure) [PSYoungGen: 85696K->384K(86016K)] 136991K->51679K(280576K), 0.0020371 secs] [Times: user=0.02 sys=0.00, real=0.00 secs] 
2021-08-18T16:49:07.839+0800: 1235.437: [GC (Allocation Failure) [PSYoungGen: 85376K->1024K(86016K)] 136671K->52375K(280576K), 0.0022387 secs] [Times: user=0.01 sys=0.00, real=0.01 secs] 
2021-08-18T16:49:18.554+0800: 1246.152: [GC (Allocation Failure) [PSYoungGen: 86016K->416K(84992K)] 137367K->51775K(279552K), 0.0073613 secs] [Times: user=0.04 sys=0.00, real=0.01 secs] 
2021-08-18T16:49:29.556+0800: 1257.154: [GC (Allocation Failure) [PSYoungGen: 84384K->416K(85504K)] 135743K->51783K(280064K), 0.0066049 secs] [Times: user=0.04 sys=0.00, real=0.01 secs] 
2021-08-18T16:49:40.556+0800: 1268.154: [GC (Allocation Failure) [PSYoungGen: 84384K->416K(85504K)] 135751K->51783K(280064K), 0.0070675 secs] [Times: user=0.04 sys=0.00, real=0.01 secs] 
2021-08-18T16:49:51.712+0800: 1279.310: [GC (Allocation Failure) [PSYoungGen: 84384K->416K(85504K)] 135751K->51783K(280064K), 0.0083403 secs] [Times: user=0.05 sys=0.00, real=0.01 secs] 
2021-08-18T16:50:03.052+0800: 1290.649: [GC (Allocation Failure) [PSYoungGen: 84384K->416K(86016K)] 135751K->51807K(280576K), 0.0074166 secs] [Times: user=0.04 sys=0.01, real=0.00 secs] 
2021-08-18T16:50:14.075+0800: 1301.673: [GC (Allocation Failure) [PSYoungGen: 85408K->352K(86016K)] 136799K->51775K(280576K), 0.0021904 secs] [Times: user=0.02 sys=0.00, real=0.00 secs] 
2021-08-18T16:50:25.094+0800: 1312.692: [GC (Allocation Failure) [PSYoungGen: 85344K->384K(86016K)] 136767K->51807K(280576K), 0.0024184 secs] [Times: user=0.01 sys=0.00, real=0.00 secs] 
2021-08-18T16:50:36.654+0800: 1324.252: [GC (Allocation Failure) [PSYoungGen: 85376K->384K(86016K)] 136799K->51807K(280576K), 0.0074262 secs] [Times: user=0.04 sys=0.00, real=0.01 secs] 
2021-08-18T16:50:47.561+0800: 1335.159: [GC (Allocation Failure) [PSYoungGen: 85376K->416K(86016K)] 136799K->51847K(280576K), 0.0072274 secs] [Times: user=0.03 sys=0.01, real=0.00 secs] 
2021-08-18T16:50:57.861+0800: 1345.459: [GC (Allocation Failure) [PSYoungGen: 85408K->992K(86016K)] 136839K->52423K(280576K), 0.0074905 secs] [Times: user=0.04 sys=0.00, real=0.00 secs] 
2021-08-18T16:51:07.833+0800: 1355.431: [GC (Allocation Failure) [PSYoungGen: 85984K->640K(86016K)] 137415K->52079K(280576K), 0.0020199 secs] [Times: user=0.01 sys=0.00, real=0.00 secs] 
2021-08-18T16:51:17.838+0800: 1365.436: [GC (Allocation Failure) [PSYoungGen: 85632K->1024K(86016K)] 137071K->52519K(280576K), 0.0022380 secs] [Times: user=0.01 sys=0.00, real=0.01 secs] 
2021-08-18T16:51:28.063+0800: 1375.661: [GC (Allocation Failure) [PSYoungGen: 86016K->288K(84992K)] 137511K->51791K(279552K), 0.0019614 secs] [Times: user=0.01 sys=0.00, real=0.00 secs] 
2021-08-18T16:51:39.056+0800: 1386.654: [GC (Allocation Failure) [PSYoungGen: 84256K->416K(85504K)] 135759K->51919K(280064K), 0.0067722 secs] [Times: user=0.04 sys=0.00, real=0.01 secs] 
2021-08-18T16:51:50.064+0800: 1397.662: [GC (Allocation Failure) [PSYoungGen: 84384K->416K(85504K)] 135887K->51935K(280064K), 0.0078798 secs] [Times: user=0.04 sys=0.00, real=0.01 secs] 
2021-08-18T16:52:01.049+0800: 1408.647: [GC (Allocation Failure) [PSYoungGen: 84384K->416K(85504K)] 135903K->51959K(280064K), 0.0018093 secs] [Times: user=0.02 sys=0.00, real=0.01 secs] 
2021-08-18T16:52:12.059+0800: 1419.656: [GC (Allocation Failure) [PSYoungGen: 84384K->288K(86016K)] 135927K->51847K(280576K), 0.0023360 secs] [Times: user=0.02 sys=0.00, real=0.01 secs] 
2021-08-18T16:52:23.064+0800: 1430.662: [GC (Allocation Failure) [PSYoungGen: 84768K->256K(85504K)] 136327K->51823K(280064K), 0.0021953 secs] [Times: user=0.01 sys=0.00, real=0.00 secs] 
2021-08-18T16:52:34.056+0800: 1441.654: [GC (Allocation Failure) [PSYoungGen: 84736K->416K(86016K)] 136303K->51983K(280576K), 0.0019652 secs] [Times: user=0.01 sys=0.00, real=0.00 secs] 
2021-08-18T16:52:45.062+0800: 1452.660: [GC (Allocation Failure) [PSYoungGen: 85408K->256K(86016K)] 136975K->51831K(280576K), 0.0020656 secs] [Times: user=0.02 sys=0.00, real=0.00 secs] 
2021-08-18T16:52:56.710+0800: 1464.307: [GC (Allocation Failure) [PSYoungGen: 85248K->384K(86016K)] 136823K->51991K(280576K), 0.0066195 secs] [Times: user=0.03 sys=0.00, real=0.01 secs] 
2021-08-18T16:53:07.825+0800: 1475.423: [GC (Allocation Failure) [PSYoungGen: 85376K->544K(86016K)] 136983K->52159K(280576K), 0.0022725 secs] [Times: user=0.01 sys=0.00, real=0.00 secs] 
2021-08-18T16:53:17.832+0800: 1485.430: [GC (Allocation Failure) [PSYoungGen: 85536K->1024K(84992K)] 137151K->52727K(279552K), 0.0020473 secs] [Times: user=0.02 sys=0.00, real=0.00 secs] 
2021-08-18T16:53:27.841+0800: 1495.439: [GC (Allocation Failure) [PSYoungGen: 84992K->768K(85504K)] 136695K->52479K(280064K), 0.0024090 secs] [Times: user=0.01 sys=0.00, real=0.00 secs] 
2021-08-18T16:53:37.840+0800: 1505.438: [GC (Allocation Failure) [PSYoungGen: 84736K->1408K(85504K)] 136447K->53119K(280064K), 0.0024097 secs] [Times: user=0.02 sys=0.00, real=0.01 secs] 
2021-08-18T16:53:48.555+0800: 1516.153: [GC (Allocation Failure) [PSYoungGen: 85376K->416K(85504K)] 137087K->52127K(280064K), 0.0070258 secs] [Times: user=0.04 sys=0.01, real=0.01 secs] 
2021-08-18T16:53:59.553+0800: 1527.150: [GC (Allocation Failure) [PSYoungGen: 84384K->416K(85504K)] 136095K->52159K(280064K), 0.0072135 secs] [Times: user=0.04 sys=0.00, real=0.00 secs] 
2021-08-18T16:54:10.715+0800: 1538.313: [GC (Allocation Failure) [PSYoungGen: 84384K->416K(85504K)] 136127K->52191K(280064K), 0.0066586 secs] [Times: user=0.04 sys=0.00, real=0.01 secs] 
2021-08-18T16:54:22.052+0800: 1549.650: [GC (Allocation Failure) [PSYoungGen: 84384K->384K(85504K)] 136159K->52175K(280064K), 0.0066642 secs] [Times: user=0.04 sys=0.00, real=0.00 secs] 
2021-08-18T16:54:33.055+0800: 1560.653: [GC (Allocation Failure) [PSYoungGen: 84352K->352K(85504K)] 136143K->52151K(280064K), 0.0023031 secs] [Times: user=0.01 sys=0.00, real=0.00 secs] 
2021-08-18T16:54:44.051+0800: 1571.649: [GC (Allocation Failure) [PSYoungGen: 84320K->416K(85504K)] 136119K->52279K(280064K), 0.0068035 secs] [Times: user=0.04 sys=0.00, real=0.00 secs] 
2021-08-18T16:54:55.056+0800: 1582.654: [GC (Allocation Failure) [PSYoungGen: 84384K->384K(85504K)] 136247K->52271K(280064K), 0.0066589 secs] [Times: user=0.03 sys=0.00, real=0.01 secs] 
2021-08-18T16:55:06.056+0800: 1593.654: [GC (Allocation Failure) [PSYoungGen: 84352K->320K(85504K)] 136239K->52207K(280064K), 0.0020566 secs] [Times: user=0.01 sys=0.00, real=0.00 secs] 
2021-08-18T16:55:17.058+0800: 1604.656: [GC (Allocation Failure) [PSYoungGen: 84288K->384K(85504K)] 136175K->52311K(280064K), 0.0023250 secs] [Times: user=0.02 sys=0.01, real=0.01 secs] 
2021-08-18T16:55:27.826+0800: 1615.424: [GC (Allocation Failure) [PSYoungGen: 84352K->736K(85504K)] 136279K->52695K(280064K), 0.0019935 secs] [Times: user=0.02 sys=0.00, real=0.00 secs] 
2021-08-18T16:55:37.820+0800: 1625.418: [GC (Allocation Failure) [PSYoungGen: 84704K->1184K(85504K)] 136663K->53199K(280064K), 0.0025158 secs] [Times: user=0.02 sys=0.00, real=0.00 secs] 
2021-08-18T16:55:47.839+0800: 1635.437: [GC (Allocation Failure) [PSYoungGen: 85152K->800K(85504K)] 137167K->52815K(280064K), 0.0020485 secs] [Times: user=0.01 sys=0.00, real=0.01 secs] 
2021-08-18T16:55:57.846+0800: 1645.444: [GC (Allocation Failure) [PSYoungGen: 84768K->960K(85504K)] 136783K->53007K(280064K), 0.0020652 secs] [Times: user=0.02 sys=0.00, real=0.00 secs] 
2021-08-18T16:56:09.055+0800: 1656.653: [GC (Allocation Failure) [PSYoungGen: 84928K->416K(85504K)] 136975K->52567K(280064K), 0.0074528 secs] [Times: user=0.04 sys=0.00, real=0.01 secs] 
2021-08-18T16:56:20.054+0800: 1667.652: [GC (Allocation Failure) [PSYoungGen: 84384K->416K(85504K)] 136535K->52567K(280064K), 0.0071429 secs] [Times: user=0.04 sys=0.00, real=0.01 secs] 
2021-08-18T16:56:31.058+0800: 1678.656: [GC (Allocation Failure) [PSYoungGen: 84384K->352K(85504K)] 136535K->52503K(280064K), 0.0022929 secs] [Times: user=0.01 sys=0.00, real=0.01 secs] 
2021-08-18T16:56:42.056+0800: 1689.654: [GC (Allocation Failure) [PSYoungGen: 84320K->416K(85504K)] 136471K->52567K(280064K), 0.0069123 secs] [Times: user=0.04 sys=0.00, real=0.01 secs] 
2021-08-18T16:56:53.052+0800: 1700.650: [GC (Allocation Failure) [PSYoungGen: 84384K->384K(85504K)] 136535K->52543K(280064K), 0.0069174 secs] [Times: user=0.04 sys=0.00, real=0.00 secs] 
2021-08-18T16:57:04.054+0800: 1711.652: [GC (Allocation Failure) [PSYoungGen: 84352K->320K(85504K)] 136511K->52503K(280064K), 0.0020952 secs] [Times: user=0.01 sys=0.00, real=0.00 secs] 
2021-08-18T16:57:15.055+0800: 1722.653: [GC (Allocation Failure) [PSYoungGen: 84288K->416K(85504K)] 136471K->52599K(280064K), 0.0069124 secs] [Times: user=0.04 sys=0.00, real=0.01 secs] 
2021-08-18T16:57:25.745+0800: 1733.343: [GC (Allocation Failure) [PSYoungGen: 84384K->384K(85504K)] 136567K->52583K(280064K), 0.0057695 secs] [Times: user=0.04 sys=0.00, real=0.01 secs] 
2021-08-18T16:57:37.057+0800: 1744.654: [GC (Allocation Failure) [PSYoungGen: 84352K->416K(86016K)] 136551K->52623K(280576K), 0.0050570 secs] [Times: user=0.04 sys=0.00, real=0.01 secs] 
2021-08-18T16:57:47.711+0800: 1755.309: [GC (Allocation Failure) [PSYoungGen: 84896K->416K(85504K)] 137103K->52623K(280064K), 0.0071684 secs] [Times: user=0.04 sys=0.00, real=0.00 secs] 
2021-08-18T16:57:57.836+0800: 1765.433: [GC (Allocation Failure) [PSYoungGen: 84896K->992K(84992K)] 137103K->53271K(279552K), 0.0022030 secs] [Times: user=0.01 sys=0.00, real=0.00 secs] 
2021-08-18T16:58:07.839+0800: 1775.437: [GC (Allocation Failure) [PSYoungGen: 84960K->1248K(85504K)] 137239K->53543K(280064K), 0.0021802 secs] [Times: user=0.01 sys=0.00, real=0.01 secs] 
2021-08-18T16:58:17.848+0800: 1785.446: [GC (Allocation Failure) [PSYoungGen: 85216K->1456K(84480K)] 137511K->53751K(279040K), 0.0022982 secs] [Times: user=0.02 sys=0.00, real=0.01 secs] 
2021-08-18T16:58:27.851+0800: 1795.449: [GC (Allocation Failure) [PSYoungGen: 84400K->1536K(84992K)] 136695K->53831K(279552K), 0.0026839 secs] [Times: user=0.02 sys=0.00, real=0.00 secs] 
2021-08-18T16:58:38.159+0800: 1805.757: [GC (Allocation Failure) [PSYoungGen: 84480K->1072K(84992K)] 136775K->53367K(279552K), 0.0071983 secs] [Times: user=0.04 sys=0.00, real=0.01 secs] 
2021-08-18T16:58:49.064+0800: 1816.662: [GC (Allocation Failure) [PSYoungGen: 84016K->1104K(84992K)] 136311K->53399K(279552K), 0.0020462 secs] [Times: user=0.02 sys=0.00, real=0.00 secs] 
2021-08-18T16:59:00.063+0800: 1827.661: [GC (Allocation Failure) [PSYoungGen: 84048K->1072K(84992K)] 136343K->53367K(279552K), 0.0021428 secs] [Times: user=0.02 sys=0.00, real=0.00 secs] 
2021-08-18T16:59:11.057+0800: 1838.655: [GC (Allocation Failure) [PSYoungGen: 84016K->1088K(84992K)] 136311K->53407K(279552K), 0.0020090 secs] [Times: user=0.01 sys=0.00, real=0.00 secs] 
2021-08-18T16:59:22.058+0800: 1849.656: [GC (Allocation Failure) [PSYoungGen: 84032K->1088K(84992K)] 136351K->53407K(279552K), 0.0066179 secs] [Times: user=0.03 sys=0.00, real=0.01 secs] 
2021-08-18T16:59:33.060+0800: 1860.658: [GC (Allocation Failure) [PSYoungGen: 84032K->1120K(84992K)] 136351K->53439K(279552K), 0.0024550 secs] [Times: user=0.02 sys=0.00, real=0.01 secs] 
2021-08-18T16:59:44.053+0800: 1871.650: [GC (Allocation Failure) [PSYoungGen: 84064K->1104K(84992K)] 136383K->53439K(279552K), 0.0069082 secs] [Times: user=0.04 sys=0.00, real=0.00 secs] 
2021-08-18T16:59:54.709+0800: 1882.307: [GC (Allocation Failure) [PSYoungGen: 84048K->1056K(84992K)] 136383K->53399K(279552K), 0.0064998 secs] [Times: user=0.03 sys=0.00, real=0.01 secs] 
2021-08-18T17:00:05.563+0800: 1893.161: [GC (Allocation Failure) [PSYoungGen: 84000K->1024K(84992K)] 136343K->53367K(279552K), 0.0073388 secs] [Times: user=0.05 sys=0.00, real=0.01 secs] 
2021-08-18T17:00:16.557+0800: 1904.155: [GC (Allocation Failure) [PSYoungGen: 83968K->1072K(84992K)] 136311K->53415K(279552K), 0.0068223 secs] [Times: user=0.05 sys=0.00, real=0.01 secs] 
2021-08-18T17:00:27.554+0800: 1915.152: [GC (Allocation Failure) [PSYoungGen: 84016K->1072K(84992K)] 136359K->53415K(279552K), 0.0070693 secs] [Times: user=0.03 sys=0.00, real=0.01 secs] 
2021-08-18T17:00:37.822+0800: 1925.419: [GC (Allocation Failure) [PSYoungGen: 84016K->1312K(84992K)] 136359K->53903K(279552K), 0.0024126 secs] [Times: user=0.01 sys=0.00, real=0.00 secs] 
2021-08-18T17:00:47.854+0800: 1935.452: [GC (Allocation Failure) [PSYoungGen: 84256K->1760K(84992K)] 136847K->54487K(279552K), 0.0023395 secs] [Times: user=0.02 sys=0.00, real=0.00 secs] 
2021-08-18T17:00:57.846+0800: 1945.443: [GC (Allocation Failure) [PSYoungGen: 84704K->1184K(84992K)] 137431K->54039K(279552K), 0.0021518 secs] [Times: user=0.01 sys=0.00, real=0.00 secs] 
2021-08-18T17:01:07.850+0800: 1955.448: [GC (Allocation Failure) [PSYoungGen: 84128K->1440K(84992K)] 136983K->54599K(279552K), 0.0022332 secs] [Times: user=0.02 sys=0.00, real=0.01 secs] 
2021-08-18T17:01:18.057+0800: 1965.655: [GC (Allocation Failure) [PSYoungGen: 84384K->416K(84992K)] 137543K->53895K(279552K), 0.0027138 secs] [Times: user=0.01 sys=0.01, real=0.01 secs] 
2021-08-18T17:01:29.060+0800: 1976.657: [GC (Allocation Failure) [PSYoungGen: 83360K->288K(84992K)] 136839K->53783K(279552K), 0.0019253 secs] [Times: user=0.02 sys=0.00, real=0.01 secs] 
2021-08-18T17:01:40.052+0800: 1987.649: [GC (Allocation Failure) [PSYoungGen: 83232K->416K(84992K)] 136727K->53911K(279552K), 0.0067333 secs] [Times: user=0.04 sys=0.00, real=0.00 secs] 
2021-08-18T17:01:51.051+0800: 1998.649: [GC (Allocation Failure) [PSYoungGen: 83360K->352K(84992K)] 136855K->53855K(279552K), 0.0060125 secs] [Times: user=0.04 sys=0.00, real=0.00 secs] 
2021-08-18T17:02:02.054+0800: 2009.652: [GC (Allocation Failure) [PSYoungGen: 83296K->416K(84992K)] 136799K->53919K(279552K), 0.0072341 secs] [Times: user=0.04 sys=0.00, real=0.01 secs] 
2021-08-18T17:02:12.712+0800: 2020.310: [GC (Allocation Failure) [PSYoungGen: 83360K->352K(84992K)] 136863K->53855K(279552K), 0.0071925 secs] [Times: user=0.04 sys=0.00, real=0.00 secs] 
2021-08-18T17:02:23.711+0800: 2031.309: [GC (Allocation Failure) [PSYoungGen: 83296K->416K(84992K)] 136799K->53919K(279552K), 0.0068879 secs] [Times: user=0.04 sys=0.00, real=0.00 secs] 
2021-08-18T17:02:34.553+0800: 2042.151: [GC (Allocation Failure) [PSYoungGen: 83360K->384K(84992K)] 136863K->53895K(279552K), 0.0057107 secs] [Times: user=0.03 sys=0.00, real=0.00 secs] 
2021-08-18T17:02:45.062+0800: 2052.660: [GC (Allocation Failure) [PSYoungGen: 83328K->224K(84992K)] 136839K->53735K(279552K), 0.0021062 secs] [Times: user=0.01 sys=0.00, real=0.00 secs] 
2021-08-18T17:02:56.057+0800: 2063.655: [GC (Allocation Failure) [PSYoungGen: 83168K->256K(84992K)] 136679K->53767K(279552K), 0.0018816 secs] [Times: user=0.01 sys=0.00, real=0.00 secs] 
2021-08-18T17:03:07.063+0800: 2074.660: [GC (Allocation Failure) [PSYoungGen: 83200K->416K(84992K)] 136711K->53943K(279552K), 0.0020110 secs] [Times: user=0.01 sys=0.00, real=0.00 secs] 
2021-08-18T17:03:17.834+0800: 2085.432: [GC (Allocation Failure) [PSYoungGen: 83360K->576K(84992K)] 136887K->54127K(279552K), 0.0020636 secs] [Times: user=0.02 sys=0.00, real=0.00 secs] 
2021-08-18T17:03:27.878+0800: 2095.476: [GC (Allocation Failure) [PSYoungGen: 83520K->1120K(84992K)] 137071K->54703K(279552K), 0.0063832 secs] [Times: user=0.03 sys=0.00, real=0.01 secs] 
2021-08-18T17:03:37.832+0800: 2105.430: [GC (Allocation Failure) [PSYoungGen: 84064K->320K(84992K)] 137647K->53919K(279552K), 0.0019789 secs] [Times: user=0.01 sys=0.00, real=0.00 secs] 
2021-08-18T17:03:47.906+0800: 2115.504: [GC (Allocation Failure) [PSYoungGen: 83264K->1088K(84992K)] 136863K->54687K(279552K), 0.0025518 secs] [Times: user=0.02 sys=0.00, real=0.00 secs] 
2021-08-18T17:03:57.841+0800: 2125.439: [GC (Allocation Failure) [PSYoungGen: 84032K->896K(84992K)] 137631K->54503K(279552K), 0.0022559 secs] [Times: user=0.02 sys=0.00, real=0.00 secs] 
2021-08-18T17:04:07.897+0800: 2135.495: [GC (Allocation Failure) [PSYoungGen: 83840K->1664K(84992K)] 137447K->55295K(279552K), 0.0029962 secs] [Times: user=0.02 sys=0.00, real=0.01 secs] 
2021-08-18T17:04:19.054+0800: 2146.652: [GC (Allocation Failure) [PSYoungGen: 84608K->544K(84992K)] 138239K->54175K(279552K), 0.0020340 secs] [Times: user=0.02 sys=0.00, real=0.00 secs] 
2021-08-18T17:04:30.282+0800: 2157.879: [GC (Allocation Failure) [PSYoungGen: 83488K->576K(84992K)] 137119K->54231K(279552K), 0.0079668 secs] [Times: user=0.04 sys=0.00, real=0.00 secs] 
2021-08-18T17:04:41.055+0800: 2168.653: [GC (Allocation Failure) [PSYoungGen: 83520K->1168K(84992K)] 137175K->54831K(279552K), 0.0077301 secs] [Times: user=0.05 sys=0.01, real=0.01 secs] 
2021-08-18T17:04:53.060+0800: 2180.657: [GC (Allocation Failure) [PSYoungGen: 84112K->672K(84992K)] 137775K->54335K(279552K), 0.0022041 secs] [Times: user=0.01 sys=0.00, real=0.01 secs] 
2021-08-18T17:05:05.062+0800: 2192.660: [GC (Allocation Failure) [PSYoungGen: 83616K->672K(84992K)] 137279K->54343K(279552K), 0.0020276 secs] [Times: user=0.01 sys=0.00, real=0.00 secs] 
2021-08-18T17:05:17.060+0800: 2204.657: [GC (Allocation Failure) [PSYoungGen: 83616K->672K(84992K)] 137287K->54343K(279552K), 0.0026257 secs] [Times: user=0.01 sys=0.00, real=0.01 secs] 
2021-08-18T17:05:27.840+0800: 2215.438: [GC (Allocation Failure) [PSYoungGen: 83616K->736K(85504K)] 137287K->54415K(280064K), 0.0021906 secs] [Times: user=0.01 sys=0.00, real=0.01 secs] 
2021-08-18T17:05:38.052+0800: 2225.649: [GC (Allocation Failure) [PSYoungGen: 84192K->608K(84992K)] 137871K->54287K(279552K), 0.0079868 secs] [Times: user=0.05 sys=0.00, real=0.00 secs] 
2021-08-18T17:05:50.061+0800: 2237.659: [GC (Allocation Failure) [PSYoungGen: 84064K->640K(85504K)] 137743K->54327K(280064K), 0.0034039 secs] [Times: user=0.03 sys=0.00, real=0.00 secs] 
2021-08-18T17:06:02.553+0800: 2250.151: [GC (Allocation Failure) [PSYoungGen: 84608K->704K(85504K)] 138295K->54407K(280064K), 0.0076113 secs] [Times: user=0.05 sys=0.00, real=0.01 secs] 
2021-08-18T17:06:15.052+0800: 2262.650: [GC (Allocation Failure) [PSYoungGen: 84672K->736K(85504K)] 138375K->54463K(280064K), 0.0075903 secs] [Times: user=0.04 sys=0.01, real=0.00 secs] 
2021-08-18T17:06:27.061+0800: 2274.659: [GC (Allocation Failure) [PSYoungGen: 84704K->768K(85504K)] 138431K->54495K(280064K), 0.0021347 secs] [Times: user=0.02 sys=0.00, real=0.00 secs] 
2021-08-18T17:06:37.834+0800: 2285.431: [GC (Allocation Failure) [PSYoungGen: 84736K->1248K(85504K)] 138463K->54975K(280064K), 0.0021727 secs] [Times: user=0.02 sys=0.00, real=0.00 secs] 
2021-08-18T17:06:48.059+0800: 2295.657: [GC (Allocation Failure) [PSYoungGen: 85216K->480K(85504K)] 138943K->54527K(280064K), 0.0021008 secs] [Times: user=0.01 sys=0.00, real=0.01 secs] 
2021-08-18T17:07:00.058+0800: 2307.655: [GC (Allocation Failure) [PSYoungGen: 84448K->448K(85504K)] 138495K->54607K(280064K), 0.0020922 secs] [Times: user=0.02 sys=0.00, real=0.00 secs] 
2021-08-18T17:07:13.053+0800: 2320.651: [GC (Allocation Failure) [PSYoungGen: 84416K->416K(85504K)] 138575K->54663K(280064K), 0.0069814 secs] [Times: user=0.04 sys=0.00, real=0.01 secs] 
2021-08-18T17:07:25.062+0800: 2332.660: [GC (Allocation Failure) [PSYoungGen: 84384K->416K(85504K)] 138631K->54695K(280064K), 0.0073556 secs] [Times: user=0.04 sys=0.00, real=0.00 secs] 
2021-08-18T17:07:37.562+0800: 2345.159: [GC (Allocation Failure) [PSYoungGen: 84384K->352K(85504K)] 138663K->54791K(280064K), 0.0022283 secs] [Times: user=0.01 sys=0.00, real=0.00 secs] 
2021-08-18T17:07:47.844+0800: 2355.442: [GC (Allocation Failure) [PSYoungGen: 84320K->384K(85504K)] 138759K->54839K(280064K), 0.0023398 secs] [Times: user=0.01 sys=0.00, real=0.00 secs] 
2021-08-18T17:07:58.062+0800: 2365.659: [GC (Allocation Failure) [PSYoungGen: 84352K->416K(85504K)] 138807K->54871K(280064K), 0.0022065 secs] [Times: user=0.01 sys=0.00, real=0.00 secs] 
2021-08-18T17:08:10.703+0800: 2378.300: [GC (Allocation Failure) [PSYoungGen: 84384K->416K(85504K)] 138839K->54903K(280064K), 0.0066472 secs] [Times: user=0.04 sys=0.00, real=0.00 secs] 
2021-08-18T17:08:23.063+0800: 2390.661: [GC (Allocation Failure) [PSYoungGen: 84384K->416K(85504K)] 138871K->54911K(280064K), 0.0069289 secs] [Times: user=0.04 sys=0.00, real=0.00 secs] 
2021-08-18T17:08:35.064+0800: 2402.662: [GC (Allocation Failure) [PSYoungGen: 84384K->352K(85504K)] 138879K->54847K(280064K), 0.0019278 secs] [Times: user=0.01 sys=0.00, real=0.00 secs] 
2021-08-18T17:08:47.561+0800: 2415.159: [GC (Allocation Failure) [PSYoungGen: 84320K->416K(85504K)] 138815K->54943K(280064K), 0.0066658 secs] [Times: user=0.04 sys=0.00, real=0.00 secs] 
2021-08-18T17:08:57.846+0800: 2425.444: [GC (Allocation Failure) [PSYoungGen: 84384K->640K(85504K)] 138911K->55191K(280064K), 0.0022299 secs] [Times: user=0.02 sys=0.00, real=0.00 secs] 
2021-08-18T17:09:08.059+0800: 2435.657: [GC (Allocation Failure) [PSYoungGen: 84608K->416K(85504K)] 139159K->55039K(280064K), 0.0030785 secs] [Times: user=0.02 sys=0.00, real=0.01 secs] 
2021-08-18T17:09:20.562+0800: 2448.160: [GC (Allocation Failure) [PSYoungGen: 84384K->416K(86016K)] 139007K->55039K(280576K), 0.0058670 secs] [Times: user=0.04 sys=0.00, real=0.00 secs] 
2021-08-18T17:09:33.065+0800: 2460.663: [GC (Allocation Failure) [PSYoungGen: 84896K->288K(85504K)] 139519K->54911K(280064K), 0.0021161 secs] [Times: user=0.02 sys=0.00, real=0.00 secs] 
2021-08-18T17:09:45.064+0800: 2472.662: [GC (Allocation Failure) [PSYoungGen: 84768K->256K(86016K)] 139391K->54879K(280576K), 0.0020788 secs] [Times: user=0.01 sys=0.00, real=0.00 secs] 
2021-08-18T17:09:57.831+0800: 2485.429: [GC (Allocation Failure) [PSYoungGen: 85248K->640K(86016K)] 139871K->55263K(280576K), 0.0021341 secs] [Times: user=0.01 sys=0.00, real=0.00 secs] 
2021-08-18T17:10:07.847+0800: 2495.445: [GC (Allocation Failure) [PSYoungGen: 85632K->1024K(84992K)] 140255K->55647K(279552K), 0.0024976 secs] [Times: user=0.01 sys=0.00, real=0.00 secs] 
2021-08-18T17:10:19.061+0800: 2506.658: [GC (Allocation Failure) [PSYoungGen: 84992K->416K(85504K)] 139615K->55063K(280064K), 0.0018818 secs] [Times: user=0.01 sys=0.00, real=0.00 secs] 
2021-08-18T17:10:31.071+0800: 2518.668: [GC (Allocation Failure) [PSYoungGen: 84384K->320K(85504K)] 139031K->54967K(280064K), 0.0021653 secs] [Times: user=0.01 sys=0.00, real=0.00 secs] 
2021-08-18T17:10:43.556+0800: 2531.154: [GC (Allocation Failure) [PSYoungGen: 84288K->384K(85504K)] 138935K->55039K(280064K), 0.0066790 secs] [Times: user=0.04 sys=0.00, real=0.01 secs] 
2021-08-18T17:10:56.059+0800: 2543.657: [GC (Allocation Failure) [PSYoungGen: 84352K->416K(86016K)] 139007K->55071K(280576K), 0.0018415 secs] [Times: user=0.01 sys=0.00, real=0.01 secs] 
2021-08-18T17:11:07.838+0800: 2555.435: [GC (Allocation Failure) [PSYoungGen: 84896K->864K(85504K)] 139551K->55527K(280064K), 0.0018457 secs] [Times: user=0.01 sys=0.00, real=0.00 secs] 
2021-08-18T17:11:17.853+0800: 2565.451: [GC (Allocation Failure) [PSYoungGen: 85344K->1216K(85504K)] 140007K->55903K(280064K), 0.0024830 secs] [Times: user=0.02 sys=0.00, real=0.00 secs] 
2021-08-18T17:11:29.560+0800: 2577.158: [GC (Allocation Failure) [PSYoungGen: 85184K->416K(85504K)] 139871K->55111K(280064K), 0.0037780 secs] [Times: user=0.04 sys=0.00, real=0.00 secs] 
2021-08-18T17:11:42.059+0800: 2589.656: [GC (Allocation Failure) [PSYoungGen: 84384K->352K(85504K)] 139079K->55079K(280064K), 0.0019358 secs] [Times: user=0.01 sys=0.00, real=0.01 secs] 
2021-08-18T17:11:55.060+0800: 2602.658: [GC (Allocation Failure) [PSYoungGen: 84320K->352K(85504K)] 139047K->55095K(280064K), 0.0018395 secs] [Times: user=0.02 sys=0.00, real=0.01 secs] 
2021-08-18T17:12:07.836+0800: 2615.433: [GC (Allocation Failure) [PSYoungGen: 84320K->576K(85504K)] 139063K->55319K(280064K), 0.0022642 secs] [Times: user=0.01 sys=0.00, real=0.00 secs] 
2021-08-18T17:12:17.850+0800: 2625.448: [GC (Allocation Failure) [PSYoungGen: 84544K->768K(85504K)] 139287K->55543K(280064K), 0.0022930 secs] [Times: user=0.01 sys=0.00, real=0.00 secs] 
2021-08-18T17:12:29.056+0800: 2636.654: [GC (Allocation Failure) [PSYoungGen: 84736K->384K(85504K)] 139511K->55159K(280064K), 0.0068657 secs] [Times: user=0.04 sys=0.00, real=0.01 secs] 
2021-08-18T17:12:41.056+0800: 2648.654: [GC (Allocation Failure) [PSYoungGen: 84352K->448K(85504K)] 139127K->55223K(280064K), 0.0068104 secs] [Times: user=0.04 sys=0.01, real=0.01 secs] 
2021-08-18T17:12:53.071+0800: 2660.669: [GC (Allocation Failure) [PSYoungGen: 84416K->384K(85504K)] 139191K->55159K(280064K), 0.0064274 secs] [Times: user=0.04 sys=0.00, real=0.00 secs] 
2021-08-18T17:13:05.201+0800: 2672.798: [GC (Allocation Failure) [PSYoungGen: 84352K->416K(85504K)] 139127K->55191K(280064K), 0.0077244 secs] [Times: user=0.04 sys=0.00, real=0.00 secs] 
2021-08-18T17:13:17.839+0800: 2685.437: [GC (Allocation Failure) [PSYoungGen: 84384K->640K(86016K)] 139159K->55431K(280576K), 0.0024936 secs] [Times: user=0.01 sys=0.00, real=0.01 secs] 
2021-08-18T17:13:27.856+0800: 2695.453: [GC (Allocation Failure) [PSYoungGen: 85120K->992K(85504K)] 139911K->55871K(280064K), 0.0022198 secs] [Times: user=0.02 sys=0.00, real=0.00 secs] 
2021-08-18T17:13:39.056+0800: 2706.654: [GC (Allocation Failure) [PSYoungGen: 85472K->416K(85504K)] 140351K->55303K(280064K), 0.0036819 secs] [Times: user=0.02 sys=0.00, real=0.01 secs] 
2021-08-18T17:13:51.063+0800: 2718.661: [GC (Allocation Failure) [PSYoungGen: 84384K->320K(85504K)] 139271K->55231K(280064K), 0.0021655 secs] [Times: user=0.02 sys=0.00, real=0.00 secs] 
2021-08-18T17:14:04.055+0800: 2731.652: [GC (Allocation Failure) [PSYoungGen: 84288K->416K(85504K)] 139199K->55327K(280064K), 0.0077450 secs] [Times: user=0.04 sys=0.00, real=0.01 secs] 
2021-08-18T17:14:16.062+0800: 2743.659: [GC (Allocation Failure) [PSYoungGen: 84384K->384K(85504K)] 139295K->55303K(280064K), 0.0056974 secs] [Times: user=0.04 sys=0.00, real=0.00 secs] 
2021-08-18T17:14:27.842+0800: 2755.440: [GC (Allocation Failure) [PSYoungGen: 84352K->704K(85504K)] 139271K->55631K(280064K), 0.0022671 secs] [Times: user=0.01 sys=0.00, real=0.00 secs] 
2021-08-18T17:14:37.847+0800: 2765.445: [GC (Allocation Failure) [PSYoungGen: 84672K->1056K(85504K)] 139599K->55983K(280064K), 0.0020349 secs] [Times: user=0.02 sys=0.00, real=0.00 secs] 
2021-08-18T17:14:49.062+0800: 2776.660: [GC (Allocation Failure) [PSYoungGen: 85024K->320K(85504K)] 139951K->55247K(280064K), 0.0020126 secs] [Times: user=0.02 sys=0.01, real=0.00 secs] 
2021-08-18T17:15:01.556+0800: 2789.154: [GC (Allocation Failure) [PSYoungGen: 84288K->416K(85504K)] 139215K->55343K(280064K), 0.0071887 secs] [Times: user=0.04 sys=0.00, real=0.01 secs] 
2021-08-18T17:15:14.058+0800: 2801.656: [GC (Allocation Failure) [PSYoungGen: 84384K->416K(85504K)] 139311K->55343K(280064K), 0.0069174 secs] [Times: user=0.04 sys=0.00, real=0.01 secs] 
2021-08-18T17:15:26.065+0800: 2813.662: [GC (Allocation Failure) [PSYoungGen: 84384K->352K(85504K)] 139311K->55279K(280064K), 0.0019925 secs] [Times: user=0.01 sys=0.00, real=0.00 secs] 
2021-08-18T17:15:37.836+0800: 2825.434: [GC (Allocation Failure) [PSYoungGen: 84320K->768K(85504K)] 139247K->55751K(280064K), 0.0019947 secs] [Times: user=0.01 sys=0.00, real=0.00 secs] 
2021-08-18T17:15:47.859+0800: 2835.457: [GC (Allocation Failure) [PSYoungGen: 84736K->1216K(85504K)] 139719K->56215K(280064K), 0.0023943 secs] [Times: user=0.02 sys=0.00, real=0.01 secs] 
2021-08-18T17:15:59.056+0800: 2846.654: [GC (Allocation Failure) [PSYoungGen: 85184K->384K(85504K)] 140183K->55487K(280064K), 0.0068929 secs] [Times: user=0.04 sys=0.00, real=0.01 secs] 
2021-08-18T17:16:11.062+0800: 2858.659: [GC (Allocation Failure) [PSYoungGen: 84352K->384K(85504K)] 139455K->55527K(280064K), 0.0019825 secs] [Times: user=0.02 sys=0.00, real=0.00 secs] 
2021-08-18T17:16:23.559+0800: 2871.157: [GC (Allocation Failure) [PSYoungGen: 84352K->416K(85504K)] 139495K->55567K(280064K), 0.0071746 secs] [Times: user=0.04 sys=0.00, real=0.01 secs] 
2021-08-18T17:16:36.057+0800: 2883.655: [GC (Allocation Failure) [PSYoungGen: 84384K->416K(85504K)] 139535K->55591K(280064K), 0.0067294 secs] [Times: user=0.04 sys=0.01, real=0.01 secs] 
2021-08-18T17:16:47.834+0800: 2895.432: [GC (Allocation Failure) [PSYoungGen: 84384K->704K(85504K)] 139559K->55879K(280064K), 0.0022433 secs] [Times: user=0.02 sys=0.00, real=0.00 secs] 
2021-08-18T17:16:57.855+0800: 2905.453: [GC (Allocation Failure) [PSYoungGen: 84672K->512K(85504K)] 139847K->55695K(280064K), 0.0019440 secs] [Times: user=0.01 sys=0.00, real=0.00 secs] 
2021-08-18T17:17:09.057+0800: 2916.655: [GC (Allocation Failure) [PSYoungGen: 84480K->416K(85504K)] 139663K->55639K(280064K), 0.0069503 secs] [Times: user=0.05 sys=0.00, real=0.01 secs] 
2021-08-18T17:17:21.060+0800: 2928.658: [GC (Allocation Failure) [PSYoungGen: 84384K->288K(85504K)] 139607K->55511K(280064K), 0.0019126 secs] [Times: user=0.01 sys=0.00, real=0.00 secs] 
2021-08-18T17:17:33.556+0800: 2941.153: [GC (Allocation Failure) [PSYoungGen: 84256K->416K(86016K)] 139479K->55639K(280576K), 0.0072849 secs] [Times: user=0.04 sys=0.01, real=0.01 secs] 
2021-08-18T17:17:45.563+0800: 2953.161: [GC (Allocation Failure) [PSYoungGen: 84896K->416K(85504K)] 140119K->55639K(280064K), 0.0072443 secs] [Times: user=0.04 sys=0.00, real=0.01 secs] 
2021-08-18T17:17:57.842+0800: 2965.440: [GC (Allocation Failure) [PSYoungGen: 84896K->704K(86016K)] 140119K->55943K(280576K), 0.0020403 secs] [Times: user=0.01 sys=0.00, real=0.00 secs] 
2021-08-18T17:18:07.859+0800: 2975.457: [GC (Allocation Failure) [PSYoungGen: 85696K->1024K(86016K)] 140935K->56383K(280576K), 0.0026016 secs] [Times: user=0.02 sys=0.01, real=0.01 secs] 
2021-08-18T17:18:19.061+0800: 2986.659: [GC (Allocation Failure) [PSYoungGen: 86016K->416K(84992K)] 141375K->55775K(279552K), 0.0020366 secs] [Times: user=0.02 sys=0.00, real=0.00 secs] 
2021-08-18T17:18:31.563+0800: 2999.161: [GC (Allocation Failure) [PSYoungGen: 84384K->352K(85504K)] 139743K->55711K(280064K), 0.0020209 secs] [Times: user=0.01 sys=0.01, real=0.00 secs] 
2021-08-18T17:18:44.057+0800: 3011.655: [GC (Allocation Failure) [PSYoungGen: 84320K->416K(85504K)] 139679K->55775K(280064K), 0.0066816 secs] [Times: user=0.04 sys=0.00, real=0.01 secs] 
2021-08-18T17:18:56.064+0800: 3023.662: [GC (Allocation Failure) [PSYoungGen: 84384K->288K(85504K)] 139743K->55679K(280064K), 0.0020882 secs] [Times: user=0.02 sys=0.00, real=0.00 secs] 
2021-08-18T17:19:07.852+0800: 3035.450: [GC (Allocation Failure) [PSYoungGen: 84256K->1120K(85504K)] 139647K->56511K(280064K), 0.0020578 secs] [Times: user=0.01 sys=0.00, real=0.00 secs] 
2021-08-18T17:19:17.847+0800: 3045.445: [GC (Allocation Failure) [PSYoungGen: 85088K->1008K(85504K)] 140479K->56407K(280064K), 0.0020988 secs] [Times: user=0.02 sys=0.00, real=0.00 secs] 
2021-08-18T17:19:27.859+0800: 3055.457: [GC (Allocation Failure) [PSYoungGen: 84976K->1520K(84480K)] 140375K->57287K(279040K), 0.0025489 secs] [Times: user=0.02 sys=0.00, real=0.01 secs] 
2021-08-18T17:19:39.060+0800: 3066.658: [GC (Allocation Failure) [PSYoungGen: 84464K->832K(84992K)] 140231K->56608K(279552K), 0.0023827 secs] [Times: user=0.02 sys=0.00, real=0.00 secs] 
2021-08-18T17:19:51.061+0800: 3078.659: [GC (Allocation Failure) [PSYoungGen: 83776K->800K(84992K)] 139552K->56576K(279552K), 0.0019088 secs] [Times: user=0.01 sys=0.00, real=0.00 secs] 
2021-08-18T17:20:03.067+0800: 3090.665: [GC (Allocation Failure) [PSYoungGen: 83744K->816K(84992K)] 139520K->56592K(279552K), 0.0023900 secs] [Times: user=0.01 sys=0.00, real=0.00 secs] 
2021-08-18T17:20:15.067+0800: 3102.665: [GC (Allocation Failure) [PSYoungGen: 83760K->784K(85504K)] 139536K->56560K(280064K), 0.0022852 secs] [Times: user=0.01 sys=0.00, real=0.00 secs] 
2021-08-18T17:20:27.064+0800: 3114.662: [GC (Allocation Failure) [PSYoungGen: 84240K->816K(84992K)] 140016K->56600K(279552K), 0.0076337 secs] [Times: user=0.05 sys=0.00, real=0.01 secs] 
2021-08-18T17:20:37.838+0800: 3125.436: [GC (Allocation Failure) [PSYoungGen: 84272K->1232K(85504K)] 140056K->57032K(280064K), 0.0023646 secs] [Times: user=0.02 sys=0.00, real=0.01 secs] 
2021-08-18T17:20:47.855+0800: 3135.452: [GC (Allocation Failure) [PSYoungGen: 85200K->1376K(85504K)] 141000K->57176K(280064K), 0.0025070 secs] [Times: user=0.01 sys=0.01, real=0.00 secs] 
2021-08-18T17:20:59.055+0800: 3146.653: [GC (Allocation Failure) [PSYoungGen: 85344K->832K(84480K)] 141144K->56640K(279040K), 0.0073992 secs] [Times: user=0.04 sys=0.00, real=0.01 secs] 
2021-08-18T17:21:11.061+0800: 3158.659: [GC (Allocation Failure) [PSYoungGen: 83776K->864K(84992K)] 139584K->56672K(279552K), 0.0028815 secs] [Times: user=0.02 sys=0.00, real=0.00 secs] 
2021-08-18T17:21:23.067+0800: 3170.665: [GC (Allocation Failure) [PSYoungGen: 83808K->864K(85504K)] 139616K->56672K(280064K), 0.0020233 secs] [Times: user=0.02 sys=0.00, real=0.00 secs] 
2021-08-18T17:21:35.558+0800: 3183.156: [GC (Allocation Failure) [PSYoungGen: 84832K->864K(85504K)] 140640K->56680K(280064K), 0.0077187 secs] [Times: user=0.04 sys=0.00, real=0.01 secs] 
2021-08-18T17:21:47.560+0800: 3195.158: [GC (Allocation Failure) [PSYoungGen: 84832K->800K(85504K)] 140648K->56616K(280064K), 0.0076781 secs] [Times: user=0.05 sys=0.00, real=0.00 secs] 
2021-08-18T17:21:57.858+0800: 3205.456: [GC (Allocation Failure) [PSYoungGen: 84768K->1264K(85504K)] 140584K->57080K(280064K), 0.0025209 secs] [Times: user=0.02 sys=0.00, real=0.01 secs] 
2021-08-18T17:22:08.557+0800: 3216.155: [GC (Allocation Failure) [PSYoungGen: 85232K->480K(85504K)] 141048K->56663K(280064K), 0.0069842 secs] [Times: user=0.04 sys=0.00, real=0.01 secs] 
2021-08-18T17:22:21.075+0800: 3228.673: [GC (Allocation Failure) [PSYoungGen: 84448K->416K(85504K)] 140631K->56831K(280064K), 0.0073418 secs] [Times: user=0.04 sys=0.00, real=0.01 secs] 
2021-08-18T17:22:33.112+0800: 3240.710: [GC (Allocation Failure) [PSYoungGen: 84384K->320K(85504K)] 140799K->56767K(280064K), 0.0020621 secs] [Times: user=0.02 sys=0.00, real=0.00 secs] 
2021-08-18T17:22:45.183+0800: 3252.781: [GC (Allocation Failure) [PSYoungGen: 84288K->416K(85504K)] 140735K->56887K(280064K), 0.0068912 secs] [Times: user=0.04 sys=0.01, real=0.00 secs] 
2021-08-18T17:22:57.848+0800: 3265.446: [GC (Allocation Failure) [PSYoungGen: 84384K->608K(85504K)] 140855K->57103K(280064K), 0.0019902 secs] [Times: user=0.01 sys=0.00, real=0.00 secs] 
2021-08-18T17:23:07.862+0800: 3275.460: [GC (Allocation Failure) [PSYoungGen: 84576K->768K(85504K)] 141071K->57271K(280064K), 0.0022278 secs] [Times: user=0.02 sys=0.00, real=0.00 secs] 
2021-08-18T17:23:18.559+0800: 3286.157: [GC (Allocation Failure) [PSYoungGen: 84736K->416K(85504K)] 141239K->57007K(280064K), 0.0054629 secs] [Times: user=0.05 sys=0.00, real=0.01 secs] 
2021-08-18T17:23:31.058+0800: 3298.656: [GC (Allocation Failure) [PSYoungGen: 84384K->416K(85504K)] 140975K->57103K(280064K), 0.0070711 secs] [Times: user=0.04 sys=0.00, real=0.01 secs] 
2021-08-18T17:23:43.062+0800: 3310.660: [GC (Allocation Failure) [PSYoungGen: 84384K->416K(85504K)] 141071K->57103K(280064K), 0.0073772 secs] [Times: user=0.04 sys=0.00, real=0.00 secs] 
2021-08-18T17:23:55.202+0800: 3322.800: [GC (Allocation Failure) [PSYoungGen: 84384K->416K(85504K)] 141071K->57119K(280064K), 0.0068885 secs] [Times: user=0.04 sys=0.01, real=0.00 secs] 
2021-08-18T17:24:07.563+0800: 3335.160: [GC (Allocation Failure) [PSYoungGen: 84384K->384K(85504K)] 141087K->57087K(280064K), 0.0074707 secs] [Times: user=0.04 sys=0.00, real=0.01 secs] 
2021-08-18T17:24:17.862+0800: 3345.460: [GC (Allocation Failure) [PSYoungGen: 84352K->736K(85504K)] 141055K->57439K(280064K), 0.0022527 secs] [Times: user=0.02 sys=0.01, real=0.00 secs] 
2021-08-18T17:24:28.555+0800: 3356.153: [GC (Allocation Failure) [PSYoungGen: 84704K->416K(85504K)] 141407K->57127K(280064K), 0.0060934 secs] [Times: user=0.04 sys=0.00, real=0.01 secs] 
2021-08-18T17:24:40.569+0800: 3368.167: [GC (Allocation Failure) [PSYoungGen: 84384K->416K(85504K)] 141095K->57127K(280064K), 0.0068654 secs] [Times: user=0.04 sys=0.00, real=0.01 secs] 
2021-08-18T17:24:52.555+0800: 3380.153: [GC (Allocation Failure) [PSYoungGen: 84384K->448K(85504K)] 141095K->57167K(280064K), 0.0071196 secs] [Times: user=0.04 sys=0.01, real=0.01 secs] 
2021-08-18T17:25:04.563+0800: 3392.161: [GC (Allocation Failure) [PSYoungGen: 84416K->416K(85504K)] 141135K->57175K(280064K), 0.0028392 secs] [Times: user=0.01 sys=0.00, real=0.00 secs] 
2021-08-18T17:25:16.202+0800: 3403.800: [GC (Allocation Failure) [PSYoungGen: 84384K->416K(85504K)] 141143K->57175K(280064K), 0.0071705 secs] [Times: user=0.04 sys=0.01, real=0.00 secs] 
2021-08-18T17:25:27.240+0800: 3414.838: [GC (Allocation Failure) [PSYoungGen: 84384K->416K(85504K)] 141143K->57183K(280064K), 0.0019928 secs] [Times: user=0.01 sys=0.00, real=0.01 secs] 
2021-08-18T17:25:37.846+0800: 3425.444: [GC (Allocation Failure) [PSYoungGen: 84384K->832K(85504K)] 141151K->57607K(280064K), 0.0021143 secs] [Times: user=0.02 sys=0.00, real=0.00 secs] 
2021-08-18T17:25:47.860+0800: 3435.458: [GC (Allocation Failure) [PSYoungGen: 84800K->1344K(85504K)] 141575K->58143K(280064K), 0.0023943 secs] [Times: user=0.02 sys=0.00, real=0.01 secs] 
2021-08-18T17:25:57.870+0800: 3445.468: [GC (Allocation Failure) [PSYoungGen: 85312K->1088K(85504K)] 142111K->57951K(280064K), 0.0024389 secs] [Times: user=0.02 sys=0.00, real=0.01 secs] 
2021-08-18T17:26:08.201+0800: 3455.798: [GC (Allocation Failure) [PSYoungGen: 85056K->416K(85504K)] 141919K->57287K(280064K), 0.0072224 secs] [Times: user=0.04 sys=0.00, real=0.00 secs] 
2021-08-18T17:26:19.559+0800: 3467.157: [GC (Allocation Failure) [PSYoungGen: 84384K->416K(85504K)] 141255K->57295K(280064K), 0.0075241 secs] [Times: user=0.05 sys=0.01, real=0.01 secs] 
2021-08-18T17:26:30.347+0800: 3477.945: [GC (Allocation Failure) [PSYoungGen: 84384K->416K(85504K)] 141263K->57295K(280064K), 0.0053455 secs] [Times: user=0.04 sys=0.00, real=0.01 secs] 
2021-08-18T17:26:41.068+0800: 3488.666: [GC (Allocation Failure) [PSYoungGen: 84384K->416K(85504K)] 141263K->57303K(280064K), 0.0020141 secs] [Times: user=0.01 sys=0.01, real=0.01 secs] 
2021-08-18T17:26:52.075+0800: 3499.672: [GC (Allocation Failure) [PSYoungGen: 84384K->416K(85504K)] 141271K->57303K(280064K), 0.0022264 secs] [Times: user=0.01 sys=0.00, real=0.00 secs] 
2021-08-18T17:27:03.070+0800: 3510.668: [GC (Allocation Failure) [PSYoungGen: 84384K->384K(85504K)] 141271K->57279K(280064K), 0.0022857 secs] [Times: user=0.01 sys=0.00, real=0.00 secs] 
2021-08-18T17:27:14.067+0800: 3521.664: [GC (Allocation Failure) [PSYoungGen: 84352K->464K(85504K)] 141247K->57367K(280064K), 0.0020110 secs] [Times: user=0.02 sys=0.00, real=0.00 secs] 
2021-08-18T17:27:25.060+0800: 3532.657: [GC (Allocation Failure) [PSYoungGen: 84432K->480K(85504K)] 141335K->57391K(280064K), 0.0020741 secs] [Times: user=0.02 sys=0.00, real=0.01 secs] 
2021-08-18T17:27:35.557+0800: 3543.154: [GC (Allocation Failure) [PSYoungGen: 84448K->432K(85504K)] 141359K->57447K(280064K), 0.0025241 secs] [Times: user=0.01 sys=0.00, real=0.00 secs] 
2021-08-18T17:27:46.070+0800: 3553.668: [GC (Allocation Failure) [PSYoungGen: 84400K->560K(85504K)] 141415K->57575K(280064K), 0.0019215 secs] [Times: user=0.02 sys=0.00, real=0.01 secs] 
2021-08-18T17:27:57.068+0800: 3564.665: [GC (Allocation Failure) [PSYoungGen: 84528K->720K(85504K)] 141543K->57735K(280064K), 0.0020833 secs] [Times: user=0.01 sys=0.00, real=0.00 secs] 
2021-08-18T17:28:07.859+0800: 3575.457: [GC (Allocation Failure) [PSYoungGen: 84688K->1248K(85504K)] 141703K->58367K(280064K), 0.0022869 secs] [Times: user=0.01 sys=0.00, real=0.01 secs] 
2021-08-18T17:28:17.864+0800: 3585.461: [GC (Allocation Failure) [PSYoungGen: 85216K->1504K(85504K)] 142335K->58839K(280064K), 0.0023586 secs] [Times: user=0.02 sys=0.00, real=0.00 secs] 
2021-08-18T17:28:27.875+0800: 3595.473: [GC (Allocation Failure) [PSYoungGen: 85472K->1520K(84480K)] 142807K->58959K(279040K), 0.0033774 secs] [Times: user=0.02 sys=0.01, real=0.00 secs] 
2021-08-18T17:28:37.867+0800: 3605.464: [GC (Allocation Failure) [PSYoungGen: 84464K->1584K(84992K)] 141903K->59031K(279552K), 0.0021963 secs] [Times: user=0.01 sys=0.00, real=0.00 secs] 
2021-08-18T17:28:48.055+0800: 3615.653: [GC (Allocation Failure) [PSYoungGen: 84528K->1104K(84992K)] 141975K->58559K(279552K), 0.0073437 secs] [Times: user=0.04 sys=0.00, real=0.01 secs] 
2021-08-18T17:28:58.555+0800: 3626.153: [GC (Allocation Failure) [PSYoungGen: 84048K->1120K(84992K)] 141503K->58623K(279552K), 0.0023251 secs] [Times: user=0.02 sys=0.00, real=0.00 secs] 
2021-08-18T17:29:09.566+0800: 3637.163: [GC (Allocation Failure) [PSYoungGen: 84064K->1184K(84992K)] 141567K->58775K(279552K), 0.0037827 secs] [Times: user=0.02 sys=0.01, real=0.00 secs] 
2021-08-18T17:29:20.241+0800: 3647.838: [GC (Allocation Failure) [PSYoungGen: 84128K->1168K(84992K)] 141719K->58759K(279552K), 0.0023392 secs] [Times: user=0.02 sys=0.00, real=0.00 secs] 
2021-08-18T17:29:31.065+0800: 3658.663: [GC (Allocation Failure) [PSYoungGen: 84112K->1104K(84992K)] 141703K->58703K(279552K), 0.0022184 secs] [Times: user=0.01 sys=0.00, real=0.00 secs] 
2021-08-18T17:29:42.061+0800: 3669.659: [GC (Allocation Failure) [PSYoungGen: 84048K->1152K(84992K)] 141647K->58751K(279552K), 0.0066917 secs] [Times: user=0.03 sys=0.00, real=0.00 secs] 
2021-08-18T17:29:53.055+0800: 3680.653: [GC (Allocation Failure) [PSYoungGen: 84096K->1072K(84992K)] 141695K->58783K(279552K), 0.0072303 secs] [Times: user=0.03 sys=0.00, real=0.01 secs] 
2021-08-18T17:30:03.565+0800: 3691.163: [GC (Allocation Failure) [PSYoungGen: 84016K->1088K(84992K)] 141727K->58807K(279552K), 0.0070739 secs] [Times: user=0.05 sys=0.00, real=0.01 secs] 
2021-08-18T17:30:14.372+0800: 3701.969: [GC (Allocation Failure) [PSYoungGen: 84032K->1040K(84992K)] 141751K->58783K(279552K), 0.0076731 secs] [Times: user=0.04 sys=0.00, real=0.00 secs] 
2021-08-18T17:30:25.068+0800: 3712.666: [GC (Allocation Failure) [PSYoungGen: 83984K->1024K(84992K)] 141727K->58887K(279552K), 0.0020777 secs] [Times: user=0.01 sys=0.00, real=0.00 secs] 
2021-08-18T17:30:36.058+0800: 3723.656: [GC (Allocation Failure) [PSYoungGen: 83968K->816K(84992K)] 141831K->58911K(279552K), 0.0068768 secs] [Times: user=0.04 sys=0.00, real=0.01 secs] 
2021-08-18T17:30:46.062+0800: 3733.659: [GC (Allocation Failure) [PSYoungGen: 83760K->576K(84992K)] 141855K->58991K(279552K), 0.0068624 secs] [Times: user=0.04 sys=0.00, real=0.00 secs] 
2021-08-18T17:30:57.562+0800: 3745.159: [GC (Allocation Failure) [PSYoungGen: 83520K->480K(84992K)] 141935K->59047K(279552K), 0.0071310 secs] [Times: user=0.04 sys=0.00, real=0.00 secs] 
2021-08-18T17:31:07.868+0800: 3755.466: [GC (Allocation Failure) [PSYoungGen: 83424K->1328K(84992K)] 141991K->60007K(279552K), 0.0021197 secs] [Times: user=0.01 sys=0.00, real=0.00 secs] 
2021-08-18T17:31:17.874+0800: 3765.472: [GC (Allocation Failure) [PSYoungGen: 84272K->672K(84992K)] 142951K->59487K(279552K), 0.0021364 secs] [Times: user=0.01 sys=0.00, real=0.00 secs] 
2021-08-18T17:31:28.071+0800: 3775.669: [GC (Allocation Failure) [PSYoungGen: 83616K->448K(84992K)] 142431K->59279K(279552K), 0.0020826 secs] [Times: user=0.02 sys=0.00, real=0.00 secs] 
2021-08-18T17:31:40.061+0800: 3787.658: [GC (Allocation Failure) [PSYoungGen: 83392K->448K(84992K)] 142223K->59303K(279552K), 0.0060320 secs] [Times: user=0.04 sys=0.00, real=0.00 secs] 
2021-08-18T17:31:52.062+0800: 3799.659: [GC (Allocation Failure) [PSYoungGen: 83392K->352K(84992K)] 142247K->59311K(279552K), 0.0020438 secs] [Times: user=0.01 sys=0.00, real=0.00 secs] 
2021-08-18T17:32:03.564+0800: 3811.162: [GC (Allocation Failure) [PSYoungGen: 83296K->416K(84992K)] 142255K->59391K(279552K), 0.0059047 secs] [Times: user=0.03 sys=0.00, real=0.00 secs] 
2021-08-18T17:32:15.591+0800: 3823.188: [GC (Allocation Failure) [PSYoungGen: 83360K->416K(84992K)] 142335K->59407K(279552K), 0.0060710 secs] [Times: user=0.04 sys=0.00, real=0.00 secs] 
2021-08-18T17:32:27.861+0800: 3835.459: [GC (Allocation Failure) [PSYoungGen: 83360K->608K(84992K)] 142351K->59599K(279552K), 0.0020078 secs] [Times: user=0.02 sys=0.00, real=0.00 secs] 
2021-08-18T17:32:37.863+0800: 3845.461: [GC (Allocation Failure) [PSYoungGen: 83552K->1024K(84992K)] 142543K->60031K(279552K), 0.0025378 secs] [Times: user=0.01 sys=0.00, real=0.00 secs] 
2021-08-18T17:32:48.060+0800: 3855.658: [GC (Allocation Failure) [PSYoungGen: 83968K->416K(84992K)] 142975K->59431K(279552K), 0.0069850 secs] [Times: user=0.04 sys=0.00, real=0.01 secs] 
2021-08-18T17:33:00.060+0800: 3867.658: [GC (Allocation Failure) [PSYoungGen: 83360K->416K(84992K)] 142375K->59447K(279552K), 0.0039402 secs] [Times: user=0.02 sys=0.00, real=0.01 secs] 
2021-08-18T17:33:12.064+0800: 3879.662: [GC (Allocation Failure) [PSYoungGen: 83360K->352K(85504K)] 142391K->59383K(280064K), 0.0023585 secs] [Times: user=0.01 sys=0.00, real=0.00 secs] 
2021-08-18T17:33:24.065+0800: 3891.663: [GC (Allocation Failure) [PSYoungGen: 84320K->352K(85504K)] 143351K->59431K(280064K), 0.0022324 secs] [Times: user=0.01 sys=0.01, real=0.00 secs] 
2021-08-18T17:33:36.065+0800: 3903.663: [GC (Allocation Failure) [PSYoungGen: 84320K->416K(85504K)] 143399K->59599K(280064K), 0.0020338 secs] [Times: user=0.02 sys=0.00, real=0.00 secs] 
2021-08-18T17:33:47.865+0800: 3915.463: [GC (Allocation Failure) [PSYoungGen: 84384K->800K(85504K)] 143567K->60007K(280064K), 0.0023217 secs] [Times: user=0.01 sys=0.00, real=0.00 secs] 
2021-08-18T17:33:57.879+0800: 3925.477: [GC (Allocation Failure) [PSYoungGen: 84768K->1120K(85504K)] 143975K->60343K(280064K), 0.0024789 secs] [Times: user=0.02 sys=0.00, real=0.01 secs] 
2021-08-18T17:34:09.064+0800: 3936.662: [GC (Allocation Failure) [PSYoungGen: 85088K->384K(85504K)] 144311K->59647K(280064K), 0.0020468 secs] [Times: user=0.02 sys=0.00, real=0.00 secs] 
2021-08-18T17:34:21.200+0800: 3948.797: [GC (Allocation Failure) [PSYoungGen: 84352K->416K(85504K)] 143615K->59783K(280064K), 0.0072043 secs] [Times: user=0.04 sys=0.00, real=0.01 secs] 
2021-08-18T17:34:34.058+0800: 3961.656: [GC (Allocation Failure) [PSYoungGen: 84384K->288K(85504K)] 143751K->59711K(280064K), 0.0021999 secs] [Times: user=0.02 sys=0.00, real=0.01 secs] 
2021-08-18T17:34:45.694+0800: 3973.291: [GC (Allocation Failure) [PSYoungGen: 84256K->416K(85504K)] 143679K->59863K(280064K), 0.0070930 secs] [Times: user=0.04 sys=0.00, real=0.01 secs] 
2021-08-18T17:34:57.863+0800: 3985.461: [GC (Allocation Failure) [PSYoungGen: 84384K->640K(85504K)] 143831K->60095K(280064K), 0.0023517 secs] [Times: user=0.02 sys=0.00, real=0.00 secs] 
2021-08-18T17:35:07.876+0800: 3995.474: [GC (Allocation Failure) [PSYoungGen: 84608K->736K(85504K)] 144063K->60207K(280064K), 0.0024564 secs] [Times: user=0.01 sys=0.00, real=0.00 secs] 
2021-08-18T17:35:19.059+0800: 4006.657: [GC (Allocation Failure) [PSYoungGen: 84704K->416K(85504K)] 144175K->59887K(280064K), 0.0070694 secs] [Times: user=0.04 sys=0.00, real=0.01 secs] 
2021-08-18T17:35:30.919+0800: 4018.517: [GC (Allocation Failure) [PSYoungGen: 84384K->416K(85504K)] 143855K->59927K(280064K), 0.0062970 secs] [Times: user=0.04 sys=0.00, real=0.01 secs] 
2021-08-18T17:35:42.920+0800: 4030.518: [GC (Allocation Failure) [PSYoungGen: 84384K->416K(85504K)] 143895K->59943K(280064K), 0.0046359 secs] [Times: user=0.04 sys=0.00, real=0.01 secs] 
2021-08-18T17:35:55.064+0800: 4042.661: [GC (Allocation Failure) [PSYoungGen: 84384K->416K(85504K)] 143911K->59943K(280064K), 0.0018722 secs] [Times: user=0.01 sys=0.00, real=0.00 secs] 
2021-08-18T17:36:07.068+0800: 4054.666: [GC (Allocation Failure) [PSYoungGen: 84384K->320K(85504K)] 143911K->59847K(280064K), 0.0019965 secs] [Times: user=0.01 sys=0.00, real=0.01 secs] 
2021-08-18T17:36:17.873+0800: 4065.471: [GC (Allocation Failure) [PSYoungGen: 84288K->256K(85504K)] 143815K->59783K(280064K), 0.0022264 secs] [Times: user=0.01 sys=0.00, real=0.00 secs] 
2021-08-18T17:36:28.065+0800: 4075.663: [GC (Allocation Failure) [PSYoungGen: 84224K->256K(85504K)] 143751K->59823K(280064K), 0.0023116 secs] [Times: user=0.01 sys=0.01, real=0.00 secs] 
2021-08-18T17:36:40.066+0800: 4087.663: [GC (Allocation Failure) [PSYoungGen: 84224K->320K(86016K)] 143791K->59911K(280576K), 0.0020919 secs] [Times: user=0.01 sys=0.00, real=0.00 secs] 
2021-08-18T17:36:52.069+0800: 4099.667: [GC (Allocation Failure) [PSYoungGen: 84800K->352K(85504K)] 144391K->59943K(280064K), 0.0023198 secs] [Times: user=0.01 sys=0.00, real=0.01 secs] 
2021-08-18T17:37:05.058+0800: 4112.656: [GC (Allocation Failure) [PSYoungGen: 84832K->384K(86016K)] 144423K->59975K(280576K), 0.0069388 secs] [Times: user=0.03 sys=0.00, real=0.01 secs] 
2021-08-18T17:37:17.067+0800: 4124.665: [GC (Allocation Failure) [PSYoungGen: 85376K->256K(86016K)] 144967K->59847K(280576K), 0.0021236 secs] [Times: user=0.01 sys=0.00, real=0.00 secs] 
2021-08-18T17:37:27.872+0800: 4135.470: [GC (Allocation Failure) [PSYoungGen: 85248K->1024K(84992K)] 144839K->60639K(279552K), 0.0024469 secs] [Times: user=0.02 sys=0.00, real=0.00 secs] 
2021-08-18T17:37:38.055+0800: 4145.652: [GC (Allocation Failure) [PSYoungGen: 84992K->352K(85504K)] 144607K->59991K(280064K), 0.0065734 secs] [Times: user=0.04 sys=0.00, real=0.01 secs] 
2021-08-18T17:37:50.063+0800: 4157.661: [GC (Allocation Failure) [PSYoungGen: 84320K->384K(86016K)] 143959K->60071K(280576K), 0.0074571 secs] [Times: user=0.05 sys=0.00, real=0.01 secs] 
2021-08-18T17:38:02.066+0800: 4169.664: [GC (Allocation Failure) [PSYoungGen: 84864K->384K(85504K)] 144551K->60071K(280064K), 0.0021069 secs] [Times: user=0.02 sys=0.00, real=0.00 secs] 
2021-08-18T17:38:15.055+0800: 4182.653: [GC (Allocation Failure) [PSYoungGen: 84864K->416K(86016K)] 144551K->60135K(280576K), 0.0070531 secs] [Times: user=0.04 sys=0.00, real=0.01 secs] 
2021-08-18T17:38:27.068+0800: 4194.665: [GC (Allocation Failure) [PSYoungGen: 85408K->384K(86016K)] 145127K->60151K(280576K), 0.0019337 secs] [Times: user=0.02 sys=0.00, real=0.00 secs] 
2021-08-18T17:38:37.864+0800: 4205.462: [GC (Allocation Failure) [PSYoungGen: 85376K->1024K(84992K)] 145143K->60943K(279552K), 0.0025060 secs] [Times: user=0.01 sys=0.00, real=0.00 secs] 
2021-08-18T17:38:48.055+0800: 4215.652: [GC (Allocation Failure) [PSYoungGen: 84992K->416K(85504K)] 144911K->60383K(280064K), 0.0074227 secs] [Times: user=0.04 sys=0.00, real=0.01 secs] 
2021-08-18T17:39:00.065+0800: 4227.662: [GC (Allocation Failure) [PSYoungGen: 84384K->352K(85504K)] 144351K->60319K(280064K), 0.0018901 secs] [Times: user=0.01 sys=0.00, real=0.00 secs] 
2021-08-18T17:39:12.065+0800: 4239.663: [GC (Allocation Failure) [PSYoungGen: 84320K->288K(85504K)] 144287K->60255K(280064K), 0.0023778 secs] [Times: user=0.01 sys=0.00, real=0.00 secs] 
2021-08-18T17:39:25.055+0800: 4252.653: [GC (Allocation Failure) [PSYoungGen: 84256K->416K(86016K)] 144223K->60383K(280576K), 0.0072808 secs] [Times: user=0.04 sys=0.00, real=0.01 secs] 
2021-08-18T17:39:37.061+0800: 4264.658: [GC (Allocation Failure) [PSYoungGen: 85408K->288K(86016K)] 145375K->60255K(280576K), 0.0022966 secs] [Times: user=0.01 sys=0.00, real=0.00 secs] 
2021-08-18T17:39:47.875+0800: 4275.473: [GC (Allocation Failure) [PSYoungGen: 85280K->1024K(84992K)] 145247K->61143K(279552K), 0.0024266 secs] [Times: user=0.02 sys=0.00, real=0.00 secs] 
2021-08-18T17:39:58.055+0800: 4285.652: [GC (Allocation Failure) [PSYoungGen: 84992K->416K(85504K)] 145111K->60535K(280064K), 0.0073242 secs] [Times: user=0.04 sys=0.00, real=0.01 secs] 
2021-08-18T17:40:10.063+0800: 4297.661: [GC (Allocation Failure) [PSYoungGen: 84384K->416K(85504K)] 144503K->60535K(280064K), 0.0060227 secs] [Times: user=0.05 sys=0.00, real=0.00 secs] 
2021-08-18T17:40:22.061+0800: 4309.659: [GC (Allocation Failure) [PSYoungGen: 84384K->352K(85504K)] 144503K->60471K(280064K), 0.0021069 secs] [Times: user=0.01 sys=0.00, real=0.00 secs] 
2021-08-18T17:40:34.559+0800: 4322.157: [GC (Allocation Failure) [PSYoungGen: 84320K->384K(86016K)] 144439K->60503K(280576K), 0.0067989 secs] [Times: user=0.04 sys=0.00, real=0.01 secs] 
2021-08-18T17:40:46.559+0800: 4334.156: [GC (Allocation Failure) [PSYoungGen: 84864K->384K(85504K)] 144983K->60503K(280064K), 0.0066624 secs] [Times: user=0.04 sys=0.01, real=0.01 secs] 
2021-08-18T17:40:57.869+0800: 4345.467: [GC (Allocation Failure) [PSYoungGen: 84864K->1024K(84992K)] 144983K->61191K(279552K), 0.0023403 secs] [Times: user=0.01 sys=0.00, real=0.01 secs] 
2021-08-18T17:41:07.884+0800: 4355.482: [GC (Allocation Failure) [PSYoungGen: 84992K->1312K(85504K)] 145159K->61487K(280064K), 0.0021682 secs] [Times: user=0.01 sys=0.00, real=0.00 secs] 
2021-08-18T17:41:20.053+0800: 4367.651: [GC (Allocation Failure) [PSYoungGen: 85280K->416K(85504K)] 145455K->60591K(280064K), 0.0070553 secs] [Times: user=0.04 sys=0.00, real=0.01 secs] 
2021-08-18T17:41:32.058+0800: 4379.656: [GC (Allocation Failure) [PSYoungGen: 84384K->320K(85504K)] 144559K->60535K(280064K), 0.0020571 secs] [Times: user=0.02 sys=0.00, real=0.01 secs] 
2021-08-18T17:41:44.059+0800: 4391.657: [GC (Allocation Failure) [PSYoungGen: 84288K->352K(85504K)] 144503K->60567K(280064K), 0.0023518 secs] [Times: user=0.01 sys=0.00, real=0.01 secs] 
2021-08-18T17:41:56.062+0800: 4403.660: [GC (Allocation Failure) [PSYoungGen: 84320K->416K(85504K)] 144535K->60655K(280064K), 0.0022099 secs] [Times: user=0.01 sys=0.00, real=0.00 secs] 
2021-08-18T17:42:07.895+0800: 4415.493: [GC (Allocation Failure) [PSYoungGen: 84384K->1088K(85504K)] 144623K->61335K(280064K), 0.0062509 secs] [Times: user=0.04 sys=0.00, real=0.01 secs] 
2021-08-18T17:42:17.883+0800: 4425.481: [GC (Allocation Failure) [PSYoungGen: 85056K->1184K(85504K)] 145303K->61447K(280064K), 0.0023232 secs] [Times: user=0.02 sys=0.00, real=0.00 secs] 
2021-08-18T17:42:29.200+0800: 4436.798: [GC (Allocation Failure) [PSYoungGen: 85152K->384K(85504K)] 145415K->60695K(280064K), 0.0072415 secs] [Times: user=0.05 sys=0.00, real=0.01 secs] 
2021-08-18T17:42:41.065+0800: 4448.663: [GC (Allocation Failure) [PSYoungGen: 84352K->416K(85504K)] 144663K->60751K(280064K), 0.0023334 secs] [Times: user=0.02 sys=0.00, real=0.00 secs] 
2021-08-18T17:42:53.557+0800: 4461.155: [GC (Allocation Failure) [PSYoungGen: 84384K->416K(85504K)] 144719K->60751K(280064K), 0.0075720 secs] [Times: user=0.05 sys=0.00, real=0.01 secs] 
2021-08-18T17:43:05.553+0800: 4473.150: [GC (Allocation Failure) [PSYoungGen: 84384K->448K(85504K)] 144719K->60783K(280064K), 0.0073080 secs] [Times: user=0.04 sys=0.00, real=0.00 secs] 
2021-08-18T17:43:17.604+0800: 4485.202: [GC (Allocation Failure) [PSYoungGen: 84416K->352K(85504K)] 144751K->60703K(280064K), 0.0071140 secs] [Times: user=0.04 sys=0.00, real=0.01 secs] 
2021-08-18T17:43:27.879+0800: 4495.477: [GC (Allocation Failure) [PSYoungGen: 84320K->768K(85504K)] 144671K->61119K(280064K), 0.0026110 secs] [Times: user=0.01 sys=0.00, real=0.01 secs] 
2021-08-18T17:43:38.059+0800: 4505.657: [GC (Allocation Failure) [PSYoungGen: 84736K->256K(85504K)] 145087K->60631K(280064K), 0.0022332 secs] [Times: user=0.01 sys=0.00, real=0.01 secs] 
2021-08-18T17:43:50.558+0800: 4518.156: [GC (Allocation Failure) [PSYoungGen: 84224K->416K(85504K)] 144599K->60831K(280064K), 0.0068896 secs] [Times: user=0.04 sys=0.01, real=0.01 secs] 
2021-08-18T17:44:02.559+0800: 4530.157: [GC (Allocation Failure) [PSYoungGen: 84384K->384K(85504K)] 144799K->60799K(280064K), 0.0068486 secs] [Times: user=0.04 sys=0.00, real=0.01 secs] 
2021-08-18T17:44:15.059+0800: 4542.657: [GC (Allocation Failure) [PSYoungGen: 84352K->384K(85504K)] 144767K->60815K(280064K), 0.0018835 secs] [Times: user=0.01 sys=0.00, real=0.01 secs] 
2021-08-18T17:44:27.058+0800: 4554.656: [GC (Allocation Failure) [PSYoungGen: 84352K->352K(85504K)] 144783K->60783K(280064K), 0.0020457 secs] [Times: user=0.01 sys=0.00, real=0.00 secs] 
2021-08-18T17:44:37.872+0800: 4565.470: [GC (Allocation Failure) [PSYoungGen: 84320K->1248K(85504K)] 144751K->61679K(280064K), 0.0021156 secs] [Times: user=0.01 sys=0.00, real=0.00 secs] 
2021-08-18T17:44:47.889+0800: 4575.487: [GC (Allocation Failure) [PSYoungGen: 85216K->1344K(85504K)] 145647K->61799K(280064K), 0.0026627 secs] [Times: user=0.01 sys=0.00, real=0.01 secs] 
2021-08-18T17:44:59.556+0800: 4587.154: [GC (Allocation Failure) [PSYoungGen: 85312K->384K(85504K)] 145767K->60855K(280064K), 0.0069801 secs] [Times: user=0.04 sys=0.01, real=0.01 secs] 
2021-08-18T17:45:11.556+0800: 4599.154: [GC (Allocation Failure) [PSYoungGen: 84352K->416K(85504K)] 144823K->60895K(280064K), 0.0072842 secs] [Times: user=0.04 sys=0.00, real=0.01 secs] 
2021-08-18T17:45:23.199+0800: 4610.796: [GC (Allocation Failure) [PSYoungGen: 84384K->416K(85504K)] 144863K->60919K(280064K), 0.0073546 secs] [Times: user=0.04 sys=0.00, real=0.01 secs] 
2021-08-18T17:45:32.204+0800: 4619.801: [GC (Allocation Failure) [PSYoungGen: 84384K->480K(85504K)] 144887K->60983K(280064K), 0.0072742 secs] [Times: user=0.04 sys=0.00, real=0.01 secs] 
2021-08-18T17:45:42.060+0800: 4629.658: [GC (Allocation Failure) [PSYoungGen: 84448K->416K(85504K)] 144951K->60919K(280064K), 0.0022787 secs] [Times: user=0.01 sys=0.00, real=0.00 secs] 
2021-08-18T17:45:52.053+0800: 4639.651: [GC (Allocation Failure) [PSYoungGen: 84384K->448K(85504K)] 144887K->61007K(280064K), 0.0074841 secs] [Times: user=0.04 sys=0.00, real=0.01 secs] 
2021-08-18T17:46:03.056+0800: 4650.654: [GC (Allocation Failure) [PSYoungGen: 84416K->448K(85504K)] 144975K->61023K(280064K), 0.0024909 secs] [Times: user=0.02 sys=0.00, real=0.00 secs] 
2021-08-18T17:46:15.323+0800: 4662.921: [GC (Allocation Failure) [PSYoungGen: 84416K->384K(85504K)] 144991K->60975K(280064K), 0.0029342 secs] [Times: user=0.02 sys=0.00, real=0.00 secs] 
2021-08-18T17:46:27.202+0800: 4674.800: [GC (Allocation Failure) [PSYoungGen: 84352K->416K(85504K)] 144943K->61007K(280064K), 0.0077843 secs] [Times: user=0.04 sys=0.00, real=0.00 secs] 
2021-08-18T17:46:37.878+0800: 4685.476: [GC (Allocation Failure) [PSYoungGen: 84384K->1056K(85504K)] 144975K->61647K(280064K), 0.0023452 secs] [Times: user=0.01 sys=0.00, real=0.01 secs] 
2021-08-18T17:46:47.889+0800: 4695.487: [GC (Allocation Failure) [PSYoungGen: 85024K->1440K(85504K)] 145615K->62031K(280064K), 0.0025580 secs] [Times: user=0.02 sys=0.00, real=0.01 secs] 
2021-08-18T17:46:58.058+0800: 4705.656: [GC (Allocation Failure) [PSYoungGen: 85408K->480K(85504K)] 145999K->61079K(280064K), 0.0021680 secs] [Times: user=0.02 sys=0.00, real=0.01 secs] 
2021-08-18T17:47:10.063+0800: 4717.661: [GC (Allocation Failure) [PSYoungGen: 84448K->384K(85504K)] 145047K->61007K(280064K), 0.0021463 secs] [Times: user=0.02 sys=0.00, real=0.00 secs] 
2021-08-18T17:47:22.062+0800: 4729.660: [GC (Allocation Failure) [PSYoungGen: 84352K->416K(85504K)] 144975K->61039K(280064K), 0.0021617 secs] [Times: user=0.02 sys=0.00, real=0.00 secs] 
2021-08-18T17:47:34.556+0800: 4742.154: [GC (Allocation Failure) [PSYoungGen: 84384K->416K(85504K)] 145007K->61047K(280064K), 0.0073846 secs] [Times: user=0.04 sys=0.00, real=0.01 secs] 
2021-08-18T17:47:46.246+0800: 4753.844: [GC (Allocation Failure) [PSYoungGen: 84384K->416K(85504K)] 145015K->61055K(280064K), 0.0078958 secs] [Times: user=0.05 sys=0.00, real=0.01 secs] 
2021-08-18T17:47:57.875+0800: 4765.473: [GC (Allocation Failure) [PSYoungGen: 84384K->1088K(85504K)] 145023K->61775K(280064K), 0.0024414 secs] [Times: user=0.02 sys=0.00, real=0.00 secs] 
2021-08-18T17:48:07.888+0800: 4775.485: [GC (Allocation Failure) [PSYoungGen: 85056K->1152K(85504K)] 145743K->61943K(280064K), 0.0024053 secs] [Times: user=0.02 sys=0.00, real=0.00 secs] 
2021-08-18T17:48:19.058+0800: 4786.656: [GC (Allocation Failure) [PSYoungGen: 85120K->416K(85504K)] 145911K->61320K(280064K), 0.0020524 secs] [Times: user=0.02 sys=0.00, real=0.01 secs] 
2021-08-18T17:48:31.063+0800: 4798.660: [GC (Allocation Failure) [PSYoungGen: 84384K->288K(85504K)] 145288K->61280K(280064K), 0.0021123 secs] [Times: user=0.01 sys=0.00, real=0.00 secs] 
2021-08-18T17:48:43.059+0800: 4810.657: [GC (Allocation Failure) [PSYoungGen: 84256K->352K(85504K)] 145248K->61408K(280064K), 0.0019186 secs] [Times: user=0.01 sys=0.00, real=0.01 secs] 
2021-08-18T17:48:55.069+0800: 4822.667: [GC (Allocation Failure) [PSYoungGen: 84320K->416K(85504K)] 145376K->61520K(280064K), 0.0065854 secs] [Times: user=0.05 sys=0.00, real=0.01 secs] 
2021-08-18T17:49:07.558+0800: 4835.155: [GC (Allocation Failure) [PSYoungGen: 84384K->416K(85504K)] 145488K->61528K(280064K), 0.0068865 secs] [Times: user=0.04 sys=0.01, real=0.01 secs] 
2021-08-18T17:49:17.884+0800: 4845.482: [GC (Allocation Failure) [PSYoungGen: 84384K->736K(85504K)] 145496K->61856K(280064K), 0.0025944 secs] [Times: user=0.01 sys=0.00, real=0.00 secs] 
2021-08-18T17:49:28.058+0800: 4855.656: [GC (Allocation Failure) [PSYoungGen: 84704K->352K(85504K)] 145824K->61472K(280064K), 0.0019657 secs] [Times: user=0.01 sys=0.00, real=0.01 secs] 
2021-08-18T17:49:40.556+0800: 4868.154: [GC (Allocation Failure) [PSYoungGen: 84320K->416K(85504K)] 145440K->61568K(280064K), 0.0069472 secs] [Times: user=0.04 sys=0.00, real=0.01 secs] 
2021-08-18T17:49:53.063+0800: 4880.661: [GC (Allocation Failure) [PSYoungGen: 84384K->384K(85504K)] 145536K->61576K(280064K), 0.0068955 secs] [Times: user=0.04 sys=0.00, real=0.00 secs] 
2021-08-18T17:50:05.059+0800: 4892.657: [GC (Allocation Failure) [PSYoungGen: 84352K->416K(85504K)] 145544K->61608K(280064K), 0.0021054 secs] [Times: user=0.01 sys=0.00, real=0.01 secs] 
2021-08-18T17:50:17.059+0800: 4904.657: [GC (Allocation Failure) [PSYoungGen: 84384K->352K(85504K)] 145576K->61560K(280064K), 0.0022109 secs] [Times: user=0.01 sys=0.00, real=0.01 secs] 
2021-08-18T17:50:27.882+0800: 4915.480: [GC (Allocation Failure) [PSYoungGen: 84320K->992K(85504K)] 145528K->62200K(280064K), 0.0025245 secs] [Times: user=0.02 sys=0.00, real=0.00 secs] 
2021-08-18T17:50:38.052+0800: 4925.650: [GC (Allocation Failure) [PSYoungGen: 84960K->416K(85504K)] 146168K->61656K(280064K), 0.0069003 secs] [Times: user=0.04 sys=0.00, real=0.00 secs] 
2021-08-18T17:50:50.061+0800: 4937.658: [GC (Allocation Failure) [PSYoungGen: 84384K->320K(85504K)] 145624K->61560K(280064K), 0.0021754 secs] [Times: user=0.01 sys=0.00, real=0.00 secs] 
2021-08-18T17:51:02.200+0800: 4949.798: [GC (Allocation Failure) [PSYoungGen: 84288K->416K(85504K)] 145528K->61656K(280064K), 0.0073348 secs] [Times: user=0.04 sys=0.00, real=0.01 secs] 
2021-08-18T17:51:15.053+0800: 4962.651: [GC (Allocation Failure) [PSYoungGen: 84384K->416K(85504K)] 145624K->61664K(280064K), 0.0067064 secs] [Times: user=0.04 sys=0.00, real=0.01 secs] 
2021-08-18T17:51:27.058+0800: 4974.656: [GC (Allocation Failure) [PSYoungGen: 84384K->416K(85504K)] 145632K->61688K(280064K), 0.0020942 secs] [Times: user=0.01 sys=0.00, real=0.00 secs] 
2021-08-18T17:51:37.873+0800: 4985.471: [GC (Allocation Failure) [PSYoungGen: 84384K->1024K(84992K)] 145656K->62392K(279552K), 0.0021110 secs] [Times: user=0.01 sys=0.00, real=0.00 secs] 
2021-08-18T17:51:47.893+0800: 4995.491: [GC (Allocation Failure) [PSYoungGen: 84992K->1024K(85504K)] 146360K->62424K(280064K), 0.0025695 secs] [Times: user=0.02 sys=0.00, real=0.00 secs] 
2021-08-18T17:52:00.052+0800: 5007.650: [GC (Allocation Failure) [PSYoungGen: 84992K->416K(85504K)] 146392K->61816K(280064K), 0.0039004 secs] [Times: user=0.01 sys=0.00, real=0.00 secs] 
2021-08-18T17:52:12.056+0800: 5019.654: [GC (Allocation Failure) [PSYoungGen: 84384K->288K(85504K)] 145784K->61712K(280064K), 0.0021084 secs] [Times: user=0.01 sys=0.00, real=0.00 secs] 
2021-08-18T17:52:24.557+0800: 5032.155: [GC (Allocation Failure) [PSYoungGen: 84256K->416K(85504K)] 145680K->61864K(280064K), 0.0067832 secs] [Times: user=0.04 sys=0.00, real=0.01 secs] 
2021-08-18T17:52:37.051+0800: 5044.649: [GC (Allocation Failure) [PSYoungGen: 84384K->384K(85504K)] 145832K->61864K(280064K), 0.0074749 secs] [Times: user=0.04 sys=0.00, real=0.00 secs] 
2021-08-18T17:52:47.880+0800: 5055.478: [GC (Allocation Failure) [PSYoungGen: 84352K->1088K(85504K)] 145832K->62568K(280064K), 0.0021568 secs] [Times: user=0.01 sys=0.00, real=0.00 secs] 
2021-08-18T17:52:57.895+0800: 5065.493: [GC (Allocation Failure) [PSYoungGen: 85056K->1312K(85504K)] 146536K->62800K(280064K), 0.0023928 secs] [Times: user=0.02 sys=0.00, real=0.00 secs] 
2021-08-18T17:53:10.056+0800: 5077.654: [GC (Allocation Failure) [PSYoungGen: 85280K->416K(85504K)] 146768K->61912K(280064K), 0.0043522 secs] [Times: user=0.04 sys=0.00, real=0.01 secs] 
2021-08-18T17:53:22.056+0800: 5089.654: [GC (Allocation Failure) [PSYoungGen: 84384K->288K(85504K)] 145880K->61784K(280064K), 0.0020441 secs] [Times: user=0.01 sys=0.00, real=0.00 secs] 
2021-08-18T17:53:34.212+0800: 5101.809: [GC (Allocation Failure) [PSYoungGen: 84256K->416K(85504K)] 145752K->61912K(280064K), 0.0076878 secs] [Times: user=0.04 sys=0.00, real=0.00 secs] 
2021-08-18T17:53:46.534+0800: 5114.131: [GC (Allocation Failure) [PSYoungGen: 84384K->384K(85504K)] 145880K->61880K(280064K), 0.0071155 secs] [Times: user=0.04 sys=0.00, real=0.01 secs] 
2021-08-18T17:53:57.882+0800: 5125.480: [GC (Allocation Failure) [PSYoungGen: 84352K->1120K(85504K)] 145848K->62616K(280064K), 0.0023855 secs] [Times: user=0.02 sys=0.00, real=0.00 secs] 
2021-08-18T17:54:07.896+0800: 5135.494: [GC (Allocation Failure) [PSYoungGen: 85088K->1280K(85504K)] 146584K->62776K(280064K), 0.0024754 secs] [Times: user=0.02 sys=0.00, real=0.00 secs] 
2021-08-18T17:54:19.555+0800: 5147.153: [GC (Allocation Failure) [PSYoungGen: 85248K->416K(84480K)] 146744K->61928K(279040K), 0.0070133 secs] [Times: user=0.05 sys=0.00, real=0.01 secs] 
2021-08-18T17:54:31.576+0800: 5159.174: [GC (Allocation Failure) [PSYoungGen: 83360K->416K(84992K)] 144872K->61984K(279552K), 0.0018388 secs] [Times: user=0.01 sys=0.00, real=0.00 secs] 
2021-08-18T17:54:43.067+0800: 5170.665: [GC (Allocation Failure) [PSYoungGen: 83360K->384K(85504K)] 144928K->61960K(280064K), 0.0021306 secs] [Times: user=0.01 sys=0.00, real=0.00 secs] 
2021-08-18T17:54:55.558+0800: 5183.155: [GC (Allocation Failure) [PSYoungGen: 84352K->416K(85504K)] 145928K->62000K(280064K), 0.0068688 secs] [Times: user=0.04 sys=0.00, real=0.01 secs] 
2021-08-18T17:55:07.876+0800: 5195.474: [GC (Allocation Failure) [PSYoungGen: 84384K->544K(85504K)] 145968K->62128K(280064K), 0.0020425 secs] [Times: user=0.02 sys=0.00, real=0.00 secs] 
2021-08-18T17:55:17.894+0800: 5205.492: [GC (Allocation Failure) [PSYoungGen: 84512K->704K(85504K)] 146096K->62296K(280064K), 0.0022740 secs] [Times: user=0.01 sys=0.00, real=0.00 secs] 
2021-08-18T17:55:28.243+0800: 5215.841: [GC (Allocation Failure) [PSYoungGen: 84672K->384K(85504K)] 146264K->61976K(280064K), 0.0073752 secs] [Times: user=0.04 sys=0.00, real=0.01 secs] 
2021-08-18T17:55:40.551+0800: 5228.149: [GC (Allocation Failure) [PSYoungGen: 84352K->416K(85504K)] 145944K->62008K(280064K), 0.0068667 secs] [Times: user=0.04 sys=0.00, real=0.00 secs] 
2021-08-18T17:55:52.559+0800: 5240.157: [GC (Allocation Failure) [PSYoungGen: 84384K->416K(85504K)] 145976K->62016K(280064K), 0.0074813 secs] [Times: user=0.04 sys=0.00, real=0.01 secs] 
2021-08-18T17:56:05.057+0800: 5252.655: [GC (Allocation Failure) [PSYoungGen: 84384K->384K(85504K)] 145984K->61992K(280064K), 0.0021138 secs] [Times: user=0.01 sys=0.00, real=0.00 secs] 
2021-08-18T17:56:17.059+0800: 5264.657: [GC (Allocation Failure) [PSYoungGen: 84352K->416K(85504K)] 145960K->62024K(280064K), 0.0078160 secs] [Times: user=0.04 sys=0.00, real=0.01 secs] 
2021-08-18T17:56:27.887+0800: 5275.485: [GC (Allocation Failure) [PSYoungGen: 84384K->1344K(85504K)] 145992K->62952K(280064K), 0.0025827 secs] [Times: user=0.02 sys=0.00, real=0.00 secs] 
2021-08-18T17:56:37.893+0800: 5285.490: [GC (Allocation Failure) [PSYoungGen: 85312K->832K(85504K)] 146920K->62440K(280064K), 0.0024084 secs] [Times: user=0.02 sys=0.00, real=0.00 secs] 
2021-08-18T17:56:50.056+0800: 5297.654: [GC (Allocation Failure) [PSYoungGen: 84800K->288K(85504K)] 146408K->61912K(280064K), 0.0021619 secs] [Times: user=0.02 sys=0.00, real=0.00 secs] 
2021-08-18T17:57:02.055+0800: 5309.653: [GC (Allocation Failure) [PSYoungGen: 84256K->352K(85504K)] 145880K->61984K(280064K), 0.0023017 secs] [Times: user=0.02 sys=0.00, real=0.00 secs] 
2021-08-18T17:57:14.060+0800: 5321.658: [GC (Allocation Failure) [PSYoungGen: 84320K->320K(85504K)] 145952K->61952K(280064K), 0.0019985 secs] [Times: user=0.01 sys=0.00, real=0.00 secs] 
2021-08-18T17:57:26.554+0800: 5334.152: [GC (Allocation Failure) [PSYoungGen: 84288K->560K(85504K)] 145920K->62200K(280064K), 0.0068214 secs] [Times: user=0.04 sys=0.00, real=0.01 secs] 
2021-08-18T17:57:37.875+0800: 5345.472: [GC (Allocation Failure) [PSYoungGen: 84528K->1008K(85504K)] 146168K->62656K(280064K), 0.0022681 secs] [Times: user=0.01 sys=0.01, real=0.00 secs] 
2021-08-18T17:57:47.897+0800: 5355.495: [GC (Allocation Failure) [PSYoungGen: 84976K->1520K(84480K)] 146624K->63200K(279040K), 0.0022898 secs] [Times: user=0.02 sys=0.01, real=0.00 secs] 
2021-08-18T17:57:59.054+0800: 5366.652: [GC (Allocation Failure) [PSYoungGen: 84464K->992K(84992K)] 146144K->62704K(279552K), 0.0068526 secs] [Times: user=0.04 sys=0.00, real=0.01 secs] 
2021-08-18T17:58:11.057+0800: 5378.655: [GC (Allocation Failure) [PSYoungGen: 83936K->1072K(84992K)] 145648K->62784K(279552K), 0.0021554 secs] [Times: user=0.02 sys=0.00, real=0.00 secs] 
2021-08-18T17:58:21.552+0800: 5389.150: [GC (Allocation Failure) [PSYoungGen: 84016K->1152K(84992K)] 145728K->62864K(279552K), 0.0070745 secs] [Times: user=0.04 sys=0.01, real=0.00 secs] 
2021-08-18T17:58:32.053+0800: 5399.651: [GC (Allocation Failure) [PSYoungGen: 84096K->1104K(84992K)] 145808K->62816K(279552K), 0.0020263 secs] [Times: user=0.01 sys=0.00, real=0.00 secs] 
2021-08-18T17:58:43.057+0800: 5410.655: [GC (Allocation Failure) [PSYoungGen: 84048K->1184K(84992K)] 145760K->62896K(279552K), 0.0041017 secs] [Times: user=0.03 sys=0.00, real=0.01 secs] 
2021-08-18T17:58:55.050+0800: 5422.648: [GC (Allocation Failure) [PSYoungGen: 84128K->1088K(84992K)] 145840K->62800K(279552K), 0.0074082 secs] [Times: user=0.04 sys=0.00, real=0.01 secs] 
2021-08-18T17:59:05.290+0800: 5432.888: [GC (Allocation Failure) [PSYoungGen: 84032K->1120K(84992K)] 145744K->62832K(279552K), 0.0078718 secs] [Times: user=0.04 sys=0.00, real=0.00 secs] 
2021-08-18T17:59:16.070+0800: 5443.668: [GC (Allocation Failure) [PSYoungGen: 84064K->1152K(84992K)] 145776K->62864K(279552K), 0.0020496 secs] [Times: user=0.01 sys=0.00, real=0.00 secs] 
2021-08-18T17:59:27.059+0800: 5454.656: [GC (Allocation Failure) [PSYoungGen: 84096K->1104K(84992K)] 145808K->62824K(279552K), 0.0021004 secs] [Times: user=0.01 sys=0.00, real=0.01 secs] 
2021-08-18T17:59:37.834+0800: 5465.431: [GC (Allocation Failure) [PSYoungGen: 84048K->1104K(84992K)] 145768K->62848K(279552K), 0.0026315 secs] [Times: user=0.02 sys=0.01, real=0.00 secs] 
2021-08-18T17:59:47.892+0800: 5475.490: [GC (Allocation Failure) [PSYoungGen: 84048K->1568K(84992K)] 145792K->63464K(279552K), 0.0020544 secs] [Times: user=0.01 sys=0.00, real=0.00 secs] 
2021-08-18T17:59:57.897+0800: 5485.495: [GC (Allocation Failure) [PSYoungGen: 84512K->2032K(83968K)] 146408K->63944K(278528K), 0.0025031 secs] [Times: user=0.02 sys=0.00, real=0.00 secs] 
2021-08-18T18:00:07.902+0800: 5495.500: [GC (Allocation Failure) [PSYoungGen: 83952K->928K(84480K)] 145864K->63312K(279040K), 0.0021205 secs] [Times: user=0.01 sys=0.00, real=0.00 secs] 
2021-08-18T18:00:17.907+0800: 5505.505: [GC (Allocation Failure) [PSYoungGen: 82848K->1488K(84480K)] 145232K->63872K(279040K), 0.0023290 secs] [Times: user=0.01 sys=0.00, real=0.00 secs] 
2021-08-18T18:00:27.911+0800: 5515.509: [GC (Allocation Failure) [PSYoungGen: 83408K->1104K(84480K)] 145792K->63640K(279040K), 0.0021704 secs] [Times: user=0.01 sys=0.00, real=0.00 secs] 
2021-08-18T18:00:38.057+0800: 5525.655: [GC (Allocation Failure) [PSYoungGen: 83024K->496K(84480K)] 145560K->63144K(279040K), 0.0018842 secs] [Times: user=0.01 sys=0.00, real=0.00 secs] 
2021-08-18T18:00:48.559+0800: 5536.157: [GC (Allocation Failure) [PSYoungGen: 82416K->384K(84480K)] 145064K->63256K(279040K), 0.0053648 secs] [Times: user=0.04 sys=0.00, real=0.01 secs] 
2021-08-18T18:00:59.310+0800: 5546.908: [GC (Allocation Failure) [PSYoungGen: 82304K->384K(84480K)] 145176K->63288K(279040K), 0.0034931 secs] [Times: user=0.02 sys=0.00, real=0.00 secs] 
2021-08-18T18:01:10.057+0800: 5557.655: [GC (Allocation Failure) [PSYoungGen: 82304K->384K(84480K)] 145208K->63328K(279040K), 0.0018854 secs] [Times: user=0.02 sys=0.00, real=0.00 secs] 
2021-08-18T18:01:21.053+0800: 5568.651: [GC (Allocation Failure) [PSYoungGen: 82304K->416K(84992K)] 145248K->63376K(279552K), 0.0069631 secs] [Times: user=0.04 sys=0.00, real=0.01 secs] 
2021-08-18T18:01:31.554+0800: 5579.152: [GC (Allocation Failure) [PSYoungGen: 82848K->416K(84480K)] 145808K->63392K(279040K), 0.0070289 secs] [Times: user=0.04 sys=0.00, real=0.01 secs] 
2021-08-18T18:01:42.051+0800: 5589.649: [GC (Allocation Failure) [PSYoungGen: 82848K->320K(84992K)] 145824K->63304K(279552K), 0.0023230 secs] [Times: user=0.01 sys=0.00, real=0.00 secs] 
2021-08-18T18:01:53.055+0800: 5600.653: [GC (Allocation Failure) [PSYoungGen: 83264K->416K(84992K)] 146248K->63424K(279552K), 0.0074241 secs] [Times: user=0.04 sys=0.01, real=0.01 secs] 
2021-08-18T18:02:03.557+0800: 5611.154: [GC (Allocation Failure) [PSYoungGen: 83360K->416K(84992K)] 146368K->63464K(279552K), 0.0073434 secs] [Times: user=0.04 sys=0.00, real=0.01 secs] 
2021-08-18T18:02:14.557+0800: 5622.155: [GC (Allocation Failure) [PSYoungGen: 83360K->416K(84992K)] 146408K->63464K(279552K), 0.0070657 secs] [Times: user=0.04 sys=0.00, real=0.01 secs] 
2021-08-18T18:02:25.559+0800: 5633.157: [GC (Allocation Failure) [PSYoungGen: 83360K->352K(84992K)] 146408K->63400K(279552K), 0.0066832 secs] [Times: user=0.04 sys=0.00, real=0.01 secs] 
2021-08-18T18:02:36.550+0800: 5644.148: [GC (Allocation Failure) [PSYoungGen: 83296K->384K(84992K)] 146344K->63464K(279552K), 0.0071941 secs] [Times: user=0.04 sys=0.00, real=0.00 secs] 
2021-08-18T18:02:47.056+0800: 5654.654: [GC (Allocation Failure) [PSYoungGen: 83328K->288K(84992K)] 146408K->63368K(279552K), 0.0020597 secs] [Times: user=0.01 sys=0.00, real=0.00 secs] 
2021-08-18T18:02:57.890+0800: 5665.488: [GC (Allocation Failure) [PSYoungGen: 83232K->288K(84992K)] 146312K->63368K(279552K), 0.0019648 secs] [Times: user=0.02 sys=0.00, real=0.00 secs] 
2021-08-18T18:03:07.886+0800: 5675.484: [GC (Allocation Failure) [PSYoungGen: 83232K->1120K(84480K)] 146312K->64200K(279040K), 0.0020474 secs] [Times: user=0.02 sys=0.00, real=0.00 secs] 
2021-08-18T18:03:17.905+0800: 5685.503: [GC (Allocation Failure) [PSYoungGen: 84064K->608K(84992K)] 147144K->63688K(279552K), 0.0021121 secs] [Times: user=0.01 sys=0.00, real=0.00 secs] 
2021-08-18T18:03:27.912+0800: 5695.509: [GC (Allocation Failure) [PSYoungGen: 83552K->1120K(84992K)] 146632K->64200K(279552K), 0.0025306 secs] [Times: user=0.02 sys=0.00, real=0.00 secs] 
2021-08-18T18:03:37.908+0800: 5705.506: [GC (Allocation Failure) [PSYoungGen: 84064K->992K(84992K)] 147144K->64072K(279552K), 0.0027885 secs] [Times: user=0.02 sys=0.00, real=0.01 secs] 
2021-08-18T18:03:48.553+0800: 5716.150: [GC (Allocation Failure) [PSYoungGen: 83936K->416K(84992K)] 147016K->63496K(279552K), 0.0071039 secs] [Times: user=0.05 sys=0.00, real=0.00 secs] 
2021-08-18T18:03:59.552+0800: 5727.149: [GC (Allocation Failure) [PSYoungGen: 83360K->352K(84992K)] 146440K->63432K(279552K), 0.0026056 secs] [Times: user=0.02 sys=0.00, real=0.00 secs] 
2021-08-18T18:04:10.554+0800: 5738.151: [GC (Allocation Failure) [PSYoungGen: 83296K->416K(85504K)] 146376K->63496K(280064K), 0.0076542 secs] [Times: user=0.04 sys=0.00, real=0.01 secs] 
2021-08-18T18:04:21.553+0800: 5749.151: [GC (Allocation Failure) [PSYoungGen: 83871K->416K(84992K)] 146952K->63496K(279552K), 0.0072565 secs] [Times: user=0.04 sys=0.00, real=0.01 secs] 
2021-08-18T18:04:32.338+0800: 5759.936: [GC (Allocation Failure) [PSYoungGen: 83872K->384K(85504K)] 146952K->63464K(280064K), 0.0070100 secs] [Times: user=0.04 sys=0.00, real=0.01 secs] 
2021-08-18T18:04:43.061+0800: 5770.659: [GC (Allocation Failure) [PSYoungGen: 84352K->352K(85504K)] 147432K->63448K(280064K), 0.0020746 secs] [Times: user=0.01 sys=0.00, real=0.00 secs] 
2021-08-18T18:04:54.345+0800: 5781.942: [GC (Allocation Failure) [PSYoungGen: 84320K->416K(85504K)] 147416K->63528K(280064K), 0.0072292 secs] [Times: user=0.05 sys=0.00, real=0.01 secs] 
2021-08-18T18:05:05.555+0800: 5793.153: [GC (Allocation Failure) [PSYoungGen: 84384K->416K(85504K)] 147496K->63528K(280064K), 0.0073895 secs] [Times: user=0.05 sys=0.00, real=0.01 secs] 
2021-08-18T18:05:17.051+0800: 5804.649: [GC (Allocation Failure) [PSYoungGen: 84384K->416K(85504K)] 147496K->63528K(280064K), 0.0072434 secs] [Times: user=0.04 sys=0.00, real=0.00 secs] 
2021-08-18T18:05:27.893+0800: 5815.490: [GC (Allocation Failure) [PSYoungGen: 84384K->480K(85504K)] 147496K->63592K(280064K), 0.0022108 secs] [Times: user=0.02 sys=0.01, real=0.00 secs] 
2021-08-18T18:05:37.892+0800: 5825.490: [GC (Allocation Failure) [PSYoungGen: 84448K->1024K(85504K)] 147560K->64152K(280064K), 0.0027727 secs] [Times: user=0.01 sys=0.00, real=0.00 secs] 
2021-08-18T18:05:47.907+0800: 5835.505: [GC (Allocation Failure) [PSYoungGen: 84992K->672K(85504K)] 148120K->63808K(280064K), 0.0021209 secs] [Times: user=0.01 sys=0.00, real=0.00 secs] 
2021-08-18T18:05:57.915+0800: 5845.513: [GC (Allocation Failure) [PSYoungGen: 84640K->1216K(85504K)] 147776K->64368K(280064K), 0.0021346 secs] [Times: user=0.01 sys=0.00, real=0.00 secs] 
2021-08-18T18:06:08.356+0800: 5855.954: [GC (Allocation Failure) [PSYoungGen: 85184K->416K(85504K)] 148336K->63568K(280064K), 0.0069089 secs] [Times: user=0.04 sys=0.00, real=0.01 secs] 
2021-08-18T18:06:19.555+0800: 5867.153: [GC (Allocation Failure) [PSYoungGen: 84384K->416K(85504K)] 147536K->63568K(280064K), 0.0067854 secs] [Times: user=0.04 sys=0.00, real=0.01 secs] 
2021-08-18T18:06:31.051+0800: 5878.649: [GC (Allocation Failure) [PSYoungGen: 84384K->288K(85504K)] 147536K->63440K(280064K), 0.0020814 secs] [Times: user=0.01 sys=0.00, real=0.00 secs] 
2021-08-18T18:06:42.058+0800: 5889.656: [GC (Allocation Failure) [PSYoungGen: 84256K->384K(85504K)] 147408K->63536K(280064K), 0.0074657 secs] [Times: user=0.04 sys=0.00, real=0.01 secs] 
2021-08-18T18:06:53.060+0800: 5900.657: [GC (Allocation Failure) [PSYoungGen: 84352K->352K(85504K)] 147504K->63504K(280064K), 0.0019830 secs] [Times: user=0.02 sys=0.00, real=0.01 secs] 
2021-08-18T18:07:04.058+0800: 5911.656: [GC (Allocation Failure) [PSYoungGen: 84320K->320K(85504K)] 147472K->63472K(280064K), 0.0020046 secs] [Times: user=0.01 sys=0.01, real=0.00 secs] 
2021-08-18T18:07:15.354+0800: 5922.952: [GC (Allocation Failure) [PSYoungGen: 84288K->416K(85504K)] 147440K->63568K(280064K), 0.0072709 secs] [Times: user=0.05 sys=0.00, real=0.01 secs] 
2021-08-18T18:07:26.556+0800: 5934.153: [GC (Allocation Failure) [PSYoungGen: 84384K->416K(85504K)] 147536K->63576K(280064K), 0.0071470 secs] [Times: user=0.04 sys=0.01, real=0.01 secs] 
2021-08-18T18:07:37.553+0800: 5945.150: [GC (Allocation Failure) [PSYoungGen: 84384K->416K(85504K)] 147544K->63592K(280064K), 0.0068651 secs] [Times: user=0.04 sys=0.00, real=0.00 secs] 
2021-08-18T18:07:47.923+0800: 5955.521: [GC (Allocation Failure) [PSYoungGen: 84384K->736K(85504K)] 147560K->63912K(280064K), 0.0075144 secs] [Times: user=0.04 sys=0.01, real=0.01 secs] 
2021-08-18T18:07:57.907+0800: 5965.505: [GC (Allocation Failure) [PSYoungGen: 84704K->960K(85504K)] 147880K->64136K(280064K), 0.0026389 secs] [Times: user=0.02 sys=0.00, real=0.01 secs] 
2021-08-18T18:08:07.918+0800: 5975.515: [GC (Allocation Failure) [PSYoungGen: 84928K->1088K(85504K)] 148104K->64288K(280064K), 0.0025940 secs] [Times: user=0.02 sys=0.00, real=0.01 secs] 
2021-08-18T18:08:18.058+0800: 5985.656: [GC (Allocation Failure) [PSYoungGen: 85056K->416K(85504K)] 148256K->63664K(280064K), 0.0021209 secs] [Times: user=0.02 sys=0.00, real=0.01 secs] 
2021-08-18T18:08:29.072+0800: 5996.669: [GC (Allocation Failure) [PSYoungGen: 84384K->384K(85504K)] 147632K->63632K(280064K), 0.0023785 secs] [Times: user=0.01 sys=0.00, real=0.00 secs] 
2021-08-18T18:08:40.067+0800: 6007.665: [GC (Allocation Failure) [PSYoungGen: 84352K->416K(85504K)] 147600K->63672K(280064K), 0.0064772 secs] [Times: user=0.04 sys=0.00, real=0.01 secs] 
2021-08-18T18:08:51.366+0800: 6018.963: [GC (Allocation Failure) [PSYoungGen: 84384K->416K(85504K)] 147640K->63672K(280064K), 0.0066821 secs] [Times: user=0.04 sys=0.00, real=0.01 secs] 
2021-08-18T18:09:02.368+0800: 6029.966: [GC (Allocation Failure) [PSYoungGen: 84384K->416K(85504K)] 147640K->63688K(280064K), 0.0072198 secs] [Times: user=0.04 sys=0.00, real=0.01 secs] 
2021-08-18T18:09:13.556+0800: 6041.154: [GC (Allocation Failure) [PSYoungGen: 84384K->416K(85504K)] 147656K->63696K(280064K), 0.0036588 secs] [Times: user=0.03 sys=0.00, real=0.00 secs] 
2021-08-18T18:09:25.050+0800: 6052.648: [GC (Allocation Failure) [PSYoungGen: 84384K->416K(85504K)] 147664K->63696K(280064K), 0.0073288 secs] [Times: user=0.04 sys=0.00, real=0.01 secs] 
2021-08-18T18:09:36.056+0800: 6063.654: [GC (Allocation Failure) [PSYoungGen: 84384K->384K(86016K)] 147664K->63664K(280576K), 0.0019906 secs] [Times: user=0.01 sys=0.00, real=0.00 secs] 
2021-08-18T18:09:47.053+0800: 6074.650: [GC (Allocation Failure) [PSYoungGen: 84864K->416K(85504K)] 148144K->63696K(280064K), 0.0067143 secs] [Times: user=0.04 sys=0.00, real=0.00 secs] 
2021-08-18T18:09:57.896+0800: 6085.494: [GC (Allocation Failure) [PSYoungGen: 84896K->1024K(84992K)] 148176K->64336K(279552K), 0.0022638 secs] [Times: user=0.01 sys=0.00, real=0.00 secs] 
2021-08-18T18:10:07.909+0800: 6095.506: [GC (Allocation Failure) [PSYoungGen: 84992K->1152K(85504K)] 148304K->64512K(280064K), 0.0023596 secs] [Times: user=0.02 sys=0.00, real=0.01 secs] 
2021-08-18T18:10:19.061+0800: 6106.659: [GC (Allocation Failure) [PSYoungGen: 85120K->320K(85504K)] 148480K->63680K(280064K), 0.0020474 secs] [Times: user=0.02 sys=0.00, real=0.00 secs] 
2021-08-18T18:10:32.054+0800: 6119.652: [GC (Allocation Failure) [PSYoungGen: 84288K->384K(85504K)] 147648K->63760K(280064K), 0.0063671 secs] [Times: user=0.04 sys=0.00, real=0.01 secs] 
2021-08-18T18:10:44.060+0800: 6131.658: [GC (Allocation Failure) [PSYoungGen: 84352K->416K(85504K)] 147728K->63792K(280064K), 0.0070716 secs] [Times: user=0.05 sys=0.00, real=0.00 secs] 
2021-08-18T18:10:56.062+0800: 6143.659: [GC (Allocation Failure) [PSYoungGen: 84384K->288K(85504K)] 147760K->63672K(280064K), 0.0023955 secs] [Times: user=0.01 sys=0.00, real=0.00 secs] 
2021-08-18T18:11:07.897+0800: 6155.494: [GC (Allocation Failure) [PSYoungGen: 84256K->1152K(85504K)] 147640K->64536K(280064K), 0.0022928 secs] [Times: user=0.01 sys=0.00, real=0.00 secs] 
2021-08-18T18:11:17.903+0800: 6165.501: [GC (Allocation Failure) [PSYoungGen: 85120K->1344K(85504K)] 148504K->64728K(280064K), 0.0023061 secs] [Times: user=0.01 sys=0.00, real=0.00 secs] 
2021-08-18T18:11:30.055+0800: 6177.653: [GC (Allocation Failure) [PSYoungGen: 85312K->416K(85504K)] 148696K->63808K(280064K), 0.0073773 secs] [Times: user=0.04 sys=0.00, real=0.01 secs] 
2021-08-18T18:11:42.059+0800: 6189.657: [GC (Allocation Failure) [PSYoungGen: 84384K->352K(85504K)] 147776K->63744K(280064K), 0.0021436 secs] [Times: user=0.01 sys=0.00, real=0.01 secs] 
2021-08-18T18:11:54.552+0800: 6202.150: [GC (Allocation Failure) [PSYoungGen: 84320K->416K(85504K)] 147712K->63832K(280064K), 0.0070909 secs] [Times: user=0.05 sys=0.00, real=0.00 secs] 
2021-08-18T18:12:07.073+0800: 6214.670: [GC (Allocation Failure) [PSYoungGen: 84384K->384K(85504K)] 147800K->63816K(280064K), 0.0026129 secs] [Times: user=0.01 sys=0.00, real=0.00 secs] 
2021-08-18T18:12:17.900+0800: 6225.498: [GC (Allocation Failure) [PSYoungGen: 84352K->1312K(84480K)] 147784K->64744K(279040K), 0.0027381 secs] [Times: user=0.01 sys=0.00, real=0.00 secs] 
2021-08-18T18:12:27.911+0800: 6235.508: [GC (Allocation Failure) [PSYoungGen: 84256K->1216K(84992K)] 147688K->64672K(279552K), 0.0023598 secs] [Times: user=0.02 sys=0.00, real=0.00 secs] 
2021-08-18T18:12:39.069+0800: 6246.667: [GC (Allocation Failure) [PSYoungGen: 84160K->416K(84992K)] 147616K->63920K(279552K), 0.0066079 secs] [Times: user=0.04 sys=0.00, real=0.01 secs] 
2021-08-18T18:12:51.384+0800: 6258.982: [GC (Allocation Failure) [PSYoungGen: 83360K->384K(84992K)] 146864K->63960K(279552K), 0.0069524 secs] [Times: user=0.04 sys=0.00, real=0.01 secs] 
2021-08-18T18:13:03.065+0800: 6270.663: [GC (Allocation Failure) [PSYoungGen: 83328K->448K(85504K)] 146904K->64040K(280064K), 0.0075214 secs] [Times: user=0.04 sys=0.00, real=0.01 secs] 
2021-08-18T18:13:15.060+0800: 6282.658: [GC (Allocation Failure) [PSYoungGen: 83904K->448K(84992K)] 147496K->64048K(279552K), 0.0075739 secs] [Times: user=0.04 sys=0.00, real=0.00 secs] 
2021-08-18T18:13:27.074+0800: 6294.672: [GC (Allocation Failure) [PSYoungGen: 83904K->352K(85504K)] 147504K->63952K(280064K), 0.0022536 secs] [Times: user=0.01 sys=0.00, real=0.00 secs] 
2021-08-18T18:13:37.904+0800: 6305.501: [GC (Allocation Failure) [PSYoungGen: 84320K->1248K(85504K)] 147920K->64848K(280064K), 0.0022708 secs] [Times: user=0.02 sys=0.00, real=0.00 secs] 
2021-08-18T18:13:48.054+0800: 6315.652: [GC (Allocation Failure) [PSYoungGen: 85216K->416K(85504K)] 148816K->64072K(280064K), 0.0067576 secs] [Times: user=0.04 sys=0.00, real=0.01 secs] 
2021-08-18T18:14:00.069+0800: 6327.667: [GC (Allocation Failure) [PSYoungGen: 84384K->416K(85504K)] 148040K->64120K(280064K), 0.0020824 secs] [Times: user=0.02 sys=0.00, real=0.01 secs] 
2021-08-18T18:14:13.057+0800: 6340.654: [GC (Allocation Failure) [PSYoungGen: 84384K->416K(85504K)] 148088K->64128K(280064K), 0.0071070 secs] [Times: user=0.04 sys=0.00, real=0.01 secs] 
2021-08-18T18:14:25.066+0800: 6352.664: [GC (Allocation Failure) [PSYoungGen: 84384K->352K(85504K)] 148096K->64064K(280064K), 0.0021964 secs] [Times: user=0.02 sys=0.00, real=0.00 secs] 
2021-08-18T18:14:37.573+0800: 6365.171: [GC (Allocation Failure) [PSYoungGen: 84320K->416K(85504K)] 148032K->64168K(280064K), 0.0072017 secs] [Times: user=0.04 sys=0.00, real=0.01 secs] 
2021-08-18T18:14:47.900+0800: 6375.498: [GC (Allocation Failure) [PSYoungGen: 84384K->352K(85504K)] 148136K->64136K(280064K), 0.0025175 secs] [Times: user=0.02 sys=0.00, real=0.00 secs] 
2021-08-18T18:14:58.062+0800: 6385.660: [GC (Allocation Failure) [PSYoungGen: 84320K->416K(85504K)] 148104K->64248K(280064K), 0.0073781 secs] [Times: user=0.05 sys=0.00, real=0.00 secs] 
2021-08-18T18:15:10.062+0800: 6397.660: [GC (Allocation Failure) [PSYoungGen: 84384K->416K(85504K)] 148216K->64272K(280064K), 0.0020900 secs] [Times: user=0.02 sys=0.00, real=0.00 secs] 
2021-08-18T18:15:22.614+0800: 6410.212: [GC (Allocation Failure) [PSYoungGen: 84384K->416K(85504K)] 148240K->64320K(280064K), 0.0070502 secs] [Times: user=0.04 sys=0.00, real=0.01 secs] 
2021-08-18T18:15:35.079+0800: 6422.676: [GC (Allocation Failure) [PSYoungGen: 84384K->320K(85504K)] 148288K->64240K(280064K), 0.0019704 secs] [Times: user=0.02 sys=0.00, real=0.01 secs] 
2021-08-18T18:15:47.067+0800: 6434.665: [GC (Allocation Failure) [PSYoungGen: 84288K->416K(85504K)] 148208K->64344K(280064K), 0.0020896 secs] [Times: user=0.02 sys=0.00, real=0.00 secs] 
2021-08-18T18:15:57.902+0800: 6445.500: [GC (Allocation Failure) [PSYoungGen: 84384K->1376K(85504K)] 148312K->65400K(280064K), 0.0022972 secs] [Times: user=0.02 sys=0.00, real=0.00 secs] 
2021-08-18T18:16:07.918+0800: 6455.516: [GC (Allocation Failure) [PSYoungGen: 85344K->992K(85504K)] 149368K->65040K(280064K), 0.0022793 secs] [Times: user=0.02 sys=0.00, real=0.01 secs] 
2021-08-18T18:16:18.055+0800: 6465.653: [GC (Allocation Failure) [PSYoungGen: 84960K->384K(85504K)] 149008K->64488K(280064K), 0.0071908 secs] [Times: user=0.05 sys=0.00, real=0.01 secs] 
2021-08-18T18:16:29.061+0800: 6476.659: [GC (Allocation Failure) [PSYoungGen: 84352K->416K(85504K)] 148456K->64552K(280064K), 0.0020432 secs] [Times: user=0.01 sys=0.00, real=0.00 secs] 
2021-08-18T18:16:41.055+0800: 6488.653: [GC (Allocation Failure) [PSYoungGen: 84384K->384K(85504K)] 148520K->64528K(280064K), 0.0072463 secs] [Times: user=0.04 sys=0.01, real=0.01 secs] 
2021-08-18T18:16:52.062+0800: 6499.660: [GC (Allocation Failure) [PSYoungGen: 84352K->416K(85504K)] 148496K->64560K(280064K), 0.0068633 secs] [Times: user=0.04 sys=0.00, real=0.00 secs] 
2021-08-18T18:17:03.063+0800: 6510.661: [GC (Allocation Failure) [PSYoungGen: 84384K->352K(85504K)] 148528K->64496K(280064K), 0.0024314 secs] [Times: user=0.02 sys=0.00, real=0.00 secs] 
2021-08-18T18:17:14.062+0800: 6521.660: [GC (Allocation Failure) [PSYoungGen: 84320K->384K(85504K)] 148464K->64536K(280064K), 0.0021712 secs] [Times: user=0.01 sys=0.00, real=0.00 secs] 
2021-08-18T18:17:25.407+0800: 6533.005: [GC (Allocation Failure) [PSYoungGen: 84352K->416K(85504K)] 148504K->64568K(280064K), 0.0070416 secs] [Times: user=0.04 sys=0.01, real=0.01 secs] 
2021-08-18T18:17:35.559+0800: 6543.157: [GC (Allocation Failure) [PSYoungGen: 84384K->416K(85504K)] 148536K->64576K(280064K), 0.0073108 secs] [Times: user=0.05 sys=0.01, real=0.01 secs] 
2021-08-18T18:17:46.557+0800: 6554.155: [GC (Allocation Failure) [PSYoungGen: 84384K->416K(85504K)] 148544K->64592K(280064K), 0.0070060 secs] [Times: user=0.04 sys=0.00, real=0.01 secs] 
2021-08-18T18:17:57.768+0800: 6565.366: [GC (Allocation Failure) [PSYoungGen: 84384K->384K(86016K)] 148560K->64608K(280576K), 0.0069839 secs] [Times: user=0.04 sys=0.00, real=0.01 secs] 
2021-08-18T18:18:07.911+0800: 6575.509: [GC (Allocation Failure) [PSYoungGen: 85376K->1024K(86016K)] 149600K->65296K(280576K), 0.0019532 secs] [Times: user=0.01 sys=0.00, real=0.00 secs] 
2021-08-18T18:18:17.911+0800: 6585.509: [GC (Allocation Failure) [PSYoungGen: 86016K->512K(84992K)] 150288K->64800K(279552K), 0.0022869 secs] [Times: user=0.01 sys=0.00, real=0.00 secs] 
2021-08-18T18:18:27.951+0800: 6595.549: [GC (Allocation Failure) [PSYoungGen: 84480K->416K(85504K)] 148768K->64704K(280064K), 0.0069510 secs] [Times: user=0.04 sys=0.00, real=0.00 secs] 
2021-08-18T18:18:38.562+0800: 6606.159: [GC (Allocation Failure) [PSYoungGen: 84384K->352K(86016K)] 148672K->64672K(280576K), 0.0023487 secs] [Times: user=0.02 sys=0.00, real=0.00 secs] 
2021-08-18T18:18:50.066+0800: 6617.664: [GC (Allocation Failure) [PSYoungGen: 84832K->416K(85504K)] 149152K->64784K(280064K), 0.0071540 secs] [Times: user=0.05 sys=0.00, real=0.01 secs] 
2021-08-18T18:19:01.068+0800: 6628.666: [GC (Allocation Failure) [PSYoungGen: 84896K->288K(86016K)] 149264K->64680K(280576K), 0.0023044 secs] [Times: user=0.01 sys=0.00, real=0.01 secs] 
2021-08-18T18:19:12.559+0800: 6640.157: [GC (Allocation Failure) [PSYoungGen: 85280K->384K(86016K)] 149672K->64816K(280576K), 0.0067364 secs] [Times: user=0.04 sys=0.00, real=0.01 secs] 
2021-08-18T18:19:24.058+0800: 6651.656: [GC (Allocation Failure) [PSYoungGen: 85376K->416K(86016K)] 149808K->64888K(280576K), 0.0070987 secs] [Times: user=0.04 sys=0.00, real=0.01 secs] 
2021-08-18T18:19:35.065+0800: 6662.662: [GC (Allocation Failure) [PSYoungGen: 85408K->288K(86016K)] 149880K->64800K(280576K), 0.0019375 secs] [Times: user=0.01 sys=0.00, real=0.00 secs] 
2021-08-18T18:19:46.075+0800: 6673.673: [GC (Allocation Failure) [PSYoungGen: 85280K->384K(86016K)] 149792K->64896K(280576K), 0.0019268 secs] [Times: user=0.01 sys=0.00, real=0.00 secs] 
2021-08-18T18:19:57.559+0800: 6685.157: [GC (Allocation Failure) [PSYoungGen: 85376K->416K(86016K)] 149888K->64936K(280576K), 0.0076485 secs] [Times: user=0.04 sys=0.00, real=0.01 secs] 
2021-08-18T18:20:07.912+0800: 6695.510: [GC (Allocation Failure) [PSYoungGen: 85408K->1024K(86016K)] 149928K->65552K(280576K), 0.0021202 secs] [Times: user=0.01 sys=0.00, real=0.00 secs] 
2021-08-18T18:20:17.921+0800: 6705.518: [GC (Allocation Failure) [PSYoungGen: 86016K->704K(86016K)] 150544K->65281K(280576K), 0.0020100 secs] [Times: user=0.01 sys=0.00, real=0.00 secs] 
2021-08-18T18:20:28.064+0800: 6715.662: [GC (Allocation Failure) [PSYoungGen: 85696K->416K(86016K)] 150273K->64993K(280576K), 0.0071711 secs] [Times: user=0.04 sys=0.00, real=0.01 secs] 
2021-08-18T18:20:39.057+0800: 6726.655: [GC (Allocation Failure) [PSYoungGen: 85408K->384K(86016K)] 149985K->64977K(280576K), 0.0071844 secs] [Times: user=0.04 sys=0.00, real=0.01 secs] 
2021-08-18T18:20:50.066+0800: 6737.664: [GC (Allocation Failure) [PSYoungGen: 85376K->352K(86016K)] 149969K->64993K(280576K), 0.0023564 secs] [Times: user=0.02 sys=0.00, real=0.00 secs] 
2021-08-18T18:21:01.420+0800: 6749.018: [GC (Allocation Failure) [PSYoungGen: 85344K->384K(86016K)] 149985K->65025K(280576K), 0.0068592 secs] [Times: user=0.04 sys=0.00, real=0.00 secs] 
2021-08-18T18:21:13.059+0800: 6760.657: [GC (Allocation Failure) [PSYoungGen: 85376K->416K(86016K)] 150017K->65057K(280576K), 0.0060798 secs] [Times: user=0.04 sys=0.00, real=0.01 secs] 
2021-08-18T18:21:24.063+0800: 6771.660: [GC (Allocation Failure) [PSYoungGen: 85408K->352K(86016K)] 150049K->64993K(280576K), 0.0021479 secs] [Times: user=0.01 sys=0.00, real=0.00 secs] 
2021-08-18T18:21:35.423+0800: 6783.021: [GC (Allocation Failure) [PSYoungGen: 85344K->416K(86016K)] 149985K->65057K(280576K), 0.0072058 secs] [Times: user=0.04 sys=0.00, real=0.01 secs] 
2021-08-18T18:21:46.557+0800: 6794.155: [GC (Allocation Failure) [PSYoungGen: 85408K->416K(86016K)] 150049K->65057K(280576K), 0.0072754 secs] [Times: user=0.05 sys=0.00, real=0.01 secs] 
2021-08-18T18:21:57.905+0800: 6805.503: [GC (Allocation Failure) [PSYoungGen: 85408K->384K(86016K)] 150049K->65025K(280576K), 0.0024335 secs] [Times: user=0.01 sys=0.00, real=0.00 secs] 
2021-08-18T18:22:07.915+0800: 6815.512: [GC (Allocation Failure) [PSYoungGen: 85376K->1024K(86016K)] 150017K->65721K(280576K), 0.0026238 secs] [Times: user=0.02 sys=0.00, real=0.00 secs] 
2021-08-18T18:22:17.924+0800: 6825.522: [GC (Allocation Failure) [PSYoungGen: 86016K->608K(86016K)] 150713K->65329K(280576K), 0.0021129 secs] [Times: user=0.01 sys=0.00, real=0.00 secs] 
2021-08-18T18:22:28.062+0800: 6835.660: [GC (Allocation Failure) [PSYoungGen: 85600K->416K(86016K)] 150321K->65137K(280576K), 0.0067807 secs] [Times: user=0.04 sys=0.00, real=0.00 secs] 
2021-08-18T18:22:39.061+0800: 6846.659: [GC (Allocation Failure) [PSYoungGen: 85408K->416K(86016K)] 150129K->65137K(280576K), 0.0077517 secs] [Times: user=0.04 sys=0.00, real=0.00 secs] 
2021-08-18T18:22:50.066+0800: 6857.664: [GC (Allocation Failure) [PSYoungGen: 85408K->352K(86016K)] 150129K->65073K(280576K), 0.0019431 secs] [Times: user=0.02 sys=0.00, real=0.00 secs] 
2021-08-18T18:23:01.422+0800: 6869.020: [GC (Allocation Failure) [PSYoungGen: 85344K->352K(86016K)] 150065K->65073K(280576K), 0.0024851 secs] [Times: user=0.02 sys=0.00, real=0.00 secs] 
2021-08-18T18:23:12.701+0800: 6880.299: [GC (Allocation Failure) [PSYoungGen: 85344K->416K(86016K)] 150065K->65145K(280576K), 0.0075422 secs] [Times: user=0.03 sys=0.01, real=0.00 secs] 
2021-08-18T18:23:24.058+0800: 6891.656: [GC (Allocation Failure) [PSYoungGen: 85408K->416K(86016K)] 150137K->65169K(280576K), 0.0064754 secs] [Times: user=0.04 sys=0.00, real=0.01 secs] 
2021-08-18T18:23:35.066+0800: 6902.664: [GC (Allocation Failure) [PSYoungGen: 85408K->352K(86016K)] 150161K->65129K(280576K), 0.0022863 secs] [Times: user=0.02 sys=0.00, real=0.00 secs] 
2021-08-18T18:23:46.063+0800: 6913.661: [GC (Allocation Failure) [PSYoungGen: 85344K->352K(86016K)] 150121K->65129K(280576K), 0.0021652 secs] [Times: user=0.02 sys=0.00, real=0.00 secs] 
2021-08-18T18:23:57.068+0800: 6924.666: [GC (Allocation Failure) [PSYoungGen: 85344K->320K(86016K)] 150121K->65113K(280576K), 0.0019246 secs] [Times: user=0.01 sys=0.00, real=0.01 secs] 
2021-08-18T18:24:07.911+0800: 6935.508: [GC (Allocation Failure) [PSYoungGen: 85312K->736K(86016K)] 150105K->65529K(280576K), 0.0022341 secs] [Times: user=0.01 sys=0.00, real=0.00 secs] 
2021-08-18T18:24:17.912+0800: 6945.510: [GC (Allocation Failure) [PSYoungGen: 85728K->608K(86016K)] 150521K->65401K(280576K), 0.0022608 secs] [Times: user=0.02 sys=0.00, real=0.00 secs] 
2021-08-18T18:24:28.041+0800: 6955.639: [GC (Allocation Failure) [PSYoungGen: 85600K->416K(86016K)] 150393K->65225K(280576K), 0.0068250 secs] [Times: user=0.04 sys=0.01, real=0.00 secs] 
2021-08-18T18:24:39.559+0800: 6967.157: [GC (Allocation Failure) [PSYoungGen: 85408K->384K(86016K)] 150217K->65193K(280576K), 0.0069081 secs] [Times: user=0.04 sys=0.00, real=0.01 secs] 
2021-08-18T18:24:52.062+0800: 6979.660: [GC (Allocation Failure) [PSYoungGen: 85376K->448K(86016K)] 150185K->65265K(280576K), 0.0070964 secs] [Times: user=0.04 sys=0.00, real=0.00 secs] 
2021-08-18T18:25:04.556+0800: 6992.154: [GC (Allocation Failure) [PSYoungGen: 85440K->416K(86016K)] 150257K->65241K(280576K), 0.0040572 secs] [Times: user=0.03 sys=0.00, real=0.01 secs] 
2021-08-18T18:25:17.066+0800: 7004.664: [GC (Allocation Failure) [PSYoungGen: 85408K->320K(86016K)] 150233K->65153K(280576K), 0.0020607 secs] [Times: user=0.02 sys=0.00, real=0.00 secs] 
2021-08-18T18:25:27.913+0800: 7015.511: [GC (Allocation Failure) [PSYoungGen: 85312K->640K(86016K)] 150145K->65473K(280576K), 0.0021712 secs] [Times: user=0.01 sys=0.00, real=0.00 secs] 
2021-08-18T18:25:38.061+0800: 7025.658: [GC (Allocation Failure) [PSYoungGen: 85632K->416K(86016K)] 150465K->65249K(280576K), 0.0021732 secs] [Times: user=0.02 sys=0.00, real=0.00 secs] 
2021-08-18T18:25:50.560+0800: 7038.158: [GC (Allocation Failure) [PSYoungGen: 85408K->416K(86016K)] 150241K->65249K(280576K), 0.0070098 secs] [Times: user=0.04 sys=0.00, real=0.00 secs] 
2021-08-18T18:26:03.067+0800: 7050.665: [GC (Allocation Failure) [PSYoungGen: 85408K->416K(86016K)] 150241K->65249K(280576K), 0.0020946 secs] [Times: user=0.02 sys=0.00, real=0.00 secs] 
2021-08-18T18:26:16.063+0800: 7063.661: [GC (Allocation Failure) [PSYoungGen: 85408K->416K(86016K)] 150241K->65265K(280576K), 0.0066049 secs] [Times: user=0.04 sys=0.00, real=0.01 secs] 
2021-08-18T18:26:27.906+0800: 7075.504: [GC (Allocation Failure) [PSYoungGen: 85408K->960K(86016K)] 150257K->65873K(280576K), 0.0021585 secs] [Times: user=0.01 sys=0.00, real=0.00 secs] 
2021-08-18T18:26:37.914+0800: 7085.512: [GC (Allocation Failure) [PSYoungGen: 85952K->1024K(86016K)] 150865K->66009K(280576K), 0.0022286 secs] [Times: user=0.01 sys=0.00, real=0.00 secs] 
2021-08-18T18:26:49.557+0800: 7097.155: [GC (Allocation Failure) [PSYoungGen: 86016K->432K(86016K)] 151001K->65417K(280576K), 0.0063674 secs] [Times: user=0.04 sys=0.00, real=0.01 secs] 
2021-08-18T18:27:02.066+0800: 7109.663: [GC (Allocation Failure) [PSYoungGen: 85424K->592K(86016K)] 150409K->65577K(280576K), 0.0021275 secs] [Times: user=0.01 sys=0.00, real=0.00 secs] 
2021-08-18T18:27:14.565+0800: 7122.163: [GC (Allocation Failure) [PSYoungGen: 85584K->640K(86016K)] 150569K->65721K(280576K), 0.0075540 secs] [Times: user=0.04 sys=0.00, real=0.01 secs] 
2021-08-18T18:27:27.065+0800: 7134.662: [GC (Allocation Failure) [PSYoungGen: 85632K->944K(86016K)] 150713K->66057K(280576K), 0.0020349 secs] [Times: user=0.02 sys=0.00, real=0.00 secs] 
2021-08-18T18:27:37.905+0800: 7145.503: [GC (Allocation Failure) [PSYoungGen: 85936K->992K(84992K)] 151049K->66577K(279552K), 0.0026605 secs] [Times: user=0.01 sys=0.00, real=0.00 secs] 
2021-08-18T18:27:48.062+0800: 7155.660: [GC (Allocation Failure) [PSYoungGen: 84960K->1008K(85504K)] 150545K->66633K(280064K), 0.0075419 secs] [Times: user=0.05 sys=0.00, real=0.00 secs] 
2021-08-18T18:28:00.065+0800: 7167.663: [GC (Allocation Failure) [PSYoungGen: 84976K->1088K(85504K)] 150601K->66713K(280064K), 0.0043567 secs] [Times: user=0.02 sys=0.00, real=0.00 secs] 
2021-08-18T18:28:13.060+0800: 7180.657: [GC (Allocation Failure) [PSYoungGen: 85056K->1056K(85504K)] 150681K->66705K(280064K), 0.0071620 secs] [Times: user=0.05 sys=0.01, real=0.01 secs] 
2021-08-18T18:28:25.067+0800: 7192.664: [GC (Allocation Failure) [PSYoungGen: 85024K->1056K(84480K)] 150673K->66721K(279040K), 0.0021113 secs] [Times: user=0.01 sys=0.00, real=0.00 secs] 
2021-08-18T18:28:36.561+0800: 7204.159: [GC (Allocation Failure) [PSYoungGen: 84000K->1072K(84992K)] 149665K->66737K(279552K), 0.0076253 secs] [Times: user=0.04 sys=0.00, real=0.00 secs] 
2021-08-18T18:28:47.909+0800: 7215.507: [GC (Allocation Failure) [PSYoungGen: 84016K->1264K(84992K)] 149681K->66929K(279552K), 0.0024438 secs] [Times: user=0.01 sys=0.00, real=0.01 secs] 
2021-08-18T18:28:57.923+0800: 7225.521: [GC (Allocation Failure) [PSYoungGen: 84208K->1888K(84992K)] 149873K->67561K(279552K), 0.0022219 secs] [Times: user=0.02 sys=0.00, real=0.00 secs] 
2021-08-18T18:29:09.062+0800: 7236.659: [GC (Allocation Failure) [PSYoungGen: 84832K->1088K(84992K)] 150505K->66785K(279552K), 0.0025541 secs] [Times: user=0.01 sys=0.00, real=0.00 secs] 
2021-08-18T18:29:21.073+0800: 7248.671: [GC (Allocation Failure) [PSYoungGen: 84032K->1104K(84992K)] 149729K->66833K(279552K), 0.0071546 secs] [Times: user=0.04 sys=0.00, real=0.01 secs] 
2021-08-18T18:29:33.249+0800: 7260.847: [GC (Allocation Failure) [PSYoungGen: 84048K->1104K(84992K)] 149777K->66897K(279552K), 0.0076948 secs] [Times: user=0.05 sys=0.01, real=0.01 secs] 
2021-08-18T18:29:45.444+0800: 7273.041: [GC (Allocation Failure) [PSYoungGen: 84048K->976K(84992K)] 149841K->66865K(279552K), 0.0072976 secs] [Times: user=0.04 sys=0.00, real=0.01 secs] 
2021-08-18T18:29:57.067+0800: 7284.665: [GC (Allocation Failure) [PSYoungGen: 83920K->800K(84992K)] 149809K->66993K(279552K), 0.0076098 secs] [Times: user=0.04 sys=0.00, real=0.01 secs] 
2021-08-18T18:30:07.915+0800: 7295.513: [GC (Allocation Failure) [PSYoungGen: 83744K->1264K(84992K)] 149937K->67569K(279552K), 0.0023859 secs] [Times: user=0.01 sys=0.00, real=0.00 secs] 
2021-08-18T18:30:18.057+0800: 7305.655: [GC (Allocation Failure) [PSYoungGen: 84208K->496K(84992K)] 150513K->67089K(279552K), 0.0072777 secs] [Times: user=0.05 sys=0.01, real=0.01 secs] 
2021-08-18T18:30:29.535+0800: 7317.133: [GC (Allocation Failure) [PSYoungGen: 83440K->528K(84992K)] 150033K->67257K(279552K), 0.0076227 secs] [Times: user=0.04 sys=0.00, real=0.01 secs] 
2021-08-18T18:30:39.079+0800: 7326.677: [GC (Allocation Failure) [PSYoungGen: 83472K->464K(84992K)] 150201K->67201K(279552K), 0.0071067 secs] [Times: user=0.05 sys=0.00, real=0.01 secs] 
2021-08-18T18:30:50.064+0800: 7337.662: [GC (Allocation Failure) [PSYoungGen: 83408K->416K(84992K)] 150145K->67273K(279552K), 0.0022366 secs] [Times: user=0.02 sys=0.00, real=0.00 secs] 
2021-08-18T18:31:01.063+0800: 7348.661: [GC (Allocation Failure) [PSYoungGen: 83360K->352K(84992K)] 150217K->67241K(279552K), 0.0019690 secs] [Times: user=0.01 sys=0.00, real=0.00 secs] 
2021-08-18T18:31:12.454+0800: 7360.051: [GC (Allocation Failure) [PSYoungGen: 83296K->416K(84992K)] 150185K->67313K(279552K), 0.0068895 secs] [Times: user=0.05 sys=0.00, real=0.01 secs] 
2021-08-18T18:31:24.070+0800: 7371.668: [GC (Allocation Failure) [PSYoungGen: 83360K->352K(84992K)] 150257K->67313K(279552K), 0.0020486 secs] [Times: user=0.01 sys=0.00, real=0.00 secs] 
2021-08-18T18:31:35.064+0800: 7382.661: [GC (Allocation Failure) [PSYoungGen: 83296K->384K(84992K)] 150257K->67377K(279552K), 0.0019114 secs] [Times: user=0.01 sys=0.00, real=0.00 secs] 
2021-08-18T18:31:45.565+0800: 7393.163: [GC (Allocation Failure) [PSYoungGen: 83328K->448K(84992K)] 150321K->67457K(279552K), 0.0069985 secs] [Times: user=0.04 sys=0.00, real=0.01 secs] 
2021-08-18T18:31:56.563+0800: 7404.161: [GC (Allocation Failure) [PSYoungGen: 83392K->416K(84992K)] 150401K->67457K(279552K), 0.0072795 secs] [Times: user=0.04 sys=0.00, real=0.01 secs] 
2021-08-18T18:32:07.563+0800: 7415.160: [GC (Allocation Failure) [PSYoungGen: 83360K->416K(85504K)] 150401K->67457K(280064K), 0.0069947 secs] [Times: user=0.04 sys=0.00, real=0.00 secs] 
2021-08-18T18:32:17.954+0800: 7425.552: [GC (Allocation Failure) [PSYoungGen: 84384K->960K(85504K)] 151425K->68009K(280064K), 0.0066844 secs] [Times: user=0.03 sys=0.00, real=0.01 secs] 
2021-08-18T18:32:27.929+0800: 7435.527: [GC (Allocation Failure) [PSYoungGen: 84928K->608K(85504K)] 151977K->67673K(280064K), 0.0024331 secs] [Times: user=0.02 sys=0.00, real=0.01 secs] 
2021-08-18T18:32:37.952+0800: 7445.550: [GC (Allocation Failure) [PSYoungGen: 84576K->1216K(85504K)] 151641K->68313K(280064K), 0.0039301 secs] [Times: user=0.03 sys=0.00, real=0.00 secs] 
2021-08-18T18:32:48.063+0800: 7455.661: [GC (Allocation Failure) [PSYoungGen: 85184K->448K(85504K)] 152281K->67553K(280064K), 0.0055928 secs] [Times: user=0.03 sys=0.01, real=0.00 secs] 
2021-08-18T18:32:59.064+0800: 7466.661: [GC (Allocation Failure) [PSYoungGen: 84416K->320K(85504K)] 151521K->67465K(280064K), 0.0021043 secs] [Times: user=0.01 sys=0.01, real=0.00 secs] 
2021-08-18T18:33:10.063+0800: 7477.661: [GC (Allocation Failure) [PSYoungGen: 84288K->384K(85504K)] 151433K->67577K(280064K), 0.0022882 secs] [Times: user=0.01 sys=0.00, real=0.00 secs] 
2021-08-18T18:33:21.068+0800: 7488.666: [GC (Allocation Failure) [PSYoungGen: 84352K->384K(85504K)] 151545K->67649K(280064K), 0.0019533 secs] [Times: user=0.02 sys=0.00, real=0.01 secs] 
2021-08-18T18:33:32.457+0800: 7500.055: [GC (Allocation Failure) [PSYoungGen: 84352K->384K(85504K)] 151617K->67681K(280064K), 0.0070242 secs] [Times: user=0.03 sys=0.00, real=0.01 secs] 
2021-08-18T18:33:43.067+0800: 7510.665: [GC (Allocation Failure) [PSYoungGen: 84352K->352K(85504K)] 151649K->67689K(280064K), 0.0019772 secs] [Times: user=0.02 sys=0.00, real=0.00 secs] 
2021-08-18T18:33:54.459+0800: 7522.057: [GC (Allocation Failure) [PSYoungGen: 84320K->416K(85504K)] 151657K->67777K(280064K), 0.0070544 secs] [Times: user=0.05 sys=0.00, real=0.01 secs] 
2021-08-18T18:34:05.568+0800: 7533.166: [GC (Allocation Failure) [PSYoungGen: 84384K->416K(85504K)] 151745K->67809K(280064K), 0.0070991 secs] [Times: user=0.05 sys=0.00, real=0.01 secs] 
2021-08-18T18:34:16.723+0800: 7544.321: [GC (Allocation Failure) [PSYoungGen: 84384K->384K(85504K)] 151777K->67801K(280064K), 0.0071731 secs] [Times: user=0.04 sys=0.00, real=0.01 secs] 
2021-08-18T18:34:27.915+0800: 7555.512: [GC (Allocation Failure) [PSYoungGen: 84352K->992K(85504K)] 151769K->68441K(280064K), 0.0024430 secs] [Times: user=0.02 sys=0.00, real=0.00 secs] 
2021-08-18T18:34:37.927+0800: 7565.525: [GC (Allocation Failure) [PSYoungGen: 84960K->736K(85504K)] 152409K->68193K(280064K), 0.0034250 secs] [Times: user=0.02 sys=0.00, real=0.01 secs] 
2021-08-18T18:34:48.076+0800: 7575.674: [GC (Allocation Failure) [PSYoungGen: 84704K->416K(85504K)] 152161K->67873K(280064K), 0.0072904 secs] [Times: user=0.04 sys=0.00, real=0.01 secs] 
2021-08-18T18:35:00.566+0800: 7588.164: [GC (Allocation Failure) [PSYoungGen: 84384K->384K(85504K)] 151841K->67849K(280064K), 0.0070284 secs] [Times: user=0.04 sys=0.00, real=0.01 secs] 
2021-08-18T18:35:13.066+0800: 7600.664: [GC (Allocation Failure) [PSYoungGen: 84352K->416K(85504K)] 151817K->67881K(280064K), 0.0020520 secs] [Times: user=0.01 sys=0.00, real=0.00 secs] 
2021-08-18T18:35:25.559+0800: 7613.157: [GC (Allocation Failure) [PSYoungGen: 84384K->384K(85504K)] 151849K->67905K(280064K), 0.0069045 secs] [Times: user=0.04 sys=0.00, real=0.01 secs] 
2021-08-18T18:35:37.909+0800: 7625.507: [GC (Allocation Failure) [PSYoungGen: 84352K->416K(85504K)] 151873K->67937K(280064K), 0.0072405 secs] [Times: user=0.04 sys=0.00, real=0.01 secs] 
2021-08-18T18:35:47.925+0800: 7635.522: [GC (Allocation Failure) [PSYoungGen: 84384K->800K(85504K)] 151905K->68321K(280064K), 0.0022558 secs] [Times: user=0.02 sys=0.00, real=0.00 secs] 
2021-08-18T18:35:58.564+0800: 7646.161: [GC (Allocation Failure) [PSYoungGen: 84768K->416K(85504K)] 152289K->67937K(280064K), 0.0061359 secs] [Times: user=0.04 sys=0.00, real=0.00 secs] 
2021-08-18T18:36:11.066+0800: 7658.664: [GC (Allocation Failure) [PSYoungGen: 84384K->384K(85504K)] 151905K->67913K(280064K), 0.0024657 secs] [Times: user=0.01 sys=0.00, real=0.00 secs] 
2021-08-18T18:36:22.468+0800: 7670.066: [GC (Allocation Failure) [PSYoungGen: 84352K->448K(85504K)] 151881K->67977K(280064K), 0.0070768 secs] [Times: user=0.04 sys=0.00, real=0.01 secs] 
2021-08-18T18:36:33.238+0800: 7680.835: [GC (Allocation Failure) [PSYoungGen: 84416K->416K(86016K)] 151945K->67945K(280576K), 0.0070831 secs] [Times: user=0.04 sys=0.00, real=0.01 secs] 
2021-08-18T18:36:44.067+0800: 7691.665: [GC (Allocation Failure) [PSYoungGen: 85408K->320K(86016K)] 152937K->67849K(280576K), 0.0019565 secs] [Times: user=0.01 sys=0.00, real=0.00 secs] 
2021-08-18T18:36:56.072+0800: 7703.669: [GC (Allocation Failure) [PSYoungGen: 85312K->416K(86016K)] 152841K->67977K(280576K), 0.0071612 secs] [Times: user=0.04 sys=0.00, real=0.00 secs] 
2021-08-18T18:37:07.919+0800: 7715.517: [GC (Allocation Failure) [PSYoungGen: 85408K->384K(86016K)] 152969K->67969K(280576K), 0.0023261 secs] [Times: user=0.01 sys=0.00, real=0.01 secs] 
2021-08-18T18:37:17.930+0800: 7725.527: [GC (Allocation Failure) [PSYoungGen: 85376K->1024K(84992K)] 152961K->68689K(279552K), 0.0023776 secs] [Times: user=0.02 sys=0.00, real=0.01 secs] 
2021-08-18T18:37:27.936+0800: 7735.534: [GC (Allocation Failure) [PSYoungGen: 84992K->672K(85504K)] 152657K->68369K(280064K), 0.0020394 secs] [Times: user=0.01 sys=0.00, real=0.00 secs] 
2021-08-18T18:37:37.946+0800: 7745.543: [GC (Allocation Failure) [PSYoungGen: 84640K->1216K(85504K)] 152337K->68913K(280064K), 0.0020519 secs] [Times: user=0.02 sys=0.00, real=0.00 secs] 
2021-08-18T18:37:48.078+0800: 7755.676: [GC (Allocation Failure) [PSYoungGen: 85184K->416K(85504K)] 152881K->68113K(280064K), 0.0069041 secs] [Times: user=0.04 sys=0.00, real=0.01 secs] 
2021-08-18T18:37:59.321+0800: 7766.919: [GC (Allocation Failure) [PSYoungGen: 84384K->384K(85504K)] 152081K->68081K(280064K), 0.0070661 secs] [Times: user=0.04 sys=0.00, real=0.00 secs] 
2021-08-18T18:38:10.560+0800: 7778.157: [GC (Allocation Failure) [PSYoungGen: 84352K->416K(85504K)] 152049K->68113K(280064K), 0.0067054 secs] [Times: user=0.04 sys=0.00, real=0.01 secs] 
2021-08-18T18:38:22.061+0800: 7789.659: [GC (Allocation Failure) [PSYoungGen: 84384K->416K(85504K)] 152081K->68113K(280064K), 0.0075796 secs] [Times: user=0.04 sys=0.00, real=0.00 secs] 
2021-08-18T18:38:33.066+0800: 7800.664: [GC (Allocation Failure) [PSYoungGen: 84384K->416K(85504K)] 152081K->68113K(280064K), 0.0068428 secs] [Times: user=0.04 sys=0.00, real=0.01 secs] 
2021-08-18T18:38:44.061+0800: 7811.659: [GC (Allocation Failure) [PSYoungGen: 84384K->416K(85504K)] 152081K->68113K(280064K), 0.0073818 secs] [Times: user=0.04 sys=0.01, real=0.00 secs] 
2021-08-18T18:38:55.066+0800: 7822.664: [GC (Allocation Failure) [PSYoungGen: 84384K->416K(85504K)] 152081K->68129K(280064K), 0.0060452 secs] [Times: user=0.04 sys=0.00, real=0.01 secs] 
2021-08-18T18:39:06.067+0800: 7833.665: [GC (Allocation Failure) [PSYoungGen: 84384K->416K(86016K)] 152097K->68201K(280576K), 0.0068660 secs] [Times: user=0.04 sys=0.01, real=0.01 secs] 
2021-08-18T18:39:17.067+0800: 7844.665: [GC (Allocation Failure) [PSYoungGen: 85408K->384K(86016K)] 153193K->68225K(280576K), 0.0022017 secs] [Times: user=0.02 sys=0.00, real=0.00 secs] 
2021-08-18T18:39:27.927+0800: 7855.525: [GC (Allocation Failure) [PSYoungGen: 85376K->1024K(84992K)] 153217K->68921K(279552K), 0.0021210 secs] [Times: user=0.01 sys=0.00, real=0.00 secs] 
2021-08-18T18:39:37.930+0800: 7865.527: [GC (Allocation Failure) [PSYoungGen: 84992K->992K(85504K)] 152889K->68913K(280064K), 0.0024434 secs] [Times: user=0.01 sys=0.00, real=0.01 secs] 
2021-08-18T18:39:47.942+0800: 7875.540: [GC (Allocation Failure) [PSYoungGen: 84960K->1088K(85504K)] 152881K->69033K(280064K), 0.0026049 secs] [Times: user=0.02 sys=0.00, real=0.00 secs] 
2021-08-18T18:39:58.075+0800: 7885.673: [GC (Allocation Failure) [PSYoungGen: 85056K->416K(85504K)] 153001K->68409K(280064K), 0.0073175 secs] [Times: user=0.04 sys=0.00, real=0.01 secs] 
2021-08-18T18:40:09.070+0800: 7896.668: [GC (Allocation Failure) [PSYoungGen: 84384K->384K(85504K)] 152377K->68377K(280064K), 0.0022977 secs] [Times: user=0.02 sys=0.00, real=0.00 secs] 
2021-08-18T18:40:20.477+0800: 7908.075: [GC (Allocation Failure) [PSYoungGen: 84352K->416K(85504K)] 152345K->68409K(280064K), 0.0068185 secs] [Times: user=0.04 sys=0.00, real=0.01 secs] 
2021-08-18T18:40:31.563+0800: 7919.161: [GC (Allocation Failure) [PSYoungGen: 84384K->384K(85504K)] 152377K->68377K(280064K), 0.0068690 secs] [Times: user=0.04 sys=0.00, real=0.00 secs] 
2021-08-18T18:40:42.562+0800: 7930.159: [GC (Allocation Failure) [PSYoungGen: 84352K->416K(85504K)] 152345K->68409K(280064K), 0.0067920 secs] [Times: user=0.04 sys=0.00, real=0.00 secs] 
2021-08-18T18:40:53.566+0800: 7941.164: [GC (Allocation Failure) [PSYoungGen: 84384K->416K(85504K)] 152377K->68409K(280064K), 0.0070476 secs] [Times: user=0.04 sys=0.00, real=0.01 secs] 
2021-08-18T18:41:05.059+0800: 7952.656: [GC (Allocation Failure) [PSYoungGen: 84384K->416K(85504K)] 152377K->68409K(280064K), 0.0069251 secs] [Times: user=0.04 sys=0.00, real=0.01 secs] 
2021-08-18T18:41:16.065+0800: 7963.663: [GC (Allocation Failure) [PSYoungGen: 84384K->384K(85504K)] 152377K->68377K(280064K), 0.0019643 secs] [Times: user=0.01 sys=0.00, real=0.00 secs] 
2021-08-18T18:41:27.065+0800: 7974.663: [GC (Allocation Failure) [PSYoungGen: 84352K->384K(85504K)] 152345K->68385K(280064K), 0.0019999 secs] [Times: user=0.01 sys=0.00, real=0.00 secs] 
2021-08-18T18:41:37.913+0800: 7985.510: [GC (Allocation Failure) [PSYoungGen: 84352K->448K(86016K)] 152353K->68449K(280576K), 0.0031946 secs] [Times: user=0.02 sys=0.00, real=0.00 secs] 
2021-08-18T18:41:47.932+0800: 7995.530: [GC (Allocation Failure) [PSYoungGen: 85440K->1024K(86016K)] 153441K->69113K(280576K), 0.0022954 secs] [Times: user=0.01 sys=0.00, real=0.00 secs] 
2021-08-18T18:41:57.942+0800: 8005.540: [GC (Allocation Failure) [PSYoungGen: 86016K->992K(84992K)] 154105K->69113K(279552K), 0.0024238 secs] [Times: user=0.02 sys=0.00, real=0.00 secs] 
2021-08-18T18:42:08.059+0800: 8015.657: [GC (Allocation Failure) [PSYoungGen: 84960K->448K(85504K)] 153081K->68569K(280064K), 0.0039250 secs] [Times: user=0.02 sys=0.00, real=0.01 secs] 
2021-08-18T18:42:19.065+0800: 8026.663: [GC (Allocation Failure) [PSYoungGen: 84416K->416K(85504K)] 152537K->68537K(280064K), 0.0070197 secs] [Times: user=0.04 sys=0.00, real=0.01 secs] 
2021-08-18T18:42:30.069+0800: 8037.666: [GC (Allocation Failure) [PSYoungGen: 84384K->384K(85504K)] 152505K->68521K(280064K), 0.0020904 secs] [Times: user=0.01 sys=0.00, real=0.01 secs] 
2021-08-18T18:42:41.065+0800: 8048.663: [GC (Allocation Failure) [PSYoungGen: 84352K->288K(85504K)] 152489K->68425K(280064K), 0.0021494 secs] [Times: user=0.01 sys=0.00, real=0.00 secs] 
2021-08-18T18:42:52.067+0800: 8059.665: [GC (Allocation Failure) [PSYoungGen: 84256K->384K(85504K)] 152393K->68521K(280064K), 0.0020312 secs] [Times: user=0.01 sys=0.00, real=0.00 secs] 
2021-08-18T18:43:03.486+0800: 8071.084: [GC (Allocation Failure) [PSYoungGen: 84352K->416K(85504K)] 152489K->68553K(280064K), 0.0073724 secs] [Times: user=0.04 sys=0.00, real=0.01 secs] 
2021-08-18T18:43:14.559+0800: 8082.157: [GC (Allocation Failure) [PSYoungGen: 84384K->416K(85504K)] 152521K->68553K(280064K), 0.0070204 secs] [Times: user=0.04 sys=0.00, real=0.01 secs] 
2021-08-18T18:43:25.068+0800: 8092.666: [GC (Allocation Failure) [PSYoungGen: 84384K->384K(86016K)] 152521K->68521K(280576K), 0.0024071 secs] [Times: user=0.01 sys=0.00, real=0.01 secs] 
2021-08-18T18:43:36.074+0800: 8103.672: [GC (Allocation Failure) [PSYoungGen: 85376K->320K(86016K)] 153513K->68457K(280576K), 0.0019830 secs] [Times: user=0.01 sys=0.00, real=0.00 secs] 
2021-08-18T18:43:47.489+0800: 8115.087: [GC (Allocation Failure) [PSYoungGen: 85312K->416K(86016K)] 153449K->68553K(280576K), 0.0073057 secs] [Times: user=0.05 sys=0.00, real=0.01 secs] 
2021-08-18T18:43:57.930+0800: 8125.528: [GC (Allocation Failure) [PSYoungGen: 85408K->1024K(86016K)] 153545K->69169K(280576K), 0.0023643 secs] [Times: user=0.02 sys=0.00, real=0.00 secs] 
2021-08-18T18:44:07.939+0800: 8135.536: [GC (Allocation Failure) [PSYoungGen: 86016K->704K(84992K)] 154161K->68865K(279552K), 0.0023638 secs] [Times: user=0.01 sys=0.00, real=0.01 secs] 
2021-08-18T18:44:17.945+0800: 8145.543: [GC (Allocation Failure) [PSYoungGen: 84672K->1120K(85504K)] 152833K->69281K(280064K), 0.0023350 secs] [Times: user=0.02 sys=0.00, real=0.00 secs] 
2021-08-18T18:44:28.074+0800: 8155.672: [GC (Allocation Failure) [PSYoungGen: 85088K->416K(85504K)] 153249K->68633K(280064K), 0.0067253 secs] [Times: user=0.05 sys=0.00, real=0.01 secs] 
2021-08-18T18:44:39.060+0800: 8166.658: [GC (Allocation Failure) [PSYoungGen: 84384K->416K(85504K)] 152601K->68649K(280064K), 0.0069157 secs] [Times: user=0.04 sys=0.00, real=0.00 secs] 
2021-08-18T18:44:50.064+0800: 8177.662: [GC (Allocation Failure) [PSYoungGen: 84384K->352K(85504K)] 152617K->68609K(280064K), 0.0021355 secs] [Times: user=0.01 sys=0.00, real=0.00 secs] 
2021-08-18T18:45:01.066+0800: 8188.664: [GC (Allocation Failure) [PSYoungGen: 84320K->320K(85504K)] 152577K->68577K(280064K), 0.0024274 secs] [Times: user=0.02 sys=0.00, real=0.00 secs] 
2021-08-18T18:45:12.067+0800: 8199.665: [GC (Allocation Failure) [PSYoungGen: 84288K->416K(85504K)] 152545K->68673K(280064K), 0.0019285 secs] [Times: user=0.01 sys=0.00, real=0.00 secs] 
2021-08-18T18:45:23.077+0800: 8210.675: [GC (Allocation Failure) [PSYoungGen: 84384K->352K(85504K)] 152641K->68609K(280064K), 0.0018638 secs] [Times: user=0.02 sys=0.00, real=0.00 secs] 
2021-08-18T18:45:34.491+0800: 8222.089: [GC (Allocation Failure) [PSYoungGen: 84320K->416K(86016K)] 152577K->68673K(280576K), 0.0073952 secs] [Times: user=0.04 sys=0.00, real=0.00 secs] 
2021-08-18T18:45:45.489+0800: 8233.087: [GC (Allocation Failure) [PSYoungGen: 84896K->416K(85504K)] 153153K->68673K(280064K), 0.0072113 secs] [Times: user=0.04 sys=0.00, real=0.01 secs] 
2021-08-18T18:45:56.562+0800: 8244.159: [GC (Allocation Failure) [PSYoungGen: 84896K->416K(86016K)] 153153K->68673K(280576K), 0.0074050 secs] [Times: user=0.04 sys=0.00, real=0.00 secs] 
2021-08-18T18:46:07.926+0800: 8255.524: [GC (Allocation Failure) [PSYoungGen: 85408K->416K(86016K)] 153665K->68737K(280576K), 0.0023483 secs] [Times: user=0.02 sys=0.00, real=0.00 secs] 
2021-08-18T18:46:17.935+0800: 8265.533: [GC (Allocation Failure) [PSYoungGen: 85408K->1024K(84992K)] 153729K->69409K(279552K), 0.0020565 secs] [Times: user=0.01 sys=0.00, real=0.00 secs] 
2021-08-18T18:46:27.942+0800: 8275.539: [GC (Allocation Failure) [PSYoungGen: 84992K->800K(85504K)] 153377K->69193K(280064K), 0.0024645 secs] [Times: user=0.01 sys=0.00, real=0.00 secs] 
2021-08-18T18:46:37.945+0800: 8285.542: [GC (Allocation Failure) [PSYoungGen: 84768K->1344K(85504K)] 153161K->69737K(280064K), 0.0023913 secs] [Times: user=0.02 sys=0.00, real=0.00 secs] 
2021-08-18T18:46:48.526+0800: 8296.124: [GC (Allocation Failure) [PSYoungGen: 85312K->352K(85504K)] 153705K->68745K(280064K), 0.0069369 secs] [Times: user=0.04 sys=0.00, real=0.01 secs] 
2021-08-18T18:46:59.496+0800: 8307.094: [GC (Allocation Failure) [PSYoungGen: 84320K->352K(85504K)] 152713K->68785K(280064K), 0.0033070 secs] [Times: user=0.02 sys=0.00, real=0.00 secs] 
2021-08-18T18:47:10.569+0800: 8318.166: [GC (Allocation Failure) [PSYoungGen: 84320K->384K(85504K)] 152753K->68841K(280064K), 0.0055882 secs] [Times: user=0.04 sys=0.00, real=0.01 secs] 
2021-08-18T18:47:22.073+0800: 8329.671: [GC (Allocation Failure) [PSYoungGen: 84352K->384K(85504K)] 152809K->68857K(280064K), 0.0072865 secs] [Times: user=0.04 sys=0.00, real=0.01 secs] 
2021-08-18T18:47:33.069+0800: 8340.667: [GC (Allocation Failure) [PSYoungGen: 84352K->384K(85504K)] 152825K->68897K(280064K), 0.0021302 secs] [Times: user=0.01 sys=0.00, real=0.01 secs] 
2021-08-18T18:47:44.051+0800: 8351.648: [GC (Allocation Failure) [PSYoungGen: 84352K->416K(85504K)] 152865K->68929K(280064K), 0.0061998 secs] [Times: user=0.04 sys=0.00, real=0.00 secs] 
2021-08-18T18:47:55.067+0800: 8362.665: [GC (Allocation Failure) [PSYoungGen: 84384K->352K(85504K)] 152897K->68865K(280064K), 0.0069521 secs] [Times: user=0.04 sys=0.01, real=0.01 secs] 
2021-08-18T18:48:06.069+0800: 8373.667: [GC (Allocation Failure) [PSYoungGen: 84320K->352K(85504K)] 152833K->68865K(280064K), 0.0021181 secs] [Times: user=0.01 sys=0.00, real=0.01 secs] 
2021-08-18T18:48:17.071+0800: 8384.669: [GC (Allocation Failure) [PSYoungGen: 84320K->416K(85504K)] 152833K->68945K(280064K), 0.0020359 secs] [Times: user=0.02 sys=0.00, real=0.00 secs] 
2021-08-18T18:48:27.931+0800: 8395.529: [GC (Allocation Failure) [PSYoungGen: 84384K->544K(86016K)] 152913K->69073K(280576K), 0.0020920 secs] [Times: user=0.01 sys=0.00, real=0.00 secs] 
2021-08-18T18:48:37.934+0800: 8405.532: [GC (Allocation Failure) [PSYoungGen: 85536K->1024K(86016K)] 154065K->69585K(280576K), 0.0020257 secs] [Times: user=0.01 sys=0.00, real=0.00 secs] 
2021-08-18T18:48:47.944+0800: 8415.542: [GC (Allocation Failure) [PSYoungGen: 86016K->736K(84992K)] 154577K->69337K(279552K), 0.0024241 secs] [Times: user=0.01 sys=0.00, real=0.00 secs] 
2021-08-18T18:48:57.953+0800: 8425.551: [GC (Allocation Failure) [PSYoungGen: 84704K->1344K(85504K)] 153305K->69945K(280064K), 0.0023761 secs] [Times: user=0.02 sys=0.00, real=0.00 secs] 
2021-08-18T18:49:08.567+0800: 8436.164: [GC (Allocation Failure) [PSYoungGen: 85312K->416K(85504K)] 153913K->69017K(280064K), 0.0062920 secs] [Times: user=0.04 sys=0.00, real=0.01 secs] 
2021-08-18T18:49:19.563+0800: 8447.161: [GC (Allocation Failure) [PSYoungGen: 84384K->384K(85504K)] 152985K->68985K(280064K), 0.0068715 secs] [Times: user=0.04 sys=0.00, real=0.00 secs] 
2021-08-18T18:49:30.566+0800: 8458.163: [GC (Allocation Failure) [PSYoungGen: 84352K->288K(85504K)] 152953K->68889K(280064K), 0.0021531 secs] [Times: user=0.01 sys=0.00, real=0.00 secs] 
2021-08-18T18:49:41.564+0800: 8469.162: [GC (Allocation Failure) [PSYoungGen: 84256K->416K(85504K)] 152857K->69017K(280064K), 0.0071332 secs] [Times: user=0.05 sys=0.00, real=0.01 secs] 
2021-08-18T18:49:52.563+0800: 8480.161: [GC (Allocation Failure) [PSYoungGen: 84384K->416K(85504K)] 152985K->69057K(280064K), 0.0069750 secs] [Times: user=0.04 sys=0.01, real=0.01 secs] 
2021-08-18T18:50:03.564+0800: 8491.162: [GC (Allocation Failure) [PSYoungGen: 84384K->416K(85504K)] 153025K->69073K(280064K), 0.0070865 secs] [Times: user=0.04 sys=0.00, real=0.01 secs] 
2021-08-18T18:50:14.509+0800: 8502.107: [GC (Allocation Failure) [PSYoungGen: 84384K->384K(85504K)] 153041K->69081K(280064K), 0.0062217 secs] [Times: user=0.05 sys=0.00, real=0.01 secs] 
2021-08-18T18:50:25.506+0800: 8513.104: [GC (Allocation Failure) [PSYoungGen: 84352K->384K(85504K)] 153049K->69081K(280064K), 0.0069556 secs] [Times: user=0.04 sys=0.00, real=0.01 secs] 
2021-08-18T18:50:36.563+0800: 8524.161: [GC (Allocation Failure) [PSYoungGen: 84352K->352K(85504K)] 153049K->69049K(280064K), 0.0070205 secs] [Times: user=0.04 sys=0.00, real=0.01 secs] 
2021-08-18T18:50:47.076+0800: 8534.674: [GC (Allocation Failure) [PSYoungGen: 84320K->416K(85504K)] 153017K->69113K(280064K), 0.0019037 secs] [Times: user=0.01 sys=0.00, real=0.00 secs] 
2021-08-18T18:50:57.937+0800: 8545.535: [GC (Allocation Failure) [PSYoungGen: 84384K->736K(84992K)] 153081K->69433K(279552K), 0.0022648 secs] [Times: user=0.02 sys=0.00, real=0.00 secs] 
2021-08-18T18:51:07.945+0800: 8555.543: [GC (Allocation Failure) [PSYoungGen: 84704K->1312K(85504K)] 153401K->70009K(280064K), 0.0021382 secs] [Times: user=0.02 sys=0.00, real=0.00 secs] 
2021-08-18T18:51:17.953+0800: 8565.551: [GC (Allocation Failure) [PSYoungGen: 85280K->1024K(85504K)] 153977K->69769K(280064K), 0.0025115 secs] [Times: user=0.02 sys=0.00, real=0.00 secs] 
2021-08-18T18:51:28.063+0800: 8575.661: [GC (Allocation Failure) [PSYoungGen: 84992K->384K(85504K)] 153737K->69129K(280064K), 0.0035521 secs] [Times: user=0.02 sys=0.00, real=0.00 secs] 
2021-08-18T18:51:38.565+0800: 8586.163: [GC (Allocation Failure) [PSYoungGen: 84352K->416K(85504K)] 153097K->69161K(280064K), 0.0069588 secs] [Times: user=0.04 sys=0.00, real=0.01 secs] 
2021-08-18T18:51:49.514+0800: 8597.112: [GC (Allocation Failure) [PSYoungGen: 84384K->416K(85504K)] 153129K->69161K(280064K), 0.0069378 secs] [Times: user=0.04 sys=0.00, real=0.01 secs] 
2021-08-18T18:52:00.563+0800: 8608.161: [GC (Allocation Failure) [PSYoungGen: 84384K->384K(85504K)] 153129K->69129K(280064K), 0.0066344 secs] [Times: user=0.04 sys=0.00, real=0.01 secs] 
2021-08-18T18:52:11.563+0800: 8619.161: [GC (Allocation Failure) [PSYoungGen: 84352K->416K(85504K)] 153097K->69161K(280064K), 0.0072488 secs] [Times: user=0.04 sys=0.01, real=0.01 secs] 
2021-08-18T18:52:22.566+0800: 8630.164: [GC (Allocation Failure) [PSYoungGen: 84384K->416K(85504K)] 153129K->69161K(280064K), 0.0070689 secs] [Times: user=0.05 sys=0.00, real=0.01 secs] 
2021-08-18T18:52:33.572+0800: 8641.170: [GC (Allocation Failure) [PSYoungGen: 84384K->384K(85504K)] 153129K->69137K(280064K), 0.0070751 secs] [Times: user=0.04 sys=0.00, real=0.00 secs] 
2021-08-18T18:52:44.315+0800: 8651.913: [GC (Allocation Failure) [PSYoungGen: 84352K->384K(85504K)] 153105K->69153K(280064K), 0.0056691 secs] [Times: user=0.04 sys=0.00, real=0.01 secs] 
2021-08-18T18:52:55.072+0800: 8662.670: [GC (Allocation Failure) [PSYoungGen: 84352K->416K(85504K)] 153121K->69225K(280064K), 0.0018946 secs] [Times: user=0.01 sys=0.00, real=0.00 secs] 
2021-08-18T18:53:06.226+0800: 8673.823: [GC (Allocation Failure) [PSYoungGen: 84384K->416K(86016K)] 153193K->69225K(280576K), 0.0071527 secs] [Times: user=0.04 sys=0.00, real=0.01 secs] 
2021-08-18T18:53:17.564+0800: 8685.162: [GC (Allocation Failure) [PSYoungGen: 85408K->384K(86016K)] 154217K->69193K(280576K), 0.0072364 secs] [Times: user=0.05 sys=0.00, real=0.01 secs] 
2021-08-18T18:53:27.942+0800: 8695.540: [GC (Allocation Failure) [PSYoungGen: 85376K->1024K(84992K)] 154185K->69849K(279552K), 0.0023913 secs] [Times: user=0.02 sys=0.00, real=0.00 secs] 
2021-08-18T18:53:37.948+0800: 8705.546: [GC (Allocation Failure) [PSYoungGen: 84992K->832K(85504K)] 153817K->69665K(280064K), 0.0025199 secs] [Times: user=0.01 sys=0.00, real=0.01 secs] 
2021-08-18T18:53:47.954+0800: 8715.552: [GC (Allocation Failure) [PSYoungGen: 84800K->1024K(85504K)] 153633K->69857K(280064K), 0.0020837 secs] [Times: user=0.01 sys=0.00, real=0.00 secs] 
2021-08-18T18:53:58.067+0800: 8725.665: [GC (Allocation Failure) [PSYoungGen: 84992K->416K(85504K)] 153825K->69249K(280064K), 0.0067688 secs] [Times: user=0.04 sys=0.00, real=0.01 secs] 
2021-08-18T18:54:09.070+0800: 8736.668: [GC (Allocation Failure) [PSYoungGen: 84384K->416K(85504K)] 153217K->69249K(280064K), 0.0071542 secs] [Times: user=0.05 sys=0.00, real=0.00 secs] 
2021-08-18T18:54:20.067+0800: 8747.664: [GC (Allocation Failure) [PSYoungGen: 84384K->416K(85504K)] 153217K->69249K(280064K), 0.0071375 secs] [Times: user=0.05 sys=0.00, real=0.01 secs] 
2021-08-18T18:54:31.069+0800: 8758.667: [GC (Allocation Failure) [PSYoungGen: 84384K->320K(85504K)] 153217K->69153K(280064K), 0.0020991 secs] [Times: user=0.01 sys=0.00, real=0.01 secs] 
2021-08-18T18:54:42.067+0800: 8769.665: [GC (Allocation Failure) [PSYoungGen: 84288K->416K(85504K)] 153121K->69257K(280064K), 0.0075163 secs] [Times: user=0.04 sys=0.00, real=0.01 secs] 
2021-08-18T18:54:53.066+0800: 8780.664: [GC (Allocation Failure) [PSYoungGen: 84384K->416K(85504K)] 153225K->69257K(280064K), 0.0067798 secs] [Times: user=0.04 sys=0.00, real=0.01 secs] 
2021-08-18T18:55:04.068+0800: 8791.666: [GC (Allocation Failure) [PSYoungGen: 84384K->416K(85504K)] 153225K->69257K(280064K), 0.0071836 secs] [Times: user=0.04 sys=0.00, real=0.01 secs] 
2021-08-18T18:55:15.064+0800: 8802.662: [GC (Allocation Failure) [PSYoungGen: 84384K->416K(86016K)] 153225K->69265K(280576K), 0.0068435 secs] [Times: user=0.04 sys=0.01, real=0.01 secs] 
2021-08-18T18:55:26.072+0800: 8813.670: [GC (Allocation Failure) [PSYoungGen: 85408K->416K(86016K)] 154257K->69281K(280576K), 0.0073519 secs] [Times: user=0.04 sys=0.01, real=0.00 secs] 
2021-08-18T18:55:37.076+0800: 8824.673: [GC (Allocation Failure) [PSYoungGen: 85408K->416K(86016K)] 154273K->69313K(280576K), 0.0019628 secs] [Times: user=0.01 sys=0.00, real=0.00 secs] 
2021-08-18T18:55:47.941+0800: 8835.539: [GC (Allocation Failure) [PSYoungGen: 85408K->608K(86016K)] 154305K->69505K(280576K), 0.0022404 secs] [Times: user=0.02 sys=0.00, real=0.00 secs] 
2021-08-18T18:55:57.950+0800: 8845.548: [GC (Allocation Failure) [PSYoungGen: 85600K->896K(84992K)] 154497K->69793K(279552K), 0.0022779 secs] [Times: user=0.01 sys=0.00, real=0.00 secs] 
2021-08-18T18:56:07.958+0800: 8855.556: [GC (Allocation Failure) [PSYoungGen: 84864K->1168K(85504K)] 153761K->70073K(280064K), 0.0024474 secs] [Times: user=0.02 sys=0.00, real=0.01 secs] 
2021-08-18T18:56:18.069+0800: 8865.667: [GC (Allocation Failure) [PSYoungGen: 85136K->432K(85504K)] 154041K->69337K(280064K), 0.0043893 secs] [Times: user=0.03 sys=0.00, real=0.01 secs] 
2021-08-18T18:56:29.077+0800: 8876.675: [GC (Allocation Failure) [PSYoungGen: 84400K->560K(85504K)] 153305K->69473K(280064K), 0.0019354 secs] [Times: user=0.01 sys=0.00, real=0.00 secs] 
2021-08-18T18:56:40.073+0800: 8887.671: [GC (Allocation Failure) [PSYoungGen: 84528K->400K(85504K)] 153441K->69313K(280064K), 0.0021973 secs] [Times: user=0.01 sys=0.00, real=0.00 secs] 
2021-08-18T18:56:51.078+0800: 8898.675: [GC (Allocation Failure) [PSYoungGen: 84368K->752K(85504K)] 153281K->69665K(280064K), 0.0023359 secs] [Times: user=0.02 sys=0.00, real=0.00 secs] 
2021-08-18T18:57:02.079+0800: 8909.677: [GC (Allocation Failure) [PSYoungGen: 84720K->848K(85504K)] 153633K->69761K(280064K), 0.0021511 secs] [Times: user=0.02 sys=0.01, real=0.01 secs] 
2021-08-18T18:57:13.270+0800: 8920.868: [GC (Allocation Failure) [PSYoungGen: 84816K->976K(85504K)] 153729K->69889K(280064K), 0.0073100 secs] [Times: user=0.04 sys=0.00, real=0.00 secs] 
2021-08-18T18:57:24.568+0800: 8932.166: [GC (Allocation Failure) [PSYoungGen: 84944K->1024K(85504K)] 153857K->69937K(280064K), 0.0080634 secs] [Times: user=0.04 sys=0.00, real=0.01 secs] 
2021-08-18T18:57:35.568+0800: 8943.165: [GC (Allocation Failure) [PSYoungGen: 84992K->1072K(85504K)] 153905K->69985K(280064K), 0.0073309 secs] [Times: user=0.04 sys=0.00, real=0.01 secs] 
2021-08-18T18:57:46.567+0800: 8954.164: [GC (Allocation Failure) [PSYoungGen: 85040K->1104K(85504K)] 153953K->70017K(280064K), 0.0075905 secs] [Times: user=0.04 sys=0.00, real=0.01 secs] 
2021-08-18T18:57:57.932+0800: 8965.530: [GC (Allocation Failure) [PSYoungGen: 85072K->1104K(85504K)] 153985K->70025K(280064K), 0.0073048 secs] [Times: user=0.04 sys=0.00, real=0.00 secs] 
2021-08-18T18:58:07.948+0800: 8975.546: [GC (Allocation Failure) [PSYoungGen: 85072K->1504K(84480K)] 153993K->70665K(279040K), 0.0021187 secs] [Times: user=0.02 sys=0.00, real=0.01 secs] 
2021-08-18T18:58:17.955+0800: 8985.552: [GC (Allocation Failure) [PSYoungGen: 84448K->1408K(84992K)] 153609K->70569K(279552K), 0.0028280 secs] [Times: user=0.02 sys=0.00, real=0.00 secs] 
2021-08-18T18:58:27.962+0800: 8995.559: [GC (Allocation Failure) [PSYoungGen: 84352K->1952K(83968K)] 153513K->71113K(278528K), 0.0024860 secs] [Times: user=0.02 sys=0.00, real=0.00 secs] 
2021-08-18T18:58:37.969+0800: 9005.567: [GC (Allocation Failure) [PSYoungGen: 83872K->1696K(84480K)] 153033K->70857K(279040K), 0.0024674 secs] [Times: user=0.01 sys=0.00, real=0.01 secs] 
2021-08-18T18:58:48.241+0800: 9015.838: [GC (Allocation Failure) [PSYoungGen: 83616K->992K(84480K)] 152777K->70257K(279040K), 0.0069842 secs] [Times: user=0.05 sys=0.00, real=0.00 secs] 
2021-08-18T18:58:59.074+0800: 9026.672: [GC (Allocation Failure) [PSYoungGen: 82912K->944K(84480K)] 152177K->70321K(279040K), 0.0021639 secs] [Times: user=0.01 sys=0.00, real=0.00 secs] 
2021-08-18T18:59:10.072+0800: 9037.670: [GC (Allocation Failure) [PSYoungGen: 82864K->864K(84480K)] 152241K->70361K(279040K), 0.0019532 secs] [Times: user=0.01 sys=0.00, real=0.00 secs] 
2021-08-18T18:59:21.069+0800: 9048.666: [GC (Allocation Failure) [PSYoungGen: 82784K->944K(84480K)] 152281K->70449K(279040K), 0.0066028 secs] [Times: user=0.04 sys=0.00, real=0.01 secs] 
2021-08-18T18:59:31.572+0800: 9059.170: [GC (Allocation Failure) [PSYoungGen: 82864K->720K(84992K)] 152369K->70529K(279552K), 0.0074311 secs] [Times: user=0.03 sys=0.01, real=0.00 secs] 
2021-08-18T18:59:42.082+0800: 9069.679: [GC (Allocation Failure) [PSYoungGen: 83664K->528K(84992K)] 153473K->70465K(279552K), 0.0020247 secs] [Times: user=0.01 sys=0.00, real=0.00 secs] 
2021-08-18T18:59:53.073+0800: 9080.670: [GC (Allocation Failure) [PSYoungGen: 83472K->448K(84992K)] 153409K->70505K(279552K), 0.0022518 secs] [Times: user=0.02 sys=0.00, real=0.00 secs] 
2021-08-18T19:00:04.075+0800: 9091.673: [GC (Allocation Failure) [PSYoungGen: 83392K->400K(84992K)] 153449K->70569K(279552K), 0.0019449 secs] [Times: user=0.01 sys=0.00, real=0.00 secs] 
2021-08-18T19:00:15.070+0800: 9102.668: [GC (Allocation Failure) [PSYoungGen: 83344K->384K(84992K)] 153513K->70681K(279552K), 0.0021357 secs] [Times: user=0.02 sys=0.00, real=0.00 secs] 
2021-08-18T19:00:26.104+0800: 9113.701: [GC (Allocation Failure) [PSYoungGen: 83328K->320K(84992K)] 153625K->70633K(279552K), 0.0022569 secs] [Times: user=0.02 sys=0.00, real=0.00 secs] 
2021-08-18T19:00:37.074+0800: 9124.672: [GC (Allocation Failure) [PSYoungGen: 83264K->416K(84992K)] 153577K->70737K(279552K), 0.0020506 secs] [Times: user=0.01 sys=0.00, real=0.00 secs] 
2021-08-18T19:00:47.225+0800: 9134.823: [GC (Allocation Failure) [PSYoungGen: 83360K->384K(84992K)] 153681K->70745K(279552K), 0.0069075 secs] [Times: user=0.05 sys=0.00, real=0.01 secs] 
2021-08-18T19:00:56.079+0800: 9143.676: [GC (Allocation Failure) [PSYoungGen: 83328K->384K(84992K)] 153689K->70753K(279552K), 0.0019764 secs] [Times: user=0.01 sys=0.00, real=0.01 secs] 
2021-08-18T19:01:07.077+0800: 9154.675: [GC (Allocation Failure) [PSYoungGen: 83328K->320K(84992K)] 153697K->70689K(279552K), 0.0019788 secs] [Times: user=0.01 sys=0.00, real=0.00 secs] 
2021-08-18T19:01:17.947+0800: 9165.545: [GC (Allocation Failure) [PSYoungGen: 83264K->480K(84992K)] 153633K->70849K(279552K), 0.0020091 secs] [Times: user=0.01 sys=0.00, real=0.00 secs] 
2021-08-18T19:01:27.964+0800: 9175.562: [GC (Allocation Failure) [PSYoungGen: 83424K->1152K(84992K)] 153793K->71529K(279552K), 0.0023195 secs] [Times: user=0.02 sys=0.00, real=0.00 secs] 
2021-08-18T19:01:37.970+0800: 9185.568: [GC (Allocation Failure) [PSYoungGen: 84096K->640K(84992K)] 154473K->71017K(279552K), 0.0021077 secs] [Times: user=0.02 sys=0.00, real=0.00 secs] 
2021-08-18T19:01:47.962+0800: 9195.560: [GC (Allocation Failure) [PSYoungGen: 83584K->1216K(84992K)] 153961K->71593K(279552K), 0.0020399 secs] [Times: user=0.01 sys=0.00, real=0.00 secs] 
2021-08-18T19:01:57.947+0800: 9205.545: [GC (Allocation Failure) [PSYoungGen: 84160K->704K(84992K)] 154537K->71081K(279552K), 0.0019955 secs] [Times: user=0.01 sys=0.00, real=0.00 secs] 
2021-08-18T19:02:07.954+0800: 9215.552: [GC (Allocation Failure) [PSYoungGen: 83648K->1216K(84992K)] 154025K->71593K(279552K), 0.0020451 secs] [Times: user=0.02 sys=0.00, real=0.00 secs] 
2021-08-18T19:02:18.350+0800: 9225.948: [GC (Allocation Failure) [PSYoungGen: 84160K->416K(84992K)] 154537K->70825K(279552K), 0.0019377 secs] [Times: user=0.02 sys=0.00, real=0.00 secs] 
2021-08-18T19:02:29.564+0800: 9237.162: [GC (Allocation Failure) [PSYoungGen: 83360K->384K(84992K)] 153769K->70793K(279552K), 0.0022815 secs] [Times: user=0.02 sys=0.00, real=0.00 secs] 
2021-08-18T19:02:38.073+0800: 9245.671: [GC (Allocation Failure) [PSYoungGen: 83328K->384K(84992K)] 153737K->70793K(279552K), 0.0018474 secs] [Times: user=0.01 sys=0.00, real=0.00 secs] 
2021-08-18T19:02:49.066+0800: 9256.664: [GC (Allocation Failure) [PSYoungGen: 83328K->416K(84992K)] 153737K->70825K(279552K), 0.0018225 secs] [Times: user=0.01 sys=0.00, real=0.00 secs] 
2021-08-18T19:02:59.819+0800: 9267.417: [GC (Allocation Failure) [PSYoungGen: 83360K->384K(85504K)] 153769K->70809K(280064K), 0.0022720 secs] [Times: user=0.02 sys=0.00, real=0.01 secs] 
2021-08-18T19:03:11.065+0800: 9278.663: [GC (Allocation Failure) [PSYoungGen: 83840K->352K(84992K)] 154265K->70785K(279552K), 0.0024067 secs] [Times: user=0.01 sys=0.00, real=0.00 secs] 
2021-08-18T19:03:22.066+0800: 9289.664: [GC (Allocation Failure) [PSYoungGen: 83808K->384K(85504K)] 154241K->70889K(280064K), 0.0019614 secs] [Times: user=0.01 sys=0.00, real=0.00 secs] 
2021-08-18T19:03:33.069+0800: 9300.667: [GC (Allocation Failure) [PSYoungGen: 84352K->384K(85504K)] 154857K->70953K(280064K), 0.0021236 secs] [Times: user=0.01 sys=0.00, real=0.01 secs] 
2021-08-18T19:03:44.318+0800: 9311.916: [GC (Allocation Failure) [PSYoungGen: 84352K->416K(85504K)] 154921K->70985K(280064K), 0.0023305 secs] [Times: user=0.02 sys=0.00, real=0.01 secs] 
2021-08-18T19:03:55.564+0800: 9323.162: [GC (Allocation Failure) [PSYoungGen: 84384K->384K(85504K)] 154953K->70953K(280064K), 0.0019856 secs] [Times: user=0.02 sys=0.00, real=0.00 secs] 
2021-08-18T19:04:07.067+0800: 9334.664: [GC (Allocation Failure) [PSYoungGen: 84352K->416K(85504K)] 154921K->70993K(280064K), 0.0022417 secs] [Times: user=0.02 sys=0.00, real=0.00 secs] 
2021-08-18T19:04:17.936+0800: 9345.534: [GC (Allocation Failure) [PSYoungGen: 84384K->640K(85504K)] 154961K->71217K(280064K), 0.0019551 secs] [Times: user=0.02 sys=0.00, real=0.00 secs] 
2021-08-18T19:04:27.944+0800: 9355.542: [GC (Allocation Failure) [PSYoungGen: 84608K->1408K(85504K)] 155185K->71985K(280064K), 0.0026008 secs] [Times: user=0.02 sys=0.00, real=0.00 secs] 
2021-08-18T19:04:37.949+0800: 9365.547: [GC (Allocation Failure) [PSYoungGen: 85376K->800K(85504K)] 155953K->71377K(280064K), 0.0019861 secs] [Times: user=0.02 sys=0.00, real=0.01 secs] 
2021-08-18T19:04:48.069+0800: 9375.667: [GC (Allocation Failure) [PSYoungGen: 84768K->352K(85504K)] 155345K->70929K(280064K), 0.0020171 secs] [Times: user=0.01 sys=0.00, real=0.01 secs] 
2021-08-18T19:04:59.568+0800: 9387.165: [GC (Allocation Failure) [PSYoungGen: 84320K->384K(85504K)] 154897K->70961K(280064K), 0.0028626 secs] [Times: user=0.02 sys=0.00, real=0.01 secs] 
2021-08-18T19:05:11.066+0800: 9398.663: [GC (Allocation Failure) [PSYoungGen: 84352K->352K(85504K)] 154929K->70961K(280064K), 0.0023751 secs] [Times: user=0.02 sys=0.00, real=0.00 secs] 
2021-08-18T19:05:22.068+0800: 9409.666: [GC (Allocation Failure) [PSYoungGen: 84320K->416K(85504K)] 154929K->71065K(280064K), 0.0018491 secs] [Times: user=0.01 sys=0.00, real=0.00 secs] 
2021-08-18T19:05:33.070+0800: 9420.668: [GC (Allocation Failure) [PSYoungGen: 84384K->416K(85504K)] 155033K->71065K(280064K), 0.0022633 secs] [Times: user=0.01 sys=0.00, real=0.00 secs] 
2021-08-18T19:05:44.069+0800: 9431.667: [GC (Allocation Failure) [PSYoungGen: 84384K->416K(85504K)] 155033K->71153K(280064K), 0.0021914 secs] [Times: user=0.01 sys=0.00, real=0.01 secs] 
2021-08-18T19:05:55.073+0800: 9442.671: [GC (Allocation Failure) [PSYoungGen: 84384K->416K(85504K)] 155121K->71217K(280064K), 0.0020243 secs] [Times: user=0.01 sys=0.00, real=0.00 secs] 
2021-08-18T19:06:06.566+0800: 9454.164: [GC (Allocation Failure) [PSYoungGen: 84384K->352K(85504K)] 155185K->71161K(280064K), 0.0019725 secs] [Times: user=0.01 sys=0.00, real=0.00 secs] 
2021-08-18T19:06:17.567+0800: 9465.165: [GC (Allocation Failure) [PSYoungGen: 84320K->416K(85504K)] 155129K->71249K(280064K), 0.0023643 secs] [Times: user=0.01 sys=0.00, real=0.00 secs] 
2021-08-18T19:06:27.941+0800: 9475.539: [GC (Allocation Failure) [PSYoungGen: 84384K->992K(85504K)] 155217K->71825K(280064K), 0.0020138 secs] [Times: user=0.02 sys=0.00, real=0.00 secs] 
2021-08-18T19:06:37.945+0800: 9485.543: [GC (Allocation Failure) [PSYoungGen: 84960K->896K(85504K)] 155793K->71729K(280064K), 0.0026733 secs] [Times: user=0.02 sys=0.00, real=0.00 secs] 
2021-08-18T19:06:47.954+0800: 9495.551: [GC (Allocation Failure) [PSYoungGen: 84864K->1152K(85504K)] 155697K->71985K(280064K), 0.0027804 secs] [Times: user=0.01 sys=0.00, real=0.00 secs] 
2021-08-18T19:06:58.070+0800: 9505.667: [GC (Allocation Failure) [PSYoungGen: 85120K->352K(85504K)] 155953K->71185K(280064K), 0.0019561 secs] [Times: user=0.01 sys=0.00, real=0.01 secs] 
2021-08-18T19:07:09.073+0800: 9516.671: [GC (Allocation Failure) [PSYoungGen: 84320K->416K(85504K)] 155153K->71329K(280064K), 0.0018520 secs] [Times: user=0.01 sys=0.00, real=0.00 secs] 
2021-08-18T19:07:20.085+0800: 9527.683: [GC (Allocation Failure) [PSYoungGen: 84384K->416K(85504K)] 155297K->71345K(280064K), 0.0018968 secs] [Times: user=0.02 sys=0.00, real=0.00 secs] 
2021-08-18T19:07:31.566+0800: 9539.163: [GC (Allocation Failure) [PSYoungGen: 84384K->352K(85504K)] 155313K->71281K(280064K), 0.0021544 secs] [Times: user=0.01 sys=0.00, real=0.00 secs] 
2021-08-18T19:07:42.071+0800: 9549.668: [GC (Allocation Failure) [PSYoungGen: 84319K->352K(85504K)] 155249K->71289K(280064K), 0.0019340 secs] [Times: user=0.01 sys=0.00, real=0.00 secs] 
2021-08-18T19:07:53.071+0800: 9560.668: [GC (Allocation Failure) [PSYoungGen: 84319K->416K(85504K)] 155257K->71361K(280064K), 0.0018702 secs] [Times: user=0.02 sys=0.00, real=0.00 secs] 
2021-08-18T19:08:04.568+0800: 9572.166: [GC (Allocation Failure) [PSYoungGen: 84384K->288K(85504K)] 155329K->71241K(280064K), 0.0020894 secs] [Times: user=0.01 sys=0.00, real=0.01 secs] 
2021-08-18T19:08:15.568+0800: 9583.166: [GC (Allocation Failure) [PSYoungGen: 84256K->416K(85504K)] 155209K->71369K(280064K), 0.0020731 secs] [Times: user=0.01 sys=0.00, real=0.01 secs] 
2021-08-18T19:08:26.715+0800: 9594.312: [GC (Allocation Failure) [PSYoungGen: 84384K->384K(85504K)] 155337K->71337K(280064K), 0.0019854 secs] [Times: user=0.02 sys=0.00, real=0.00 secs] 
2021-08-18T19:08:37.812+0800: 9605.410: [GC (Allocation Failure) [PSYoungGen: 84352K->288K(85504K)] 155305K->71257K(280064K), 0.0018660 secs] [Times: user=0.01 sys=0.00, real=0.00 secs] 
2021-08-18T19:08:47.942+0800: 9615.539: [GC (Allocation Failure) [PSYoungGen: 84256K->576K(86016K)] 155225K->71577K(280576K), 0.0022985 secs] [Times: user=0.01 sys=0.01, real=0.00 secs] 
2021-08-18T19:08:57.950+0800: 9625.548: [GC (Allocation Failure) [PSYoungGen: 85568K->544K(86016K)] 156569K->71545K(280576K), 0.0020507 secs] [Times: user=0.01 sys=0.00, real=0.00 secs] 
2021-08-18T19:09:07.957+0800: 9635.555: [GC (Allocation Failure) [PSYoungGen: 85536K->1024K(84992K)] 156537K->72113K(279552K), 0.0022191 secs] [Times: user=0.02 sys=0.00, real=0.00 secs] 
2021-08-18T19:09:18.568+0800: 9646.165: [GC (Allocation Failure) [PSYoungGen: 84992K->416K(85504K)] 156081K->71521K(280064K), 0.0019610 secs] [Times: user=0.02 sys=0.00, real=0.00 secs] 
2021-08-18T19:09:29.567+0800: 9657.165: [GC (Allocation Failure) [PSYoungGen: 84384K->352K(85504K)] 155489K->71457K(280064K), 0.0021428 secs] [Times: user=0.01 sys=0.00, real=0.00 secs] 
2021-08-18T19:09:40.567+0800: 9668.164: [GC (Allocation Failure) [PSYoungGen: 84320K->416K(85504K)] 155425K->71521K(280064K), 0.0021049 secs] [Times: user=0.01 sys=0.00, real=0.00 secs] 
2021-08-18T19:09:51.571+0800: 9679.169: [GC (Allocation Failure) [PSYoungGen: 84384K->384K(86016K)] 155489K->71489K(280576K), 0.0023580 secs] [Times: user=0.02 sys=0.00, real=0.00 secs] 
2021-08-18T19:10:03.068+0800: 9690.665: [GC (Allocation Failure) [PSYoungGen: 84864K->320K(85504K)] 155969K->71425K(280064K), 0.0019724 secs] [Times: user=0.02 sys=0.00, real=0.00 secs] 
2021-08-18T19:10:14.068+0800: 9701.666: [GC (Allocation Failure) [PSYoungGen: 84800K->416K(86016K)] 155905K->71521K(280576K), 0.0018858 secs] [Times: user=0.01 sys=0.00, real=0.00 secs] 
2021-08-18T19:10:25.070+0800: 9712.668: [GC (Allocation Failure) [PSYoungGen: 85408K->320K(86016K)] 156513K->71433K(280576K), 0.0019200 secs] [Times: user=0.02 sys=0.00, real=0.00 secs] 
2021-08-18T19:10:36.567+0800: 9724.165: [GC (Allocation Failure) [PSYoungGen: 85312K->384K(86016K)] 156425K->71497K(280576K), 0.0019974 secs] [Times: user=0.01 sys=0.00, real=0.00 secs] 
2021-08-18T19:10:47.568+0800: 9735.166: [GC (Allocation Failure) [PSYoungGen: 85376K->288K(86016K)] 156489K->71401K(280576K), 0.0023460 secs] [Times: user=0.01 sys=0.00, real=0.01 secs] 
2021-08-18T19:10:57.943+0800: 9745.541: [GC (Allocation Failure) [PSYoungGen: 85280K->1024K(84992K)] 156393K->72145K(279552K), 0.0018941 secs] [Times: user=0.02 sys=0.00, real=0.00 secs] 
2021-08-18T19:11:07.951+0800: 9755.548: [GC (Allocation Failure) [PSYoungGen: 84992K->512K(85504K)] 156113K->71633K(280064K), 0.0019286 secs] [Times: user=0.01 sys=0.00, real=0.00 secs] 
2021-08-18T19:11:17.958+0800: 9765.555: [GC (Allocation Failure) [PSYoungGen: 84480K->1024K(84992K)] 155601K->72257K(279552K), 0.0020212 secs] [Times: user=0.01 sys=0.00, real=0.00 secs] 
2021-08-18T19:11:28.073+0800: 9775.671: [GC (Allocation Failure) [PSYoungGen: 84992K->352K(85504K)] 156225K->71601K(280064K), 0.0019421 secs] [Times: user=0.01 sys=0.00, real=0.00 secs] 
2021-08-18T19:11:39.071+0800: 9786.669: [GC (Allocation Failure) [PSYoungGen: 84320K->416K(85504K)] 155569K->71665K(280064K), 0.0017667 secs] [Times: user=0.02 sys=0.00, real=0.00 secs] 
2021-08-18T19:11:50.076+0800: 9797.673: [GC (Allocation Failure) [PSYoungGen: 84384K->416K(85504K)] 155633K->71681K(280064K), 0.0019755 secs] [Times: user=0.02 sys=0.00, real=0.00 secs] 
2021-08-18T19:12:01.074+0800: 9808.672: [GC (Allocation Failure) [PSYoungGen: 84384K->416K(85504K)] 155649K->71681K(280064K), 0.0019187 secs] [Times: user=0.01 sys=0.00, real=0.00 secs] 
2021-08-18T19:12:12.071+0800: 9819.669: [GC (Allocation Failure) [PSYoungGen: 84384K->384K(85504K)] 155649K->71649K(280064K), 0.0018750 secs] [Times: user=0.00 sys=0.01, real=0.00 secs] 
2021-08-18T19:12:23.567+0800: 9831.165: [GC (Allocation Failure) [PSYoungGen: 84352K->352K(86016K)] 155617K->71633K(280576K), 0.0023504 secs] [Times: user=0.01 sys=0.01, real=0.00 secs] 
2021-08-18T19:12:34.794+0800: 9842.392: [GC (Allocation Failure) [PSYoungGen: 85344K->384K(86016K)] 156625K->71665K(280576K), 0.0020796 secs] [Times: user=0.02 sys=0.01, real=0.00 secs] 
2021-08-18T19:12:45.782+0800: 9853.379: [GC (Allocation Failure) [PSYoungGen: 85376K->352K(86016K)] 156657K->71657K(280576K), 0.0022405 secs] [Times: user=0.01 sys=0.01, real=0.00 secs] 
2021-08-18T19:12:57.070+0800: 9864.668: [GC (Allocation Failure) [PSYoungGen: 85344K->416K(86016K)] 156649K->71737K(280576K), 0.0019859 secs] [Times: user=0.02 sys=0.00, real=0.01 secs] 
2021-08-18T19:13:07.941+0800: 9875.539: [GC (Allocation Failure) [PSYoungGen: 85408K->672K(86016K)] 156729K->71993K(280576K), 0.0022181 secs] [Times: user=0.02 sys=0.00, real=0.00 secs] 
2021-08-18T19:13:17.947+0800: 9885.545: [GC (Allocation Failure) [PSYoungGen: 85664K->832K(86016K)] 156985K->72153K(280576K), 0.0021123 secs] [Times: user=0.02 sys=0.00, real=0.00 secs] 
2021-08-18T19:13:27.961+0800: 9895.558: [GC (Allocation Failure) [PSYoungGen: 85824K->1024K(84992K)] 157145K->72401K(279552K), 0.0024304 secs] [Times: user=0.02 sys=0.00, real=0.00 secs] 
2021-08-18T19:13:38.070+0800: 9905.668: [GC (Allocation Failure) [PSYoungGen: 84992K->288K(85504K)] 156369K->71689K(280064K), 0.0019930 secs] [Times: user=0.01 sys=0.01, real=0.00 secs] 
2021-08-18T19:13:49.069+0800: 9916.667: [GC (Allocation Failure) [PSYoungGen: 84256K->416K(85504K)] 155657K->71817K(280064K), 0.0021466 secs] [Times: user=0.01 sys=0.00, real=0.01 secs] 
2021-08-18T19:14:00.070+0800: 9927.668: [GC (Allocation Failure) [PSYoungGen: 84384K->352K(85504K)] 155785K->71785K(280064K), 0.0019505 secs] [Times: user=0.02 sys=0.00, real=0.01 secs] 
2021-08-18T19:14:11.073+0800: 9938.671: [GC (Allocation Failure) [PSYoungGen: 84320K->416K(85504K)] 155753K->71881K(280064K), 0.0018007 secs] [Times: user=0.01 sys=0.00, real=0.00 secs] 
2021-08-18T19:14:22.074+0800: 9949.672: [GC (Allocation Failure) [PSYoungGen: 84384K->416K(85504K)] 155849K->71881K(280064K), 0.0017379 secs] [Times: user=0.01 sys=0.00, real=0.00 secs] 
2021-08-18T19:14:33.072+0800: 9960.670: [GC (Allocation Failure) [PSYoungGen: 84384K->416K(86016K)] 155849K->71881K(280576K), 0.0017619 secs] [Times: user=0.02 sys=0.00, real=0.00 secs] 
2021-08-18T19:14:44.569+0800: 9972.167: [GC (Allocation Failure) [PSYoungGen: 85408K->384K(86016K)] 156873K->71849K(280576K), 0.0023496 secs] [Times: user=0.01 sys=0.00, real=0.01 secs] 
2021-08-18T19:14:55.576+0800: 9983.174: [GC (Allocation Failure) [PSYoungGen: 85376K->416K(86016K)] 156841K->71913K(280576K), 0.0019634 secs] [Times: user=0.01 sys=0.00, real=0.00 secs] 
2021-08-18T19:15:07.074+0800: 9994.671: [GC (Allocation Failure) [PSYoungGen: 85408K->384K(86016K)] 156905K->71881K(280576K), 0.0018638 secs] [Times: user=0.01 sys=0.00, real=0.00 secs] 
2021-08-18T19:15:17.941+0800: 10005.539: [GC (Allocation Failure) [PSYoungGen: 85376K->640K(86016K)] 156873K->72137K(280576K), 0.0020741 secs] [Times: user=0.02 sys=0.00, real=0.00 secs] 
2021-08-18T19:15:27.949+0800: 10015.546: [GC (Allocation Failure) [PSYoungGen: 85632K->864K(86016K)] 157129K->72361K(280576K), 0.0020663 secs] [Times: user=0.01 sys=0.00, real=0.01 secs] 
2021-08-18T19:15:37.956+0800: 10025.554: [GC (Allocation Failure) [PSYoungGen: 85856K->1024K(84992K)] 157353K->72537K(279552K), 0.0022108 secs] [Times: user=0.01 sys=0.00, real=0.00 secs] 
2021-08-18T19:15:48.071+0800: 10035.669: [GC (Allocation Failure) [PSYoungGen: 84992K->416K(85504K)] 156505K->71937K(280064K), 0.0019947 secs] [Times: user=0.02 sys=0.00, real=0.00 secs] 
2021-08-18T19:15:59.071+0800: 10046.669: [GC (Allocation Failure) [PSYoungGen: 84384K->416K(85504K)] 155905K->71937K(280064K), 0.0020293 secs] [Times: user=0.02 sys=0.00, real=0.00 secs] 
2021-08-18T19:16:10.070+0800: 10057.668: [GC (Allocation Failure) [PSYoungGen: 84384K->416K(85504K)] 155905K->71953K(280064K), 0.0019554 secs] [Times: user=0.02 sys=0.00, real=0.00 secs] 
2021-08-18T19:16:21.071+0800: 10068.669: [GC (Allocation Failure) [PSYoungGen: 84384K->416K(86016K)] 155921K->71969K(280576K), 0.0020955 secs] [Times: user=0.01 sys=0.00, real=0.00 secs] 
2021-08-18T19:16:32.321+0800: 10079.919: [GC (Allocation Failure) [PSYoungGen: 84896K->288K(85504K)] 156449K->71841K(280064K), 0.0023357 secs] [Times: user=0.02 sys=0.00, real=0.00 secs] 
2021-08-18T19:16:43.142+0800: 10090.740: [GC (Allocation Failure) [PSYoungGen: 84768K->320K(86016K)] 156321K->71881K(280576K), 0.0019754 secs] [Times: user=0.02 sys=0.00, real=0.00 secs] 
2021-08-18T19:16:54.797+0800: 10102.395: [GC (Allocation Failure) [PSYoungGen: 85312K->416K(86016K)] 156873K->71993K(280576K), 0.0020364 secs] [Times: user=0.01 sys=0.00, real=0.00 secs] 
2021-08-18T19:17:06.070+0800: 10113.668: [GC (Allocation Failure) [PSYoungGen: 85408K->384K(86016K)] 156985K->71961K(280576K), 0.0020577 secs] [Times: user=0.02 sys=0.00, real=0.00 secs] 
2021-08-18T19:17:17.073+0800: 10124.671: [GC (Allocation Failure) [PSYoungGen: 85376K->416K(86016K)] 156953K->71993K(280576K), 0.0020308 secs] [Times: user=0.01 sys=0.00, real=0.00 secs] 
2021-08-18T19:17:27.942+0800: 10135.540: [GC (Allocation Failure) [PSYoungGen: 85408K->512K(86016K)] 156985K->72089K(280576K), 0.0020896 secs] [Times: user=0.02 sys=0.00, real=0.00 secs] 
2021-08-18T19:17:37.948+0800: 10145.546: [GC (Allocation Failure) [PSYoungGen: 85504K->864K(86016K)] 157081K->72441K(280576K), 0.0021673 secs] [Times: user=0.01 sys=0.00, real=0.01 secs] 
2021-08-18T19:17:47.957+0800: 10155.554: [GC (Allocation Failure) [PSYoungGen: 85856K->1024K(84992K)] 157433K->72649K(279552K), 0.0020831 secs] [Times: user=0.01 sys=0.00, real=0.00 secs] 
2021-08-18T19:17:58.072+0800: 10165.670: [GC (Allocation Failure) [PSYoungGen: 84992K->288K(85504K)] 156617K->71953K(280064K), 0.0020509 secs] [Times: user=0.02 sys=0.00, real=0.00 secs] 
2021-08-18T19:18:09.073+0800: 10176.670: [GC (Allocation Failure) [PSYoungGen: 84256K->416K(85504K)] 155921K->72081K(280064K), 0.0019274 secs] [Times: user=0.01 sys=0.00, real=0.00 secs] 
2021-08-18T19:18:20.075+0800: 10187.672: [GC (Allocation Failure) [PSYoungGen: 84384K->416K(85504K)] 156049K->72089K(280064K), 0.0020686 secs] [Times: user=0.02 sys=0.00, real=0.00 secs] 
2021-08-18T19:18:31.573+0800: 10199.171: [GC (Allocation Failure) [PSYoungGen: 84384K->320K(86016K)] 156057K->71993K(280576K), 0.0020543 secs] [Times: user=0.02 sys=0.00, real=0.00 secs] 
2021-08-18T19:18:42.573+0800: 10210.170: [GC (Allocation Failure) [PSYoungGen: 84800K->320K(85504K)] 156473K->71993K(280064K), 0.0025268 secs] [Times: user=0.01 sys=0.00, real=0.00 secs] 
2021-08-18T19:18:53.577+0800: 10221.175: [GC (Allocation Failure) [PSYoungGen: 84800K->416K(86016K)] 156473K->72089K(280576K), 0.0020460 secs] [Times: user=0.02 sys=0.00, real=0.00 secs] 
2021-08-18T19:19:05.074+0800: 10232.671: [GC (Allocation Failure) [PSYoungGen: 85408K->384K(86016K)] 157081K->72073K(280576K), 0.0019585 secs] [Times: user=0.02 sys=0.00, real=0.00 secs] 
2021-08-18T19:19:16.076+0800: 10243.674: [GC (Allocation Failure) [PSYoungGen: 85376K->416K(86016K)] 157065K->72105K(280576K), 0.0018737 secs] [Times: user=0.01 sys=0.00, real=0.00 secs] 
2021-08-18T19:19:27.083+0800: 10254.680: [GC (Allocation Failure) [PSYoungGen: 85408K->416K(86016K)] 157097K->72169K(280576K), 0.0021706 secs] [Times: user=0.01 sys=0.00, real=0.00 secs] 
2021-08-18T19:19:37.940+0800: 10265.538: [GC (Allocation Failure) [PSYoungGen: 85408K->704K(86016K)] 157161K->72497K(280576K), 0.0019632 secs] [Times: user=0.02 sys=0.00, real=0.00 secs] 
2021-08-18T19:19:47.949+0800: 10275.547: [GC (Allocation Failure) [PSYoungGen: 85696K->864K(86016K)] 157489K->72657K(280576K), 0.0023078 secs] [Times: user=0.02 sys=0.00, real=0.01 secs] 
2021-08-18T19:19:57.958+0800: 10285.556: [GC (Allocation Failure) [PSYoungGen: 85856K->1024K(84992K)] 157649K->72865K(279552K), 0.0022928 secs] [Times: user=0.02 sys=0.00, real=0.01 secs] 
2021-08-18T19:20:08.087+0800: 10295.684: [GC (Allocation Failure) [PSYoungGen: 84992K->320K(85504K)] 156833K->72161K(280064K), 0.0020218 secs] [Times: user=0.02 sys=0.00, real=0.00 secs] 
2021-08-18T19:20:19.338+0800: 10306.936: [GC (Allocation Failure) [PSYoungGen: 84288K->352K(85504K)] 156129K->72193K(280064K), 0.0022045 secs] [Times: user=0.01 sys=0.00, real=0.01 secs] 
2021-08-18T19:20:30.580+0800: 10318.177: [GC (Allocation Failure) [PSYoungGen: 84320K->352K(85504K)] 156161K->72225K(280064K), 0.0023194 secs] [Times: user=0.01 sys=0.00, real=0.01 secs] 
2021-08-18T19:20:41.086+0800: 10328.683: [GC (Allocation Failure) [PSYoungGen: 84320K->352K(85504K)] 156193K->72225K(280064K), 0.0026240 secs] [Times: user=0.01 sys=0.00, real=0.00 secs] 
2021-08-18T19:20:52.581+0800: 10340.178: [GC (Allocation Failure) [PSYoungGen: 84320K->352K(85504K)] 156193K->72249K(280064K), 0.0022892 secs] [Times: user=0.01 sys=0.00, real=0.00 secs] 
2021-08-18T19:21:03.583+0800: 10351.181: [GC (Allocation Failure) [PSYoungGen: 84320K->416K(86016K)] 156217K->72313K(280576K), 0.0023713 secs] [Times: user=0.02 sys=0.00, real=0.00 secs] 
2021-08-18T19:21:15.019+0800: 10362.617: [GC (Allocation Failure) [PSYoungGen: 85405K->384K(86016K)] 157303K->72281K(280576K), 0.0022740 secs] [Times: user=0.01 sys=0.00, real=0.01 secs] 
2021-08-18T19:21:26.087+0800: 10373.685: [GC (Allocation Failure) [PSYoungGen: 85376K->416K(86016K)] 157273K->72313K(280576K), 0.0021715 secs] [Times: user=0.02 sys=0.00, real=0.00 secs] 
2021-08-18T19:21:37.087+0800: 10384.685: [GC (Allocation Failure) [PSYoungGen: 85408K->416K(86016K)] 157305K->72313K(280576K), 0.0018533 secs] [Times: user=0.02 sys=0.00, real=0.00 secs] 
2021-08-18T19:21:47.939+0800: 10395.537: [GC (Allocation Failure) [PSYoungGen: 85408K->416K(86016K)] 157305K->72337K(280576K), 0.0019322 secs] [Times: user=0.01 sys=0.00, real=0.01 secs] 
2021-08-18T19:21:57.948+0800: 10405.546: [GC (Allocation Failure) [PSYoungGen: 85408K->1024K(86016K)] 157329K->73009K(280576K), 0.0020917 secs] [Times: user=0.02 sys=0.00, real=0.01 secs] 
2021-08-18T19:22:07.956+0800: 10415.554: [GC (Allocation Failure) [PSYoungGen: 86016K->1024K(84992K)] 158001K->73049K(279552K), 0.0020944 secs] [Times: user=0.01 sys=0.00, real=0.00 secs] 
2021-08-18T19:22:18.090+0800: 10425.687: [GC (Allocation Failure) [PSYoungGen: 84992K->352K(85504K)] 157017K->72401K(280064K), 0.0019301 secs] [Times: user=0.01 sys=0.00, real=0.01 secs] 
2021-08-18T19:22:29.088+0800: 10436.686: [GC (Allocation Failure) [PSYoungGen: 84320K->416K(85504K)] 156369K->72465K(280064K), 0.0021401 secs] [Times: user=0.01 sys=0.00, real=0.01 secs] 
2021-08-18T19:22:40.037+0800: 10447.635: [GC (Allocation Failure) [PSYoungGen: 84384K->416K(85504K)] 156433K->72465K(280064K), 0.0020215 secs] [Times: user=0.02 sys=0.00, real=0.00 secs] 
2021-08-18T19:22:50.723+0800: 10458.320: [GC (Allocation Failure) [PSYoungGen: 84384K->352K(85504K)] 156433K->72401K(280064K), 0.0019470 secs] [Times: user=0.02 sys=0.00, real=0.00 secs] 
2021-08-18T19:23:01.722+0800: 10469.319: [GC (Allocation Failure) [PSYoungGen: 84320K->416K(85504K)] 156369K->72465K(280064K), 0.0020340 secs] [Times: user=0.01 sys=0.00, real=0.00 secs] 
2021-08-18T19:23:12.721+0800: 10480.318: [GC (Allocation Failure) [PSYoungGen: 84384K->384K(86016K)] 156433K->72465K(280576K), 0.0020430 secs] [Times: user=0.02 sys=0.00, real=0.00 secs] 
2021-08-18T19:23:24.092+0800: 10491.689: [GC (Allocation Failure) [PSYoungGen: 85376K->352K(86016K)] 157457K->72433K(280576K), 0.0023173 secs] [Times: user=0.02 sys=0.00, real=0.00 secs] 
2021-08-18T19:23:35.102+0800: 10502.700: [GC (Allocation Failure) [PSYoungGen: 85344K->384K(86016K)] 157425K->72465K(280576K), 0.0020464 secs] [Times: user=0.02 sys=0.00, real=0.00 secs] 
2021-08-18T19:23:44.093+0800: 10511.691: [GC (Allocation Failure) [PSYoungGen: 85376K->384K(86016K)] 157457K->72465K(280576K), 0.0020235 secs] [Times: user=0.01 sys=0.00, real=0.00 secs] 
2021-08-18T19:23:55.099+0800: 10522.697: [GC (Allocation Failure) [PSYoungGen: 85376K->352K(86016K)] 157457K->72433K(280576K), 0.0019817 secs] [Times: user=0.01 sys=0.00, real=0.01 secs] 
2021-08-18T19:24:06.104+0800: 10533.702: [GC (Allocation Failure) [PSYoungGen: 85344K->416K(86016K)] 157425K->72497K(280576K), 0.0021834 secs] [Times: user=0.01 sys=0.00, real=0.00 secs] 
2021-08-18T19:24:17.595+0800: 10545.192: [GC (Allocation Failure) [PSYoungGen: 85408K->416K(86016K)] 157489K->72497K(280576K), 0.0020984 secs] [Times: user=0.01 sys=0.00, real=0.00 secs] 
2021-08-18T19:24:27.947+0800: 10555.544: [GC (Allocation Failure) [PSYoungGen: 85408K->1024K(86016K)] 157489K->73113K(280576K), 0.0020517 secs] [Times: user=0.01 sys=0.00, real=0.00 secs] 
2021-08-18T19:24:37.952+0800: 10565.550: [GC (Allocation Failure) [PSYoungGen: 86016K->416K(86016K)] 158105K->72569K(280576K), 0.0020688 secs] [Times: user=0.01 sys=0.00, real=0.00 secs] 
2021-08-18T19:24:47.960+0800: 10575.558: [GC (Allocation Failure) [PSYoungGen: 85408K->1024K(86016K)] 157561K->73265K(280576K), 0.0024142 secs] [Times: user=0.01 sys=0.00, real=0.01 secs] 
2021-08-18T19:24:58.711+0800: 10586.308: [GC (Allocation Failure) [PSYoungGen: 86016K->416K(84992K)] 158257K->72657K(279552K), 0.0020039 secs] [Times: user=0.02 sys=0.00, real=0.00 secs] 
2021-08-18T19:25:10.068+0800: 10597.666: [GC (Allocation Failure) [PSYoungGen: 84378K->320K(85504K)] 156619K->72561K(280064K), 0.0021628 secs] [Times: user=0.01 sys=0.00, real=0.00 secs] 
2021-08-18T19:25:20.712+0800: 10608.309: [GC (Allocation Failure) [PSYoungGen: 84288K->416K(85504K)] 156529K->72657K(280064K), 0.0022368 secs] [Times: user=0.01 sys=0.00, real=0.00 secs] 
2021-08-18T19:25:31.709+0800: 10619.307: [GC (Allocation Failure) [PSYoungGen: 84384K->416K(85504K)] 156625K->72657K(280064K), 0.0019348 secs] [Times: user=0.01 sys=0.01, real=0.01 secs] 
2021-08-18T19:25:42.599+0800: 10630.197: [GC (Allocation Failure) [PSYoungGen: 84384K->416K(86016K)] 156625K->72665K(280576K), 0.0020745 secs] [Times: user=0.02 sys=0.00, real=0.01 secs] 
2021-08-18T19:25:53.708+0800: 10641.306: [GC (Allocation Failure) [PSYoungGen: 85408K->432K(86016K)] 157657K->72681K(280576K), 0.0018665 secs] [Times: user=0.01 sys=0.00, real=0.00 secs] 
2021-08-18T19:26:05.100+0800: 10652.698: [GC (Allocation Failure) [PSYoungGen: 85424K->480K(86016K)] 157673K->72777K(280576K), 0.0023637 secs] [Times: user=0.02 sys=0.00, real=0.00 secs] 
2021-08-18T19:26:16.102+0800: 10663.700: [GC (Allocation Failure) [PSYoungGen: 85472K->640K(86016K)] 157769K->72937K(280576K), 0.0020655 secs] [Times: user=0.02 sys=0.00, real=0.00 secs] 
2021-08-18T19:26:27.103+0800: 10674.700: [GC (Allocation Failure) [PSYoungGen: 85632K->720K(86016K)] 157929K->73105K(280576K), 0.0020464 secs] [Times: user=0.01 sys=0.00, real=0.00 secs] 
2021-08-18T19:26:37.943+0800: 10685.540: [GC (Allocation Failure) [PSYoungGen: 85712K->1008K(86016K)] 158097K->73465K(280576K), 0.0020641 secs] [Times: user=0.02 sys=0.00, real=0.00 secs] 
2021-08-18T19:26:47.949+0800: 10695.547: [GC (Allocation Failure) [PSYoungGen: 86000K->1008K(84992K)] 158457K->74353K(279552K), 0.0022756 secs] [Times: user=0.02 sys=0.00, real=0.01 secs] 
2021-08-18T19:26:57.957+0800: 10705.555: [GC (Allocation Failure) [PSYoungGen: 84976K->1792K(86016K)] 158321K->75161K(280576K), 0.0021333 secs] [Times: user=0.02 sys=0.00, real=0.00 secs] 
2021-08-18T19:27:08.103+0800: 10715.701: [GC (Allocation Failure) [PSYoungGen: 85760K->992K(83968K)] 159129K->74369K(278528K), 0.0020678 secs] [Times: user=0.01 sys=0.00, real=0.00 secs] 
2021-08-18T19:27:19.106+0800: 10726.704: [GC (Allocation Failure) [PSYoungGen: 83936K->1008K(84992K)] 157313K->74441K(279552K), 0.0022571 secs] [Times: user=0.02 sys=0.00, real=0.00 secs] 
2021-08-18T19:27:30.097+0800: 10737.694: [GC (Allocation Failure) [PSYoungGen: 83952K->1104K(84992K)] 157385K->74537K(279552K), 0.0019854 secs] [Times: user=0.01 sys=0.00, real=0.00 secs] 
2021-08-18T19:27:40.107+0800: 10747.705: [GC (Allocation Failure) [PSYoungGen: 84048K->1088K(84992K)] 157481K->74521K(279552K), 0.0019879 secs] [Times: user=0.02 sys=0.00, real=0.00 secs] 
2021-08-18T19:27:51.111+0800: 10758.709: [GC (Allocation Failure) [PSYoungGen: 84032K->1056K(84992K)] 157465K->74489K(279552K), 0.0022189 secs] [Times: user=0.01 sys=0.00, real=0.00 secs] 
2021-08-18T19:28:02.120+0800: 10769.717: [GC (Allocation Failure) [PSYoungGen: 84000K->1040K(84992K)] 157433K->74473K(279552K), 0.0019840 secs] [Times: user=0.01 sys=0.00, real=0.01 secs] 
2021-08-18T19:28:13.112+0800: 10780.710: [GC (Allocation Failure) [PSYoungGen: 83984K->1088K(84992K)] 157417K->74521K(279552K), 0.0022011 secs] [Times: user=0.01 sys=0.00, real=0.00 secs] 
2021-08-18T19:28:24.112+0800: 10791.709: [GC (Allocation Failure) [PSYoungGen: 84032K->960K(84992K)] 157465K->74497K(279552K), 0.0024700 secs] [Times: user=0.02 sys=0.00, real=0.00 secs] 
2021-08-18T19:28:35.113+0800: 10802.711: [GC (Allocation Failure) [PSYoungGen: 83904K->1008K(84992K)] 157441K->74545K(279552K), 0.0019362 secs] [Times: user=0.02 sys=0.00, real=0.00 secs] 
2021-08-18T19:28:45.720+0800: 10813.317: [GC (Allocation Failure) [PSYoungGen: 83952K->944K(84992K)] 157489K->74601K(279552K), 0.0023944 secs] [Times: user=0.02 sys=0.00, real=0.01 secs] 
2021-08-18T19:28:56.607+0800: 10824.205: [GC (Allocation Failure) [PSYoungGen: 83888K->752K(85504K)] 157545K->74729K(280064K), 0.0029348 secs] [Times: user=0.02 sys=0.00, real=0.00 secs] 
2021-08-18T19:29:07.610+0800: 10835.208: [GC (Allocation Failure) [PSYoungGen: 84720K->688K(85504K)] 158697K->74785K(280064K), 0.0019450 secs] [Times: user=0.02 sys=0.01, real=0.01 secs] 
2021-08-18T19:29:17.945+0800: 10845.542: [GC (Allocation Failure) [PSYoungGen: 84656K->1024K(85504K)] 158753K->75289K(280064K), 0.0024264 secs] [Times: user=0.01 sys=0.00, real=0.00 secs] 
2021-08-18T19:29:27.951+0800: 10855.549: [GC (Allocation Failure) [PSYoungGen: 84992K->976K(85504K)] 159257K->75433K(280064K), 0.0023629 secs] [Times: user=0.02 sys=0.00, real=0.00 secs] 
2021-08-18T19:29:37.957+0800: 10865.555: [GC (Allocation Failure) [PSYoungGen: 84944K->848K(85504K)] 159401K->75337K(280064K), 0.0021239 secs] [Times: user=0.01 sys=0.00, real=0.00 secs] 
2021-08-18T19:29:47.963+0800: 10875.561: [GC (Allocation Failure) [PSYoungGen: 84816K->944K(85504K)] 159305K->75433K(280064K), 0.0021231 secs] [Times: user=0.02 sys=0.00, real=0.00 secs] 
2021-08-18T19:29:58.609+0800: 10886.206: [GC (Allocation Failure) [PSYoungGen: 84912K->496K(85504K)] 159401K->75017K(280064K), 0.0025895 secs] [Times: user=0.01 sys=0.00, real=0.01 secs] 
2021-08-18T19:30:09.610+0800: 10897.207: [GC (Allocation Failure) [PSYoungGen: 84464K->352K(85504K)] 158985K->74969K(280064K), 0.0021155 secs] [Times: user=0.02 sys=0.00, real=0.01 secs] 
2021-08-18T19:30:20.611+0800: 10908.209: [GC (Allocation Failure) [PSYoungGen: 84320K->384K(85504K)] 158937K->75017K(280064K), 0.0019830 secs] [Times: user=0.01 sys=0.00, real=0.00 secs] 
2021-08-18T19:30:31.350+0800: 10918.948: [GC (Allocation Failure) [PSYoungGen: 84352K->288K(85504K)] 158985K->74921K(280064K), 0.0021350 secs] [Times: user=0.01 sys=0.00, real=0.01 secs] 
2021-08-18T19:30:42.112+0800: 10929.709: [GC (Allocation Failure) [PSYoungGen: 84256K->384K(85504K)] 158889K->75017K(280064K), 0.0020443 secs] [Times: user=0.02 sys=0.00, real=0.00 secs] 
2021-08-18T19:30:53.113+0800: 10940.711: [GC (Allocation Failure) [PSYoungGen: 84352K->352K(85504K)] 158985K->74985K(280064K), 0.0019807 secs] [Times: user=0.02 sys=0.00, real=0.00 secs] 
2021-08-18T19:31:04.112+0800: 10951.710: [GC (Allocation Failure) [PSYoungGen: 84320K->416K(85504K)] 158953K->75049K(280064K), 0.0021003 secs] [Times: user=0.02 sys=0.00, real=0.00 secs] 
2021-08-18T19:31:15.113+0800: 10962.710: [GC (Allocation Failure) [PSYoungGen: 84384K->384K(85504K)] 159017K->75017K(280064K), 0.0018965 secs] [Times: user=0.01 sys=0.00, real=0.00 secs] 
2021-08-18T19:31:26.113+0800: 10973.711: [GC (Allocation Failure) [PSYoungGen: 84352K->416K(85504K)] 158985K->75049K(280064K), 0.0022495 secs] [Times: user=0.01 sys=0.00, real=0.00 secs] 
2021-08-18T19:31:37.115+0800: 10984.712: [GC (Allocation Failure) [PSYoungGen: 84384K->416K(85504K)] 159017K->75049K(280064K), 0.0020328 secs] [Times: user=0.01 sys=0.00, real=0.00 secs] 
2021-08-18T19:31:47.940+0800: 10995.537: [GC (Allocation Failure) [PSYoungGen: 84384K->416K(85504K)] 159017K->75049K(280064K), 0.0023721 secs] [Times: user=0.02 sys=0.00, real=0.01 secs] 
2021-08-18T19:31:57.949+0800: 11005.547: [GC (Allocation Failure) [PSYoungGen: 84384K->1088K(85504K)] 159017K->75721K(280064K), 0.0020738 secs] [Times: user=0.01 sys=0.00, real=0.01 secs] 
2021-08-18T19:32:07.954+0800: 11015.551: [GC (Allocation Failure) [PSYoungGen: 85056K->608K(85504K)] 159689K->75241K(280064K), 0.0021172 secs] [Times: user=0.01 sys=0.00, real=0.00 secs] 
2021-08-18T19:32:17.960+0800: 11025.558: [GC (Allocation Failure) [PSYoungGen: 84576K->1216K(85504K)] 159209K->75849K(280064K), 0.0021209 secs] [Times: user=0.02 sys=0.00, real=0.00 secs] 
2021-08-18T19:32:28.618+0800: 11036.216: [GC (Allocation Failure) [PSYoungGen: 85184K->320K(85504K)] 159817K->74953K(280064K), 0.0019434 secs] [Times: user=0.01 sys=0.00, real=0.01 secs] 
2021-08-18T19:32:39.118+0800: 11046.715: [GC (Allocation Failure) [PSYoungGen: 84288K->384K(85504K)] 158921K->75025K(280064K), 0.0019918 secs] [Times: user=0.01 sys=0.00, real=0.00 secs] 
2021-08-18T19:32:50.165+0800: 11057.763: [GC (Allocation Failure) [PSYoungGen: 84352K->384K(85504K)] 158993K->75049K(280064K), 0.0020984 secs] [Times: user=0.02 sys=0.00, real=0.00 secs] 
2021-08-18T19:33:01.618+0800: 11069.216: [GC (Allocation Failure) [PSYoungGen: 84352K->384K(85504K)] 159017K->75049K(280064K), 0.0022263 secs] [Times: user=0.01 sys=0.00, real=0.01 secs] 
2021-08-18T19:33:12.614+0800: 11080.212: [GC (Allocation Failure) [PSYoungGen: 84352K->416K(85504K)] 159017K->75081K(280064K), 0.0018809 secs] [Times: user=0.01 sys=0.00, real=0.00 secs] 
2021-08-18T19:33:23.615+0800: 11091.212: [GC (Allocation Failure) [PSYoungGen: 84384K->416K(85504K)] 159049K->75081K(280064K), 0.0018484 secs] [Times: user=0.01 sys=0.00, real=0.00 secs] 
2021-08-18T19:33:34.617+0800: 11102.214: [GC (Allocation Failure) [PSYoungGen: 84384K->320K(85504K)] 159049K->74985K(280064K), 0.0022912 secs] [Times: user=0.01 sys=0.01, real=0.00 secs] 
2021-08-18T19:33:45.119+0800: 11112.716: [GC (Allocation Failure) [PSYoungGen: 84288K->416K(85504K)] 158953K->75089K(280064K), 0.0021168 secs] [Times: user=0.01 sys=0.00, real=0.01 secs] 
2021-08-18T19:33:56.120+0800: 11123.718: [GC (Allocation Failure) [PSYoungGen: 84384K->384K(85504K)] 159057K->75057K(280064K), 0.0020305 secs] [Times: user=0.02 sys=0.00, real=0.00 secs] 
2021-08-18T19:34:07.120+0800: 11134.717: [GC (Allocation Failure) [PSYoungGen: 84352K->384K(85504K)] 159025K->75057K(280064K), 0.0018665 secs] [Times: user=0.01 sys=0.00, real=0.01 secs] 
2021-08-18T19:34:17.944+0800: 11145.541: [GC (Allocation Failure) [PSYoungGen: 84352K->640K(85504K)] 159025K->75313K(280064K), 0.0025536 secs] [Times: user=0.01 sys=0.00, real=0.00 secs] 
2021-08-18T19:34:27.953+0800: 11155.550: [GC (Allocation Failure) [PSYoungGen: 84608K->1248K(85504K)] 159281K->75921K(280064K), 0.0024561 secs] [Times: user=0.02 sys=0.00, real=0.00 secs] 
2021-08-18T19:34:37.957+0800: 11165.555: [GC (Allocation Failure) [PSYoungGen: 85216K->736K(85504K)] 159889K->75441K(280064K), 0.0021448 secs] [Times: user=0.01 sys=0.00, real=0.00 secs] 
2021-08-18T19:34:47.965+0800: 11175.563: [GC (Allocation Failure) [PSYoungGen: 84704K->928K(85504K)] 159409K->75665K(280064K), 0.0021268 secs] [Times: user=0.02 sys=0.00, real=0.00 secs] 
2021-08-18T19:34:59.117+0800: 11186.714: [GC (Allocation Failure) [PSYoungGen: 84896K->352K(85504K)] 159633K->75089K(280064K), 0.0020343 secs] [Times: user=0.02 sys=0.00, real=0.00 secs] 
2021-08-18T19:35:10.119+0800: 11197.717: [GC (Allocation Failure) [PSYoungGen: 84320K->416K(85504K)] 159057K->75153K(280064K), 0.0020690 secs] [Times: user=0.02 sys=0.00, real=0.01 secs] 
2021-08-18T19:35:21.120+0800: 11208.718: [GC (Allocation Failure) [PSYoungGen: 84384K->384K(85504K)] 159121K->75129K(280064K), 0.0019992 secs] [Times: user=0.01 sys=0.00, real=0.01 secs] 
2021-08-18T19:35:32.120+0800: 11219.717: [GC (Allocation Failure) [PSYoungGen: 84352K->384K(85504K)] 159097K->75137K(280064K), 0.0018788 secs] [Times: user=0.01 sys=0.00, real=0.01 secs] 
2021-08-18T19:35:43.122+0800: 11230.720: [GC (Allocation Failure) [PSYoungGen: 84352K->416K(85504K)] 159105K->75169K(280064K), 0.0020403 secs] [Times: user=0.01 sys=0.00, real=0.00 secs] 
2021-08-18T19:35:54.121+0800: 11241.719: [GC (Allocation Failure) [PSYoungGen: 84384K->384K(85504K)] 159137K->75137K(280064K), 0.0021299 secs] [Times: user=0.02 sys=0.00, real=0.00 secs] 
2021-08-18T19:36:05.123+0800: 11252.721: [GC (Allocation Failure) [PSYoungGen: 84352K->416K(85504K)] 159105K->75169K(280064K), 0.0020016 secs] [Times: user=0.02 sys=0.00, real=0.00 secs] 
2021-08-18T19:36:16.127+0800: 11263.725: [GC (Allocation Failure) [PSYoungGen: 84384K->384K(85504K)] 159137K->75137K(280064K), 0.0018124 secs] [Times: user=0.01 sys=0.00, real=0.00 secs] 
2021-08-18T19:36:27.122+0800: 11274.720: [GC (Allocation Failure) [PSYoungGen: 84352K->416K(86016K)] 159105K->75169K(280576K), 0.0018159 secs] [Times: user=0.01 sys=0.00, real=0.00 secs] 
2021-08-18T19:36:37.948+0800: 11285.545: [GC (Allocation Failure) [PSYoungGen: 84896K->672K(85504K)] 159649K->75441K(280064K), 0.0022977 secs] [Times: user=0.02 sys=0.00, real=0.00 secs] 
2021-08-18T19:36:47.954+0800: 11295.552: [GC (Allocation Failure) [PSYoungGen: 85152K->1024K(84992K)] 159921K->75913K(279552K), 0.0023278 secs] [Times: user=0.01 sys=0.00, real=0.00 secs] 
2021-08-18T19:36:57.963+0800: 11305.561: [GC (Allocation Failure) [PSYoungGen: 84992K->1024K(85504K)] 159881K->75913K(280064K), 0.0020431 secs] [Times: user=0.02 sys=0.00, real=0.00 secs] 
2021-08-18T19:37:08.120+0800: 11315.717: [GC (Allocation Failure) [PSYoungGen: 84992K->384K(85504K)] 159881K->75273K(280064K), 0.0018486 secs] [Times: user=0.02 sys=0.00, real=0.01 secs] 
2021-08-18T19:37:19.122+0800: 11326.720: [GC (Allocation Failure) [PSYoungGen: 84352K->384K(85504K)] 159241K->75289K(280064K), 0.0024245 secs] [Times: user=0.02 sys=0.00, real=0.00 secs] 
2021-08-18T19:37:30.123+0800: 11337.721: [GC (Allocation Failure) [PSYoungGen: 84352K->416K(85504K)] 159257K->75321K(280064K), 0.0026055 secs] [Times: user=0.02 sys=0.00, real=0.00 secs] 
2021-08-18T19:37:41.122+0800: 11348.719: [GC (Allocation Failure) [PSYoungGen: 84384K->384K(85504K)] 159289K->75289K(280064K), 0.0019438 secs] [Times: user=0.01 sys=0.00, real=0.00 secs] 
2021-08-18T19:37:52.123+0800: 11359.721: [GC (Allocation Failure) [PSYoungGen: 84352K->384K(85504K)] 159257K->75289K(280064K), 0.0019222 secs] [Times: user=0.01 sys=0.00, real=0.00 secs] 
2021-08-18T19:38:03.125+0800: 11370.723: [GC (Allocation Failure) [PSYoungGen: 84352K->416K(85504K)] 159257K->75337K(280064K), 0.0019377 secs] [Times: user=0.01 sys=0.00, real=0.00 secs] 
2021-08-18T19:38:14.125+0800: 11381.723: [GC (Allocation Failure) [PSYoungGen: 84384K->352K(85504K)] 159305K->75281K(280064K), 0.0021408 secs] [Times: user=0.02 sys=0.00, real=0.00 secs] 
2021-08-18T19:38:25.187+0800: 11392.785: [GC (Allocation Failure) [PSYoungGen: 84320K->352K(85504K)] 159249K->75281K(280064K), 0.0021050 secs] [Times: user=0.01 sys=0.00, real=0.00 secs] 
2021-08-18T19:38:36.302+0800: 11403.900: [GC (Allocation Failure) [PSYoungGen: 84320K->352K(86016K)] 159249K->75281K(280576K), 0.0019413 secs] [Times: user=0.01 sys=0.00, real=0.00 secs] 
2021-08-18T19:38:47.622+0800: 11415.220: [GC (Allocation Failure) [PSYoungGen: 85344K->320K(86016K)] 160273K->75249K(280576K), 0.0019735 secs] [Times: user=0.01 sys=0.00, real=0.00 secs] 
2021-08-18T19:38:57.953+0800: 11425.550: [GC (Allocation Failure) [PSYoungGen: 85312K->1024K(84992K)] 160241K->75985K(279552K), 0.0022321 secs] [Times: user=0.01 sys=0.00, real=0.00 secs] 
2021-08-18T19:39:07.958+0800: 11435.556: [GC (Allocation Failure) [PSYoungGen: 84992K->640K(85504K)] 159953K->75609K(280064K), 0.0019375 secs] [Times: user=0.01 sys=0.00, real=0.01 secs] 
2021-08-18T19:39:17.965+0800: 11445.562: [GC (Allocation Failure) [PSYoungGen: 84608K->1152K(85504K)] 159577K->76121K(280064K), 0.0021084 secs] [Times: user=0.02 sys=0.00, real=0.00 secs] 
2021-08-18T19:39:28.133+0800: 11455.730: [GC (Allocation Failure) [PSYoungGen: 85120K->384K(85504K)] 160089K->75417K(280064K), 0.0018258 secs] [Times: user=0.01 sys=0.00, real=0.00 secs] 
2021-08-18T19:39:39.131+0800: 11466.729: [GC (Allocation Failure) [PSYoungGen: 84352K->352K(85504K)] 159385K->75385K(280064K), 0.0019664 secs] [Times: user=0.01 sys=0.01, real=0.00 secs] 
2021-08-18T19:39:50.130+0800: 11477.728: [GC (Allocation Failure) [PSYoungGen: 84320K->416K(85504K)] 159353K->75449K(280064K), 0.0019226 secs] [Times: user=0.02 sys=0.00, real=0.01 secs] 
2021-08-18T19:40:01.625+0800: 11489.222: [GC (Allocation Failure) [PSYoungGen: 84384K->384K(85504K)] 159417K->75441K(280064K), 0.0023151 secs] [Times: user=0.01 sys=0.00, real=0.00 secs] 
2021-08-18T19:40:14.135+0800: 11501.733: [GC (Allocation Failure) [PSYoungGen: 84352K->416K(85504K)] 159409K->75473K(280064K), 0.0022533 secs] [Times: user=0.02 sys=0.00, real=0.00 secs] 
2021-08-18T19:40:27.132+0800: 11514.730: [GC (Allocation Failure) [PSYoungGen: 84384K->416K(85504K)] 159441K->75473K(280064K), 0.0020610 secs] [Times: user=0.02 sys=0.00, real=0.00 secs] 
2021-08-18T19:40:37.955+0800: 11525.553: [GC (Allocation Failure) [PSYoungGen: 84384K->960K(85504K)] 159441K->76017K(280064K), 0.0024061 secs] [Times: user=0.01 sys=0.00, real=0.00 secs] 
2021-08-18T19:40:50.626+0800: 11538.224: [GC (Allocation Failure) [PSYoungGen: 84928K->384K(85504K)] 159985K->75465K(280064K), 0.0020385 secs] [Times: user=0.02 sys=0.00, real=0.00 secs] 
2021-08-18T19:41:03.136+0800: 11550.733: [GC (Allocation Failure) [PSYoungGen: 84352K->320K(85504K)] 159433K->75417K(280064K), 0.0018880 secs] [Times: user=0.01 sys=0.00, real=0.00 secs] 
2021-08-18T19:41:16.127+0800: 11563.725: [GC (Allocation Failure) [PSYoungGen: 84288K->416K(85504K)] 159385K->75513K(280064K), 0.0020411 secs] [Times: user=0.01 sys=0.00, real=0.00 secs] 
2021-08-18T19:41:27.952+0800: 11575.550: [GC (Allocation Failure) [PSYoungGen: 84384K->1056K(85504K)] 159481K->76153K(280064K), 0.0021044 secs] [Times: user=0.01 sys=0.00, real=0.00 secs] 
2021-08-18T19:41:39.221+0800: 11586.819: [GC (Allocation Failure) [PSYoungGen: 85024K->384K(85504K)] 160121K->75481K(280064K), 0.0021188 secs] [Times: user=0.02 sys=0.00, real=0.00 secs] 
2021-08-18T19:41:52.129+0800: 11599.727: [GC (Allocation Failure) [PSYoungGen: 84352K->416K(85504K)] 159449K->75537K(280064K), 0.0020347 secs] [Times: user=0.01 sys=0.00, real=0.01 secs] 
2021-08-18T19:42:05.129+0800: 11612.727: [GC (Allocation Failure) [PSYoungGen: 84384K->320K(85504K)] 159505K->75441K(280064K), 0.0021569 secs] [Times: user=0.02 sys=0.00, real=0.01 secs] 
2021-08-18T19:42:17.713+0800: 11625.310: [GC (Allocation Failure) [PSYoungGen: 84288K->416K(85504K)] 159409K->75537K(280064K), 0.0021671 secs] [Times: user=0.01 sys=0.00, real=0.00 secs] 
2021-08-18T19:42:28.630+0800: 11636.227: [GC (Allocation Failure) [PSYoungGen: 84384K->416K(86016K)] 159505K->75537K(280576K), 0.0022961 secs] [Times: user=0.02 sys=0.00, real=0.01 secs] 
2021-08-18T19:42:41.130+0800: 11648.727: [GC (Allocation Failure) [PSYoungGen: 84896K->288K(85504K)] 160017K->75409K(280064K), 0.0019918 secs] [Times: user=0.02 sys=0.00, real=0.01 secs] 
2021-08-18T19:42:54.128+0800: 11661.726: [GC (Allocation Failure) [PSYoungGen: 84768K->416K(86016K)] 159889K->75537K(280576K), 0.0022504 secs] [Times: user=0.01 sys=0.00, real=0.01 secs] 
2021-08-18T19:43:07.130+0800: 11674.727: [GC (Allocation Failure) [PSYoungGen: 85408K->416K(86016K)] 160529K->75633K(280576K), 0.0020667 secs] [Times: user=0.01 sys=0.00, real=0.01 secs] 
2021-08-18T19:43:18.130+0800: 11685.727: [GC (Allocation Failure) [PSYoungGen: 85408K->416K(86016K)] 160625K->75657K(280576K), 0.0021165 secs] [Times: user=0.02 sys=0.00, real=0.01 secs] 
2021-08-18T19:43:31.002+0800: 11698.599: [GC (Allocation Failure) [PSYoungGen: 85408K->352K(86016K)] 160649K->75593K(280576K), 0.0019598 secs] [Times: user=0.01 sys=0.00, real=0.00 secs] 
2021-08-18T19:43:43.628+0800: 11711.226: [GC (Allocation Failure) [PSYoungGen: 85344K->352K(86016K)] 160585K->75625K(280576K), 0.0020055 secs] [Times: user=0.02 sys=0.00, real=0.01 secs] 
2021-08-18T19:43:56.393+0800: 11723.991: [GC (Allocation Failure) [PSYoungGen: 85344K->416K(86016K)] 160617K->75697K(280576K), 0.0019259 secs] [Times: user=0.01 sys=0.00, real=0.00 secs] 
2021-08-18T19:44:07.955+0800: 11735.553: [GC (Allocation Failure) [PSYoungGen: 85408K->1024K(86016K)] 160689K->76393K(280576K), 0.0025941 secs] [Times: user=0.02 sys=0.00, real=0.00 secs] 
2021-08-18T19:44:20.134+0800: 11747.732: [GC (Allocation Failure) [PSYoungGen: 86016K->416K(86016K)] 161385K->75809K(280576K), 0.0022188 secs] [Times: user=0.02 sys=0.00, real=0.00 secs] 
2021-08-18T19:44:33.131+0800: 11760.729: [GC (Allocation Failure) [PSYoungGen: 85408K->384K(86016K)] 160801K->75785K(280576K), 0.0020515 secs] [Times: user=0.02 sys=0.00, real=0.00 secs] 
2021-08-18T19:44:45.716+0800: 11773.314: [GC (Allocation Failure) [PSYoungGen: 85376K->352K(86016K)] 160777K->75753K(280576K), 0.0020888 secs] [Times: user=0.02 sys=0.00, real=0.00 secs] 
2021-08-18T19:44:57.950+0800: 11785.548: [GC (Allocation Failure) [PSYoungGen: 85344K->448K(86016K)] 160745K->75849K(280576K), 0.0020766 secs] [Times: user=0.01 sys=0.00, real=0.00 secs] 
2021-08-18T19:45:09.717+0800: 11797.315: [GC (Allocation Failure) [PSYoungGen: 85440K->288K(86016K)] 160841K->75689K(280576K), 0.0020585 secs] [Times: user=0.01 sys=0.00, real=0.00 secs] 
2021-08-18T19:45:22.631+0800: 11810.228: [GC (Allocation Failure) [PSYoungGen: 85280K->320K(86016K)] 160681K->75721K(280576K), 0.0020351 secs] [Times: user=0.01 sys=0.00, real=0.00 secs] 
2021-08-18T19:45:35.630+0800: 11823.228: [GC (Allocation Failure) [PSYoungGen: 85312K->384K(86016K)] 160713K->75785K(280576K), 0.0020903 secs] [Times: user=0.01 sys=0.00, real=0.00 secs] 
2021-08-18T19:45:47.646+0800: 11835.244: [GC (Allocation Failure) [PSYoungGen: 85376K->384K(86016K)] 160777K->75785K(280576K), 0.0019076 secs] [Times: user=0.02 sys=0.00, real=0.00 secs] 
2021-08-18T19:46:02.635+0800: 11850.232: [GC (Allocation Failure) [PSYoungGen: 85376K->352K(86016K)] 160777K->75753K(280576K), 0.0021498 secs] [Times: user=0.01 sys=0.00, real=0.00 secs] 
2021-08-18T19:46:18.134+0800: 11865.732: [GC (Allocation Failure) [PSYoungGen: 85344K->384K(86016K)] 160745K->75785K(280576K), 0.0020035 secs] [Times: user=0.01 sys=0.00, real=0.00 secs] 
2021-08-18T19:46:33.631+0800: 11881.229: [GC (Allocation Failure) [PSYoungGen: 85376K->320K(86016K)] 160777K->75737K(280576K), 0.0019338 secs] [Times: user=0.02 sys=0.00, real=0.00 secs] 
2021-08-18T19:46:48.632+0800: 11896.230: [GC (Allocation Failure) [PSYoungGen: 85312K->416K(86016K)] 160729K->75865K(280576K), 0.0023696 secs] [Times: user=0.01 sys=0.00, real=0.00 secs] 
2021-08-18T19:47:04.136+0800: 11911.733: [GC (Allocation Failure) [PSYoungGen: 85408K->416K(86016K)] 160857K->75865K(280576K), 0.0019359 secs] [Times: user=0.01 sys=0.00, real=0.00 secs] 
2021-08-18T19:47:19.633+0800: 11927.231: [GC (Allocation Failure) [PSYoungGen: 85408K->352K(86016K)] 160857K->75833K(280576K), 0.0019975 secs] [Times: user=0.01 sys=0.00, real=0.00 secs] 
2021-08-18T19:47:35.140+0800: 11942.738: [GC (Allocation Failure) [PSYoungGen: 85344K->416K(86016K)] 160825K->75905K(280576K), 0.0021903 secs] [Times: user=0.02 sys=0.01, real=0.01 secs] 
2021-08-18T19:47:50.145+0800: 11957.743: [GC (Allocation Failure) [PSYoungGen: 85408K->384K(86016K)] 160897K->75873K(280576K), 0.0020455 secs] [Times: user=0.02 sys=0.00, real=0.00 secs] 
2021-08-18T19:48:05.719+0800: 11973.317: [GC (Allocation Failure) [PSYoungGen: 85376K->384K(86016K)] 160865K->75921K(280576K), 0.0021241 secs] [Times: user=0.02 sys=0.00, real=0.01 secs] 
2021-08-18T19:48:21.136+0800: 11988.734: [GC (Allocation Failure) [PSYoungGen: 85376K->416K(86016K)] 160913K->75953K(280576K), 0.0019064 secs] [Times: user=0.01 sys=0.00, real=0.00 secs] 
2021-08-18T19:48:36.641+0800: 12004.239: [GC (Allocation Failure) [PSYoungGen: 85408K->416K(86016K)] 160945K->75953K(280576K), 0.0019752 secs] [Times: user=0.01 sys=0.00, real=0.00 secs] 
2021-08-18T19:48:51.723+0800: 12019.320: [GC (Allocation Failure) [PSYoungGen: 85408K->384K(86016K)] 160945K->75921K(280576K), 0.0019813 secs] [Times: user=0.01 sys=0.00, real=0.00 secs] 
2021-08-18T19:49:07.142+0800: 12034.739: [GC (Allocation Failure) [PSYoungGen: 85376K->416K(86016K)] 160913K->75953K(280576K), 0.0020020 secs] [Times: user=0.02 sys=0.00, real=0.00 secs] 
2021-08-18T19:49:22.636+0800: 12050.233: [GC (Allocation Failure) [PSYoungGen: 85408K->320K(86016K)] 160945K->75857K(280576K), 0.0022597 secs] [Times: user=0.01 sys=0.00, real=0.00 secs] 
2021-08-18T19:49:37.946+0800: 12065.544: [GC (Allocation Failure) [PSYoungGen: 85312K->416K(86016K)] 160849K->75969K(280576K), 0.0020795 secs] [Times: user=0.01 sys=0.00, real=0.00 secs] 
2021-08-18T19:49:52.147+0800: 12079.745: [GC (Allocation Failure) [PSYoungGen: 85408K->384K(86016K)] 160961K->75977K(280576K), 0.0021864 secs] [Times: user=0.01 sys=0.00, real=0.00 secs] 
2021-08-18T19:50:07.138+0800: 12094.735: [GC (Allocation Failure) [PSYoungGen: 85376K->416K(86016K)] 160969K->76057K(280576K), 0.0021182 secs] [Times: user=0.02 sys=0.00, real=0.00 secs] 
2021-08-18T19:50:22.138+0800: 12109.735: [GC (Allocation Failure) [PSYoungGen: 85408K->384K(86528K)] 161049K->76025K(281088K), 0.0020195 secs] [Times: user=0.01 sys=0.00, real=0.00 secs] 
2021-08-18T19:50:35.646+0800: 12123.244: [GC (Allocation Failure) [PSYoungGen: 85888K->352K(86016K)] 161529K->76001K(280576K), 0.0021514 secs] [Times: user=0.01 sys=0.00, real=0.00 secs] 
2021-08-18T19:50:50.110+0800: 12137.708: [GC (Allocation Failure) [PSYoungGen: 85856K->352K(86528K)] 161505K->76001K(281088K), 0.0019671 secs] [Times: user=0.02 sys=0.00, real=0.00 secs] 
2021-08-18T19:51:04.641+0800: 12152.239: [GC (Allocation Failure) [PSYoungGen: 86368K->320K(86528K)] 162017K->75969K(281088K), 0.0019567 secs] [Times: user=0.01 sys=0.00, real=0.00 secs] 
2021-08-18T19:51:19.142+0800: 12166.740: [GC (Allocation Failure) [PSYoungGen: 86336K->352K(86528K)] 161985K->76001K(281088K), 0.0020128 secs] [Times: user=0.01 sys=0.00, real=0.00 secs] 
2021-08-18T19:51:34.138+0800: 12181.736: [GC (Allocation Failure) [PSYoungGen: 86368K->384K(86528K)] 162017K->76033K(281088K), 0.0020234 secs] [Times: user=0.02 sys=0.00, real=0.01 secs] 
2021-08-18T19:51:48.141+0800: 12195.739: [GC (Allocation Failure) [PSYoungGen: 86400K->352K(86528K)] 162049K->76001K(281088K), 0.0019861 secs] [Times: user=0.01 sys=0.00, real=0.00 secs] 
2021-08-18T19:52:03.138+0800: 12210.736: [GC (Allocation Failure) [PSYoungGen: 86368K->384K(86528K)] 162017K->76033K(281088K), 0.0019714 secs] [Times: user=0.02 sys=0.00, real=0.00 secs] 
2021-08-18T19:52:17.639+0800: 12225.236: [GC (Allocation Failure) [PSYoungGen: 86400K->352K(86528K)] 162049K->76081K(281088K), 0.0020713 secs] [Times: user=0.01 sys=0.00, real=0.01 secs] 
2021-08-18T19:52:32.141+0800: 12239.739: [GC (Allocation Failure) [PSYoungGen: 86368K->416K(86528K)] 162097K->76193K(281088K), 0.0018305 secs] [Times: user=0.02 sys=0.00, real=0.00 secs] 
2021-08-18T19:52:46.712+0800: 12254.310: [GC (Allocation Failure) [PSYoungGen: 86432K->320K(86528K)] 162209K->76097K(281088K), 0.0019349 secs] [Times: user=0.01 sys=0.00, real=0.00 secs] 
2021-08-18T19:53:01.135+0800: 12268.733: [GC (Allocation Failure) [PSYoungGen: 86336K->416K(86528K)] 162113K->76193K(281088K), 0.0020286 secs] [Times: user=0.02 sys=0.00, real=0.00 secs] 
2021-08-18T19:53:16.135+0800: 12283.733: [GC (Allocation Failure) [PSYoungGen: 86432K->384K(86528K)] 162209K->76161K(281088K), 0.0020684 secs] [Times: user=0.02 sys=0.00, real=0.00 secs] 
2021-08-18T19:53:30.136+0800: 12297.733: [GC (Allocation Failure) [PSYoungGen: 86400K->416K(86528K)] 162177K->76225K(281088K), 0.0024155 secs] [Times: user=0.01 sys=0.00, real=0.00 secs] 
2021-08-18T19:53:45.128+0800: 12312.726: [GC (Allocation Failure) [PSYoungGen: 86432K->384K(86528K)] 162241K->76193K(281088K), 0.0018315 secs] [Times: user=0.02 sys=0.00, real=0.00 secs] 
2021-08-18T19:53:59.131+0800: 12326.729: [GC (Allocation Failure) [PSYoungGen: 86400K->416K(86528K)] 162209K->76225K(281088K), 0.0019427 secs] [Times: user=0.02 sys=0.00, real=0.00 secs] 
2021-08-18T19:54:14.128+0800: 12341.726: [GC (Allocation Failure) [PSYoungGen: 86432K->416K(86528K)] 162241K->76321K(281088K), 0.0018261 secs] [Times: user=0.02 sys=0.00, real=0.01 secs] 
2021-08-18T19:54:28.721+0800: 12356.319: [GC (Allocation Failure) [PSYoungGen: 86432K->384K(86528K)] 162337K->76297K(281088K), 0.0020860 secs] [Times: user=0.02 sys=0.00, real=0.00 secs] 
2021-08-18T19:54:43.128+0800: 12370.725: [GC (Allocation Failure) [PSYoungGen: 86400K->416K(86528K)] 162313K->76329K(281088K), 0.0020371 secs] [Times: user=0.01 sys=0.00, real=0.00 secs] 
2021-08-18T19:54:58.121+0800: 12385.719: [GC (Allocation Failure) [PSYoungGen: 86432K->432K(86528K)] 162345K->76353K(281088K), 0.0020740 secs] [Times: user=0.01 sys=0.00, real=0.00 secs] 
2021-08-18T19:55:12.627+0800: 12400.225: [GC (Allocation Failure) [PSYoungGen: 86448K->400K(86528K)] 162369K->76329K(281088K), 0.0019433 secs] [Times: user=0.01 sys=0.00, real=0.00 secs] 
2021-08-18T19:55:27.123+0800: 12414.721: [GC (Allocation Failure) [PSYoungGen: 86416K->400K(86528K)] 162345K->76329K(281088K), 0.0019681 secs] [Times: user=0.01 sys=0.00, real=0.00 secs] 
2021-08-18T19:55:41.619+0800: 12429.216: [GC (Allocation Failure) [PSYoungGen: 86416K->464K(86528K)] 162345K->76394K(281088K), 0.0020562 secs] [Times: user=0.02 sys=0.00, real=0.01 secs] 
2021-08-18T19:55:56.121+0800: 12443.719: [GC (Allocation Failure) [PSYoungGen: 86480K->480K(86528K)] 162410K->76522K(281088K), 0.0020216 secs] [Times: user=0.01 sys=0.00, real=0.00 secs] 
2021-08-18T19:56:10.719+0800: 12458.317: [GC (Allocation Failure) [PSYoungGen: 86496K->480K(85504K)] 162538K->76602K(280064K), 0.0020908 secs] [Times: user=0.02 sys=0.00, real=0.01 secs] 
2021-08-18T19:56:25.121+0800: 12472.719: [GC (Allocation Failure) [PSYoungGen: 85472K->704K(86016K)] 161594K->76834K(280576K), 0.0020423 secs] [Times: user=0.01 sys=0.00, real=0.00 secs] 
2021-08-18T19:56:39.118+0800: 12486.716: [GC (Allocation Failure) [PSYoungGen: 85696K->864K(86016K)] 161826K->76994K(280576K), 0.0021675 secs] [Times: user=0.01 sys=0.00, real=0.00 secs] 
2021-08-18T19:56:54.113+0800: 12501.711: [GC (Allocation Failure) [PSYoungGen: 85856K->992K(86016K)] 161986K->77122K(280576K), 0.0020802 secs] [Times: user=0.02 sys=0.00, real=0.00 secs] 
2021-08-18T19:57:08.116+0800: 12515.714: [GC (Allocation Failure) [PSYoungGen: 85984K->944K(84992K)] 162114K->77074K(279552K), 0.0023772 secs] [Times: user=0.01 sys=0.00, real=0.00 secs] 
2021-08-18T19:57:22.612+0800: 12530.210: [GC (Allocation Failure) [PSYoungGen: 84912K->992K(85504K)] 161042K->77122K(280064K), 0.0026104 secs] [Times: user=0.02 sys=0.00, real=0.00 secs] 
2021-08-18T19:57:37.112+0800: 12544.709: [GC (Allocation Failure) [PSYoungGen: 84960K->944K(85504K)] 161090K->77098K(280064K), 0.0022174 secs] [Times: user=0.01 sys=0.00, real=0.00 secs] 
2021-08-18T19:57:51.111+0800: 12558.709: [GC (Allocation Failure) [PSYoungGen: 84912K->1056K(85504K)] 161066K->77210K(280064K), 0.0024104 secs] [Times: user=0.02 sys=0.00, real=0.00 secs] 
2021-08-18T19:58:05.115+0800: 12572.713: [GC (Allocation Failure) [PSYoungGen: 85024K->1008K(85504K)] 161178K->77162K(280064K), 0.0020694 secs] [Times: user=0.01 sys=0.00, real=0.00 secs] 
2021-08-18T19:58:19.176+0800: 12586.773: [GC (Allocation Failure) [PSYoungGen: 84976K->944K(85504K)] 161130K->77098K(280064K), 0.0019779 secs] [Times: user=0.01 sys=0.00, real=0.00 secs] 
2021-08-18T19:58:34.112+0800: 12601.709: [GC (Allocation Failure) [PSYoungGen: 84912K->912K(85504K)] 161066K->77138K(280064K), 0.0022130 secs] [Times: user=0.02 sys=0.00, real=0.00 secs] 
2021-08-18T19:58:47.951+0800: 12615.549: [GC (Allocation Failure) [PSYoungGen: 84880K->1088K(85504K)] 161106K->77322K(280064K), 0.0022009 secs] [Times: user=0.02 sys=0.00, real=0.00 secs] 
2021-08-18T19:59:02.113+0800: 12629.711: [GC (Allocation Failure) [PSYoungGen: 85056K->960K(85504K)] 161290K->77194K(280064K), 0.0020587 secs] [Times: user=0.02 sys=0.00, real=0.00 secs] 
2021-08-18T19:59:16.605+0800: 12644.203: [GC (Allocation Failure) [PSYoungGen: 84928K->912K(85504K)] 161162K->77226K(280064K), 0.0022239 secs] [Times: user=0.01 sys=0.00, real=0.00 secs] 
2021-08-18T19:59:30.607+0800: 12658.204: [GC (Allocation Failure) [PSYoungGen: 84880K->784K(85504K)] 161194K->77290K(280064K), 0.0019736 secs] [Times: user=0.01 sys=0.00, real=0.00 secs] 
2021-08-18T19:59:44.715+0800: 12672.313: [GC (Allocation Failure) [PSYoungGen: 84752K->736K(85504K)] 161258K->77386K(280064K), 0.0025098 secs] [Times: user=0.01 sys=0.01, real=0.00 secs] 
2021-08-18T19:59:59.110+0800: 12686.707: [GC (Allocation Failure) [PSYoungGen: 84704K->512K(85504K)] 161354K->77394K(280064K), 0.0023216 secs] [Times: user=0.02 sys=0.00, real=0.01 secs] 
2021-08-18T20:00:13.107+0800: 12700.705: [GC (Allocation Failure) [PSYoungGen: 84480K->432K(85504K)] 161362K->77458K(280064K), 0.0019549 secs] [Times: user=0.01 sys=0.00, real=0.00 secs] 
2021-08-18T20:00:27.603+0800: 12715.201: [GC (Allocation Failure) [PSYoungGen: 84400K->432K(85504K)] 161426K->77570K(280064K), 0.0018873 secs] [Times: user=0.01 sys=0.00, real=0.00 secs] 
2021-08-18T20:00:41.341+0800: 12728.939: [GC (Allocation Failure) [PSYoungGen: 84400K->432K(85504K)] 161538K->77570K(280064K), 0.0019268 secs] [Times: user=0.01 sys=0.00, real=0.00 secs] 
2021-08-18T20:00:56.101+0800: 12743.699: [GC (Allocation Failure) [PSYoungGen: 84400K->416K(85504K)] 161538K->77674K(280064K), 0.0023347 secs] [Times: user=0.02 sys=0.00, real=0.00 secs] 
2021-08-18T20:01:10.105+0800: 12757.702: [GC (Allocation Failure) [PSYoungGen: 84384K->352K(85504K)] 161642K->77610K(280064K), 0.0020056 secs] [Times: user=0.02 sys=0.00, real=0.00 secs] 
2021-08-18T20:01:24.600+0800: 12772.198: [GC (Allocation Failure) [PSYoungGen: 84320K->384K(85504K)] 161578K->77642K(280064K), 0.0020634 secs] [Times: user=0.01 sys=0.00, real=0.00 secs] 
2021-08-18T20:01:38.104+0800: 12785.701: [GC (Allocation Failure) [PSYoungGen: 84352K->384K(85504K)] 161610K->77642K(280064K), 0.0019270 secs] [Times: user=0.02 sys=0.00, real=0.00 secs] 
2021-08-18T20:01:52.713+0800: 12800.311: [GC (Allocation Failure) [PSYoungGen: 84352K->352K(85504K)] 161610K->77626K(280064K), 0.0022204 secs] [Times: user=0.01 sys=0.00, real=0.00 secs] 
2021-08-18T20:02:07.101+0800: 12814.698: [GC (Allocation Failure) [PSYoungGen: 84320K->416K(85504K)] 161594K->77690K(280064K), 0.0021129 secs] [Times: user=0.01 sys=0.00, real=0.00 secs] 
2021-08-18T20:02:21.109+0800: 12828.706: [GC (Allocation Failure) [PSYoungGen: 84384K->288K(85504K)] 161658K->77562K(280064K), 0.0019830 secs] [Times: user=0.01 sys=0.00, real=0.01 secs] 
2021-08-18T20:02:35.598+0800: 12843.195: [GC (Allocation Failure) [PSYoungGen: 84256K->416K(85504K)] 161530K->77690K(280064K), 0.0028223 secs] [Times: user=0.02 sys=0.00, real=0.01 secs] 
2021-08-18T20:02:49.596+0800: 12857.194: [GC (Allocation Failure) [PSYoungGen: 84382K->352K(85504K)] 161657K->77666K(280064K), 0.0024351 secs] [Times: user=0.02 sys=0.00, real=0.00 secs] 
2021-08-18T20:03:04.099+0800: 12871.697: [GC (Allocation Failure) [PSYoungGen: 84320K->384K(85504K)] 161634K->77722K(280064K), 0.0020964 secs] [Times: user=0.02 sys=0.00, real=0.01 secs] 
2021-08-18T20:03:18.100+0800: 12885.698: [GC (Allocation Failure) [PSYoungGen: 84352K->384K(86016K)] 161690K->77722K(280576K), 0.0020614 secs] [Times: user=0.02 sys=0.00, real=0.00 secs] 
2021-08-18T20:03:32.597+0800: 12900.195: [GC (Allocation Failure) [PSYoungGen: 84864K->384K(85504K)] 162202K->77722K(280064K), 0.0021719 secs] [Times: user=0.02 sys=0.00, real=0.00 secs] 
2021-08-18T20:03:47.097+0800: 12914.695: [GC (Allocation Failure) [PSYoungGen: 84864K->416K(86016K)] 162202K->77754K(280576K), 0.0019658 secs] [Times: user=0.01 sys=0.00, real=0.00 secs] 
2021-08-18T20:04:01.099+0800: 12928.696: [GC (Allocation Failure) [PSYoungGen: 85408K->416K(86016K)] 162746K->77762K(280576K), 0.0019647 secs] [Times: user=0.02 sys=0.00, real=0.01 secs] 
2021-08-18T20:04:16.096+0800: 12943.694: [GC (Allocation Failure) [PSYoungGen: 85408K->384K(86016K)] 162754K->77730K(280576K), 0.0023680 secs] [Times: user=0.01 sys=0.00, real=0.00 secs] 
2021-08-18T20:04:30.096+0800: 12957.694: [GC (Allocation Failure) [PSYoungGen: 85376K->384K(86016K)] 162722K->77738K(280576K), 0.0019173 secs] [Times: user=0.02 sys=0.00, real=0.00 secs] 
2021-08-18T20:04:44.593+0800: 12972.191: [GC (Allocation Failure) [PSYoungGen: 85376K->416K(86016K)] 162730K->77770K(280576K), 0.0020862 secs] [Times: user=0.02 sys=0.00, real=0.00 secs] 
2021-08-18T20:04:58.711+0800: 12986.308: [GC (Allocation Failure) [PSYoungGen: 85408K->416K(86016K)] 162762K->77770K(280576K), 0.0020830 secs] [Times: user=0.01 sys=0.00, real=0.00 secs] 
2021-08-18T20:05:13.097+0800: 13000.695: [GC (Allocation Failure) [PSYoungGen: 85408K->384K(86016K)] 162762K->77738K(280576K), 0.0020271 secs] [Times: user=0.02 sys=0.00, real=0.00 secs] 
2021-08-18T20:05:27.954+0800: 13015.552: [GC (Allocation Failure) [PSYoungGen: 85376K->384K(86016K)] 162730K->77738K(280576K), 0.0018820 secs] [Times: user=0.01 sys=0.00, real=0.00 secs] 
2021-08-18T20:05:42.092+0800: 13029.690: [GC (Allocation Failure) [PSYoungGen: 85376K->384K(86016K)] 162730K->77770K(280576K), 0.0019148 secs] [Times: user=0.02 sys=0.00, real=0.00 secs] 
2021-08-18T20:05:56.592+0800: 13044.189: [GC (Allocation Failure) [PSYoungGen: 85376K->384K(86016K)] 162762K->77770K(280576K), 0.0019787 secs] [Times: user=0.02 sys=0.00, real=0.00 secs] 
2021-08-18T20:06:10.797+0800: 13058.395: [GC (Allocation Failure) [PSYoungGen: 85376K->352K(86016K)] 162762K->77738K(280576K), 0.0019660 secs] [Times: user=0.01 sys=0.00, real=0.00 secs] 
2021-08-18T20:06:25.097+0800: 13072.695: [GC (Allocation Failure) [PSYoungGen: 85344K->416K(86016K)] 162730K->77802K(280576K), 0.0020203 secs] [Times: user=0.01 sys=0.00, real=0.00 secs] 
2021-08-18T20:06:39.098+0800: 13086.695: [GC (Allocation Failure) [PSYoungGen: 85408K->288K(86016K)] 162794K->77674K(280576K), 0.0024156 secs] [Times: user=0.02 sys=0.00, real=0.00 secs] 
2021-08-18T20:06:54.094+0800: 13101.691: [GC (Allocation Failure) [PSYoungGen: 85280K->384K(86016K)] 162666K->77770K(280576K), 0.0019679 secs] [Times: user=0.01 sys=0.00, real=0.00 secs] 
2021-08-18T20:07:08.100+0800: 13115.698: [GC (Allocation Failure) [PSYoungGen: 85376K->384K(86016K)] 162762K->77770K(280576K), 0.0024497 secs] [Times: user=0.02 sys=0.01, real=0.00 secs] 
2021-08-18T20:07:23.093+0800: 13130.691: [GC (Allocation Failure) [PSYoungGen: 85376K->384K(86016K)] 162762K->77770K(280576K), 0.0021702 secs] [Times: user=0.01 sys=0.00, real=0.00 secs] 
2021-08-18T20:07:37.595+0800: 13145.193: [GC (Allocation Failure) [PSYoungGen: 85376K->416K(86016K)] 162762K->77802K(280576K), 0.0018733 secs] [Times: user=0.01 sys=0.00, real=0.00 secs] 
2021-08-18T20:07:51.706+0800: 13159.303: [GC (Allocation Failure) [PSYoungGen: 85408K->416K(86016K)] 162794K->77802K(280576K), 0.0021359 secs] [Times: user=0.01 sys=0.00, real=0.00 secs] 
2021-08-18T20:08:06.095+0800: 13173.692: [GC (Allocation Failure) [PSYoungGen: 85408K->416K(86016K)] 162794K->77802K(280576K), 0.0017808 secs] [Times: user=0.01 sys=0.00, real=0.00 secs] 
2021-08-18T20:08:20.593+0800: 13188.191: [GC (Allocation Failure) [PSYoungGen: 85408K->352K(86016K)] 162794K->77754K(280576K), 0.0021999 secs] [Times: user=0.01 sys=0.00, real=0.00 secs] 
2021-08-18T20:08:35.097+0800: 13202.695: [GC (Allocation Failure) [PSYoungGen: 85344K->416K(86016K)] 162746K->77826K(280576K), 0.0019004 secs] [Times: user=0.02 sys=0.00, real=0.00 secs] 
2021-08-18T20:08:49.097+0800: 13216.695: [GC (Allocation Failure) [PSYoungGen: 85408K->384K(86016K)] 162818K->77810K(280576K), 0.0022532 secs] [Times: user=0.01 sys=0.00, real=0.00 secs] 
2021-08-18T20:09:04.089+0800: 13231.687: [GC (Allocation Failure) [PSYoungGen: 85376K->416K(86016K)] 162802K->77850K(280576K), 0.0018370 secs] [Times: user=0.01 sys=0.00, real=0.01 secs] 
2021-08-18T20:09:18.093+0800: 13245.691: [GC (Allocation Failure) [PSYoungGen: 85408K->384K(86016K)] 162842K->77818K(280576K), 0.0019371 secs] [Times: user=0.01 sys=0.00, real=0.00 secs] 
2021-08-18T20:09:33.091+0800: 13260.689: [GC (Allocation Failure) [PSYoungGen: 85376K->416K(86528K)] 162810K->77850K(281088K), 0.0019027 secs] [Times: user=0.02 sys=0.00, real=0.00 secs] 
2021-08-18T20:09:47.117+0800: 13274.715: [GC (Allocation Failure) [PSYoungGen: 86432K->384K(86528K)] 163866K->77818K(281088K), 0.0020596 secs] [Times: user=0.02 sys=0.00, real=0.00 secs] 
2021-08-18T20:10:02.090+0800: 13289.688: [GC (Allocation Failure) [PSYoungGen: 86400K->416K(86528K)] 163834K->77866K(281088K), 0.0020489 secs] [Times: user=0.02 sys=0.00, real=0.01 secs] 
2021-08-18T20:10:16.701+0800: 13304.298: [GC (Allocation Failure) [PSYoungGen: 86432K->352K(86528K)] 163882K->77802K(281088K), 0.0025224 secs] [Times: user=0.01 sys=0.00, real=0.00 secs] 
2021-08-18T20:10:31.097+0800: 13318.695: [GC (Allocation Failure) [PSYoungGen: 86368K->416K(86528K)] 163818K->77866K(281088K), 0.0020313 secs] [Times: user=0.01 sys=0.00, real=0.00 secs] 
2021-08-18T20:10:45.700+0800: 13333.298: [GC (Allocation Failure) [PSYoungGen: 86432K->416K(86528K)] 163882K->77866K(281088K), 0.0022154 secs] [Times: user=0.01 sys=0.00, real=0.00 secs] 
2021-08-18T20:11:00.091+0800: 13347.689: [GC (Allocation Failure) [PSYoungGen: 86432K->416K(86528K)] 163882K->77874K(281088K), 0.0020990 secs] [Times: user=0.02 sys=0.00, real=0.00 secs] 
2021-08-18T20:11:15.088+0800: 13362.686: [GC (Allocation Failure) [PSYoungGen: 86432K->384K(86528K)] 163890K->77882K(281088K), 0.0020847 secs] [Times: user=0.01 sys=0.00, real=0.01 secs] 
2021-08-18T20:11:29.589+0800: 13377.186: [GC (Allocation Failure) [PSYoungGen: 86400K->352K(86528K)] 163898K->77850K(281088K), 0.0021027 secs] [Times: user=0.02 sys=0.00, real=0.01 secs] 
2021-08-18T20:11:44.091+0800: 13391.688: [GC (Allocation Failure) [PSYoungGen: 86368K->352K(86528K)] 163866K->77858K(281088K), 0.0019888 secs] [Times: user=0.02 sys=0.00, real=0.00 secs] 
2021-08-18T20:11:58.591+0800: 13406.188: [GC (Allocation Failure) [PSYoungGen: 86368K->352K(86528K)] 163874K->77858K(281088K), 0.0019747 secs] [Times: user=0.02 sys=0.00, real=0.00 secs] 
2021-08-18T20:12:13.092+0800: 13420.690: [GC (Allocation Failure) [PSYoungGen: 86368K->384K(86528K)] 163874K->77890K(281088K), 0.0022199 secs] [Times: user=0.01 sys=0.01, real=0.00 secs] 
2021-08-18T20:12:27.960+0800: 13435.558: [GC (Allocation Failure) [PSYoungGen: 86400K->416K(86528K)] 163906K->77922K(281088K), 0.0021975 secs] [Times: user=0.01 sys=0.00, real=0.01 secs] 
2021-08-18T20:12:42.092+0800: 13449.689: [GC (Allocation Failure) [PSYoungGen: 86432K->352K(86528K)] 163938K->77858K(281088K), 0.0021995 secs] [Times: user=0.02 sys=0.00, real=0.00 secs] 
2021-08-18T20:12:57.092+0800: 13464.690: [GC (Allocation Failure) [PSYoungGen: 86368K->416K(86528K)] 163874K->77946K(281088K), 0.0021471 secs] [Times: user=0.01 sys=0.00, real=0.00 secs] 
2021-08-18T20:13:11.699+0800: 13479.297: [GC (Allocation Failure) [PSYoungGen: 86432K->416K(86528K)] 163962K->77954K(281088K), 0.0020413 secs] [Times: user=0.01 sys=0.00, real=0.01 secs] 
2021-08-18T20:13:26.092+0800: 13493.690: [GC (Allocation Failure) [PSYoungGen: 86432K->416K(86528K)] 163970K->77954K(281088K), 0.0021603 secs] [Times: user=0.02 sys=0.00, real=0.00 secs] 
2021-08-18T20:13:40.694+0800: 13508.291: [GC (Allocation Failure) [PSYoungGen: 86432K->352K(86528K)] 163970K->77898K(281088K), 0.0022615 secs] [Times: user=0.02 sys=0.00, real=0.00 secs] 
2021-08-18T20:13:56.093+0800: 13523.690: [GC (Allocation Failure) [PSYoungGen: 86368K->384K(86528K)] 163914K->77962K(281088K), 0.0023623 secs] [Times: user=0.01 sys=0.00, real=0.00 secs] 
2021-08-18T20:14:10.090+0800: 13537.688: [GC (Allocation Failure) [PSYoungGen: 86400K->352K(86528K)] 163978K->77930K(281088K), 0.0018657 secs] [Times: user=0.01 sys=0.00, real=0.00 secs] 
2021-08-18T20:14:25.089+0800: 13552.687: [GC (Allocation Failure) [PSYoungGen: 86368K->352K(86528K)] 163946K->77930K(281088K), 0.0020085 secs] [Times: user=0.01 sys=0.00, real=0.01 secs] 
2021-08-18T20:14:39.095+0800: 13566.692: [GC (Allocation Failure) [PSYoungGen: 86368K->384K(86528K)] 163946K->77962K(281088K), 0.0019171 secs] [Times: user=0.01 sys=0.00, real=0.00 secs] 
2021-08-18T20:14:54.089+0800: 13581.686: [GC (Allocation Failure) [PSYoungGen: 86400K->352K(86528K)] 163978K->77930K(281088K), 0.0019068 secs] [Times: user=0.01 sys=0.00, real=0.01 secs] 
2021-08-18T20:15:08.587+0800: 13596.184: [GC (Allocation Failure) [PSYoungGen: 86368K->416K(86528K)] 163946K->77994K(281088K), 0.0019781 secs] [Times: user=0.02 sys=0.00, real=0.00 secs] 
2021-08-18T20:15:23.318+0800: 13610.916: [GC (Allocation Failure) [PSYoungGen: 86432K->352K(86528K)] 164010K->77954K(281088K), 0.0022067 secs] [Times: user=0.01 sys=0.00, real=0.01 secs] 
2021-08-18T20:15:37.961+0800: 13625.559: [GC (Allocation Failure) [PSYoungGen: 86368K->448K(86528K)] 163970K->78050K(281088K), 0.0021244 secs] [Times: user=0.01 sys=0.00, real=0.00 secs] 
2021-08-18T20:15:52.587+0800: 13640.185: [GC (Allocation Failure) [PSYoungGen: 86464K->416K(86528K)] 164066K->78018K(281088K), 0.0020574 secs] [Times: user=0.02 sys=0.00, real=0.00 secs] 
2021-08-18T20:16:07.091+0800: 13654.689: [GC (Allocation Failure) [PSYoungGen: 86432K->416K(86528K)] 164034K->78018K(281088K), 0.0017856 secs] [Times: user=0.01 sys=0.00, real=0.00 secs] 
2021-08-18T20:16:21.828+0800: 13669.425: [GC (Allocation Failure) [PSYoungGen: 86432K->416K(86528K)] 164034K->78026K(281088K), 0.0019516 secs] [Times: user=0.02 sys=0.00, real=0.00 secs] 
2021-08-18T20:16:36.586+0800: 13684.183: [GC (Allocation Failure) [PSYoungGen: 86432K->416K(86528K)] 164042K->78082K(281088K), 0.0020111 secs] [Times: user=0.01 sys=0.00, real=0.00 secs] 
2021-08-18T20:16:50.987+0800: 13698.585: [GC (Allocation Failure) [PSYoungGen: 86432K->320K(86528K)] 164098K->77986K(281088K), 0.0020324 secs] [Times: user=0.01 sys=0.00, real=0.00 secs] 
2021-08-18T20:17:05.587+0800: 13713.185: [GC (Allocation Failure) [PSYoungGen: 86336K->416K(86528K)] 164002K->78090K(281088K), 0.0020953 secs] [Times: user=0.01 sys=0.00, real=0.00 secs] 
2021-08-18T20:17:20.087+0800: 13727.685: [GC (Allocation Failure) [PSYoungGen: 86432K->416K(86528K)] 164106K->78138K(281088K), 0.0021867 secs] [Times: user=0.02 sys=0.00, real=0.00 secs] 
2021-08-18T20:17:35.087+0800: 13742.684: [GC (Allocation Failure) [PSYoungGen: 86432K->352K(86528K)] 164154K->78074K(281088K), 0.0018678 secs] [Times: user=0.01 sys=0.00, real=0.00 secs] 
2021-08-18T20:17:49.088+0800: 13756.685: [GC (Allocation Failure) [PSYoungGen: 86368K->416K(86528K)] 164090K->78138K(281088K), 0.0019988 secs] [Times: user=0.02 sys=0.00, real=0.00 secs] 
2021-08-18T20:18:04.086+0800: 13771.683: [GC (Allocation Failure) [PSYoungGen: 86432K->384K(86528K)] 164154K->78106K(281088K), 0.0024784 secs] [Times: user=0.01 sys=0.00, real=0.00 secs] 
2021-08-18T20:18:18.088+0800: 13785.686: [GC (Allocation Failure) [PSYoungGen: 86400K->416K(86528K)] 164122K->78154K(281088K), 0.0018477 secs] [Times: user=0.01 sys=0.00, real=0.00 secs] 
2021-08-18T20:18:33.087+0800: 13800.685: [GC (Allocation Failure) [PSYoungGen: 86432K->416K(86528K)] 164170K->78154K(281088K), 0.0020163 secs] [Times: user=0.02 sys=0.00, real=0.00 secs] 
2021-08-18T20:18:47.586+0800: 13815.184: [GC (Allocation Failure) [PSYoungGen: 86432K->416K(86528K)] 164170K->78154K(281088K), 0.0020537 secs] [Times: user=0.01 sys=0.00, real=0.00 secs] 
2021-08-18T20:19:02.089+0800: 13829.687: [GC (Allocation Failure) [PSYoungGen: 86432K->416K(86528K)] 164170K->78178K(281088K), 0.0019853 secs] [Times: user=0.01 sys=0.00, real=0.01 secs] 
2021-08-18T20:19:17.087+0800: 13844.685: [GC (Allocation Failure) [PSYoungGen: 86432K->416K(86528K)] 164194K->78210K(281088K), 0.0024583 secs] [Times: user=0.01 sys=0.00, real=0.00 secs] 
2021-08-18T20:19:31.090+0800: 13858.688: [GC (Allocation Failure) [PSYoungGen: 86432K->384K(86528K)] 164226K->78210K(281088K), 0.0018018 secs] [Times: user=0.02 sys=0.00, real=0.01 secs] 
2021-08-18T20:19:46.090+0800: 13873.687: [GC (Allocation Failure) [PSYoungGen: 86400K->384K(86528K)] 164226K->78210K(281088K), 0.0021323 secs] [Times: user=0.01 sys=0.00, real=0.01 secs] 
2021-08-18T20:20:00.091+0800: 13887.689: [GC (Allocation Failure) [PSYoungGen: 86400K->416K(86528K)] 164226K->78298K(281088K), 0.0021006 secs] [Times: user=0.02 sys=0.00, real=0.00 secs] 
2021-08-18T20:20:15.090+0800: 13902.687: [GC (Allocation Failure) [PSYoungGen: 86432K->416K(86528K)] 164314K->78298K(281088K), 0.0022939 secs] [Times: user=0.01 sys=0.00, real=0.01 secs] 
2021-08-18T20:20:29.704+0800: 13917.302: [GC (Allocation Failure) [PSYoungGen: 86432K->384K(86528K)] 164314K->78266K(281088K), 0.0020553 secs] [Times: user=0.01 sys=0.00, real=0.00 secs] 
2021-08-18T20:20:44.088+0800: 13931.685: [GC (Allocation Failure) [PSYoungGen: 86400K->320K(86528K)] 164282K->78202K(281088K), 0.0020342 secs] [Times: user=0.01 sys=0.00, real=0.00 secs] 
2021-08-18T20:20:58.707+0800: 13946.305: [GC (Allocation Failure) [PSYoungGen: 86336K->416K(86528K)] 164218K->78298K(281088K), 0.0020549 secs] [Times: user=0.01 sys=0.00, real=0.00 secs] 
2021-08-18T20:21:13.584+0800: 13961.181: [GC (Allocation Failure) [PSYoungGen: 86432K->352K(86528K)] 164314K->78234K(281088K), 0.0020425 secs] [Times: user=0.01 sys=0.00, real=0.00 secs] 
2021-08-18T20:21:28.085+0800: 13975.683: [GC (Allocation Failure) [PSYoungGen: 86368K->384K(86528K)] 164250K->78266K(281088K), 0.0023781 secs] [Times: user=0.02 sys=0.00, real=0.00 secs] 
2021-08-18T20:21:42.584+0800: 13990.181: [GC (Allocation Failure) [PSYoungGen: 86400K->384K(86528K)] 164282K->78274K(281088K), 0.0020227 secs] [Times: user=0.01 sys=0.00, real=0.00 secs] 
2021-08-18T20:21:57.088+0800: 14004.686: [GC (Allocation Failure) [PSYoungGen: 86400K->384K(86528K)] 164290K->78314K(281088K), 0.0019658 secs] [Times: user=0.01 sys=0.01, real=0.00 secs] 
2021-08-18T20:22:12.084+0800: 14019.681: [GC (Allocation Failure) [PSYoungGen: 86400K->352K(86528K)] 164330K->78282K(281088K), 0.0022557 secs] [Times: user=0.02 sys=0.00, real=0.00 secs] 
2021-08-18T20:22:26.584+0800: 14034.182: [GC (Allocation Failure) [PSYoungGen: 86368K->352K(86528K)] 164298K->78282K(281088K), 0.0019244 secs] [Times: user=0.01 sys=0.00, real=0.00 secs] 
2021-08-18T20:22:41.087+0800: 14048.685: [GC (Allocation Failure) [PSYoungGen: 86368K->320K(86528K)] 164298K->78250K(281088K), 0.0021182 secs] [Times: user=0.02 sys=0.00, real=0.00 secs] 
2021-08-18T20:22:55.584+0800: 14063.182: [GC (Allocation Failure) [PSYoungGen: 86336K->384K(86528K)] 164266K->78314K(281088K), 0.0020469 secs] [Times: user=0.01 sys=0.00, real=0.00 secs] 
2021-08-18T20:23:10.087+0800: 14077.684: [GC (Allocation Failure) [PSYoungGen: 86400K->416K(86528K)] 164330K->78346K(281088K), 0.0018258 secs] [Times: user=0.02 sys=0.00, real=0.00 secs] 
2021-08-18T20:23:25.084+0800: 14092.682: [GC (Allocation Failure) [PSYoungGen: 86432K->384K(86528K)] 164362K->78314K(281088K), 0.0019697 secs] [Times: user=0.02 sys=0.00, real=0.00 secs] 
2021-08-18T20:23:39.087+0800: 14106.684: [GC (Allocation Failure) [PSYoungGen: 86400K->384K(86528K)] 164330K->78314K(281088K), 0.0018646 secs] [Times: user=0.02 sys=0.00, real=0.00 secs] 
2021-08-18T20:23:54.084+0800: 14121.682: [GC (Allocation Failure) [PSYoungGen: 86400K->384K(86528K)] 164330K->78314K(281088K), 0.0019877 secs] [Times: user=0.02 sys=0.00, real=0.00 secs] 
2021-08-18T20:24:08.090+0800: 14135.688: [GC (Allocation Failure) [PSYoungGen: 86400K->416K(86528K)] 164330K->78346K(281088K), 0.0020931 secs] [Times: user=0.01 sys=0.00, real=0.00 secs] 
2021-08-18T20:24:23.090+0800: 14150.687: [GC (Allocation Failure) [PSYoungGen: 86432K->416K(86528K)] 164362K->78370K(281088K), 0.0020294 secs] [Times: user=0.02 sys=0.00, real=0.01 secs] 
2021-08-18T20:24:37.830+0800: 14165.428: [GC (Allocation Failure) [PSYoungGen: 86432K->320K(86528K)] 164386K->78298K(281088K), 0.0023201 secs] [Times: user=0.02 sys=0.00, real=0.00 secs] 
2021-08-18T20:24:52.090+0800: 14179.688: [GC (Allocation Failure) [PSYoungGen: 86336K->320K(86528K)] 164314K->78298K(281088K), 0.0020344 secs] [Times: user=0.01 sys=0.00, real=0.00 secs] 
2021-08-18T20:25:07.085+0800: 14194.683: [GC (Allocation Failure) [PSYoungGen: 86336K->480K(86528K)] 164314K->78474K(281088K), 0.0019340 secs] [Times: user=0.02 sys=0.00, real=0.00 secs] 
2021-08-18T20:25:21.090+0800: 14208.688: [GC (Allocation Failure) [PSYoungGen: 86496K->480K(86528K)] 164490K->78490K(281088K), 0.0023524 secs] [Times: user=0.01 sys=0.00, real=0.00 secs] 
2021-08-18T20:25:36.086+0800: 14223.683: [GC (Allocation Failure) [PSYoungGen: 86496K->496K(85504K)] 164506K->78650K(280064K), 0.0019379 secs] [Times: user=0.02 sys=0.00, real=0.00 secs] 
2021-08-18T20:25:50.087+0800: 14237.684: [GC (Allocation Failure) [PSYoungGen: 85488K->656K(86016K)] 163642K->78810K(280576K), 0.0020957 secs] [Times: user=0.01 sys=0.00, real=0.00 secs] 
2021-08-18T20:26:04.585+0800: 14252.183: [GC (Allocation Failure) [PSYoungGen: 85648K->912K(86016K)] 163802K->79074K(280576K), 0.0019883 secs] [Times: user=0.01 sys=0.00, real=0.00 secs] 
2021-08-18T20:26:19.085+0800: 14266.683: [GC (Allocation Failure) [PSYoungGen: 85904K->928K(86016K)] 164066K->79090K(280576K), 0.0021058 secs] [Times: user=0.01 sys=0.00, real=0.00 secs] 
2021-08-18T20:26:33.584+0800: 14281.182: [GC (Allocation Failure) [PSYoungGen: 85920K->912K(84992K)] 164082K->79074K(279552K), 0.0023588 secs] [Times: user=0.02 sys=0.00, real=0.00 secs] 
2021-08-18T20:26:47.588+0800: 14295.185: [GC (Allocation Failure) [PSYoungGen: 84880K->1024K(85504K)] 163042K->79186K(280064K), 0.0021709 secs] [Times: user=0.02 sys=0.00, real=0.00 secs] 
2021-08-18T20:27:01.724+0800: 14309.322: [GC (Allocation Failure) [PSYoungGen: 84992K->960K(85504K)] 163154K->79130K(280064K), 0.0020802 secs] [Times: user=0.01 sys=0.00, real=0.00 secs] 
2021-08-18T20:27:16.087+0800: 14323.685: [GC (Allocation Failure) [PSYoungGen: 84928K->976K(85504K)] 163098K->79154K(280064K), 0.0026753 secs] [Times: user=0.02 sys=0.00, real=0.00 secs] 
2021-08-18T20:27:30.090+0800: 14337.687: [GC (Allocation Failure) [PSYoungGen: 84944K->1040K(85504K)] 163122K->79218K(280064K), 0.0020713 secs] [Times: user=0.01 sys=0.00, real=0.01 secs] 
2021-08-18T20:27:44.590+0800: 14352.188: [GC (Allocation Failure) [PSYoungGen: 85008K->976K(85504K)] 163186K->79154K(280064K), 0.0021877 secs] [Times: user=0.02 sys=0.00, real=0.00 secs] 
2021-08-18T20:27:58.585+0800: 14366.183: [GC (Allocation Failure) [PSYoungGen: 84944K->1008K(85504K)] 163122K->79186K(280064K), 0.0020340 secs] [Times: user=0.01 sys=0.00, real=0.00 secs] 
2021-08-18T20:28:13.086+0800: 14380.684: [GC (Allocation Failure) [PSYoungGen: 84976K->992K(85504K)] 163154K->79170K(280064K), 0.0020216 secs] [Times: user=0.01 sys=0.00, real=0.00 secs] 
2021-08-18T20:28:27.089+0800: 14394.687: [GC (Allocation Failure) [PSYoungGen: 84960K->1024K(85504K)] 163138K->79202K(280064K), 0.0022860 secs] [Times: user=0.01 sys=0.01, real=0.01 secs] 
2021-08-18T20:28:41.088+0800: 14408.685: [GC (Allocation Failure) [PSYoungGen: 84992K->880K(85504K)] 163170K->79226K(280064K), 0.0022235 secs] [Times: user=0.02 sys=0.00, real=0.00 secs] 
2021-08-18T20:28:55.585+0800: 14423.182: [GC (Allocation Failure) [PSYoungGen: 84848K->880K(85504K)] 163194K->79314K(280064K), 0.0025777 secs] [Times: user=0.02 sys=0.00, real=0.00 secs] 
2021-08-18T20:29:09.727+0800: 14437.325: [GC (Allocation Failure) [PSYoungGen: 84848K->704K(85504K)] 163282K->79306K(280064K), 0.0019547 secs] [Times: user=0.01 sys=0.00, real=0.00 secs] 
2021-08-18T20:29:24.092+0800: 14451.690: [GC (Allocation Failure) [PSYoungGen: 84672K->656K(85504K)] 163274K->79266K(280064K), 0.0020408 secs] [Times: user=0.02 sys=0.00, real=0.00 secs] 
2021-08-18T20:29:38.087+0800: 14465.685: [GC (Allocation Failure) [PSYoungGen: 84624K->384K(85504K)] 163234K->79386K(280064K), 0.0019132 secs] [Times: user=0.02 sys=0.00, real=0.00 secs] 
2021-08-18T20:29:52.587+0800: 14480.185: [GC (Allocation Failure) [PSYoungGen: 84352K->336K(85504K)] 163354K->79346K(280064K), 0.0019607 secs] [Times: user=0.02 sys=0.00, real=0.00 secs] 
2021-08-18T20:30:07.088+0800: 14494.686: [GC (Allocation Failure) [PSYoungGen: 84304K->368K(85504K)] 163314K->79378K(280064K), 0.0021377 secs] [Times: user=0.02 sys=0.00, real=0.01 secs] 
2021-08-18T20:30:21.092+0800: 14508.689: [GC (Allocation Failure) [PSYoungGen: 84336K->416K(85504K)] 163346K->79546K(280064K), 0.0019931 secs] [Times: user=0.01 sys=0.00, real=0.00 secs] 
2021-08-18T20:30:35.587+0800: 14523.184: [GC (Allocation Failure) [PSYoungGen: 84384K->416K(85504K)] 163514K->79546K(280064K), 0.0023273 secs] [Times: user=0.02 sys=0.01, real=0.00 secs] 
2021-08-18T20:30:49.349+0800: 14536.947: [GC (Allocation Failure) [PSYoungGen: 84384K->256K(85504K)] 163514K->79410K(280064K), 0.0025540 secs] [Times: user=0.02 sys=0.00, real=0.01 secs] 
2021-08-18T20:31:04.086+0800: 14551.684: [GC (Allocation Failure) [PSYoungGen: 84224K->384K(85504K)] 163378K->79570K(280064K), 0.0021182 secs] [Times: user=0.02 sys=0.00, real=0.00 secs] 
2021-08-18T20:31:18.087+0800: 14565.684: [GC (Allocation Failure) [PSYoungGen: 84352K->416K(85504K)] 163538K->79602K(280064K), 0.0027125 secs] [Times: user=0.02 sys=0.00, real=0.00 secs] 
2021-08-18T20:31:32.098+0800: 14579.696: [GC (Allocation Failure) [PSYoungGen: 84384K->384K(85504K)] 163570K->79570K(280064K), 0.0022993 secs] [Times: user=0.02 sys=0.00, real=0.01 secs] 
2021-08-18T20:31:46.590+0800: 14594.187: [GC (Allocation Failure) [PSYoungGen: 84352K->320K(85504K)] 163538K->79506K(280064K), 0.0020620 secs] [Times: user=0.02 sys=0.00, real=0.01 secs] 
2021-08-18T20:32:00.588+0800: 14608.186: [GC (Allocation Failure) [PSYoungGen: 84288K->416K(85504K)] 163474K->79602K(280064K), 0.0019858 secs] [Times: user=0.01 sys=0.00, real=0.00 secs] 
2021-08-18T20:32:15.087+0800: 14622.685: [GC (Allocation Failure) [PSYoungGen: 84384K->416K(85504K)] 163570K->79610K(280064K), 0.0024349 secs] [Times: user=0.02 sys=0.00, real=0.00 secs] 
2021-08-18T20:32:29.089+0800: 14636.687: [GC (Allocation Failure) [PSYoungGen: 84384K->416K(85504K)] 163578K->79618K(280064K), 0.0019378 secs] [Times: user=0.01 sys=0.00, real=0.01 secs] 
2021-08-18T20:32:43.093+0800: 14650.691: [GC (Allocation Failure) [PSYoungGen: 84384K->384K(86016K)] 163586K->79586K(280576K), 0.0022098 secs] [Times: user=0.01 sys=0.00, real=0.00 secs] 
2021-08-18T20:32:57.970+0800: 14665.568: [GC (Allocation Failure) [PSYoungGen: 85376K->416K(86016K)] 164578K->79618K(280576K), 0.0018450 secs] [Times: user=0.01 sys=0.00, real=0.00 secs] 
2021-08-18T20:33:12.091+0800: 14679.688: [GC (Allocation Failure) [PSYoungGen: 85408K->416K(86016K)] 164610K->79618K(280576K), 0.0022477 secs] [Times: user=0.02 sys=0.00, real=0.00 secs] 
2021-08-18T20:33:27.086+0800: 14694.684: [GC (Allocation Failure) [PSYoungGen: 85408K->416K(86016K)] 164610K->79618K(280576K), 0.0022443 secs] [Times: user=0.01 sys=0.00, real=0.00 secs] 
2021-08-18T20:33:41.087+0800: 14708.685: [GC (Allocation Failure) [PSYoungGen: 85408K->384K(86016K)] 164610K->79586K(280576K), 0.0020030 secs] [Times: user=0.01 sys=0.00, real=0.00 secs] 
2021-08-18T20:33:55.589+0800: 14723.186: [GC (Allocation Failure) [PSYoungGen: 85376K->320K(86016K)] 164578K->79522K(280576K), 0.0022688 secs] [Times: user=0.01 sys=0.00, real=0.01 secs] 
2021-08-18T20:34:09.729+0800: 14737.327: [GC (Allocation Failure) [PSYoungGen: 85312K->352K(86016K)] 164514K->79554K(280576K), 0.0019423 secs] [Times: user=0.02 sys=0.00, real=0.01 secs] 
2021-08-18T20:34:24.092+0800: 14751.690: [GC (Allocation Failure) [PSYoungGen: 85344K->384K(86016K)] 164546K->79586K(280576K), 0.0018472 secs] [Times: user=0.01 sys=0.00, real=0.00 secs] 
2021-08-18T20:34:38.092+0800: 14765.690: [GC (Allocation Failure) [PSYoungGen: 85376K->416K(86016K)] 164578K->79618K(280576K), 0.0019666 secs] [Times: user=0.01 sys=0.00, real=0.00 secs] 
2021-08-18T20:34:53.091+0800: 14780.689: [GC (Allocation Failure) [PSYoungGen: 85408K->320K(86016K)] 164610K->79530K(280576K), 0.0021831 secs] [Times: user=0.01 sys=0.00, real=0.00 secs] 
2021-08-18T20:35:07.587+0800: 14795.185: [GC (Allocation Failure) [PSYoungGen: 85312K->384K(86016K)] 164522K->79602K(280576K), 0.0020057 secs] [Times: user=0.01 sys=0.00, real=0.00 secs] 
2021-08-18T20:35:22.090+0800: 14809.687: [GC (Allocation Failure) [PSYoungGen: 85376K->384K(86016K)] 164594K->79602K(280576K), 0.0019996 secs] [Times: user=0.01 sys=0.00, real=0.01 secs] 
2021-08-18T20:35:36.587+0800: 14824.185: [GC (Allocation Failure) [PSYoungGen: 85376K->384K(86016K)] 164594K->79602K(280576K), 0.0020579 secs] [Times: user=0.02 sys=0.00, real=0.00 secs] 
2021-08-18T20:35:50.092+0800: 14837.689: [GC (Allocation Failure) [PSYoungGen: 85376K->384K(86016K)] 164594K->79602K(280576K), 0.0019335 secs] [Times: user=0.01 sys=0.00, real=0.00 secs] 
2021-08-18T20:36:05.090+0800: 14852.687: [GC (Allocation Failure) [PSYoungGen: 85376K->352K(86016K)] 164594K->79570K(280576K), 0.0019622 secs] [Times: user=0.01 sys=0.00, real=0.01 secs] 
2021-08-18T20:36:19.093+0800: 14866.691: [GC (Allocation Failure) [PSYoungGen: 85344K->416K(86016K)] 164562K->79634K(280576K), 0.0019715 secs] [Times: user=0.02 sys=0.00, real=0.00 secs] 
2021-08-18T20:36:34.090+0800: 14881.688: [GC (Allocation Failure) [PSYoungGen: 85408K->352K(86016K)] 164626K->79570K(280576K), 0.0021005 secs] [Times: user=0.01 sys=0.00, real=0.01 secs] 
2021-08-18T20:36:48.090+0800: 14895.687: [GC (Allocation Failure) [PSYoungGen: 85344K->352K(86016K)] 164562K->79570K(280576K), 0.0022719 secs] [Times: user=0.01 sys=0.00, real=0.01 secs] 
2021-08-18T20:37:02.593+0800: 14910.190: [GC (Allocation Failure) [PSYoungGen: 85344K->416K(86016K)] 164562K->79634K(280576K), 0.0022064 secs] [Times: user=0.01 sys=0.00, real=0.00 secs] 
2021-08-18T20:37:17.099+0800: 14924.697: [GC (Allocation Failure) [PSYoungGen: 85408K->416K(86016K)] 164626K->79634K(280576K), 0.0019293 secs] [Times: user=0.01 sys=0.00, real=0.01 secs] 
2021-08-18T20:37:31.587+0800: 14939.185: [GC (Allocation Failure) [PSYoungGen: 85408K->352K(86016K)] 164626K->79594K(280576K), 0.0019108 secs] [Times: user=0.01 sys=0.00, real=0.00 secs] 
2021-08-18T20:37:46.092+0800: 14953.690: [GC (Allocation Failure) [PSYoungGen: 85344K->384K(86016K)] 164586K->79658K(280576K), 0.0022044 secs] [Times: user=0.01 sys=0.00, real=0.00 secs] 
2021-08-18T20:38:00.092+0800: 14967.690: [GC (Allocation Failure) [PSYoungGen: 85376K->384K(86016K)] 164650K->79658K(280576K), 0.0019121 secs] [Times: user=0.02 sys=0.00, real=0.00 secs] 
2021-08-18T20:38:15.089+0800: 14982.686: [GC (Allocation Failure) [PSYoungGen: 85376K->320K(86016K)] 164650K->79594K(280576K), 0.0018985 secs] [Times: user=0.01 sys=0.00, real=0.01 secs] 
2021-08-18T20:38:29.091+0800: 14996.689: [GC (Allocation Failure) [PSYoungGen: 85312K->384K(86528K)] 164586K->79658K(281088K), 0.0027116 secs] [Times: user=0.02 sys=0.00, real=0.00 secs] 
2021-08-18T20:38:43.352+0800: 15010.950: [GC (Allocation Failure) [PSYoungGen: 85888K->320K(86016K)] 165162K->79594K(280576K), 0.0025328 secs] [Times: user=0.01 sys=0.00, real=0.00 secs] 
2021-08-18T20:38:58.091+0800: 15025.688: [GC (Allocation Failure) [PSYoungGen: 85824K->320K(86528K)] 165098K->79594K(281088K), 0.0021699 secs] [Times: user=0.01 sys=0.00, real=0.00 secs] 
2021-08-18T20:39:12.589+0800: 15040.187: [GC (Allocation Failure) [PSYoungGen: 86336K->416K(86528K)] 165610K->79690K(281088K), 0.0023835 secs] [Times: user=0.02 sys=0.00, real=0.01 secs] 
2021-08-18T20:39:27.093+0800: 15054.691: [GC (Allocation Failure) [PSYoungGen: 86432K->416K(86528K)] 165706K->79738K(281088K), 0.0019832 secs] [Times: user=0.02 sys=0.00, real=0.00 secs] 
2021-08-18T20:39:41.706+0800: 15069.304: [GC (Allocation Failure) [PSYoungGen: 86432K->384K(86528K)] 165754K->79706K(281088K), 0.0018507 secs] [Times: user=0.01 sys=0.00, real=0.00 secs] 
2021-08-18T20:39:56.100+0800: 15083.697: [GC (Allocation Failure) [PSYoungGen: 86400K->416K(86528K)] 165722K->79738K(281088K), 0.0021777 secs] [Times: user=0.02 sys=0.00, real=0.01 secs] 
2021-08-18T20:40:11.090+0800: 15098.688: [GC (Allocation Failure) [PSYoungGen: 86432K->384K(86528K)] 165754K->79706K(281088K), 0.0023468 secs] [Times: user=0.01 sys=0.00, real=0.01 secs] 
2021-08-18T20:40:25.728+0800: 15113.326: [GC (Allocation Failure) [PSYoungGen: 86400K->384K(86528K)] 165722K->79722K(281088K), 0.0022150 secs] [Times: user=0.01 sys=0.00, real=0.01 secs] 
2021-08-18T20:40:40.092+0800: 15127.690: [GC (Allocation Failure) [PSYoungGen: 86400K->384K(86528K)] 165738K->79722K(281088K), 0.0018939 secs] [Times: user=0.01 sys=0.00, real=0.00 secs] 
2021-08-18T20:40:54.728+0800: 15142.326: [GC (Allocation Failure) [PSYoungGen: 86400K->416K(86528K)] 165738K->79754K(281088K), 0.0019081 secs] [Times: user=0.02 sys=0.00, real=0.00 secs] 
2021-08-18T20:41:09.092+0800: 15156.690: [GC (Allocation Failure) [PSYoungGen: 86432K->416K(86528K)] 165770K->79754K(281088K), 0.0020980 secs] [Times: user=0.01 sys=0.00, real=0.00 secs] 
2021-08-18T20:41:24.093+0800: 15171.690: [GC (Allocation Failure) [PSYoungGen: 86432K->416K(86528K)] 165770K->79754K(281088K), 0.0022791 secs] [Times: user=0.01 sys=0.00, real=0.00 secs] 
2021-08-18T20:41:38.102+0800: 15185.700: [GC (Allocation Failure) [PSYoungGen: 86432K->416K(86528K)] 165770K->79754K(281088K), 0.0018342 secs] [Times: user=0.01 sys=0.00, real=0.00 secs] 
2021-08-18T20:41:53.092+0800: 15200.690: [GC (Allocation Failure) [PSYoungGen: 86432K->416K(86528K)] 165770K->79754K(281088K), 0.0021077 secs] [Times: user=0.01 sys=0.00, real=0.00 secs] 
2021-08-18T20:42:07.972+0800: 15215.570: [GC (Allocation Failure) [PSYoungGen: 86432K->416K(86528K)] 165770K->79754K(281088K), 0.0022065 secs] [Times: user=0.01 sys=0.00, real=0.00 secs] 
2021-08-18T20:42:22.099+0800: 15229.697: [GC (Allocation Failure) [PSYoungGen: 86432K->416K(86528K)] 165770K->79802K(281088K), 0.0020614 secs] [Times: user=0.01 sys=0.00, real=0.01 secs] 
2021-08-18T20:42:37.094+0800: 15244.692: [GC (Allocation Failure) [PSYoungGen: 86432K->416K(86528K)] 165818K->79802K(281088K), 0.0019502 secs] [Times: user=0.01 sys=0.01, real=0.00 secs] 
2021-08-18T20:42:51.589+0800: 15259.187: [GC (Allocation Failure) [PSYoungGen: 86432K->352K(86528K)] 165818K->79738K(281088K), 0.0021422 secs] [Times: user=0.01 sys=0.00, real=0.01 secs] 
2021-08-18T20:43:06.094+0800: 15273.692: [GC (Allocation Failure) [PSYoungGen: 86368K->384K(86528K)] 165754K->79810K(281088K), 0.0019662 secs] [Times: user=0.01 sys=0.00, real=0.00 secs] 
2021-08-18T20:43:20.729+0800: 15288.326: [GC (Allocation Failure) [PSYoungGen: 86400K->384K(86528K)] 165826K->79810K(281088K), 0.0019692 secs] [Times: user=0.02 sys=0.01, real=0.01 secs] 
2021-08-18T20:43:35.595+0800: 15303.192: [GC (Allocation Failure) [PSYoungGen: 86400K->384K(86528K)] 165826K->79834K(281088K), 0.0021180 secs] [Times: user=0.01 sys=0.00, real=0.00 secs] 
2021-08-18T20:43:50.092+0800: 15317.690: [GC (Allocation Failure) [PSYoungGen: 86400K->416K(86528K)] 165850K->79866K(281088K), 0.0021138 secs] [Times: user=0.01 sys=0.00, real=0.00 secs] 
2021-08-18T20:44:04.651+0800: 15332.249: [GC (Allocation Failure) [PSYoungGen: 86432K->288K(86528K)] 165882K->79754K(281088K), 0.0021648 secs] [Times: user=0.02 sys=0.00, real=0.00 secs] 
2021-08-18T20:44:19.092+0800: 15346.690: [GC (Allocation Failure) [PSYoungGen: 86304K->416K(86528K)] 165770K->79882K(281088K), 0.0018820 secs] [Times: user=0.02 sys=0.00, real=0.00 secs] 
2021-08-18T20:44:34.092+0800: 15361.690: [GC (Allocation Failure) [PSYoungGen: 86432K->320K(86528K)] 165898K->79794K(281088K), 0.0019161 secs] [Times: user=0.02 sys=0.00, real=0.00 secs] 
2021-08-18T20:44:48.096+0800: 15375.694: [GC (Allocation Failure) [PSYoungGen: 86336K->352K(86528K)] 165810K->79826K(281088K), 0.0019000 secs] [Times: user=0.01 sys=0.00, real=0.00 secs] 
2021-08-18T20:45:03.091+0800: 15390.689: [GC (Allocation Failure) [PSYoungGen: 86368K->384K(86528K)] 165842K->79858K(281088K), 0.0019749 secs] [Times: user=0.02 sys=0.00, real=0.00 secs] 
2021-08-18T20:45:17.727+0800: 15405.324: [GC (Allocation Failure) [PSYoungGen: 86400K->320K(86528K)] 165874K->79794K(281088K), 0.0024368 secs] [Times: user=0.02 sys=0.00, real=0.00 secs] 
2021-08-18T20:45:32.096+0800: 15419.694: [GC (Allocation Failure) [PSYoungGen: 86336K->384K(86528K)] 165810K->79858K(281088K), 0.0018997 secs] [Times: user=0.01 sys=0.00, real=0.00 secs] 
2021-08-18T20:45:46.726+0800: 15434.324: [GC (Allocation Failure) [PSYoungGen: 86400K->320K(86528K)] 165874K->79802K(281088K), 0.0019925 secs] [Times: user=0.02 sys=0.00, real=0.00 secs] 
2021-08-18T20:46:01.093+0800: 15448.691: [GC (Allocation Failure) [PSYoungGen: 86336K->384K(86528K)] 165818K->79866K(281088K), 0.0020021 secs] [Times: user=0.01 sys=0.00, real=0.00 secs] 
2021-08-18T20:46:16.093+0800: 15463.691: [GC (Allocation Failure) [PSYoungGen: 86400K->416K(86528K)] 165882K->79898K(281088K), 0.0018302 secs] [Times: user=0.02 sys=0.00, real=0.00 secs] 
2021-08-18T20:46:30.589+0800: 15478.187: [GC (Allocation Failure) [PSYoungGen: 86432K->352K(86528K)] 165914K->79834K(281088K), 0.0019262 secs] [Times: user=0.01 sys=0.00, real=0.01 secs] 
2021-08-18T20:46:45.093+0800: 15492.690: [GC (Allocation Failure) [PSYoungGen: 86368K->384K(86528K)] 165850K->79874K(281088K), 0.0022205 secs] [Times: user=0.02 sys=0.00, real=0.00 secs] 
2021-08-18T20:46:59.592+0800: 15507.190: [GC (Allocation Failure) [PSYoungGen: 86400K->384K(86528K)] 165890K->79874K(281088K), 0.0020435 secs] [Times: user=0.02 sys=0.00, real=0.00 secs] 
2021-08-18T20:47:14.103+0800: 15521.701: [GC (Allocation Failure) [PSYoungGen: 86400K->320K(86528K)] 165890K->79810K(281088K), 0.0021155 secs] [Times: user=0.01 sys=0.00, real=0.00 secs] 
2021-08-18T20:47:29.091+0800: 15536.689: [GC (Allocation Failure) [PSYoungGen: 86336K->320K(86528K)] 165826K->79818K(281088K), 0.0020151 secs] [Times: user=0.01 sys=0.00, real=0.00 secs] 
2021-08-18T20:47:43.097+0800: 15550.695: [GC (Allocation Failure) [PSYoungGen: 86336K->384K(86528K)] 165834K->79882K(281088K), 0.0020636 secs] [Times: user=0.02 sys=0.00, real=0.00 secs] 
2021-08-18T20:47:58.092+0800: 15565.689: [GC (Allocation Failure) [PSYoungGen: 86400K->320K(86528K)] 165898K->79818K(281088K), 0.0020977 secs] [Times: user=0.01 sys=0.01, real=0.00 secs] 
2021-08-18T20:48:12.592+0800: 15580.190: [GC (Allocation Failure) [PSYoungGen: 86336K->384K(86528K)] 165834K->79882K(281088K), 0.0020731 secs] [Times: user=0.01 sys=0.00, real=0.00 secs] 
2021-08-18T20:48:27.097+0800: 15594.694: [GC (Allocation Failure) [PSYoungGen: 86400K->416K(86528K)] 165898K->79922K(281088K), 0.0019689 secs] [Times: user=0.01 sys=0.00, real=0.00 secs] 
2021-08-18T20:48:41.596+0800: 15609.193: [GC (Allocation Failure) [PSYoungGen: 86432K->384K(86528K)] 165938K->79906K(281088K), 0.0020300 secs] [Times: user=0.01 sys=0.00, real=0.00 secs] 
2021-08-18T20:48:56.096+0800: 15623.693: [GC (Allocation Failure) [PSYoungGen: 86400K->416K(86528K)] 165922K->79938K(281088K), 0.0018182 secs] [Times: user=0.01 sys=0.00, real=0.00 secs] 
2021-08-18T20:49:11.092+0800: 15638.690: [GC (Allocation Failure) [PSYoungGen: 86432K->416K(86528K)] 165954K->79938K(281088K), 0.0020297 secs] [Times: user=0.02 sys=0.00, real=0.00 secs] 
2021-08-18T20:49:25.593+0800: 15653.191: [GC (Allocation Failure) [PSYoungGen: 86432K->320K(86528K)] 165954K->79842K(281088K), 0.0021078 secs] [Times: user=0.01 sys=0.00, real=0.00 secs] 
2021-08-18T20:49:40.094+0800: 15667.692: [GC (Allocation Failure) [PSYoungGen: 86336K->352K(86528K)] 165858K->79874K(281088K), 0.0020750 secs] [Times: user=0.01 sys=0.00, real=0.00 secs] 
2021-08-18T20:49:54.595+0800: 15682.193: [GC (Allocation Failure) [PSYoungGen: 86368K->416K(86528K)] 165890K->79938K(281088K), 0.0020303 secs] [Times: user=0.02 sys=0.00, real=0.00 secs] 
2021-08-18T20:50:09.099+0800: 15696.696: [GC (Allocation Failure) [PSYoungGen: 86432K->320K(86528K)] 165954K->79842K(281088K), 0.0023664 secs] [Times: user=0.01 sys=0.00, real=0.01 secs] 
2021-08-18T20:50:24.094+0800: 15711.692: [GC (Allocation Failure) [PSYoungGen: 86336K->416K(86528K)] 165858K->79954K(281088K), 0.0020107 secs] [Times: user=0.01 sys=0.00, real=0.00 secs] 
2021-08-18T20:50:38.093+0800: 15725.691: [GC (Allocation Failure) [PSYoungGen: 86432K->416K(86528K)] 165970K->79954K(281088K), 0.0019487 secs] [Times: user=0.01 sys=0.00, real=0.00 secs] 
2021-08-18T20:50:53.093+0800: 15740.691: [GC (Allocation Failure) [PSYoungGen: 86432K->352K(86528K)] 165970K->79890K(281088K), 0.0019401 secs] [Times: user=0.01 sys=0.00, real=0.00 secs] 
2021-08-18T20:51:07.610+0800: 15755.208: [GC (Allocation Failure) [PSYoungGen: 86368K->384K(86528K)] 165906K->79970K(281088K), 0.0020154 secs] [Times: user=0.01 sys=0.00, real=0.00 secs] 
2021-08-18T20:51:22.099+0800: 15769.696: [GC (Allocation Failure) [PSYoungGen: 86400K->384K(86528K)] 165986K->79970K(281088K), 0.0018444 secs] [Times: user=0.01 sys=0.00, real=0.01 secs] 
2021-08-18T20:51:37.094+0800: 15784.692: [GC (Allocation Failure) [PSYoungGen: 86400K->384K(86528K)] 165986K->79970K(281088K), 0.0019861 secs] [Times: user=0.01 sys=0.00, real=0.00 secs] 
2021-08-18T20:51:51.094+0800: 15798.692: [GC (Allocation Failure) [PSYoungGen: 86400K->416K(86528K)] 165986K->80002K(281088K), 0.0020345 secs] [Times: user=0.01 sys=0.00, real=0.00 secs] 
2021-08-18T20:52:06.093+0800: 15813.691: [GC (Allocation Failure) [PSYoungGen: 86432K->352K(86528K)] 166018K->79938K(281088K), 0.0019184 secs] [Times: user=0.02 sys=0.00, real=0.00 secs] 
2021-08-18T20:52:20.097+0800: 15827.694: [GC (Allocation Failure) [PSYoungGen: 86368K->384K(86528K)] 165954K->79970K(281088K), 0.0019462 secs] [Times: user=0.02 sys=0.00, real=0.00 secs] 
2021-08-18T20:52:35.095+0800: 15842.692: [GC (Allocation Failure) [PSYoungGen: 86400K->416K(86528K)] 165986K->80002K(281088K), 0.0019268 secs] [Times: user=0.01 sys=0.00, real=0.00 secs] 
2021-08-18T20:52:49.097+0800: 15856.695: [GC (Allocation Failure) [PSYoungGen: 86432K->416K(86528K)] 166018K->80002K(281088K), 0.0020747 secs] [Times: user=0.02 sys=0.00, real=0.00 secs] 
2021-08-18T20:53:04.098+0800: 15871.696: [GC (Allocation Failure) [PSYoungGen: 86432K->416K(86528K)] 166018K->80002K(281088K), 0.0018843 secs] [Times: user=0.01 sys=0.00, real=0.00 secs] 
2021-08-18T20:53:18.643+0800: 15886.240: [GC (Allocation Failure) [PSYoungGen: 86432K->352K(86528K)] 166018K->79938K(281088K), 0.0021905 secs] [Times: user=0.02 sys=0.00, real=0.00 secs] 
2021-08-18T20:53:33.098+0800: 15900.695: [GC (Allocation Failure) [PSYoungGen: 86368K->384K(86528K)] 165954K->79970K(281088K), 0.0022872 secs] [Times: user=0.01 sys=0.00, real=0.00 secs] 
2021-08-18T20:53:47.980+0800: 15915.578: [GC (Allocation Failure) [PSYoungGen: 86400K->512K(86528K)] 165986K->80130K(281088K), 0.0020752 secs] [Times: user=0.01 sys=0.00, real=0.01 secs] 
2021-08-18T20:54:02.591+0800: 15930.188: [GC (Allocation Failure) [PSYoungGen: 86528K->384K(86528K)] 166146K->80002K(281088K), 0.0021719 secs] [Times: user=0.01 sys=0.00, real=0.00 secs] 
2021-08-18T20:54:17.096+0800: 15944.693: [GC (Allocation Failure) [PSYoungGen: 86400K->352K(86528K)] 166018K->79970K(281088K), 0.0020692 secs] [Times: user=0.01 sys=0.01, real=0.00 secs] 
2021-08-18T20:54:31.593+0800: 15959.191: [GC (Allocation Failure) [PSYoungGen: 86368K->432K(86528K)] 165986K->80050K(281088K), 0.0021619 secs] [Times: user=0.02 sys=0.00, real=0.00 secs] 
2021-08-18T20:54:46.097+0800: 15973.694: [GC (Allocation Failure) [PSYoungGen: 86448K->496K(86528K)] 166066K->80114K(281088K), 0.0020132 secs] [Times: user=0.01 sys=0.00, real=0.00 secs] 
2021-08-18T20:55:00.702+0800: 15988.300: [GC (Allocation Failure) [PSYoungGen: 86512K->480K(85504K)] 166130K->80106K(280064K), 0.0019498 secs] [Times: user=0.01 sys=0.00, real=0.00 secs] 
2021-08-18T20:55:15.099+0800: 16002.696: [GC (Allocation Failure) [PSYoungGen: 85472K->672K(86016K)] 165098K->80298K(280576K), 0.0019917 secs] [Times: user=0.01 sys=0.00, real=0.01 secs] 
2021-08-18T20:55:29.141+0800: 16016.739: [GC (Allocation Failure) [PSYoungGen: 85664K->880K(86016K)] 165290K->80506K(280576K), 0.0023056 secs] [Times: user=0.02 sys=0.00, real=0.00 secs] 
2021-08-18T20:55:43.759+0800: 16031.357: [GC (Allocation Failure) [PSYoungGen: 85872K->960K(86016K)] 165498K->80586K(280576K), 0.0023959 secs] [Times: user=0.01 sys=0.00, real=0.01 secs] 
2021-08-18T20:55:58.094+0800: 16045.691: [GC (Allocation Failure) [PSYoungGen: 85952K->976K(84992K)] 165578K->80602K(279552K), 0.0023932 secs] [Times: user=0.02 sys=0.00, real=0.00 secs] 
2021-08-18T20:56:12.102+0800: 16059.699: [GC (Allocation Failure) [PSYoungGen: 84944K->1008K(85504K)] 164570K->80642K(280064K), 0.0022724 secs] [Times: user=0.01 sys=0.00, real=0.00 secs] 
2021-08-18T20:56:26.766+0800: 16074.363: [GC (Allocation Failure) [PSYoungGen: 84976K->1056K(85504K)] 164610K->80698K(280064K), 0.0019299 secs] [Times: user=0.02 sys=0.00, real=0.00 secs] 
2021-08-18T20:56:40.594+0800: 16088.192: [GC (Allocation Failure) [PSYoungGen: 85024K->1120K(85504K)] 164666K->80762K(280064K), 0.0019372 secs] [Times: user=0.01 sys=0.00, real=0.00 secs] 
2021-08-18T20:56:55.097+0800: 16102.695: [GC (Allocation Failure) [PSYoungGen: 85088K->1104K(85504K)] 164730K->80746K(280064K), 0.0019605 secs] [Times: user=0.01 sys=0.00, real=0.00 secs] 
2021-08-18T20:57:09.097+0800: 16116.694: [GC (Allocation Failure) [PSYoungGen: 85072K->1072K(85504K)] 164714K->80714K(280064K), 0.0019708 secs] [Times: user=0.01 sys=0.00, real=0.00 secs] 
2021-08-18T20:57:23.592+0800: 16131.190: [GC (Allocation Failure) [PSYoungGen: 85040K->1072K(84480K)] 164682K->80714K(279040K), 0.0019258 secs] [Times: user=0.01 sys=0.00, real=0.00 secs] 
2021-08-18T20:57:37.774+0800: 16145.372: [GC (Allocation Failure) [PSYoungGen: 84016K->1120K(84992K)] 163658K->80762K(279552K), 0.0019559 secs] [Times: user=0.01 sys=0.00, real=0.00 secs] 
2021-08-18T20:57:51.593+0800: 16159.191: [GC (Allocation Failure) [PSYoungGen: 84064K->1120K(84992K)] 163706K->80762K(279552K), 0.0021654 secs] [Times: user=0.02 sys=0.01, real=0.00 secs] 
2021-08-18T20:58:06.093+0800: 16173.691: [GC (Allocation Failure) [PSYoungGen: 84064K->992K(84992K)] 163706K->80746K(279552K), 0.0023231 secs] [Times: user=0.01 sys=0.00, real=0.00 secs] 
2021-08-18T20:58:19.778+0800: 16187.375: [GC (Allocation Failure) [PSYoungGen: 83936K->896K(85504K)] 163690K->80762K(280064K), 0.0021519 secs] [Times: user=0.01 sys=0.00, real=0.00 secs] 
2021-08-18T20:58:34.102+0800: 16201.700: [GC (Allocation Failure) [PSYoungGen: 84352K->832K(84992K)] 164218K->80826K(279552K), 0.0025119 secs] [Times: user=0.02 sys=0.00, real=0.00 secs] 
2021-08-18T20:58:48.095+0800: 16215.692: [GC (Allocation Failure) [PSYoungGen: 84288K->624K(85504K)] 164282K->80826K(280064K), 0.0022801 secs] [Times: user=0.02 sys=0.00, real=0.00 secs] 
2021-08-18T20:59:02.103+0800: 16229.700: [GC (Allocation Failure) [PSYoungGen: 84592K->480K(85504K)] 164794K->80914K(280064K), 0.0022138 secs] [Times: user=0.02 sys=0.00, real=0.00 secs] 
2021-08-18T20:59:16.879+0800: 16244.476: [GC (Allocation Failure) [PSYoungGen: 84448K->480K(85504K)] 164882K->81034K(280064K), 0.0024149 secs] [Times: user=0.01 sys=0.00, real=0.01 secs] 
2021-08-18T20:59:31.097+0800: 16258.695: [GC (Allocation Failure) [PSYoungGen: 84448K->416K(85504K)] 165002K->81098K(280064K), 0.0022349 secs] [Times: user=0.01 sys=0.00, real=0.00 secs] 
2021-08-18T20:59:45.099+0800: 16272.697: [GC (Allocation Failure) [PSYoungGen: 84384K->432K(85504K)] 165066K->81114K(280064K), 0.0021238 secs] [Times: user=0.02 sys=0.00, real=0.01 secs] 
2021-08-18T20:59:59.098+0800: 16286.696: [GC (Allocation Failure) [PSYoungGen: 84400K->416K(85504K)] 165082K->81234K(280064K), 0.0020551 secs] [Times: user=0.01 sys=0.00, real=0.01 secs] 
2021-08-18T21:00:13.595+0800: 16301.192: [GC (Allocation Failure) [PSYoungGen: 84384K->352K(85504K)] 165202K->81170K(280064K), 0.0024747 secs] [Times: user=0.02 sys=0.01, real=0.00 secs] 
2021-08-18T21:00:27.980+0800: 16315.578: [GC (Allocation Failure) [PSYoungGen: 84320K->480K(85504K)] 165138K->81298K(280064K), 0.0020554 secs] [Times: user=0.02 sys=0.00, real=0.00 secs] 
2021-08-18T21:00:42.096+0800: 16329.693: [GC (Allocation Failure) [PSYoungGen: 84448K->352K(85504K)] 165266K->81170K(280064K), 0.0020261 secs] [Times: user=0.01 sys=0.00, real=0.00 secs] 
2021-08-18T21:00:56.098+0800: 16343.696: [GC (Allocation Failure) [PSYoungGen: 84320K->416K(85504K)] 165138K->81234K(280064K), 0.0023819 secs] [Times: user=0.02 sys=0.00, real=0.01 secs] 
2021-08-18T21:01:10.099+0800: 16357.697: [GC (Allocation Failure) [PSYoungGen: 84384K->384K(85504K)] 165202K->81202K(280064K), 0.0019796 secs] [Times: user=0.02 sys=0.00, real=0.01 secs] 
2021-08-18T21:01:25.096+0800: 16372.693: [GC (Allocation Failure) [PSYoungGen: 84352K->352K(85504K)] 165170K->81170K(280064K), 0.0023650 secs] [Times: user=0.01 sys=0.00, real=0.00 secs] 
2021-08-18T21:01:38.598+0800: 16386.196: [GC (Allocation Failure) [PSYoungGen: 84320K->416K(85504K)] 165138K->81282K(280064K), 0.0025285 secs] [Times: user=0.02 sys=0.00, real=0.01 secs] 
2021-08-18T21:01:53.097+0800: 16400.695: [GC (Allocation Failure) [PSYoungGen: 84384K->352K(85504K)] 165250K->81218K(280064K), 0.0018881 secs] [Times: user=0.01 sys=0.00, real=0.00 secs] 
2021-08-18T21:02:07.593+0800: 16415.191: [GC (Allocation Failure) [PSYoungGen: 84320K->352K(85504K)] 165186K->81218K(280064K), 0.0020990 secs] [Times: user=0.01 sys=0.00, real=0.00 secs] 
2021-08-18T21:02:21.597+0800: 16429.194: [GC (Allocation Failure) [PSYoungGen: 84320K->256K(85504K)] 165186K->81122K(280064K), 0.0019946 secs] [Times: user=0.01 sys=0.00, real=0.00 secs] 
2021-08-18T21:02:36.097+0800: 16443.695: [GC (Allocation Failure) [PSYoungGen: 84224K->352K(85504K)] 165090K->81218K(280064K), 0.0020210 secs] [Times: user=0.01 sys=0.00, real=0.00 secs] 
2021-08-18T21:02:50.097+0800: 16457.694: [GC (Allocation Failure) [PSYoungGen: 84320K->416K(85504K)] 165186K->81282K(280064K), 0.0019228 secs] [Times: user=0.02 sys=0.00, real=0.00 secs] 
2021-08-18T21:03:04.099+0800: 16471.697: [GC (Allocation Failure) [PSYoungGen: 84384K->416K(86016K)] 165250K->81330K(280576K), 0.0022052 secs] [Times: user=0.02 sys=0.00, real=0.01 secs] 
2021-08-18T21:03:18.596+0800: 16486.193: [GC (Allocation Failure) [PSYoungGen: 85408K->384K(86016K)] 166322K->81298K(280576K), 0.0021087 secs] [Times: user=0.01 sys=0.00, real=0.00 secs] 
2021-08-18T21:03:33.100+0800: 16500.698: [GC (Allocation Failure) [PSYoungGen: 85376K->384K(86016K)] 166290K->81298K(280576K), 0.0018846 secs] [Times: user=0.02 sys=0.00, real=0.00 secs] 
2021-08-18T21:03:47.597+0800: 16515.194: [GC (Allocation Failure) [PSYoungGen: 85376K->416K(86016K)] 166290K->81330K(280576K), 0.0022532 secs] [Times: user=0.02 sys=0.00, real=0.00 secs] 
2021-08-18T21:04:02.102+0800: 16529.700: [GC (Allocation Failure) [PSYoungGen: 85408K->416K(86016K)] 166322K->81338K(280576K), 0.0018852 secs] [Times: user=0.01 sys=0.00, real=0.00 secs] 
2021-08-18T21:04:16.596+0800: 16544.194: [GC (Allocation Failure) [PSYoungGen: 85408K->384K(86016K)] 166330K->81322K(280576K), 0.0022134 secs] [Times: user=0.01 sys=0.00, real=0.00 secs] 
2021-08-18T21:04:31.095+0800: 16558.693: [GC (Allocation Failure) [PSYoungGen: 85376K->384K(86016K)] 166314K->81346K(280576K), 0.0020096 secs] [Times: user=0.02 sys=0.00, real=0.00 secs] 
2021-08-18T21:04:45.099+0800: 16572.697: [GC (Allocation Failure) [PSYoungGen: 85376K->384K(86016K)] 166338K->81346K(280576K), 0.0019657 secs] [Times: user=0.01 sys=0.00, real=0.01 secs] 
2021-08-18T21:04:59.368+0800: 16586.966: [GC (Allocation Failure) [PSYoungGen: 85376K->384K(86016K)] 166338K->81346K(280576K), 0.0023197 secs] [Times: user=0.02 sys=0.00, real=0.01 secs] 
2021-08-18T21:05:14.100+0800: 16601.698: [GC (Allocation Failure) [PSYoungGen: 85376K->416K(86016K)] 166338K->81378K(280576K), 0.0019003 secs] [Times: user=0.02 sys=0.00, real=0.01 secs] 
2021-08-18T21:05:28.104+0800: 16615.702: [GC (Allocation Failure) [PSYoungGen: 85408K->416K(86016K)] 166370K->81378K(280576K), 0.0018489 secs] [Times: user=0.01 sys=0.00, real=0.00 secs] 
2021-08-18T21:05:42.804+0800: 16630.401: [GC (Allocation Failure) [PSYoungGen: 85408K->384K(86016K)] 166370K->81346K(280576K), 0.0019905 secs] [Times: user=0.01 sys=0.00, real=0.00 secs] 
2021-08-18T21:05:57.103+0800: 16644.701: [GC (Allocation Failure) [PSYoungGen: 85376K->416K(86016K)] 166338K->81378K(280576K), 0.0020547 secs] [Times: user=0.01 sys=0.00, real=0.00 secs] 
2021-08-18T21:06:11.603+0800: 16659.200: [GC (Allocation Failure) [PSYoungGen: 85408K->320K(86016K)] 166370K->81282K(280576K), 0.0022084 secs] [Times: user=0.01 sys=0.00, real=0.00 secs] 
2021-08-18T21:06:26.103+0800: 16673.700: [GC (Allocation Failure) [PSYoungGen: 85312K->320K(86016K)] 166274K->81282K(280576K), 0.0019374 secs] [Times: user=0.01 sys=0.00, real=0.00 secs] 
2021-08-18T21:06:40.102+0800: 16687.700: [GC (Allocation Failure) [PSYoungGen: 85312K->384K(86016K)] 166274K->81346K(280576K), 0.0022141 secs] [Times: user=0.01 sys=0.00, real=0.00 secs] 
2021-08-18T21:06:55.099+0800: 16702.697: [GC (Allocation Failure) [PSYoungGen: 85376K->384K(86016K)] 166338K->81370K(280576K), 0.0021796 secs] [Times: user=0.01 sys=0.00, real=0.01 secs] 
2021-08-18T21:07:09.102+0800: 16716.700: [GC (Allocation Failure) [PSYoungGen: 85376K->416K(86016K)] 166362K->81442K(280576K), 0.0021245 secs] [Times: user=0.01 sys=0.00, real=0.00 secs] 
2021-08-18T21:07:24.101+0800: 16731.699: [GC (Allocation Failure) [PSYoungGen: 85408K->352K(86016K)] 166434K->81378K(280576K), 0.0023809 secs] [Times: user=0.01 sys=0.00, real=0.00 secs] 
2021-08-18T21:07:38.099+0800: 16745.697: [GC (Allocation Failure) [PSYoungGen: 85344K->416K(86016K)] 166370K->81442K(280576K), 0.0025079 secs] [Times: user=0.02 sys=0.00, real=0.01 secs] 
2021-08-18T21:07:52.600+0800: 16760.198: [GC (Allocation Failure) [PSYoungGen: 85408K->416K(86016K)] 166434K->81442K(280576K), 0.0018453 secs] [Times: user=0.01 sys=0.00, real=0.01 secs] 
2021-08-18T21:08:07.104+0800: 16774.702: [GC (Allocation Failure) [PSYoungGen: 85408K->384K(86016K)] 166434K->81410K(280576K), 0.0020156 secs] [Times: user=0.01 sys=0.00, real=0.00 secs] 
2021-08-18T21:08:21.109+0800: 16788.706: [GC (Allocation Failure) [PSYoungGen: 85376K->384K(86528K)] 166402K->81410K(281088K), 0.0018498 secs] [Times: user=0.01 sys=0.00, real=0.01 secs] 
2021-08-18T21:08:36.102+0800: 16803.700: [GC (Allocation Failure) [PSYoungGen: 85888K->384K(86016K)] 166914K->81410K(280576K), 0.0019464 secs] [Times: user=0.01 sys=0.00, real=0.00 secs] 
2021-08-18T21:08:50.103+0800: 16817.701: [GC (Allocation Failure) [PSYoungGen: 85888K->416K(86528K)] 166914K->81442K(281088K), 0.0022677 secs] [Times: user=0.02 sys=0.00, real=0.00 secs] 
2021-08-18T21:09:05.102+0800: 16832.700: [GC (Allocation Failure) [PSYoungGen: 86432K->384K(86528K)] 167458K->81410K(281088K), 0.0019240 secs] [Times: user=0.02 sys=0.00, real=0.00 secs] 
2021-08-18T21:09:19.599+0800: 16847.197: [GC (Allocation Failure) [PSYoungGen: 86400K->416K(86528K)] 167426K->81450K(281088K), 0.0022912 secs] [Times: user=0.02 sys=0.00, real=0.01 secs] 
2021-08-18T21:09:34.107+0800: 16861.705: [GC (Allocation Failure) [PSYoungGen: 86432K->416K(86528K)] 167466K->81482K(281088K), 0.0020362 secs] [Times: user=0.01 sys=0.00, real=0.00 secs] 
2021-08-18T21:09:48.600+0800: 16876.198: [GC (Allocation Failure) [PSYoungGen: 86432K->384K(86528K)] 167498K->81458K(281088K), 0.0019514 secs] [Times: user=0.01 sys=0.00, real=0.01 secs] 
2021-08-18T21:10:03.109+0800: 16890.707: [GC (Allocation Failure) [PSYoungGen: 86400K->416K(86528K)] 167474K->81490K(281088K), 0.0018896 secs] [Times: user=0.01 sys=0.00, real=0.01 secs] 
2021-08-18T21:10:18.100+0800: 16905.698: [GC (Allocation Failure) [PSYoungGen: 86432K->352K(86528K)] 167506K->81466K(281088K), 0.0019638 secs] [Times: user=0.01 sys=0.00, real=0.01 secs] 
2021-08-18T21:10:32.605+0800: 16920.203: [GC (Allocation Failure) [PSYoungGen: 86368K->416K(86528K)] 167482K->81530K(281088K), 0.0019545 secs] [Times: user=0.02 sys=0.00, real=0.00 secs] 
2021-08-18T21:10:47.104+0800: 16934.702: [GC (Allocation Failure) [PSYoungGen: 86432K->384K(86528K)] 167546K->81498K(281088K), 0.0018999 secs] [Times: user=0.01 sys=0.00, real=0.00 secs] 
2021-08-18T21:11:01.604+0800: 16949.202: [GC (Allocation Failure) [PSYoungGen: 86400K->352K(86528K)] 167514K->81466K(281088K), 0.0023386 secs] [Times: user=0.01 sys=0.00, real=0.00 secs] 
2021-08-18T21:11:16.601+0800: 16964.199: [GC (Allocation Failure) [PSYoungGen: 86368K->352K(86528K)] 167482K->81490K(281088K), 0.0020726 secs] [Times: user=0.01 sys=0.00, real=0.00 secs] 
2021-08-18T21:11:31.102+0800: 16978.700: [GC (Allocation Failure) [PSYoungGen: 86368K->384K(86528K)] 167506K->81522K(281088K), 0.0022045 secs] [Times: user=0.02 sys=0.00, real=0.00 secs] 
2021-08-18T21:11:45.600+0800: 16993.197: [GC (Allocation Failure) [PSYoungGen: 86400K->384K(86528K)] 167538K->81522K(281088K), 0.0021199 secs] [Times: user=0.01 sys=0.00, real=0.01 secs] 
2021-08-18T21:12:00.102+0800: 17007.700: [GC (Allocation Failure) [PSYoungGen: 86400K->416K(86528K)] 167538K->81554K(281088K), 0.0018475 secs] [Times: user=0.01 sys=0.00, real=0.00 secs] 
2021-08-18T21:12:14.817+0800: 17022.415: [GC (Allocation Failure) [PSYoungGen: 86432K->384K(86528K)] 167570K->81530K(281088K), 0.0019352 secs] [Times: user=0.01 sys=0.01, real=0.00 secs] 
2021-08-18T21:12:29.107+0800: 17036.705: [GC (Allocation Failure) [PSYoungGen: 86400K->384K(86528K)] 167546K->81570K(281088K), 0.0020246 secs] [Times: user=0.01 sys=0.00, real=0.00 secs] 
2021-08-18T21:12:43.817+0800: 17051.415: [GC (Allocation Failure) [PSYoungGen: 86400K->416K(86528K)] 167586K->81602K(281088K), 0.0021979 secs] [Times: user=0.01 sys=0.00, real=0.00 secs] 
2021-08-18T21:12:58.105+0800: 17065.703: [GC (Allocation Failure) [PSYoungGen: 86432K->416K(86528K)] 167618K->81610K(281088K), 0.0018685 secs] [Times: user=0.02 sys=0.00, real=0.00 secs] 
2021-08-18T21:13:13.104+0800: 17080.702: [GC (Allocation Failure) [PSYoungGen: 86432K->384K(86528K)] 167626K->81578K(281088K), 0.0019966 secs] [Times: user=0.02 sys=0.00, real=0.00 secs] 
2021-08-18T21:13:27.818+0800: 17095.416: [GC (Allocation Failure) [PSYoungGen: 86400K->352K(86528K)] 167594K->81546K(281088K), 0.0020619 secs] [Times: user=0.02 sys=0.00, real=0.01 secs] 
2021-08-18T21:13:42.108+0800: 17109.706: [GC (Allocation Failure) [PSYoungGen: 86368K->416K(86528K)] 167562K->81610K(281088K), 0.0018969 secs] [Times: user=0.01 sys=0.00, real=0.01 secs] 
2021-08-18T21:13:56.820+0800: 17124.418: [GC (Allocation Failure) [PSYoungGen: 86432K->352K(86528K)] 167626K->81546K(281088K), 0.0019082 secs] [Times: user=0.01 sys=0.00, real=0.00 secs] 
2021-08-18T21:14:11.109+0800: 17138.707: [GC (Allocation Failure) [PSYoungGen: 86368K->384K(86528K)] 167562K->81578K(281088K), 0.0019678 secs] [Times: user=0.01 sys=0.00, real=0.01 secs] 
2021-08-18T21:14:26.105+0800: 17153.702: [GC (Allocation Failure) [PSYoungGen: 86400K->384K(86528K)] 167594K->81578K(281088K), 0.0020523 secs] [Times: user=0.02 sys=0.00, real=0.00 secs] 
2021-08-18T21:14:40.107+0800: 17167.705: [GC (Allocation Failure) [PSYoungGen: 86400K->384K(86528K)] 167594K->81578K(281088K), 0.0020565 secs] [Times: user=0.02 sys=0.00, real=0.00 secs] 
2021-08-18T21:14:55.107+0800: 17182.704: [GC (Allocation Failure) [PSYoungGen: 86400K->384K(86528K)] 167594K->81602K(281088K), 0.0018763 secs] [Times: user=0.01 sys=0.00, real=0.00 secs] 
2021-08-18T21:15:09.604+0800: 17197.202: [GC (Allocation Failure) [PSYoungGen: 86400K->384K(86528K)] 167618K->81626K(281088K), 0.0020238 secs] [Times: user=0.01 sys=0.00, real=0.00 secs] 
2021-08-18T21:15:24.106+0800: 17211.703: [GC (Allocation Failure) [PSYoungGen: 86400K->384K(86528K)] 167642K->81626K(281088K), 0.0022796 secs] [Times: user=0.02 sys=0.00, real=0.00 secs] 
2021-08-18T21:15:38.602+0800: 17226.200: [GC (Allocation Failure) [PSYoungGen: 86400K->416K(86528K)] 167642K->81666K(281088K), 0.0020157 secs] [Times: user=0.02 sys=0.00, real=0.00 secs] 
2021-08-18T21:15:53.107+0800: 17240.705: [GC (Allocation Failure) [PSYoungGen: 86432K->416K(86528K)] 167682K->81666K(281088K), 0.0019073 secs] [Times: user=0.02 sys=0.00, real=0.00 secs] 
2021-08-18T21:16:07.988+0800: 17255.585: [GC (Allocation Failure) [PSYoungGen: 86432K->416K(86528K)] 167682K->81666K(281088K), 0.0022069 secs] [Times: user=0.01 sys=0.00, real=0.00 secs] 
2021-08-18T21:16:22.601+0800: 17270.199: [GC (Allocation Failure) [PSYoungGen: 86432K->384K(86528K)] 167682K->81634K(281088K), 0.0021902 secs] [Times: user=0.02 sys=0.00, real=0.00 secs] 
2021-08-18T21:16:37.109+0800: 17284.707: [GC (Allocation Failure) [PSYoungGen: 86400K->416K(86528K)] 167650K->81666K(281088K), 0.0018281 secs] [Times: user=0.01 sys=0.00, real=0.01 secs] 
2021-08-18T21:16:51.604+0800: 17299.202: [GC (Allocation Failure) [PSYoungGen: 86432K->416K(86528K)] 167682K->81666K(281088K), 0.0021608 secs] [Times: user=0.02 sys=0.00, real=0.00 secs] 
2021-08-18T21:17:06.107+0800: 17313.705: [GC (Allocation Failure) [PSYoungGen: 86432K->416K(86528K)] 167682K->81666K(281088K), 0.0021513 secs] [Times: user=0.01 sys=0.00, real=0.00 secs] 
2021-08-18T21:17:21.104+0800: 17328.702: [GC (Allocation Failure) [PSYoungGen: 86432K->384K(86528K)] 167682K->81634K(281088K), 0.0024746 secs] [Times: user=0.02 sys=0.00, real=0.00 secs] 
2021-08-18T21:17:35.604+0800: 17343.202: [GC (Allocation Failure) [PSYoungGen: 86400K->416K(86528K)] 167650K->81690K(281088K), 0.0019747 secs] [Times: user=0.01 sys=0.00, real=0.00 secs] 
2021-08-18T21:17:50.103+0800: 17357.700: [GC (Allocation Failure) [PSYoungGen: 86432K->384K(86528K)] 167706K->81682K(281088K), 0.0019869 secs] [Times: user=0.02 sys=0.00, real=0.00 secs] 
2021-08-18T21:18:04.824+0800: 17372.422: [GC (Allocation Failure) [PSYoungGen: 86400K->416K(86528K)] 167698K->81714K(281088K), 0.0022820 secs] [Times: user=0.01 sys=0.00, real=0.00 secs] 
2021-08-18T21:18:19.108+0800: 17386.706: [GC (Allocation Failure) [PSYoungGen: 86432K->416K(86528K)] 167730K->81714K(281088K), 0.0018767 secs] [Times: user=0.01 sys=0.00, real=0.01 secs] 
2021-08-18T21:18:34.105+0800: 17401.703: [GC (Allocation Failure) [PSYoungGen: 86432K->416K(86528K)] 167730K->81714K(281088K), 0.0019040 secs] [Times: user=0.02 sys=0.00, real=0.00 secs] 
2021-08-18T21:18:48.108+0800: 17415.705: [GC (Allocation Failure) [PSYoungGen: 86432K->416K(86528K)] 167730K->81714K(281088K), 0.0021289 secs] [Times: user=0.02 sys=0.00, real=0.00 secs] 
2021-08-18T21:19:03.104+0800: 17430.701: [GC (Allocation Failure) [PSYoungGen: 86432K->224K(86528K)] 167730K->81522K(281088K), 0.0021125 secs] [Times: user=0.02 sys=0.00, real=0.00 secs] 
2021-08-18T21:19:17.768+0800: 17445.365: [GC (Allocation Failure) [PSYoungGen: 86240K->352K(86528K)] 167538K->81650K(281088K), 0.0022029 secs] [Times: user=0.01 sys=0.00, real=0.00 secs] 
2021-08-18T21:19:32.108+0800: 17459.706: [GC (Allocation Failure) [PSYoungGen: 86368K->416K(86528K)] 167666K->81714K(281088K), 0.0019812 secs] [Times: user=0.01 sys=0.00, real=0.00 secs] 
2021-08-18T21:19:46.827+0800: 17474.425: [GC (Allocation Failure) [PSYoungGen: 86432K->416K(86528K)] 167730K->81714K(281088K), 0.0021936 secs] [Times: user=0.01 sys=0.00, real=0.00 secs] 
2021-08-18T21:20:01.109+0800: 17488.707: [GC (Allocation Failure) [PSYoungGen: 86432K->384K(86528K)] 167730K->81682K(281088K), 0.0019109 secs] [Times: user=0.01 sys=0.00, real=0.01 secs] 
2021-08-18T21:20:16.106+0800: 17503.704: [GC (Allocation Failure) [PSYoungGen: 86400K->288K(86528K)] 167698K->81594K(281088K), 0.0019060 secs] [Times: user=0.01 sys=0.00, real=0.00 secs] 
2021-08-18T21:20:30.604+0800: 17518.202: [GC (Allocation Failure) [PSYoungGen: 86304K->416K(86528K)] 167610K->81770K(281088K), 0.0019205 secs] [Times: user=0.02 sys=0.00, real=0.00 secs] 
2021-08-18T21:20:45.108+0800: 17532.706: [GC (Allocation Failure) [PSYoungGen: 86432K->416K(86528K)] 167786K->81770K(281088K), 0.0018757 secs] [Times: user=0.01 sys=0.00, real=0.00 secs] 
2021-08-18T21:20:59.605+0800: 17547.203: [GC (Allocation Failure) [PSYoungGen: 86432K->352K(86528K)] 167786K->81706K(281088K), 0.0019943 secs] [Times: user=0.02 sys=0.00, real=0.00 secs] 
2021-08-18T21:21:14.110+0800: 17561.708: [GC (Allocation Failure) [PSYoungGen: 86368K->384K(86528K)] 167722K->81738K(281088K), 0.0019611 secs] [Times: user=0.02 sys=0.00, real=0.00 secs] 
2021-08-18T21:21:29.106+0800: 17576.704: [GC (Allocation Failure) [PSYoungGen: 86400K->320K(86528K)] 167754K->81674K(281088K), 0.0023643 secs] [Times: user=0.02 sys=0.00, real=0.00 secs] 
2021-08-18T21:21:43.110+0800: 17590.707: [GC (Allocation Failure) [PSYoungGen: 86336K->416K(86528K)] 167690K->81770K(281088K), 0.0019248 secs] [Times: user=0.02 sys=0.00, real=0.01 secs] 
2021-08-18T21:21:58.106+0800: 17605.703: [GC (Allocation Failure) [PSYoungGen: 86432K->384K(86528K)] 167786K->81738K(281088K), 0.0020382 secs] [Times: user=0.02 sys=0.00, real=0.00 secs] 
2021-08-18T21:22:12.628+0800: 17620.226: [GC (Allocation Failure) [PSYoungGen: 86399K->416K(86528K)] 167754K->81770K(281088K), 0.0021518 secs] [Times: user=0.02 sys=0.00, real=0.01 secs] 
2021-08-18T21:22:27.110+0800: 17634.708: [GC (Allocation Failure) [PSYoungGen: 86432K->384K(86528K)] 167786K->81738K(281088K), 0.0021250 secs] [Times: user=0.02 sys=0.00, real=0.00 secs] 
2021-08-18T21:22:41.610+0800: 17649.208: [GC (Allocation Failure) [PSYoungGen: 86400K->384K(86528K)] 167754K->81738K(281088K), 0.0025562 secs] [Times: user=0.01 sys=0.00, real=0.00 secs] 
2021-08-18T21:22:56.606+0800: 17664.204: [GC (Allocation Failure) [PSYoungGen: 86400K->384K(86528K)] 167754K->81746K(281088K), 0.0020768 secs] [Times: user=0.01 sys=0.00, real=0.00 secs] 
2021-08-18T21:23:11.107+0800: 17678.704: [GC (Allocation Failure) [PSYoungGen: 86400K->416K(86528K)] 167762K->81786K(281088K), 0.0023985 secs] [Times: user=0.02 sys=0.00, real=0.00 secs] 
2021-08-18T21:23:26.105+0800: 17693.703: [GC (Allocation Failure) [PSYoungGen: 86432K->352K(86528K)] 167802K->81722K(281088K), 0.0019064 secs] [Times: user=0.01 sys=0.00, real=0.00 secs] 
2021-08-18T21:23:40.108+0800: 17707.705: [GC (Allocation Failure) [PSYoungGen: 86368K->416K(86528K)] 167738K->81786K(281088K), 0.0018799 secs] [Times: user=0.01 sys=0.00, real=0.00 secs] 
2021-08-18T21:23:55.107+0800: 17722.705: [GC (Allocation Failure) [PSYoungGen: 86432K->416K(86528K)] 167802K->81786K(281088K), 0.0019293 secs] [Times: user=0.01 sys=0.00, real=0.00 secs] 
2021-08-18T21:24:09.121+0800: 17736.718: [GC (Allocation Failure) [PSYoungGen: 86432K->432K(86528K)] 167802K->81802K(281088K), 0.0019657 secs] [Times: user=0.01 sys=0.00, real=0.00 secs] 
2021-08-18T21:24:24.108+0800: 17751.706: [GC (Allocation Failure) [PSYoungGen: 86448K->496K(86528K)] 167818K->81867K(281088K), 0.0019590 secs] [Times: user=0.01 sys=0.00, real=0.00 secs] 
2021-08-18T21:24:38.113+0800: 17765.711: [GC (Allocation Failure) [PSYoungGen: 86512K->480K(86528K)] 167883K->81859K(281088K), 0.0022355 secs] [Times: user=0.01 sys=0.00, real=0.00 secs] 
2021-08-18T21:24:53.109+0800: 17780.706: [GC (Allocation Failure) [PSYoungGen: 86496K->496K(85504K)] 167875K->81923K(280064K), 0.0024165 secs] [Times: user=0.02 sys=0.00, real=0.01 secs] 
2021-08-18T21:25:07.608+0800: 17795.206: [GC (Allocation Failure) [PSYoungGen: 85488K->688K(86016K)] 166915K->82123K(280576K), 0.0019880 secs] [Times: user=0.01 sys=0.00, real=0.01 secs] 
2021-08-18T21:25:22.107+0800: 17809.705: [GC (Allocation Failure) [PSYoungGen: 85680K->960K(86016K)] 167115K->82395K(280576K), 0.0020835 secs] [Times: user=0.01 sys=0.00, real=0.00 secs] 
2021-08-18T21:25:36.606+0800: 17824.203: [GC (Allocation Failure) [PSYoungGen: 85952K->976K(86016K)] 167387K->82411K(280576K), 0.0026475 secs] [Times: user=0.02 sys=0.00, real=0.00 secs] 
2021-08-18T21:25:50.607+0800: 17838.205: [GC (Allocation Failure) [PSYoungGen: 85968K->1008K(84992K)] 167403K->82523K(279552K), 0.0021518 secs] [Times: user=0.01 sys=0.00, real=0.00 secs] 
2021-08-18T21:26:05.107+0800: 17852.705: [GC (Allocation Failure) [PSYoungGen: 84976K->1056K(85504K)] 166491K->82571K(280064K), 0.0019121 secs] [Times: user=0.02 sys=0.00, real=0.00 secs] 
2021-08-18T21:26:19.111+0800: 17866.709: [GC (Allocation Failure) [PSYoungGen: 85024K->1040K(85504K)] 166539K->82555K(280064K), 0.0021373 secs] [Times: user=0.01 sys=0.00, real=0.00 secs] 
2021-08-18T21:26:33.828+0800: 17881.426: [GC (Allocation Failure) [PSYoungGen: 85008K->1024K(85504K)] 166523K->82539K(280064K), 0.0021850 secs] [Times: user=0.02 sys=0.00, real=0.01 secs] 
2021-08-18T21:26:47.608+0800: 17895.206: [GC (Allocation Failure) [PSYoungGen: 84992K->1008K(85504K)] 166507K->82531K(280064K), 0.0023175 secs] [Times: user=0.02 sys=0.00, real=0.01 secs] 
2021-08-18T21:27:01.827+0800: 17909.425: [GC (Allocation Failure) [PSYoungGen: 84976K->1024K(85504K)] 166499K->82547K(280064K), 0.0021618 secs] [Times: user=0.02 sys=0.00, real=0.00 secs] 
2021-08-18T21:27:16.111+0800: 17923.709: [GC (Allocation Failure) [PSYoungGen: 84992K->1136K(85504K)] 166515K->82659K(280064K), 0.0019810 secs] [Times: user=0.01 sys=0.00, real=0.00 secs] 
2021-08-18T21:27:30.109+0800: 17937.707: [GC (Allocation Failure) [PSYoungGen: 85104K->1024K(85504K)] 166627K->82547K(280064K), 0.0019833 secs] [Times: user=0.01 sys=0.00, real=0.01 secs] 
2021-08-18T21:27:44.610+0800: 17952.207: [GC (Allocation Failure) [PSYoungGen: 84992K->976K(85504K)] 166515K->82619K(280064K), 0.0024733 secs] [Times: user=0.01 sys=0.00, real=0.01 secs] 
2021-08-18T21:27:58.609+0800: 17966.207: [GC (Allocation Failure) [PSYoungGen: 84944K->1008K(85504K)] 166587K->82787K(280064K), 0.0020809 secs] [Times: user=0.02 sys=0.00, real=0.01 secs] 
2021-08-18T21:28:13.109+0800: 17980.706: [GC (Allocation Failure) [PSYoungGen: 84976K->848K(85504K)] 166755K->82771K(280064K), 0.0018459 secs] [Times: user=0.02 sys=0.00, real=0.01 secs] 
2021-08-18T21:28:27.112+0800: 17994.710: [GC (Allocation Failure) [PSYoungGen: 84816K->720K(85504K)] 166739K->82867K(280064K), 0.0029176 secs] [Times: user=0.01 sys=0.01, real=0.00 secs] 
2021-08-18T21:28:41.114+0800: 18008.712: [GC (Allocation Failure) [PSYoungGen: 84688K->592K(85504K)] 166835K->82875K(280064K), 0.0020714 secs] [Times: user=0.01 sys=0.00, real=0.00 secs] 
2021-08-18T21:28:55.824+0800: 18023.421: [GC (Allocation Failure) [PSYoungGen: 84560K->528K(85504K)] 166843K->83011K(280064K), 0.0018386 secs] [Times: user=0.02 sys=0.00, real=0.00 secs] 
2021-08-18T21:29:10.112+0800: 18037.709: [GC (Allocation Failure) [PSYoungGen: 84496K->464K(85504K)] 166979K->83067K(280064K), 0.0022113 secs] [Times: user=0.01 sys=0.00, real=0.00 secs] 
2021-08-18T21:29:25.109+0800: 18052.707: [GC (Allocation Failure) [PSYoungGen: 84432K->416K(85504K)] 167035K->83155K(280064K), 0.0019703 secs] [Times: user=0.02 sys=0.00, real=0.01 secs] 
2021-08-18T21:29:39.113+0800: 18066.711: [GC (Allocation Failure) [PSYoungGen: 84384K->416K(85504K)] 167123K->83155K(280064K), 0.0018811 secs] [Times: user=0.01 sys=0.00, real=0.00 secs] 
2021-08-18T21:29:53.615+0800: 18081.212: [GC (Allocation Failure) [PSYoungGen: 84384K->416K(85504K)] 167123K->83155K(280064K), 0.0020193 secs] [Times: user=0.01 sys=0.00, real=0.00 secs] 
2021-08-18T21:30:07.820+0800: 18095.418: [GC (Allocation Failure) [PSYoungGen: 84384K->352K(85504K)] 167123K->83091K(280064K), 0.0022288 secs] [Times: user=0.01 sys=0.00, real=0.01 secs] 
2021-08-18T21:30:21.823+0800: 18109.421: [GC (Allocation Failure) [PSYoungGen: 84320K->416K(85504K)] 167059K->83235K(280064K), 0.0021163 secs] [Times: user=0.02 sys=0.00, real=0.00 secs] 
2021-08-18T21:30:36.111+0800: 18123.709: [GC (Allocation Failure) [PSYoungGen: 84384K->416K(85504K)] 167203K->83235K(280064K), 0.0023233 secs] [Times: user=0.01 sys=0.00, real=0.00 secs] 
2021-08-18T21:30:50.115+0800: 18137.712: [GC (Allocation Failure) [PSYoungGen: 84384K->416K(85504K)] 167203K->83259K(280064K), 0.0020963 secs] [Times: user=0.01 sys=0.00, real=0.00 secs] 
2021-08-18T21:31:04.111+0800: 18151.709: [GC (Allocation Failure) [PSYoungGen: 84384K->416K(85504K)] 167227K->83275K(280064K), 0.0021309 secs] [Times: user=0.02 sys=0.00, real=0.00 secs] 
2021-08-18T21:31:18.114+0800: 18165.712: [GC (Allocation Failure) [PSYoungGen: 84384K->320K(85504K)] 167243K->83179K(280064K), 0.0020588 secs] [Times: user=0.01 sys=0.00, real=0.00 secs] 
2021-08-18T21:31:32.113+0800: 18179.710: [GC (Allocation Failure) [PSYoungGen: 84288K->352K(85504K)] 167147K->83211K(280064K), 0.0019268 secs] [Times: user=0.01 sys=0.00, real=0.00 secs] 
2021-08-18T21:31:46.112+0800: 18193.710: [GC (Allocation Failure) [PSYoungGen: 84320K->416K(85504K)] 167179K->83275K(280064K), 0.0020790 secs] [Times: user=0.02 sys=0.00, real=0.00 secs] 
2021-08-18T21:32:00.111+0800: 18207.709: [GC (Allocation Failure) [PSYoungGen: 84384K->352K(85504K)] 167243K->83211K(280064K), 0.0020457 secs] [Times: user=0.01 sys=0.00, real=0.00 secs] 
2021-08-18T21:32:14.610+0800: 18222.208: [GC (Allocation Failure) [PSYoungGen: 84320K->416K(85504K)] 167179K->83283K(280064K), 0.0019217 secs] [Times: user=0.01 sys=0.00, real=0.00 secs] 
2021-08-18T21:32:29.610+0800: 18237.208: [GC (Allocation Failure) [PSYoungGen: 84384K->416K(86016K)] 167251K->83299K(280576K), 0.0020957 secs] [Times: user=0.02 sys=0.00, real=0.00 secs] 
2021-08-18T21:32:44.111+0800: 18251.708: [GC (Allocation Failure) [PSYoungGen: 85408K->416K(86016K)] 168291K->83307K(280576K), 0.0023249 secs] [Times: user=0.01 sys=0.00, real=0.00 secs] 
2021-08-18T21:32:58.118+0800: 18265.716: [GC (Allocation Failure) [PSYoungGen: 85408K->416K(86016K)] 168299K->83331K(280576K), 0.0019008 secs] [Times: user=0.02 sys=0.00, real=0.01 secs] 
2021-08-18T21:33:13.115+0800: 18280.713: [GC (Allocation Failure) [PSYoungGen: 85408K->416K(86016K)] 168323K->83403K(280576K), 0.0021558 secs] [Times: user=0.01 sys=0.00, real=0.00 secs] 
2021-08-18T21:33:27.819+0800: 18295.416: [GC (Allocation Failure) [PSYoungGen: 85408K->384K(86016K)] 168395K->83379K(280576K), 0.0019022 secs] [Times: user=0.01 sys=0.00, real=0.01 secs] 
2021-08-18T21:33:42.111+0800: 18309.708: [GC (Allocation Failure) [PSYoungGen: 85376K->352K(86016K)] 168371K->83395K(280576K), 0.0020137 secs] [Times: user=0.01 sys=0.00, real=0.00 secs] 
2021-08-18T21:33:56.609+0800: 18324.207: [GC (Allocation Failure) [PSYoungGen: 85344K->416K(86016K)] 168387K->83459K(280576K), 0.0019306 secs] [Times: user=0.01 sys=0.00, real=0.01 secs] 
2021-08-18T21:34:11.111+0800: 18338.708: [GC (Allocation Failure) [PSYoungGen: 85408K->384K(86016K)] 168451K->83443K(280576K), 0.0020488 secs] [Times: user=0.02 sys=0.00, real=0.00 secs] 
2021-08-18T21:34:25.613+0800: 18353.211: [GC (Allocation Failure) [PSYoungGen: 85376K->416K(86016K)] 168435K->83475K(280576K), 0.0019433 secs] [Times: user=0.01 sys=0.00, real=0.00 secs] 
2021-08-18T21:34:39.817+0800: 18367.414: [GC (Allocation Failure) [PSYoungGen: 85408K->416K(86016K)] 168467K->83475K(280576K), 0.0021154 secs] [Times: user=0.02 sys=0.00, real=0.00 secs] 
2021-08-18T21:34:54.115+0800: 18381.713: [GC (Allocation Failure) [PSYoungGen: 85408K->416K(86016K)] 168467K->83475K(280576K), 0.0019417 secs] [Times: user=0.02 sys=0.00, real=0.00 secs] 
2021-08-18T21:35:09.110+0800: 18396.708: [GC (Allocation Failure) [PSYoungGen: 85408K->384K(86016K)] 168467K->83443K(280576K), 0.0020695 secs] [Times: user=0.01 sys=0.01, real=0.01 secs] 
2021-08-18T21:35:23.610+0800: 18411.208: [GC (Allocation Failure) [PSYoungGen: 85376K->416K(86016K)] 168435K->83475K(280576K), 0.0022259 secs] [Times: user=0.02 sys=0.00, real=0.00 secs] 
2021-08-18T21:35:37.999+0800: 18425.597: [GC (Allocation Failure) [PSYoungGen: 85408K->384K(86016K)] 168467K->83499K(280576K), 0.0021939 secs] [Times: user=0.01 sys=0.00, real=0.01 secs] 
2021-08-18T21:35:52.116+0800: 18439.714: [GC (Allocation Failure) [PSYoungGen: 85376K->416K(86016K)] 168491K->83547K(280576K), 0.0018782 secs] [Times: user=0.02 sys=0.00, real=0.00 secs] 
2021-08-18T21:36:07.112+0800: 18454.710: [GC (Allocation Failure) [PSYoungGen: 85408K->416K(86016K)] 168539K->83579K(280576K), 0.0020118 secs] [Times: user=0.01 sys=0.00, real=0.00 secs] 
2021-08-18T21:36:21.614+0800: 18469.212: [GC (Allocation Failure) [PSYoungGen: 85408K->384K(86016K)] 168571K->83563K(280576K), 0.0021583 secs] [Times: user=0.01 sys=0.00, real=0.00 secs] 
2021-08-18T21:36:36.117+0800: 18483.715: [GC (Allocation Failure) [PSYoungGen: 85376K->320K(86016K)] 168555K->83515K(280576K), 0.0019302 secs] [Times: user=0.02 sys=0.00, real=0.00 secs] 
2021-08-18T21:36:50.115+0800: 18497.713: [GC (Allocation Failure) [PSYoungGen: 85312K->416K(86016K)] 168507K->83611K(280576K), 0.0018473 secs] [Times: user=0.01 sys=0.00, real=0.00 secs] 
2021-08-18T21:37:05.112+0800: 18512.710: [GC (Allocation Failure) [PSYoungGen: 85408K->352K(86016K)] 168603K->83547K(280576K), 0.0019314 secs] [Times: user=0.02 sys=0.00, real=0.00 secs] 
2021-08-18T21:37:19.615+0800: 18527.213: [GC (Allocation Failure) [PSYoungGen: 85344K->416K(86016K)] 168539K->83611K(280576K), 0.0024588 secs] [Times: user=0.01 sys=0.00, real=0.00 secs] 
2021-08-18T21:37:34.116+0800: 18541.714: [GC (Allocation Failure) [PSYoungGen: 85408K->352K(86016K)] 168603K->83547K(280576K), 0.0019638 secs] [Times: user=0.01 sys=0.00, real=0.00 secs] 
2021-08-18T21:37:48.116+0800: 18555.713: [GC (Allocation Failure) [PSYoungGen: 85344K->416K(86016K)] 168539K->83611K(280576K), 0.0019633 secs] [Times: user=0.02 sys=0.00, real=0.00 secs] 
2021-08-18T21:38:03.113+0800: 18570.711: [GC (Allocation Failure) [PSYoungGen: 85408K->416K(86016K)] 168603K->83611K(280576K), 0.0018694 secs] [Times: user=0.01 sys=0.00, real=0.00 secs] 
2021-08-18T21:38:17.814+0800: 18585.412: [GC (Allocation Failure) [PSYoungGen: 85408K->352K(86016K)] 168603K->83555K(280576K), 0.0019974 secs] [Times: user=0.01 sys=0.00, real=0.00 secs] 
2021-08-18T21:38:32.118+0800: 18599.715: [GC (Allocation Failure) [PSYoungGen: 85344K->416K(86016K)] 168547K->83619K(280576K), 0.0020401 secs] [Times: user=0.02 sys=0.00, real=0.00 secs] 
2021-08-18T21:38:46.614+0800: 18614.212: [GC (Allocation Failure) [PSYoungGen: 85408K->416K(86528K)] 168611K->83619K(281088K), 0.0019691 secs] [Times: user=0.02 sys=0.00, real=0.00 secs] 
2021-08-18T21:39:01.117+0800: 18628.715: [GC (Allocation Failure) [PSYoungGen: 85920K->416K(86016K)] 169123K->83627K(280576K), 0.0019388 secs] [Times: user=0.02 sys=0.00, real=0.00 secs] 
2021-08-18T21:39:16.118+0800: 18643.715: [GC (Allocation Failure) [PSYoungGen: 85920K->416K(86528K)] 169131K->83635K(281088K), 0.0020028 secs] [Times: user=0.02 sys=0.00, real=0.00 secs] 
2021-08-18T21:39:30.614+0800: 18658.212: [GC (Allocation Failure) [PSYoungGen: 86432K->320K(86528K)] 169651K->83547K(281088K), 0.0021389 secs] [Times: user=0.02 sys=0.00, real=0.00 secs] 
2021-08-18T21:39:45.119+0800: 18672.716: [GC (Allocation Failure) [PSYoungGen: 86336K->416K(86528K)] 169563K->83643K(281088K), 0.0019909 secs] [Times: user=0.02 sys=0.00, real=0.01 secs] 
2021-08-18T21:40:00.113+0800: 18687.711: [GC (Allocation Failure) [PSYoungGen: 86432K->416K(86528K)] 169659K->83643K(281088K), 0.0023739 secs] [Times: user=0.01 sys=0.01, real=0.00 secs] 
2021-08-18T21:40:14.813+0800: 18702.411: [GC (Allocation Failure) [PSYoungGen: 86432K->352K(86528K)] 169659K->83579K(281088K), 0.0019597 secs] [Times: user=0.01 sys=0.00, real=0.00 secs] 
2021-08-18T21:40:29.119+0800: 18716.716: [GC (Allocation Failure) [PSYoungGen: 86368K->384K(86528K)] 169595K->83611K(281088K), 0.0022166 secs] [Times: user=0.02 sys=0.00, real=0.01 secs] 
2021-08-18T21:40:44.118+0800: 18731.716: [GC (Allocation Failure) [PSYoungGen: 86400K->352K(86528K)] 169627K->83579K(281088K), 0.0019999 secs] [Times: user=0.02 sys=0.00, real=0.01 secs] 
2021-08-18T21:40:58.615+0800: 18746.213: [GC (Allocation Failure) [PSYoungGen: 86368K->352K(86528K)] 169595K->83587K(281088K), 0.0019668 secs] [Times: user=0.01 sys=0.00, real=0.00 secs] 
2021-08-18T21:41:13.438+0800: 18761.035: [GC (Allocation Failure) [PSYoungGen: 86368K->384K(86528K)] 169603K->83619K(281088K), 0.0024866 secs] [Times: user=0.02 sys=0.00, real=0.00 secs] 
2021-08-18T21:41:28.117+0800: 18775.715: [GC (Allocation Failure) [PSYoungGen: 86400K->416K(86528K)] 169635K->83651K(281088K), 0.0018151 secs] [Times: user=0.01 sys=0.00, real=0.00 secs] 
2021-08-18T21:41:42.812+0800: 18790.409: [GC (Allocation Failure) [PSYoungGen: 86432K->288K(86528K)] 169667K->83547K(281088K), 0.0022101 secs] [Times: user=0.01 sys=0.00, real=0.00 secs] 
2021-08-18T21:41:57.618+0800: 18805.216: [GC (Allocation Failure) [PSYoungGen: 86304K->384K(86528K)] 169563K->83651K(281088K), 0.0020725 secs] [Times: user=0.01 sys=0.00, real=0.00 secs] 
2021-08-18T21:42:12.121+0800: 18819.719: [GC (Allocation Failure) [PSYoungGen: 86400K->416K(86528K)] 169667K->83683K(281088K), 0.0019570 secs] [Times: user=0.02 sys=0.00, real=0.00 secs] 
2021-08-18T21:42:27.116+0800: 18834.714: [GC (Allocation Failure) [PSYoungGen: 86432K->384K(86528K)] 169699K->83651K(281088K), 0.0020209 secs] [Times: user=0.01 sys=0.00, real=0.00 secs] 
2021-08-18T21:42:41.120+0800: 18848.718: [GC (Allocation Failure) [PSYoungGen: 86400K->416K(86528K)] 169667K->83683K(281088K), 0.0020444 secs] [Times: user=0.01 sys=0.00, real=0.01 secs] 
2021-08-18T21:42:56.120+0800: 18863.718: [GC (Allocation Failure) [PSYoungGen: 86432K->384K(86528K)] 169699K->83651K(281088K), 0.0018207 secs] [Times: user=0.02 sys=0.00, real=0.00 secs] 
2021-08-18T21:43:11.119+0800: 18878.716: [GC (Allocation Failure) [PSYoungGen: 86400K->416K(86528K)] 169667K->83683K(281088K), 0.0019654 secs] [Times: user=0.02 sys=0.00, real=0.01 secs] 
2021-08-18T21:43:26.117+0800: 18893.715: [GC (Allocation Failure) [PSYoungGen: 86432K->416K(86528K)] 169699K->83683K(281088K), 0.0020783 secs] [Times: user=0.01 sys=0.00, real=0.00 secs] 
2021-08-18T21:43:40.119+0800: 18907.717: [GC (Allocation Failure) [PSYoungGen: 86432K->320K(86528K)] 169699K->83595K(281088K), 0.0022509 secs] [Times: user=0.01 sys=0.00, real=0.01 secs] 
2021-08-18T21:43:55.118+0800: 18922.716: [GC (Allocation Failure) [PSYoungGen: 86336K->384K(86528K)] 169611K->83659K(281088K), 0.0020019 secs] [Times: user=0.01 sys=0.00, real=0.01 secs] 
2021-08-18T21:44:09.617+0800: 18937.215: [GC (Allocation Failure) [PSYoungGen: 86400K->320K(86528K)] 169675K->83603K(281088K), 0.0019349 secs] [Times: user=0.01 sys=0.00, real=0.00 secs] 
2021-08-18T21:44:24.123+0800: 18951.721: [GC (Allocation Failure) [PSYoungGen: 86336K->416K(86528K)] 169619K->83707K(281088K), 0.0019676 secs] [Times: user=0.01 sys=0.00, real=0.00 secs] 
2021-08-18T21:44:39.117+0800: 18966.714: [GC (Allocation Failure) [PSYoungGen: 86432K->352K(86528K)] 169723K->83659K(281088K), 0.0020177 secs] [Times: user=0.01 sys=0.00, real=0.00 secs] 
2021-08-18T21:44:53.811+0800: 18981.409: [GC (Allocation Failure) [PSYoungGen: 86368K->416K(86528K)] 169675K->83723K(281088K), 0.0021335 secs] [Times: user=0.02 sys=0.00, real=0.00 secs] 
2021-08-18T21:45:08.120+0800: 18995.718: [GC (Allocation Failure) [PSYoungGen: 86432K->416K(86528K)] 169739K->83723K(281088K), 0.0017914 secs] [Times: user=0.02 sys=0.00, real=0.00 secs] 
2021-08-18T21:45:23.122+0800: 19010.719: [GC (Allocation Failure) [PSYoungGen: 86432K->416K(86528K)] 169739K->83723K(281088K), 0.0021836 secs] [Times: user=0.01 sys=0.00, real=0.00 secs] 
2021-08-18T21:45:37.855+0800: 19025.452: [GC (Allocation Failure) [PSYoungGen: 86432K->416K(86528K)] 169739K->83723K(281088K), 0.0019376 secs] [Times: user=0.01 sys=0.00, real=0.00 secs] 
2021-08-18T21:45:52.123+0800: 19039.721: [GC (Allocation Failure) [PSYoungGen: 86432K->416K(86528K)] 169739K->83723K(281088K), 0.0020597 secs] [Times: user=0.01 sys=0.00, real=0.00 secs] 
2021-08-18T21:46:07.122+0800: 19054.720: [GC (Allocation Failure) [PSYoungGen: 86432K->352K(86528K)] 169739K->83659K(281088K), 0.0019471 secs] [Times: user=0.02 sys=0.00, real=0.00 secs] 
2021-08-18T21:46:22.119+0800: 19069.717: [GC (Allocation Failure) [PSYoungGen: 86368K->288K(86528K)] 169675K->83603K(281088K), 0.0021014 secs] [Times: user=0.02 sys=0.00, real=0.01 secs] 
2021-08-18T21:46:36.810+0800: 19084.407: [GC (Allocation Failure) [PSYoungGen: 86304K->384K(86528K)] 169619K->83699K(281088K), 0.0019041 secs] [Times: user=0.01 sys=0.00, real=0.01 secs] 
2021-08-18T21:46:51.119+0800: 19098.717: [GC (Allocation Failure) [PSYoungGen: 86400K->416K(86528K)] 169715K->83731K(281088K), 0.0019166 secs] [Times: user=0.01 sys=0.00, real=0.01 secs] 
2021-08-18T21:47:06.119+0800: 19113.716: [GC (Allocation Failure) [PSYoungGen: 86432K->384K(86528K)] 169747K->83747K(281088K), 0.0019062 secs] [Times: user=0.02 sys=0.00, real=0.01 secs] 
2021-08-18T21:47:20.618+0800: 19128.216: [GC (Allocation Failure) [PSYoungGen: 86400K->416K(86528K)] 169763K->83779K(281088K), 0.0019931 secs] [Times: user=0.01 sys=0.00, real=0.01 secs] 
2021-08-18T21:47:35.123+0800: 19142.721: [GC (Allocation Failure) [PSYoungGen: 86432K->416K(86528K)] 169795K->83779K(281088K), 0.0018217 secs] [Times: user=0.02 sys=0.00, real=0.00 secs] 
2021-08-18T21:47:49.812+0800: 19157.410: [GC (Allocation Failure) [PSYoungGen: 86432K->416K(86528K)] 169795K->83779K(281088K), 0.0020941 secs] [Times: user=0.01 sys=0.00, real=0.00 secs] 
2021-08-18T21:48:04.619+0800: 19172.217: [GC (Allocation Failure) [PSYoungGen: 86432K->352K(86528K)] 169795K->83715K(281088K), 0.0019036 secs] [Times: user=0.01 sys=0.00, real=0.01 secs] 
2021-08-18T21:48:19.125+0800: 19186.723: [GC (Allocation Failure) [PSYoungGen: 86368K->320K(86528K)] 169731K->83683K(281088K), 0.0021913 secs] [Times: user=0.02 sys=0.00, real=0.00 secs] 
2021-08-18T21:48:34.123+0800: 19201.720: [GC (Allocation Failure) [PSYoungGen: 86336K->320K(86528K)] 169699K->83683K(281088K), 0.0023740 secs] [Times: user=0.01 sys=0.00, real=0.00 secs] 
2021-08-18T21:48:48.125+0800: 19215.722: [GC (Allocation Failure) [PSYoungGen: 86336K->384K(86528K)] 169699K->83747K(281088K), 0.0018914 secs] [Times: user=0.01 sys=0.00, real=0.00 secs] 
2021-08-18T21:49:03.123+0800: 19230.721: [GC (Allocation Failure) [PSYoungGen: 86400K->416K(86528K)] 169763K->83795K(281088K), 0.0020274 secs] [Times: user=0.01 sys=0.00, real=0.00 secs] 
2021-08-18T21:49:18.120+0800: 19245.718: [GC (Allocation Failure) [PSYoungGen: 86432K->416K(86528K)] 169811K->83795K(281088K), 0.0020682 secs] [Times: user=0.02 sys=0.00, real=0.00 secs] 
2021-08-18T21:49:33.120+0800: 19260.718: [GC (Allocation Failure) [PSYoungGen: 86432K->384K(86528K)] 169811K->83763K(281088K), 0.0022306 secs] [Times: user=0.02 sys=0.00, real=0.01 secs] 
2021-08-18T21:49:47.125+0800: 19274.722: [GC (Allocation Failure) [PSYoungGen: 86400K->352K(86528K)] 169779K->83771K(281088K), 0.0020113 secs] [Times: user=0.02 sys=0.00, real=0.00 secs] 
2021-08-18T21:50:02.121+0800: 19289.719: [GC (Allocation Failure) [PSYoungGen: 86368K->416K(86528K)] 169787K->83835K(281088K), 0.0019155 secs] [Times: user=0.01 sys=0.00, real=0.00 secs] 
2021-08-18T21:50:17.121+0800: 19304.719: [GC (Allocation Failure) [PSYoungGen: 86432K->416K(86528K)] 169851K->83835K(281088K), 0.0018852 secs] [Times: user=0.01 sys=0.00, real=0.00 secs] 
2021-08-18T21:50:31.623+0800: 19319.221: [GC (Allocation Failure) [PSYoungGen: 86432K->384K(86528K)] 169851K->83819K(281088K), 0.0019898 secs] [Times: user=0.01 sys=0.00, real=0.00 secs] 
2021-08-18T21:50:46.125+0800: 19333.723: [GC (Allocation Failure) [PSYoungGen: 86400K->416K(86528K)] 169835K->83851K(281088K), 0.0020463 secs] [Times: user=0.01 sys=0.00, real=0.00 secs] 
2021-08-18T21:51:01.121+0800: 19348.718: [GC (Allocation Failure) [PSYoungGen: 86432K->352K(86528K)] 169867K->83787K(281088K), 0.0020380 secs] [Times: user=0.02 sys=0.00, real=0.00 secs] 
2021-08-18T21:51:15.811+0800: 19363.409: [GC (Allocation Failure) [PSYoungGen: 86368K->352K(86528K)] 169803K->83787K(281088K), 0.0021291 secs] [Times: user=0.01 sys=0.00, real=0.00 secs] 
2021-08-18T21:51:30.128+0800: 19377.725: [GC (Allocation Failure) [PSYoungGen: 86368K->416K(86528K)] 169803K->83851K(281088K), 0.0020618 secs] [Times: user=0.02 sys=0.00, real=0.00 secs] 
2021-08-18T21:51:45.124+0800: 19392.721: [GC (Allocation Failure) [PSYoungGen: 86432K->416K(86528K)] 169867K->83859K(281088K), 0.0019479 secs] [Times: user=0.01 sys=0.00, real=0.00 secs] 
2021-08-18T21:51:59.620+0800: 19407.218: [GC (Allocation Failure) [PSYoungGen: 86432K->416K(86528K)] 169875K->83859K(281088K), 0.0018775 secs] [Times: user=0.01 sys=0.00, real=0.00 secs] 
2021-08-18T21:52:14.127+0800: 19421.725: [GC (Allocation Failure) [PSYoungGen: 86432K->416K(86528K)] 169875K->83859K(281088K), 0.0019516 secs] [Times: user=0.01 sys=0.00, real=0.00 secs] 
2021-08-18T21:52:29.124+0800: 19436.722: [GC (Allocation Failure) [PSYoungGen: 86432K->384K(86528K)] 169875K->83883K(281088K), 0.0020047 secs] [Times: user=0.02 sys=0.00, real=0.00 secs] 
2021-08-18T21:52:43.625+0800: 19451.223: [GC (Allocation Failure) [PSYoungGen: 86400K->416K(86528K)] 169899K->83915K(281088K), 0.0020212 secs] [Times: user=0.01 sys=0.00, real=0.00 secs] 
2021-08-18T21:52:58.123+0800: 19465.721: [GC (Allocation Failure) [PSYoungGen: 86432K->416K(86528K)] 169931K->83915K(281088K), 0.0021310 secs] [Times: user=0.01 sys=0.00, real=0.00 secs] 
2021-08-18T21:53:13.127+0800: 19480.725: [GC (Allocation Failure) [PSYoungGen: 86432K->416K(86528K)] 169931K->83915K(281088K), 0.0021673 secs] [Times: user=0.01 sys=0.00, real=0.00 secs] 
2021-08-18T21:53:28.007+0800: 19495.605: [GC (Allocation Failure) [PSYoungGen: 86432K->448K(86528K)] 169931K->83947K(281088K), 0.0019428 secs] [Times: user=0.01 sys=0.00, real=0.00 secs] 
2021-08-18T21:53:42.127+0800: 19509.725: [GC (Allocation Failure) [PSYoungGen: 86464K->400K(86528K)] 169963K->83899K(281088K), 0.0019048 secs] [Times: user=0.02 sys=0.00, real=0.00 secs] 
2021-08-18T21:53:57.130+0800: 19524.728: [GC (Allocation Failure) [PSYoungGen: 86416K->464K(86528K)] 169915K->83963K(281088K), 0.0022423 secs] [Times: user=0.01 sys=0.00, real=0.01 secs] 
2021-08-18T21:54:11.810+0800: 19539.408: [GC (Allocation Failure) [PSYoungGen: 86480K->480K(86528K)] 169979K->84043K(281088K), 0.0020240 secs] [Times: user=0.01 sys=0.00, real=0.00 secs] 
2021-08-18T21:54:26.130+0800: 19553.728: [GC (Allocation Failure) [PSYoungGen: 86496K->496K(85504K)] 170059K->84195K(280064K), 0.0021830 secs] [Times: user=0.01 sys=0.00, real=0.01 secs] 
2021-08-18T21:54:40.623+0800: 19568.220: [GC (Allocation Failure) [PSYoungGen: 85488K->656K(86016K)] 169187K->84371K(280576K), 0.0021924 secs] [Times: user=0.02 sys=0.00, real=0.00 secs] 
2021-08-18T21:54:55.126+0800: 19582.724: [GC (Allocation Failure) [PSYoungGen: 85648K->784K(86016K)] 169363K->84499K(280576K), 0.0019344 secs] [Times: user=0.01 sys=0.00, real=0.00 secs] 
2021-08-18T21:55:09.626+0800: 19597.224: [GC (Allocation Failure) [PSYoungGen: 85776K->960K(86016K)] 169491K->84683K(280576K), 0.0019919 secs] [Times: user=0.02 sys=0.00, real=0.00 secs] 
2021-08-18T21:55:24.125+0800: 19611.723: [GC (Allocation Failure) [PSYoungGen: 85952K->928K(86016K)] 169675K->84651K(280576K), 0.0022112 secs] [Times: user=0.02 sys=0.00, real=0.00 secs] 
2021-08-18T21:55:38.393+0800: 19625.991: [GC (Allocation Failure) [PSYoungGen: 85920K->976K(86016K)] 169643K->84699K(280576K), 0.0020907 secs] [Times: user=0.02 sys=0.00, real=0.00 secs] 
2021-08-18T21:55:53.127+0800: 19640.724: [GC (Allocation Failure) [PSYoungGen: 85968K->992K(84992K)] 169691K->84715K(279552K), 0.0023615 secs] [Times: user=0.01 sys=0.00, real=0.00 secs] 
2021-08-18T21:56:07.623+0800: 19655.221: [GC (Allocation Failure) [PSYoungGen: 84960K->944K(85504K)] 168683K->84667K(280064K), 0.0019147 secs] [Times: user=0.02 sys=0.00, real=0.00 secs] 
2021-08-18T21:56:22.123+0800: 19669.721: [GC (Allocation Failure) [PSYoungGen: 84912K->944K(85504K)] 168635K->84667K(280064K), 0.0022074 secs] [Times: user=0.02 sys=0.00, real=0.00 secs] 
2021-08-18T21:56:36.498+0800: 19684.096: [GC (Allocation Failure) [PSYoungGen: 84912K->944K(85504K)] 168635K->84667K(280064K), 0.0021121 secs] [Times: user=0.01 sys=0.00, real=0.01 secs] 
2021-08-18T21:56:50.133+0800: 19697.730: [GC (Allocation Failure) [PSYoungGen: 84912K->1008K(85504K)] 168635K->84731K(280064K), 0.0019720 secs] [Times: user=0.02 sys=0.00, real=0.00 secs] 
2021-08-18T21:57:05.125+0800: 19712.722: [GC (Allocation Failure) [PSYoungGen: 84976K->1008K(85504K)] 168699K->84731K(280064K), 0.0022458 secs] [Times: user=0.01 sys=0.00, real=0.00 secs] 
2021-08-18T21:57:19.126+0800: 19726.724: [GC (Allocation Failure) [PSYoungGen: 84976K->944K(85504K)] 168699K->84747K(280064K), 0.0019229 secs] [Times: user=0.02 sys=0.00, real=0.00 secs] 
2021-08-18T21:57:33.811+0800: 19741.408: [GC (Allocation Failure) [PSYoungGen: 84912K->928K(85504K)] 168715K->84827K(280064K), 0.0022584 secs] [Times: user=0.01 sys=0.00, real=0.00 secs] 
2021-08-18T21:57:48.012+0800: 19755.610: [GC (Allocation Failure) [PSYoungGen: 84896K->944K(85504K)] 168795K->84987K(280064K), 0.0026785 secs] [Times: user=0.02 sys=0.00, real=0.00 secs] 
2021-08-18T21:58:02.128+0800: 19769.725: [GC (Allocation Failure) [PSYoungGen: 84912K->672K(85504K)] 168955K->84979K(280064K), 0.0020249 secs] [Times: user=0.01 sys=0.00, real=0.00 secs] 
2021-08-18T21:58:16.809+0800: 19784.407: [GC (Allocation Failure) [PSYoungGen: 84640K->608K(85504K)] 168947K->85035K(280064K), 0.0019471 secs] [Times: user=0.02 sys=0.00, real=0.01 secs] 
2021-08-18T21:58:31.130+0800: 19798.727: [GC (Allocation Failure) [PSYoungGen: 84576K->464K(85504K)] 169003K->85003K(280064K), 0.0024070 secs] [Times: user=0.01 sys=0.00, real=0.01 secs] 
2021-08-18T21:58:45.128+0800: 19812.726: [GC (Allocation Failure) [PSYoungGen: 84432K->384K(85504K)] 168971K->85123K(280064K), 0.0019416 secs] [Times: user=0.01 sys=0.00, real=0.00 secs] 
2021-08-18T21:58:59.624+0800: 19827.222: [GC (Allocation Failure) [PSYoungGen: 84352K->384K(85504K)] 169091K->85123K(280064K), 0.0023766 secs] [Times: user=0.01 sys=0.00, real=0.00 secs] 
2021-08-18T21:59:14.129+0800: 19841.727: [GC (Allocation Failure) [PSYoungGen: 84352K->352K(85504K)] 169091K->85091K(280064K), 0.0025390 secs] [Times: user=0.02 sys=0.00, real=0.01 secs] 
2021-08-18T21:59:28.130+0800: 19855.728: [GC (Allocation Failure) [PSYoungGen: 84320K->416K(85504K)] 169059K->85155K(280064K), 0.0019295 secs] [Times: user=0.02 sys=0.00, real=0.00 secs] 
2021-08-18T21:59:42.626+0800: 19870.224: [GC (Allocation Failure) [PSYoungGen: 84384K->416K(85504K)] 169123K->85195K(280064K), 0.0021477 secs] [Times: user=0.01 sys=0.00, real=0.00 secs] 
2021-08-18T21:59:57.128+0800: 19884.726: [GC (Allocation Failure) [PSYoungGen: 84384K->384K(85504K)] 169163K->85187K(280064K), 0.0020059 secs] [Times: user=0.01 sys=0.00, real=0.00 secs] 
2021-08-18T22:00:11.135+0800: 19898.732: [GC (Allocation Failure) [PSYoungGen: 84352K->352K(85504K)] 169155K->85171K(280064K), 0.0023669 secs] [Times: user=0.02 sys=0.00, real=0.00 secs] 
2021-08-18T22:00:26.127+0800: 19913.724: [GC (Allocation Failure) [PSYoungGen: 84320K->416K(85504K)] 169139K->85267K(280064K), 0.0021632 secs] [Times: user=0.01 sys=0.00, real=0.00 secs] 
2021-08-18T22:00:40.126+0800: 19927.724: [GC (Allocation Failure) [PSYoungGen: 84384K->384K(85504K)] 169235K->85235K(280064K), 0.0025533 secs] [Times: user=0.01 sys=0.01, real=0.00 secs] 
2021-08-18T22:00:54.134+0800: 19941.731: [GC (Allocation Failure) [PSYoungGen: 84352K->384K(85504K)] 169203K->85235K(280064K), 0.0019756 secs] [Times: user=0.01 sys=0.00, real=0.00 secs] 
2021-08-18T22:01:08.632+0800: 19956.230: [GC (Allocation Failure) [PSYoungGen: 84352K->416K(85504K)] 169203K->85267K(280064K), 0.0019267 secs] [Times: user=0.02 sys=0.00, real=0.00 secs] 
2021-08-18T22:01:23.129+0800: 19970.727: [GC (Allocation Failure) [PSYoungGen: 84384K->384K(85504K)] 169235K->85235K(280064K), 0.0018640 secs] [Times: user=0.01 sys=0.00, real=0.01 secs] 
2021-08-18T22:01:37.627+0800: 19985.224: [GC (Allocation Failure) [PSYoungGen: 84352K->416K(86016K)] 169203K->85267K(280576K), 0.0019517 secs] [Times: user=0.02 sys=0.00, real=0.00 secs] 
2021-08-18T22:01:51.807+0800: 19999.405: [GC (Allocation Failure) [PSYoungGen: 84896K->416K(85504K)] 169747K->85283K(280064K), 0.0019708 secs] [Times: user=0.01 sys=0.00, real=0.00 secs] 
2021-08-18T22:02:06.129+0800: 20013.727: [GC (Allocation Failure) [PSYoungGen: 84896K->384K(86016K)] 169763K->85251K(280576K), 0.0020000 secs] [Times: user=0.02 sys=0.00, real=0.01 secs] 
2021-08-18T22:02:20.808+0800: 20028.406: [GC (Allocation Failure) [PSYoungGen: 85376K->288K(86016K)] 170243K->85171K(280576K), 0.0021186 secs] [Times: user=0.02 sys=0.00, real=0.01 secs] 
2021-08-18T22:02:35.133+0800: 20042.731: [GC (Allocation Failure) [PSYoungGen: 85280K->416K(86016K)] 170163K->85299K(280576K), 0.0020650 secs] [Times: user=0.01 sys=0.00, real=0.00 secs] 
2021-08-18T22:02:49.628+0800: 20057.225: [GC (Allocation Failure) [PSYoungGen: 85408K->352K(86016K)] 170291K->85235K(280576K), 0.0020052 secs] [Times: user=0.01 sys=0.00, real=0.00 secs] 
2021-08-18T22:03:04.135+0800: 20071.733: [GC (Allocation Failure) [PSYoungGen: 85344K->352K(86016K)] 170227K->85243K(280576K), 0.0021533 secs] [Times: user=0.01 sys=0.01, real=0.00 secs] 
2021-08-18T22:03:18.808+0800: 20086.405: [GC (Allocation Failure) [PSYoungGen: 85344K->384K(86016K)] 170235K->85275K(280576K), 0.0020284 secs] [Times: user=0.02 sys=0.00, real=0.00 secs] 
2021-08-18T22:03:33.132+0800: 20100.730: [GC (Allocation Failure) [PSYoungGen: 85376K->416K(86016K)] 170267K->85307K(280576K), 0.0021045 secs] [Times: user=0.02 sys=0.00, real=0.00 secs] 
2021-08-18T22:03:48.012+0800: 20115.610: [GC (Allocation Failure) [PSYoungGen: 85408K->384K(86016K)] 170299K->85275K(280576K), 0.0019674 secs] [Times: user=0.02 sys=0.00, real=0.00 secs] 
2021-08-18T22:04:02.136+0800: 20129.734: [GC (Allocation Failure) [PSYoungGen: 85376K->352K(86016K)] 170267K->85243K(280576K), 0.0022438 secs] [Times: user=0.01 sys=0.01, real=0.00 secs] 
2021-08-18T22:04:17.128+0800: 20144.726: [GC (Allocation Failure) [PSYoungGen: 85344K->416K(86016K)] 170235K->85307K(280576K), 0.0018108 secs] [Times: user=0.01 sys=0.00, real=0.00 secs] 
2021-08-18T22:04:31.132+0800: 20158.730: [GC (Allocation Failure) [PSYoungGen: 85408K->416K(86016K)] 170299K->85307K(280576K), 0.0017863 secs] [Times: user=0.02 sys=0.00, real=0.00 secs] 
2021-08-18T22:04:46.127+0800: 20173.725: [GC (Allocation Failure) [PSYoungGen: 85408K->416K(86016K)] 170299K->85307K(280576K), 0.0021454 secs] [Times: user=0.01 sys=0.00, real=0.00 secs] 
2021-08-18T22:05:00.130+0800: 20187.728: [GC (Allocation Failure) [PSYoungGen: 85408K->416K(86016K)] 170299K->85307K(280576K), 0.0019686 secs] [Times: user=0.01 sys=0.00, real=0.01 secs] 
2021-08-18T22:05:15.128+0800: 20202.726: [GC (Allocation Failure) [PSYoungGen: 85408K->352K(86016K)] 170299K->85243K(280576K), 0.0020704 secs] [Times: user=0.02 sys=0.00, real=0.01 secs] 
2021-08-18T22:05:29.131+0800: 20216.729: [GC (Allocation Failure) [PSYoungGen: 85344K->416K(86016K)] 170235K->85355K(280576K), 0.0019765 secs] [Times: user=0.02 sys=0.00, real=0.00 secs] 
2021-08-18T22:05:44.128+0800: 20231.726: [GC (Allocation Failure) [PSYoungGen: 85408K->352K(86016K)] 170347K->85339K(280576K), 0.0018996 secs] [Times: user=0.02 sys=0.00, real=0.00 secs] 
2021-08-18T22:05:58.131+0800: 20245.729: [GC (Allocation Failure) [PSYoungGen: 85344K->320K(86016K)] 170331K->85307K(280576K), 0.0022122 secs] [Times: user=0.01 sys=0.00, real=0.00 secs] 
2021-08-18T22:06:13.128+0800: 20260.726: [GC (Allocation Failure) [PSYoungGen: 85312K->384K(86016K)] 170299K->85371K(280576K), 0.0022241 secs] [Times: user=0.01 sys=0.00, real=0.01 secs] 
2021-08-18T22:06:27.630+0800: 20275.227: [GC (Allocation Failure) [PSYoungGen: 85376K->416K(86016K)] 170363K->85403K(280576K), 0.0018994 secs] [Times: user=0.01 sys=0.00, real=0.01 secs] 
2021-08-18T22:06:42.126+0800: 20289.724: [GC (Allocation Failure) [PSYoungGen: 85408K->384K(86016K)] 170395K->85371K(280576K), 0.0021615 secs] [Times: user=0.01 sys=0.00, real=0.00 secs] 
2021-08-18T22:06:56.416+0800: 20304.014: [GC (Allocation Failure) [PSYoungGen: 85376K->416K(86016K)] 170363K->85403K(280576K), 0.0019510 secs] [Times: user=0.01 sys=0.01, real=0.00 secs] 
2021-08-18T22:07:11.130+0800: 20318.728: [GC (Allocation Failure) [PSYoungGen: 85408K->352K(86016K)] 170395K->85339K(280576K), 0.0022796 secs] [Times: user=0.01 sys=0.00, real=0.01 secs] 
2021-08-18T22:07:25.627+0800: 20333.225: [GC (Allocation Failure) [PSYoungGen: 85344K->384K(86528K)] 170331K->85371K(281088K), 0.0020198 secs] [Times: user=0.02 sys=0.00, real=0.00 secs] 
2021-08-18T22:07:40.129+0800: 20347.727: [GC (Allocation Failure) [PSYoungGen: 85888K->416K(86016K)] 170875K->85403K(280576K), 0.0018474 secs] [Times: user=0.01 sys=0.00, real=0.01 secs] 
2021-08-18T22:07:54.803+0800: 20362.401: [GC (Allocation Failure) [PSYoungGen: 85920K->416K(86528K)] 170907K->85403K(281088K), 0.0019425 secs] [Times: user=0.02 sys=0.00, real=0.00 secs] 
2021-08-18T22:08:09.132+0800: 20376.730: [GC (Allocation Failure) [PSYoungGen: 86432K->352K(86528K)] 171419K->85339K(281088K), 0.0021491 secs] [Times: user=0.01 sys=0.00, real=0.00 secs] 
2021-08-18T22:08:24.130+0800: 20391.727: [GC (Allocation Failure) [PSYoungGen: 86368K->416K(86528K)] 171355K->85411K(281088K), 0.0021140 secs] [Times: user=0.02 sys=0.00, real=0.01 secs] 
2021-08-18T22:08:38.135+0800: 20405.733: [GC (Allocation Failure) [PSYoungGen: 86432K->384K(86528K)] 171427K->85379K(281088K), 0.0023186 secs] [Times: user=0.02 sys=0.00, real=0.00 secs] 
2021-08-18T22:08:53.132+0800: 20420.730: [GC (Allocation Failure) [PSYoungGen: 86400K->416K(86528K)] 171395K->85411K(281088K), 0.0022173 secs] [Times: user=0.02 sys=0.00, real=0.00 secs] 
2021-08-18T22:09:08.128+0800: 20435.726: [GC (Allocation Failure) [PSYoungGen: 86432K->384K(86528K)] 171427K->85379K(281088K), 0.0020068 secs] [Times: user=0.02 sys=0.00, real=0.01 secs] 
2021-08-18T22:09:22.805+0800: 20450.402: [GC (Allocation Failure) [PSYoungGen: 86400K->416K(86528K)] 171395K->85411K(281088K), 0.0020357 secs] [Times: user=0.01 sys=0.00, real=0.00 secs] 
2021-08-18T22:09:37.644+0800: 20465.241: [GC (Allocation Failure) [PSYoungGen: 86432K->320K(86528K)] 171427K->85315K(281088K), 0.0021724 secs] [Times: user=0.01 sys=0.00, real=0.00 secs] 
2021-08-18T22:09:52.131+0800: 20479.729: [GC (Allocation Failure) [PSYoungGen: 86336K->416K(86528K)] 171331K->85411K(281088K), 0.0020476 secs] [Times: user=0.02 sys=0.01, real=0.00 secs] 
2021-08-18T22:10:07.130+0800: 20494.728: [GC (Allocation Failure) [PSYoungGen: 86432K->416K(86528K)] 171427K->85411K(281088K), 0.0021049 secs] [Times: user=0.01 sys=0.00, real=0.00 secs] 
2021-08-18T22:10:21.629+0800: 20509.227: [GC (Allocation Failure) [PSYoungGen: 86432K->416K(86528K)] 171427K->85411K(281088K), 0.0020407 secs] [Times: user=0.01 sys=0.00, real=0.01 secs] 
2021-08-18T22:10:36.133+0800: 20523.731: [GC (Allocation Failure) [PSYoungGen: 86432K->352K(86528K)] 171427K->85347K(281088K), 0.0019481 secs] [Times: user=0.01 sys=0.00, real=0.00 secs] 
2021-08-18T22:10:50.802+0800: 20538.400: [GC (Allocation Failure) [PSYoungGen: 86368K->320K(86528K)] 171363K->85315K(281088K), 0.0020516 secs] [Times: user=0.02 sys=0.00, real=0.00 secs] 
2021-08-18T22:11:05.626+0800: 20553.224: [GC (Allocation Failure) [PSYoungGen: 86336K->416K(86528K)] 171331K->85451K(281088K), 0.0019335 secs] [Times: user=0.02 sys=0.00, real=0.00 secs] 
2021-08-18T22:11:20.132+0800: 20567.730: [GC (Allocation Failure) [PSYoungGen: 86432K->352K(86528K)] 171467K->85403K(281088K), 0.0020177 secs] [Times: user=0.01 sys=0.00, real=0.00 secs] 
2021-08-18T22:11:35.130+0800: 20582.727: [GC (Allocation Failure) [PSYoungGen: 86368K->320K(86528K)] 171419K->85371K(281088K), 0.0024710 secs] [Times: user=0.01 sys=0.00, real=0.01 secs] 
2021-08-18T22:11:49.134+0800: 20596.732: [GC (Allocation Failure) [PSYoungGen: 86336K->384K(86528K)] 171387K->85435K(281088K), 0.0019382 secs] [Times: user=0.01 sys=0.00, real=0.00 secs] 
2021-08-18T22:12:04.132+0800: 20611.730: [GC (Allocation Failure) [PSYoungGen: 86400K->416K(86528K)] 171451K->85467K(281088K), 0.0019234 secs] [Times: user=0.02 sys=0.00, real=0.00 secs] 
2021-08-18T22:12:18.633+0800: 20626.231: [GC (Allocation Failure) [PSYoungGen: 86432K->416K(86528K)] 171483K->85467K(281088K), 0.0020867 secs] [Times: user=0.02 sys=0.00, real=0.00 secs] 
2021-08-18T22:12:33.629+0800: 20641.227: [GC (Allocation Failure) [PSYoungGen: 86432K->384K(86528K)] 171483K->85435K(281088K), 0.0021553 secs] [Times: user=0.02 sys=0.00, real=0.01 secs] 
2021-08-18T22:12:48.129+0800: 20655.726: [GC (Allocation Failure) [PSYoungGen: 86400K->288K(86528K)] 171451K->85339K(281088K), 0.0022133 secs] [Times: user=0.02 sys=0.00, real=0.01 secs] 
2021-08-18T22:13:03.127+0800: 20670.725: [GC (Allocation Failure) [PSYoungGen: 86304K->352K(86528K)] 171355K->85403K(281088K), 0.0021042 secs] [Times: user=0.01 sys=0.00, real=0.00 secs] 
2021-08-18T22:13:17.628+0800: 20685.226: [GC (Allocation Failure) [PSYoungGen: 86368K->384K(86528K)] 171419K->85435K(281088K), 0.0019867 secs] [Times: user=0.01 sys=0.00, real=0.01 secs] 
2021-08-18T22:13:32.131+0800: 20699.729: [GC (Allocation Failure) [PSYoungGen: 86400K->416K(86528K)] 171451K->85467K(281088K), 0.0019502 secs] [Times: user=0.02 sys=0.00, real=0.00 secs] 
2021-08-18T22:13:47.128+0800: 20714.726: [GC (Allocation Failure) [PSYoungGen: 86432K->416K(86528K)] 171483K->85467K(281088K), 0.0022193 secs] [Times: user=0.01 sys=0.00, real=0.01 secs] 
2021-08-18T22:14:01.181+0800: 20728.779: [GC (Allocation Failure) [PSYoungGen: 86432K->416K(86528K)] 171483K->85467K(281088K), 0.0019324 secs] [Times: user=0.01 sys=0.00, real=0.00 secs] 
2021-08-18T22:14:16.133+0800: 20743.731: [GC (Allocation Failure) [PSYoungGen: 86432K->416K(86528K)] 171483K->85467K(281088K), 0.0019843 secs] [Times: user=0.01 sys=0.00, real=0.00 secs] 
2021-08-18T22:14:31.128+0800: 20758.726: [GC (Allocation Failure) [PSYoungGen: 86432K->416K(86528K)] 171483K->85467K(281088K), 0.0022523 secs] [Times: user=0.02 sys=0.00, real=0.01 secs] 
2021-08-18T22:14:45.630+0800: 20773.228: [GC (Allocation Failure) [PSYoungGen: 86432K->384K(86528K)] 171483K->85475K(281088K), 0.0024533 secs] [Times: user=0.02 sys=0.00, real=0.01 secs] 
2021-08-18T22:15:00.130+0800: 20787.727: [GC (Allocation Failure) [PSYoungGen: 86400K->384K(86528K)] 171491K->85475K(281088K), 0.0020335 secs] [Times: user=0.02 sys=0.00, real=0.01 secs] 
2021-08-18T22:15:15.134+0800: 20802.732: [GC (Allocation Failure) [PSYoungGen: 86400K->384K(86528K)] 171491K->85475K(281088K), 0.0021066 secs] [Times: user=0.02 sys=0.00, real=0.00 secs] 
2021-08-18T22:15:29.628+0800: 20817.226: [GC (Allocation Failure) [PSYoungGen: 86400K->384K(86528K)] 171491K->85475K(281088K), 0.0020240 secs] [Times: user=0.02 sys=0.00, real=0.01 secs] 
2021-08-18T22:15:44.132+0800: 20831.729: [GC (Allocation Failure) [PSYoungGen: 86400K->352K(86528K)] 171491K->85443K(281088K), 0.0023537 secs] [Times: user=0.02 sys=0.00, real=0.00 secs] 
2021-08-18T22:15:59.128+0800: 20846.726: [GC (Allocation Failure) [PSYoungGen: 86368K->384K(86528K)] 171459K->85475K(281088K), 0.0019546 secs] [Times: user=0.01 sys=0.00, real=0.01 secs] 
2021-08-18T22:16:13.801+0800: 20861.398: [GC (Allocation Failure) [PSYoungGen: 86400K->352K(86528K)] 171491K->85443K(281088K), 0.0024978 secs] [Times: user=0.02 sys=0.00, real=0.00 secs] 
2021-08-18T22:16:28.132+0800: 20875.729: [GC (Allocation Failure) [PSYoungGen: 86368K->384K(86528K)] 171459K->85475K(281088K), 0.0021459 secs] [Times: user=0.01 sys=0.00, real=0.00 secs] 
2021-08-18T22:16:43.130+0800: 20890.728: [GC (Allocation Failure) [PSYoungGen: 86400K->416K(86528K)] 171491K->85523K(281088K), 0.0021518 secs] [Times: user=0.01 sys=0.00, real=0.00 secs] 
2021-08-18T22:16:58.015+0800: 20905.613: [GC (Allocation Failure) [PSYoungGen: 86432K->416K(86528K)] 171539K->85523K(281088K), 0.0021734 secs] [Times: user=0.01 sys=0.00, real=0.00 secs] 
2021-08-18T22:17:12.134+0800: 20919.731: [GC (Allocation Failure) [PSYoungGen: 86432K->416K(86528K)] 171539K->85531K(281088K), 0.0018907 secs] [Times: user=0.01 sys=0.00, real=0.00 secs] 
2021-08-18T22:17:27.133+0800: 20934.730: [GC (Allocation Failure) [PSYoungGen: 86432K->384K(86528K)] 171547K->85507K(281088K), 0.0019603 secs] [Times: user=0.01 sys=0.00, real=0.00 secs] 
2021-08-18T22:17:41.133+0800: 20948.731: [GC (Allocation Failure) [PSYoungGen: 86400K->448K(86528K)] 171523K->85579K(281088K), 0.0019476 secs] [Times: user=0.01 sys=0.00, real=0.00 secs] 
2021-08-18T22:17:56.130+0800: 20963.728: [GC (Allocation Failure) [PSYoungGen: 86464K->352K(86528K)] 171595K->85483K(281088K), 0.0022241 secs] [Times: user=0.01 sys=0.00, real=0.00 secs] 
2021-08-18T22:18:10.801+0800: 20978.399: [GC (Allocation Failure) [PSYoungGen: 86368K->416K(86528K)] 171499K->85547K(281088K), 0.0020413 secs] [Times: user=0.02 sys=0.00, real=0.00 secs] 
2021-08-18T22:18:25.629+0800: 20993.227: [GC (Allocation Failure) [PSYoungGen: 86432K->320K(86528K)] 171563K->85451K(281088K), 0.0021411 secs] [Times: user=0.01 sys=0.00, real=0.01 secs] 
2021-08-18T22:18:40.133+0800: 21007.730: [GC (Allocation Failure) [PSYoungGen: 86336K->416K(86528K)] 171467K->85563K(281088K), 0.0021589 secs] [Times: user=0.01 sys=0.00, real=0.00 secs] 
2021-08-18T22:18:55.128+0800: 21022.725: [GC (Allocation Failure) [PSYoungGen: 86432K->416K(86528K)] 171579K->85563K(281088K), 0.0020277 secs] [Times: user=0.01 sys=0.00, real=0.00 secs] 
2021-08-18T22:19:09.425+0800: 21037.023: [GC (Allocation Failure) [PSYoungGen: 86432K->352K(86528K)] 171579K->85499K(281088K), 0.0020283 secs] [Times: user=0.01 sys=0.00, real=0.00 secs] 
2021-08-18T22:19:24.136+0800: 21051.734: [GC (Allocation Failure) [PSYoungGen: 86368K->384K(86528K)] 171515K->85531K(281088K), 0.0021409 secs] [Times: user=0.01 sys=0.00, real=0.00 secs] 
2021-08-18T22:19:38.798+0800: 21066.396: [GC (Allocation Failure) [PSYoungGen: 86400K->384K(86528K)] 171547K->85531K(281088K), 0.0022631 secs] [Times: user=0.01 sys=0.00, real=0.01 secs] 
2021-08-18T22:19:53.630+0800: 21081.228: [GC (Allocation Failure) [PSYoungGen: 86400K->384K(86528K)] 171547K->85531K(281088K), 0.0021812 secs] [Times: user=0.01 sys=0.00, real=0.00 secs] 
2021-08-18T22:20:08.133+0800: 21095.731: [GC (Allocation Failure) [PSYoungGen: 86400K->416K(86528K)] 171547K->85563K(281088K), 0.0020936 secs] [Times: user=0.02 sys=0.00, real=0.00 secs] 
2021-08-18T22:20:23.129+0800: 21110.727: [GC (Allocation Failure) [PSYoungGen: 86432K->416K(86528K)] 171579K->85563K(281088K), 0.0020619 secs] [Times: user=0.01 sys=0.00, real=0.01 secs] 
2021-08-18T22:20:37.854+0800: 21125.451: [GC (Allocation Failure) [PSYoungGen: 86432K->384K(86528K)] 171579K->85531K(281088K), 0.0020189 secs] [Times: user=0.01 sys=0.00, real=0.00 secs] 
2021-08-18T22:20:52.133+0800: 21139.730: [GC (Allocation Failure) [PSYoungGen: 86400K->416K(86528K)] 171547K->85563K(281088K), 0.0019153 secs] [Times: user=0.02 sys=0.00, real=0.00 secs] 
2021-08-18T22:21:07.131+0800: 21154.729: [GC (Allocation Failure) [PSYoungGen: 86432K->384K(86528K)] 171579K->85555K(281088K), 0.0022172 secs] [Times: user=0.01 sys=0.00, real=0.00 secs] 
2021-08-18T22:21:21.800+0800: 21169.398: [GC (Allocation Failure) [PSYoungGen: 86400K->416K(86528K)] 171571K->85627K(281088K), 0.0020187 secs] [Times: user=0.02 sys=0.00, real=0.00 secs] 
2021-08-18T22:21:36.629+0800: 21184.226: [GC (Allocation Failure) [PSYoungGen: 86432K->416K(86528K)] 171643K->85627K(281088K), 0.0021207 secs] [Times: user=0.02 sys=0.00, real=0.01 secs] 
2021-08-18T22:21:51.128+0800: 21198.725: [GC (Allocation Failure) [PSYoungGen: 86432K->384K(86528K)] 171643K->85595K(281088K), 0.0021048 secs] [Times: user=0.01 sys=0.00, real=0.00 secs] 
2021-08-18T22:22:05.802+0800: 21213.400: [GC (Allocation Failure) [PSYoungGen: 86400K->416K(86528K)] 171611K->85627K(281088K), 0.0020214 secs] [Times: user=0.02 sys=0.00, real=0.00 secs] 
2021-08-18T22:22:20.135+0800: 21227.733: [GC (Allocation Failure) [PSYoungGen: 86432K->352K(86528K)] 171643K->85571K(281088K), 0.0019707 secs] [Times: user=0.01 sys=0.00, real=0.00 secs] 
2021-08-18T22:22:35.132+0800: 21242.730: [GC (Allocation Failure) [PSYoungGen: 86368K->416K(86528K)] 171587K->85635K(281088K), 0.0023252 secs] [Times: user=0.02 sys=0.00, real=0.00 secs] 
2021-08-18T22:22:49.630+0800: 21257.228: [GC (Allocation Failure) [PSYoungGen: 86432K->416K(86528K)] 171651K->85635K(281088K), 0.0021822 secs] [Times: user=0.01 sys=0.00, real=0.01 secs] 
2021-08-18T22:23:04.132+0800: 21271.730: [GC (Allocation Failure) [PSYoungGen: 86432K->432K(86528K)] 171651K->85651K(281088K), 0.0019025 secs] [Times: user=0.01 sys=0.00, real=0.00 secs] 
2021-08-18T22:23:19.128+0800: 21286.726: [GC (Allocation Failure) [PSYoungGen: 86448K->400K(86528K)] 171667K->85619K(281088K), 0.0020498 secs] [Times: user=0.01 sys=0.00, real=0.00 secs] 
2021-08-18T22:23:34.128+0800: 21301.726: [GC (Allocation Failure) [PSYoungGen: 86416K->400K(86528K)] 171635K->85619K(281088K), 0.0019001 secs] [Times: user=0.02 sys=0.00, real=0.00 secs] 
2021-08-18T22:23:48.131+0800: 21315.728: [GC (Allocation Failure) [PSYoungGen: 86416K->416K(86528K)] 171635K->85635K(281088K), 0.0023979 secs] [Times: user=0.01 sys=0.00, real=0.00 secs] 
2021-08-18T22:24:03.128+0800: 21330.726: [GC (Allocation Failure) [PSYoungGen: 86432K->496K(85504K)] 171651K->85875K(280064K), 0.0024055 secs] [Times: user=0.01 sys=0.01, real=0.01 secs] 
2021-08-18T22:24:17.134+0800: 21344.732: [GC (Allocation Failure) [PSYoungGen: 85488K->704K(86016K)] 170867K->86083K(280576K), 0.0020653 secs] [Times: user=0.02 sys=0.00, real=0.00 secs] 
2021-08-18T22:24:32.127+0800: 21359.725: [GC (Allocation Failure) [PSYoungGen: 85696K->832K(86016K)] 171075K->86219K(280576K), 0.0024077 secs] [Times: user=0.02 sys=0.00, real=0.00 secs] 
2021-08-18T22:24:46.132+0800: 21373.729: [GC (Allocation Failure) [PSYoungGen: 85824K->896K(86016K)] 171211K->86283K(280576K), 0.0018235 secs] [Times: user=0.02 sys=0.00, real=0.00 secs] 
2021-08-18T22:25:00.799+0800: 21388.397: [GC (Allocation Failure) [PSYoungGen: 85888K->960K(86016K)] 171275K->86347K(280576K), 0.0024355 secs] [Times: user=0.02 sys=0.00, real=0.01 secs] 
2021-08-18T22:25:15.135+0800: 21402.733: [GC (Allocation Failure) [PSYoungGen: 85952K->880K(86016K)] 171339K->86331K(280576K), 0.0018642 secs] [Times: user=0.01 sys=0.01, real=0.00 secs] 
2021-08-18T22:25:29.800+0800: 21417.397: [GC (Allocation Failure) [PSYoungGen: 85872K->960K(84992K)] 171323K->86411K(279552K), 0.0024392 secs] [Times: user=0.02 sys=0.00, real=0.01 secs] 
2021-08-18T22:25:44.129+0800: 21431.727: [GC (Allocation Failure) [PSYoungGen: 84928K->1008K(85504K)] 170379K->86459K(280064K), 0.0021273 secs] [Times: user=0.01 sys=0.00, real=0.01 secs] 
2021-08-18T22:25:58.131+0800: 21445.729: [GC (Allocation Failure) [PSYoungGen: 84976K->928K(85504K)] 170427K->86395K(280064K), 0.0020636 secs] [Times: user=0.02 sys=0.00, real=0.00 secs] 
2021-08-18T22:26:13.131+0800: 21460.728: [GC (Allocation Failure) [PSYoungGen: 84896K->1008K(85504K)] 170363K->86483K(280064K), 0.0024422 secs] [Times: user=0.02 sys=0.00, real=0.00 secs] 
2021-08-18T22:26:27.132+0800: 21474.729: [GC (Allocation Failure) [PSYoungGen: 84976K->944K(85504K)] 170451K->86419K(280064K), 0.0022288 secs] [Times: user=0.01 sys=0.00, real=0.00 secs] 
2021-08-18T22:26:41.134+0800: 21488.732: [GC (Allocation Failure) [PSYoungGen: 84912K->880K(85504K)] 170387K->86459K(280064K), 0.0020658 secs] [Times: user=0.01 sys=0.00, real=0.00 secs] 
2021-08-18T22:26:56.128+0800: 21503.725: [GC (Allocation Failure) [PSYoungGen: 84848K->864K(85504K)] 170427K->86443K(280064K), 0.0020289 secs] [Times: user=0.01 sys=0.00, real=0.00 secs] 
2021-08-18T22:27:10.131+0800: 21517.728: [GC (Allocation Failure) [PSYoungGen: 84832K->848K(85504K)] 170411K->86515K(280064K), 0.0020598 secs] [Times: user=0.01 sys=0.00, real=0.00 secs] 
2021-08-18T22:27:24.629+0800: 21532.227: [GC (Allocation Failure) [PSYoungGen: 84816K->832K(85504K)] 170483K->86515K(280064K), 0.0020309 secs] [Times: user=0.01 sys=0.00, real=0.01 secs] 
2021-08-18T22:27:38.638+0800: 21546.235: [GC (Allocation Failure) [PSYoungGen: 84800K->608K(85504K)] 170483K->86603K(280064K), 0.0020711 secs] [Times: user=0.02 sys=0.00, real=0.00 secs] 
2021-08-18T22:27:53.131+0800: 21560.729: [GC (Allocation Failure) [PSYoungGen: 84576K->560K(85504K)] 170571K->86715K(280064K), 0.0026760 secs] [Times: user=0.01 sys=0.01, real=0.00 secs] 
2021-08-18T22:28:07.798+0800: 21575.396: [GC (Allocation Failure) [PSYoungGen: 84528K->528K(85504K)] 170683K->86787K(280064K), 0.0019312 secs] [Times: user=0.01 sys=0.00, real=0.01 secs] 
2021-08-18T22:28:22.130+0800: 21589.728: [GC (Allocation Failure) [PSYoungGen: 84496K->400K(85504K)] 170755K->86771K(280064K), 0.0021184 secs] [Times: user=0.02 sys=0.00, real=0.00 secs] 
2021-08-18T22:28:36.629+0800: 21604.227: [GC (Allocation Failure) [PSYoungGen: 84368K->416K(85504K)] 170739K->86915K(280064K), 0.0019439 secs] [Times: user=0.01 sys=0.00, real=0.01 secs] 
2021-08-18T22:28:50.629+0800: 21618.227: [GC (Allocation Failure) [PSYoungGen: 84384K->416K(85504K)] 170883K->86915K(280064K), 0.0019802 secs] [Times: user=0.01 sys=0.00, real=0.01 secs] 
2021-08-18T22:29:05.132+0800: 21632.730: [GC (Allocation Failure) [PSYoungGen: 84384K->416K(85504K)] 170883K->86947K(280064K), 0.0020621 secs] [Times: user=0.01 sys=0.00, real=0.00 secs] 
2021-08-18T22:29:19.132+0800: 21646.729: [GC (Allocation Failure) [PSYoungGen: 84384K->352K(85504K)] 170915K->86883K(280064K), 0.0020851 secs] [Times: user=0.01 sys=0.00, real=0.00 secs] 
2021-08-18T22:29:34.128+0800: 21661.726: [GC (Allocation Failure) [PSYoungGen: 84320K->352K(85504K)] 170851K->86883K(280064K), 0.0024086 secs] [Times: user=0.02 sys=0.00, real=0.01 secs] 
2021-08-18T22:29:48.128+0800: 21675.725: [GC (Allocation Failure) [PSYoungGen: 84320K->416K(85504K)] 170851K->86947K(280064K), 0.0019585 secs] [Times: user=0.01 sys=0.00, real=0.00 secs] 
2021-08-18T22:30:02.135+0800: 21689.733: [GC (Allocation Failure) [PSYoungGen: 84384K->384K(85504K)] 170915K->86915K(280064K), 0.0020059 secs] [Times: user=0.02 sys=0.00, real=0.00 secs] 
2021-08-18T22:30:17.132+0800: 21704.730: [GC (Allocation Failure) [PSYoungGen: 84352K->416K(85504K)] 170883K->86947K(280064K), 0.0022551 secs] [Times: user=0.01 sys=0.00, real=0.00 secs] 
2021-08-18T22:30:31.132+0800: 21718.730: [GC (Allocation Failure) [PSYoungGen: 84384K->384K(85504K)] 170915K->86915K(280064K), 0.0018202 secs] [Times: user=0.02 sys=0.00, real=0.00 secs] 
2021-08-18T22:30:45.221+0800: 21732.819: [GC (Allocation Failure) [PSYoungGen: 84352K->256K(86016K)] 170883K->86787K(280576K), 0.0020361 secs] [Times: user=0.01 sys=0.00, real=0.00 secs] 
2021-08-18T22:30:59.800+0800: 21747.398: [GC (Allocation Failure) [PSYoungGen: 84736K->352K(85504K)] 171267K->86883K(280064K), 0.0020771 secs] [Times: user=0.01 sys=0.00, real=0.01 secs] 
2021-08-18T22:31:14.134+0800: 21761.731: [GC (Allocation Failure) [PSYoungGen: 84832K->352K(86016K)] 171363K->86883K(280576K), 0.0018913 secs] [Times: user=0.02 sys=0.00, real=0.00 secs] 
2021-08-18T22:31:29.131+0800: 21776.728: [GC (Allocation Failure) [PSYoungGen: 85344K->352K(86016K)] 171875K->86883K(280576K), 0.0019674 secs] [Times: user=0.02 sys=0.00, real=0.00 secs] 
2021-08-18T22:31:43.133+0800: 21790.731: [GC (Allocation Failure) [PSYoungGen: 85344K->384K(86016K)] 171875K->86915K(280576K), 0.0020399 secs] [Times: user=0.01 sys=0.00, real=0.00 secs] 
2021-08-18T22:31:58.022+0800: 21805.620: [GC (Allocation Failure) [PSYoungGen: 85376K->416K(86016K)] 171907K->86947K(280576K), 0.0019826 secs] [Times: user=0.02 sys=0.00, real=0.00 secs] 
2021-08-18T22:32:12.139+0800: 21819.737: [GC (Allocation Failure) [PSYoungGen: 85408K->352K(86016K)] 171939K->86883K(280576K), 0.0019103 secs] [Times: user=0.02 sys=0.00, real=0.01 secs] 
2021-08-18T22:32:27.131+0800: 21834.729: [GC (Allocation Failure) [PSYoungGen: 85344K->416K(86016K)] 171875K->86947K(280576K), 0.0022279 secs] [Times: user=0.01 sys=0.00, real=0.00 secs] 
2021-08-18T22:32:41.133+0800: 21848.730: [GC (Allocation Failure) [PSYoungGen: 85408K->352K(86016K)] 171939K->86883K(280576K), 0.0020661 secs] [Times: user=0.01 sys=0.00, real=0.00 secs] 
2021-08-18T22:32:56.130+0800: 21863.728: [GC (Allocation Failure) [PSYoungGen: 85344K->416K(86016K)] 171875K->86947K(280576K), 0.0020088 secs] [Times: user=0.01 sys=0.00, real=0.00 secs] 
2021-08-18T22:33:10.137+0800: 21877.735: [GC (Allocation Failure) [PSYoungGen: 85408K->416K(86016K)] 171939K->86947K(280576K), 0.0018932 secs] [Times: user=0.01 sys=0.00, real=0.00 secs] 
2021-08-18T22:33:25.135+0800: 21892.733: [GC (Allocation Failure) [PSYoungGen: 85408K->288K(86016K)] 171939K->86859K(280576K), 0.0022003 secs] [Times: user=0.02 sys=0.00, real=0.00 secs] 
2021-08-18T22:33:39.133+0800: 21906.731: [GC (Allocation Failure) [PSYoungGen: 85280K->416K(86016K)] 171851K->87027K(280576K), 0.0019376 secs] [Times: user=0.01 sys=0.00, real=0.00 secs] 
2021-08-18T22:33:54.133+0800: 21921.731: [GC (Allocation Failure) [PSYoungGen: 85408K->416K(86016K)] 172019K->87027K(280576K), 0.0020199 secs] [Times: user=0.01 sys=0.00, real=0.00 secs] 
2021-08-18T22:34:08.134+0800: 21935.732: [GC (Allocation Failure) [PSYoungGen: 85408K->352K(86016K)] 172019K->86963K(280576K), 0.0019112 secs] [Times: user=0.01 sys=0.00, real=0.00 secs] 
2021-08-18T22:34:23.133+0800: 21950.730: [GC (Allocation Failure) [PSYoungGen: 85344K->416K(86016K)] 171955K->87027K(280576K), 0.0020374 secs] [Times: user=0.01 sys=0.00, real=0.00 secs] 
2021-08-18T22:34:37.798+0800: 21965.396: [GC (Allocation Failure) [PSYoungGen: 85408K->384K(86016K)] 172019K->86995K(280576K), 0.0020663 secs] [Times: user=0.02 sys=0.00, real=0.01 secs] 
2021-08-18T22:34:52.131+0800: 21979.729: [GC (Allocation Failure) [PSYoungGen: 85376K->384K(86016K)] 171987K->87003K(280576K), 0.0019376 secs] [Times: user=0.02 sys=0.00, real=0.00 secs] 
2021-08-18T22:35:06.630+0800: 21994.228: [GC (Allocation Failure) [PSYoungGen: 85376K->416K(86016K)] 171995K->87035K(280576K), 0.0019769 secs] [Times: user=0.02 sys=0.01, real=0.01 secs] 
2021-08-18T22:35:21.131+0800: 22008.729: [GC (Allocation Failure) [PSYoungGen: 85408K->416K(86016K)] 172027K->87035K(280576K), 0.0022939 secs] [Times: user=0.01 sys=0.00, real=0.00 secs] 
2021-08-18T22:35:35.796+0800: 22023.394: [GC (Allocation Failure) [PSYoungGen: 85408K->384K(86016K)] 172027K->87003K(280576K), 0.0021831 secs] [Times: user=0.02 sys=0.00, real=0.00 secs] 
2021-08-18T22:35:50.131+0800: 22037.729: [GC (Allocation Failure) [PSYoungGen: 85376K->384K(86016K)] 171995K->87003K(280576K), 0.0019049 secs] [Times: user=0.02 sys=0.00, real=0.00 secs] 
2021-08-18T22:36:04.631+0800: 22052.229: [GC (Allocation Failure) [PSYoungGen: 85376K->352K(86016K)] 171995K->86971K(280576K), 0.0022101 secs] [Times: user=0.01 sys=0.00, real=0.00 secs] 
2021-08-18T22:36:19.132+0800: 22066.730: [GC (Allocation Failure) [PSYoungGen: 85344K->384K(86016K)] 171963K->87003K(280576K), 0.0019364 secs] [Times: user=0.02 sys=0.00, real=0.00 secs] 
2021-08-18T22:36:33.795+0800: 22081.392: [GC (Allocation Failure) [PSYoungGen: 85376K->384K(86528K)] 171995K->87003K(281088K), 0.0021892 secs] [Times: user=0.02 sys=0.01, real=0.00 secs] 
2021-08-18T22:36:48.133+0800: 22095.730: [GC (Allocation Failure) [PSYoungGen: 85888K->384K(86016K)] 172507K->87003K(280576K), 0.0019161 secs] [Times: user=0.02 sys=0.00, real=0.00 secs] 
2021-08-18T22:37:02.906+0800: 22110.504: [GC (Allocation Failure) [PSYoungGen: 85888K->320K(86528K)] 172507K->86939K(281088K), 0.0019693 secs] [Times: user=0.01 sys=0.00, real=0.00 secs] 
2021-08-18T22:37:17.631+0800: 22125.229: [GC (Allocation Failure) [PSYoungGen: 86336K->416K(86528K)] 172955K->87035K(281088K), 0.0020140 secs] [Times: user=0.01 sys=0.00, real=0.00 secs] 
2021-08-18T22:37:32.134+0800: 22139.732: [GC (Allocation Failure) [PSYoungGen: 86432K->384K(86528K)] 173051K->87003K(281088K), 0.0019861 secs] [Times: user=0.01 sys=0.00, real=0.00 secs] 
2021-08-18T22:37:47.135+0800: 22154.733: [GC (Allocation Failure) [PSYoungGen: 86400K->416K(86528K)] 173019K->87035K(281088K), 0.0020068 secs] [Times: user=0.02 sys=0.00, real=0.00 secs] 
2021-08-18T22:38:01.136+0800: 22168.733: [GC (Allocation Failure) [PSYoungGen: 86432K->384K(86528K)] 173051K->87043K(281088K), 0.0018534 secs] [Times: user=0.01 sys=0.00, real=0.00 secs] 
2021-08-18T22:38:16.135+0800: 22183.732: [GC (Allocation Failure) [PSYoungGen: 86400K->384K(86528K)] 173059K->87043K(281088K), 0.0019480 secs] [Times: user=0.01 sys=0.00, real=0.00 secs] 
2021-08-18T22:38:31.132+0800: 22198.729: [GC (Allocation Failure) [PSYoungGen: 86400K->416K(86528K)] 173059K->87075K(281088K), 0.0020002 secs] [Times: user=0.01 sys=0.00, real=0.00 secs] 
2021-08-18T22:38:45.137+0800: 22212.735: [GC (Allocation Failure) [PSYoungGen: 86432K->416K(86528K)] 173091K->87075K(281088K), 0.0019857 secs] [Times: user=0.02 sys=0.00, real=0.00 secs] 
2021-08-18T22:39:00.135+0800: 22227.732: [GC (Allocation Failure) [PSYoungGen: 86432K->384K(86528K)] 173091K->87051K(281088K), 0.0020579 secs] [Times: user=0.01 sys=0.00, real=0.00 secs] 
2021-08-18T22:39:15.133+0800: 22242.730: [GC (Allocation Failure) [PSYoungGen: 86400K->384K(86528K)] 173067K->87051K(281088K), 0.0023073 secs] [Times: user=0.02 sys=0.00, real=0.00 secs] 
2021-08-18T22:39:29.631+0800: 22257.229: [GC (Allocation Failure) [PSYoungGen: 86400K->384K(86528K)] 173067K->87099K(281088K), 0.0023911 secs] [Times: user=0.01 sys=0.00, real=0.00 secs] 
2021-08-18T22:39:44.134+0800: 22271.732: [GC (Allocation Failure) [PSYoungGen: 86400K->416K(86528K)] 173115K->87131K(281088K), 0.0019595 secs] [Times: user=0.01 sys=0.00, real=0.00 secs] 
2021-08-18T22:39:58.703+0800: 22286.301: [GC (Allocation Failure) [PSYoungGen: 86432K->416K(86528K)] 173147K->87131K(281088K), 0.0020316 secs] [Times: user=0.02 sys=0.00, real=0.00 secs] 
2021-08-18T22:40:13.631+0800: 22301.228: [GC (Allocation Failure) [PSYoungGen: 86432K->416K(86528K)] 173147K->87131K(281088K), 0.0025667 secs] [Times: user=0.01 sys=0.01, real=0.00 secs] 
2021-08-18T22:40:28.134+0800: 22315.732: [GC (Allocation Failure) [PSYoungGen: 86432K->384K(86528K)] 173147K->87099K(281088K), 0.0021854 secs] [Times: user=0.02 sys=0.00, real=0.00 secs] 
2021-08-18T22:40:42.925+0800: 22330.523: [GC (Allocation Failure) [PSYoungGen: 86400K->288K(86528K)] 173115K->87003K(281088K), 0.0020551 secs] [Times: user=0.01 sys=0.00, real=0.00 secs] 
2021-08-18T22:40:57.634+0800: 22345.232: [GC (Allocation Failure) [PSYoungGen: 86304K->416K(86528K)] 173019K->87131K(281088K), 0.0020385 secs] [Times: user=0.02 sys=0.00, real=0.00 secs] 
2021-08-18T22:41:12.135+0800: 22359.733: [GC (Allocation Failure) [PSYoungGen: 86432K->416K(86528K)] 173147K->87131K(281088K), 0.0021412 secs] [Times: user=0.01 sys=0.00, real=0.00 secs] 
2021-08-18T22:41:27.134+0800: 22374.732: [GC (Allocation Failure) [PSYoungGen: 86432K->384K(86528K)] 173147K->87123K(281088K), 0.0026616 secs] [Times: user=0.01 sys=0.00, real=0.00 secs] 
2021-08-18T22:41:41.413+0800: 22389.010: [GC (Allocation Failure) [PSYoungGen: 86400K->416K(86528K)] 173139K->87155K(281088K), 0.0019480 secs] [Times: user=0.01 sys=0.01, real=0.00 secs] 
2021-08-18T22:41:56.144+0800: 22403.742: [GC (Allocation Failure) [PSYoungGen: 86432K->384K(86528K)] 173171K->87123K(281088K), 0.0022931 secs] [Times: user=0.02 sys=0.00, real=0.00 secs] 
2021-08-18T22:42:11.133+0800: 22418.731: [GC (Allocation Failure) [PSYoungGen: 86400K->384K(86528K)] 173139K->87123K(281088K), 0.0023725 secs] [Times: user=0.01 sys=0.00, real=0.00 secs] 
2021-08-18T22:42:25.791+0800: 22433.388: [GC (Allocation Failure) [PSYoungGen: 86400K->416K(86528K)] 173139K->87155K(281088K), 0.0019779 secs] [Times: user=0.02 sys=0.00, real=0.00 secs] 
2021-08-18T22:42:40.136+0800: 22447.733: [GC (Allocation Failure) [PSYoungGen: 86432K->416K(86528K)] 173171K->87155K(281088K), 0.0021457 secs] [Times: user=0.02 sys=0.00, real=0.00 secs] 
2021-08-18T22:42:55.134+0800: 22462.732: [GC (Allocation Failure) [PSYoungGen: 86432K->384K(86528K)] 173171K->87123K(281088K), 0.0019982 secs] [Times: user=0.02 sys=0.00, real=0.00 secs] 
2021-08-18T22:43:09.634+0800: 22477.232: [GC (Allocation Failure) [PSYoungGen: 86400K->416K(86528K)] 173139K->87155K(281088K), 0.0019912 secs] [Times: user=0.01 sys=0.00, real=0.00 secs] 
2021-08-18T22:43:24.635+0800: 22492.233: [GC (Allocation Failure) [PSYoungGen: 86432K->384K(86528K)] 173171K->87123K(281088K), 0.0018691 secs] [Times: user=0.01 sys=0.00, real=0.00 secs] 
2021-08-18T22:43:39.134+0800: 22506.732: [GC (Allocation Failure) [PSYoungGen: 86400K->416K(86528K)] 173139K->87155K(281088K), 0.0022991 secs] [Times: user=0.02 sys=0.01, real=0.00 secs] 
2021-08-18T22:43:53.688+0800: 22521.286: [GC (Allocation Failure) [PSYoungGen: 86432K->416K(86528K)] 173171K->87155K(281088K), 0.0019029 secs] [Times: user=0.01 sys=0.00, real=0.00 secs] 
2021-08-18T22:44:08.137+0800: 22535.735: [GC (Allocation Failure) [PSYoungGen: 86432K->416K(86528K)] 173171K->87155K(281088K), 0.0019490 secs] [Times: user=0.01 sys=0.00, real=0.00 secs] 
2021-08-18T22:44:23.135+0800: 22550.733: [GC (Allocation Failure) [PSYoungGen: 86432K->416K(86528K)] 173171K->87155K(281088K), 0.0022904 secs] [Times: user=0.01 sys=0.00, real=0.00 secs] 
2021-08-18T22:44:37.867+0800: 22565.464: [GC (Allocation Failure) [PSYoungGen: 86432K->320K(86528K)] 173171K->87099K(281088K), 0.0020695 secs] [Times: user=0.01 sys=0.00, real=0.00 secs] 
2021-08-18T22:44:52.138+0800: 22579.736: [GC (Allocation Failure) [PSYoungGen: 86336K->384K(86528K)] 173115K->87163K(281088K), 0.0018566 secs] [Times: user=0.01 sys=0.00, real=0.00 secs] 
2021-08-18T22:45:07.136+0800: 22594.734: [GC (Allocation Failure) [PSYoungGen: 86400K->384K(86528K)] 173179K->87163K(281088K), 0.0019896 secs] [Times: user=0.01 sys=0.00, real=0.00 secs] 
2021-08-18T22:45:22.134+0800: 22609.731: [GC (Allocation Failure) [PSYoungGen: 86400K->352K(86528K)] 173179K->87131K(281088K), 0.0026662 secs] [Times: user=0.01 sys=0.00, real=0.00 secs] 
2021-08-18T22:45:36.785+0800: 22624.383: [GC (Allocation Failure) [PSYoungGen: 86368K->416K(86528K)] 173147K->87195K(281088K), 0.0019126 secs] [Times: user=0.01 sys=0.00, real=0.00 secs] 
2021-08-18T22:45:51.133+0800: 22638.731: [GC (Allocation Failure) [PSYoungGen: 86432K->416K(86528K)] 173211K->87203K(281088K), 0.0018688 secs] [Times: user=0.01 sys=0.00, real=0.00 secs] 
2021-08-18T22:46:06.133+0800: 22653.730: [GC (Allocation Failure) [PSYoungGen: 86432K->384K(86528K)] 173219K->87171K(281088K), 0.0020078 secs] [Times: user=0.01 sys=0.00, real=0.00 secs] 
2021-08-18T22:46:20.634+0800: 22668.232: [GC (Allocation Failure) [PSYoungGen: 86400K->352K(86528K)] 173187K->87139K(281088K), 0.0018727 secs] [Times: user=0.01 sys=0.00, real=0.00 secs] 
2021-08-18T22:46:35.137+0800: 22682.735: [GC (Allocation Failure) [PSYoungGen: 86368K->416K(86528K)] 173155K->87203K(281088K), 0.0017959 secs] [Times: user=0.02 sys=0.00, real=0.00 secs] 
2021-08-18T22:46:49.786+0800: 22697.384: [GC (Allocation Failure) [PSYoungGen: 86432K->416K(86528K)] 173219K->87203K(281088K), 0.0019160 secs] [Times: user=0.01 sys=0.00, real=0.00 secs] 
2021-08-18T22:47:04.633+0800: 22712.231: [GC (Allocation Failure) [PSYoungGen: 86432K->416K(86528K)] 173219K->87203K(281088K), 0.0018624 secs] [Times: user=0.02 sys=0.00, real=0.00 secs] 
2021-08-18T22:47:19.134+0800: 22726.732: [GC (Allocation Failure) [PSYoungGen: 86432K->384K(86528K)] 173219K->87171K(281088K), 0.0022950 secs] [Times: user=0.02 sys=0.00, real=0.00 secs] 
2021-08-18T22:47:34.134+0800: 22741.732: [GC (Allocation Failure) [PSYoungGen: 86400K->384K(86528K)] 173187K->87171K(281088K), 0.0018905 secs] [Times: user=0.02 sys=0.00, real=0.00 secs] 
2021-08-18T22:47:48.631+0800: 22756.229: [GC (Allocation Failure) [PSYoungGen: 86400K->416K(86528K)] 173187K->87203K(281088K), 0.0020495 secs] [Times: user=0.01 sys=0.00, real=0.00 secs] 
2021-08-18T22:48:03.136+0800: 22770.734: [GC (Allocation Failure) [PSYoungGen: 86432K->352K(86528K)] 173219K->87139K(281088K), 0.0018993 secs] [Times: user=0.01 sys=0.00, real=0.00 secs] 
2021-08-18T22:48:18.133+0800: 22785.730: [GC (Allocation Failure) [PSYoungGen: 86368K->416K(86528K)] 173155K->87203K(281088K), 0.0018780 secs] [Times: user=0.01 sys=0.00, real=0.00 secs] 
2021-08-18T22:48:33.135+0800: 22800.732: [GC (Allocation Failure) [PSYoungGen: 86432K->416K(86528K)] 173219K->87203K(281088K), 0.0024167 secs] [Times: user=0.02 sys=0.00, real=0.00 secs] 
2021-08-18T22:48:47.239+0800: 22814.837: [GC (Allocation Failure) [PSYoungGen: 86432K->416K(86528K)] 173219K->87203K(281088K), 0.0022660 secs] [Times: user=0.02 sys=0.01, real=0.01 secs] 
2021-08-18T22:49:02.137+0800: 22829.735: [GC (Allocation Failure) [PSYoungGen: 86432K->416K(86528K)] 173219K->87203K(281088K), 0.0020141 secs] [Times: user=0.01 sys=0.00, real=0.00 secs] 
2021-08-18T22:49:17.134+0800: 22844.732: [GC (Allocation Failure) [PSYoungGen: 86432K->384K(86528K)] 173219K->87171K(281088K), 0.0021089 secs] [Times: user=0.02 sys=0.00, real=0.00 secs] 
2021-08-18T22:49:31.631+0800: 22859.229: [GC (Allocation Failure) [PSYoungGen: 86400K->288K(86528K)] 173187K->87075K(281088K), 0.0020079 secs] [Times: user=0.01 sys=0.00, real=0.00 secs] 
2021-08-18T22:49:46.136+0800: 22873.734: [GC (Allocation Failure) [PSYoungGen: 86304K->384K(86528K)] 173091K->87171K(281088K), 0.0018510 secs] [Times: user=0.02 sys=0.00, real=0.00 secs] 
2021-08-18T22:50:01.130+0800: 22888.728: [GC (Allocation Failure) [PSYoungGen: 86400K->416K(86528K)] 173187K->87219K(281088K), 0.0020624 secs] [Times: user=0.01 sys=0.00, real=0.01 secs] 
2021-08-18T22:50:15.633+0800: 22903.231: [GC (Allocation Failure) [PSYoungGen: 86432K->416K(86528K)] 173235K->87219K(281088K), 0.0020092 secs] [Times: user=0.01 sys=0.00, real=0.00 secs] 
2021-08-18T22:50:30.134+0800: 22917.732: [GC (Allocation Failure) [PSYoungGen: 86432K->352K(86528K)] 173235K->87155K(281088K), 0.0018831 secs] [Times: user=0.01 sys=0.00, real=0.00 secs] 
2021-08-18T22:50:45.130+0800: 22932.728: [GC (Allocation Failure) [PSYoungGen: 86368K->256K(86528K)] 173171K->87059K(281088K), 0.0022310 secs] [Times: user=0.02 sys=0.00, real=0.00 secs] 
2021-08-18T22:50:59.138+0800: 22946.735: [GC (Allocation Failure) [PSYoungGen: 86272K->384K(86528K)] 173075K->87187K(281088K), 0.0019135 secs] [Times: user=0.01 sys=0.00, real=0.00 secs] 
2021-08-18T22:51:14.135+0800: 22961.733: [GC (Allocation Failure) [PSYoungGen: 86400K->288K(86528K)] 173203K->87091K(281088K), 0.0019812 secs] [Times: user=0.01 sys=0.00, real=0.00 secs] 
2021-08-18T22:51:29.133+0800: 22976.731: [GC (Allocation Failure) [PSYoungGen: 86304K->416K(86528K)] 173107K->87219K(281088K), 0.0021574 secs] [Times: user=0.01 sys=0.00, real=0.00 secs] 
2021-08-18T22:51:43.632+0800: 22991.230: [GC (Allocation Failure) [PSYoungGen: 86432K->352K(86528K)] 173235K->87155K(281088K), 0.0020408 secs] [Times: user=0.01 sys=0.00, real=0.00 secs] 
2021-08-18T22:51:58.134+0800: 23005.732: [GC (Allocation Failure) [PSYoungGen: 86368K->416K(86528K)] 173171K->87227K(281088K), 0.0020046 secs] [Times: user=0.01 sys=0.01, real=0.00 secs] 
2021-08-18T22:52:13.133+0800: 23020.731: [GC (Allocation Failure) [PSYoungGen: 86432K->416K(86528K)] 173243K->87227K(281088K), 0.0020604 secs] [Times: user=0.02 sys=0.00, real=0.00 secs] 
2021-08-18T22:52:27.784+0800: 23035.381: [GC (Allocation Failure) [PSYoungGen: 86432K->320K(86528K)] 173243K->87131K(281088K), 0.0020665 secs] [Times: user=0.02 sys=0.00, real=0.00 secs] 
2021-08-18T22:52:42.133+0800: 23049.731: [GC (Allocation Failure) [PSYoungGen: 86336K->384K(86528K)] 173147K->87195K(281088K), 0.0019861 secs] [Times: user=0.02 sys=0.00, real=0.00 secs] 
2021-08-18T22:52:57.130+0800: 23064.728: [GC (Allocation Failure) [PSYoungGen: 86400K->432K(86528K)] 173211K->87243K(281088K), 0.0023418 secs] [Times: user=0.02 sys=0.00, real=0.00 secs] 
2021-08-18T22:53:11.136+0800: 23078.734: [GC (Allocation Failure) [PSYoungGen: 86448K->432K(86528K)] 173259K->87243K(281088K), 0.0019654 secs] [Times: user=0.01 sys=0.00, real=0.00 secs] 
2021-08-18T22:53:26.136+0800: 23093.733: [GC (Allocation Failure) [PSYoungGen: 86448K->464K(86528K)] 173259K->87275K(281088K), 0.0022164 secs] [Times: user=0.02 sys=0.00, real=0.00 secs] 
2021-08-18T22:53:40.631+0800: 23108.228: [GC (Allocation Failure) [PSYoungGen: 86480K->496K(85504K)] 173291K->87380K(280064K), 0.0021493 secs] [Times: user=0.02 sys=0.00, real=0.00 secs] 
2021-08-18T22:53:55.137+0800: 23122.735: [GC (Allocation Failure) [PSYoungGen: 85488K->656K(86016K)] 172372K->87540K(280576K), 0.0018689 secs] [Times: user=0.01 sys=0.00, real=0.00 secs] 
2021-08-18T22:54:09.632+0800: 23137.229: [GC (Allocation Failure) [PSYoungGen: 85648K->864K(86016K)] 172532K->87748K(280576K), 0.0022599 secs] [Times: user=0.01 sys=0.00, real=0.00 secs] 
2021-08-18T22:54:24.134+0800: 23151.732: [GC (Allocation Failure) [PSYoungGen: 85856K->1008K(86016K)] 172740K->87892K(280576K), 0.0019678 secs] [Times: user=0.02 sys=0.00, real=0.00 secs] 
2021-08-18T22:54:38.135+0800: 23165.733: [GC (Allocation Failure) [PSYoungGen: 86000K->992K(84992K)] 172884K->87884K(279552K), 0.0020166 secs] [Times: user=0.02 sys=0.00, real=0.00 secs] 
2021-08-18T22:54:53.132+0800: 23180.730: [GC (Allocation Failure) [PSYoungGen: 84960K->944K(85504K)] 171852K->87844K(280064K), 0.0019273 secs] [Times: user=0.02 sys=0.00, real=0.00 secs] 
2021-08-18T22:55:07.632+0800: 23195.230: [GC (Allocation Failure) [PSYoungGen: 84912K->1024K(85504K)] 171812K->87924K(280064K), 0.0020682 secs] [Times: user=0.02 sys=0.00, real=0.00 secs] 
2021-08-18T22:55:21.782+0800: 23209.380: [GC (Allocation Failure) [PSYoungGen: 84992K->992K(85504K)] 171892K->87892K(280064K), 0.0021405 secs] [Times: user=0.02 sys=0.00, real=0.00 secs] 
2021-08-18T22:55:36.133+0800: 23223.731: [GC (Allocation Failure) [PSYoungGen: 84960K->1040K(85504K)] 171860K->87940K(280064K), 0.0019543 secs] [Times: user=0.02 sys=0.00, real=0.00 secs] 
2021-08-18T22:55:50.135+0800: 23237.733: [GC (Allocation Failure) [PSYoungGen: 85008K->960K(85504K)] 171908K->87868K(280064K), 0.0019112 secs] [Times: user=0.01 sys=0.00, real=0.00 secs] 
2021-08-18T22:56:04.780+0800: 23252.377: [GC (Allocation Failure) [PSYoungGen: 84928K->976K(85504K)] 171836K->87892K(280064K), 0.0024339 secs] [Times: user=0.01 sys=0.00, real=0.01 secs] 
2021-08-18T22:56:19.131+0800: 23266.729: [GC (Allocation Failure) [PSYoungGen: 84944K->1072K(85504K)] 171860K->87988K(280064K), 0.0020199 secs] [Times: user=0.01 sys=0.00, real=0.00 secs] 
2021-08-18T22:56:33.630+0800: 23281.227: [GC (Allocation Failure) [PSYoungGen: 85040K->960K(85504K)] 171956K->87940K(280064K), 0.0020006 secs] [Times: user=0.02 sys=0.00, real=0.01 secs] 
2021-08-18T22:56:47.840+0800: 23295.438: [GC (Allocation Failure) [PSYoungGen: 84928K->816K(85504K)] 171908K->87908K(280064K), 0.0020038 secs] [Times: user=0.02 sys=0.00, real=0.01 secs] 
2021-08-18T22:57:02.132+0800: 23309.730: [GC (Allocation Failure) [PSYoungGen: 84784K->896K(85504K)] 171876K->87988K(280064K), 0.0021372 secs] [Times: user=0.01 sys=0.00, real=0.00 secs] 
2021-08-18T22:57:16.631+0800: 23324.229: [GC (Allocation Failure) [PSYoungGen: 84864K->752K(85504K)] 171956K->88092K(280064K), 0.0021800 secs] [Times: user=0.01 sys=0.00, real=0.00 secs] 
2021-08-18T22:57:30.781+0800: 23338.379: [GC (Allocation Failure) [PSYoungGen: 84720K->576K(85504K)] 172060K->88044K(280064K), 0.0020128 secs] [Times: user=0.02 sys=0.00, real=0.00 secs] 
2021-08-18T22:57:45.134+0800: 23352.731: [GC (Allocation Failure) [PSYoungGen: 84544K->464K(85504K)] 172012K->88236K(280064K), 0.0022845 secs] [Times: user=0.01 sys=0.00, real=0.00 secs] 
2021-08-18T22:57:59.136+0800: 23366.733: [GC (Allocation Failure) [PSYoungGen: 84432K->400K(85504K)] 172204K->88172K(280064K), 0.0018609 secs] [Times: user=0.01 sys=0.00, real=0.00 secs] 
2021-08-18T22:58:14.131+0800: 23381.728: [GC (Allocation Failure) [PSYoungGen: 84368K->384K(85504K)] 172140K->88276K(280064K), 0.0023632 secs] [Times: user=0.01 sys=0.00, real=0.00 secs] 
2021-08-18T22:58:28.133+0800: 23395.730: [GC (Allocation Failure) [PSYoungGen: 84352K->384K(85504K)] 172244K->88276K(280064K), 0.0019774 secs] [Times: user=0.01 sys=0.00, real=0.00 secs] 
2021-08-18T22:58:42.136+0800: 23409.733: [GC (Allocation Failure) [PSYoungGen: 84352K->352K(85504K)] 172244K->88244K(280064K), 0.0020560 secs] [Times: user=0.01 sys=0.00, real=0.00 secs] 
2021-08-18T22:58:57.132+0800: 23424.730: [GC (Allocation Failure) [PSYoungGen: 84320K->416K(85504K)] 172212K->88332K(280064K), 0.0021229 secs] [Times: user=0.01 sys=0.00, real=0.00 secs] 
2021-08-18T22:59:11.133+0800: 23438.731: [GC (Allocation Failure) [PSYoungGen: 84384K->416K(85504K)] 172300K->88372K(280064K), 0.0021053 secs] [Times: user=0.02 sys=0.00, real=0.00 secs] 
2021-08-18T22:59:25.686+0800: 23453.284: [GC (Allocation Failure) [PSYoungGen: 84384K->384K(85504K)] 172340K->88340K(280064K), 0.0018713 secs] [Times: user=0.02 sys=0.00, real=0.00 secs] 
2021-08-18T22:59:39.780+0800: 23467.378: [GC (Allocation Failure) [PSYoungGen: 84352K->320K(85504K)] 172308K->88276K(280064K), 0.0022444 secs] [Times: user=0.01 sys=0.00, real=0.01 secs] 
2021-08-18T22:59:54.136+0800: 23481.733: [GC (Allocation Failure) [PSYoungGen: 84288K->416K(85504K)] 172244K->88372K(280064K), 0.0020063 secs] [Times: user=0.01 sys=0.00, real=0.00 secs] 
2021-08-18T23:00:08.134+0800: 23495.732: [GC (Allocation Failure) [PSYoungGen: 84384K->384K(85504K)] 172340K->88340K(280064K), 0.0020556 secs] [Times: user=0.02 sys=0.00, real=0.00 secs] 
2021-08-18T23:00:23.132+0800: 23510.730: [GC (Allocation Failure) [PSYoungGen: 84352K->416K(85504K)] 172308K->88372K(280064K), 0.0019086 secs] [Times: user=0.02 sys=0.00, real=0.00 secs] 
2021-08-18T23:00:37.181+0800: 23524.779: [GC (Allocation Failure) [PSYoungGen: 84384K->384K(85504K)] 172340K->88340K(280064K), 0.0019529 secs] [Times: user=0.02 sys=0.00, real=0.00 secs] 
2021-08-18T23:00:51.404+0800: 23539.002: [GC (Allocation Failure) [PSYoungGen: 84352K->384K(86016K)] 172308K->88340K(280576K), 0.0020068 secs] [Times: user=0.01 sys=0.00, real=0.00 secs] 
2021-08-18T23:01:06.132+0800: 23553.730: [GC (Allocation Failure) [PSYoungGen: 84864K->416K(85504K)] 172820K->88380K(280064K), 0.0024498 secs] [Times: user=0.02 sys=0.00, real=0.00 secs] 
2021-08-18T23:01:20.136+0800: 23567.734: [GC (Allocation Failure) [PSYoungGen: 84896K->352K(86016K)] 172860K->88316K(280576K), 0.0020084 secs] [Times: user=0.01 sys=0.00, real=0.00 secs] 
2021-08-18T23:01:35.133+0800: 23582.730: [GC (Allocation Failure) [PSYoungGen: 85344K->416K(86016K)] 173308K->88380K(280576K), 0.0020752 secs] [Times: user=0.01 sys=0.00, real=0.00 secs] 
2021-08-18T23:01:49.137+0800: 23596.735: [GC (Allocation Failure) [PSYoungGen: 85408K->384K(86016K)] 173372K->88348K(280576K), 0.0020541 secs] [Times: user=0.02 sys=0.00, real=0.00 secs] 
2021-08-18T23:02:04.132+0800: 23611.730: [GC (Allocation Failure) [PSYoungGen: 85376K->416K(86016K)] 173340K->88380K(280576K), 0.0024551 secs] [Times: user=0.01 sys=0.00, real=0.00 secs] 
2021-08-18T23:02:18.135+0800: 23625.733: [GC (Allocation Failure) [PSYoungGen: 85408K->320K(86016K)] 173372K->88284K(280576K), 0.0019495 secs] [Times: user=0.01 sys=0.00, real=0.00 secs] 
2021-08-18T23:02:33.133+0800: 23640.731: [GC (Allocation Failure) [PSYoungGen: 85312K->416K(86016K)] 173276K->88380K(280576K), 0.0021345 secs] [Times: user=0.02 sys=0.00, real=0.00 secs] 
2021-08-18T23:02:47.633+0800: 23655.230: [GC (Allocation Failure) [PSYoungGen: 85408K->416K(86016K)] 173372K->88380K(280576K), 0.0019394 secs] [Times: user=0.01 sys=0.00, real=0.00 secs] 
2021-08-18T23:03:02.134+0800: 23669.731: [GC (Allocation Failure) [PSYoungGen: 85408K->416K(86016K)] 173372K->88380K(280576K), 0.0019048 secs] [Times: user=0.01 sys=0.00, real=0.00 secs] 
2021-08-18T23:03:16.632+0800: 23684.230: [GC (Allocation Failure) [PSYoungGen: 85408K->416K(86016K)] 173372K->88380K(280576K), 0.0020228 secs] [Times: user=0.01 sys=0.00, real=0.00 secs] 
2021-08-18T23:03:31.133+0800: 23698.730: [GC (Allocation Failure) [PSYoungGen: 85408K->320K(86016K)] 173372K->88284K(280576K), 0.0019071 secs] [Times: user=0.02 sys=0.00, real=0.00 secs] 
2021-08-18T23:03:45.634+0800: 23713.232: [GC (Allocation Failure) [PSYoungGen: 85312K->384K(86016K)] 173276K->88404K(280576K), 0.0021454 secs] [Times: user=0.01 sys=0.00, real=0.00 secs] 
2021-08-18T23:04:00.134+0800: 23727.732: [GC (Allocation Failure) [PSYoungGen: 85376K->384K(86016K)] 173396K->88404K(280576K), 0.0021193 secs] [Times: user=0.02 sys=0.00, real=0.00 secs] 
2021-08-18T23:04:14.778+0800: 23742.376: [GC (Allocation Failure) [PSYoungGen: 85376K->288K(86016K)] 173396K->88308K(280576K), 0.0021843 secs] [Times: user=0.02 sys=0.00, real=0.01 secs] 
2021-08-18T23:04:29.132+0800: 23756.730: [GC (Allocation Failure) [PSYoungGen: 85280K->416K(86016K)] 173300K->88436K(280576K), 0.0022607 secs] [Times: user=0.02 sys=0.00, real=0.00 secs] 
2021-08-18T23:04:43.401+0800: 23770.999: [GC (Allocation Failure) [PSYoungGen: 85408K->320K(86016K)] 173428K->88340K(280576K), 0.0021721 secs] [Times: user=0.01 sys=0.00, real=0.00 secs] 
2021-08-18T23:04:58.132+0800: 23785.730: [GC (Allocation Failure) [PSYoungGen: 85312K->352K(86016K)] 173332K->88372K(280576K), 0.0019125 secs] [Times: user=0.01 sys=0.00, real=0.00 secs] 
2021-08-18T23:05:12.635+0800: 23800.233: [GC (Allocation Failure) [PSYoungGen: 85344K->352K(86016K)] 173364K->88372K(280576K), 0.0018778 secs] [Times: user=0.01 sys=0.00, real=0.00 secs] 
2021-08-18T23:05:27.137+0800: 23814.735: [GC (Allocation Failure) [PSYoungGen: 85344K->416K(86016K)] 173364K->88436K(280576K), 0.0019230 secs] [Times: user=0.02 sys=0.00, real=0.00 secs] 
2021-08-18T23:05:41.631+0800: 23829.229: [GC (Allocation Failure) [PSYoungGen: 85408K->352K(86016K)] 173428K->88372K(280576K), 0.0019955 secs] [Times: user=0.01 sys=0.00, real=0.00 secs] 
2021-08-18T23:05:56.134+0800: 23843.732: [GC (Allocation Failure) [PSYoungGen: 85344K->416K(86016K)] 173364K->88436K(280576K), 0.0019579 secs] [Times: user=0.01 sys=0.00, real=0.00 secs] 
2021-08-18T23:06:10.635+0800: 23858.233: [GC (Allocation Failure) [PSYoungGen: 85408K->352K(86016K)] 173428K->88372K(280576K), 0.0022934 secs] [Times: user=0.01 sys=0.00, real=0.00 secs] 
2021-08-18T23:06:25.135+0800: 23872.733: [GC (Allocation Failure) [PSYoungGen: 85344K->384K(86016K)] 173364K->88404K(280576K), 0.0020982 secs] [Times: user=0.01 sys=0.00, real=0.00 secs] 
2021-08-18T23:06:39.632+0800: 23887.229: [GC (Allocation Failure) [PSYoungGen: 85376K->416K(86016K)] 173396K->88436K(280576K), 0.0023109 secs] [Times: user=0.02 sys=0.00, real=0.00 secs] 
2021-08-18T23:06:54.135+0800: 23901.733: [GC (Allocation Failure) [PSYoungGen: 85408K->416K(86016K)] 173428K->88436K(280576K), 0.0019779 secs] [Times: user=0.02 sys=0.00, real=0.00 secs] 
2021-08-18T23:07:08.777+0800: 23916.375: [GC (Allocation Failure) [PSYoungGen: 85408K->320K(86016K)] 173428K->88340K(280576K), 0.0020142 secs] [Times: user=0.01 sys=0.00, real=0.00 secs] 
2021-08-18T23:07:23.138+0800: 23930.735: [GC (Allocation Failure) [PSYoungGen: 85312K->384K(86016K)] 173332K->88404K(280576K), 0.0019135 secs] [Times: user=0.01 sys=0.00, real=0.00 secs] 
2021-08-18T23:07:38.037+0800: 23945.635: [GC (Allocation Failure) [PSYoungGen: 85376K->352K(86528K)] 173396K->88372K(281088K), 0.0023209 secs] [Times: user=0.01 sys=0.00, real=0.00 secs] 
2021-08-18T23:07:52.137+0800: 23959.735: [GC (Allocation Failure) [PSYoungGen: 86368K->384K(86528K)] 174388K->88420K(281088K), 0.0023116 secs] [Times: user=0.02 sys=0.00, real=0.00 secs] 
2021-08-18T23:08:07.137+0800: 23974.735: [GC (Allocation Failure) [PSYoungGen: 86400K->416K(86528K)] 174436K->88452K(281088K), 0.0020526 secs] [Times: user=0.01 sys=0.00, real=0.00 secs] 
2021-08-18T23:08:22.132+0800: 23989.730: [GC (Allocation Failure) [PSYoungGen: 86432K->416K(86528K)] 174468K->88452K(281088K), 0.0022560 secs] [Times: user=0.01 sys=0.00, real=0.00 secs] 
2021-08-18T23:08:36.138+0800: 24003.736: [GC (Allocation Failure) [PSYoungGen: 86432K->416K(86528K)] 174468K->88452K(281088K), 0.0019728 secs] [Times: user=0.02 sys=0.00, real=0.01 secs] 
2021-08-18T23:08:51.133+0800: 24018.731: [GC (Allocation Failure) [PSYoungGen: 86432K->288K(86528K)] 174468K->88324K(281088K), 0.0022067 secs] [Times: user=0.02 sys=0.00, real=0.00 secs] 
2021-08-18T23:09:05.784+0800: 24033.382: [GC (Allocation Failure) [PSYoungGen: 86304K->416K(86528K)] 174340K->88452K(281088K), 0.0022961 secs] [Times: user=0.02 sys=0.00, real=0.00 secs] 
2021-08-18T23:09:20.136+0800: 24047.734: [GC (Allocation Failure) [PSYoungGen: 86432K->416K(86528K)] 174468K->88452K(281088K), 0.0018858 secs] [Times: user=0.02 sys=0.00, real=0.00 secs] 
2021-08-18T23:09:35.137+0800: 24062.735: [GC (Allocation Failure) [PSYoungGen: 86432K->416K(86528K)] 174468K->88452K(281088K), 0.0020325 secs] [Times: user=0.02 sys=0.00, real=0.00 secs] 
2021-08-18T23:09:49.635+0800: 24077.233: [GC (Allocation Failure) [PSYoungGen: 86432K->384K(86528K)] 174468K->88420K(281088K), 0.0018895 secs] [Times: user=0.02 sys=0.00, real=0.00 secs] 
2021-08-18T23:10:04.633+0800: 24092.230: [GC (Allocation Failure) [PSYoungGen: 86400K->384K(86528K)] 174436K->88420K(281088K), 0.0021703 secs] [Times: user=0.02 sys=0.00, real=0.00 secs] 
2021-08-18T23:10:19.136+0800: 24106.733: [GC (Allocation Failure) [PSYoungGen: 86400K->384K(86528K)] 174436K->88420K(281088K), 0.0021282 secs] [Times: user=0.01 sys=0.00, real=0.00 secs] 
2021-08-18T23:10:34.136+0800: 24121.734: [GC (Allocation Failure) [PSYoungGen: 86400K->384K(86528K)] 174436K->88420K(281088K), 0.0021372 secs] [Times: user=0.01 sys=0.00, real=0.00 secs] 
2021-08-18T23:10:48.140+0800: 24135.737: [GC (Allocation Failure) [PSYoungGen: 86400K->320K(86528K)] 174436K->88356K(281088K), 0.0020660 secs] [Times: user=0.02 sys=0.00, real=0.01 secs] 
2021-08-18T23:11:03.136+0800: 24150.734: [GC (Allocation Failure) [PSYoungGen: 86336K->416K(86528K)] 174372K->88452K(281088K), 0.0020300 secs] [Times: user=0.01 sys=0.00, real=0.00 secs] 
2021-08-18T23:11:18.041+0800: 24165.639: [GC (Allocation Failure) [PSYoungGen: 86432K->416K(86528K)] 174468K->88452K(281088K), 0.0023095 secs] [Times: user=0.01 sys=0.00, real=0.00 secs] 
2021-08-18T23:11:32.637+0800: 24180.235: [GC (Allocation Failure) [PSYoungGen: 86432K->416K(86528K)] 174468K->88452K(281088K), 0.0022966 secs] [Times: user=0.02 sys=0.00, real=0.00 secs] 
2021-08-18T23:11:47.138+0800: 24194.736: [GC (Allocation Failure) [PSYoungGen: 86432K->416K(86528K)] 174468K->88476K(281088K), 0.0020358 secs] [Times: user=0.02 sys=0.00, real=0.01 secs] 
2021-08-18T23:12:02.132+0800: 24209.730: [GC (Allocation Failure) [PSYoungGen: 86432K->384K(86528K)] 174492K->88444K(281088K), 0.0024818 secs] [Times: user=0.01 sys=0.00, real=0.00 secs] 
2021-08-18T23:12:16.800+0800: 24224.398: [GC (Allocation Failure) [PSYoungGen: 86400K->416K(86528K)] 174460K->88516K(281088K), 0.0022583 secs] [Times: user=0.01 sys=0.00, real=0.01 secs] 
2021-08-18T23:12:31.137+0800: 24238.735: [GC (Allocation Failure) [PSYoungGen: 86432K->416K(86528K)] 174532K->88532K(281088K), 0.0017919 secs] [Times: user=0.01 sys=0.00, real=0.00 secs] 
2021-08-18T23:12:46.133+0800: 24253.731: [GC (Allocation Failure) [PSYoungGen: 86432K->384K(86528K)] 174548K->88500K(281088K), 0.0018869 secs] [Times: user=0.01 sys=0.00, real=0.00 secs] 
2021-08-18T23:13:00.138+0800: 24267.736: [GC (Allocation Failure) [PSYoungGen: 86400K->352K(86528K)] 174516K->88468K(281088K), 0.0021119 secs] [Times: user=0.01 sys=0.00, real=0.00 secs] 
2021-08-18T23:13:15.137+0800: 24282.735: [GC (Allocation Failure) [PSYoungGen: 86368K->384K(86528K)] 174484K->88500K(281088K), 0.0020323 secs] [Times: user=0.01 sys=0.00, real=0.00 secs] 
2021-08-18T23:13:29.989+0800: 24297.587: [GC (Allocation Failure) [PSYoungGen: 86400K->352K(86528K)] 174516K->88468K(281088K), 0.0022907 secs] [Times: user=0.01 sys=0.00, real=0.01 secs] 
2021-08-18T23:13:44.142+0800: 24311.739: [GC (Allocation Failure) [PSYoungGen: 86368K->384K(86528K)] 174484K->88500K(281088K), 0.0018540 secs] [Times: user=0.01 sys=0.00, real=0.00 secs] 
2021-08-18T23:13:59.135+0800: 24326.733: [GC (Allocation Failure) [PSYoungGen: 86400K->416K(86528K)] 174516K->88532K(281088K), 0.0022148 secs] [Times: user=0.01 sys=0.00, real=0.00 secs] 
2021-08-18T23:14:14.138+0800: 24341.735: [GC (Allocation Failure) [PSYoungGen: 86432K->416K(86528K)] 174548K->88532K(281088K), 0.0018662 secs] [Times: user=0.02 sys=0.00, real=0.00 secs] 
2021-08-18T23:14:28.138+0800: 24355.736: [GC (Allocation Failure) [PSYoungGen: 86432K->416K(86528K)] 174548K->88532K(281088K), 0.0019422 secs] [Times: user=0.01 sys=0.00, real=0.00 secs] 
2021-08-18T23:14:43.135+0800: 24370.733: [GC (Allocation Failure) [PSYoungGen: 86432K->384K(86528K)] 174548K->88500K(281088K), 0.0021582 secs] [Times: user=0.02 sys=0.00, real=0.00 secs] 
2021-08-18T23:14:58.043+0800: 24385.641: [GC (Allocation Failure) [PSYoungGen: 86400K->448K(86528K)] 174516K->88588K(281088K), 0.0021376 secs] [Times: user=0.02 sys=0.00, real=0.00 secs] 
2021-08-18T23:15:12.633+0800: 24400.230: [GC (Allocation Failure) [PSYoungGen: 86464K->384K(86528K)] 174604K->88524K(281088K), 0.0021953 secs] [Times: user=0.02 sys=0.00, real=0.00 secs] 
2021-08-18T23:15:27.138+0800: 24414.736: [GC (Allocation Failure) [PSYoungGen: 86400K->416K(86528K)] 174540K->88556K(281088K), 0.0019604 secs] [Times: user=0.02 sys=0.00, real=0.00 secs] 
2021-08-18T23:15:41.812+0800: 24429.410: [GC (Allocation Failure) [PSYoungGen: 86432K->416K(86528K)] 174572K->88556K(281088K), 0.0024335 secs] [Times: user=0.01 sys=0.00, real=0.00 secs] 
2021-08-18T23:15:56.635+0800: 24444.233: [GC (Allocation Failure) [PSYoungGen: 86432K->416K(86528K)] 174572K->88556K(281088K), 0.0020117 secs] [Times: user=0.01 sys=0.00, real=0.00 secs] 
2021-08-18T23:16:11.137+0800: 24458.734: [GC (Allocation Failure) [PSYoungGen: 86432K->384K(86528K)] 174572K->88524K(281088K), 0.0020779 secs] [Times: user=0.01 sys=0.00, real=0.00 secs] 
2021-08-18T23:16:26.136+0800: 24473.734: [GC (Allocation Failure) [PSYoungGen: 86400K->416K(86528K)] 174540K->88556K(281088K), 0.0020531 secs] [Times: user=0.02 sys=0.00, real=0.00 secs] 
2021-08-18T23:16:40.137+0800: 24487.735: [GC (Allocation Failure) [PSYoungGen: 86432K->384K(86528K)] 174572K->88524K(281088K), 0.0019381 secs] [Times: user=0.02 sys=0.00, real=0.00 secs] 
2021-08-18T23:16:55.139+0800: 24502.737: [GC (Allocation Failure) [PSYoungGen: 86400K->416K(86528K)] 174540K->88556K(281088K), 0.0021605 secs] [Times: user=0.02 sys=0.00, real=0.01 secs] 
2021-08-18T23:17:10.133+0800: 24517.730: [GC (Allocation Failure) [PSYoungGen: 86432K->384K(86528K)] 174572K->88548K(281088K), 0.0019691 secs] [Times: user=0.02 sys=0.00, real=0.00 secs] 
2021-08-18T23:17:24.817+0800: 24532.415: [GC (Allocation Failure) [PSYoungGen: 86400K->352K(86528K)] 174564K->88516K(281088K), 0.0019671 secs] [Times: user=0.01 sys=0.00, real=0.00 secs] 
2021-08-18T23:17:39.136+0800: 24546.733: [GC (Allocation Failure) [PSYoungGen: 86368K->384K(86528K)] 174532K->88548K(281088K), 0.0019657 secs] [Times: user=0.01 sys=0.00, real=0.00 secs] 
2021-08-18T23:17:54.134+0800: 24561.732: [GC (Allocation Failure) [PSYoungGen: 86400K->416K(86528K)] 174564K->88580K(281088K), 0.0020671 secs] [Times: user=0.02 sys=0.00, real=0.00 secs] 
2021-08-18T23:18:08.258+0800: 24575.856: [GC (Allocation Failure) [PSYoungGen: 86432K->416K(86528K)] 174596K->88580K(281088K), 0.0024600 secs] [Times: user=0.02 sys=0.01, real=0.01 secs] 
2021-08-18T23:18:23.139+0800: 24590.736: [GC (Allocation Failure) [PSYoungGen: 86432K->384K(86528K)] 174596K->88572K(281088K), 0.0019175 secs] [Times: user=0.02 sys=0.00, real=0.01 secs] 
2021-08-18T23:18:38.044+0800: 24605.642: [GC (Allocation Failure) [PSYoungGen: 86400K->416K(86528K)] 174588K->88604K(281088K), 0.0020866 secs] [Times: user=0.02 sys=0.00, real=0.00 secs] 
2021-08-18T23:18:52.646+0800: 24620.244: [GC (Allocation Failure) [PSYoungGen: 86432K->384K(86528K)] 174620K->88572K(281088K), 0.0023467 secs] [Times: user=0.01 sys=0.00, real=0.00 secs] 
2021-08-18T23:19:07.445+0800: 24635.043: [GC (Allocation Failure) [PSYoungGen: 86400K->320K(86528K)] 174588K->88532K(281088K), 0.0021474 secs] [Times: user=0.01 sys=0.00, real=0.00 secs] 
2021-08-18T23:19:22.136+0800: 24649.733: [GC (Allocation Failure) [PSYoungGen: 86336K->416K(86528K)] 174548K->88628K(281088K), 0.0023780 secs] [Times: user=0.02 sys=0.00, real=0.00 secs] 
2021-08-18T23:19:37.135+0800: 24664.733: [GC (Allocation Failure) [PSYoungGen: 86432K->416K(86528K)] 174644K->88628K(281088K), 0.0023499 secs] [Times: user=0.02 sys=0.00, real=0.00 secs] 
2021-08-18T23:19:51.140+0800: 24678.738: [GC (Allocation Failure) [PSYoungGen: 86432K->384K(86528K)] 174644K->88596K(281088K), 0.0019917 secs] [Times: user=0.01 sys=0.00, real=0.00 secs] 
2021-08-18T23:20:06.140+0800: 24693.738: [GC (Allocation Failure) [PSYoungGen: 86400K->320K(86528K)] 174612K->88548K(281088K), 0.0021250 secs] [Times: user=0.02 sys=0.00, real=0.01 secs] 
2021-08-18T23:20:20.787+0800: 24708.385: [GC (Allocation Failure) [PSYoungGen: 86336K->384K(86528K)] 174564K->88612K(281088K), 0.0020393 secs] [Times: user=0.01 sys=0.00, real=0.00 secs] 
2021-08-18T23:20:35.636+0800: 24723.233: [GC (Allocation Failure) [PSYoungGen: 86400K->416K(86528K)] 174628K->88644K(281088K), 0.0020808 secs] [Times: user=0.02 sys=0.00, real=0.00 secs] 
2021-08-18T23:20:50.136+0800: 24737.734: [GC (Allocation Failure) [PSYoungGen: 86432K->416K(86528K)] 174660K->88644K(281088K), 0.0020114 secs] [Times: user=0.02 sys=0.00, real=0.00 secs] 
2021-08-18T23:21:05.136+0800: 24752.734: [GC (Allocation Failure) [PSYoungGen: 86432K->384K(86528K)] 174660K->88612K(281088K), 0.0020428 secs] [Times: user=0.02 sys=0.00, real=0.00 secs] 
2021-08-18T23:21:19.141+0800: 24766.739: [GC (Allocation Failure) [PSYoungGen: 86400K->384K(86528K)] 174628K->88612K(281088K), 0.0019680 secs] [Times: user=0.02 sys=0.00, real=0.00 secs] 
2021-08-18T23:21:34.140+0800: 24781.738: [GC (Allocation Failure) [PSYoungGen: 86400K->384K(86528K)] 174628K->88612K(281088K), 0.0022171 secs] [Times: user=0.01 sys=0.00, real=0.01 secs] 
2021-08-18T23:21:48.636+0800: 24796.234: [GC (Allocation Failure) [PSYoungGen: 86400K->384K(86528K)] 174628K->88612K(281088K), 0.0020056 secs] [Times: user=0.02 sys=0.00, real=0.00 secs] 
2021-08-18T23:22:03.446+0800: 24811.044: [GC (Allocation Failure) [PSYoungGen: 86400K->384K(86528K)] 174628K->88612K(281088K), 0.0021120 secs] [Times: user=0.01 sys=0.00, real=0.00 secs] 
2021-08-18T23:22:18.138+0800: 24825.736: [GC (Allocation Failure) [PSYoungGen: 86400K->384K(86528K)] 174628K->88612K(281088K), 0.0025210 secs] [Times: user=0.01 sys=0.00, real=0.01 secs] 
2021-08-18T23:22:33.139+0800: 24840.737: [GC (Allocation Failure) [PSYoungGen: 86400K->416K(86528K)] 174628K->88644K(281088K), 0.0022538 secs] [Times: user=0.01 sys=0.00, real=0.01 secs] 
2021-08-18T23:22:47.345+0800: 24854.942: [GC (Allocation Failure) [PSYoungGen: 86432K->416K(86528K)] 174660K->88644K(281088K), 0.0024933 secs] [Times: user=0.01 sys=0.00, real=0.00 secs] 
2021-08-18T23:23:02.141+0800: 24869.738: [GC (Allocation Failure) [PSYoungGen: 86432K->400K(86528K)] 174660K->88628K(281088K), 0.0019978 secs] [Times: user=0.01 sys=0.00, real=0.00 secs] 
2021-08-18T23:23:17.137+0800: 24884.735: [GC (Allocation Failure) [PSYoungGen: 86416K->496K(86528K)] 174644K->88748K(281088K), 0.0021353 secs] [Times: user=0.02 sys=0.00, real=0.00 secs] 
2021-08-18T23:23:31.142+0800: 24898.740: [GC (Allocation Failure) [PSYoungGen: 86512K->496K(86528K)] 174764K->89004K(281088K), 0.0023838 secs] [Times: user=0.01 sys=0.00, real=0.00 secs] 
2021-08-18T23:23:46.137+0800: 24913.735: [GC (Allocation Failure) [PSYoungGen: 86512K->496K(85504K)] 175020K->89132K(280064K), 0.0019580 secs] [Times: user=0.02 sys=0.00, real=0.00 secs] 
2021-08-18T23:24:00.140+0800: 24927.738: [GC (Allocation Failure) [PSYoungGen: 85488K->608K(86016K)] 174124K->89244K(280576K), 0.0019526 secs] [Times: user=0.01 sys=0.00, real=0.00 secs] 
2021-08-18T23:24:15.138+0800: 24942.736: [GC (Allocation Failure) [PSYoungGen: 85600K->752K(86016K)] 174236K->89388K(280576K), 0.0019428 secs] [Times: user=0.01 sys=0.00, real=0.00 secs] 
2021-08-18T23:24:29.142+0800: 24956.740: [GC (Allocation Failure) [PSYoungGen: 85744K->768K(86016K)] 174380K->89404K(280576K), 0.0020321 secs] [Times: user=0.01 sys=0.00, real=0.00 secs] 
2021-08-18T23:24:43.831+0800: 24971.428: [GC (Allocation Failure) [PSYoungGen: 85760K->800K(86016K)] 174396K->89436K(280576K), 0.0019321 secs] [Times: user=0.01 sys=0.00, real=0.00 secs] 
2021-08-18T23:24:58.145+0800: 24985.743: [GC (Allocation Failure) [PSYoungGen: 85792K->768K(86016K)] 174428K->89404K(280576K), 0.0021286 secs] [Times: user=0.01 sys=0.00, real=0.00 secs] 
2021-08-18T23:25:13.139+0800: 25000.737: [GC (Allocation Failure) [PSYoungGen: 85760K->816K(86016K)] 174396K->89452K(280576K), 0.0020867 secs] [Times: user=0.01 sys=0.00, real=0.01 secs] 
2021-08-18T23:25:27.641+0800: 25015.239: [GC (Allocation Failure) [PSYoungGen: 85808K->768K(86016K)] 174444K->89404K(280576K), 0.0020963 secs] [Times: user=0.02 sys=0.00, real=0.00 secs] 
2021-08-18T23:25:41.830+0800: 25029.428: [GC (Allocation Failure) [PSYoungGen: 85760K->768K(84992K)] 174396K->89404K(279552K), 0.0022477 secs] [Times: user=0.01 sys=0.00, real=0.00 secs] 
2021-08-18T23:25:56.145+0800: 25043.742: [GC (Allocation Failure) [PSYoungGen: 84736K->720K(85504K)] 173372K->89356K(280064K), 0.0022631 secs] [Times: user=0.01 sys=0.00, real=0.00 secs] 
2021-08-18T23:26:10.641+0800: 25058.239: [GC (Allocation Failure) [PSYoungGen: 84688K->784K(85504K)] 173324K->89420K(280064K), 0.0022313 secs] [Times: user=0.02 sys=0.00, real=0.00 secs] 
2021-08-18T23:26:25.142+0800: 25072.740: [GC (Allocation Failure) [PSYoungGen: 84752K->768K(85504K)] 173388K->89476K(280064K), 0.0019713 secs] [Times: user=0.01 sys=0.00, real=0.00 secs] 
2021-08-18T23:26:39.141+0800: 25086.739: [GC (Allocation Failure) [PSYoungGen: 84736K->752K(85504K)] 173444K->89564K(280064K), 0.0022485 secs] [Times: user=0.02 sys=0.00, real=0.00 secs] 
2021-08-18T23:26:53.640+0800: 25101.237: [GC (Allocation Failure) [PSYoungGen: 84720K->656K(85504K)] 173532K->89604K(280064K), 0.0022938 secs] [Times: user=0.02 sys=0.00, real=0.01 secs] 
2021-08-18T23:27:08.138+0800: 25115.736: [GC (Allocation Failure) [PSYoungGen: 84624K->416K(86016K)] 173572K->89572K(280576K), 0.0027689 secs] [Times: user=0.01 sys=0.00, real=0.01 secs] 
2021-08-18T23:27:22.641+0800: 25130.239: [GC (Allocation Failure) [PSYoungGen: 85408K->448K(86016K)] 174564K->89684K(280576K), 0.0021509 secs] [Times: user=0.02 sys=0.00, real=0.00 secs] 
2021-08-18T23:27:37.143+0800: 25144.741: [GC (Allocation Failure) [PSYoungGen: 85440K->448K(86016K)] 174676K->89692K(280576K), 0.0020745 secs] [Times: user=0.01 sys=0.00, real=0.00 secs] 
2021-08-18T23:27:51.145+0800: 25158.742: [GC (Allocation Failure) [PSYoungGen: 85440K->368K(86016K)] 174684K->89724K(280576K), 0.0023076 secs] [Times: user=0.02 sys=0.00, real=0.00 secs] 
2021-08-18T23:28:06.144+0800: 25173.741: [GC (Allocation Failure) [PSYoungGen: 85360K->320K(86016K)] 174716K->89780K(280576K), 0.0019493 secs] [Times: user=0.01 sys=0.00, real=0.00 secs] 
2021-08-18T23:28:20.640+0800: 25188.238: [GC (Allocation Failure) [PSYoungGen: 85312K->384K(86016K)] 174772K->89852K(280576K), 0.0019963 secs] [Times: user=0.01 sys=0.00, real=0.01 secs] 
2021-08-18T23:28:35.143+0800: 25202.741: [GC (Allocation Failure) [PSYoungGen: 85376K->352K(86016K)] 174844K->89820K(280576K), 0.0023079 secs] [Times: user=0.02 sys=0.00, real=0.00 secs] 
2021-08-18T23:28:49.217+0800: 25216.815: [GC (Allocation Failure) [PSYoungGen: 85344K->352K(86016K)] 174812K->89820K(280576K), 0.0022076 secs] [Times: user=0.01 sys=0.00, real=0.00 secs] 
2021-08-18T23:29:04.143+0800: 25231.741: [GC (Allocation Failure) [PSYoungGen: 85344K->384K(86016K)] 174812K->89892K(280576K), 0.0021542 secs] [Times: user=0.02 sys=0.00, real=0.00 secs] 
2021-08-18T23:29:18.640+0800: 25246.238: [GC (Allocation Failure) [PSYoungGen: 85376K->352K(86016K)] 174884K->89860K(280576K), 0.0020517 secs] [Times: user=0.01 sys=0.00, real=0.00 secs] 
2021-08-18T23:29:33.147+0800: 25260.744: [GC (Allocation Failure) [PSYoungGen: 85344K->416K(86016K)] 174852K->89932K(280576K), 0.0021897 secs] [Times: user=0.01 sys=0.00, real=0.00 secs] 
2021-08-18T23:29:47.838+0800: 25275.436: [GC (Allocation Failure) [PSYoungGen: 85408K->320K(86016K)] 174924K->89836K(280576K), 0.0020792 secs] [Times: user=0.01 sys=0.01, real=0.00 secs] 
2021-08-18T23:30:02.145+0800: 25289.743: [GC (Allocation Failure) [PSYoungGen: 85312K->352K(86016K)] 174828K->89868K(280576K), 0.0019424 secs] [Times: user=0.01 sys=0.00, real=0.00 secs] 
2021-08-18T23:30:17.143+0800: 25304.741: [GC (Allocation Failure) [PSYoungGen: 85344K->416K(86016K)] 174860K->89932K(280576K), 0.0025028 secs] [Times: user=0.01 sys=0.00, real=0.00 secs] 
2021-08-18T23:30:31.147+0800: 25318.744: [GC (Allocation Failure) [PSYoungGen: 85408K->352K(86016K)] 174924K->89868K(280576K), 0.0021923 secs] [Times: user=0.02 sys=0.00, real=0.00 secs] 
2021-08-18T23:30:46.142+0800: 25333.740: [GC (Allocation Failure) [PSYoungGen: 85344K->448K(86016K)] 174860K->89964K(280576K), 0.0019560 secs] [Times: user=0.02 sys=0.00, real=0.00 secs] 
2021-08-18T23:31:00.145+0800: 25347.743: [GC (Allocation Failure) [PSYoungGen: 85440K->384K(86016K)] 174956K->89900K(280576K), 0.0018902 secs] [Times: user=0.02 sys=0.00, real=0.00 secs] 
2021-08-18T23:31:15.142+0800: 25362.740: [GC (Allocation Failure) [PSYoungGen: 85376K->352K(86016K)] 174892K->89868K(280576K), 0.0018704 secs] [Times: user=0.01 sys=0.00, real=0.00 secs] 
2021-08-18T23:31:29.148+0800: 25376.746: [GC (Allocation Failure) [PSYoungGen: 85344K->416K(86016K)] 174860K->89948K(280576K), 0.0023269 secs] [Times: user=0.02 sys=0.00, real=0.01 secs] 
2021-08-18T23:31:44.144+0800: 25391.741: [GC (Allocation Failure) [PSYoungGen: 85408K->384K(86016K)] 174940K->89916K(280576K), 0.0019808 secs] [Times: user=0.01 sys=0.00, real=0.00 secs] 
2021-08-18T23:31:58.148+0800: 25405.745: [GC (Allocation Failure) [PSYoungGen: 85376K->416K(86016K)] 174908K->89948K(280576K), 0.0019276 secs] [Times: user=0.01 sys=0.00, real=0.00 secs] 
2021-08-18T23:32:13.143+0800: 25420.741: [GC (Allocation Failure) [PSYoungGen: 85408K->288K(86016K)] 174940K->89820K(280576K), 0.0021101 secs] [Times: user=0.01 sys=0.00, real=0.00 secs] 
2021-08-18T23:32:27.642+0800: 25435.240: [GC (Allocation Failure) [PSYoungGen: 85280K->416K(86016K)] 174812K->89948K(280576K), 0.0019013 secs] [Times: user=0.02 sys=0.00, real=0.00 secs] 
2021-08-18T23:32:41.839+0800: 25449.437: [GC (Allocation Failure) [PSYoungGen: 85408K->384K(86016K)] 174940K->89916K(280576K), 0.0019812 secs] [Times: user=0.01 sys=0.00, real=0.01 secs] 
2021-08-18T23:32:56.147+0800: 25463.745: [GC (Allocation Failure) [PSYoungGen: 85376K->416K(86016K)] 174908K->89948K(280576K), 0.0020119 secs] [Times: user=0.01 sys=0.00, real=0.00 secs] 
2021-08-18T23:33:11.143+0800: 25478.741: [GC (Allocation Failure) [PSYoungGen: 85408K->416K(86016K)] 174940K->89948K(280576K), 0.0021445 secs] [Times: user=0.01 sys=0.00, real=0.00 secs] 
2021-08-18T23:33:25.643+0800: 25493.241: [GC (Allocation Failure) [PSYoungGen: 85408K->352K(86016K)] 174940K->89884K(280576K), 0.0023440 secs] [Times: user=0.02 sys=0.00, real=0.00 secs] 
2021-08-18T23:33:39.837+0800: 25507.435: [GC (Allocation Failure) [PSYoungGen: 85344K->384K(86016K)] 174876K->89916K(280576K), 0.0023335 secs] [Times: user=0.01 sys=0.00, real=0.00 secs] 
2021-08-18T23:33:54.147+0800: 25521.744: [GC (Allocation Failure) [PSYoungGen: 85376K->416K(86016K)] 174908K->89948K(280576K), 0.0019256 secs] [Times: user=0.01 sys=0.00, real=0.00 secs] 
2021-08-18T23:34:08.924+0800: 25536.521: [GC (Allocation Failure) [PSYoungGen: 85408K->320K(86016K)] 174940K->89852K(280576K), 0.0020956 secs] [Times: user=0.02 sys=0.00, real=0.00 secs] 
2021-08-18T23:34:23.463+0800: 25551.061: [GC (Allocation Failure) [PSYoungGen: 85312K->384K(86016K)] 174844K->89940K(280576K), 0.0019820 secs] [Times: user=0.01 sys=0.00, real=0.00 secs] 
2021-08-18T23:34:38.049+0800: 25565.647: [GC (Allocation Failure) [PSYoungGen: 85376K->416K(86016K)] 174932K->89972K(280576K), 0.0021880 secs] [Times: user=0.02 sys=0.00, real=0.01 secs] 
2021-08-18T23:34:52.147+0800: 25579.745: [GC (Allocation Failure) [PSYoungGen: 85408K->384K(86016K)] 174964K->89940K(280576K), 0.0021021 secs] [Times: user=0.02 sys=0.00, real=0.00 secs] 
2021-08-18T23:35:07.147+0800: 25594.745: [GC (Allocation Failure) [PSYoungGen: 85376K->384K(86016K)] 174932K->89940K(280576K), 0.0019974 secs] [Times: user=0.01 sys=0.00, real=0.00 secs] 
2021-08-18T23:35:21.645+0800: 25609.243: [GC (Allocation Failure) [PSYoungGen: 85376K->384K(86528K)] 174932K->89940K(281088K), 0.0019970 secs] [Times: user=0.02 sys=0.00, real=0.00 secs] 
2021-08-18T23:35:36.150+0800: 25623.748: [GC (Allocation Failure) [PSYoungGen: 86400K->384K(86528K)] 175956K->89940K(281088K), 0.0021199 secs] [Times: user=0.02 sys=0.00, real=0.01 secs] 
2021-08-18T23:35:50.841+0800: 25638.439: [GC (Allocation Failure) [PSYoungGen: 86400K->384K(86528K)] 175956K->89940K(281088K), 0.0020693 secs] [Times: user=0.01 sys=0.00, real=0.00 secs] 
2021-08-18T23:36:05.642+0800: 25653.240: [GC (Allocation Failure) [PSYoungGen: 86400K->352K(86528K)] 175956K->89908K(281088K), 0.0020099 secs] [Times: user=0.02 sys=0.00, real=0.00 secs] 
2021-08-18T23:36:20.145+0800: 25667.743: [GC (Allocation Failure) [PSYoungGen: 86368K->384K(86528K)] 175924K->89940K(281088K), 0.0019414 secs] [Times: user=0.02 sys=0.00, real=0.00 secs] 
2021-08-18T23:36:35.144+0800: 25682.742: [GC (Allocation Failure) [PSYoungGen: 86400K->384K(86528K)] 175956K->89940K(281088K), 0.0020597 secs] [Times: user=0.01 sys=0.00, real=0.00 secs] 
2021-08-18T23:36:49.151+0800: 25696.749: [GC (Allocation Failure) [PSYoungGen: 86400K->384K(86528K)] 175956K->89940K(281088K), 0.0019789 secs] [Times: user=0.02 sys=0.00, real=0.00 secs] 
2021-08-18T23:37:04.147+0800: 25711.744: [GC (Allocation Failure) [PSYoungGen: 86400K->384K(86528K)] 175956K->89940K(281088K), 0.0024000 secs] [Times: user=0.02 sys=0.00, real=0.00 secs] 
2021-08-18T23:37:18.645+0800: 25726.243: [GC (Allocation Failure) [PSYoungGen: 86400K->384K(86528K)] 175956K->89940K(281088K), 0.0019562 secs] [Times: user=0.02 sys=0.00, real=0.00 secs] 
2021-08-18T23:37:33.645+0800: 25741.243: [GC (Allocation Failure) [PSYoungGen: 86400K->352K(86528K)] 175956K->89908K(281088K), 0.0019399 secs] [Times: user=0.01 sys=0.00, real=0.00 secs] 
2021-08-18T23:37:48.145+0800: 25755.743: [GC (Allocation Failure) [PSYoungGen: 86368K->320K(86528K)] 175924K->89876K(281088K), 0.0020949 secs] [Times: user=0.02 sys=0.00, real=0.00 secs] 
2021-08-18T23:38:03.144+0800: 25770.741: [GC (Allocation Failure) [PSYoungGen: 86336K->416K(86528K)] 175892K->89972K(281088K), 0.0020617 secs] [Times: user=0.01 sys=0.00, real=0.00 secs] 
2021-08-18T23:38:17.843+0800: 25785.441: [GC (Allocation Failure) [PSYoungGen: 86432K->384K(86528K)] 175988K->89940K(281088K), 0.0020215 secs] [Times: user=0.01 sys=0.00, real=0.00 secs] 
2021-08-18T23:38:32.147+0800: 25799.745: [GC (Allocation Failure) [PSYoungGen: 86400K->416K(86528K)] 175956K->89972K(281088K), 0.0020401 secs] [Times: user=0.02 sys=0.00, real=0.00 secs] 
2021-08-18T23:38:47.144+0800: 25814.742: [GC (Allocation Failure) [PSYoungGen: 86432K->416K(86528K)] 175988K->89972K(281088K), 0.0019127 secs] [Times: user=0.01 sys=0.00, real=0.00 secs] 
2021-08-18T23:39:01.241+0800: 25828.839: [GC (Allocation Failure) [PSYoungGen: 86432K->352K(86528K)] 175988K->89908K(281088K), 0.0022735 secs] [Times: user=0.02 sys=0.00, real=0.00 secs] 
2021-08-18T23:39:16.150+0800: 25843.748: [GC (Allocation Failure) [PSYoungGen: 86368K->416K(86528K)] 175924K->89972K(281088K), 0.0020658 secs] [Times: user=0.01 sys=0.00, real=0.00 secs] 
2021-08-18T23:39:31.144+0800: 25858.742: [GC (Allocation Failure) [PSYoungGen: 86432K->416K(86528K)] 175988K->90044K(281088K), 0.0022620 secs] [Times: user=0.01 sys=0.00, real=0.00 secs] 
2021-08-18T23:39:45.150+0800: 25872.748: [GC (Allocation Failure) [PSYoungGen: 86432K->416K(86528K)] 176060K->90044K(281088K), 0.0018770 secs] [Times: user=0.02 sys=0.00, real=0.01 secs] 
2021-08-18T23:40:00.146+0800: 25887.743: [GC (Allocation Failure) [PSYoungGen: 86432K->352K(86528K)] 176060K->90004K(281088K), 0.0023921 secs] [Times: user=0.01 sys=0.00, real=0.00 secs] 
2021-08-18T23:40:15.146+0800: 25902.744: [GC (Allocation Failure) [PSYoungGen: 86368K->416K(86528K)] 176020K->90068K(281088K), 0.0020276 secs] [Times: user=0.02 sys=0.00, real=0.00 secs] 
2021-08-18T23:40:29.201+0800: 25916.799: [GC (Allocation Failure) [PSYoungGen: 86432K->384K(86528K)] 176084K->90036K(281088K), 0.0019329 secs] [Times: user=0.01 sys=0.00, real=0.00 secs] 
2021-08-18T23:40:44.147+0800: 25931.745: [GC (Allocation Failure) [PSYoungGen: 86400K->384K(86528K)] 176052K->90036K(281088K), 0.0018812 secs] [Times: user=0.01 sys=0.00, real=0.00 secs] 
2021-08-18T23:40:58.846+0800: 25946.444: [GC (Allocation Failure) [PSYoungGen: 86400K->352K(86528K)] 176052K->90004K(281088K), 0.0019854 secs] [Times: user=0.02 sys=0.00, real=0.00 secs] 
2021-08-18T23:41:13.647+0800: 25961.245: [GC (Allocation Failure) [PSYoungGen: 86368K->320K(86528K)] 176020K->89980K(281088K), 0.0019100 secs] [Times: user=0.02 sys=0.00, real=0.00 secs] 
2021-08-18T23:41:28.149+0800: 25975.746: [GC (Allocation Failure) [PSYoungGen: 86336K->384K(86528K)] 175996K->90044K(281088K), 0.0019507 secs] [Times: user=0.01 sys=0.00, real=0.01 secs] 
2021-08-18T23:41:42.847+0800: 25990.444: [GC (Allocation Failure) [PSYoungGen: 86400K->320K(86528K)] 176060K->89980K(281088K), 0.0020025 secs] [Times: user=0.01 sys=0.00, real=0.00 secs] 
2021-08-18T23:41:57.648+0800: 26005.246: [GC (Allocation Failure) [PSYoungGen: 86336K->384K(86528K)] 175996K->90044K(281088K), 0.0021124 secs] [Times: user=0.01 sys=0.00, real=0.01 secs] 
2021-08-18T23:42:12.149+0800: 26019.747: [GC (Allocation Failure) [PSYoungGen: 86400K->416K(86528K)] 176060K->90076K(281088K), 0.0023681 secs] [Times: user=0.01 sys=0.00, real=0.01 secs] 
2021-08-18T23:42:27.148+0800: 26034.746: [GC (Allocation Failure) [PSYoungGen: 86432K->416K(86528K)] 176092K->90076K(281088K), 0.0019704 secs] [Times: user=0.01 sys=0.00, real=0.01 secs] 
2021-08-18T23:42:41.646+0800: 26049.244: [GC (Allocation Failure) [PSYoungGen: 86432K->416K(86528K)] 176092K->90076K(281088K), 0.0023417 secs] [Times: user=0.01 sys=0.00, real=0.00 secs] 
2021-08-18T23:42:56.152+0800: 26063.750: [GC (Allocation Failure) [PSYoungGen: 86432K->416K(86528K)] 176092K->90076K(281088K), 0.0019748 secs] [Times: user=0.02 sys=0.00, real=0.00 secs] 
2021-08-18T23:43:11.148+0800: 26078.745: [GC (Allocation Failure) [PSYoungGen: 86432K->416K(86528K)] 176092K->90076K(281088K), 0.0019595 secs] [Times: user=0.01 sys=0.00, real=0.00 secs] 
2021-08-18T23:43:25.932+0800: 26093.530: [GC (Allocation Failure) [PSYoungGen: 86432K->352K(86528K)] 176092K->90012K(281088K), 0.0020906 secs] [Times: user=0.01 sys=0.00, real=0.00 secs] 
2021-08-18T23:43:40.149+0800: 26107.747: [GC (Allocation Failure) [PSYoungGen: 86368K->352K(86528K)] 176028K->90012K(281088K), 0.0022426 secs] [Times: user=0.01 sys=0.00, real=0.01 secs] 
2021-08-18T23:43:55.147+0800: 26122.745: [GC (Allocation Failure) [PSYoungGen: 86368K->416K(86528K)] 176028K->90076K(281088K), 0.0023312 secs] [Times: user=0.02 sys=0.00, real=0.00 secs] 
2021-08-18T23:44:09.650+0800: 26137.248: [GC (Allocation Failure) [PSYoungGen: 86432K->416K(86528K)] 176092K->90076K(281088K), 0.0018761 secs] [Times: user=0.01 sys=0.00, real=0.01 secs] 
2021-08-18T23:44:24.646+0800: 26152.244: [GC (Allocation Failure) [PSYoungGen: 86432K->416K(86528K)] 176092K->90124K(281088K), 0.0020856 secs] [Times: user=0.01 sys=0.00, real=0.00 secs] 
2021-08-18T23:44:39.146+0800: 26166.744: [GC (Allocation Failure) [PSYoungGen: 86432K->352K(86528K)] 176140K->90060K(281088K), 0.0021763 secs] [Times: user=0.01 sys=0.00, real=0.00 secs] 
2021-08-18T23:44:53.841+0800: 26181.438: [GC (Allocation Failure) [PSYoungGen: 86368K->288K(86528K)] 176076K->89996K(281088K), 0.0022339 secs] [Times: user=0.01 sys=0.00, real=0.00 secs] 
2021-08-18T23:45:08.151+0800: 26195.749: [GC (Allocation Failure) [PSYoungGen: 86304K->416K(86528K)] 176012K->90124K(281088K), 0.0022054 secs] [Times: user=0.01 sys=0.00, real=0.00 secs] 
2021-08-18T23:45:23.150+0800: 26210.748: [GC (Allocation Failure) [PSYoungGen: 86432K->352K(86528K)] 176140K->90060K(281088K), 0.0019151 secs] [Times: user=0.01 sys=0.00, real=0.00 secs] 
2021-08-18T23:45:37.867+0800: 26225.464: [GC (Allocation Failure) [PSYoungGen: 86368K->384K(86528K)] 176076K->90092K(281088K), 0.0019115 secs] [Times: user=0.01 sys=0.00, real=0.00 secs] 
2021-08-18T23:45:52.150+0800: 26239.748: [GC (Allocation Failure) [PSYoungGen: 86400K->384K(86528K)] 176108K->90100K(281088K), 0.0021434 secs] [Times: user=0.02 sys=0.00, real=0.00 secs] 
2021-08-18T23:46:07.150+0800: 26254.748: [GC (Allocation Failure) [PSYoungGen: 86400K->352K(86528K)] 176116K->90068K(281088K), 0.0020737 secs] [Times: user=0.01 sys=0.00, real=0.01 secs] 
2021-08-18T23:46:21.895+0800: 26269.493: [GC (Allocation Failure) [PSYoungGen: 86368K->384K(86528K)] 176084K->90100K(281088K), 0.0020256 secs] [Times: user=0.01 sys=0.00, real=0.00 secs] 
2021-08-18T23:46:36.652+0800: 26284.250: [GC (Allocation Failure) [PSYoungGen: 86400K->384K(86528K)] 176116K->90100K(281088K), 0.0021044 secs] [Times: user=0.02 sys=0.00, real=0.00 secs] 
2021-08-18T23:46:51.150+0800: 26298.748: [GC (Allocation Failure) [PSYoungGen: 86400K->384K(86528K)] 176116K->90100K(281088K), 0.0020811 secs] [Times: user=0.01 sys=0.00, real=0.00 secs] 
2021-08-18T23:47:06.147+0800: 26313.745: [GC (Allocation Failure) [PSYoungGen: 86400K->352K(86528K)] 176116K->90068K(281088K), 0.0022205 secs] [Times: user=0.01 sys=0.00, real=0.00 secs] 
2021-08-18T23:47:20.153+0800: 26327.751: [GC (Allocation Failure) [PSYoungGen: 86368K->416K(86528K)] 176084K->90132K(281088K), 0.0019592 secs] [Times: user=0.02 sys=0.00, real=0.00 secs] 
2021-08-18T23:47:35.152+0800: 26342.749: [GC (Allocation Failure) [PSYoungGen: 86432K->416K(86528K)] 176148K->90132K(281088K), 0.0020576 secs] [Times: user=0.01 sys=0.00, real=0.00 secs] 
2021-08-18T23:47:49.650+0800: 26357.248: [GC (Allocation Failure) [PSYoungGen: 86432K->416K(86528K)] 176148K->90132K(281088K), 0.0018237 secs] [Times: user=0.01 sys=0.00, real=0.00 secs] 
2021-08-18T23:48:04.650+0800: 26372.247: [GC (Allocation Failure) [PSYoungGen: 86432K->384K(86528K)] 176148K->90100K(281088K), 0.0019076 secs] [Times: user=0.02 sys=0.00, real=0.01 secs] 
2021-08-18T23:48:19.152+0800: 26386.750: [GC (Allocation Failure) [PSYoungGen: 86400K->416K(86528K)] 176116K->90172K(281088K), 0.0018083 secs] [Times: user=0.01 sys=0.00, real=0.00 secs] 
2021-08-18T23:48:34.148+0800: 26401.746: [GC (Allocation Failure) [PSYoungGen: 86432K->384K(86528K)] 176188K->90140K(281088K), 0.0022414 secs] [Times: user=0.01 sys=0.00, real=0.01 secs] 
2021-08-18T23:48:48.153+0800: 26415.750: [GC (Allocation Failure) [PSYoungGen: 86400K->288K(86528K)] 176156K->90044K(281088K), 0.0020480 secs] [Times: user=0.01 sys=0.00, real=0.00 secs] 
2021-08-18T23:49:03.151+0800: 26430.749: [GC (Allocation Failure) [PSYoungGen: 86304K->416K(86528K)] 176060K->90172K(281088K), 0.0021599 secs] [Times: user=0.02 sys=0.00, real=0.00 secs] 
2021-08-18T23:49:18.148+0800: 26445.746: [GC (Allocation Failure) [PSYoungGen: 86432K->352K(86528K)] 176188K->90108K(281088K), 0.0021177 secs] [Times: user=0.02 sys=0.00, real=0.01 secs] 
2021-08-18T23:49:32.768+0800: 26460.365: [GC (Allocation Failure) [PSYoungGen: 86368K->384K(86528K)] 176124K->90140K(281088K), 0.0020862 secs] [Times: user=0.02 sys=0.00, real=0.00 secs] 
2021-08-18T23:49:47.154+0800: 26474.751: [GC (Allocation Failure) [PSYoungGen: 86400K->416K(86528K)] 176156K->90172K(281088K), 0.0018933 secs] [Times: user=0.01 sys=0.00, real=0.00 secs] 
2021-08-18T23:50:02.149+0800: 26489.747: [GC (Allocation Failure) [PSYoungGen: 86432K->416K(86528K)] 176188K->90172K(281088K), 0.0020232 secs] [Times: user=0.02 sys=0.00, real=0.01 secs] 
2021-08-18T23:50:16.834+0800: 26504.432: [GC (Allocation Failure) [PSYoungGen: 86432K->384K(86528K)] 176188K->90140K(281088K), 0.0020117 secs] [Times: user=0.02 sys=0.00, real=0.00 secs] 
2021-08-18T23:50:31.153+0800: 26518.750: [GC (Allocation Failure) [PSYoungGen: 86400K->384K(86528K)] 176156K->90140K(281088K), 0.0020079 secs] [Times: user=0.02 sys=0.00, real=0.00 secs] 
2021-08-18T23:50:46.150+0800: 26533.748: [GC (Allocation Failure) [PSYoungGen: 86400K->416K(86528K)] 176156K->90172K(281088K), 0.0019756 secs] [Times: user=0.01 sys=0.00, real=0.00 secs] 
2021-08-18T23:51:00.654+0800: 26548.252: [GC (Allocation Failure) [PSYoungGen: 86432K->416K(86528K)] 176188K->90172K(281088K), 0.0020540 secs] [Times: user=0.01 sys=0.00, real=0.00 secs] 
2021-08-18T23:51:15.291+0800: 26562.889: [GC (Allocation Failure) [PSYoungGen: 86432K->384K(86528K)] 176188K->90140K(281088K), 0.0021030 secs] [Times: user=0.02 sys=0.00, real=0.00 secs] 
2021-08-18T23:51:30.152+0800: 26577.750: [GC (Allocation Failure) [PSYoungGen: 86400K->352K(86528K)] 176156K->90108K(281088K), 0.0021308 secs] [Times: user=0.02 sys=0.00, real=0.00 secs] 
2021-08-18T23:51:44.653+0800: 26592.251: [GC (Allocation Failure) [PSYoungGen: 86368K->384K(86528K)] 176124K->90140K(281088K), 0.0021636 secs] [Times: user=0.01 sys=0.00, real=0.00 secs] 
2021-08-18T23:51:59.152+0800: 26606.750: [GC (Allocation Failure) [PSYoungGen: 86400K->320K(86528K)] 176156K->90076K(281088K), 0.0019355 secs] [Times: user=0.02 sys=0.00, real=0.00 secs] 
2021-08-18T23:52:14.150+0800: 26621.748: [GC (Allocation Failure) [PSYoungGen: 86336K->416K(86528K)] 176092K->90172K(281088K), 0.0019835 secs] [Times: user=0.01 sys=0.00, real=0.00 secs] 
2021-08-18T23:52:28.652+0800: 26636.250: [GC (Allocation Failure) [PSYoungGen: 86432K->384K(86528K)] 176188K->90140K(281088K), 0.0020028 secs] [Times: user=0.02 sys=0.00, real=0.00 secs] 
2021-08-18T23:52:43.154+0800: 26650.752: [GC (Allocation Failure) [PSYoungGen: 86400K->496K(86528K)] 176156K->90332K(281088K), 0.0023326 secs] [Times: user=0.01 sys=0.00, real=0.00 secs] 
2021-08-18T23:52:58.056+0800: 26665.654: [GC (Allocation Failure) [PSYoungGen: 86512K->496K(85504K)] 176348K->90484K(280064K), 0.0021605 secs] [Times: user=0.02 sys=0.00, real=0.00 secs] 
2021-08-18T23:53:12.157+0800: 26679.755: [GC (Allocation Failure) [PSYoungGen: 85488K->720K(86016K)] 175476K->90708K(280576K), 0.0021094 secs] [Times: user=0.02 sys=0.00, real=0.00 secs] 
2021-08-18T23:53:27.150+0800: 26694.747: [GC (Allocation Failure) [PSYoungGen: 85712K->720K(86016K)] 175700K->90708K(280576K), 0.0020936 secs] [Times: user=0.02 sys=0.00, real=0.01 secs] 
2021-08-18T23:53:41.153+0800: 26708.751: [GC (Allocation Failure) [PSYoungGen: 85712K->880K(86016K)] 175700K->90868K(280576K), 0.0020635 secs] [Times: user=0.01 sys=0.00, real=0.00 secs] 
2021-08-18T23:53:55.652+0800: 26723.249: [GC (Allocation Failure) [PSYoungGen: 85872K->1008K(84992K)] 175860K->90996K(279552K), 0.0020357 secs] [Times: user=0.01 sys=0.00, real=0.00 secs] 
2021-08-18T23:54:10.149+0800: 26737.747: [GC (Allocation Failure) [PSYoungGen: 84976K->880K(85504K)] 174964K->90868K(280064K), 0.0022055 secs] [Times: user=0.01 sys=0.00, real=0.01 secs] 
2021-08-18T23:54:24.221+0800: 26751.819: [GC (Allocation Failure) [PSYoungGen: 84848K->992K(85504K)] 174836K->90980K(280064K), 0.0022169 secs] [Times: user=0.01 sys=0.00, real=0.00 secs] 
2021-08-18T23:54:38.152+0800: 26765.750: [GC (Allocation Failure) [PSYoungGen: 84960K->960K(85504K)] 174948K->90948K(280064K), 0.0021779 secs] [Times: user=0.01 sys=0.00, real=0.00 secs] 
2021-08-18T23:54:53.148+0800: 26780.746: [GC (Allocation Failure) [PSYoungGen: 84928K->944K(85504K)] 174916K->90964K(280064K), 0.0022846 secs] [Times: user=0.02 sys=0.00, real=0.01 secs] 
2021-08-18T23:55:07.152+0800: 26794.750: [GC (Allocation Failure) [PSYoungGen: 84912K->864K(85504K)] 174932K->90884K(280064K), 0.0022564 secs] [Times: user=0.02 sys=0.00, real=0.00 secs] 
2021-08-18T23:55:21.647+0800: 26809.245: [GC (Allocation Failure) [PSYoungGen: 84832K->1024K(85504K)] 174852K->91044K(280064K), 0.0021282 secs] [Times: user=0.02 sys=0.00, real=0.00 secs] 
2021-08-18T23:55:36.151+0800: 26823.748: [GC (Allocation Failure) [PSYoungGen: 84992K->976K(85504K)] 175012K->90996K(280064K), 0.0021716 secs] [Times: user=0.01 sys=0.00, real=0.00 secs] 
2021-08-18T23:55:50.152+0800: 26837.750: [GC (Allocation Failure) [PSYoungGen: 84944K->912K(85504K)] 174964K->90932K(280064K), 0.0018998 secs] [Times: user=0.01 sys=0.00, real=0.00 secs] 
2021-08-18T23:56:04.832+0800: 26852.430: [GC (Allocation Failure) [PSYoungGen: 84880K->944K(85504K)] 174900K->91012K(280064K), 0.0019498 secs] [Times: user=0.02 sys=0.00, real=0.00 secs] 
2021-08-18T23:56:19.147+0800: 26866.745: [GC (Allocation Failure) [PSYoungGen: 84912K->816K(85504K)] 174980K->91036K(280064K), 0.0021920 secs] [Times: user=0.02 sys=0.00, real=0.00 secs] 
2021-08-18T23:56:33.454+0800: 26881.052: [GC (Allocation Failure) [PSYoungGen: 84784K->736K(85504K)] 175004K->91124K(280064K), 0.0020944 secs] [Times: user=0.02 sys=0.00, real=0.00 secs] 
2021-08-18T23:56:47.831+0800: 26895.428: [GC (Allocation Failure) [PSYoungGen: 84704K->560K(85504K)] 175092K->91164K(280064K), 0.0021379 secs] [Times: user=0.02 sys=0.00, real=0.00 secs] 
2021-08-18T23:57:02.148+0800: 26909.745: [GC (Allocation Failure) [PSYoungGen: 84528K->544K(85504K)] 175132K->91148K(280064K), 0.0020856 secs] [Times: user=0.01 sys=0.00, real=0.00 secs] 
2021-08-18T23:57:16.647+0800: 26924.245: [GC (Allocation Failure) [PSYoungGen: 84512K->416K(85504K)] 175116K->91244K(280064K), 0.0030697 secs] [Times: user=0.02 sys=0.00, real=0.00 secs] 
2021-08-18T23:57:31.146+0800: 26938.744: [GC (Allocation Failure) [PSYoungGen: 84384K->352K(85504K)] 175212K->91284K(280064K), 0.0019691 secs] [Times: user=0.01 sys=0.00, real=0.00 secs] 
2021-08-18T23:57:45.147+0800: 26952.745: [GC (Allocation Failure) [PSYoungGen: 84320K->384K(85504K)] 175252K->91316K(280064K), 0.0019119 secs] [Times: user=0.01 sys=0.00, real=0.00 secs] 
2021-08-18T23:57:59.149+0800: 26966.746: [GC (Allocation Failure) [PSYoungGen: 84352K->352K(85504K)] 175284K->91284K(280064K), 0.0019851 secs] [Times: user=0.01 sys=0.00, real=0.01 secs] 
2021-08-18T23:58:14.145+0800: 26981.743: [GC (Allocation Failure) [PSYoungGen: 84320K->320K(85504K)] 175252K->91252K(280064K), 0.0020823 secs] [Times: user=0.02 sys=0.00, real=0.00 secs] 
2021-08-18T23:58:28.150+0800: 26995.747: [GC (Allocation Failure) [PSYoungGen: 84288K->416K(85504K)] 175220K->91348K(280064K), 0.0025625 secs] [Times: user=0.02 sys=0.00, real=0.01 secs] 
2021-08-18T23:58:42.150+0800: 27009.748: [GC (Allocation Failure) [PSYoungGen: 84384K->384K(85504K)] 175316K->91316K(280064K), 0.0019192 secs] [Times: user=0.01 sys=0.00, real=0.00 secs] 
2021-08-18T23:58:57.146+0800: 27024.744: [GC (Allocation Failure) [PSYoungGen: 84352K->384K(85504K)] 175284K->91348K(280064K), 0.0021368 secs] [Times: user=0.01 sys=0.00, real=0.00 secs] 
2021-08-18T23:59:11.152+0800: 27038.750: [GC (Allocation Failure) [PSYoungGen: 84352K->384K(85504K)] 175316K->91348K(280064K), 0.0022744 secs] [Times: user=0.02 sys=0.01, real=0.00 secs] 
2021-08-18T23:59:25.645+0800: 27053.243: [GC (Allocation Failure) [PSYoungGen: 84352K->416K(85504K)] 175316K->91380K(280064K), 0.0023245 secs] [Times: user=0.01 sys=0.00, real=0.00 secs] 
2021-08-18T23:59:39.149+0800: 27066.746: [GC (Allocation Failure) [PSYoungGen: 84384K->448K(86016K)] 175348K->91436K(280576K), 0.0018496 secs] [Times: user=0.02 sys=0.00, real=0.01 secs] 
2021-08-18T23:59:54.144+0800: 27081.742: [GC (Allocation Failure) [PSYoungGen: 84928K->384K(85504K)] 175916K->91372K(280064K), 0.0023010 secs] [Times: user=0.02 sys=0.00, real=0.00 secs] 
2021-08-19T00:00:07.644+0800: 27095.242: [GC (Allocation Failure) [PSYoungGen: 84864K->448K(86016K)] 175852K->91436K(280576K), 0.0019159 secs] [Times: user=0.02 sys=0.00, real=0.00 secs] 
2021-08-19T00:00:22.145+0800: 27109.743: [GC (Allocation Failure) [PSYoungGen: 85440K->384K(86016K)] 176428K->91372K(280576K), 0.0021025 secs] [Times: user=0.01 sys=0.00, real=0.00 secs] 
2021-08-19T00:00:36.644+0800: 27124.242: [GC (Allocation Failure) [PSYoungGen: 85376K->416K(86016K)] 176364K->91404K(280576K), 0.0028399 secs] [Times: user=0.02 sys=0.00, real=0.00 secs] 
2021-08-19T00:00:50.830+0800: 27138.427: [GC (Allocation Failure) [PSYoungGen: 85408K->352K(86016K)] 176396K->91340K(280576K), 0.0023064 secs] [Times: user=0.01 sys=0.00, real=0.01 secs] 
2021-08-19T00:01:05.149+0800: 27152.747: [GC (Allocation Failure) [PSYoungGen: 85344K->416K(86016K)] 176332K->91404K(280576K), 0.0018995 secs] [Times: user=0.01 sys=0.00, real=0.01 secs] 
2021-08-19T00:01:20.143+0800: 27167.741: [GC (Allocation Failure) [PSYoungGen: 85408K->384K(86016K)] 176396K->91372K(280576K), 0.0019922 secs] [Times: user=0.01 sys=0.00, real=0.00 secs] 
2021-08-19T00:01:34.642+0800: 27182.239: [GC (Allocation Failure) [PSYoungGen: 85376K->416K(86016K)] 176364K->91404K(280576K), 0.0022332 secs] [Times: user=0.01 sys=0.00, real=0.00 secs] 
2021-08-19T00:01:48.830+0800: 27196.428: [GC (Allocation Failure) [PSYoungGen: 85408K->352K(86016K)] 176396K->91348K(280576K), 0.0019658 secs] [Times: user=0.02 sys=0.00, real=0.00 secs] 
2021-08-19T00:02:03.148+0800: 27210.746: [GC (Allocation Failure) [PSYoungGen: 85344K->384K(86016K)] 176340K->91380K(280576K), 0.0019195 secs] [Times: user=0.02 sys=0.00, real=0.01 secs] 
2021-08-19T00:02:18.142+0800: 27225.740: [GC (Allocation Failure) [PSYoungGen: 85376K->416K(86016K)] 176372K->91420K(280576K), 0.0018431 secs] [Times: user=0.01 sys=0.00, real=0.00 secs] 
2021-08-19T00:02:32.643+0800: 27240.240: [GC (Allocation Failure) [PSYoungGen: 85408K->352K(86016K)] 176412K->91356K(280576K), 0.0023181 secs] [Times: user=0.01 sys=0.00, real=0.00 secs] 
2021-08-19T00:02:47.144+0800: 27254.741: [GC (Allocation Failure) [PSYoungGen: 85344K->416K(86016K)] 176348K->91420K(280576K), 0.0021780 secs] [Times: user=0.02 sys=0.00, real=0.00 secs] 
2021-08-19T00:03:01.148+0800: 27268.745: [GC (Allocation Failure) [PSYoungGen: 85408K->416K(86016K)] 176412K->91420K(280576K), 0.0018467 secs] [Times: user=0.01 sys=0.00, real=0.00 secs] 
2021-08-19T00:03:16.147+0800: 27283.745: [GC (Allocation Failure) [PSYoungGen: 85408K->416K(86016K)] 176412K->91420K(280576K), 0.0021382 secs] [Times: user=0.02 sys=0.00, real=0.00 secs] 
2021-08-19T00:03:30.641+0800: 27298.239: [GC (Allocation Failure) [PSYoungGen: 85408K->416K(86016K)] 176412K->91420K(280576K), 0.0021556 secs] [Times: user=0.01 sys=0.00, real=0.00 secs] 
2021-08-19T00:03:45.143+0800: 27312.741: [GC (Allocation Failure) [PSYoungGen: 85408K->384K(86016K)] 176412K->91468K(280576K), 0.0021907 secs] [Times: user=0.02 sys=0.00, real=0.00 secs] 
2021-08-19T00:03:59.146+0800: 27326.743: [GC (Allocation Failure) [PSYoungGen: 85376K->416K(86016K)] 176460K->91500K(280576K), 0.0018532 secs] [Times: user=0.01 sys=0.00, real=0.00 secs] 
2021-08-19T00:04:14.143+0800: 27341.740: [GC (Allocation Failure) [PSYoungGen: 85408K->320K(86016K)] 176492K->91404K(280576K), 0.0022363 secs] [Times: user=0.01 sys=0.00, real=0.00 secs] 
2021-08-19T00:04:28.643+0800: 27356.240: [GC (Allocation Failure) [PSYoungGen: 85312K->352K(86016K)] 176396K->91436K(280576K), 0.0023014 secs] [Times: user=0.01 sys=0.00, real=0.00 secs] 
2021-08-19T00:04:43.143+0800: 27370.741: [GC (Allocation Failure) [PSYoungGen: 85344K->384K(86016K)] 176428K->91468K(280576K), 0.0020177 secs] [Times: user=0.02 sys=0.00, real=0.00 secs] 
2021-08-19T00:04:57.829+0800: 27385.426: [GC (Allocation Failure) [PSYoungGen: 85376K->352K(86016K)] 176460K->91436K(280576K), 0.0022587 secs] [Times: user=0.01 sys=0.00, real=0.01 secs] 
2021-08-19T00:05:12.144+0800: 27399.742: [GC (Allocation Failure) [PSYoungGen: 85344K->352K(86016K)] 176428K->91436K(280576K), 0.0022413 secs] [Times: user=0.02 sys=0.00, real=0.00 secs] 
2021-08-19T00:05:27.141+0800: 27414.738: [GC (Allocation Failure) [PSYoungGen: 85344K->384K(86016K)] 176428K->91468K(280576K), 0.0023302 secs] [Times: user=0.01 sys=0.00, real=0.00 secs] 
2021-08-19T00:05:41.144+0800: 27428.742: [GC (Allocation Failure) [PSYoungGen: 85376K->384K(86016K)] 176460K->91468K(280576K), 0.0018924 secs] [Times: user=0.01 sys=0.00, real=0.00 secs] 
2021-08-19T00:05:55.644+0800: 27443.242: [GC (Allocation Failure) [PSYoungGen: 85376K->384K(86528K)] 176460K->91468K(281088K), 0.0020209 secs] [Times: user=0.02 sys=0.00, real=0.00 secs] 
2021-08-19T00:06:10.145+0800: 27457.742: [GC (Allocation Failure) [PSYoungGen: 86400K->352K(86528K)] 177484K->91436K(281088K), 0.0019934 secs] [Times: user=0.01 sys=0.00, real=0.00 secs] 
2021-08-19T00:06:25.144+0800: 27472.742: [GC (Allocation Failure) [PSYoungGen: 86368K->416K(86528K)] 177452K->91540K(281088K), 0.0022780 secs] [Times: user=0.02 sys=0.00, real=0.00 secs] 
2021-08-19T00:06:39.641+0800: 27487.239: [GC (Allocation Failure) [PSYoungGen: 86432K->352K(86528K)] 177556K->91476K(281088K), 0.0019447 secs] [Times: user=0.02 sys=0.00, real=0.00 secs] 
2021-08-19T00:06:54.146+0800: 27501.743: [GC (Allocation Failure) [PSYoungGen: 86368K->416K(86528K)] 177492K->91540K(281088K), 0.0019076 secs] [Times: user=0.01 sys=0.00, real=0.00 secs] 
2021-08-19T00:07:09.143+0800: 27516.741: [GC (Allocation Failure) [PSYoungGen: 86432K->416K(86528K)] 177556K->91540K(281088K), 0.0021782 secs] [Times: user=0.02 sys=0.00, real=0.00 secs] 
2021-08-19T00:07:24.141+0800: 27531.739: [GC (Allocation Failure) [PSYoungGen: 86432K->416K(86528K)] 177556K->91540K(281088K), 0.0019498 secs] [Times: user=0.02 sys=0.00, real=0.00 secs] 
2021-08-19T00:07:38.145+0800: 27545.743: [GC (Allocation Failure) [PSYoungGen: 86432K->352K(86528K)] 177556K->91476K(281088K), 0.0020139 secs] [Times: user=0.00 sys=0.00, real=0.00 secs] 
2021-08-19T00:07:53.145+0800: 27560.743: [GC (Allocation Failure) [PSYoungGen: 86368K->416K(86528K)] 177492K->91540K(281088K), 0.0020713 secs] [Times: user=0.02 sys=0.00, real=0.00 secs] 
2021-08-19T00:08:08.063+0800: 27575.661: [GC (Allocation Failure) [PSYoungGen: 86432K->416K(86528K)] 177556K->91540K(281088K), 0.0020388 secs] [Times: user=0.02 sys=0.00, real=0.00 secs] 
2021-08-19T00:08:22.643+0800: 27590.241: [GC (Allocation Failure) [PSYoungGen: 86432K->384K(86528K)] 177556K->91508K(281088K), 0.0026460 secs] [Times: user=0.01 sys=0.00, real=0.00 secs] 
2021-08-19T00:08:37.453+0800: 27605.050: [GC (Allocation Failure) [PSYoungGen: 86400K->320K(86528K)] 177524K->91492K(281088K), 0.0022132 secs] [Times: user=0.01 sys=0.00, real=0.00 secs] 
2021-08-19T00:08:51.829+0800: 27619.427: [GC (Allocation Failure) [PSYoungGen: 86336K->384K(86528K)] 177508K->91556K(281088K), 0.0020754 secs] [Times: user=0.02 sys=0.00, real=0.01 secs] 
2021-08-19T00:09:06.642+0800: 27634.240: [GC (Allocation Failure) [PSYoungGen: 86400K->384K(86528K)] 177572K->91556K(281088K), 0.0019404 secs] [Times: user=0.01 sys=0.00, real=0.00 secs] 
2021-08-19T00:09:21.143+0800: 27648.741: [GC (Allocation Failure) [PSYoungGen: 86400K->352K(86528K)] 177572K->91524K(281088K), 0.0019275 secs] [Times: user=0.01 sys=0.00, real=0.00 secs] 
2021-08-19T00:09:36.143+0800: 27663.741: [GC (Allocation Failure) [PSYoungGen: 86368K->384K(86528K)] 177540K->91564K(281088K), 0.0021219 secs] [Times: user=0.01 sys=0.00, real=0.00 secs] 
2021-08-19T00:09:50.201+0800: 27677.799: [GC (Allocation Failure) [PSYoungGen: 86400K->384K(86528K)] 177580K->91564K(281088K), 0.0025040 secs] [Times: user=0.02 sys=0.00, real=0.00 secs] 
2021-08-19T00:10:05.145+0800: 27692.743: [GC (Allocation Failure) [PSYoungGen: 86400K->416K(86528K)] 177580K->91596K(281088K), 0.0019718 secs] [Times: user=0.01 sys=0.00, real=0.00 secs] 
2021-08-19T00:10:20.141+0800: 27707.738: [GC (Allocation Failure) [PSYoungGen: 86432K->384K(86528K)] 177612K->91564K(281088K), 0.0022014 secs] [Times: user=0.02 sys=0.01, real=0.00 secs] 
2021-08-19T00:10:34.829+0800: 27722.427: [GC (Allocation Failure) [PSYoungGen: 86400K->384K(86528K)] 177580K->91572K(281088K), 0.0019077 secs] [Times: user=0.01 sys=0.00, real=0.01 secs] 
2021-08-19T00:10:49.142+0800: 27736.740: [GC (Allocation Failure) [PSYoungGen: 86400K->384K(86528K)] 177588K->91572K(281088K), 0.0023195 secs] [Times: user=0.01 sys=0.00, real=0.00 secs] 
2021-08-19T00:11:04.143+0800: 27751.741: [GC (Allocation Failure) [PSYoungGen: 86400K->416K(86528K)] 177588K->91604K(281088K), 0.0019997 secs] [Times: user=0.01 sys=0.00, real=0.00 secs] 
2021-08-19T00:11:18.641+0800: 27766.239: [GC (Allocation Failure) [PSYoungGen: 86432K->320K(86528K)] 177620K->91508K(281088K), 0.0020121 secs] [Times: user=0.01 sys=0.00, real=0.00 secs] 
2021-08-19T00:11:33.347+0800: 27780.945: [GC (Allocation Failure) [PSYoungGen: 86336K->384K(86528K)] 177524K->91572K(281088K), 0.0019232 secs] [Times: user=0.02 sys=0.00, real=0.00 secs] 
2021-08-19T00:11:48.064+0800: 27795.662: [GC (Allocation Failure) [PSYoungGen: 86400K->384K(86528K)] 177588K->91572K(281088K), 0.0028996 secs] [Times: user=0.02 sys=0.00, real=0.00 secs] 
2021-08-19T00:12:02.643+0800: 27810.240: [GC (Allocation Failure) [PSYoungGen: 86400K->384K(86528K)] 177588K->91572K(281088K), 0.0025499 secs] [Times: user=0.02 sys=0.00, real=0.00 secs] 
2021-08-19T00:12:17.313+0800: 27824.911: [GC (Allocation Failure) [PSYoungGen: 86400K->416K(86528K)] 177588K->91604K(281088K), 0.0019209 secs] [Times: user=0.01 sys=0.00, real=0.00 secs] 
2021-08-19T00:12:32.144+0800: 27839.742: [GC (Allocation Failure) [PSYoungGen: 86432K->416K(86528K)] 177620K->91604K(281088K), 0.0019464 secs] [Times: user=0.02 sys=0.00, real=0.00 secs] 
2021-08-19T00:12:46.829+0800: 27854.427: [GC (Allocation Failure) [PSYoungGen: 86432K->288K(86528K)] 177620K->91476K(281088K), 0.0022438 secs] [Times: user=0.01 sys=0.00, real=0.01 secs] 
2021-08-19T00:13:01.147+0800: 27868.745: [GC (Allocation Failure) [PSYoungGen: 86304K->416K(86528K)] 177492K->91604K(281088K), 0.0021180 secs] [Times: user=0.01 sys=0.00, real=0.00 secs] 
2021-08-19T00:13:16.144+0800: 27883.742: [GC (Allocation Failure) [PSYoungGen: 86432K->416K(86528K)] 177620K->91604K(281088K), 0.0018262 secs] [Times: user=0.01 sys=0.00, real=0.00 secs] 
2021-08-19T00:13:30.829+0800: 27898.427: [GC (Allocation Failure) [PSYoungGen: 86432K->384K(86528K)] 177620K->91572K(281088K), 0.0019526 secs] [Times: user=0.01 sys=0.00, real=0.01 secs] 
2021-08-19T00:13:45.145+0800: 27912.742: [GC (Allocation Failure) [PSYoungGen: 86400K->384K(86528K)] 177588K->91572K(281088K), 0.0019509 secs] [Times: user=0.02 sys=0.00, real=0.00 secs] 
2021-08-19T00:14:00.142+0800: 27927.740: [GC (Allocation Failure) [PSYoungGen: 86400K->352K(86528K)] 177588K->91540K(281088K), 0.0020928 secs] [Times: user=0.01 sys=0.00, real=0.00 secs] 
2021-08-19T00:14:15.141+0800: 27942.739: [GC (Allocation Failure) [PSYoungGen: 86368K->352K(86528K)] 177556K->91540K(281088K), 0.0024073 secs] [Times: user=0.01 sys=0.00, real=0.00 secs] 
2021-08-19T00:14:29.145+0800: 27956.743: [GC (Allocation Failure) [PSYoungGen: 86368K->384K(86528K)] 177556K->91572K(281088K), 0.0022350 secs] [Times: user=0.02 sys=0.00, real=0.00 secs] 
2021-08-19T00:14:44.141+0800: 27971.739: [GC (Allocation Failure) [PSYoungGen: 86400K->416K(86528K)] 177588K->91604K(281088K), 0.0019604 secs] [Times: user=0.01 sys=0.00, real=0.00 secs] 
2021-08-19T00:14:58.642+0800: 27986.240: [GC (Allocation Failure) [PSYoungGen: 86432K->448K(86528K)] 177620K->91636K(281088K), 0.0023113 secs] [Times: user=0.01 sys=0.00, real=0.00 secs] 
2021-08-19T00:15:13.147+0800: 28000.745: [GC (Allocation Failure) [PSYoungGen: 86464K->352K(86528K)] 177652K->91540K(281088K), 0.0021609 secs] [Times: user=0.01 sys=0.00, real=0.00 secs] 
2021-08-19T00:15:28.143+0800: 28015.740: [GC (Allocation Failure) [PSYoungGen: 86368K->416K(86528K)] 177556K->91604K(281088K), 0.0019059 secs] [Times: user=0.02 sys=0.00, real=0.00 secs] 
2021-08-19T00:15:42.829+0800: 28030.427: [GC (Allocation Failure) [PSYoungGen: 86432K->416K(86528K)] 177620K->91604K(281088K), 0.0020010 secs] [Times: user=0.02 sys=0.01, real=0.01 secs] 
2021-08-19T00:15:57.453+0800: 28045.050: [GC (Allocation Failure) [PSYoungGen: 86432K->320K(86528K)] 177620K->91508K(281088K), 0.0021769 secs] [Times: user=0.01 sys=0.00, real=0.00 secs] 
2021-08-19T00:16:12.144+0800: 28059.742: [GC (Allocation Failure) [PSYoungGen: 86336K->384K(86528K)] 177524K->91572K(281088K), 0.0023718 secs] [Times: user=0.01 sys=0.00, real=0.00 secs] 
2021-08-19T00:16:27.144+0800: 28074.741: [GC (Allocation Failure) [PSYoungGen: 86400K->384K(86528K)] 177588K->91572K(281088K), 0.0020552 secs] [Times: user=0.02 sys=0.00, real=0.00 secs] 
2021-08-19T00:16:41.145+0800: 28088.742: [GC (Allocation Failure) [PSYoungGen: 86400K->352K(86528K)] 177588K->91540K(281088K), 0.0020472 secs] [Times: user=0.02 sys=0.00, real=0.00 secs] 
2021-08-19T00:16:56.143+0800: 28103.741: [GC (Allocation Failure) [PSYoungGen: 86368K->352K(86528K)] 177556K->91564K(281088K), 0.0019807 secs] [Times: user=0.02 sys=0.00, real=0.00 secs] 
2021-08-19T00:17:10.828+0800: 28118.426: [GC (Allocation Failure) [PSYoungGen: 86368K->416K(86528K)] 177580K->91644K(281088K), 0.0021201 secs] [Times: user=0.01 sys=0.00, real=0.00 secs] 
2021-08-19T00:17:25.642+0800: 28133.239: [GC (Allocation Failure) [PSYoungGen: 86432K->416K(86528K)] 177660K->91644K(281088K), 0.0018581 secs] [Times: user=0.01 sys=0.00, real=0.00 secs] 
2021-08-19T00:17:40.141+0800: 28147.739: [GC (Allocation Failure) [PSYoungGen: 86432K->384K(86528K)] 177660K->91612K(281088K), 0.0022222 secs] [Times: user=0.02 sys=0.00, real=0.00 secs] 
2021-08-19T00:17:55.142+0800: 28162.739: [GC (Allocation Failure) [PSYoungGen: 86400K->384K(86528K)] 177628K->91612K(281088K), 0.0021045 secs] [Times: user=0.02 sys=0.00, real=0.00 secs] 
2021-08-19T00:18:09.448+0800: 28177.046: [GC (Allocation Failure) [PSYoungGen: 86400K->320K(86528K)] 177628K->91548K(281088K), 0.0021029 secs] [Times: user=0.02 sys=0.00, real=0.01 secs] 
2021-08-19T00:18:24.148+0800: 28191.745: [GC (Allocation Failure) [PSYoungGen: 86336K->416K(86528K)] 177564K->91644K(281088K), 0.0018832 secs] [Times: user=0.01 sys=0.00, real=0.00 secs] 
2021-08-19T00:18:38.824+0800: 28206.421: [GC (Allocation Failure) [PSYoungGen: 86432K->384K(86528K)] 177660K->91620K(281088K), 0.0020735 secs] [Times: user=0.02 sys=0.00, real=0.00 secs] 
2021-08-19T00:18:53.648+0800: 28221.246: [GC (Allocation Failure) [PSYoungGen: 86400K->416K(86528K)] 177636K->91652K(281088K), 0.0020414 secs] [Times: user=0.01 sys=0.00, real=0.00 secs] 
2021-08-19T00:19:08.144+0800: 28235.742: [GC (Allocation Failure) [PSYoungGen: 86432K->384K(86528K)] 177668K->91628K(281088K), 0.0018595 secs] [Times: user=0.01 sys=0.00, real=0.00 secs] 
2021-08-19T00:19:23.146+0800: 28250.743: [GC (Allocation Failure) [PSYoungGen: 86400K->416K(86528K)] 177644K->91660K(281088K), 0.0025838 secs] [Times: user=0.01 sys=0.00, real=0.00 secs] 
2021-08-19T00:19:37.858+0800: 28265.456: [GC (Allocation Failure) [PSYoungGen: 86432K->352K(86528K)] 177676K->91596K(281088K), 0.0020297 secs] [Times: user=0.02 sys=0.00, real=0.01 secs] 
2021-08-19T00:19:52.145+0800: 28279.742: [GC (Allocation Failure) [PSYoungGen: 86368K->352K(86528K)] 177612K->91596K(281088K), 0.0022776 secs] [Times: user=0.01 sys=0.00, real=0.00 secs] 
2021-08-19T00:20:07.146+0800: 28294.744: [GC (Allocation Failure) [PSYoungGen: 86368K->416K(86528K)] 177612K->91660K(281088K), 0.0019624 secs] [Times: user=0.01 sys=0.00, real=0.00 secs] 
2021-08-19T00:20:22.143+0800: 28309.741: [GC (Allocation Failure) [PSYoungGen: 86432K->352K(86528K)] 177676K->91652K(281088K), 0.0024308 secs] [Times: user=0.01 sys=0.00, real=0.00 secs] 
2021-08-19T00:20:36.787+0800: 28324.385: [GC (Allocation Failure) [PSYoungGen: 86368K->384K(86528K)] 177668K->91684K(281088K), 0.0019756 secs] [Times: user=0.01 sys=0.00, real=0.00 secs] 
2021-08-19T00:20:51.145+0800: 28338.743: [GC (Allocation Failure) [PSYoungGen: 86400K->416K(86528K)] 177700K->91716K(281088K), 0.0018113 secs] [Times: user=0.01 sys=0.00, real=0.00 secs] 
2021-08-19T00:21:06.142+0800: 28353.739: [GC (Allocation Failure) [PSYoungGen: 86432K->416K(86528K)] 177732K->91748K(281088K), 0.0018865 secs] [Times: user=0.02 sys=0.00, real=0.00 secs] 
2021-08-19T00:21:20.201+0800: 28367.798: [GC (Allocation Failure) [PSYoungGen: 86432K->416K(86528K)] 177764K->91756K(281088K), 0.0019236 secs] [Times: user=0.01 sys=0.00, real=0.00 secs] 
2021-08-19T00:21:35.146+0800: 28382.744: [GC (Allocation Failure) [PSYoungGen: 86432K->352K(86528K)] 177772K->91692K(281088K), 0.0023817 secs] [Times: user=0.01 sys=0.00, real=0.00 secs] 
2021-08-19T00:21:49.819+0800: 28397.417: [GC (Allocation Failure) [PSYoungGen: 86368K->384K(86528K)] 177708K->91724K(281088K), 0.0021823 secs] [Times: user=0.01 sys=0.00, real=0.01 secs] 
2021-08-19T00:22:04.644+0800: 28412.242: [GC (Allocation Failure) [PSYoungGen: 86400K->496K(86528K)] 177740K->91844K(281088K), 0.0020524 secs] [Times: user=0.02 sys=0.00, real=0.00 secs] 
2021-08-19T00:22:19.144+0800: 28426.742: [GC (Allocation Failure) [PSYoungGen: 86512K->496K(86528K)] 177860K->91844K(281088K), 0.0020426 secs] [Times: user=0.01 sys=0.00, real=0.00 secs] 
2021-08-19T00:22:34.143+0800: 28441.741: [GC (Allocation Failure) [PSYoungGen: 86512K->496K(85504K)] 177860K->91884K(280064K), 0.0021286 secs] [Times: user=0.01 sys=0.00, real=0.00 secs] 
2021-08-19T00:22:48.145+0800: 28455.743: [GC (Allocation Failure) [PSYoungGen: 85488K->528K(86016K)] 176876K->91933K(280576K), 0.0019478 secs] [Times: user=0.01 sys=0.00, real=0.00 secs] 
2021-08-19T00:23:02.819+0800: 28470.417: [GC (Allocation Failure) [PSYoungGen: 85520K->816K(86016K)] 176925K->92229K(280576K), 0.0021935 secs] [Times: user=0.01 sys=0.00, real=0.01 secs] 
2021-08-19T00:23:17.148+0800: 28484.746: [GC (Allocation Failure) [PSYoungGen: 85808K->896K(86016K)] 177221K->92309K(280576K), 0.0025183 secs] [Times: user=0.02 sys=0.00, real=0.01 secs] 
2021-08-19T00:23:32.143+0800: 28499.740: [GC (Allocation Failure) [PSYoungGen: 85888K->960K(86016K)] 177301K->92373K(280576K), 0.0020560 secs] [Times: user=0.01 sys=0.00, real=0.00 secs] 
2021-08-19T00:23:46.145+0800: 28513.743: [GC (Allocation Failure) [PSYoungGen: 85952K->992K(86016K)] 177365K->92413K(280576K), 0.0019034 secs] [Times: user=0.02 sys=0.00, real=0.00 secs] 
2021-08-19T00:24:00.817+0800: 28528.415: [GC (Allocation Failure) [PSYoungGen: 85984K->992K(84992K)] 177405K->92429K(279552K), 0.0021852 secs] [Times: user=0.02 sys=0.00, real=0.00 secs] 
2021-08-19T00:24:15.145+0800: 28542.742: [GC (Allocation Failure) [PSYoungGen: 84960K->1056K(85504K)] 176397K->92493K(280064K), 0.0023825 secs] [Times: user=0.01 sys=0.00, real=0.00 secs] 
2021-08-19T00:24:29.439+0800: 28557.037: [GC (Allocation Failure) [PSYoungGen: 85024K->1056K(85504K)] 176461K->92493K(280064K), 0.0021366 secs] [Times: user=0.02 sys=0.00, real=0.01 secs] 
2021-08-19T00:24:43.816+0800: 28571.414: [GC (Allocation Failure) [PSYoungGen: 85024K->1056K(85504K)] 176461K->92493K(280064K), 0.0019752 secs] [Times: user=0.02 sys=0.00, real=0.00 secs] 
2021-08-19T00:24:58.145+0800: 28585.743: [GC (Allocation Failure) [PSYoungGen: 85024K->1056K(85504K)] 176461K->92493K(280064K), 0.0020338 secs] [Times: user=0.01 sys=0.00, real=0.00 secs] 
2021-08-19T00:25:12.643+0800: 28600.241: [GC (Allocation Failure) [PSYoungGen: 85024K->1040K(85504K)] 176461K->92477K(280064K), 0.0021615 secs] [Times: user=0.02 sys=0.00, real=0.00 secs] 
2021-08-19T00:25:27.147+0800: 28614.744: [GC (Allocation Failure) [PSYoungGen: 85008K->1056K(85504K)] 176445K->92493K(280064K), 0.0024621 secs] [Times: user=0.02 sys=0.00, real=0.00 secs] 
2021-08-19T00:25:41.145+0800: 28628.743: [GC (Allocation Failure) [PSYoungGen: 85024K->848K(85504K)] 176461K->92509K(280064K), 0.0020005 secs] [Times: user=0.02 sys=0.00, real=0.00 secs] 
2021-08-19T00:25:55.643+0800: 28643.241: [GC (Allocation Failure) [PSYoungGen: 84816K->896K(85504K)] 176477K->92557K(280064K), 0.0024572 secs] [Times: user=0.01 sys=0.01, real=0.00 secs] 
2021-08-19T00:26:10.141+0800: 28657.739: [GC (Allocation Failure) [PSYoungGen: 84864K->656K(85504K)] 176525K->92509K(280064K), 0.0019453 secs] [Times: user=0.01 sys=0.00, real=0.00 secs] 
2021-08-19T00:26:24.145+0800: 28671.743: [GC (Allocation Failure) [PSYoungGen: 84624K->720K(85504K)] 176477K->92573K(280064K), 0.0021134 secs] [Times: user=0.01 sys=0.00, real=0.00 secs] 
2021-08-19T00:26:38.151+0800: 28685.748: [GC (Allocation Failure) [PSYoungGen: 84688K->544K(85504K)] 176541K->92685K(280064K), 0.0020715 secs] [Times: user=0.02 sys=0.00, real=0.00 secs] 
2021-08-19T00:26:53.141+0800: 28700.739: [GC (Allocation Failure) [PSYoungGen: 84512K->560K(85504K)] 176653K->92861K(280064K), 0.0025369 secs] [Times: user=0.01 sys=0.01, real=0.00 secs] 
2021-08-19T00:27:07.147+0800: 28714.745: [GC (Allocation Failure) [PSYoungGen: 84528K->432K(85504K)] 176829K->92877K(280064K), 0.0019841 secs] [Times: user=0.01 sys=0.00, real=0.00 secs] 
2021-08-19T00:27:21.646+0800: 28729.244: [GC (Allocation Failure) [PSYoungGen: 84400K->416K(85504K)] 176845K->93005K(280064K), 0.0028859 secs] [Times: user=0.01 sys=0.00, real=0.00 secs] 
2021-08-19T00:27:36.145+0800: 28743.743: [GC (Allocation Failure) [PSYoungGen: 84384K->416K(85504K)] 176973K->93005K(280064K), 0.0018753 secs] [Times: user=0.02 sys=0.00, real=0.00 secs] 
2021-08-19T00:27:50.157+0800: 28757.755: [GC (Allocation Failure) [PSYoungGen: 84384K->416K(85504K)] 176973K->93005K(280064K), 0.0021409 secs] [Times: user=0.02 sys=0.00, real=0.00 secs] 
2021-08-19T00:28:04.815+0800: 28772.412: [GC (Allocation Failure) [PSYoungGen: 84384K->352K(85504K)] 176973K->92941K(280064K), 0.0021387 secs] [Times: user=0.01 sys=0.00, real=0.00 secs] 
2021-08-19T00:28:19.144+0800: 28786.742: [GC (Allocation Failure) [PSYoungGen: 84320K->416K(85504K)] 176909K->93005K(280064K), 0.0020336 secs] [Times: user=0.02 sys=0.00, real=0.00 secs] 
2021-08-19T00:28:33.647+0800: 28801.244: [GC (Allocation Failure) [PSYoungGen: 84384K->416K(85504K)] 176973K->93005K(280064K), 0.0020132 secs] [Times: user=0.01 sys=0.00, real=0.00 secs] 
2021-08-19T00:28:48.066+0800: 28815.663: [GC (Allocation Failure) [PSYoungGen: 84384K->384K(85504K)] 176973K->92973K(280064K), 0.0022324 secs] [Times: user=0.01 sys=0.00, real=0.00 secs] 
2021-08-19T00:29:02.148+0800: 28829.745: [GC (Allocation Failure) [PSYoungGen: 84352K->416K(85504K)] 176941K->93037K(280064K), 0.0019059 secs] [Times: user=0.01 sys=0.00, real=0.00 secs] 
2021-08-19T00:29:16.646+0800: 28844.244: [GC (Allocation Failure) [PSYoungGen: 84384K->416K(85504K)] 177005K->93037K(280064K), 0.0019353 secs] [Times: user=0.01 sys=0.00, real=0.00 secs] 
2021-08-19T00:29:31.146+0800: 28858.743: [GC (Allocation Failure) [PSYoungGen: 84384K->384K(85504K)] 177005K->93005K(280064K), 0.0021761 secs] [Times: user=0.01 sys=0.00, real=0.00 secs] 
2021-08-19T00:29:45.150+0800: 28872.747: [GC (Allocation Failure) [PSYoungGen: 84352K->416K(85504K)] 176973K->93037K(280064K), 0.0019235 secs] [Times: user=0.02 sys=0.00, real=0.01 secs] 
2021-08-19T00:29:59.151+0800: 28886.749: [GC (Allocation Failure) [PSYoungGen: 84384K->352K(85504K)] 177005K->92997K(280064K), 0.0020773 secs] [Times: user=0.01 sys=0.00, real=0.00 secs] 
2021-08-19T00:30:14.150+0800: 28901.748: [GC (Allocation Failure) [PSYoungGen: 84320K->384K(86016K)] 176965K->93029K(280576K), 0.0021740 secs] [Times: user=0.02 sys=0.00, real=0.01 secs] 
2021-08-19T00:30:28.152+0800: 28915.750: [GC (Allocation Failure) [PSYoungGen: 85376K->416K(86016K)] 178021K->93061K(280576K), 0.0018184 secs] [Times: user=0.01 sys=0.00, real=0.00 secs] 
2021-08-19T00:30:43.147+0800: 28930.745: [GC (Allocation Failure) [PSYoungGen: 85408K->384K(86016K)] 178053K->93029K(280576K), 0.0021042 secs] [Times: user=0.01 sys=0.00, real=0.00 secs] 
2021-08-19T00:30:57.655+0800: 28945.252: [GC (Allocation Failure) [PSYoungGen: 85376K->384K(86016K)] 178021K->93029K(280576K), 0.0021293 secs] [Times: user=0.01 sys=0.00, real=0.00 secs] 
2021-08-19T00:31:12.149+0800: 28959.746: [GC (Allocation Failure) [PSYoungGen: 85376K->416K(86016K)] 178021K->93061K(280576K), 0.0020809 secs] [Times: user=0.01 sys=0.00, real=0.01 secs] 
2021-08-19T00:31:26.812+0800: 28974.410: [GC (Allocation Failure) [PSYoungGen: 85408K->416K(86016K)] 178053K->93061K(280576K), 0.0026487 secs] [Times: user=0.01 sys=0.00, real=0.00 secs] 
2021-08-19T00:31:41.150+0800: 28988.748: [GC (Allocation Failure) [PSYoungGen: 85408K->416K(86016K)] 178053K->93093K(280576K), 0.0018279 secs] [Times: user=0.01 sys=0.00, real=0.00 secs] 
2021-08-19T00:31:55.650+0800: 29003.248: [GC (Allocation Failure) [PSYoungGen: 85408K->416K(86016K)] 178085K->93093K(280576K), 0.0025871 secs] [Times: user=0.01 sys=0.00, real=0.00 secs] 
2021-08-19T00:32:10.150+0800: 29017.747: [GC (Allocation Failure) [PSYoungGen: 85408K->416K(86016K)] 178085K->93093K(280576K), 0.0020290 secs] [Times: user=0.01 sys=0.00, real=0.01 secs] 
2021-08-19T00:32:24.653+0800: 29032.250: [GC (Allocation Failure) [PSYoungGen: 85408K->384K(86016K)] 178085K->93061K(280576K), 0.0021564 secs] [Times: user=0.02 sys=0.00, real=0.00 secs] 
2021-08-19T00:32:39.149+0800: 29046.747: [GC (Allocation Failure) [PSYoungGen: 85376K->352K(86016K)] 178053K->93029K(280576K), 0.0021075 secs] [Times: user=0.02 sys=0.00, real=0.01 secs] 
2021-08-19T00:32:53.434+0800: 29061.031: [GC (Allocation Failure) [PSYoungGen: 85344K->320K(86016K)] 178021K->92997K(280576K), 0.0021302 secs] [Times: user=0.01 sys=0.00, real=0.00 secs] 
2021-08-19T00:33:08.150+0800: 29075.747: [GC (Allocation Failure) [PSYoungGen: 85312K->416K(86016K)] 177989K->93093K(280576K), 0.0020689 secs] [Times: user=0.02 sys=0.00, real=0.01 secs] 
2021-08-19T00:33:22.649+0800: 29090.247: [GC (Allocation Failure) [PSYoungGen: 85408K->416K(86016K)] 178085K->93093K(280576K), 0.0022198 secs] [Times: user=0.01 sys=0.00, real=0.01 secs] 
2021-08-19T00:33:37.153+0800: 29104.751: [GC (Allocation Failure) [PSYoungGen: 85408K->416K(86016K)] 178085K->93093K(280576K), 0.0019475 secs] [Times: user=0.02 sys=0.00, real=0.00 secs] 
2021-08-19T00:33:51.221+0800: 29118.819: [GC (Allocation Failure) [PSYoungGen: 85408K->416K(86016K)] 178085K->93093K(280576K), 0.0022059 secs] [Times: user=0.01 sys=0.00, real=0.00 secs] 
2021-08-19T00:34:06.152+0800: 29133.750: [GC (Allocation Failure) [PSYoungGen: 85408K->416K(86016K)] 178085K->93093K(280576K), 0.0020429 secs] [Times: user=0.01 sys=0.00, real=0.00 secs] 
2021-08-19T00:34:20.653+0800: 29148.250: [GC (Allocation Failure) [PSYoungGen: 85408K->416K(86016K)] 178085K->93117K(280576K), 0.0020043 secs] [Times: user=0.01 sys=0.00, real=0.00 secs] 
2021-08-19T00:34:35.156+0800: 29162.754: [GC (Allocation Failure) [PSYoungGen: 85408K->384K(86016K)] 178109K->93085K(280576K), 0.0021183 secs] [Times: user=0.01 sys=0.00, real=0.00 secs] 
2021-08-19T00:34:49.157+0800: 29176.755: [GC (Allocation Failure) [PSYoungGen: 85376K->384K(86016K)] 178077K->93085K(280576K), 0.0021016 secs] [Times: user=0.01 sys=0.00, real=0.00 secs] 
2021-08-19T00:35:04.154+0800: 29191.751: [GC (Allocation Failure) [PSYoungGen: 85376K->320K(86016K)] 178077K->93021K(280576K), 0.0022648 secs] [Times: user=0.02 sys=0.00, real=0.00 secs] 
2021-08-19T00:35:18.654+0800: 29206.252: [GC (Allocation Failure) [PSYoungGen: 85312K->384K(86016K)] 178013K->93085K(280576K), 0.0020619 secs] [Times: user=0.02 sys=0.00, real=0.00 secs] 
2021-08-19T00:35:33.155+0800: 29220.753: [GC (Allocation Failure) [PSYoungGen: 85376K->416K(86016K)] 178077K->93117K(280576K), 0.0018808 secs] [Times: user=0.02 sys=0.00, real=0.00 secs] 
2021-08-19T00:35:47.653+0800: 29235.250: [GC (Allocation Failure) [PSYoungGen: 85408K->384K(86016K)] 178109K->93141K(280576K), 0.0018839 secs] [Times: user=0.01 sys=0.00, real=0.00 secs] 
2021-08-19T00:36:02.154+0800: 29249.752: [GC (Allocation Failure) [PSYoungGen: 85376K->416K(86528K)] 178133K->93173K(281088K), 0.0018901 secs] [Times: user=0.01 sys=0.00, real=0.00 secs] 
2021-08-19T00:36:17.153+0800: 29264.751: [GC (Allocation Failure) [PSYoungGen: 85920K->384K(86016K)] 178677K->93141K(280576K), 0.0019673 secs] [Times: user=0.01 sys=0.00, real=0.00 secs] 
2021-08-19T00:36:31.156+0800: 29278.754: [GC (Allocation Failure) [PSYoungGen: 85888K->416K(86528K)] 178645K->93173K(281088K), 0.0019851 secs] [Times: user=0.02 sys=0.00, real=0.00 secs] 
2021-08-19T00:36:46.153+0800: 29293.751: [GC (Allocation Failure) [PSYoungGen: 86432K->384K(86528K)] 179189K->93141K(281088K), 0.0020079 secs] [Times: user=0.01 sys=0.00, real=0.00 secs] 
2021-08-19T00:37:00.158+0800: 29307.756: [GC (Allocation Failure) [PSYoungGen: 86400K->416K(86528K)] 179157K->93173K(281088K), 0.0018550 secs] [Times: user=0.01 sys=0.00, real=0.00 secs] 
2021-08-19T00:37:15.156+0800: 29322.754: [GC (Allocation Failure) [PSYoungGen: 86432K->416K(86528K)] 179189K->93173K(281088K), 0.0019057 secs] [Times: user=0.01 sys=0.00, real=0.00 secs] 
2021-08-19T00:37:30.154+0800: 29337.752: [GC (Allocation Failure) [PSYoungGen: 86432K->416K(86528K)] 179189K->93173K(281088K), 0.0024409 secs] [Times: user=0.02 sys=0.00, real=0.00 secs] 
2021-08-19T00:37:44.655+0800: 29352.253: [GC (Allocation Failure) [PSYoungGen: 86432K->416K(86528K)] 179189K->93173K(281088K), 0.0019297 secs] [Times: user=0.01 sys=0.00, real=0.00 secs] 
2021-08-19T00:37:59.158+0800: 29366.756: [GC (Allocation Failure) [PSYoungGen: 86432K->416K(86528K)] 179189K->93173K(281088K), 0.0020469 secs] [Times: user=0.02 sys=0.00, real=0.01 secs] 
2021-08-19T00:38:14.156+0800: 29381.754: [GC (Allocation Failure) [PSYoungGen: 86432K->320K(86528K)] 179189K->93077K(281088K), 0.0019826 secs] [Times: user=0.01 sys=0.00, real=0.00 secs] 
2021-08-19T00:38:28.471+0800: 29396.069: [GC (Allocation Failure) [PSYoungGen: 86336K->384K(86528K)] 179093K->93141K(281088K), 0.0020507 secs] [Times: user=0.01 sys=0.00, real=0.00 secs] 
2021-08-19T00:38:43.159+0800: 29410.756: [GC (Allocation Failure) [PSYoungGen: 86400K->352K(86528K)] 179157K->93109K(281088K), 0.0021887 secs] [Times: user=0.01 sys=0.00, real=0.01 secs] 
2021-08-19T00:38:58.071+0800: 29425.668: [GC (Allocation Failure) [PSYoungGen: 86368K->448K(86528K)] 179125K->93205K(281088K), 0.0023965 secs] [Times: user=0.02 sys=0.00, real=0.00 secs] 
2021-08-19T00:39:12.655+0800: 29440.253: [GC (Allocation Failure) [PSYoungGen: 86464K->416K(86528K)] 179221K->93173K(281088K), 0.0020688 secs] [Times: user=0.01 sys=0.00, real=0.00 secs] 
2021-08-19T00:39:27.159+0800: 29454.757: [GC (Allocation Failure) [PSYoungGen: 86432K->352K(86528K)] 179189K->93109K(281088K), 0.0019120 secs] [Times: user=0.02 sys=0.00, real=0.01 secs] 
2021-08-19T00:39:41.807+0800: 29469.405: [GC (Allocation Failure) [PSYoungGen: 86368K->352K(86528K)] 179125K->93109K(281088K), 0.0021067 secs] [Times: user=0.01 sys=0.00, real=0.00 secs] 
2021-08-19T00:39:56.656+0800: 29484.253: [GC (Allocation Failure) [PSYoungGen: 86368K->384K(86528K)] 179125K->93141K(281088K), 0.0022417 secs] [Times: user=0.01 sys=0.00, real=0.00 secs] 
2021-08-19T00:40:11.158+0800: 29498.756: [GC (Allocation Failure) [PSYoungGen: 86400K->416K(86528K)] 179157K->93173K(281088K), 0.0024194 secs] [Times: user=0.01 sys=0.00, real=0.01 secs] 
2021-08-19T00:40:26.157+0800: 29513.755: [GC (Allocation Failure) [PSYoungGen: 86432K->384K(86528K)] 179189K->93141K(281088K), 0.0019518 secs] [Times: user=0.01 sys=0.00, real=0.00 secs] 
2021-08-19T00:40:40.166+0800: 29527.764: [GC (Allocation Failure) [PSYoungGen: 86400K->352K(86528K)] 179157K->93109K(281088K), 0.0020861 secs] [Times: user=0.01 sys=0.00, real=0.00 secs] 
2021-08-19T00:40:55.161+0800: 29542.758: [GC (Allocation Failure) [PSYoungGen: 86368K->320K(86528K)] 179125K->93077K(281088K), 0.0023231 secs] [Times: user=0.01 sys=0.00, real=0.00 secs] 
2021-08-19T00:41:09.809+0800: 29557.407: [GC (Allocation Failure) [PSYoungGen: 86336K->416K(86528K)] 179093K->93173K(281088K), 0.0022139 secs] [Times: user=0.02 sys=0.00, real=0.01 secs] 
2021-08-19T00:41:24.657+0800: 29572.254: [GC (Allocation Failure) [PSYoungGen: 86432K->352K(86528K)] 179189K->93109K(281088K), 0.0020930 secs] [Times: user=0.01 sys=0.00, real=0.00 secs] 
2021-08-19T00:41:39.158+0800: 29586.756: [GC (Allocation Failure) [PSYoungGen: 86368K->384K(86528K)] 179125K->93141K(281088K), 0.0022113 secs] [Times: user=0.02 sys=0.00, real=0.01 secs] 
2021-08-19T00:41:54.155+0800: 29601.753: [GC (Allocation Failure) [PSYoungGen: 86400K->384K(86528K)] 179157K->93141K(281088K), 0.0019751 secs] [Times: user=0.02 sys=0.00, real=0.00 secs] 
2021-08-19T00:42:08.163+0800: 29615.760: [GC (Allocation Failure) [PSYoungGen: 86400K->416K(86528K)] 179157K->93173K(281088K), 0.0021860 secs] [Times: user=0.02 sys=0.00, real=0.00 secs] 
2021-08-19T00:42:23.164+0800: 29630.762: [GC (Allocation Failure) [PSYoungGen: 86432K->384K(86528K)] 179189K->93141K(281088K), 0.0019472 secs] [Times: user=0.02 sys=0.00, real=0.00 secs] 
2021-08-19T00:42:38.072+0800: 29645.670: [GC (Allocation Failure) [PSYoungGen: 86400K->512K(86528K)] 179157K->93269K(281088K), 0.0019520 secs] [Times: user=0.01 sys=0.00, real=0.00 secs] 
2021-08-19T00:42:52.666+0800: 29660.264: [GC (Allocation Failure) [PSYoungGen: 86528K->416K(86528K)] 179285K->93173K(281088K), 0.0019462 secs] [Times: user=0.01 sys=0.00, real=0.00 secs] 
2021-08-19T00:43:07.162+0800: 29674.760: [GC (Allocation Failure) [PSYoungGen: 86432K->416K(86528K)] 179189K->93213K(281088K), 0.0024610 secs] [Times: user=0.02 sys=0.00, real=0.00 secs] 
2021-08-19T00:43:22.158+0800: 29689.756: [GC (Allocation Failure) [PSYoungGen: 86432K->384K(86528K)] 179229K->93181K(281088K), 0.0019583 secs] [Times: user=0.02 sys=0.00, real=0.00 secs] 
2021-08-19T00:43:37.161+0800: 29704.759: [GC (Allocation Failure) [PSYoungGen: 86400K->384K(86528K)] 179197K->93181K(281088K), 0.0021653 secs] [Times: user=0.02 sys=0.00, real=0.00 secs] 
2021-08-19T00:43:51.164+0800: 29718.762: [GC (Allocation Failure) [PSYoungGen: 86400K->352K(86528K)] 179197K->93149K(281088K), 0.0020048 secs] [Times: user=0.02 sys=0.00, real=0.00 secs] 
2021-08-19T00:44:06.162+0800: 29733.759: [GC (Allocation Failure) [PSYoungGen: 86368K->416K(86528K)] 179165K->93221K(281088K), 0.0020885 secs] [Times: user=0.02 sys=0.00, real=0.00 secs] 
2021-08-19T00:44:20.786+0800: 29748.384: [GC (Allocation Failure) [PSYoungGen: 86432K->384K(86528K)] 179237K->93189K(281088K), 0.0020587 secs] [Times: user=0.01 sys=0.00, real=0.00 secs] 
2021-08-19T00:44:35.278+0800: 29762.876: [GC (Allocation Failure) [PSYoungGen: 86400K->416K(86528K)] 179205K->93221K(281088K), 0.0019231 secs] [Times: user=0.02 sys=0.00, real=0.00 secs] 
2021-08-19T00:44:50.157+0800: 29777.754: [GC (Allocation Failure) [PSYoungGen: 86432K->384K(86528K)] 179237K->93189K(281088K), 0.0020932 secs] [Times: user=0.01 sys=0.00, real=0.00 secs] 
2021-08-19T00:45:04.808+0800: 29792.406: [GC (Allocation Failure) [PSYoungGen: 86400K->416K(86528K)] 179205K->93221K(281088K), 0.0021245 secs] [Times: user=0.01 sys=0.00, real=0.01 secs] 
2021-08-19T00:45:19.162+0800: 29806.760: [GC (Allocation Failure) [PSYoungGen: 86432K->416K(86528K)] 179237K->93221K(281088K), 0.0019842 secs] [Times: user=0.01 sys=0.00, real=0.00 secs] 
2021-08-19T00:45:34.161+0800: 29821.759: [GC (Allocation Failure) [PSYoungGen: 86432K->416K(86528K)] 179237K->93245K(281088K), 0.0021798 secs] [Times: user=0.02 sys=0.00, real=0.00 secs] 
2021-08-19T00:45:48.659+0800: 29836.256: [GC (Allocation Failure) [PSYoungGen: 86432K->352K(86528K)] 179261K->93181K(281088K), 0.0021205 secs] [Times: user=0.01 sys=0.00, real=0.01 secs] 
2021-08-19T00:46:03.162+0800: 29850.760: [GC (Allocation Failure) [PSYoungGen: 86368K->416K(86528K)] 179197K->93245K(281088K), 0.0018885 secs] [Times: user=0.01 sys=0.00, real=0.00 secs] 
2021-08-19T00:46:18.160+0800: 29865.758: [GC (Allocation Failure) [PSYoungGen: 86432K->416K(86528K)] 179261K->93245K(281088K), 0.0022981 secs] [Times: user=0.02 sys=0.00, real=0.00 secs] 
2021-08-19T00:46:33.069+0800: 29880.667: [GC (Allocation Failure) [PSYoungGen: 86432K->384K(86528K)] 179261K->93213K(281088K), 0.0021215 secs] [Times: user=0.02 sys=0.00, real=0.01 secs] 
2021-08-19T00:46:47.165+0800: 29894.763: [GC (Allocation Failure) [PSYoungGen: 86400K->416K(86528K)] 179229K->93245K(281088K), 0.0018571 secs] [Times: user=0.02 sys=0.00, real=0.00 secs] 
2021-08-19T00:47:02.162+0800: 29909.760: [GC (Allocation Failure) [PSYoungGen: 86432K->320K(86528K)] 179261K->93149K(281088K), 0.0020098 secs] [Times: user=0.02 sys=0.00, real=0.00 secs] 
2021-08-19T00:47:17.159+0800: 29924.757: [GC (Allocation Failure) [PSYoungGen: 86336K->384K(86528K)] 179165K->93213K(281088K), 0.0020060 secs] [Times: user=0.02 sys=0.00, real=0.01 secs] 
2021-08-19T00:47:31.432+0800: 29939.030: [GC (Allocation Failure) [PSYoungGen: 86400K->416K(86528K)] 179229K->93245K(281088K), 0.0019670 secs] [Times: user=0.01 sys=0.00, real=0.00 secs] 
2021-08-19T00:47:46.162+0800: 29953.759: [GC (Allocation Failure) [PSYoungGen: 86432K->416K(86528K)] 179261K->93245K(281088K), 0.0021984 secs] [Times: user=0.02 sys=0.00, real=0.00 secs] 
2021-08-19T00:48:00.807+0800: 29968.405: [GC (Allocation Failure) [PSYoungGen: 86432K->384K(86528K)] 179261K->93245K(281088K), 0.0021565 secs] [Times: user=0.01 sys=0.00, real=0.00 secs] 
2021-08-19T00:48:15.661+0800: 29983.259: [GC (Allocation Failure) [PSYoungGen: 86400K->384K(86528K)] 179261K->93245K(281088K), 0.0022212 secs] [Times: user=0.01 sys=0.00, real=0.00 secs] 
2021-08-19T00:48:30.164+0800: 29997.762: [GC (Allocation Failure) [PSYoungGen: 86400K->384K(86528K)] 179261K->93245K(281088K), 0.0018645 secs] [Times: user=0.01 sys=0.00, real=0.00 secs] 
2021-08-19T00:48:44.807+0800: 30012.404: [GC (Allocation Failure) [PSYoungGen: 86400K->416K(86528K)] 179261K->93277K(281088K), 0.0022180 secs] [Times: user=0.02 sys=0.00, real=0.00 secs] 
2021-08-19T00:48:59.166+0800: 30026.764: [GC (Allocation Failure) [PSYoungGen: 86432K->416K(86528K)] 179293K->93277K(281088K), 0.0021189 secs] [Times: user=0.01 sys=0.00, real=0.00 secs] 
2021-08-19T00:49:14.164+0800: 30041.762: [GC (Allocation Failure) [PSYoungGen: 86432K->416K(86528K)] 179293K->93277K(281088K), 0.0019102 secs] [Times: user=0.02 sys=0.00, real=0.00 secs] 
2021-08-19T00:49:29.161+0800: 30056.759: [GC (Allocation Failure) [PSYoungGen: 86432K->384K(86528K)] 179293K->93245K(281088K), 0.0019931 secs] [Times: user=0.01 sys=0.00, real=0.00 secs] 
2021-08-19T00:49:43.166+0800: 30070.764: [GC (Allocation Failure) [PSYoungGen: 86400K->320K(86528K)] 179261K->93213K(281088K), 0.0020862 secs] [Times: user=0.01 sys=0.00, real=0.00 secs] 
2021-08-19T00:49:58.161+0800: 30085.759: [GC (Allocation Failure) [PSYoungGen: 86336K->384K(86528K)] 179229K->93277K(281088K), 0.0026263 secs] [Times: user=0.01 sys=0.00, real=0.00 secs] 
2021-08-19T00:50:13.164+0800: 30100.762: [GC (Allocation Failure) [PSYoungGen: 86400K->384K(86528K)] 179293K->93285K(281088K), 0.0021378 secs] [Times: user=0.01 sys=0.00, real=0.00 secs] 
2021-08-19T00:50:27.807+0800: 30115.405: [GC (Allocation Failure) [PSYoungGen: 86400K->288K(86528K)] 179301K->93189K(281088K), 0.0020853 secs] [Times: user=0.01 sys=0.00, real=0.00 secs] 
2021-08-19T00:50:42.165+0800: 30129.763: [GC (Allocation Failure) [PSYoungGen: 86304K->416K(86528K)] 179205K->93317K(281088K), 0.0019892 secs] [Times: user=0.02 sys=0.00, real=0.00 secs] 
2021-08-19T00:50:57.162+0800: 30144.759: [GC (Allocation Failure) [PSYoungGen: 86432K->384K(86528K)] 179333K->93285K(281088K), 0.0020428 secs] [Times: user=0.01 sys=0.00, real=0.00 secs] 
2021-08-19T00:51:11.166+0800: 30158.764: [GC (Allocation Failure) [PSYoungGen: 86400K->448K(86528K)] 179301K->93349K(281088K), 0.0018463 secs] [Times: user=0.02 sys=0.00, real=0.00 secs] 
2021-08-19T00:51:26.166+0800: 30173.763: [GC (Allocation Failure) [PSYoungGen: 86464K->416K(86528K)] 179365K->93317K(281088K), 0.0027403 secs] [Times: user=0.02 sys=0.00, real=0.00 secs] 
2021-08-19T00:51:40.166+0800: 30187.763: [GC (Allocation Failure) [PSYoungGen: 86432K->416K(86528K)] 179333K->93317K(281088K), 0.0022140 secs] [Times: user=0.02 sys=0.00, real=0.00 secs] 
2021-08-19T00:51:55.165+0800: 30202.763: [GC (Allocation Failure) [PSYoungGen: 86432K->496K(86528K)] 179333K->93421K(281088K), 0.0023490 secs] [Times: user=0.01 sys=0.00, real=0.00 secs] 
2021-08-19T00:52:09.817+0800: 30217.414: [GC (Allocation Failure) [PSYoungGen: 86512K->496K(85504K)] 179437K->93469K(280064K), 0.0021111 secs] [Times: user=0.01 sys=0.00, real=0.00 secs] 
2021-08-19T00:52:24.495+0800: 30232.093: [GC (Allocation Failure) [PSYoungGen: 85488K->576K(86016K)] 178461K->93549K(280576K), 0.0020637 secs] [Times: user=0.02 sys=0.01, real=0.00 secs] 
2021-08-19T00:52:38.664+0800: 30246.262: [GC (Allocation Failure) [PSYoungGen: 85568K->736K(86016K)] 178541K->93709K(280576K), 0.0021060 secs] [Times: user=0.01 sys=0.00, real=0.00 secs] 
2021-08-19T00:52:53.167+0800: 30260.765: [GC (Allocation Failure) [PSYoungGen: 85728K->992K(86016K)] 178701K->93973K(280576K), 0.0024277 secs] [Times: user=0.01 sys=0.00, real=0.00 secs] 
2021-08-19T00:53:08.075+0800: 30275.672: [GC (Allocation Failure) [PSYoungGen: 85984K->1008K(86016K)] 178965K->94005K(280576K), 0.0020376 secs] [Times: user=0.02 sys=0.00, real=0.00 secs] 
2021-08-19T00:53:22.169+0800: 30289.767: [GC (Allocation Failure) [PSYoungGen: 86000K->1008K(86016K)] 178997K->94021K(280576K), 0.0020875 secs] [Times: user=0.02 sys=0.00, real=0.01 secs] 
2021-08-19T00:53:37.163+0800: 30304.760: [GC (Allocation Failure) [PSYoungGen: 86000K->992K(84992K)] 179013K->94029K(279552K), 0.0021734 secs] [Times: user=0.01 sys=0.00, real=0.00 secs] 
2021-08-19T00:53:51.163+0800: 30318.761: [GC (Allocation Failure) [PSYoungGen: 84960K->1152K(85504K)] 177997K->94189K(280064K), 0.0021592 secs] [Times: user=0.01 sys=0.00, real=0.00 secs] 
2021-08-19T00:54:05.665+0800: 30333.263: [GC (Allocation Failure) [PSYoungGen: 85120K->1024K(85504K)] 178157K->94061K(280064K), 0.0021898 secs] [Times: user=0.02 sys=0.00, real=0.00 secs] 
2021-08-19T00:54:19.826+0800: 30347.423: [GC (Allocation Failure) [PSYoungGen: 84992K->1008K(85504K)] 178029K->94045K(280064K), 0.0020232 secs] [Times: user=0.01 sys=0.00, real=0.00 secs] 
2021-08-19T00:54:34.165+0800: 30361.763: [GC (Allocation Failure) [PSYoungGen: 84976K->992K(85504K)] 178013K->94029K(280064K), 0.0018545 secs] [Times: user=0.01 sys=0.00, real=0.00 secs] 
2021-08-19T00:54:48.169+0800: 30375.767: [GC (Allocation Failure) [PSYoungGen: 84960K->1040K(85504K)] 177997K->94117K(280064K), 0.0022790 secs] [Times: user=0.01 sys=0.00, real=0.01 secs] 
2021-08-19T00:55:02.827+0800: 30390.425: [GC (Allocation Failure) [PSYoungGen: 85008K->944K(85504K)] 178085K->94181K(280064K), 0.0020556 secs] [Times: user=0.01 sys=0.00, real=0.00 secs] 
2021-08-19T00:55:17.166+0800: 30404.764: [GC (Allocation Failure) [PSYoungGen: 84912K->912K(85504K)] 178149K->94277K(280064K), 0.0021873 secs] [Times: user=0.02 sys=0.00, real=0.00 secs] 
2021-08-19T00:55:31.451+0800: 30419.049: [GC (Allocation Failure) [PSYoungGen: 84880K->720K(85504K)] 178245K->94285K(280064K), 0.0019669 secs] [Times: user=0.02 sys=0.00, real=0.00 secs] 
2021-08-19T00:55:45.838+0800: 30433.436: [GC (Allocation Failure) [PSYoungGen: 84688K->752K(85504K)] 178253K->94317K(280064K), 0.0022888 secs] [Times: user=0.02 sys=0.00, real=0.01 secs] 
2021-08-19T00:56:00.166+0800: 30447.763: [GC (Allocation Failure) [PSYoungGen: 84720K->768K(85504K)] 178285K->94333K(280064K), 0.0025247 secs] [Times: user=0.02 sys=0.00, real=0.00 secs] 
2021-08-19T00:56:14.663+0800: 30462.261: [GC (Allocation Failure) [PSYoungGen: 84736K->704K(85504K)] 178301K->94397K(280064K), 0.0025334 secs] [Times: user=0.02 sys=0.01, real=0.00 secs] 
2021-08-19T00:56:28.834+0800: 30476.432: [GC (Allocation Failure) [PSYoungGen: 84672K->544K(85504K)] 178365K->94525K(280064K), 0.0020190 secs] [Times: user=0.01 sys=0.00, real=0.00 secs] 
2021-08-19T00:56:43.165+0800: 30490.762: [GC (Allocation Failure) [PSYoungGen: 84512K->400K(85504K)] 178493K->94517K(280064K), 0.0019955 secs] [Times: user=0.01 sys=0.00, real=0.00 secs] 
2021-08-19T00:56:57.666+0800: 30505.263: [GC (Allocation Failure) [PSYoungGen: 84368K->384K(85504K)] 178485K->94629K(280064K), 0.0022775 secs] [Times: user=0.01 sys=0.00, real=0.00 secs] 
2021-08-19T00:57:11.963+0800: 30519.561: [GC (Allocation Failure) [PSYoungGen: 84352K->352K(85504K)] 178597K->94605K(280064K), 0.0019952 secs] [Times: user=0.01 sys=0.00, real=0.00 secs] 
2021-08-19T00:57:26.171+0800: 30533.769: [GC (Allocation Failure) [PSYoungGen: 84320K->416K(85504K)] 178573K->94669K(280064K), 0.0022651 secs] [Times: user=0.02 sys=0.00, real=0.00 secs] 
2021-08-19T00:57:40.168+0800: 30547.766: [GC (Allocation Failure) [PSYoungGen: 84384K->384K(85504K)] 178637K->94637K(280064K), 0.0020221 secs] [Times: user=0.01 sys=0.00, real=0.01 secs] 
2021-08-19T00:57:54.839+0800: 30562.437: [GC (Allocation Failure) [PSYoungGen: 84352K->352K(85504K)] 178605K->94605K(280064K), 0.0021755 secs] [Times: user=0.02 sys=0.00, real=0.01 secs] 
2021-08-19T00:58:09.167+0800: 30576.765: [GC (Allocation Failure) [PSYoungGen: 84320K->416K(85504K)] 178573K->94669K(280064K), 0.0019485 secs] [Times: user=0.02 sys=0.00, real=0.00 secs] 
2021-08-19T00:58:23.664+0800: 30591.262: [GC (Allocation Failure) [PSYoungGen: 84384K->416K(85504K)] 178637K->94669K(280064K), 0.0022909 secs] [Times: user=0.02 sys=0.00, real=0.00 secs] 
2021-08-19T00:58:37.876+0800: 30605.474: [GC (Allocation Failure) [PSYoungGen: 84384K->384K(85504K)] 178637K->94637K(280064K), 0.0019649 secs] [Times: user=0.02 sys=0.00, real=0.00 secs] 
2021-08-19T00:58:52.166+0800: 30619.764: [GC (Allocation Failure) [PSYoungGen: 84352K->384K(85504K)] 178605K->94645K(280064K), 0.0021845 secs] [Times: user=0.02 sys=0.00, real=0.00 secs] 
2021-08-19T00:59:06.664+0800: 30634.261: [GC (Allocation Failure) [PSYoungGen: 84352K->416K(85504K)] 178613K->94677K(280064K), 0.0024334 secs] [Times: user=0.02 sys=0.00, real=0.00 secs] 
2021-08-19T00:59:20.842+0800: 30648.440: [GC (Allocation Failure) [PSYoungGen: 84384K->320K(85504K)] 178645K->94581K(280064K), 0.0023416 secs] [Times: user=0.02 sys=0.00, real=0.00 secs] 
2021-08-19T00:59:35.168+0800: 30662.766: [GC (Allocation Failure) [PSYoungGen: 84288K->384K(85504K)] 178549K->94645K(280064K), 0.0021622 secs] [Times: user=0.02 sys=0.00, real=0.01 secs] 
2021-08-19T00:59:49.168+0800: 30676.766: [GC (Allocation Failure) [PSYoungGen: 84352K->384K(86016K)] 178613K->94645K(280576K), 0.0018134 secs] [Times: user=0.02 sys=0.00, real=0.01 secs] 
2021-08-19T01:00:04.166+0800: 30691.763: [GC (Allocation Failure) [PSYoungGen: 85376K->384K(86016K)] 179637K->94645K(280576K), 0.0022196 secs] [Times: user=0.01 sys=0.00, real=0.00 secs] 
2021-08-19T01:00:18.169+0800: 30705.767: [GC (Allocation Failure) [PSYoungGen: 85376K->416K(86016K)] 179637K->94677K(280576K), 0.0020591 secs] [Times: user=0.02 sys=0.00, real=0.01 secs] 
2021-08-19T01:00:33.168+0800: 30720.765: [GC (Allocation Failure) [PSYoungGen: 85408K->352K(86016K)] 179669K->94621K(280576K), 0.0020621 secs] [Times: user=0.02 sys=0.00, real=0.00 secs] 
2021-08-19T01:00:47.470+0800: 30735.068: [GC (Allocation Failure) [PSYoungGen: 85344K->384K(86016K)] 179613K->94653K(280576K), 0.0021724 secs] [Times: user=0.01 sys=0.00, real=0.01 secs] 
2021-08-19T01:01:02.168+0800: 30749.766: [GC (Allocation Failure) [PSYoungGen: 85376K->384K(86016K)] 179645K->94685K(280576K), 0.0024835 secs] [Times: user=0.01 sys=0.00, real=0.01 secs] 
2021-08-19T01:01:16.666+0800: 30764.264: [GC (Allocation Failure) [PSYoungGen: 85376K->416K(86016K)] 179677K->94717K(280576K), 0.0021421 secs] [Times: user=0.02 sys=0.00, real=0.00 secs] 
2021-08-19T01:01:31.167+0800: 30778.764: [GC (Allocation Failure) [PSYoungGen: 85408K->416K(86016K)] 179709K->94717K(280576K), 0.0019761 secs] [Times: user=0.01 sys=0.00, real=0.00 secs] 
2021-08-19T01:01:45.172+0800: 30792.770: [GC (Allocation Failure) [PSYoungGen: 85408K->384K(86016K)] 179709K->94685K(280576K), 0.0018817 secs] [Times: user=0.01 sys=0.00, real=0.00 secs] 
2021-08-19T01:02:00.167+0800: 30807.765: [GC (Allocation Failure) [PSYoungGen: 85376K->384K(86016K)] 179677K->94685K(280576K), 0.0017461 secs] [Times: user=0.01 sys=0.01, real=0.00 secs] 
2021-08-19T01:02:14.671+0800: 30822.269: [GC (Allocation Failure) [PSYoungGen: 85376K->384K(86016K)] 179677K->94685K(280576K), 0.0019818 secs] [Times: user=0.02 sys=0.00, real=0.00 secs] 
2021-08-19T01:02:29.167+0800: 30836.765: [GC (Allocation Failure) [PSYoungGen: 85376K->352K(86016K)] 179677K->94653K(280576K), 0.0020986 secs] [Times: user=0.02 sys=0.00, real=0.00 secs] 
2021-08-19T01:02:43.170+0800: 30850.768: [GC (Allocation Failure) [PSYoungGen: 85344K->416K(86016K)] 179645K->94717K(280576K), 0.0018927 secs] [Times: user=0.01 sys=0.00, real=0.01 secs] 
2021-08-19T01:02:58.162+0800: 30865.760: [GC (Allocation Failure) [PSYoungGen: 85408K->416K(86016K)] 179709K->94725K(280576K), 0.0019410 secs] [Times: user=0.02 sys=0.00, real=0.00 secs] 
2021-08-19T01:03:12.666+0800: 30880.263: [GC (Allocation Failure) [PSYoungGen: 85408K->384K(86016K)] 179717K->94693K(280576K), 0.0024348 secs] [Times: user=0.02 sys=0.00, real=0.00 secs] 
2021-08-19T01:03:27.165+0800: 30894.763: [GC (Allocation Failure) [PSYoungGen: 85376K->384K(86016K)] 179685K->94693K(280576K), 0.0022460 secs] [Times: user=0.01 sys=0.00, real=0.00 secs] 
2021-08-19T01:03:41.175+0800: 30908.772: [GC (Allocation Failure) [PSYoungGen: 85376K->384K(86016K)] 179685K->94693K(280576K), 0.0021265 secs] [Times: user=0.02 sys=0.00, real=0.00 secs] 
2021-08-19T01:03:56.164+0800: 30923.761: [GC (Allocation Failure) [PSYoungGen: 85376K->384K(86016K)] 179685K->94693K(280576K), 0.0021665 secs] [Times: user=0.01 sys=0.00, real=0.00 secs] 
2021-08-19T01:04:10.661+0800: 30938.259: [GC (Allocation Failure) [PSYoungGen: 85376K->352K(86016K)] 179685K->94661K(280576K), 0.0019923 secs] [Times: user=0.01 sys=0.00, real=0.00 secs] 
2021-08-19T01:04:25.165+0800: 30952.763: [GC (Allocation Failure) [PSYoungGen: 85344K->416K(86016K)] 179653K->94733K(280576K), 0.0020175 secs] [Times: user=0.01 sys=0.00, real=0.00 secs] 
2021-08-19T01:04:39.164+0800: 30966.762: [GC (Allocation Failure) [PSYoungGen: 85408K->384K(86016K)] 179725K->94701K(280576K), 0.0023742 secs] [Times: user=0.01 sys=0.00, real=0.00 secs] 
2021-08-19T01:04:54.162+0800: 30981.760: [GC (Allocation Failure) [PSYoungGen: 85376K->416K(86016K)] 179693K->94733K(280576K), 0.0019841 secs] [Times: user=0.01 sys=0.00, real=0.00 secs] 
2021-08-19T01:05:08.165+0800: 30995.763: [GC (Allocation Failure) [PSYoungGen: 85408K->416K(86016K)] 179725K->94733K(280576K), 0.0019682 secs] [Times: user=0.01 sys=0.00, real=0.00 secs] 
2021-08-19T01:05:23.166+0800: 31010.763: [GC (Allocation Failure) [PSYoungGen: 85408K->384K(86016K)] 179725K->94701K(280576K), 0.0019506 secs] [Times: user=0.02 sys=0.00, real=0.00 secs] 
2021-08-19T01:05:37.854+0800: 31025.452: [GC (Allocation Failure) [PSYoungGen: 85376K->384K(86528K)] 179693K->94701K(281088K), 0.0019930 secs] [Times: user=0.01 sys=0.00, real=0.00 secs] 
2021-08-19T01:05:52.166+0800: 31039.764: [GC (Allocation Failure) [PSYoungGen: 86400K->384K(86528K)] 180717K->94701K(281088K), 0.0023672 secs] [Times: user=0.02 sys=0.00, real=0.00 secs] 
2021-08-19T01:06:07.161+0800: 31054.759: [GC (Allocation Failure) [PSYoungGen: 86400K->384K(86528K)] 180717K->94701K(281088K), 0.0018922 secs] [Times: user=0.01 sys=0.00, real=0.00 secs] 
2021-08-19T01:06:21.855+0800: 31069.452: [GC (Allocation Failure) [PSYoungGen: 86400K->320K(86528K)] 180717K->94637K(281088K), 0.0020829 secs] [Times: user=0.01 sys=0.00, real=0.00 secs] 
2021-08-19T01:06:36.662+0800: 31084.259: [GC (Allocation Failure) [PSYoungGen: 86336K->384K(86528K)] 180653K->94701K(281088K), 0.0018783 secs] [Times: user=0.02 sys=0.00, real=0.00 secs] 
2021-08-19T01:06:51.162+0800: 31098.760: [GC (Allocation Failure) [PSYoungGen: 86400K->416K(86528K)] 180717K->94765K(281088K), 0.0021114 secs] [Times: user=0.01 sys=0.00, real=0.00 secs] 
2021-08-19T01:07:05.857+0800: 31113.455: [GC (Allocation Failure) [PSYoungGen: 86432K->320K(86528K)] 180781K->94669K(281088K), 0.0021026 secs] [Times: user=0.01 sys=0.00, real=0.00 secs] 
2021-08-19T01:07:20.162+0800: 31127.760: [GC (Allocation Failure) [PSYoungGen: 86336K->416K(86528K)] 180685K->94765K(281088K), 0.0018343 secs] [Times: user=0.02 sys=0.00, real=0.00 secs] 
2021-08-19T01:07:35.163+0800: 31142.760: [GC (Allocation Failure) [PSYoungGen: 86432K->416K(86528K)] 180781K->94765K(281088K), 0.0021030 secs] [Times: user=0.02 sys=0.00, real=0.00 secs] 
2021-08-19T01:07:49.657+0800: 31157.255: [GC (Allocation Failure) [PSYoungGen: 86432K->416K(86528K)] 180781K->94765K(281088K), 0.0022265 secs] [Times: user=0.01 sys=0.00, real=0.00 secs] 
2021-08-19T01:08:04.162+0800: 31171.760: [GC (Allocation Failure) [PSYoungGen: 86432K->384K(86528K)] 180781K->94733K(281088K), 0.0021176 secs] [Times: user=0.01 sys=0.00, real=0.00 secs] 
2021-08-19T01:08:19.159+0800: 31186.757: [GC (Allocation Failure) [PSYoungGen: 86400K->416K(86528K)] 180749K->94765K(281088K), 0.0019319 secs] [Times: user=0.01 sys=0.00, real=0.01 secs] 
2021-08-19T01:08:34.157+0800: 31201.755: [GC (Allocation Failure) [PSYoungGen: 86432K->352K(86528K)] 180781K->94701K(281088K), 0.0019257 secs] [Times: user=0.01 sys=0.00, real=0.00 secs] 
2021-08-19T01:08:48.158+0800: 31215.756: [GC (Allocation Failure) [PSYoungGen: 86368K->384K(86528K)] 180717K->94733K(281088K), 0.0020359 secs] [Times: user=0.02 sys=0.00, real=0.01 secs] 
2021-08-19T01:09:03.159+0800: 31230.757: [GC (Allocation Failure) [PSYoungGen: 86400K->384K(86528K)] 180749K->94765K(281088K), 0.0019230 secs] [Times: user=0.01 sys=0.00, real=0.01 secs] 
2021-08-19T01:09:18.084+0800: 31245.682: [GC (Allocation Failure) [PSYoungGen: 86400K->448K(86528K)] 180781K->94829K(281088K), 0.0024777 secs] [Times: user=0.01 sys=0.00, real=0.00 secs] 
2021-08-19T01:09:32.658+0800: 31260.256: [GC (Allocation Failure) [PSYoungGen: 86464K->416K(86528K)] 180845K->94797K(281088K), 0.0020072 secs] [Times: user=0.01 sys=0.00, real=0.01 secs] 
2021-08-19T01:09:47.161+0800: 31274.759: [GC (Allocation Failure) [PSYoungGen: 86432K->416K(86528K)] 180813K->94797K(281088K), 0.0019877 secs] [Times: user=0.02 sys=0.00, real=0.00 secs] 
2021-08-19T01:10:01.861+0800: 31289.459: [GC (Allocation Failure) [PSYoungGen: 86432K->416K(86528K)] 180813K->94797K(281088K), 0.0022453 secs] [Times: user=0.01 sys=0.00, real=0.00 secs] 
2021-08-19T01:10:16.657+0800: 31304.255: [GC (Allocation Failure) [PSYoungGen: 86432K->416K(86528K)] 180813K->94797K(281088K), 0.0021374 secs] [Times: user=0.01 sys=0.00, real=0.00 secs] 
2021-08-19T01:10:31.160+0800: 31318.758: [GC (Allocation Failure) [PSYoungGen: 86432K->416K(86528K)] 180813K->94797K(281088K), 0.0020989 secs] [Times: user=0.01 sys=0.00, real=0.00 secs] 
2021-08-19T01:10:46.156+0800: 31333.753: [GC (Allocation Failure) [PSYoungGen: 86432K->416K(86528K)] 180813K->94797K(281088K), 0.0019945 secs] [Times: user=0.01 sys=0.00, real=0.00 secs] 
2021-08-19T01:11:00.626+0800: 31348.224: [GC (Allocation Failure) [PSYoungGen: 86432K->416K(86528K)] 180813K->94797K(281088K), 0.0023343 secs] [Times: user=0.01 sys=0.00, real=0.00 secs] 
2021-08-19T01:11:15.158+0800: 31362.756: [GC (Allocation Failure) [PSYoungGen: 86432K->416K(86528K)] 180813K->94797K(281088K), 0.0018815 secs] [Times: user=0.01 sys=0.01, real=0.00 secs] 
2021-08-19T01:11:30.154+0800: 31377.752: [GC (Allocation Failure) [PSYoungGen: 86432K->416K(86528K)] 180813K->94797K(281088K), 0.0022242 secs] [Times: user=0.01 sys=0.00, real=0.00 secs] 
2021-08-19T01:11:44.159+0800: 31391.757: [GC (Allocation Failure) [PSYoungGen: 86432K->384K(86528K)] 180813K->94765K(281088K), 0.0018084 secs] [Times: user=0.01 sys=0.00, real=0.01 secs] 
2021-08-19T01:11:59.156+0800: 31406.754: [GC (Allocation Failure) [PSYoungGen: 86400K->416K(86528K)] 180781K->94797K(281088K), 0.0020981 secs] [Times: user=0.01 sys=0.00, real=0.00 secs] 
2021-08-19T01:12:14.154+0800: 31421.752: [GC (Allocation Failure) [PSYoungGen: 86432K->352K(86528K)] 180813K->94733K(281088K), 0.0021555 secs] [Times: user=0.02 sys=0.00, real=0.00 secs] 
2021-08-19T01:12:28.159+0800: 31435.757: [GC (Allocation Failure) [PSYoungGen: 86368K->320K(86528K)] 180749K->94701K(281088K), 0.0023183 secs] [Times: user=0.02 sys=0.00, real=0.01 secs] 
2021-08-19T01:12:43.155+0800: 31450.753: [GC (Allocation Failure) [PSYoungGen: 86336K->416K(86528K)] 180717K->94797K(281088K), 0.0023813 secs] [Times: user=0.02 sys=0.00, real=0.00 secs] 
2021-08-19T01:12:58.087+0800: 31465.685: [GC (Allocation Failure) [PSYoungGen: 86432K->416K(86528K)] 180813K->94813K(281088K), 0.0018895 secs] [Times: user=0.01 sys=0.00, real=0.00 secs] 
2021-08-19T01:13:12.159+0800: 31479.757: [GC (Allocation Failure) [PSYoungGen: 86432K->416K(86528K)] 180829K->94813K(281088K), 0.0018526 secs] [Times: user=0.02 sys=0.00, real=0.01 secs] 
2021-08-19T01:13:27.158+0800: 31494.756: [GC (Allocation Failure) [PSYoungGen: 86432K->384K(86528K)] 180829K->94781K(281088K), 0.0019862 secs] [Times: user=0.01 sys=0.00, real=0.00 secs] 
2021-08-19T01:13:41.865+0800: 31509.462: [GC (Allocation Failure) [PSYoungGen: 86400K->416K(86528K)] 180797K->94813K(281088K), 0.0022012 secs] [Times: user=0.01 sys=0.00, real=0.00 secs] 
2021-08-19T01:13:56.657+0800: 31524.255: [GC (Allocation Failure) [PSYoungGen: 86432K->416K(86528K)] 180829K->94813K(281088K), 0.0020309 secs] [Times: user=0.01 sys=0.00, real=0.00 secs] 
2021-08-19T01:14:11.159+0800: 31538.757: [GC (Allocation Failure) [PSYoungGen: 86432K->416K(86528K)] 180829K->94813K(281088K), 0.0019238 secs] [Times: user=0.01 sys=0.00, real=0.01 secs] 
2021-08-19T01:14:26.156+0800: 31553.754: [GC (Allocation Failure) [PSYoungGen: 86432K->352K(86528K)] 180829K->94749K(281088K), 0.0022307 secs] [Times: user=0.01 sys=0.00, real=0.00 secs] 
2021-08-19T01:14:40.157+0800: 31567.755: [GC (Allocation Failure) [PSYoungGen: 86368K->384K(86528K)] 180765K->94781K(281088K), 0.0022356 secs] [Times: user=0.01 sys=0.00, real=0.00 secs] 
2021-08-19T01:14:55.157+0800: 31582.755: [GC (Allocation Failure) [PSYoungGen: 86400K->416K(86528K)] 180797K->94813K(281088K), 0.0018557 secs] [Times: user=0.01 sys=0.00, real=0.00 secs] 
2021-08-19T01:15:09.867+0800: 31597.465: [GC (Allocation Failure) [PSYoungGen: 86432K->384K(86528K)] 180829K->94781K(281088K), 0.0021251 secs] [Times: user=0.01 sys=0.00, real=0.00 secs] 
2021-08-19T01:15:24.867+0800: 31612.465: [GC (Allocation Failure) [PSYoungGen: 86400K->384K(86528K)] 180797K->94781K(281088K), 0.0020385 secs] [Times: user=0.02 sys=0.00, real=0.00 secs] 
2021-08-19T01:15:39.154+0800: 31626.752: [GC (Allocation Failure) [PSYoungGen: 86400K->416K(86528K)] 180797K->94813K(281088K), 0.0020061 secs] [Times: user=0.02 sys=0.00, real=0.00 secs] 
2021-08-19T01:15:54.153+0800: 31641.750: [GC (Allocation Failure) [PSYoungGen: 86432K->416K(86528K)] 180829K->94813K(281088K), 0.0020597 secs] [Times: user=0.02 sys=0.00, real=0.00 secs] 
2021-08-19T01:16:08.653+0800: 31656.251: [GC (Allocation Failure) [PSYoungGen: 86432K->384K(86528K)] 180829K->94781K(281088K), 0.0021374 secs] [Times: user=0.01 sys=0.00, real=0.00 secs] 
2021-08-19T01:16:23.164+0800: 31670.762: [GC (Allocation Failure) [PSYoungGen: 86400K->384K(86528K)] 180797K->94781K(281088K), 0.0020803 secs] [Times: user=0.01 sys=0.00, real=0.00 secs] 
2021-08-19T01:16:38.089+0800: 31685.687: [GC (Allocation Failure) [PSYoungGen: 86400K->416K(86528K)] 180797K->94813K(281088K), 0.0021642 secs] [Times: user=0.01 sys=0.00, real=0.01 secs] 
2021-08-19T01:16:52.654+0800: 31700.252: [GC (Allocation Failure) [PSYoungGen: 86432K->320K(86528K)] 180829K->94717K(281088K), 0.0019448 secs] [Times: user=0.01 sys=0.00, real=0.00 secs] 
2021-08-19T01:17:07.158+0800: 31714.756: [GC (Allocation Failure) [PSYoungGen: 86336K->416K(86528K)] 180733K->94821K(281088K), 0.0018596 secs] [Times: user=0.02 sys=0.00, real=0.00 secs] 
2021-08-19T01:17:22.155+0800: 31729.753: [GC (Allocation Failure) [PSYoungGen: 86432K->416K(86528K)] 180837K->94821K(281088K), 0.0022580 secs] [Times: user=0.02 sys=0.01, real=0.00 secs] 
2021-08-19T01:17:37.153+0800: 31744.750: [GC (Allocation Failure) [PSYoungGen: 86432K->352K(86528K)] 180837K->94757K(281088K), 0.0022715 secs] [Times: user=0.01 sys=0.00, real=0.00 secs] 
2021-08-19T01:17:51.156+0800: 31758.754: [GC (Allocation Failure) [PSYoungGen: 86368K->384K(86528K)] 180773K->94789K(281088K), 0.0020317 secs] [Times: user=0.02 sys=0.00, real=0.00 secs] 
2021-08-19T01:18:06.154+0800: 31773.752: [GC (Allocation Failure) [PSYoungGen: 86400K->384K(86528K)] 180805K->94789K(281088K), 0.0019820 secs] [Times: user=0.02 sys=0.00, real=0.00 secs] 
2021-08-19T01:18:20.870+0800: 31788.468: [GC (Allocation Failure) [PSYoungGen: 86400K->352K(86528K)] 180805K->94757K(281088K), 0.0019710 secs] [Times: user=0.01 sys=0.00, real=0.00 secs] 
2021-08-19T01:18:35.653+0800: 31803.251: [GC (Allocation Failure) [PSYoungGen: 86368K->416K(86528K)] 180773K->94821K(281088K), 0.0021064 secs] [Times: user=0.02 sys=0.00, real=0.00 secs] 
2021-08-19T01:18:50.151+0800: 31817.749: [GC (Allocation Failure) [PSYoungGen: 86432K->384K(86528K)] 180837K->94789K(281088K), 0.0026186 secs] [Times: user=0.02 sys=0.00, real=0.00 secs] 
2021-08-19T01:19:04.870+0800: 31832.468: [GC (Allocation Failure) [PSYoungGen: 86400K->416K(86528K)] 180805K->94821K(281088K), 0.0021227 secs] [Times: user=0.01 sys=0.00, real=0.00 secs] 
2021-08-19T01:19:19.156+0800: 31846.753: [GC (Allocation Failure) [PSYoungGen: 86432K->416K(86528K)] 180837K->94821K(281088K), 0.0022344 secs] [Times: user=0.02 sys=0.00, real=0.00 secs] 
2021-08-19T01:19:34.155+0800: 31861.753: [GC (Allocation Failure) [PSYoungGen: 86432K->384K(86528K)] 180837K->94789K(281088K), 0.0020256 secs] [Times: user=0.02 sys=0.00, real=0.00 secs] 
2021-08-19T01:19:48.158+0800: 31875.756: [GC (Allocation Failure) [PSYoungGen: 86400K->416K(86528K)] 180805K->94845K(281088K), 0.0018793 secs] [Times: user=0.02 sys=0.00, real=0.01 secs] 
2021-08-19T01:20:03.157+0800: 31890.755: [GC (Allocation Failure) [PSYoungGen: 86432K->384K(86528K)] 180861K->94813K(281088K), 0.0019250 secs] [Times: user=0.01 sys=0.00, real=0.00 secs] 
2021-08-19T01:20:18.152+0800: 31905.750: [GC (Allocation Failure) [PSYoungGen: 86400K->320K(86528K)] 180829K->94749K(281088K), 0.0021086 secs] [Times: user=0.01 sys=0.00, real=0.00 secs] 
2021-08-19T01:20:32.874+0800: 31920.472: [GC (Allocation Failure) [PSYoungGen: 86336K->352K(86528K)] 180765K->94781K(281088K), 0.0020076 secs] [Times: user=0.01 sys=0.00, real=0.00 secs] 
2021-08-19T01:20:47.157+0800: 31934.755: [GC (Allocation Failure) [PSYoungGen: 86368K->384K(86528K)] 180797K->94813K(281088K), 0.0023204 secs] [Times: user=0.02 sys=0.00, real=0.00 secs] 
2021-08-19T01:21:02.153+0800: 31949.751: [GC (Allocation Failure) [PSYoungGen: 86400K->384K(86528K)] 180829K->94837K(281088K), 0.0019860 secs] [Times: user=0.02 sys=0.00, real=0.00 secs] 
2021-08-19T01:21:16.830+0800: 31964.428: [GC (Allocation Failure) [PSYoungGen: 86400K->416K(86528K)] 180853K->94917K(281088K), 0.0021717 secs] [Times: user=0.02 sys=0.00, real=0.01 secs] 
2021-08-19T01:21:31.156+0800: 31978.754: [GC (Allocation Failure) [PSYoungGen: 86432K->384K(86528K)] 180933K->94885K(281088K), 0.0021711 secs] [Times: user=0.02 sys=0.00, real=0.00 secs] 
2021-08-19T01:21:46.054+0800: 31993.651: [GC (Allocation Failure) [PSYoungGen: 86400K->496K(86528K)] 180901K->95061K(281088K), 0.0025637 secs] [Times: user=0.02 sys=0.00, real=0.00 secs] 
2021-08-19T01:22:00.156+0800: 32007.754: [GC (Allocation Failure) [PSYoungGen: 86512K->496K(86528K)] 181077K->95061K(281088K), 0.0019991 secs] [Times: user=0.01 sys=0.00, real=0.00 secs] 
2021-08-19T01:22:15.157+0800: 32022.755: [GC (Allocation Failure) [PSYoungGen: 86512K->480K(85504K)] 181077K->95053K(280064K), 0.0022720 secs] [Times: user=0.02 sys=0.00, real=0.00 secs] 
2021-08-19T01:22:29.875+0800: 32037.472: [GC (Allocation Failure) [PSYoungGen: 85472K->800K(86016K)] 180045K->95373K(280576K), 0.0021850 secs] [Times: user=0.01 sys=0.00, real=0.00 secs] 
2021-08-19T01:22:44.154+0800: 32051.752: [GC (Allocation Failure) [PSYoungGen: 85792K->992K(86016K)] 180365K->95565K(280576K), 0.0025753 secs] [Times: user=0.01 sys=0.00, real=0.00 secs] 
2021-08-19T01:22:58.652+0800: 32066.249: [GC (Allocation Failure) [PSYoungGen: 85984K->1008K(86016K)] 180557K->95589K(280576K), 0.0024535 secs] [Times: user=0.01 sys=0.00, real=0.00 secs] 
2021-08-19T01:23:13.156+0800: 32080.754: [GC (Allocation Failure) [PSYoungGen: 86000K->1008K(84992K)] 180581K->95589K(279552K), 0.0019779 secs] [Times: user=0.01 sys=0.00, real=0.00 secs] 
2021-08-19T01:23:27.768+0800: 32095.365: [GC (Allocation Failure) [PSYoungGen: 84976K->1056K(85504K)] 179557K->95637K(280064K), 0.0020822 secs] [Times: user=0.01 sys=0.00, real=0.00 secs] 
2021-08-19T01:23:41.875+0800: 32109.473: [GC (Allocation Failure) [PSYoungGen: 85024K->960K(85504K)] 179605K->95541K(280064K), 0.0021913 secs] [Times: user=0.01 sys=0.00, real=0.00 secs] 
2021-08-19T01:23:56.155+0800: 32123.753: [GC (Allocation Failure) [PSYoungGen: 84928K->1040K(85504K)] 179509K->95621K(280064K), 0.0021085 secs] [Times: user=0.02 sys=0.00, real=0.00 secs] 
2021-08-19T01:24:10.158+0800: 32137.755: [GC (Allocation Failure) [PSYoungGen: 85008K->1104K(85504K)] 179589K->95685K(280064K), 0.0023150 secs] [Times: user=0.01 sys=0.00, real=0.00 secs] 
2021-08-19T01:24:25.153+0800: 32152.751: [GC (Allocation Failure) [PSYoungGen: 85072K->1088K(85504K)] 179653K->95677K(280064K), 0.0021775 secs] [Times: user=0.01 sys=0.00, real=0.00 secs] 
2021-08-19T01:24:39.154+0800: 32166.752: [GC (Allocation Failure) [PSYoungGen: 85056K->1040K(85504K)] 179645K->95629K(280064K), 0.0021942 secs] [Times: user=0.01 sys=0.00, real=0.00 secs] 
2021-08-19T01:24:53.656+0800: 32181.254: [GC (Allocation Failure) [PSYoungGen: 85008K->928K(85504K)] 179597K->95709K(280064K), 0.0018793 secs] [Times: user=0.01 sys=0.00, real=0.00 secs] 
2021-08-19T01:25:08.092+0800: 32195.690: [GC (Allocation Failure) [PSYoungGen: 84896K->960K(85504K)] 179677K->95749K(280064K), 0.0024267 secs] [Times: user=0.02 sys=0.00, real=0.00 secs] 
2021-08-19T01:25:22.156+0800: 32209.753: [GC (Allocation Failure) [PSYoungGen: 84928K->784K(85504K)] 179717K->95789K(280064K), 0.0024098 secs] [Times: user=0.01 sys=0.00, real=0.00 secs] 
2021-08-19T01:25:36.873+0800: 32224.471: [GC (Allocation Failure) [PSYoungGen: 84752K->784K(85504K)] 179757K->95805K(280064K), 0.0018898 secs] [Times: user=0.02 sys=0.00, real=0.00 secs] 
2021-08-19T01:25:51.154+0800: 32238.751: [GC (Allocation Failure) [PSYoungGen: 84752K->720K(85504K)] 179773K->95741K(280064K), 0.0021596 secs] [Times: user=0.01 sys=0.00, real=0.00 secs] 
2021-08-19T01:26:05.156+0800: 32252.754: [GC (Allocation Failure) [PSYoungGen: 84688K->560K(85504K)] 179709K->95885K(280064K), 0.0018918 secs] [Times: user=0.02 sys=0.00, real=0.00 secs] 
2021-08-19T01:26:19.655+0800: 32267.252: [GC (Allocation Failure) [PSYoungGen: 84528K->416K(85504K)] 179853K->95957K(280064K), 0.0019582 secs] [Times: user=0.02 sys=0.00, real=0.00 secs] 
2021-08-19T01:26:34.154+0800: 32281.752: [GC (Allocation Failure) [PSYoungGen: 84384K->352K(85504K)] 179925K->95997K(280064K), 0.0020949 secs] [Times: user=0.02 sys=0.00, real=0.00 secs] 
2021-08-19T01:26:48.155+0800: 32295.753: [GC (Allocation Failure) [PSYoungGen: 84320K->384K(85504K)] 179965K->96029K(280064K), 0.0018820 secs] [Times: user=0.01 sys=0.00, real=0.00 secs] 
2021-08-19T01:27:02.655+0800: 32310.253: [GC (Allocation Failure) [PSYoungGen: 84352K->384K(85504K)] 179997K->96029K(280064K), 0.0018599 secs] [Times: user=0.01 sys=0.00, real=0.00 secs] 
2021-08-19T01:27:17.157+0800: 32324.755: [GC (Allocation Failure) [PSYoungGen: 84352K->416K(85504K)] 179997K->96077K(280064K), 0.0020178 secs] [Times: user=0.02 sys=0.00, real=0.00 secs] 
2021-08-19T01:27:31.156+0800: 32338.754: [GC (Allocation Failure) [PSYoungGen: 84384K->416K(85504K)] 180045K->96077K(280064K), 0.0018657 secs] [Times: user=0.02 sys=0.00, real=0.00 secs] 
2021-08-19T01:27:45.863+0800: 32353.461: [GC (Allocation Failure) [PSYoungGen: 84384K->352K(85504K)] 180045K->96013K(280064K), 0.0020761 secs] [Times: user=0.01 sys=0.00, real=0.00 secs] 
2021-08-19T01:28:00.153+0800: 32367.751: [GC (Allocation Failure) [PSYoungGen: 84320K->384K(85504K)] 179981K->96045K(280064K), 0.0022727 secs] [Times: user=0.01 sys=0.00, real=0.00 secs] 
2021-08-19T01:28:14.158+0800: 32381.756: [GC (Allocation Failure) [PSYoungGen: 84352K->416K(85504K)] 180013K->96077K(280064K), 0.0019505 secs] [Times: user=0.02 sys=0.00, real=0.01 secs] 
2021-08-19T01:28:28.657+0800: 32396.254: [GC (Allocation Failure) [PSYoungGen: 84384K->416K(85504K)] 180045K->96077K(280064K), 0.0020062 secs] [Times: user=0.01 sys=0.00, real=0.00 secs] 
2021-08-19T01:28:43.153+0800: 32410.751: [GC (Allocation Failure) [PSYoungGen: 84384K->416K(85504K)] 180045K->96077K(280064K), 0.0024090 secs] [Times: user=0.02 sys=0.00, real=0.00 secs] 
2021-08-19T01:28:57.158+0800: 32424.756: [GC (Allocation Failure) [PSYoungGen: 84384K->384K(85504K)] 180045K->96045K(280064K), 0.0019185 secs] [Times: user=0.01 sys=0.00, real=0.01 secs] 
2021-08-19T01:29:11.860+0800: 32439.458: [GC (Allocation Failure) [PSYoungGen: 84352K->416K(85504K)] 180013K->96077K(280064K), 0.0019879 secs] [Times: user=0.02 sys=0.00, real=0.00 secs] 
2021-08-19T01:29:26.154+0800: 32453.752: [GC (Allocation Failure) [PSYoungGen: 84384K->416K(86016K)] 180045K->96077K(280576K), 0.0022796 secs] [Times: user=0.02 sys=0.00, real=0.00 secs] 
2021-08-19T01:29:40.156+0800: 32467.754: [GC (Allocation Failure) [PSYoungGen: 85408K->416K(86016K)] 181069K->96077K(280576K), 0.0019396 secs] [Times: user=0.02 sys=0.00, real=0.00 secs] 
2021-08-19T01:29:55.154+0800: 32482.752: [GC (Allocation Failure) [PSYoungGen: 85408K->416K(86016K)] 181069K->96093K(280576K), 0.0022955 secs] [Times: user=0.01 sys=0.00, real=0.00 secs] 
2021-08-19T01:30:09.157+0800: 32496.754: [GC (Allocation Failure) [PSYoungGen: 85408K->416K(86016K)] 181085K->96093K(280576K), 0.0019261 secs] [Times: user=0.01 sys=0.00, real=0.00 secs] 
2021-08-19T01:30:24.156+0800: 32511.754: [GC (Allocation Failure) [PSYoungGen: 85408K->352K(86016K)] 181085K->96029K(280576K), 0.0020960 secs] [Times: user=0.01 sys=0.00, real=0.00 secs] 
2021-08-19T01:30:38.158+0800: 32525.755: [GC (Allocation Failure) [PSYoungGen: 85344K->384K(86016K)] 181021K->96061K(280576K), 0.0019340 secs] [Times: user=0.01 sys=0.00, real=0.00 secs] 
2021-08-19T01:30:53.156+0800: 32540.754: [GC (Allocation Failure) [PSYoungGen: 85376K->352K(86016K)] 181053K->96029K(280576K), 0.0019747 secs] [Times: user=0.02 sys=0.00, real=0.00 secs] 
2021-08-19T01:31:07.654+0800: 32555.252: [GC (Allocation Failure) [PSYoungGen: 85344K->416K(86016K)] 181021K->96093K(280576K), 0.0021488 secs] [Times: user=0.02 sys=0.00, real=0.00 secs] 
2021-08-19T01:31:22.153+0800: 32569.751: [GC (Allocation Failure) [PSYoungGen: 85408K->416K(86016K)] 181085K->96093K(280576K), 0.0021212 secs] [Times: user=0.01 sys=0.00, real=0.00 secs] 
2021-08-19T01:31:36.854+0800: 32584.452: [GC (Allocation Failure) [PSYoungGen: 85408K->416K(86016K)] 181085K->96093K(280576K), 0.0018960 secs] [Times: user=0.01 sys=0.00, real=0.00 secs] 
2021-08-19T01:31:51.153+0800: 32598.751: [GC (Allocation Failure) [PSYoungGen: 85408K->416K(86016K)] 181085K->96093K(280576K), 0.0021948 secs] [Times: user=0.01 sys=0.00, real=0.00 secs] 
2021-08-19T01:32:05.853+0800: 32613.450: [GC (Allocation Failure) [PSYoungGen: 85408K->384K(86016K)] 181085K->96061K(280576K), 0.0023223 secs] [Times: user=0.01 sys=0.00, real=0.00 secs] 
2021-08-19T01:32:20.157+0800: 32627.755: [GC (Allocation Failure) [PSYoungGen: 85376K->416K(86016K)] 181053K->96093K(280576K), 0.0020039 secs] [Times: user=0.01 sys=0.00, real=0.00 secs] 
2021-08-19T01:32:35.156+0800: 32642.754: [GC (Allocation Failure) [PSYoungGen: 85408K->416K(86016K)] 181085K->96093K(280576K), 0.0026079 secs] [Times: user=0.01 sys=0.00, real=0.00 secs] 
2021-08-19T01:32:48.155+0800: 32655.753: [GC (Allocation Failure) [PSYoungGen: 85408K->384K(86016K)] 181085K->96061K(280576K), 0.0020468 secs] [Times: user=0.01 sys=0.00, real=0.00 secs] 
2021-08-19T01:33:02.157+0800: 32669.755: [GC (Allocation Failure) [PSYoungGen: 85376K->416K(86016K)] 181053K->96093K(280576K), 0.0021887 secs] [Times: user=0.02 sys=0.00, real=0.00 secs] 
2021-08-19T01:33:16.160+0800: 32683.757: [GC (Allocation Failure) [PSYoungGen: 85408K->416K(86016K)] 181085K->96093K(280576K), 0.0019265 secs] [Times: user=0.02 sys=0.00, real=0.01 secs] 
2021-08-19T01:33:28.103+0800: 32695.701: [GC (Allocation Failure) [PSYoungGen: 85408K->1024K(86016K)] 181085K->96845K(280576K), 0.0026575 secs] [Times: user=0.02 sys=0.00, real=0.00 secs] 
2021-08-19T01:33:40.155+0800: 32707.752: [GC (Allocation Failure) [PSYoungGen: 86016K->416K(86016K)] 181837K->96237K(280576K), 0.0021956 secs] [Times: user=0.01 sys=0.00, real=0.00 secs] 
2021-08-19T01:33:53.155+0800: 32720.753: [GC (Allocation Failure) [PSYoungGen: 85408K->416K(86016K)] 181229K->96237K(280576K), 0.0019975 secs] [Times: user=0.02 sys=0.00, real=0.00 secs] 
2021-08-19T01:34:05.852+0800: 32733.450: [GC (Allocation Failure) [PSYoungGen: 85408K->384K(86016K)] 181229K->96205K(280576K), 0.0023803 secs] [Times: user=0.01 sys=0.00, real=0.00 secs] 
2021-08-19T01:34:18.099+0800: 32745.697: [GC (Allocation Failure) [PSYoungGen: 85376K->1024K(86016K)] 181197K->96845K(280576K), 0.0020572 secs] [Times: user=0.01 sys=0.00, real=0.01 secs] 
2021-08-19T01:34:29.848+0800: 32757.446: [GC (Allocation Failure) [PSYoungGen: 86016K->384K(86016K)] 181837K->96205K(280576K), 0.0019889 secs] [Times: user=0.02 sys=0.00, real=0.01 secs] 
2021-08-19T01:34:42.156+0800: 32769.753: [GC (Allocation Failure) [PSYoungGen: 85376K->416K(86016K)] 181197K->96237K(280576K), 0.0019796 secs] [Times: user=0.02 sys=0.00, real=0.00 secs] 
2021-08-19T01:34:55.154+0800: 32782.752: [GC (Allocation Failure) [PSYoungGen: 85408K->416K(86016K)] 181229K->96253K(280576K), 0.0019077 secs] [Times: user=0.01 sys=0.01, real=0.00 secs] 
2021-08-19T01:35:08.097+0800: 32795.695: [GC (Allocation Failure) [PSYoungGen: 85408K->640K(86016K)] 181245K->96477K(280576K), 0.0020086 secs] [Times: user=0.02 sys=0.00, real=0.00 secs] 
2021-08-19T01:35:18.655+0800: 32806.252: [GC (Allocation Failure) [PSYoungGen: 85632K->416K(86016K)] 181469K->96253K(280576K), 0.0020384 secs] [Times: user=0.01 sys=0.01, real=0.00 secs] 
2021-08-19T01:35:32.152+0800: 32819.750: [GC (Allocation Failure) [PSYoungGen: 85408K->384K(86016K)] 181245K->96253K(280576K), 0.0019520 secs] [Times: user=0.01 sys=0.00, real=0.00 secs] 
2021-08-19T01:35:45.154+0800: 32832.752: [GC (Allocation Failure) [PSYoungGen: 85376K->416K(86016K)] 181245K->96301K(280576K), 0.0023142 secs] [Times: user=0.01 sys=0.00, real=0.00 secs] 
2021-08-19T01:35:58.101+0800: 32845.699: [GC (Allocation Failure) [PSYoungGen: 85408K->736K(86016K)] 181293K->96653K(280576K), 0.0019689 secs] [Times: user=0.01 sys=0.00, real=0.00 secs] 
2021-08-19T01:36:09.158+0800: 32856.756: [GC (Allocation Failure) [PSYoungGen: 85728K->320K(86016K)] 181645K->96261K(280576K), 0.0021916 secs] [Times: user=0.01 sys=0.00, real=0.01 secs] 
2021-08-19T01:36:22.158+0800: 32869.756: [GC (Allocation Failure) [PSYoungGen: 85312K->416K(86016K)] 181253K->96365K(280576K), 0.0017881 secs] [Times: user=0.02 sys=0.00, real=0.01 secs] 
2021-08-19T01:36:35.657+0800: 32883.255: [GC (Allocation Failure) [PSYoungGen: 85408K->416K(86016K)] 181357K->96421K(280576K), 0.0020715 secs] [Times: user=0.01 sys=0.00, real=0.00 secs] 
2021-08-19T01:36:48.101+0800: 32895.699: [GC (Allocation Failure) [PSYoungGen: 85408K->736K(86016K)] 181413K->96741K(280576K), 0.0026882 secs] [Times: user=0.01 sys=0.00, real=0.00 secs] 
2021-08-19T01:36:59.160+0800: 32906.758: [GC (Allocation Failure) [PSYoungGen: 85728K->384K(86016K)] 181733K->96389K(280576K), 0.0018151 secs] [Times: user=0.01 sys=0.00, real=0.00 secs] 
2021-08-19T01:37:12.163+0800: 32919.761: [GC (Allocation Failure) [PSYoungGen: 85376K->416K(86016K)] 181381K->96429K(280576K), 0.0018945 secs] [Times: user=0.02 sys=0.00, real=0.00 secs] 
2021-08-19T01:37:25.657+0800: 32933.254: [GC (Allocation Failure) [PSYoungGen: 85408K->384K(86016K)] 181421K->96405K(280576K), 0.0019723 secs] [Times: user=0.02 sys=0.00, real=0.00 secs] 
2021-08-19T01:37:38.102+0800: 32945.700: [GC (Allocation Failure) [PSYoungGen: 85376K->640K(86016K)] 181397K->96661K(280576K), 0.0021085 secs] [Times: user=0.01 sys=0.00, real=0.00 secs] 
2021-08-19T01:37:49.162+0800: 32956.760: [GC (Allocation Failure) [PSYoungGen: 85632K->352K(86016K)] 181653K->96373K(280576K), 0.0020601 secs] [Times: user=0.01 sys=0.00, real=0.00 secs] 
2021-08-19T01:38:02.163+0800: 32969.761: [GC (Allocation Failure) [PSYoungGen: 85344K->416K(86016K)] 181365K->96493K(280576K), 0.0021883 secs] [Times: user=0.02 sys=0.00, real=0.00 secs] 
2021-08-19T01:38:15.659+0800: 32983.257: [GC (Allocation Failure) [PSYoungGen: 85408K->384K(86016K)] 181485K->96461K(280576K), 0.0024523 secs] [Times: user=0.02 sys=0.00, real=0.01 secs] 
2021-08-19T01:38:28.103+0800: 32995.700: [GC (Allocation Failure) [PSYoungGen: 85376K->768K(86016K)] 181453K->96885K(280576K), 0.0025095 secs] [Times: user=0.01 sys=0.00, real=0.00 secs] 
2021-08-19T01:38:39.166+0800: 33006.763: [GC (Allocation Failure) [PSYoungGen: 85760K->416K(86016K)] 181877K->96557K(280576K), 0.0019350 secs] [Times: user=0.01 sys=0.00, real=0.00 secs] 
2021-08-19T01:38:52.659+0800: 33020.257: [GC (Allocation Failure) [PSYoungGen: 85408K->352K(86016K)] 181549K->96541K(280576K), 0.0020232 secs] [Times: user=0.02 sys=0.00, real=0.01 secs] 
2021-08-19T01:39:05.660+0800: 33033.258: [GC (Allocation Failure) [PSYoungGen: 85344K->416K(86016K)] 181533K->96629K(280576K), 0.0019245 secs] [Times: user=0.02 sys=0.00, real=0.00 secs] 
2021-08-19T01:39:18.104+0800: 33045.701: [GC (Allocation Failure) [PSYoungGen: 85408K->736K(86016K)] 181621K->96949K(280576K), 0.0020082 secs] [Times: user=0.01 sys=0.00, real=0.00 secs] 
2021-08-19T01:39:29.668+0800: 33057.266: [GC (Allocation Failure) [PSYoungGen: 85728K->320K(86016K)] 181941K->96533K(280576K), 0.0021080 secs] [Times: user=0.01 sys=0.00, real=0.00 secs] 
2021-08-19T01:39:42.664+0800: 33070.261: [GC (Allocation Failure) [PSYoungGen: 85312K->384K(86016K)] 181525K->96597K(280576K), 0.0020261 secs] [Times: user=0.01 sys=0.00, real=0.00 secs] 
2021-08-19T01:39:55.843+0800: 33083.441: [GC (Allocation Failure) [PSYoungGen: 85376K->384K(86016K)] 181589K->96605K(280576K), 0.0019632 secs] [Times: user=0.02 sys=0.00, real=0.00 secs] 
2021-08-19T01:40:08.106+0800: 33095.703: [GC (Allocation Failure) [PSYoungGen: 85376K->768K(86016K)] 181597K->96989K(280576K), 0.0021542 secs] [Times: user=0.02 sys=0.00, real=0.00 secs] 
2021-08-19T01:40:19.845+0800: 33107.442: [GC (Allocation Failure) [PSYoungGen: 85760K->416K(86016K)] 181981K->96637K(280576K), 0.0020967 secs] [Times: user=0.01 sys=0.00, real=0.00 secs] 
2021-08-19T01:40:33.166+0800: 33120.764: [GC (Allocation Failure) [PSYoungGen: 85408K->352K(86016K)] 181629K->96573K(280576K), 0.0019223 secs] [Times: user=0.01 sys=0.00, real=0.00 secs] 
2021-08-19T01:40:45.844+0800: 33133.441: [GC (Allocation Failure) [PSYoungGen: 85344K->416K(86016K)] 181565K->96637K(280576K), 0.0020105 secs] [Times: user=0.02 sys=0.00, real=0.00 secs] 
2021-08-19T01:40:58.106+0800: 33145.704: [GC (Allocation Failure) [PSYoungGen: 85408K->1024K(86016K)] 181629K->97245K(280576K), 0.0026766 secs] [Times: user=0.01 sys=0.00, real=0.00 secs] 
2021-08-19T01:41:10.049+0800: 33157.646: [GC (Allocation Failure) [PSYoungGen: 86016K->384K(86016K)] 182237K->96605K(280576K), 0.0021678 secs] [Times: user=0.02 sys=0.00, real=0.01 secs] 
2021-08-19T01:41:23.164+0800: 33170.762: [GC (Allocation Failure) [PSYoungGen: 85376K->416K(86016K)] 181597K->96637K(280576K), 0.0020682 secs] [Times: user=0.01 sys=0.00, real=0.00 secs] 
2021-08-19T01:41:36.168+0800: 33183.766: [GC (Allocation Failure) [PSYoungGen: 85408K->416K(86016K)] 181629K->96637K(280576K), 0.0019717 secs] [Times: user=0.01 sys=0.00, real=0.01 secs] 
2021-08-19T01:41:48.108+0800: 33195.706: [GC (Allocation Failure) [PSYoungGen: 85408K->1024K(86016K)] 181629K->97269K(280576K), 0.0022735 secs] [Times: user=0.01 sys=0.00, real=0.01 secs] 
2021-08-19T01:42:00.165+0800: 33207.763: [GC (Allocation Failure) [PSYoungGen: 86016K->384K(84992K)] 182261K->96693K(279552K), 0.0023241 secs] [Times: user=0.02 sys=0.00, real=0.00 secs] 
2021-08-19T01:42:13.167+0800: 33220.765: [GC (Allocation Failure) [PSYoungGen: 84352K->416K(85504K)] 180661K->96725K(280064K), 0.0020020 secs] [Times: user=0.01 sys=0.00, real=0.00 secs] 
2021-08-19T01:42:25.812+0800: 33233.409: [GC (Allocation Failure) [PSYoungGen: 84384K->352K(86016K)] 180693K->96661K(280576K), 0.0020984 secs] [Times: user=0.01 sys=0.00, real=0.00 secs] 
2021-08-19T01:42:38.105+0800: 33245.702: [GC (Allocation Failure) [PSYoungGen: 85344K->768K(86016K)] 181653K->97077K(280576K), 0.0022965 secs] [Times: user=0.01 sys=0.01, real=0.00 secs] 
2021-08-19T01:42:49.669+0800: 33257.266: [GC (Allocation Failure) [PSYoungGen: 85760K->416K(86016K)] 182069K->96725K(280576K), 0.0022741 secs] [Times: user=0.02 sys=0.00, real=0.01 secs] 
2021-08-19T01:43:02.669+0800: 33270.266: [GC (Allocation Failure) [PSYoungGen: 85408K->384K(86016K)] 181717K->96693K(280576K), 0.0020140 secs] [Times: user=0.01 sys=0.00, real=0.01 secs] 
2021-08-19T01:43:15.171+0800: 33282.769: [GC (Allocation Failure) [PSYoungGen: 85376K->448K(86016K)] 181685K->96757K(280576K), 0.0020542 secs] [Times: user=0.01 sys=0.00, real=0.00 secs] 
2021-08-19T01:43:28.104+0800: 33295.702: [GC (Allocation Failure) [PSYoungGen: 85440K->704K(86016K)] 181749K->97013K(280576K), 0.0023054 secs] [Times: user=0.02 sys=0.00, real=0.00 secs] 
2021-08-19T01:43:39.170+0800: 33306.768: [GC (Allocation Failure) [PSYoungGen: 85696K->416K(86016K)] 182005K->96725K(280576K), 0.0020998 secs] [Times: user=0.01 sys=0.00, real=0.00 secs] 
2021-08-19T01:43:52.172+0800: 33319.770: [GC (Allocation Failure) [PSYoungGen: 85408K->352K(86016K)] 181717K->96661K(280576K), 0.0019036 secs] [Times: user=0.02 sys=0.00, real=0.00 secs] 
2021-08-19T01:44:05.172+0800: 33332.770: [GC (Allocation Failure) [PSYoungGen: 85344K->416K(86016K)] 181653K->96725K(280576K), 0.0018032 secs] [Times: user=0.01 sys=0.00, real=0.00 secs] 
2021-08-19T01:44:18.104+0800: 33345.702: [GC (Allocation Failure) [PSYoungGen: 85408K->640K(86016K)] 181717K->96949K(280576K), 0.0020853 secs] [Times: user=0.02 sys=0.00, real=0.00 secs] 
2021-08-19T01:44:29.178+0800: 33356.776: [GC (Allocation Failure) [PSYoungGen: 85632K->384K(86016K)] 181941K->96693K(280576K), 0.0020412 secs] [Times: user=0.01 sys=0.00, real=0.01 secs] 
2021-08-19T01:44:42.172+0800: 33369.770: [GC (Allocation Failure) [PSYoungGen: 85376K->416K(86016K)] 181685K->96797K(280576K), 0.0019756 secs] [Times: user=0.01 sys=0.00, real=0.00 secs] 
2021-08-19T01:44:55.174+0800: 33382.771: [GC (Allocation Failure) [PSYoungGen: 85408K->416K(86016K)] 181789K->96805K(280576K), 0.0018584 secs] [Times: user=0.01 sys=0.00, real=0.00 secs] 
2021-08-19T01:45:08.104+0800: 33395.702: [GC (Allocation Failure) [PSYoungGen: 85408K->768K(86016K)] 181797K->97157K(280576K), 0.0020801 secs] [Times: user=0.01 sys=0.00, real=0.00 secs] 
2021-08-19T01:45:19.175+0800: 33406.773: [GC (Allocation Failure) [PSYoungGen: 85760K->384K(86016K)] 182149K->96773K(280576K), 0.0019165 secs] [Times: user=0.01 sys=0.00, real=0.00 secs] 
2021-08-19T01:45:32.671+0800: 33420.269: [GC (Allocation Failure) [PSYoungGen: 85376K->384K(86016K)] 181765K->96789K(280576K), 0.0021703 secs] [Times: user=0.01 sys=0.00, real=0.00 secs] 
2021-08-19T01:45:45.175+0800: 33432.773: [GC (Allocation Failure) [PSYoungGen: 85376K->416K(86016K)] 181781K->96845K(280576K), 0.0020225 secs] [Times: user=0.02 sys=0.00, real=0.00 secs] 
2021-08-19T01:45:58.105+0800: 33445.703: [GC (Allocation Failure) [PSYoungGen: 85408K->672K(86016K)] 181837K->97101K(280576K), 0.0019983 secs] [Times: user=0.01 sys=0.00, real=0.00 secs] 
2021-08-19T01:46:09.341+0800: 33456.939: [GC (Allocation Failure) [PSYoungGen: 85664K->384K(86016K)] 182093K->96813K(280576K), 0.0022873 secs] [Times: user=0.01 sys=0.00, real=0.00 secs] 
2021-08-19T01:46:22.671+0800: 33470.269: [GC (Allocation Failure) [PSYoungGen: 85376K->416K(86016K)] 181805K->96885K(280576K), 0.0025443 secs] [Times: user=0.02 sys=0.00, real=0.00 secs] 
2021-08-19T01:46:35.673+0800: 33483.271: [GC (Allocation Failure) [PSYoungGen: 85408K->416K(86016K)] 181877K->96893K(280576K), 0.0019417 secs] [Times: user=0.01 sys=0.00, real=0.00 secs] 
2021-08-19T01:46:48.105+0800: 33495.703: [GC (Allocation Failure) [PSYoungGen: 85408K->768K(86016K)] 181885K->97245K(280576K), 0.0020465 secs] [Times: user=0.02 sys=0.00, real=0.00 secs] 
2021-08-19T01:46:59.177+0800: 33506.775: [GC (Allocation Failure) [PSYoungGen: 85760K->320K(86016K)] 182237K->96797K(280576K), 0.0017528 secs] [Times: user=0.01 sys=0.00, real=0.00 secs] 
2021-08-19T01:47:12.673+0800: 33520.271: [GC (Allocation Failure) [PSYoungGen: 85312K->416K(86016K)] 181789K->96893K(280576K), 0.0022727 secs] [Times: user=0.01 sys=0.00, real=0.00 secs] 
2021-08-19T01:47:25.676+0800: 33533.274: [GC (Allocation Failure) [PSYoungGen: 85408K->384K(86016K)] 181885K->96861K(280576K), 0.0020137 secs] [Times: user=0.02 sys=0.00, real=0.00 secs] 
2021-08-19T01:47:38.107+0800: 33545.704: [GC (Allocation Failure) [PSYoungGen: 85376K->736K(86016K)] 181853K->97213K(280576K), 0.0024519 secs] [Times: user=0.02 sys=0.00, real=0.00 secs] 
2021-08-19T01:47:49.677+0800: 33557.275: [GC (Allocation Failure) [PSYoungGen: 85728K->320K(86016K)] 182205K->96797K(280576K), 0.0023413 secs] [Times: user=0.01 sys=0.00, real=0.00 secs] 
2021-08-19T01:48:02.673+0800: 33570.271: [GC (Allocation Failure) [PSYoungGen: 85312K->416K(86016K)] 181789K->96893K(280576K), 0.0024175 secs] [Times: user=0.01 sys=0.00, real=0.00 secs] 
2021-08-19T01:48:15.677+0800: 33583.274: [GC (Allocation Failure) [PSYoungGen: 85408K->384K(86016K)] 181885K->96861K(280576K), 0.0021031 secs] [Times: user=0.01 sys=0.00, real=0.00 secs] 
2021-08-19T01:48:28.108+0800: 33595.706: [GC (Allocation Failure) [PSYoungGen: 85376K->672K(86016K)] 181853K->97149K(280576K), 0.0020446 secs] [Times: user=0.02 sys=0.00, real=0.01 secs] 
2021-08-19T01:48:39.341+0800: 33606.939: [GC (Allocation Failure) [PSYoungGen: 85664K->320K(86016K)] 182141K->96797K(280576K), 0.0019504 secs] [Times: user=0.01 sys=0.00, real=0.00 secs] 
2021-08-19T01:48:52.676+0800: 33620.273: [GC (Allocation Failure) [PSYoungGen: 85312K->416K(86016K)] 181789K->96893K(280576K), 0.0025451 secs] [Times: user=0.01 sys=0.00, real=0.00 secs] 
2021-08-19T01:49:05.841+0800: 33633.439: [GC (Allocation Failure) [PSYoungGen: 85408K->288K(86016K)] 181885K->96765K(280576K), 0.0021033 secs] [Times: user=0.01 sys=0.00, real=0.00 secs] 
2021-08-19T01:49:18.108+0800: 33645.706: [GC (Allocation Failure) [PSYoungGen: 85280K->1024K(86016K)] 181757K->97517K(280576K), 0.0021560 secs] [Times: user=0.02 sys=0.00, real=0.01 secs] 
2021-08-19T01:49:29.842+0800: 33657.440: [GC (Allocation Failure) [PSYoungGen: 86016K->352K(86016K)] 182509K->96845K(280576K), 0.0019503 secs] [Times: user=0.02 sys=0.00, real=0.00 secs] 
2021-08-19T01:49:42.676+0800: 33670.273: [GC (Allocation Failure) [PSYoungGen: 85344K->416K(86016K)] 181837K->96909K(280576K), 0.0022331 secs] [Times: user=0.01 sys=0.00, real=0.00 secs] 
2021-08-19T01:49:56.173+0800: 33683.771: [GC (Allocation Failure) [PSYoungGen: 85408K->416K(86016K)] 181901K->96909K(280576K), 0.0019872 secs] [Times: user=0.02 sys=0.00, real=0.00 secs] 
2021-08-19T01:50:08.108+0800: 33695.706: [GC (Allocation Failure) [PSYoungGen: 85408K->1024K(86016K)] 181901K->97525K(280576K), 0.0019809 secs] [Times: user=0.01 sys=0.00, real=0.01 secs] 
2021-08-19T01:50:20.174+0800: 33707.772: [GC (Allocation Failure) [PSYoungGen: 86016K->416K(84992K)] 182517K->96917K(279552K), 0.0020972 secs] [Times: user=0.02 sys=0.00, real=0.00 secs] 
2021-08-19T01:50:33.174+0800: 33720.772: [GC (Allocation Failure) [PSYoungGen: 84384K->352K(85504K)] 180885K->96853K(280064K), 0.0019987 secs] [Times: user=0.01 sys=0.00, real=0.00 secs] 
2021-08-19T01:50:45.182+0800: 33732.780: [GC (Allocation Failure) [PSYoungGen: 84320K->416K(86016K)] 180821K->96917K(280576K), 0.0019286 secs] [Times: user=0.02 sys=0.00, real=0.00 secs] 
2021-08-19T01:50:58.105+0800: 33745.703: [GC (Allocation Failure) [PSYoungGen: 85408K->976K(86016K)] 181909K->97477K(280576K), 0.0024006 secs] [Times: user=0.01 sys=0.00, real=0.00 secs] 
2021-08-19T01:51:09.179+0800: 33756.777: [GC (Allocation Failure) [PSYoungGen: 85968K->528K(84992K)] 182469K->97029K(279552K), 0.0022744 secs] [Times: user=0.02 sys=0.00, real=0.01 secs] 
2021-08-19T01:51:22.179+0800: 33769.776: [GC (Allocation Failure) [PSYoungGen: 84496K->528K(85504K)] 180997K->97029K(280064K), 0.0018630 secs] [Times: user=0.01 sys=0.00, real=0.01 secs] 
2021-08-19T01:51:35.180+0800: 33782.778: [GC (Allocation Failure) [PSYoungGen: 84496K->720K(86016K)] 180997K->97222K(280576K), 0.0019454 secs] [Times: user=0.02 sys=0.00, real=0.00 secs] 
2021-08-19T01:51:48.103+0800: 33795.700: [GC (Allocation Failure) [PSYoungGen: 85712K->848K(86016K)] 182214K->97350K(280576K), 0.0021285 secs] [Times: user=0.01 sys=0.00, real=0.00 secs] 
2021-08-19T01:51:59.179+0800: 33806.776: [GC (Allocation Failure) [PSYoungGen: 85840K->832K(84992K)] 182342K->97334K(279552K), 0.0022583 secs] [Times: user=0.01 sys=0.00, real=0.01 secs] 
2021-08-19T01:52:12.176+0800: 33819.774: [GC (Allocation Failure) [PSYoungGen: 84800K->800K(85504K)] 181302K->97302K(280064K), 0.0022039 secs] [Times: user=0.01 sys=0.01, real=0.00 secs] 
2021-08-19T01:52:24.680+0800: 33832.278: [GC (Allocation Failure) [PSYoungGen: 84768K->928K(85504K)] 181270K->97470K(280064K), 0.0020615 secs] [Times: user=0.02 sys=0.00, real=0.00 secs] 
2021-08-19T01:52:37.679+0800: 33845.277: [GC (Allocation Failure) [PSYoungGen: 84896K->1056K(85504K)] 181438K->97598K(280064K), 0.0021656 secs] [Times: user=0.02 sys=0.00, real=0.01 secs] 
2021-08-19T01:52:48.179+0800: 33855.777: [GC (Allocation Failure) [PSYoungGen: 85024K->1088K(85504K)] 181566K->97630K(280064K), 0.0022400 secs] [Times: user=0.01 sys=0.00, real=0.01 secs] 
2021-08-19T01:53:01.178+0800: 33868.775: [GC (Allocation Failure) [PSYoungGen: 85056K->1120K(85504K)] 181598K->97662K(280064K), 0.0020504 secs] [Times: user=0.02 sys=0.00, real=0.00 secs] 
2021-08-19T01:53:14.178+0800: 33881.776: [GC (Allocation Failure) [PSYoungGen: 85088K->1152K(85504K)] 181630K->97702K(280064K), 0.0025898 secs] [Times: user=0.02 sys=0.00, real=0.01 secs] 
2021-08-19T01:53:26.842+0800: 33894.440: [GC (Allocation Failure) [PSYoungGen: 85120K->1104K(85504K)] 181670K->97654K(280064K), 0.0019651 secs] [Times: user=0.02 sys=0.00, real=0.00 secs] 
2021-08-19T01:53:38.113+0800: 33905.711: [GC (Allocation Failure) [PSYoungGen: 85072K->1504K(84480K)] 181622K->98462K(279040K), 0.0025596 secs] [Times: user=0.02 sys=0.00, real=0.00 secs] 
2021-08-19T01:53:50.179+0800: 33917.777: [GC (Allocation Failure) [PSYoungGen: 84448K->784K(84992K)] 181406K->98062K(279552K), 0.0021316 secs] [Times: user=0.01 sys=0.00, real=0.01 secs] 
2021-08-19T01:54:03.178+0800: 33930.775: [GC (Allocation Failure) [PSYoungGen: 83728K->864K(84992K)] 181006K->98142K(279552K), 0.0022278 secs] [Times: user=0.02 sys=0.00, real=0.00 secs] 
2021-08-19T01:54:15.676+0800: 33943.274: [GC (Allocation Failure) [PSYoungGen: 83808K->816K(84992K)] 181086K->98102K(279552K), 0.0024170 secs] [Times: user=0.01 sys=0.01, real=0.00 secs] 
2021-08-19T01:54:28.107+0800: 33955.705: [GC (Allocation Failure) [PSYoungGen: 83760K->1184K(84992K)] 181046K->98478K(279552K), 0.0021896 secs] [Times: user=0.02 sys=0.00, real=0.00 secs] 
2021-08-19T01:54:38.681+0800: 33966.278: [GC (Allocation Failure) [PSYoungGen: 84128K->736K(84992K)] 181422K->98222K(279552K), 0.0019459 secs] [Times: user=0.02 sys=0.00, real=0.00 secs] 
2021-08-19T01:54:51.183+0800: 33978.781: [GC (Allocation Failure) [PSYoungGen: 83680K->768K(84992K)] 181166K->98278K(279552K), 0.0022314 secs] [Times: user=0.01 sys=0.00, real=0.00 secs] 
2021-08-19T01:55:04.180+0800: 33991.778: [GC (Allocation Failure) [PSYoungGen: 83712K->560K(84992K)] 181222K->98286K(279552K), 0.0022090 secs] [Times: user=0.02 sys=0.00, real=0.01 secs] 
2021-08-19T01:55:16.841+0800: 34004.439: [GC (Allocation Failure) [PSYoungGen: 83504K->560K(84992K)] 181230K->98294K(279552K), 0.0023876 secs] [Times: user=0.01 sys=0.00, real=0.00 secs] 
2021-08-19T01:55:28.113+0800: 34015.711: [GC (Allocation Failure) [PSYoungGen: 83504K->1376K(84992K)] 181238K->99246K(279552K), 0.0026092 secs] [Times: user=0.01 sys=0.00, real=0.00 secs] 
2021-08-19T01:55:40.179+0800: 34027.777: [GC (Allocation Failure) [PSYoungGen: 84320K->416K(84992K)] 182190K->98510K(279552K), 0.0023340 secs] [Times: user=0.02 sys=0.00, real=0.01 secs] 
2021-08-19T01:55:52.681+0800: 34040.278: [GC (Allocation Failure) [PSYoungGen: 83360K->416K(84992K)] 181454K->98518K(279552K), 0.0024413 secs] [Times: user=0.02 sys=0.00, real=0.00 secs] 
2021-08-19T01:56:05.183+0800: 34052.781: [GC (Allocation Failure) [PSYoungGen: 83360K->416K(84992K)] 181462K->98518K(279552K), 0.0025546 secs] [Times: user=0.01 sys=0.01, real=0.00 secs] 
2021-08-19T01:56:18.105+0800: 34065.703: [GC (Allocation Failure) [PSYoungGen: 83360K->352K(84992K)] 181462K->98462K(279552K), 0.0020980 secs] [Times: user=0.02 sys=0.00, real=0.00 secs] 
2021-08-19T01:56:28.841+0800: 34076.438: [GC (Allocation Failure) [PSYoungGen: 83296K->416K(84992K)] 181406K->98582K(279552K), 0.0018516 secs] [Times: user=0.02 sys=0.00, real=0.00 secs] 
2021-08-19T01:56:41.182+0800: 34088.779: [GC (Allocation Failure) [PSYoungGen: 83360K->416K(84992K)] 181526K->98606K(279552K), 0.0021337 secs] [Times: user=0.01 sys=0.00, real=0.00 secs] 
2021-08-19T01:56:54.179+0800: 34101.777: [GC (Allocation Failure) [PSYoungGen: 83360K->416K(85504K)] 181550K->98622K(280064K), 0.0019416 secs] [Times: user=0.01 sys=0.00, real=0.01 secs] 
2021-08-19T01:57:06.841+0800: 34114.439: [GC (Allocation Failure) [PSYoungGen: 83872K->384K(84992K)] 182078K->98598K(279552K), 0.0022744 secs] [Times: user=0.01 sys=0.00, real=0.00 secs] 
2021-08-19T01:57:18.114+0800: 34125.712: [GC (Allocation Failure) [PSYoungGen: 83840K->1248K(84480K)] 182054K->99462K(279040K), 0.0023158 secs] [Times: user=0.01 sys=0.00, real=0.00 secs] 
2021-08-19T01:57:30.181+0800: 34137.779: [GC (Allocation Failure) [PSYoungGen: 84192K->352K(84992K)] 182406K->98574K(279552K), 0.0021356 secs] [Times: user=0.02 sys=0.00, real=0.00 secs] 
2021-08-19T01:57:42.681+0800: 34150.279: [GC (Allocation Failure) [PSYoungGen: 83296K->384K(85504K)] 181518K->98606K(280064K), 0.0019887 secs] [Times: user=0.01 sys=0.00, real=0.00 secs] 
2021-08-19T01:57:55.680+0800: 34163.277: [GC (Allocation Failure) [PSYoungGen: 83840K->416K(84992K)] 182062K->98638K(279552K), 0.0020001 secs] [Times: user=0.01 sys=0.00, real=0.01 secs] 
2021-08-19T01:58:08.107+0800: 34175.704: [GC (Allocation Failure) [PSYoungGen: 83872K->704K(85504K)] 182094K->98998K(280064K), 0.0019942 secs] [Times: user=0.01 sys=0.00, real=0.00 secs] 
2021-08-19T01:58:19.182+0800: 34186.780: [GC (Allocation Failure) [PSYoungGen: 84672K->384K(85504K)] 182966K->98678K(280064K), 0.0020996 secs] [Times: user=0.01 sys=0.01, real=0.00 secs] 
2021-08-19T01:58:32.183+0800: 34199.780: [GC (Allocation Failure) [PSYoungGen: 84352K->416K(85504K)] 182646K->98718K(280064K), 0.0019852 secs] [Times: user=0.01 sys=0.00, real=0.00 secs] 
2021-08-19T01:58:44.842+0800: 34212.440: [GC (Allocation Failure) [PSYoungGen: 84384K->384K(85504K)] 182686K->98686K(280064K), 0.0019866 secs] [Times: user=0.02 sys=0.00, real=0.00 secs] 
2021-08-19T01:58:57.682+0800: 34225.279: [GC (Allocation Failure) [PSYoungGen: 84352K->384K(85504K)] 182654K->98686K(280064K), 0.0018821 secs] [Times: user=0.02 sys=0.00, real=0.00 secs] 
2021-08-19T01:59:08.184+0800: 34235.782: [GC (Allocation Failure) [PSYoungGen: 84352K->384K(85504K)] 182654K->98686K(280064K), 0.0020034 secs] [Times: user=0.01 sys=0.00, real=0.00 secs] 
2021-08-19T01:59:21.184+0800: 34248.781: [GC (Allocation Failure) [PSYoungGen: 84352K->416K(85504K)] 182654K->98718K(280064K), 0.0020443 secs] [Times: user=0.02 sys=0.00, real=0.00 secs] 
2021-08-19T01:59:34.184+0800: 34261.781: [GC (Allocation Failure) [PSYoungGen: 84384K->416K(85504K)] 182686K->98718K(280064K), 0.0020421 secs] [Times: user=0.02 sys=0.00, real=0.00 secs] 
2021-08-19T01:59:47.180+0800: 34274.778: [GC (Allocation Failure) [PSYoungGen: 84384K->352K(85504K)] 182686K->98654K(280064K), 0.0025423 secs] [Times: user=0.01 sys=0.00, real=0.01 secs] 
2021-08-19T01:59:58.116+0800: 34285.714: [GC (Allocation Failure) [PSYoungGen: 84320K->992K(85504K)] 182622K->99294K(280064K), 0.0023306 secs] [Times: user=0.01 sys=0.00, real=0.00 secs] 
2021-08-19T02:00:10.681+0800: 34298.279: [GC (Allocation Failure) [PSYoungGen: 84960K->416K(85504K)] 183262K->98718K(280064K), 0.0022644 secs] [Times: user=0.02 sys=0.00, real=0.00 secs] 
2021-08-19T02:00:23.682+0800: 34311.280: [GC (Allocation Failure) [PSYoungGen: 84384K->416K(85504K)] 182686K->98718K(280064K), 0.0019930 secs] [Times: user=0.01 sys=0.00, real=0.00 secs] 
2021-08-19T02:00:36.186+0800: 34323.783: [GC (Allocation Failure) [PSYoungGen: 84384K->416K(85504K)] 182686K->98718K(280064K), 0.0019966 secs] [Times: user=0.01 sys=0.00, real=0.00 secs] 
2021-08-19T02:00:48.114+0800: 34335.711: [GC (Allocation Failure) [PSYoungGen: 84384K->1088K(85504K)] 182686K->99406K(280064K), 0.0022742 secs] [Times: user=0.02 sys=0.00, real=0.00 secs] 
2021-08-19T02:01:00.183+0800: 34347.780: [GC (Allocation Failure) [PSYoungGen: 85056K->416K(85504K)] 183374K->98734K(280064K), 0.0018884 secs] [Times: user=0.02 sys=0.00, real=0.00 secs] 
2021-08-19T02:01:13.183+0800: 34360.780: [GC (Allocation Failure) [PSYoungGen: 84384K->416K(85504K)] 182702K->98734K(280064K), 0.0019218 secs] [Times: user=0.02 sys=0.00, real=0.00 secs] 
2021-08-19T02:01:25.838+0800: 34373.436: [GC (Allocation Failure) [PSYoungGen: 84384K->384K(85504K)] 182702K->98702K(280064K), 0.0019823 secs] [Times: user=0.01 sys=0.00, real=0.01 secs] 
2021-08-19T02:01:38.109+0800: 34385.707: [GC (Allocation Failure) [PSYoungGen: 84352K->704K(85504K)] 182670K->99022K(280064K), 0.0019368 secs] [Times: user=0.02 sys=0.00, real=0.01 secs] 
2021-08-19T02:01:49.187+0800: 34396.785: [GC (Allocation Failure) [PSYoungGen: 84672K->416K(85504K)] 182990K->98750K(280064K), 0.0020858 secs] [Times: user=0.01 sys=0.00, real=0.00 secs] 
2021-08-19T02:02:02.183+0800: 34409.781: [GC (Allocation Failure) [PSYoungGen: 84384K->416K(85504K)] 182718K->98750K(280064K), 0.0021942 secs] [Times: user=0.02 sys=0.00, real=0.00 secs] 
2021-08-19T02:02:15.184+0800: 34422.781: [GC (Allocation Failure) [PSYoungGen: 84384K->384K(86016K)] 182718K->98718K(280576K), 0.0019658 secs] [Times: user=0.01 sys=0.00, real=0.00 secs] 
2021-08-19T02:02:28.105+0800: 34435.703: [GC (Allocation Failure) [PSYoungGen: 84864K->416K(85504K)] 183198K->98750K(280064K), 0.0021779 secs] [Times: user=0.02 sys=0.00, real=0.00 secs] 
2021-08-19T02:02:38.684+0800: 34446.282: [GC (Allocation Failure) [PSYoungGen: 84896K->384K(86016K)] 183230K->98718K(280576K), 0.0019435 secs] [Times: user=0.01 sys=0.00, real=0.00 secs] 
2021-08-19T02:02:51.838+0800: 34459.436: [GC (Allocation Failure) [PSYoungGen: 85376K->416K(86016K)] 183710K->98750K(280576K), 0.0022066 secs] [Times: user=0.01 sys=0.00, real=0.00 secs] 
2021-08-19T02:03:04.838+0800: 34472.436: [GC (Allocation Failure) [PSYoungGen: 85408K->416K(86016K)] 183742K->98750K(280576K), 0.0019904 secs] [Times: user=0.01 sys=0.00, real=0.00 secs] 
2021-08-19T02:03:18.018+0800: 34485.616: [GC (Allocation Failure) [PSYoungGen: 85408K->352K(86016K)] 183742K->98686K(280576K), 0.0023711 secs] [Times: user=0.01 sys=0.00, real=0.01 secs] 
2021-08-19T02:03:28.843+0800: 34496.441: [GC (Allocation Failure) [PSYoungGen: 85344K->416K(86016K)] 183678K->98766K(280576K), 0.0021575 secs] [Times: user=0.01 sys=0.00, real=0.00 secs] 
2021-08-19T02:03:41.684+0800: 34509.282: [GC (Allocation Failure) [PSYoungGen: 85408K->384K(86016K)] 183758K->98734K(280576K), 0.0019171 secs] [Times: user=0.01 sys=0.00, real=0.00 secs] 
2021-08-19T02:03:54.688+0800: 34522.286: [GC (Allocation Failure) [PSYoungGen: 85376K->352K(86016K)] 183726K->98702K(280576K), 0.0020596 secs] [Times: user=0.01 sys=0.00, real=0.01 secs] 
2021-08-19T02:04:07.686+0800: 34535.283: [GC (Allocation Failure) [PSYoungGen: 85344K->384K(86016K)] 183694K->98734K(280576K), 0.0019480 secs] [Times: user=0.02 sys=0.00, real=0.00 secs] 
2021-08-19T02:04:18.684+0800: 34546.282: [GC (Allocation Failure) [PSYoungGen: 85376K->416K(86016K)] 183726K->98766K(280576K), 0.0019848 secs] [Times: user=0.02 sys=0.00, real=0.00 secs] 
2021-08-19T02:04:31.685+0800: 34559.282: [GC (Allocation Failure) [PSYoungGen: 85408K->416K(86016K)] 183758K->98766K(280576K), 0.0020595 secs] [Times: user=0.01 sys=0.00, real=0.00 secs] 
2021-08-19T02:04:44.188+0800: 34571.786: [GC (Allocation Failure) [PSYoungGen: 85408K->416K(86016K)] 183758K->98766K(280576K), 0.0018199 secs] [Times: user=0.01 sys=0.01, real=0.01 secs] 
2021-08-19T02:04:57.460+0800: 34585.058: [GC (Allocation Failure) [PSYoungGen: 85408K->352K(86016K)] 183758K->98702K(280576K), 0.0019805 secs] [Times: user=0.01 sys=0.00, real=0.01 secs] 
2021-08-19T02:05:08.188+0800: 34595.786: [GC (Allocation Failure) [PSYoungGen: 85344K->416K(86016K)] 183694K->98766K(280576K), 0.0019420 secs] [Times: user=0.01 sys=0.00, real=0.00 secs] 
2021-08-19T02:05:21.461+0800: 34609.059: [GC (Allocation Failure) [PSYoungGen: 85408K->384K(86016K)] 183758K->98734K(280576K), 0.0022915 secs] [Times: user=0.02 sys=0.00, real=0.00 secs] 
2021-08-19T02:05:34.685+0800: 34622.283: [GC (Allocation Failure) [PSYoungGen: 85376K->416K(86016K)] 183726K->98782K(280576K), 0.0021378 secs] [Times: user=0.01 sys=0.00, real=0.00 secs] 
2021-08-19T02:05:47.187+0800: 34634.784: [GC (Allocation Failure) [PSYoungGen: 85408K->416K(86016K)] 183774K->98806K(280576K), 0.0023808 secs] [Times: user=0.02 sys=0.00, real=0.00 secs] 
2021-08-19T02:05:58.189+0800: 34645.786: [GC (Allocation Failure) [PSYoungGen: 85408K->352K(86016K)] 183798K->98758K(280576K), 0.0018730 secs] [Times: user=0.02 sys=0.00, real=0.01 secs] 
2021-08-19T02:06:11.188+0800: 34658.786: [GC (Allocation Failure) [PSYoungGen: 85344K->416K(86016K)] 183750K->98822K(280576K), 0.0019251 secs] [Times: user=0.02 sys=0.00, real=0.01 secs] 
2021-08-19T02:06:24.187+0800: 34671.785: [GC (Allocation Failure) [PSYoungGen: 85408K->384K(86016K)] 183814K->98790K(280576K), 0.0018645 secs] [Times: user=0.01 sys=0.00, real=0.00 secs] 
2021-08-19T02:06:37.415+0800: 34685.012: [GC (Allocation Failure) [PSYoungGen: 85376K->384K(86016K)] 183782K->98790K(280576K), 0.0022335 secs] [Times: user=0.01 sys=0.00, real=0.00 secs] 
2021-08-19T02:06:48.189+0800: 34695.787: [GC (Allocation Failure) [PSYoungGen: 85376K->416K(86016K)] 183782K->98822K(280576K), 0.0023442 secs] [Times: user=0.01 sys=0.00, real=0.01 secs] 
2021-08-19T02:07:01.189+0800: 34708.787: [GC (Allocation Failure) [PSYoungGen: 85408K->416K(86016K)] 183814K->98822K(280576K), 0.0019710 secs] [Times: user=0.01 sys=0.00, real=0.01 secs] 
2021-08-19T02:07:14.189+0800: 34721.787: [GC (Allocation Failure) [PSYoungGen: 85408K->416K(86016K)] 183814K->98830K(280576K), 0.0021701 secs] [Times: user=0.01 sys=0.00, real=0.01 secs] 
2021-08-19T02:07:27.188+0800: 34734.786: [GC (Allocation Failure) [PSYoungGen: 85408K->416K(86016K)] 183822K->98830K(280576K), 0.0020747 secs] [Times: user=0.01 sys=0.00, real=0.01 secs] 
2021-08-19T02:07:38.189+0800: 34745.787: [GC (Allocation Failure) [PSYoungGen: 85408K->288K(85504K)] 183822K->98702K(280064K), 0.0023171 secs] [Times: user=0.02 sys=0.00, real=0.01 secs] 
2021-08-19T02:07:51.189+0800: 34758.787: [GC (Allocation Failure) [PSYoungGen: 85280K->416K(86016K)] 183694K->98830K(280576K), 0.0019221 secs] [Times: user=0.01 sys=0.00, real=0.01 secs] 
2021-08-19T02:08:04.187+0800: 34771.785: [GC (Allocation Failure) [PSYoungGen: 85408K->416K(86528K)] 183822K->98830K(281088K), 0.0021554 secs] [Times: user=0.01 sys=0.00, real=0.00 secs] 
2021-08-19T02:08:17.189+0800: 34784.787: [GC (Allocation Failure) [PSYoungGen: 85920K->416K(86016K)] 184334K->98830K(280576K), 0.0019740 secs] [Times: user=0.01 sys=0.00, real=0.01 secs] 
2021-08-19T02:08:28.596+0800: 34796.194: [GC (Allocation Failure) [PSYoungGen: 85920K->384K(86528K)] 184334K->98798K(281088K), 0.0018542 secs] [Times: user=0.01 sys=0.00, real=0.00 secs] 
2021-08-19T02:08:41.685+0800: 34809.283: [GC (Allocation Failure) [PSYoungGen: 86400K->416K(86528K)] 184814K->98830K(281088K), 0.0022070 secs] [Times: user=0.02 sys=0.00, real=0.00 secs] 
2021-08-19T02:08:55.184+0800: 34822.782: [GC (Allocation Failure) [PSYoungGen: 86432K->416K(86528K)] 184846K->98830K(281088K), 0.0021869 secs] [Times: user=0.01 sys=0.00, real=0.00 secs] 
2021-08-19T02:09:08.107+0800: 34835.705: [GC (Allocation Failure) [PSYoungGen: 86432K->384K(86528K)] 184846K->98798K(281088K), 0.0021863 secs] [Times: user=0.02 sys=0.00, real=0.00 secs] 
2021-08-19T02:09:19.191+0800: 34846.789: [GC (Allocation Failure) [PSYoungGen: 86400K->384K(86528K)] 184814K->98830K(281088K), 0.0022482 secs] [Times: user=0.01 sys=0.00, real=0.00 secs] 
2021-08-19T02:09:32.685+0800: 34860.283: [GC (Allocation Failure) [PSYoungGen: 86400K->416K(86528K)] 184846K->98862K(281088K), 0.0020247 secs] [Times: user=0.02 sys=0.00, real=0.00 secs] 
2021-08-19T02:09:45.690+0800: 34873.287: [GC (Allocation Failure) [PSYoungGen: 86432K->384K(86528K)] 184878K->98830K(281088K), 0.0022488 secs] [Times: user=0.01 sys=0.00, real=0.01 secs] 
2021-08-19T02:09:58.114+0800: 34885.712: [GC (Allocation Failure) [PSYoungGen: 86400K->512K(86528K)] 184846K->99398K(281088K), 0.0022324 secs] [Times: user=0.01 sys=0.00, real=0.00 secs] 
2021-08-19T02:10:10.187+0800: 34897.785: [GC (Allocation Failure) [PSYoungGen: 86528K->352K(85504K)] 185414K->99238K(280064K), 0.0021799 secs] [Times: user=0.01 sys=0.00, real=0.00 secs] 
2021-08-19T02:10:23.188+0800: 34910.786: [GC (Allocation Failure) [PSYoungGen: 85344K->352K(86016K)] 184230K->99238K(280576K), 0.0019417 secs] [Times: user=0.02 sys=0.00, real=0.01 secs] 
2021-08-19T02:10:36.190+0800: 34923.788: [GC (Allocation Failure) [PSYoungGen: 85344K->416K(86016K)] 184230K->99302K(280576K), 0.0019317 secs] [Times: user=0.01 sys=0.00, real=0.00 secs] 
2021-08-19T02:10:48.118+0800: 34935.716: [GC (Allocation Failure) [PSYoungGen: 85408K->1024K(86016K)] 184294K->99974K(280576K), 0.0022266 secs] [Times: user=0.02 sys=0.00, real=0.01 secs] 
2021-08-19T02:11:00.188+0800: 34947.786: [GC (Allocation Failure) [PSYoungGen: 86016K->416K(86016K)] 184966K->99366K(280576K), 0.0024587 secs] [Times: user=0.02 sys=0.00, real=0.01 secs] 
2021-08-19T02:11:13.194+0800: 34960.791: [GC (Allocation Failure) [PSYoungGen: 85408K->416K(86016K)] 184358K->99366K(280576K), 0.0022674 secs] [Times: user=0.02 sys=0.00, real=0.00 secs] 
2021-08-19T02:11:26.188+0800: 34973.785: [GC (Allocation Failure) [PSYoungGen: 85408K->416K(86016K)] 184358K->99366K(280576K), 0.0020325 secs] [Times: user=0.01 sys=0.00, real=0.00 secs] 
2021-08-19T02:11:38.119+0800: 34985.716: [GC (Allocation Failure) [PSYoungGen: 85408K->1024K(86016K)] 184358K->100054K(280576K), 0.0021983 secs] [Times: user=0.01 sys=0.00, real=0.01 secs] 
2021-08-19T02:11:50.186+0800: 34997.783: [GC (Allocation Failure) [PSYoungGen: 86016K->416K(86016K)] 185046K->99446K(280576K), 0.0018655 secs] [Times: user=0.01 sys=0.00, real=0.00 secs] 
2021-08-19T02:12:03.187+0800: 35010.785: [GC (Allocation Failure) [PSYoungGen: 85408K->416K(86016K)] 184438K->99446K(280576K), 0.0019002 secs] [Times: user=0.01 sys=0.00, real=0.00 secs] 
2021-08-19T02:12:16.187+0800: 35023.785: [GC (Allocation Failure) [PSYoungGen: 85408K->416K(86016K)] 184438K->99446K(280576K), 0.0018484 secs] [Times: user=0.02 sys=0.00, real=0.00 secs] 
2021-08-19T02:12:28.122+0800: 35035.719: [GC (Allocation Failure) [PSYoungGen: 85408K->1024K(86016K)] 184438K->100174K(280576K), 0.0025990 secs] [Times: user=0.02 sys=0.00, real=0.00 secs] 
2021-08-19T02:12:40.190+0800: 35047.788: [GC (Allocation Failure) [PSYoungGen: 86016K->384K(84992K)] 185166K->99534K(279552K), 0.0019344 secs] [Times: user=0.01 sys=0.00, real=0.00 secs] 
2021-08-19T02:12:53.186+0800: 35060.784: [GC (Allocation Failure) [PSYoungGen: 84352K->384K(85504K)] 183502K->99534K(280064K), 0.0019574 secs] [Times: user=0.01 sys=0.00, real=0.00 secs] 
2021-08-19T02:13:06.184+0800: 35073.782: [GC (Allocation Failure) [PSYoungGen: 84352K->416K(85504K)] 183502K->99590K(280064K), 0.0023314 secs] [Times: user=0.01 sys=0.00, real=0.00 secs] 
2021-08-19T02:13:18.119+0800: 35085.716: [GC (Allocation Failure) [PSYoungGen: 84384K->1056K(85504K)] 183558K->100230K(280064K), 0.0024409 secs] [Times: user=0.01 sys=0.00, real=0.01 secs] 
2021-08-19T02:13:29.833+0800: 35097.430: [GC (Allocation Failure) [PSYoungGen: 85024K->352K(85504K)] 184198K->99526K(280064K), 0.0023283 secs] [Times: user=0.02 sys=0.00, real=0.00 secs] 
2021-08-19T02:13:42.187+0800: 35109.784: [GC (Allocation Failure) [PSYoungGen: 84320K->384K(85504K)] 183494K->99558K(280064K), 0.0020649 secs] [Times: user=0.02 sys=0.00, real=0.00 secs] 
2021-08-19T02:13:55.189+0800: 35122.787: [GC (Allocation Failure) [PSYoungGen: 84352K->416K(85504K)] 183526K->99598K(280064K), 0.0019851 secs] [Times: user=0.01 sys=0.00, real=0.01 secs] 
2021-08-19T02:14:08.114+0800: 35135.712: [GC (Allocation Failure) [PSYoungGen: 84384K->512K(85504K)] 183566K->99718K(280064K), 0.0020315 secs] [Times: user=0.02 sys=0.00, real=0.00 secs] 
2021-08-19T02:14:19.183+0800: 35146.781: [GC (Allocation Failure) [PSYoungGen: 84480K->416K(86016K)] 183686K->99622K(280576K), 0.0019836 secs] [Times: user=0.02 sys=0.00, real=0.00 secs] 
2021-08-19T02:14:32.185+0800: 35159.783: [GC (Allocation Failure) [PSYoungGen: 84896K->416K(85504K)] 184102K->99622K(280064K), 0.0021928 secs] [Times: user=0.01 sys=0.01, real=0.00 secs] 
2021-08-19T02:14:45.184+0800: 35172.782: [GC (Allocation Failure) [PSYoungGen: 84896K->384K(86016K)] 184102K->99638K(280576K), 0.0022237 secs] [Times: user=0.02 sys=0.00, real=0.00 secs] 
2021-08-19T02:14:58.110+0800: 35185.708: [GC (Allocation Failure) [PSYoungGen: 85376K->416K(86016K)] 184630K->99670K(280576K), 0.0018350 secs] [Times: user=0.01 sys=0.00, real=0.00 secs] 
2021-08-19T02:15:09.181+0800: 35196.779: [GC (Allocation Failure) [PSYoungGen: 85408K->384K(86016K)] 184662K->99678K(280576K), 0.0020914 secs] [Times: user=0.01 sys=0.00, real=0.00 secs] 
2021-08-19T02:15:22.186+0800: 35209.784: [GC (Allocation Failure) [PSYoungGen: 85376K->384K(86016K)] 184670K->99678K(280576K), 0.0019178 secs] [Times: user=0.01 sys=0.00, real=0.00 secs] 
2021-08-19T02:15:35.183+0800: 35222.781: [GC (Allocation Failure) [PSYoungGen: 85376K->416K(86016K)] 184670K->99790K(280576K), 0.0019526 secs] [Times: user=0.01 sys=0.00, real=0.00 secs] 
2021-08-19T02:15:48.111+0800: 35235.709: [GC (Allocation Failure) [PSYoungGen: 85408K->416K(86016K)] 184782K->99790K(280576K), 0.0021792 secs] [Times: user=0.01 sys=0.00, real=0.00 secs] 
2021-08-19T02:15:59.182+0800: 35246.780: [GC (Allocation Failure) [PSYoungGen: 85408K->384K(86016K)] 184782K->99758K(280576K), 0.0020074 secs] [Times: user=0.02 sys=0.00, real=0.00 secs] 
2021-08-19T02:16:12.182+0800: 35259.780: [GC (Allocation Failure) [PSYoungGen: 85376K->352K(86016K)] 184750K->99726K(280576K), 0.0021167 secs] [Times: user=0.02 sys=0.00, real=0.00 secs] 
2021-08-19T02:16:25.183+0800: 35272.780: [GC (Allocation Failure) [PSYoungGen: 85344K->416K(86016K)] 184718K->99790K(280576K), 0.0024584 secs] [Times: user=0.02 sys=0.00, real=0.00 secs] 
2021-08-19T02:16:38.111+0800: 35285.708: [GC (Allocation Failure) [PSYoungGen: 85408K->384K(86016K)] 184782K->99782K(280576K), 0.0021302 secs] [Times: user=0.01 sys=0.00, real=0.00 secs] 
2021-08-19T02:16:49.181+0800: 35296.779: [GC (Allocation Failure) [PSYoungGen: 85376K->384K(86016K)] 184774K->99782K(280576K), 0.0019529 secs] [Times: user=0.01 sys=0.00, real=0.00 secs] 
2021-08-19T02:17:02.182+0800: 35309.780: [GC (Allocation Failure) [PSYoungGen: 85376K->352K(86016K)] 184774K->99750K(280576K), 0.0020860 secs] [Times: user=0.01 sys=0.00, real=0.00 secs] 
2021-08-19T02:17:15.182+0800: 35322.780: [GC (Allocation Failure) [PSYoungGen: 85344K->384K(86016K)] 184742K->99782K(280576K), 0.0020489 secs] [Times: user=0.01 sys=0.00, real=0.00 secs] 
2021-08-19T02:17:28.113+0800: 35335.711: [GC (Allocation Failure) [PSYoungGen: 85376K->416K(86016K)] 184774K->99814K(280576K), 0.0018817 secs] [Times: user=0.01 sys=0.00, real=0.00 secs] 
2021-08-19T02:17:39.181+0800: 35346.778: [GC (Allocation Failure) [PSYoungGen: 85408K->416K(86016K)] 184806K->99830K(280576K), 0.0020931 secs] [Times: user=0.01 sys=0.00, real=0.00 secs] 
2021-08-19T02:17:52.181+0800: 35359.779: [GC (Allocation Failure) [PSYoungGen: 85408K->384K(86016K)] 184822K->99798K(280576K), 0.0019392 secs] [Times: user=0.02 sys=0.00, real=0.00 secs] 
2021-08-19T02:18:05.183+0800: 35372.780: [GC (Allocation Failure) [PSYoungGen: 85376K->416K(86016K)] 184790K->99830K(280576K), 0.0021089 secs] [Times: user=0.01 sys=0.00, real=0.00 secs] 
2021-08-19T02:18:18.117+0800: 35385.715: [GC (Allocation Failure) [PSYoungGen: 85408K->576K(86016K)] 184822K->99990K(280576K), 0.0023291 secs] [Times: user=0.02 sys=0.00, real=0.00 secs] 
2021-08-19T02:18:29.184+0800: 35396.781: [GC (Allocation Failure) [PSYoungGen: 85568K->416K(86016K)] 184982K->99838K(280576K), 0.0022285 secs] [Times: user=0.02 sys=0.00, real=0.00 secs] 
2021-08-19T02:18:42.184+0800: 35409.781: [GC (Allocation Failure) [PSYoungGen: 85408K->416K(86016K)] 184830K->99838K(280576K), 0.0018865 secs] [Times: user=0.02 sys=0.00, real=0.00 secs] 
2021-08-19T02:18:55.184+0800: 35422.782: [GC (Allocation Failure) [PSYoungGen: 85408K->416K(86016K)] 184830K->99838K(280576K), 0.0020731 secs] [Times: user=0.02 sys=0.00, real=0.00 secs] 
2021-08-19T02:19:08.117+0800: 35435.715: [GC (Allocation Failure) [PSYoungGen: 85408K->544K(86016K)] 184830K->99966K(280576K), 0.0021098 secs] [Times: user=0.01 sys=0.00, real=0.00 secs] 
2021-08-19T02:19:19.185+0800: 35446.783: [GC (Allocation Failure) [PSYoungGen: 85536K->416K(86016K)] 184958K->99838K(280576K), 0.0020168 secs] [Times: user=0.02 sys=0.00, real=0.00 secs] 
2021-08-19T02:19:32.183+0800: 35459.781: [GC (Allocation Failure) [PSYoungGen: 85408K->384K(86016K)] 184830K->99806K(280576K), 0.0020057 secs] [Times: user=0.02 sys=0.00, real=0.00 secs] 
2021-08-19T02:19:45.183+0800: 35472.781: [GC (Allocation Failure) [PSYoungGen: 85376K->416K(86016K)] 184798K->99838K(280576K), 0.0019777 secs] [Times: user=0.01 sys=0.00, real=0.00 secs] 
2021-08-19T02:19:58.117+0800: 35485.715: [GC (Allocation Failure) [PSYoungGen: 85408K->640K(86016K)] 184830K->100062K(280576K), 0.0019584 secs] [Times: user=0.01 sys=0.00, real=0.00 secs] 
2021-08-19T02:20:09.185+0800: 35496.783: [GC (Allocation Failure) [PSYoungGen: 85632K->432K(86016K)] 185054K->99870K(280576K), 0.0021378 secs] [Times: user=0.01 sys=0.00, real=0.00 secs] 
2021-08-19T02:20:22.184+0800: 35509.782: [GC (Allocation Failure) [PSYoungGen: 85424K->448K(86016K)] 184862K->99886K(280576K), 0.0019249 secs] [Times: user=0.02 sys=0.00, real=0.00 secs] 
2021-08-19T02:20:35.187+0800: 35522.785: [GC (Allocation Failure) [PSYoungGen: 85440K->528K(86016K)] 184878K->99966K(280576K), 0.0020645 secs] [Times: user=0.02 sys=0.00, real=0.00 secs] 
2021-08-19T02:20:48.118+0800: 35535.715: [GC (Allocation Failure) [PSYoungGen: 85520K->832K(86016K)] 184958K->100270K(280576K), 0.0021195 secs] [Times: user=0.02 sys=0.00, real=0.00 secs] 
2021-08-19T02:20:59.195+0800: 35546.793: [GC (Allocation Failure) [PSYoungGen: 85824K->544K(86016K)] 185262K->99982K(280576K), 0.0019303 secs] [Times: user=0.01 sys=0.00, real=0.00 secs] 
2021-08-19T02:21:12.184+0800: 35559.782: [GC (Allocation Failure) [PSYoungGen: 85536K->672K(86016K)] 184974K->100110K(280576K), 0.0020144 secs] [Times: user=0.01 sys=0.00, real=0.00 secs] 
2021-08-19T02:21:25.195+0800: 35572.793: [GC (Allocation Failure) [PSYoungGen: 85664K->688K(86016K)] 185102K->100126K(280576K), 0.0023163 secs] [Times: user=0.02 sys=0.00, real=0.00 secs] 
2021-08-19T02:21:38.115+0800: 35585.713: [GC (Allocation Failure) [PSYoungGen: 85680K->960K(86016K)] 185118K->100398K(280576K), 0.0025643 secs] [Times: user=0.02 sys=0.01, real=0.00 secs] 
2021-08-19T02:21:49.180+0800: 35596.778: [GC (Allocation Failure) [PSYoungGen: 85952K->848K(86016K)] 185390K->100286K(280576K), 0.0025100 secs] [Times: user=0.02 sys=0.00, real=0.00 secs] 
2021-08-19T02:22:02.182+0800: 35609.780: [GC (Allocation Failure) [PSYoungGen: 85840K->1008K(86016K)] 185278K->100462K(280576K), 0.0024889 secs] [Times: user=0.01 sys=0.01, real=0.00 secs] 
2021-08-19T02:22:15.182+0800: 35622.779: [GC (Allocation Failure) [PSYoungGen: 86000K->1008K(84992K)] 185454K->100478K(279552K), 0.0020671 secs] [Times: user=0.02 sys=0.00, real=0.00 secs] 
2021-08-19T02:22:28.114+0800: 35635.712: [GC (Allocation Failure) [PSYoungGen: 84976K->1152K(85504K)] 184446K->100630K(280064K), 0.0021236 secs] [Times: user=0.02 sys=0.00, real=0.00 secs] 
2021-08-19T02:22:38.682+0800: 35646.280: [GC (Allocation Failure) [PSYoungGen: 85120K->1040K(85504K)] 184598K->100518K(280064K), 0.0025173 secs] [Times: user=0.02 sys=0.00, real=0.00 secs] 
2021-08-19T02:22:51.186+0800: 35658.784: [GC (Allocation Failure) [PSYoungGen: 85008K->1104K(85504K)] 184486K->100582K(280064K), 0.0023385 secs] [Times: user=0.01 sys=0.00, real=0.00 secs] 
2021-08-19T02:23:04.184+0800: 35671.782: [GC (Allocation Failure) [PSYoungGen: 85072K->1120K(85504K)] 184550K->100598K(280064K), 0.0019455 secs] [Times: user=0.01 sys=0.00, real=0.00 secs] 
2021-08-19T02:23:17.183+0800: 35684.781: [GC (Allocation Failure) [PSYoungGen: 85088K->992K(85504K)] 184566K->100582K(280064K), 0.0021894 secs] [Times: user=0.01 sys=0.00, real=0.00 secs] 
2021-08-19T02:23:28.182+0800: 35695.779: [GC (Allocation Failure) [PSYoungGen: 84960K->896K(85504K)] 184550K->100614K(280064K), 0.0020906 secs] [Times: user=0.01 sys=0.00, real=0.00 secs] 
2021-08-19T02:23:40.834+0800: 35708.432: [GC (Allocation Failure) [PSYoungGen: 84864K->848K(85504K)] 184582K->100694K(280064K), 0.0019630 secs] [Times: user=0.01 sys=0.00, real=0.00 secs] 
2021-08-19T02:23:53.686+0800: 35721.284: [GC (Allocation Failure) [PSYoungGen: 84816K->864K(85504K)] 184662K->100718K(280064K), 0.0022699 secs] [Times: user=0.02 sys=0.00, real=0.00 secs] 
2021-08-19T02:24:06.678+0800: 35734.276: [GC (Allocation Failure) [PSYoungGen: 84832K->800K(85504K)] 184686K->100654K(280064K), 0.0021166 secs] [Times: user=0.02 sys=0.00, real=0.01 secs] 
2021-08-19T02:24:18.124+0800: 35745.722: [GC (Allocation Failure) [PSYoungGen: 84768K->1520K(84480K)] 184622K->101574K(279040K), 0.0021937 secs] [Times: user=0.02 sys=0.00, real=0.00 secs] 
2021-08-19T02:24:30.180+0800: 35757.778: [GC (Allocation Failure) [PSYoungGen: 84464K->592K(84992K)] 184518K->100942K(279552K), 0.0022317 secs] [Times: user=0.02 sys=0.00, real=0.00 secs] 
2021-08-19T02:24:42.185+0800: 35769.782: [GC (Allocation Failure) [PSYoungGen: 83536K->528K(84992K)] 183886K->100878K(279552K), 0.0019582 secs] [Times: user=0.01 sys=0.01, real=0.00 secs] 
2021-08-19T02:24:55.182+0800: 35782.779: [GC (Allocation Failure) [PSYoungGen: 83472K->560K(84992K)] 183822K->100910K(279552K), 0.0020364 secs] [Times: user=0.01 sys=0.00, real=0.00 secs] 
2021-08-19T02:25:08.114+0800: 35795.712: [GC (Allocation Failure) [PSYoungGen: 83504K->528K(85504K)] 183854K->101134K(280064K), 0.0026369 secs] [Times: user=0.02 sys=0.01, real=0.00 secs] 
2021-08-19T02:25:18.680+0800: 35806.278: [GC (Allocation Failure) [PSYoungGen: 83984K->384K(84992K)] 184590K->101142K(279552K), 0.0020749 secs] [Times: user=0.01 sys=0.00, real=0.00 secs] 
2021-08-19T02:25:31.247+0800: 35818.845: [GC (Allocation Failure) [PSYoungGen: 83840K->416K(85504K)] 184598K->101174K(280064K), 0.0020427 secs] [Times: user=0.01 sys=0.00, real=0.00 secs] 
2021-08-19T02:25:44.181+0800: 35831.778: [GC (Allocation Failure) [PSYoungGen: 84384K->416K(85504K)] 185142K->101174K(280064K), 0.0020826 secs] [Times: user=0.01 sys=0.00, real=0.00 secs] 
2021-08-19T02:25:57.181+0800: 35844.779: [GC (Allocation Failure) [PSYoungGen: 84384K->384K(85504K)] 185142K->101142K(280064K), 0.0019105 secs] [Times: user=0.01 sys=0.00, real=0.00 secs] 
2021-08-19T02:26:08.127+0800: 35855.725: [GC (Allocation Failure) [PSYoungGen: 84352K->1120K(85504K)] 185110K->101878K(280064K), 0.0021515 secs] [Times: user=0.01 sys=0.00, real=0.00 secs] 
2021-08-19T02:26:20.685+0800: 35868.283: [GC (Allocation Failure) [PSYoungGen: 85088K->384K(85504K)] 185846K->101142K(280064K), 0.0020445 secs] [Times: user=0.01 sys=0.00, real=0.00 secs] 
2021-08-19T02:26:33.683+0800: 35881.281: [GC (Allocation Failure) [PSYoungGen: 84352K->352K(85504K)] 185110K->101110K(280064K), 0.0021004 secs] [Times: user=0.02 sys=0.00, real=0.00 secs] 
2021-08-19T02:26:46.186+0800: 35893.783: [GC (Allocation Failure) [PSYoungGen: 84320K->384K(85504K)] 185078K->101150K(280064K), 0.0021598 secs] [Times: user=0.02 sys=0.00, real=0.00 secs] 
2021-08-19T02:26:58.125+0800: 35905.723: [GC (Allocation Failure) [PSYoungGen: 84352K->1152K(85504K)] 185118K->101918K(280064K), 0.0021024 secs] [Times: user=0.01 sys=0.00, real=0.00 secs] 
2021-08-19T02:27:10.181+0800: 35917.779: [GC (Allocation Failure) [PSYoungGen: 85120K->416K(85504K)] 185886K->101182K(280064K), 0.0021862 secs] [Times: user=0.01 sys=0.00, real=0.00 secs] 
2021-08-19T02:27:23.181+0800: 35930.778: [GC (Allocation Failure) [PSYoungGen: 84384K->384K(85504K)] 185150K->101222K(280064K), 0.0019893 secs] [Times: user=0.02 sys=0.00, real=0.00 secs] 
2021-08-19T02:27:35.834+0800: 35943.432: [GC (Allocation Failure) [PSYoungGen: 84352K->384K(85504K)] 185190K->101254K(280064K), 0.0019678 secs] [Times: user=0.02 sys=0.00, real=0.00 secs] 
2021-08-19T02:27:48.120+0800: 35955.718: [GC (Allocation Failure) [PSYoungGen: 84352K->640K(85504K)] 185222K->101510K(280064K), 0.0022062 secs] [Times: user=0.02 sys=0.00, real=0.01 secs] 
2021-08-19T02:27:59.183+0800: 35966.780: [GC (Allocation Failure) [PSYoungGen: 84608K->416K(85504K)] 185478K->101286K(280064K), 0.0022223 secs] [Times: user=0.02 sys=0.00, real=0.00 secs] 
2021-08-19T02:28:12.183+0800: 35979.781: [GC (Allocation Failure) [PSYoungGen: 84384K->416K(85504K)] 185254K->101286K(280064K), 0.0019553 secs] [Times: user=0.01 sys=0.00, real=0.00 secs] 
2021-08-19T02:28:25.181+0800: 35992.779: [GC (Allocation Failure) [PSYoungGen: 84384K->384K(85504K)] 185254K->101254K(280064K), 0.0019050 secs] [Times: user=0.02 sys=0.00, real=0.00 secs] 
2021-08-19T02:28:37.867+0800: 36005.465: [GC (Allocation Failure) [PSYoungGen: 84352K->288K(85504K)] 185222K->101158K(280064K), 0.0020742 secs] [Times: user=0.01 sys=0.00, real=0.00 secs] 
2021-08-19T02:28:48.193+0800: 36015.791: [GC (Allocation Failure) [PSYoungGen: 84256K->384K(85504K)] 185126K->101254K(280064K), 0.0020987 secs] [Times: user=0.01 sys=0.00, real=0.00 secs] 
2021-08-19T02:29:01.184+0800: 36028.782: [GC (Allocation Failure) [PSYoungGen: 84352K->352K(85504K)] 185222K->101222K(280064K), 0.0019986 secs] [Times: user=0.01 sys=0.00, real=0.00 secs] 
2021-08-19T02:29:14.184+0800: 36041.782: [GC (Allocation Failure) [PSYoungGen: 84320K->384K(85504K)] 185190K->101254K(280064K), 0.0020729 secs] [Times: user=0.01 sys=0.00, real=0.00 secs] 
2021-08-19T02:29:27.181+0800: 36054.779: [GC (Allocation Failure) [PSYoungGen: 84352K->416K(85504K)] 185222K->101286K(280064K), 0.0025730 secs] [Times: user=0.02 sys=0.00, real=0.00 secs] 
2021-08-19T02:29:38.127+0800: 36065.725: [GC (Allocation Failure) [PSYoungGen: 84384K->896K(85504K)] 185254K->101766K(280064K), 0.0021254 secs] [Times: user=0.02 sys=0.00, real=0.00 secs] 
2021-08-19T02:29:50.681+0800: 36078.279: [GC (Allocation Failure) [PSYoungGen: 84864K->384K(85504K)] 185734K->101254K(280064K), 0.0020066 secs] [Times: user=0.01 sys=0.00, real=0.00 secs] 
2021-08-19T02:30:03.681+0800: 36091.279: [GC (Allocation Failure) [PSYoungGen: 84352K->416K(85504K)] 185222K->101286K(280064K), 0.0023267 secs] [Times: user=0.02 sys=0.00, real=0.00 secs] 
2021-08-19T02:30:16.186+0800: 36103.783: [GC (Allocation Failure) [PSYoungGen: 84384K->416K(85504K)] 185254K->101286K(280064K), 0.0025648 secs] [Times: user=0.01 sys=0.00, real=0.00 secs] 
2021-08-19T02:30:28.128+0800: 36115.726: [GC (Allocation Failure) [PSYoungGen: 84384K->1024K(84992K)] 185254K->101950K(279552K), 0.0023695 secs] [Times: user=0.02 sys=0.00, real=0.01 secs] 
2021-08-19T02:30:40.183+0800: 36127.781: [GC (Allocation Failure) [PSYoungGen: 84992K->320K(85504K)] 185918K->101246K(280064K), 0.0020792 secs] [Times: user=0.02 sys=0.00, real=0.00 secs] 
2021-08-19T02:30:52.834+0800: 36140.432: [GC (Allocation Failure) [PSYoungGen: 84288K->416K(85504K)] 185214K->101342K(280064K), 0.0024295 secs] [Times: user=0.01 sys=0.00, real=0.00 secs] 
2021-08-19T02:31:05.683+0800: 36153.281: [GC (Allocation Failure) [PSYoungGen: 84384K->352K(85504K)] 185310K->101278K(280064K), 0.0024011 secs] [Times: user=0.01 sys=0.00, real=0.00 secs] 
2021-08-19T02:31:18.123+0800: 36165.721: [GC (Allocation Failure) [PSYoungGen: 84320K->672K(85504K)] 185246K->101614K(280064K), 0.0025721 secs] [Times: user=0.01 sys=0.00, real=0.00 secs] 
2021-08-19T02:31:29.185+0800: 36176.782: [GC (Allocation Failure) [PSYoungGen: 84640K->384K(85504K)] 185582K->101326K(280064K), 0.0022618 secs] [Times: user=0.01 sys=0.00, real=0.00 secs] 
2021-08-19T02:31:42.182+0800: 36189.780: [GC (Allocation Failure) [PSYoungGen: 84352K->416K(86016K)] 185294K->101358K(280576K), 0.0021780 secs] [Times: user=0.02 sys=0.00, real=0.00 secs] 
2021-08-19T02:31:55.182+0800: 36202.779: [GC (Allocation Failure) [PSYoungGen: 84896K->384K(85504K)] 185838K->101334K(280064K), 0.0022047 secs] [Times: user=0.02 sys=0.00, real=0.00 secs] 
2021-08-19T02:32:08.120+0800: 36215.717: [GC (Allocation Failure) [PSYoungGen: 84864K->448K(86016K)] 185814K->101398K(280576K), 0.0024741 secs] [Times: user=0.01 sys=0.01, real=0.01 secs] 
2021-08-19T02:32:19.182+0800: 36226.780: [GC (Allocation Failure) [PSYoungGen: 85440K->384K(86016K)] 186390K->101334K(280576K), 0.0019671 secs] [Times: user=0.01 sys=0.00, real=0.00 secs] 
2021-08-19T02:32:32.186+0800: 36239.784: [GC (Allocation Failure) [PSYoungGen: 85376K->416K(86016K)] 186326K->101366K(280576K), 0.0020982 secs] [Times: user=0.01 sys=0.00, real=0.00 secs] 
2021-08-19T02:32:45.183+0800: 36252.780: [GC (Allocation Failure) [PSYoungGen: 85408K->416K(86016K)] 186358K->101366K(280576K), 0.0022737 secs] [Times: user=0.01 sys=0.00, real=0.00 secs] 
2021-08-19T02:32:58.120+0800: 36265.718: [GC (Allocation Failure) [PSYoungGen: 85408K->416K(86016K)] 186358K->101366K(280576K), 0.0023471 secs] [Times: user=0.02 sys=0.00, real=0.01 secs] 
2021-08-19T02:33:09.184+0800: 36276.782: [GC (Allocation Failure) [PSYoungGen: 85408K->416K(86016K)] 186358K->101366K(280576K), 0.0019214 secs] [Times: user=0.01 sys=0.00, real=0.00 secs] 
2021-08-19T02:33:22.186+0800: 36289.784: [GC (Allocation Failure) [PSYoungGen: 85408K->416K(86016K)] 186358K->101366K(280576K), 0.0019398 secs] [Times: user=0.01 sys=0.00, real=0.00 secs] 
2021-08-19T02:33:35.185+0800: 36302.783: [GC (Allocation Failure) [PSYoungGen: 85408K->416K(86016K)] 186358K->101462K(280576K), 0.0017969 secs] [Times: user=0.02 sys=0.00, real=0.00 secs] 
2021-08-19T02:33:48.122+0800: 36315.720: [GC (Allocation Failure) [PSYoungGen: 85408K->384K(86016K)] 186454K->101430K(280576K), 0.0022660 secs] [Times: user=0.01 sys=0.00, real=0.00 secs] 
2021-08-19T02:33:59.183+0800: 36326.780: [GC (Allocation Failure) [PSYoungGen: 85376K->416K(86016K)] 186422K->101462K(280576K), 0.0018839 secs] [Times: user=0.02 sys=0.00, real=0.00 secs] 
2021-08-19T02:34:12.185+0800: 36339.783: [GC (Allocation Failure) [PSYoungGen: 85408K->416K(86016K)] 186454K->101462K(280576K), 0.0023138 secs] [Times: user=0.02 sys=0.00, real=0.00 secs] 
2021-08-19T02:34:25.184+0800: 36352.782: [GC (Allocation Failure) [PSYoungGen: 85408K->320K(86016K)] 186454K->101366K(280576K), 0.0018589 secs] [Times: user=0.01 sys=0.00, real=0.00 secs] 
2021-08-19T02:34:38.122+0800: 36365.720: [GC (Allocation Failure) [PSYoungGen: 85312K->576K(86016K)] 186358K->101622K(280576K), 0.0020717 secs] [Times: user=0.01 sys=0.00, real=0.00 secs] 
2021-08-19T02:34:49.188+0800: 36376.786: [GC (Allocation Failure) [PSYoungGen: 85568K->416K(86016K)] 186614K->101470K(280576K), 0.0020174 secs] [Times: user=0.02 sys=0.00, real=0.01 secs] 
2021-08-19T02:35:02.185+0800: 36389.782: [GC (Allocation Failure) [PSYoungGen: 85408K->384K(86016K)] 186462K->101438K(280576K), 0.0019554 secs] [Times: user=0.01 sys=0.00, real=0.00 secs] 
2021-08-19T02:35:15.188+0800: 36402.786: [GC (Allocation Failure) [PSYoungGen: 85376K->416K(86016K)] 186430K->101470K(280576K), 0.0019576 secs] [Times: user=0.01 sys=0.00, real=0.01 secs] 
2021-08-19T02:35:28.123+0800: 36415.721: [GC (Allocation Failure) [PSYoungGen: 85408K->704K(86016K)] 186462K->101758K(280576K), 0.0022204 secs] [Times: user=0.02 sys=0.00, real=0.00 secs] 
2021-08-19T02:35:39.184+0800: 36426.782: [GC (Allocation Failure) [PSYoungGen: 85696K->416K(86016K)] 186750K->101470K(280576K), 0.0020336 secs] [Times: user=0.01 sys=0.00, real=0.00 secs] 
2021-08-19T02:35:52.186+0800: 36439.784: [GC (Allocation Failure) [PSYoungGen: 85408K->416K(86016K)] 186462K->101470K(280576K), 0.0020728 secs] [Times: user=0.01 sys=0.00, real=0.00 secs] 
2021-08-19T02:36:05.185+0800: 36452.783: [GC (Allocation Failure) [PSYoungGen: 85408K->384K(86016K)] 186462K->101438K(280576K), 0.0019943 secs] [Times: user=0.01 sys=0.00, real=0.00 secs] 
2021-08-19T02:36:18.123+0800: 36465.721: [GC (Allocation Failure) [PSYoungGen: 85376K->608K(86016K)] 186430K->101678K(280576K), 0.0023487 secs] [Times: user=0.01 sys=0.00, real=0.00 secs] 
2021-08-19T02:36:29.187+0800: 36476.785: [GC (Allocation Failure) [PSYoungGen: 85600K->416K(86016K)] 186670K->101486K(280576K), 0.0022607 secs] [Times: user=0.01 sys=0.00, real=0.00 secs] 
2021-08-19T02:36:42.185+0800: 36489.783: [GC (Allocation Failure) [PSYoungGen: 85408K->416K(86016K)] 186478K->101518K(280576K), 0.0020827 secs] [Times: user=0.02 sys=0.00, real=0.00 secs] 
2021-08-19T02:36:55.188+0800: 36502.785: [GC (Allocation Failure) [PSYoungGen: 85408K->384K(86016K)] 186510K->101486K(280576K), 0.0020595 secs] [Times: user=0.01 sys=0.00, real=0.00 secs] 
2021-08-19T02:37:08.124+0800: 36515.721: [GC (Allocation Failure) [PSYoungGen: 85376K->672K(86016K)] 186478K->101774K(280576K), 0.0024034 secs] [Times: user=0.01 sys=0.00, real=0.00 secs] 
2021-08-19T02:37:19.187+0800: 36526.785: [GC (Allocation Failure) [PSYoungGen: 85664K->416K(86016K)] 186766K->101534K(280576K), 0.0018264 secs] [Times: user=0.01 sys=0.00, real=0.00 secs] 
2021-08-19T02:37:32.682+0800: 36540.280: [GC (Allocation Failure) [PSYoungGen: 85408K->384K(86016K)] 186526K->101502K(280576K), 0.0023502 secs] [Times: user=0.01 sys=0.01, real=0.00 secs] 
2021-08-19T02:37:45.191+0800: 36552.789: [GC (Allocation Failure) [PSYoungGen: 85376K->416K(86016K)] 186494K->101534K(280576K), 0.0018936 secs] [Times: user=0.02 sys=0.00, real=0.00 secs] 
2021-08-19T02:37:58.124+0800: 36565.722: [GC (Allocation Failure) [PSYoungGen: 85408K->736K(86016K)] 186526K->101854K(280576K), 0.0024556 secs] [Times: user=0.01 sys=0.00, real=0.00 secs] 
2021-08-19T02:38:09.401+0800: 36576.999: [GC (Allocation Failure) [PSYoungGen: 85728K->384K(86016K)] 186846K->101502K(280576K), 0.0018848 secs] [Times: user=0.01 sys=0.00, real=0.00 secs] 
2021-08-19T02:38:22.682+0800: 36590.280: [GC (Allocation Failure) [PSYoungGen: 85376K->416K(86016K)] 186494K->101542K(280576K), 0.0020249 secs] [Times: user=0.01 sys=0.00, real=0.00 secs] 
2021-08-19T02:38:35.842+0800: 36603.440: [GC (Allocation Failure) [PSYoungGen: 85408K->320K(86016K)] 186534K->101446K(280576K), 0.0023110 secs] [Times: user=0.01 sys=0.00, real=0.00 secs] 
2021-08-19T02:38:48.125+0800: 36615.723: [GC (Allocation Failure) [PSYoungGen: 85312K->672K(86016K)] 186438K->101798K(280576K), 0.0022489 secs] [Times: user=0.02 sys=0.00, real=0.00 secs] 
2021-08-19T02:38:59.681+0800: 36627.279: [GC (Allocation Failure) [PSYoungGen: 85664K->384K(86016K)] 186790K->101510K(280576K), 0.0022972 secs] [Times: user=0.01 sys=0.00, real=0.00 secs] 
2021-08-19T02:39:12.686+0800: 36640.283: [GC (Allocation Failure) [PSYoungGen: 85376K->416K(86016K)] 186502K->101542K(280576K), 0.0021476 secs] [Times: user=0.01 sys=0.00, real=0.00 secs] 
2021-08-19T02:39:25.858+0800: 36653.456: [GC (Allocation Failure) [PSYoungGen: 85408K->384K(86016K)] 186534K->101510K(280576K), 0.0020617 secs] [Times: user=0.02 sys=0.00, real=0.01 secs] 
2021-08-19T02:39:38.127+0800: 36665.725: [GC (Allocation Failure) [PSYoungGen: 85376K->736K(86016K)] 186502K->101862K(280576K), 0.0022141 secs] [Times: user=0.02 sys=0.00, real=0.00 secs] 
2021-08-19T02:39:49.683+0800: 36677.281: [GC (Allocation Failure) [PSYoungGen: 85728K->416K(86016K)] 186854K->101542K(280576K), 0.0024195 secs] [Times: user=0.01 sys=0.00, real=0.00 secs] 
2021-08-19T02:40:02.768+0800: 36690.365: [GC (Allocation Failure) [PSYoungGen: 85408K->384K(86016K)] 186534K->101510K(280576K), 0.0020612 secs] [Times: user=0.01 sys=0.00, real=0.00 secs] 
2021-08-19T02:40:16.184+0800: 36703.781: [GC (Allocation Failure) [PSYoungGen: 85376K->416K(86016K)] 186502K->101542K(280576K), 0.0019543 secs] [Times: user=0.01 sys=0.00, real=0.00 secs] 
2021-08-19T02:40:28.131+0800: 36715.729: [GC (Allocation Failure) [PSYoungGen: 85408K->1024K(86016K)] 186534K->102158K(280576K), 0.0022509 secs] [Times: user=0.01 sys=0.00, real=0.00 secs] 
2021-08-19T02:40:39.686+0800: 36727.284: [GC (Allocation Failure) [PSYoungGen: 86016K->416K(86016K)] 187150K->101630K(280576K), 0.0024631 secs] [Times: user=0.01 sys=0.00, real=0.00 secs] 
2021-08-19T02:40:52.861+0800: 36740.459: [GC (Allocation Failure) [PSYoungGen: 85408K->416K(86016K)] 186622K->101630K(280576K), 0.0019629 secs] [Times: user=0.01 sys=0.00, real=0.00 secs] 
2021-08-19T02:41:05.861+0800: 36753.459: [GC (Allocation Failure) [PSYoungGen: 85408K->416K(86016K)] 186622K->101630K(280576K), 0.0024051 secs] [Times: user=0.02 sys=0.00, real=0.00 secs] 
2021-08-19T02:41:18.132+0800: 36765.729: [GC (Allocation Failure) [PSYoungGen: 85408K->992K(86016K)] 186622K->102206K(280576K), 0.0022566 secs] [Times: user=0.01 sys=0.00, real=0.00 secs] 
2021-08-19T02:41:30.184+0800: 36777.782: [GC (Allocation Failure) [PSYoungGen: 85984K->416K(86016K)] 187198K->101630K(280576K), 0.0025594 secs] [Times: user=0.02 sys=0.00, real=0.00 secs] 
2021-08-19T02:41:42.864+0800: 36790.462: [GC (Allocation Failure) [PSYoungGen: 85408K->416K(86016K)] 186622K->101630K(280576K), 0.0020926 secs] [Times: user=0.02 sys=0.00, real=0.00 secs] 
2021-08-19T02:41:55.683+0800: 36803.281: [GC (Allocation Failure) [PSYoungGen: 85408K->448K(86016K)] 186622K->101718K(280576K), 0.0018514 secs] [Times: user=0.01 sys=0.00, real=0.00 secs] 
2021-08-19T02:42:08.130+0800: 36815.728: [GC (Allocation Failure) [PSYoungGen: 85440K->704K(86016K)] 186710K->101974K(280576K), 0.0019775 secs] [Times: user=0.01 sys=0.00, real=0.01 secs] 
2021-08-19T02:42:19.684+0800: 36827.281: [GC (Allocation Failure) [PSYoungGen: 85696K->416K(86016K)] 186966K->101686K(280576K), 0.0021393 secs] [Times: user=0.02 sys=0.00, real=0.00 secs] 
2021-08-19T02:42:32.768+0800: 36840.365: [GC (Allocation Failure) [PSYoungGen: 85408K->384K(86016K)] 186678K->101654K(280576K), 0.0022648 secs] [Times: user=0.01 sys=0.00, real=0.00 secs] 
2021-08-19T02:42:45.686+0800: 36853.283: [GC (Allocation Failure) [PSYoungGen: 85376K->384K(86016K)] 186646K->101654K(280576K), 0.0022769 secs] [Times: user=0.01 sys=0.00, real=0.00 secs] 
2021-08-19T02:42:58.132+0800: 36865.730: [GC (Allocation Failure) [PSYoungGen: 85376K->768K(86016K)] 186646K->102046K(280576K), 0.0020010 secs] [Times: user=0.01 sys=0.00, real=0.00 secs] 
2021-08-19T02:43:09.683+0800: 36877.281: [GC (Allocation Failure) [PSYoungGen: 85760K->384K(86016K)] 187038K->101662K(280576K), 0.0020140 secs] [Times: user=0.01 sys=0.00, real=0.00 secs] 
2021-08-19T02:43:22.689+0800: 36890.287: [GC (Allocation Failure) [PSYoungGen: 85376K->384K(86016K)] 186654K->101662K(280576K), 0.0020991 secs] [Times: user=0.01 sys=0.00, real=0.01 secs] 
2021-08-19T02:43:35.867+0800: 36903.465: [GC (Allocation Failure) [PSYoungGen: 85376K->416K(86016K)] 186654K->101694K(280576K), 0.0023657 secs] [Times: user=0.02 sys=0.00, real=0.00 secs] 
2021-08-19T02:43:48.132+0800: 36915.730: [GC (Allocation Failure) [PSYoungGen: 85408K->704K(86016K)] 186686K->101982K(280576K), 0.0025087 secs] [Times: user=0.02 sys=0.00, real=0.00 secs] 
2021-08-19T02:43:59.683+0800: 36927.280: [GC (Allocation Failure) [PSYoungGen: 85696K->352K(86016K)] 186974K->101638K(280576K), 0.0019699 secs] [Times: user=0.01 sys=0.00, real=0.00 secs] 
2021-08-19T02:44:12.686+0800: 36940.284: [GC (Allocation Failure) [PSYoungGen: 85344K->416K(86016K)] 186630K->101734K(280576K), 0.0023864 secs] [Times: user=0.01 sys=0.00, real=0.00 secs] 
2021-08-19T02:44:25.868+0800: 36953.466: [GC (Allocation Failure) [PSYoungGen: 85408K->384K(86016K)] 186726K->101710K(280576K), 0.0024045 secs] [Times: user=0.02 sys=0.00, real=0.01 secs] 
2021-08-19T02:44:38.132+0800: 36965.730: [GC (Allocation Failure) [PSYoungGen: 85376K->736K(86016K)] 186702K->102062K(280576K), 0.0025726 secs] [Times: user=0.02 sys=0.00, real=0.00 secs] 
2021-08-19T02:44:49.683+0800: 36977.281: [GC (Allocation Failure) [PSYoungGen: 85728K->352K(86016K)] 187054K->101678K(280576K), 0.0021460 secs] [Times: user=0.01 sys=0.00, real=0.00 secs] 
2021-08-19T02:45:02.683+0800: 36990.281: [GC (Allocation Failure) [PSYoungGen: 85344K->416K(86016K)] 186670K->101766K(280576K), 0.0022354 secs] [Times: user=0.02 sys=0.00, real=0.00 secs] 
2021-08-19T02:45:15.684+0800: 37003.282: [GC (Allocation Failure) [PSYoungGen: 85408K->352K(86016K)] 186758K->101702K(280576K), 0.0019922 secs] [Times: user=0.01 sys=0.00, real=0.00 secs] 
2021-08-19T02:45:28.135+0800: 37015.732: [GC (Allocation Failure) [PSYoungGen: 85344K->736K(86016K)] 186694K->102086K(280576K), 0.0024905 secs] [Times: user=0.02 sys=0.00, real=0.00 secs] 
2021-08-19T02:45:39.188+0800: 37026.786: [GC (Allocation Failure) [PSYoungGen: 85728K->416K(86016K)] 187078K->101766K(280576K), 0.0020640 secs] [Times: user=0.01 sys=0.00, real=0.00 secs] 
2021-08-19T02:45:52.683+0800: 37040.281: [GC (Allocation Failure) [PSYoungGen: 85408K->416K(86016K)] 186758K->101766K(280576K), 0.0020688 secs] [Times: user=0.02 sys=0.00, real=0.00 secs] 
2021-08-19T02:46:05.685+0800: 37053.283: [GC (Allocation Failure) [PSYoungGen: 85408K->416K(86016K)] 186758K->101766K(280576K), 0.0019790 secs] [Times: user=0.01 sys=0.00, real=0.00 secs] 
2021-08-19T02:46:18.137+0800: 37065.734: [GC (Allocation Failure) [PSYoungGen: 85408K->640K(86016K)] 186758K->101990K(280576K), 0.0023170 secs] [Times: user=0.02 sys=0.00, real=0.00 secs] 
2021-08-19T02:46:29.871+0800: 37077.469: [GC (Allocation Failure) [PSYoungGen: 85632K->320K(86016K)] 186982K->101686K(280576K), 0.0021745 secs] [Times: user=0.02 sys=0.00, real=0.00 secs] 
2021-08-19T02:46:42.687+0800: 37090.285: [GC (Allocation Failure) [PSYoungGen: 85312K->384K(86016K)] 186678K->101750K(280576K), 0.0020260 secs] [Times: user=0.01 sys=0.00, real=0.00 secs] 
2021-08-19T02:46:55.872+0800: 37103.470: [GC (Allocation Failure) [PSYoungGen: 85376K->416K(86016K)] 186742K->101798K(280576K), 0.0023235 secs] [Times: user=0.02 sys=0.00, real=0.00 secs] 
2021-08-19T02:47:08.135+0800: 37115.733: [GC (Allocation Failure) [PSYoungGen: 85408K->768K(86016K)] 186790K->102150K(280576K), 0.0020936 secs] [Times: user=0.02 sys=0.00, real=0.00 secs] 
2021-08-19T02:47:19.873+0800: 37127.470: [GC (Allocation Failure) [PSYoungGen: 85760K->288K(86016K)] 187142K->101670K(280576K), 0.0019397 secs] [Times: user=0.01 sys=0.00, real=0.00 secs] 
2021-08-19T02:47:33.181+0800: 37140.779: [GC (Allocation Failure) [PSYoungGen: 85280K->416K(86016K)] 186662K->101798K(280576K), 0.0020508 secs] [Times: user=0.01 sys=0.00, real=0.00 secs] 
2021-08-19T02:47:45.875+0800: 37153.472: [GC (Allocation Failure) [PSYoungGen: 85408K->416K(86016K)] 186790K->101798K(280576K), 0.0022764 secs] [Times: user=0.02 sys=0.00, real=0.00 secs] 
2021-08-19T02:47:58.135+0800: 37165.733: [GC (Allocation Failure) [PSYoungGen: 85408K->1024K(86016K)] 186790K->102422K(280576K), 0.0024176 secs] [Times: user=0.02 sys=0.00, real=0.00 secs] 
2021-08-19T02:48:10.181+0800: 37177.778: [GC (Allocation Failure) [PSYoungGen: 86016K->384K(86016K)] 187414K->101782K(280576K), 0.0020899 secs] [Times: user=0.01 sys=0.00, real=0.00 secs] 
2021-08-19T02:48:23.181+0800: 37190.779: [GC (Allocation Failure) [PSYoungGen: 85376K->384K(86016K)] 186774K->101782K(280576K), 0.0025309 secs] [Times: user=0.02 sys=0.00, real=0.00 secs] 
2021-08-19T02:48:36.182+0800: 37203.780: [GC (Allocation Failure) [PSYoungGen: 85376K->416K(86016K)] 186774K->101878K(280576K), 0.0021921 secs] [Times: user=0.01 sys=0.00, real=0.00 secs] 
2021-08-19T02:48:48.139+0800: 37215.737: [GC (Allocation Failure) [PSYoungGen: 85408K->1024K(84992K)] 186870K->102486K(279552K), 0.0024858 secs] [Times: user=0.01 sys=0.00, real=0.01 secs] 
2021-08-19T02:48:59.877+0800: 37227.475: [GC (Allocation Failure) [PSYoungGen: 84992K->384K(85504K)] 186454K->101846K(280064K), 0.0019487 secs] [Times: user=0.01 sys=0.00, real=0.00 secs] 
2021-08-19T02:49:12.874+0800: 37240.472: [GC (Allocation Failure) [PSYoungGen: 84352K->384K(86016K)] 185814K->101846K(280576K), 0.0022229 secs] [Times: user=0.02 sys=0.00, real=0.00 secs] 
2021-08-19T02:49:25.791+0800: 37253.389: [GC (Allocation Failure) [PSYoungGen: 84864K->352K(85504K)] 186326K->101814K(280064K), 0.0021771 secs] [Times: user=0.01 sys=0.00, real=0.00 secs] 
2021-08-19T02:49:38.134+0800: 37265.731: [GC (Allocation Failure) [PSYoungGen: 84832K->640K(86016K)] 186294K->102102K(280576K), 0.0019458 secs] [Times: user=0.01 sys=0.00, real=0.00 secs] 
2021-08-19T02:49:49.186+0800: 37276.783: [GC (Allocation Failure) [PSYoungGen: 85632K->416K(86016K)] 187094K->101878K(280576K), 0.0021153 secs] [Times: user=0.02 sys=0.00, real=0.00 secs] 
2021-08-19T02:50:02.681+0800: 37290.278: [GC (Allocation Failure) [PSYoungGen: 85408K->560K(86016K)] 186870K->102022K(280576K), 0.0021876 secs] [Times: user=0.01 sys=0.00, real=0.00 secs] 
2021-08-19T02:50:15.681+0800: 37303.278: [GC (Allocation Failure) [PSYoungGen: 85552K->560K(86016K)] 187014K->102022K(280576K), 0.0021168 secs] [Times: user=0.01 sys=0.00, real=0.00 secs] 
2021-08-19T02:50:28.136+0800: 37315.733: [GC (Allocation Failure) [PSYoungGen: 85552K->976K(84992K)] 187014K->102438K(279552K), 0.0019987 secs] [Times: user=0.02 sys=0.00, real=0.00 secs] 
2021-08-19T02:50:39.182+0800: 37326.780: [GC (Allocation Failure) [PSYoungGen: 84944K->464K(85504K)] 186406K->101934K(280064K), 0.0020332 secs] [Times: user=0.01 sys=0.00, real=0.00 secs] 
2021-08-19T02:50:52.186+0800: 37339.783: [GC (Allocation Failure) [PSYoungGen: 84432K->640K(86016K)] 185902K->102110K(280576K), 0.0023201 secs] [Times: user=0.02 sys=0.00, real=0.00 secs] 
2021-08-19T02:51:05.182+0800: 37352.780: [GC (Allocation Failure) [PSYoungGen: 85632K->720K(86016K)] 187102K->102214K(280576K), 0.0019331 secs] [Times: user=0.01 sys=0.00, real=0.00 secs] 
2021-08-19T02:51:18.135+0800: 37365.733: [GC (Allocation Failure) [PSYoungGen: 85712K->992K(84992K)] 187206K->102534K(279552K), 0.0024212 secs] [Times: user=0.02 sys=0.00, real=0.00 secs] 
2021-08-19T02:51:29.180+0800: 37376.778: [GC (Allocation Failure) [PSYoungGen: 84960K->832K(85504K)] 186502K->102382K(280064K), 0.0020735 secs] [Times: user=0.01 sys=0.00, real=0.00 secs] 
2021-08-19T02:51:41.879+0800: 37389.477: [GC (Allocation Failure) [PSYoungGen: 84800K->944K(85504K)] 186350K->102502K(280064K), 0.0024916 secs] [Times: user=0.01 sys=0.00, real=0.01 secs] 
2021-08-19T02:51:54.680+0800: 37402.278: [GC (Allocation Failure) [PSYoungGen: 84912K->1056K(85504K)] 186470K->102614K(280064K), 0.0020323 secs] [Times: user=0.02 sys=0.00, real=0.00 secs] 
2021-08-19T02:52:07.475+0800: 37415.073: [GC (Allocation Failure) [PSYoungGen: 85024K->1120K(85504K)] 186582K->102678K(280064K), 0.0023640 secs] [Times: user=0.02 sys=0.00, real=0.00 secs] 
2021-08-19T02:52:18.182+0800: 37425.780: [GC (Allocation Failure) [PSYoungGen: 85088K->1072K(85504K)] 186646K->102630K(280064K), 0.0020541 secs] [Times: user=0.01 sys=0.00, real=0.00 secs] 
2021-08-19T02:52:31.183+0800: 37438.780: [GC (Allocation Failure) [PSYoungGen: 85040K->1152K(85504K)] 186598K->102710K(280064K), 0.0021091 secs] [Times: user=0.02 sys=0.00, real=0.00 secs] 
2021-08-19T02:52:44.053+0800: 37451.650: [GC (Allocation Failure) [PSYoungGen: 85119K->976K(85504K)] 186678K->102534K(280064K), 0.0021133 secs] [Times: user=0.02 sys=0.00, real=0.00 secs] 
2021-08-19T02:52:56.852+0800: 37464.450: [GC (Allocation Failure) [PSYoungGen: 84944K->880K(85504K)] 186502K->102662K(280064K), 0.0019543 secs] [Times: user=0.01 sys=0.01, real=0.00 secs] 
2021-08-19T02:53:08.143+0800: 37475.740: [GC (Allocation Failure) [PSYoungGen: 84848K->1520K(85504K)] 186630K->103582K(280064K), 0.0022003 secs] [Times: user=0.02 sys=0.00, real=0.00 secs] 
2021-08-19T02:53:20.183+0800: 37487.780: [GC (Allocation Failure) [PSYoungGen: 85488K->928K(84480K)] 187550K->103006K(279040K), 0.0022428 secs] [Times: user=0.01 sys=0.00, real=0.00 secs] 
2021-08-19T02:53:33.182+0800: 37500.780: [GC (Allocation Failure) [PSYoungGen: 83872K->896K(84992K)] 185950K->102974K(279552K), 0.0028175 secs] [Times: user=0.02 sys=0.00, real=0.00 secs] 
2021-08-19T02:53:45.679+0800: 37513.277: [GC (Allocation Failure) [PSYoungGen: 83840K->848K(84992K)] 185918K->102926K(279552K), 0.0021098 secs] [Times: user=0.02 sys=0.00, real=0.01 secs] 
2021-08-19T02:53:58.136+0800: 37525.734: [GC (Allocation Failure) [PSYoungGen: 83792K->1136K(84992K)] 185870K->103438K(279552K), 0.0021519 secs] [Times: user=0.02 sys=0.00, real=0.00 secs] 
2021-08-19T02:54:09.179+0800: 37536.777: [GC (Allocation Failure) [PSYoungGen: 84080K->704K(84992K)] 186382K->103014K(279552K), 0.0020636 secs] [Times: user=0.02 sys=0.00, real=0.01 secs] 
2021-08-19T02:54:21.679+0800: 37549.277: [GC (Allocation Failure) [PSYoungGen: 83648K->640K(84992K)] 185958K->103126K(279552K), 0.0031752 secs] [Times: user=0.02 sys=0.01, real=0.01 secs] 
2021-08-19T02:54:34.181+0800: 37561.779: [GC (Allocation Failure) [PSYoungGen: 83584K->592K(85504K)] 186070K->103198K(280064K), 0.0023282 secs] [Times: user=0.02 sys=0.00, real=0.00 secs] 
2021-08-19T02:54:47.180+0800: 37574.778: [GC (Allocation Failure) [PSYoungGen: 84560K->496K(85504K)] 187166K->103294K(280064K), 0.0020325 secs] [Times: user=0.01 sys=0.00, real=0.01 secs] 
2021-08-19T02:54:58.179+0800: 37585.777: [GC (Allocation Failure) [PSYoungGen: 84464K->416K(85504K)] 187262K->103334K(280064K), 0.0019715 secs] [Times: user=0.01 sys=0.00, real=0.01 secs] 
2021-08-19T02:55:10.883+0800: 37598.481: [GC (Allocation Failure) [PSYoungGen: 84384K->384K(85504K)] 187302K->103302K(280064K), 0.0020132 secs] [Times: user=0.01 sys=0.00, real=0.00 secs] 
2021-08-19T02:55:23.680+0800: 37611.278: [GC (Allocation Failure) [PSYoungGen: 84352K->384K(85504K)] 187270K->103318K(280064K), 0.0021772 secs] [Times: user=0.02 sys=0.00, real=0.00 secs] 
2021-08-19T02:55:36.680+0800: 37624.278: [GC (Allocation Failure) [PSYoungGen: 84352K->384K(85504K)] 187286K->103318K(280064K), 0.0018893 secs] [Times: user=0.01 sys=0.00, real=0.00 secs] 
2021-08-19T02:55:48.142+0800: 37635.739: [GC (Allocation Failure) [PSYoungGen: 84352K->1184K(84480K)] 187286K->104118K(279040K), 0.0023217 secs] [Times: user=0.02 sys=0.00, real=0.00 secs] 
2021-08-19T02:56:00.179+0800: 37647.777: [GC (Allocation Failure) [PSYoungGen: 84128K->416K(84992K)] 187062K->103366K(279552K), 0.0023393 secs] [Times: user=0.02 sys=0.00, real=0.01 secs] 
2021-08-19T02:56:12.679+0800: 37660.276: [GC (Allocation Failure) [PSYoungGen: 83360K->384K(85504K)] 186310K->103350K(280064K), 0.0019500 secs] [Times: user=0.02 sys=0.00, real=0.01 secs] 
2021-08-19T02:56:25.181+0800: 37672.779: [GC (Allocation Failure) [PSYoungGen: 83840K->384K(84992K)] 186806K->103350K(279552K), 0.0020169 secs] [Times: user=0.01 sys=0.00, real=0.00 secs] 
2021-08-19T02:56:38.132+0800: 37685.730: [GC (Allocation Failure) [PSYoungGen: 83840K->384K(85504K)] 186806K->103350K(280064K), 0.0019481 secs] [Times: user=0.01 sys=0.00, real=0.00 secs] 
2021-08-19T02:56:48.883+0800: 37696.481: [GC (Allocation Failure) [PSYoungGen: 84352K->384K(85504K)] 187318K->103374K(280064K), 0.0021656 secs] [Times: user=0.02 sys=0.00, real=0.00 secs] 
2021-08-19T02:57:01.683+0800: 37709.281: [GC (Allocation Failure) [PSYoungGen: 84352K->416K(85504K)] 187342K->103406K(280064K), 0.0025330 secs] [Times: user=0.02 sys=0.00, real=0.00 secs] 
2021-08-19T02:57:14.679+0800: 37722.277: [GC (Allocation Failure) [PSYoungGen: 84384K->416K(85504K)] 187374K->103406K(280064K), 0.0019077 secs] [Times: user=0.01 sys=0.00, real=0.01 secs] 
2021-08-19T02:57:27.677+0800: 37735.274: [GC (Allocation Failure) [PSYoungGen: 84384K->416K(85504K)] 187374K->103406K(280064K), 0.0020455 secs] [Times: user=0.02 sys=0.00, real=0.00 secs] 
2021-08-19T02:57:38.179+0800: 37745.776: [GC (Allocation Failure) [PSYoungGen: 84384K->416K(85504K)] 187374K->103406K(280064K), 0.0019842 secs] [Times: user=0.01 sys=0.00, real=0.01 secs] 
2021-08-19T02:57:51.178+0800: 37758.776: [GC (Allocation Failure) [PSYoungGen: 84384K->416K(85504K)] 187374K->103406K(280064K), 0.0020419 secs] [Times: user=0.01 sys=0.00, real=0.01 secs] 
2021-08-19T02:58:04.177+0800: 37771.775: [GC (Allocation Failure) [PSYoungGen: 84384K->416K(85504K)] 187374K->103406K(280064K), 0.0019003 secs] [Times: user=0.02 sys=0.00, real=0.00 secs] 
2021-08-19T02:58:16.885+0800: 37784.483: [GC (Allocation Failure) [PSYoungGen: 84384K->416K(85504K)] 187374K->103422K(280064K), 0.0024841 secs] [Times: user=0.02 sys=0.00, real=0.00 secs] 
2021-08-19T02:58:28.143+0800: 37795.741: [GC (Allocation Failure) [PSYoungGen: 84384K->864K(85504K)] 187390K->103870K(280064K), 0.0022221 secs] [Times: user=0.01 sys=0.00, real=0.00 secs] 
2021-08-19T02:58:40.180+0800: 37807.778: [GC (Allocation Failure) [PSYoungGen: 84832K->416K(85504K)] 187838K->103422K(280064K), 0.0022462 secs] [Times: user=0.02 sys=0.00, real=0.01 secs] 
2021-08-19T02:58:53.180+0800: 37820.777: [GC (Allocation Failure) [PSYoungGen: 84384K->416K(85504K)] 187390K->103422K(280064K), 0.0019038 secs] [Times: user=0.01 sys=0.00, real=0.01 secs] 
2021-08-19T02:59:06.181+0800: 37833.779: [GC (Allocation Failure) [PSYoungGen: 84384K->416K(86016K)] 187390K->103422K(280576K), 0.0020435 secs] [Times: user=0.01 sys=0.00, real=0.00 secs] 
2021-08-19T02:59:18.143+0800: 37845.741: [GC (Allocation Failure) [PSYoungGen: 84896K->1024K(85504K)] 187902K->104038K(280064K), 0.0025232 secs] [Times: user=0.01 sys=0.00, real=0.00 secs] 
2021-08-19T02:59:30.181+0800: 37857.778: [GC (Allocation Failure) [PSYoungGen: 85504K->416K(85504K)] 188518K->103470K(280064K), 0.0024085 secs] [Times: user=0.01 sys=0.00, real=0.00 secs] 
2021-08-19T02:59:42.885+0800: 37870.483: [GC (Allocation Failure) [PSYoungGen: 84384K->384K(85504K)] 187438K->103438K(280064K), 0.0019821 secs] [Times: user=0.01 sys=0.00, real=0.00 secs] 
2021-08-19T02:59:55.678+0800: 37883.275: [GC (Allocation Failure) [PSYoungGen: 84352K->384K(85504K)] 187406K->103438K(280064K), 0.0020881 secs] [Times: user=0.01 sys=0.00, real=0.00 secs] 
2021-08-19T03:00:08.138+0800: 37895.736: [GC (Allocation Failure) [PSYoungGen: 84352K->736K(85504K)] 187406K->103790K(280064K), 0.0022429 secs] [Times: user=0.02 sys=0.00, real=0.01 secs] 
2021-08-19T03:00:19.184+0800: 37906.782: [GC (Allocation Failure) [PSYoungGen: 84704K->352K(85504K)] 187758K->103454K(280064K), 0.0021497 secs] [Times: user=0.02 sys=0.00, real=0.00 secs] 
2021-08-19T03:00:32.181+0800: 37919.779: [GC (Allocation Failure) [PSYoungGen: 84320K->384K(85504K)] 187422K->103486K(280064K), 0.0019331 secs] [Times: user=0.01 sys=0.00, real=0.00 secs] 
2021-08-19T03:00:45.177+0800: 37932.775: [GC (Allocation Failure) [PSYoungGen: 84352K->416K(86016K)] 187454K->103550K(280576K), 0.0022704 secs] [Times: user=0.02 sys=0.00, real=0.00 secs] 
2021-08-19T03:00:58.133+0800: 37945.731: [GC (Allocation Failure) [PSYoungGen: 84896K->416K(85504K)] 188030K->103550K(280064K), 0.0020826 secs] [Times: user=0.02 sys=0.00, real=0.00 secs] 
2021-08-19T03:01:08.888+0800: 37956.486: [GC (Allocation Failure) [PSYoungGen: 84896K->384K(86016K)] 188030K->103518K(280576K), 0.0023552 secs] [Times: user=0.01 sys=0.00, real=0.01 secs] 
2021-08-19T03:01:22.177+0800: 37969.775: [GC (Allocation Failure) [PSYoungGen: 85376K->416K(86016K)] 188510K->103550K(280576K), 0.0021417 secs] [Times: user=0.01 sys=0.00, real=0.00 secs] 
2021-08-19T03:01:35.178+0800: 37982.776: [GC (Allocation Failure) [PSYoungGen: 85408K->416K(86016K)] 188542K->103550K(280576K), 0.0023276 secs] [Times: user=0.01 sys=0.00, real=0.01 secs] 
2021-08-19T03:01:47.768+0800: 37995.365: [GC (Allocation Failure) [PSYoungGen: 85408K->384K(86016K)] 188542K->103518K(280576K), 0.0022088 secs] [Times: user=0.01 sys=0.00, real=0.00 secs] 
2021-08-19T03:01:58.888+0800: 38006.485: [GC (Allocation Failure) [PSYoungGen: 85376K->384K(86016K)] 188510K->103518K(280576K), 0.0022189 secs] [Times: user=0.02 sys=0.00, real=0.00 secs] 
2021-08-19T03:02:12.179+0800: 38019.777: [GC (Allocation Failure) [PSYoungGen: 85376K->416K(86016K)] 188510K->103550K(280576K), 0.0022487 secs] [Times: user=0.02 sys=0.00, real=0.01 secs] 
2021-08-19T03:02:25.178+0800: 38032.776: [GC (Allocation Failure) [PSYoungGen: 85408K->416K(86016K)] 188542K->103558K(280576K), 0.0021436 secs] [Times: user=0.01 sys=0.00, real=0.00 secs] 
2021-08-19T03:02:37.887+0800: 38045.485: [GC (Allocation Failure) [PSYoungGen: 85408K->384K(86016K)] 188550K->103526K(280576K), 0.0021810 secs] [Times: user=0.02 sys=0.00, real=0.00 secs] 
2021-08-19T03:02:48.679+0800: 38056.277: [GC (Allocation Failure) [PSYoungGen: 85376K->416K(86016K)] 188518K->103558K(280576K), 0.0019250 secs] [Times: user=0.01 sys=0.00, real=0.01 secs] 
2021-08-19T03:03:01.887+0800: 38069.485: [GC (Allocation Failure) [PSYoungGen: 85408K->416K(86016K)] 188550K->103558K(280576K), 0.0022374 secs] [Times: user=0.02 sys=0.00, real=0.00 secs] 
2021-08-19T03:03:14.889+0800: 38082.486: [GC (Allocation Failure) [PSYoungGen: 85408K->416K(86016K)] 188550K->103582K(280576K), 0.0018704 secs] [Times: user=0.02 sys=0.00, real=0.01 secs] 
2021-08-19T03:03:27.888+0800: 38095.486: [GC (Allocation Failure) [PSYoungGen: 85408K->416K(86016K)] 188574K->103582K(280576K), 0.0020137 secs] [Times: user=0.01 sys=0.00, real=0.01 secs] 
2021-08-19T03:03:38.344+0800: 38105.942: [GC (Allocation Failure) [PSYoungGen: 85408K->320K(86016K)] 188574K->103510K(280576K), 0.0019488 secs] [Times: user=0.01 sys=0.00, real=0.00 secs] 
2021-08-19T03:03:51.677+0800: 38119.275: [GC (Allocation Failure) [PSYoungGen: 85312K->416K(86016K)] 188502K->103606K(280576K), 0.0020168 secs] [Times: user=0.01 sys=0.00, real=0.00 secs] 
2021-08-19T03:04:04.679+0800: 38132.277: [GC (Allocation Failure) [PSYoungGen: 85408K->416K(86016K)] 188598K->103606K(280576K), 0.0020060 secs] [Times: user=0.01 sys=0.00, real=0.01 secs] 
2021-08-19T03:04:17.678+0800: 38145.275: [GC (Allocation Failure) [PSYoungGen: 85408K->384K(86016K)] 188598K->103574K(280576K), 0.0019515 secs] [Times: user=0.01 sys=0.00, real=0.00 secs] 
2021-08-19T03:04:28.689+0800: 38156.287: [GC (Allocation Failure) [PSYoungGen: 85376K->384K(86016K)] 188566K->103574K(280576K), 0.0020130 secs] [Times: user=0.01 sys=0.00, real=0.01 secs] 
2021-08-19T03:04:41.182+0800: 38168.780: [GC (Allocation Failure) [PSYoungGen: 85376K->384K(86016K)] 188566K->103574K(280576K), 0.0019478 secs] [Times: user=0.01 sys=0.00, real=0.00 secs] 
2021-08-19T03:04:54.352+0800: 38181.949: [GC (Allocation Failure) [PSYoungGen: 85376K->384K(86016K)] 188566K->103574K(280576K), 0.0018269 secs] [Times: user=0.01 sys=0.00, real=0.00 secs] 
2021-08-19T03:05:07.677+0800: 38195.274: [GC (Allocation Failure) [PSYoungGen: 85376K->416K(86016K)] 188566K->103606K(280576K), 0.0020309 secs] [Times: user=0.01 sys=0.00, real=0.00 secs] 
2021-08-19T03:05:18.681+0800: 38206.279: [GC (Allocation Failure) [PSYoungGen: 85408K->416K(86016K)] 188598K->103678K(280576K), 0.0022537 secs] [Times: user=0.01 sys=0.00, real=0.00 secs] 
2021-08-19T03:05:31.680+0800: 38219.278: [GC (Allocation Failure) [PSYoungGen: 85408K->320K(86016K)] 188670K->103582K(280576K), 0.0022788 secs] [Times: user=0.02 sys=0.00, real=0.00 secs] 
2021-08-19T03:05:44.181+0800: 38231.779: [GC (Allocation Failure) [PSYoungGen: 85312K->416K(86016K)] 188574K->103678K(280576K), 0.0019944 secs] [Times: user=0.02 sys=0.00, real=0.00 secs] 
2021-08-19T03:05:57.181+0800: 38244.779: [GC (Allocation Failure) [PSYoungGen: 85408K->416K(86016K)] 188670K->103678K(280576K), 0.0020007 secs] [Times: user=0.01 sys=0.00, real=0.00 secs] 
2021-08-19T03:06:08.181+0800: 38255.779: [GC (Allocation Failure) [PSYoungGen: 85408K->416K(86528K)] 188670K->103678K(281088K), 0.0019544 secs] [Times: user=0.01 sys=0.00, real=0.00 secs] 
2021-08-19T03:06:21.677+0800: 38269.275: [GC (Allocation Failure) [PSYoungGen: 85920K->416K(86016K)] 189182K->103678K(280576K), 0.0021450 secs] [Times: user=0.02 sys=0.00, real=0.00 secs] 
2021-08-19T03:06:35.177+0800: 38282.774: [GC (Allocation Failure) [PSYoungGen: 85920K->384K(86528K)] 189182K->103646K(281088K), 0.0020133 secs] [Times: user=0.02 sys=0.00, real=0.00 secs] 
2021-08-19T03:06:48.137+0800: 38295.735: [GC (Allocation Failure) [PSYoungGen: 86400K->384K(86528K)] 189662K->103646K(281088K), 0.0018978 secs] [Times: user=0.02 sys=0.00, real=0.00 secs] 
2021-08-19T03:06:59.178+0800: 38306.776: [GC (Allocation Failure) [PSYoungGen: 86400K->384K(86528K)] 189662K->103646K(281088K), 0.0019242 secs] [Times: user=0.02 sys=0.00, real=0.01 secs] 
2021-08-19T03:07:12.181+0800: 38319.779: [GC (Allocation Failure) [PSYoungGen: 86400K->416K(86528K)] 189662K->103678K(281088K), 0.0021404 secs] [Times: user=0.01 sys=0.00, real=0.00 secs] 
2021-08-19T03:07:25.679+0800: 38333.277: [GC (Allocation Failure) [PSYoungGen: 86432K->416K(86528K)] 189694K->103702K(281088K), 0.0021016 secs] [Times: user=0.02 sys=0.00, real=0.01 secs] 
2021-08-19T03:07:38.147+0800: 38345.745: [GC (Allocation Failure) [PSYoungGen: 86432K->480K(86528K)] 189718K->103766K(281088K), 0.0022410 secs] [Times: user=0.01 sys=0.00, real=0.00 secs] 
2021-08-19T03:07:50.178+0800: 38357.776: [GC (Allocation Failure) [PSYoungGen: 86496K->416K(86528K)] 189782K->103702K(281088K), 0.0021020 secs] [Times: user=0.02 sys=0.00, real=0.01 secs] 
2021-08-19T03:08:03.181+0800: 38370.779: [GC (Allocation Failure) [PSYoungGen: 86432K->384K(86528K)] 189718K->103678K(281088K), 0.0019409 secs] [Times: user=0.01 sys=0.00, real=0.00 secs] 
2021-08-19T03:08:16.183+0800: 38383.781: [GC (Allocation Failure) [PSYoungGen: 86400K->416K(86528K)] 189694K->103710K(281088K), 0.0018705 secs] [Times: user=0.01 sys=0.00, real=0.00 secs] 
2021-08-19T03:08:28.151+0800: 38395.749: [GC (Allocation Failure) [PSYoungGen: 86432K->512K(86528K)] 189726K->104094K(281088K), 0.0024618 secs] [Times: user=0.01 sys=0.00, real=0.00 secs] 
2021-08-19T03:08:40.890+0800: 38408.487: [GC (Allocation Failure) [PSYoungGen: 86528K->384K(85504K)] 190110K->103966K(280064K), 0.0024995 secs] [Times: user=0.02 sys=0.00, real=0.01 secs] 
2021-08-19T03:08:54.176+0800: 38421.774: [GC (Allocation Failure) [PSYoungGen: 85376K->416K(86016K)] 188958K->103998K(280576K), 0.0020605 secs] [Times: user=0.02 sys=0.00, real=0.00 secs] 
2021-08-19T03:09:07.177+0800: 38434.775: [GC (Allocation Failure) [PSYoungGen: 85408K->352K(86016K)] 188990K->103942K(280576K), 0.0021620 secs] [Times: user=0.01 sys=0.00, real=0.00 secs] 
2021-08-19T03:09:18.176+0800: 38445.774: [GC (Allocation Failure) [PSYoungGen: 85344K->384K(86016K)] 188934K->103974K(280576K), 0.0018967 secs] [Times: user=0.01 sys=0.00, real=0.00 secs] 
2021-08-19T03:09:31.179+0800: 38458.777: [GC (Allocation Failure) [PSYoungGen: 85376K->416K(86016K)] 188966K->104006K(280576K), 0.0022254 secs] [Times: user=0.02 sys=0.00, real=0.01 secs] 
2021-08-19T03:09:44.176+0800: 38471.774: [GC (Allocation Failure) [PSYoungGen: 85408K->416K(86016K)] 188998K->104006K(280576K), 0.0019308 secs] [Times: user=0.02 sys=0.00, real=0.00 secs] 
2021-08-19T03:09:57.178+0800: 38484.775: [GC (Allocation Failure) [PSYoungGen: 85408K->384K(86016K)] 188998K->103990K(280576K), 0.0021318 secs] [Times: user=0.01 sys=0.00, real=0.00 secs] 
2021-08-19T03:10:08.178+0800: 38495.776: [GC (Allocation Failure) [PSYoungGen: 85376K->384K(86016K)] 188982K->103990K(280576K), 0.0022387 secs] [Times: user=0.01 sys=0.00, real=0.01 secs] 
2021-08-19T03:10:21.180+0800: 38508.778: [GC (Allocation Failure) [PSYoungGen: 85376K->416K(86016K)] 188982K->104022K(280576K), 0.0020954 secs] [Times: user=0.01 sys=0.00, real=0.00 secs] 
2021-08-19T03:10:34.183+0800: 38521.780: [GC (Allocation Failure) [PSYoungGen: 85408K->416K(86016K)] 189014K->104022K(280576K), 0.0019884 secs] [Times: user=0.01 sys=0.00, real=0.00 secs] 
2021-08-19T03:10:47.178+0800: 38534.775: [GC (Allocation Failure) [PSYoungGen: 85408K->352K(86016K)] 189014K->104006K(280576K), 0.0023868 secs] [Times: user=0.02 sys=0.00, real=0.00 secs] 
2021-08-19T03:10:58.179+0800: 38545.776: [GC (Allocation Failure) [PSYoungGen: 85344K->416K(86016K)] 188998K->104070K(280576K), 0.0021047 secs] [Times: user=0.01 sys=0.00, real=0.01 secs] 
2021-08-19T03:11:11.177+0800: 38558.775: [GC (Allocation Failure) [PSYoungGen: 85408K->416K(86528K)] 189062K->104070K(281088K), 0.0018960 secs] [Times: user=0.01 sys=0.00, real=0.00 secs] 
2021-08-19T03:11:24.179+0800: 38571.777: [GC (Allocation Failure) [PSYoungGen: 85920K->384K(86016K)] 189574K->104038K(280576K), 0.0019930 secs] [Times: user=0.02 sys=0.00, real=0.01 secs] 
2021-08-19T03:11:37.181+0800: 38584.779: [GC (Allocation Failure) [PSYoungGen: 85888K->384K(86528K)] 189542K->104038K(281088K), 0.0018354 secs] [Times: user=0.01 sys=0.00, real=0.00 secs] 
2021-08-19T03:11:48.183+0800: 38595.781: [GC (Allocation Failure) [PSYoungGen: 86400K->416K(86528K)] 190054K->104070K(281088K), 0.0019262 secs] [Times: user=0.01 sys=0.00, real=0.00 secs] 
2021-08-19T03:12:01.678+0800: 38609.275: [GC (Allocation Failure) [PSYoungGen: 86432K->384K(86528K)] 190086K->104038K(281088K), 0.0021214 secs] [Times: user=0.01 sys=0.00, real=0.00 secs] 
2021-08-19T03:12:15.178+0800: 38622.776: [GC (Allocation Failure) [PSYoungGen: 86400K->320K(86528K)] 190054K->103974K(281088K), 0.0020467 secs] [Times: user=0.02 sys=0.00, real=0.01 secs] 
2021-08-19T03:12:28.143+0800: 38635.741: [GC (Allocation Failure) [PSYoungGen: 86336K->384K(86528K)] 189990K->104038K(281088K), 0.0018993 secs] [Times: user=0.01 sys=0.00, real=0.00 secs] 
2021-08-19T03:12:39.178+0800: 38646.776: [GC (Allocation Failure) [PSYoungGen: 86400K->416K(86528K)] 190054K->104070K(281088K), 0.0019957 secs] [Times: user=0.02 sys=0.00, real=0.01 secs] 
2021-08-19T03:12:52.190+0800: 38659.788: [GC (Allocation Failure) [PSYoungGen: 86432K->352K(86528K)] 190086K->104006K(281088K), 0.0021939 secs] [Times: user=0.01 sys=0.00, real=0.00 secs] 
2021-08-19T03:13:05.678+0800: 38673.276: [GC (Allocation Failure) [PSYoungGen: 86368K->416K(86528K)] 190022K->104070K(281088K), 0.0022636 secs] [Times: user=0.01 sys=0.00, real=0.01 secs] 
2021-08-19T03:13:18.150+0800: 38685.747: [GC (Allocation Failure) [PSYoungGen: 86432K->512K(85504K)] 190086K->104574K(280064K), 0.0022083 secs] [Times: user=0.01 sys=0.00, real=0.01 secs] 
2021-08-19T03:13:30.178+0800: 38697.776: [GC (Allocation Failure) [PSYoungGen: 85504K->384K(86016K)] 189566K->104462K(280576K), 0.0020482 secs] [Times: user=0.02 sys=0.00, real=0.01 secs] 
2021-08-19T03:13:43.177+0800: 38710.775: [GC (Allocation Failure) [PSYoungGen: 85376K->384K(86016K)] 189454K->104462K(280576K), 0.0023457 secs] [Times: user=0.02 sys=0.00, real=0.00 secs] 
2021-08-19T03:13:56.177+0800: 38723.775: [GC (Allocation Failure) [PSYoungGen: 85376K->384K(86016K)] 189454K->104462K(280576K), 0.0021676 secs] [Times: user=0.01 sys=0.00, real=0.00 secs] 
2021-08-19T03:14:08.150+0800: 38735.747: [GC (Allocation Failure) [PSYoungGen: 85376K->1024K(86016K)] 189454K->105134K(280576K), 0.0025658 secs] [Times: user=0.02 sys=0.00, real=0.01 secs] 
2021-08-19T03:14:20.179+0800: 38747.777: [GC (Allocation Failure) [PSYoungGen: 86016K->416K(86016K)] 190126K->104526K(280576K), 0.0020099 secs] [Times: user=0.02 sys=0.00, real=0.01 secs] 
2021-08-19T03:14:33.179+0800: 38760.777: [GC (Allocation Failure) [PSYoungGen: 85408K->384K(86016K)] 189518K->104494K(280576K), 0.0023645 secs] [Times: user=0.01 sys=0.00, real=0.01 secs] 
2021-08-19T03:14:46.178+0800: 38773.776: [GC (Allocation Failure) [PSYoungGen: 85376K->352K(86016K)] 189486K->104462K(280576K), 0.0020201 secs] [Times: user=0.01 sys=0.00, real=0.01 secs] 
2021-08-19T03:14:58.151+0800: 38785.749: [GC (Allocation Failure) [PSYoungGen: 85344K->1024K(86016K)] 189454K->105150K(280576K), 0.0019939 secs] [Times: user=0.02 sys=0.00, real=0.00 secs] 
2021-08-19T03:15:10.178+0800: 38797.776: [GC (Allocation Failure) [PSYoungGen: 86016K->416K(86016K)] 190142K->104542K(280576K), 0.0019033 secs] [Times: user=0.01 sys=0.00, real=0.00 secs] 
2021-08-19T03:15:23.184+0800: 38810.782: [GC (Allocation Failure) [PSYoungGen: 85408K->384K(86016K)] 189534K->104510K(280576K), 0.0020921 secs] [Times: user=0.02 sys=0.00, real=0.00 secs] 
2021-08-19T03:15:36.182+0800: 38823.780: [GC (Allocation Failure) [PSYoungGen: 85376K->416K(86016K)] 189502K->104542K(280576K), 0.0027094 secs] [Times: user=0.01 sys=0.00, real=0.00 secs] 
2021-08-19T03:15:48.152+0800: 38835.749: [GC (Allocation Failure) [PSYoungGen: 85408K->992K(84992K)] 189534K->105118K(279552K), 0.0022528 secs] [Times: user=0.02 sys=0.00, real=0.00 secs] 
2021-08-19T03:16:00.177+0800: 38847.775: [GC (Allocation Failure) [PSYoungGen: 84960K->416K(85504K)] 189086K->104542K(280064K), 0.0019861 secs] [Times: user=0.02 sys=0.00, real=0.00 secs] 
2021-08-19T03:16:12.886+0800: 38860.483: [GC (Allocation Failure) [PSYoungGen: 84384K->416K(86016K)] 188510K->104566K(280576K), 0.0020951 secs] [Times: user=0.02 sys=0.00, real=0.00 secs] 
2021-08-19T03:16:26.179+0800: 38873.777: [GC (Allocation Failure) [PSYoungGen: 85408K->352K(86016K)] 189558K->104518K(280576K), 0.0020319 secs] [Times: user=0.02 sys=0.00, real=0.01 secs] 
2021-08-19T03:16:38.149+0800: 38885.746: [GC (Allocation Failure) [PSYoungGen: 85344K->800K(84992K)] 189510K->104966K(279552K), 0.0020188 secs] [Times: user=0.01 sys=0.00, real=0.01 secs] 
2021-08-19T03:16:49.677+0800: 38897.275: [GC (Allocation Failure) [PSYoungGen: 84768K->384K(85504K)] 188934K->104550K(280064K), 0.0019833 secs] [Times: user=0.01 sys=0.00, real=0.00 secs] 
2021-08-19T03:17:02.182+0800: 38909.780: [GC (Allocation Failure) [PSYoungGen: 84352K->384K(86016K)] 188518K->104550K(280576K), 0.0019626 secs] [Times: user=0.01 sys=0.00, real=0.00 secs] 
2021-08-19T03:17:15.677+0800: 38923.275: [GC (Allocation Failure) [PSYoungGen: 85376K->384K(86016K)] 189542K->104614K(280576K), 0.0025232 secs] [Times: user=0.02 sys=0.00, real=0.00 secs] 
2021-08-19T03:17:28.148+0800: 38935.746: [GC (Allocation Failure) [PSYoungGen: 85376K->768K(86016K)] 189606K->104998K(280576K), 0.0019320 secs] [Times: user=0.01 sys=0.00, real=0.01 secs] 
2021-08-19T03:17:39.181+0800: 38946.779: [GC (Allocation Failure) [PSYoungGen: 85760K->416K(86016K)] 189990K->104646K(280576K), 0.0020198 secs] [Times: user=0.01 sys=0.00, real=0.00 secs] 
2021-08-19T03:17:52.677+0800: 38960.275: [GC (Allocation Failure) [PSYoungGen: 85408K->352K(86016K)] 189638K->104582K(280576K), 0.0020516 secs] [Times: user=0.01 sys=0.00, real=0.00 secs] 
2021-08-19T03:18:05.680+0800: 38973.278: [GC (Allocation Failure) [PSYoungGen: 85344K->352K(86016K)] 189574K->104638K(280576K), 0.0024153 secs] [Times: user=0.01 sys=0.00, real=0.00 secs] 
2021-08-19T03:18:18.150+0800: 38985.748: [GC (Allocation Failure) [PSYoungGen: 85344K->448K(86016K)] 189630K->104734K(280576K), 0.0020621 secs] [Times: user=0.01 sys=0.00, real=0.01 secs] 
2021-08-19T03:18:29.685+0800: 38997.283: [GC (Allocation Failure) [PSYoungGen: 85440K->352K(86016K)] 189726K->104638K(280576K), 0.0020330 secs] [Times: user=0.02 sys=0.00, real=0.00 secs] 
2021-08-19T03:18:42.678+0800: 39010.276: [GC (Allocation Failure) [PSYoungGen: 85344K->384K(86016K)] 189630K->104670K(280576K), 0.0020259 secs] [Times: user=0.02 sys=0.00, real=0.01 secs] 
2021-08-19T03:18:55.683+0800: 39023.280: [GC (Allocation Failure) [PSYoungGen: 85376K->416K(86016K)] 189662K->104702K(280576K), 0.0020906 secs] [Times: user=0.01 sys=0.00, real=0.00 secs] 
2021-08-19T03:19:08.150+0800: 39035.748: [GC (Allocation Failure) [PSYoungGen: 85408K->480K(86016K)] 189694K->104766K(280576K), 0.0020585 secs] [Times: user=0.02 sys=0.00, real=0.01 secs] 
2021-08-19T03:19:19.680+0800: 39047.278: [GC (Allocation Failure) [PSYoungGen: 85472K->416K(86016K)] 189758K->104702K(280576K), 0.0020258 secs] [Times: user=0.01 sys=0.00, real=0.00 secs] 
2021-08-19T03:19:32.887+0800: 39060.485: [GC (Allocation Failure) [PSYoungGen: 85408K->416K(86016K)] 189694K->104718K(280576K), 0.0020406 secs] [Times: user=0.01 sys=0.00, real=0.00 secs] 
2021-08-19T03:19:45.681+0800: 39073.279: [GC (Allocation Failure) [PSYoungGen: 85408K->432K(86016K)] 189710K->104734K(280576K), 0.0020241 secs] [Times: user=0.02 sys=0.00, real=0.00 secs] 
2021-08-19T03:19:58.150+0800: 39085.748: [GC (Allocation Failure) [PSYoungGen: 85424K->976K(86016K)] 189726K->105278K(280576K), 0.0021817 secs] [Times: user=0.01 sys=0.00, real=0.01 secs] 
2021-08-19T03:20:09.683+0800: 39097.280: [GC (Allocation Failure) [PSYoungGen: 85968K->560K(86016K)] 190270K->104862K(280576K), 0.0022757 secs] [Times: user=0.02 sys=0.00, real=0.00 secs] 
2021-08-19T03:20:22.888+0800: 39110.485: [GC (Allocation Failure) [PSYoungGen: 85552K->528K(86016K)] 189854K->104830K(280576K), 0.0019031 secs] [Times: user=0.02 sys=0.00, real=0.00 secs] 
2021-08-19T03:20:36.182+0800: 39123.779: [GC (Allocation Failure) [PSYoungGen: 85520K->592K(86016K)] 189822K->104894K(280576K), 0.0019279 secs] [Times: user=0.01 sys=0.01, real=0.00 secs] 
2021-08-19T03:20:48.152+0800: 39135.750: [GC (Allocation Failure) [PSYoungGen: 85584K->1008K(86016K)] 189886K->105414K(280576K), 0.0020590 secs] [Times: user=0.01 sys=0.00, real=0.00 secs] 
2021-08-19T03:20:59.557+0800: 39147.155: [GC (Allocation Failure) [PSYoungGen: 86000K->880K(86016K)] 190406K->105287K(280576K), 0.0020042 secs] [Times: user=0.02 sys=0.00, real=0.00 secs] 
2021-08-19T03:21:12.683+0800: 39160.281: [GC (Allocation Failure) [PSYoungGen: 85872K->960K(84992K)] 190279K->105367K(279552K), 0.0018971 secs] [Times: user=0.01 sys=0.00, real=0.00 secs] 
2021-08-19T03:21:25.189+0800: 39172.787: [GC (Allocation Failure) [PSYoungGen: 84928K->1072K(85504K)] 189335K->105479K(280064K), 0.0020480 secs] [Times: user=0.01 sys=0.00, real=0.01 secs] 
2021-08-19T03:21:38.149+0800: 39185.746: [GC (Allocation Failure) [PSYoungGen: 85040K->1088K(85504K)] 189447K->105503K(280064K), 0.0020599 secs] [Times: user=0.02 sys=0.00, real=0.01 secs] 
2021-08-19T03:21:49.184+0800: 39196.781: [GC (Allocation Failure) [PSYoungGen: 85056K->1056K(85504K)] 189471K->105503K(280064K), 0.0022679 secs] [Times: user=0.01 sys=0.00, real=0.00 secs] 
2021-08-19T03:22:02.182+0800: 39209.780: [GC (Allocation Failure) [PSYoungGen: 85024K->1120K(85504K)] 189471K->105567K(280064K), 0.0022523 secs] [Times: user=0.02 sys=0.00, real=0.00 secs] 
2021-08-19T03:22:15.184+0800: 39222.782: [GC (Allocation Failure) [PSYoungGen: 85088K->1040K(85504K)] 189535K->105487K(280064K), 0.0021798 secs] [Times: user=0.02 sys=0.00, real=0.00 secs] 
2021-08-19T03:22:27.684+0800: 39235.282: [GC (Allocation Failure) [PSYoungGen: 85008K->1040K(85504K)] 189455K->105487K(280064K), 0.0019935 secs] [Times: user=0.01 sys=0.00, real=0.00 secs] 
2021-08-19T03:22:38.186+0800: 39245.784: [GC (Allocation Failure) [PSYoungGen: 85008K->1040K(85504K)] 189455K->105663K(280064K), 0.0030001 secs] [Times: user=0.02 sys=0.01, real=0.00 secs] 
2021-08-19T03:22:51.186+0800: 39258.784: [GC (Allocation Failure) [PSYoungGen: 85008K->1008K(85504K)] 189631K->105775K(280064K), 0.0020652 secs] [Times: user=0.01 sys=0.00, real=0.00 secs] 
2021-08-19T03:23:04.185+0800: 39271.783: [GC (Allocation Failure) [PSYoungGen: 84976K->768K(85504K)] 189743K->105647K(280064K), 0.0019950 secs] [Times: user=0.02 sys=0.00, real=0.00 secs] 
2021-08-19T03:23:17.186+0800: 39284.784: [GC (Allocation Failure) [PSYoungGen: 84736K->736K(85504K)] 189615K->105775K(280064K), 0.0023190 secs] [Times: user=0.02 sys=0.00, real=0.00 secs] 
2021-08-19T03:23:28.161+0800: 39295.758: [GC (Allocation Failure) [PSYoungGen: 84704K->720K(85504K)] 189743K->105767K(280064K), 0.0022855 secs] [Times: user=0.01 sys=0.00, real=0.00 secs] 
2021-08-19T03:23:40.191+0800: 39307.789: [GC (Allocation Failure) [PSYoungGen: 84688K->800K(85504K)] 189735K->105847K(280064K), 0.0023031 secs] [Times: user=0.01 sys=0.00, real=0.00 secs] 
2021-08-19T03:23:53.188+0800: 39320.785: [GC (Allocation Failure) [PSYoungGen: 84768K->656K(85504K)] 189815K->105839K(280064K), 0.0019205 secs] [Times: user=0.01 sys=0.00, real=0.00 secs] 
2021-08-19T03:24:06.189+0800: 39333.787: [GC (Allocation Failure) [PSYoungGen: 84624K->528K(85504K)] 189807K->105903K(280064K), 0.0019648 secs] [Times: user=0.01 sys=0.00, real=0.01 secs] 
2021-08-19T03:24:18.158+0800: 39345.756: [GC (Allocation Failure) [PSYoungGen: 84496K->1200K(85504K)] 189871K->106791K(280064K), 0.0021620 secs] [Times: user=0.01 sys=0.00, real=0.01 secs] 
2021-08-19T03:24:30.188+0800: 39357.786: [GC (Allocation Failure) [PSYoungGen: 85168K->384K(85504K)] 190759K->106079K(280064K), 0.0024266 secs] [Times: user=0.02 sys=0.00, real=0.01 secs] 
2021-08-19T03:24:42.888+0800: 39370.486: [GC (Allocation Failure) [PSYoungGen: 84352K->416K(85504K)] 190047K->106111K(280064K), 0.0022718 secs] [Times: user=0.02 sys=0.00, real=0.01 secs] 
2021-08-19T03:24:55.687+0800: 39383.285: [GC (Allocation Failure) [PSYoungGen: 84384K->416K(85504K)] 190079K->106111K(280064K), 0.0023974 secs] [Times: user=0.01 sys=0.00, real=0.00 secs] 
2021-08-19T03:25:08.155+0800: 39395.753: [GC (Allocation Failure) [PSYoungGen: 84384K->768K(85504K)] 190079K->106487K(280064K), 0.0021143 secs] [Times: user=0.01 sys=0.00, real=0.00 secs] 
2021-08-19T03:25:19.189+0800: 39406.787: [GC (Allocation Failure) [PSYoungGen: 84736K->416K(85504K)] 190455K->106135K(280064K), 0.0021620 secs] [Times: user=0.02 sys=0.00, real=0.01 secs] 
2021-08-19T03:25:32.190+0800: 39419.788: [GC (Allocation Failure) [PSYoungGen: 84384K->384K(85504K)] 190103K->106103K(280064K), 0.0019480 secs] [Times: user=0.02 sys=0.00, real=0.01 secs] 
2021-08-19T03:25:45.188+0800: 39432.786: [GC (Allocation Failure) [PSYoungGen: 84352K->352K(85504K)] 190071K->106071K(280064K), 0.0020313 secs] [Times: user=0.02 sys=0.00, real=0.01 secs] 
2021-08-19T03:25:58.149+0800: 39445.747: [GC (Allocation Failure) [PSYoungGen: 84320K->448K(85504K)] 190039K->106167K(280064K), 0.0019912 secs] [Times: user=0.01 sys=0.00, real=0.01 secs] 
2021-08-19T03:26:08.888+0800: 39456.486: [GC (Allocation Failure) [PSYoungGen: 84416K->384K(85504K)] 190135K->106103K(280064K), 0.0026298 secs] [Times: user=0.01 sys=0.00, real=0.01 secs] 
2021-08-19T03:26:21.692+0800: 39469.290: [GC (Allocation Failure) [PSYoungGen: 84352K->416K(85504K)] 190071K->106135K(280064K), 0.0023644 secs] [Times: user=0.02 sys=0.00, real=0.00 secs] 
2021-08-19T03:26:34.687+0800: 39482.285: [GC (Allocation Failure) [PSYoungGen: 84384K->416K(85504K)] 190103K->106135K(280064K), 0.0022144 secs] [Times: user=0.01 sys=0.00, real=0.00 secs] 
2021-08-19T03:26:47.191+0800: 39494.788: [GC (Allocation Failure) [PSYoungGen: 84384K->416K(85504K)] 190103K->106151K(280064K), 0.0020562 secs] [Times: user=0.02 sys=0.00, real=0.00 secs] 
2021-08-19T03:26:58.189+0800: 39505.787: [GC (Allocation Failure) [PSYoungGen: 84384K->416K(85504K)] 190119K->106175K(280064K), 0.0022742 secs] [Times: user=0.01 sys=0.00, real=0.01 secs] 
2021-08-19T03:27:11.189+0800: 39518.787: [GC (Allocation Failure) [PSYoungGen: 84384K->320K(85504K)] 190143K->106079K(280064K), 0.0020250 secs] [Times: user=0.02 sys=0.00, real=0.01 secs] 
2021-08-19T03:27:23.890+0800: 39531.487: [GC (Allocation Failure) [PSYoungGen: 84288K->352K(85504K)] 190047K->106111K(280064K), 0.0021688 secs] [Times: user=0.01 sys=0.00, real=0.01 secs] 
2021-08-19T03:27:36.888+0800: 39544.486: [GC (Allocation Failure) [PSYoungGen: 84320K->384K(85504K)] 190079K->106143K(280064K), 0.0019514 secs] [Times: user=0.02 sys=0.00, real=0.01 secs] 
2021-08-19T03:27:48.161+0800: 39555.758: [GC (Allocation Failure) [PSYoungGen: 84352K->1024K(84992K)] 190111K->106855K(279552K), 0.0022384 secs] [Times: user=0.02 sys=0.00, real=0.00 secs] 
2021-08-19T03:28:00.191+0800: 39567.789: [GC (Allocation Failure) [PSYoungGen: 84992K->352K(85504K)] 190823K->106199K(280064K), 0.0019938 secs] [Times: user=0.01 sys=0.00, real=0.00 secs] 
2021-08-19T03:28:13.192+0800: 39580.790: [GC (Allocation Failure) [PSYoungGen: 84320K->416K(85504K)] 190167K->106263K(280064K), 0.0019077 secs] [Times: user=0.02 sys=0.00, real=0.00 secs] 
2021-08-19T03:28:26.189+0800: 39593.787: [GC (Allocation Failure) [PSYoungGen: 84384K->384K(85504K)] 190231K->106231K(280064K), 0.0019078 secs] [Times: user=0.01 sys=0.00, real=0.01 secs] 
2021-08-19T03:28:38.157+0800: 39605.754: [GC (Allocation Failure) [PSYoungGen: 84352K->576K(85504K)] 190199K->106423K(280064K), 0.0019360 secs] [Times: user=0.02 sys=0.00, real=0.00 secs] 
2021-08-19T03:28:49.690+0800: 39617.288: [GC (Allocation Failure) [PSYoungGen: 84544K->416K(85504K)] 190391K->106263K(280064K), 0.0019824 secs] [Times: user=0.02 sys=0.00, real=0.00 secs] 
2021-08-19T03:29:02.381+0800: 39629.979: [GC (Allocation Failure) [PSYoungGen: 84384K->416K(86016K)] 190231K->106263K(280576K), 0.0018268 secs] [Times: user=0.02 sys=0.00, real=0.00 secs] 
2021-08-19T03:29:15.692+0800: 39643.290: [GC (Allocation Failure) [PSYoungGen: 85408K->416K(86016K)] 191255K->106263K(280576K), 0.0019565 secs] [Times: user=0.01 sys=0.00, real=0.00 secs] 
2021-08-19T03:29:28.158+0800: 39655.756: [GC (Allocation Failure) [PSYoungGen: 85408K->448K(86016K)] 191255K->106295K(280576K), 0.0021406 secs] [Times: user=0.02 sys=0.00, real=0.01 secs] 
2021-08-19T03:29:39.195+0800: 39666.793: [GC (Allocation Failure) [PSYoungGen: 85440K->384K(86016K)] 191287K->106231K(280576K), 0.0019271 secs] [Times: user=0.01 sys=0.00, real=0.00 secs] 
2021-08-19T03:29:52.692+0800: 39680.289: [GC (Allocation Failure) [PSYoungGen: 85376K->352K(86016K)] 191223K->106199K(280576K), 0.0020216 secs] [Times: user=0.01 sys=0.00, real=0.00 secs] 
2021-08-19T03:30:05.690+0800: 39693.288: [GC (Allocation Failure) [PSYoungGen: 85344K->384K(86016K)] 191191K->106239K(280576K), 0.0020505 secs] [Times: user=0.02 sys=0.00, real=0.00 secs] 
2021-08-19T03:30:18.158+0800: 39705.756: [GC (Allocation Failure) [PSYoungGen: 85376K->448K(86016K)] 191231K->106303K(280576K), 0.0018761 secs] [Times: user=0.01 sys=0.00, real=0.00 secs] 
2021-08-19T03:30:29.887+0800: 39717.485: [GC (Allocation Failure) [PSYoungGen: 85440K->352K(86016K)] 191295K->106207K(280576K), 0.0021016 secs] [Times: user=0.01 sys=0.00, real=0.00 secs] 
2021-08-19T03:30:42.692+0800: 39730.289: [GC (Allocation Failure) [PSYoungGen: 85344K->384K(86016K)] 191199K->106239K(280576K), 0.0018645 secs] [Times: user=0.01 sys=0.00, real=0.00 secs] 
2021-08-19T03:30:55.889+0800: 39743.487: [GC (Allocation Failure) [PSYoungGen: 85376K->352K(86016K)] 191231K->106231K(280576K), 0.0020301 secs] [Times: user=0.01 sys=0.00, real=0.01 secs] 
2021-08-19T03:31:08.161+0800: 39755.758: [GC (Allocation Failure) [PSYoungGen: 85344K->992K(86016K)] 191223K->106871K(280576K), 0.0024549 secs] [Times: user=0.01 sys=0.00, real=0.00 secs] 
2021-08-19T03:31:20.137+0800: 39767.735: [GC (Allocation Failure) [PSYoungGen: 85984K->416K(86016K)] 191863K->106295K(280576K), 0.0019836 secs] [Times: user=0.01 sys=0.00, real=0.00 secs] 
2021-08-19T03:31:33.191+0800: 39780.789: [GC (Allocation Failure) [PSYoungGen: 85408K->416K(86016K)] 191287K->106295K(280576K), 0.0018817 secs] [Times: user=0.01 sys=0.00, real=0.00 secs] 
2021-08-19T03:31:45.890+0800: 39793.488: [GC (Allocation Failure) [PSYoungGen: 85408K->416K(86016K)] 191287K->106295K(280576K), 0.0020383 secs] [Times: user=0.02 sys=0.00, real=0.01 secs] 
2021-08-19T03:31:58.160+0800: 39805.758: [GC (Allocation Failure) [PSYoungGen: 85408K->768K(86016K)] 191287K->106647K(280576K), 0.0022645 secs] [Times: user=0.02 sys=0.00, real=0.00 secs] 
2021-08-19T03:32:09.891+0800: 39817.489: [GC (Allocation Failure) [PSYoungGen: 85760K->384K(86016K)] 191639K->106263K(280576K), 0.0019773 secs] [Times: user=0.01 sys=0.00, real=0.00 secs] 
2021-08-19T03:32:23.190+0800: 39830.788: [GC (Allocation Failure) [PSYoungGen: 85376K->384K(86016K)] 191255K->106263K(280576K), 0.0019215 secs] [Times: user=0.02 sys=0.00, real=0.00 secs] 
2021-08-19T03:32:36.192+0800: 39843.790: [GC (Allocation Failure) [PSYoungGen: 85376K->416K(86016K)] 191255K->106295K(280576K), 0.0020387 secs] [Times: user=0.02 sys=0.00, real=0.00 secs] 
2021-08-19T03:32:48.161+0800: 39855.759: [GC (Allocation Failure) [PSYoungGen: 85408K->1024K(86016K)] 191287K->106903K(280576K), 0.0019971 secs] [Times: user=0.02 sys=0.00, real=0.00 secs] 
2021-08-19T03:33:00.191+0800: 39867.789: [GC (Allocation Failure) [PSYoungGen: 86016K->416K(86016K)] 191895K->106295K(280576K), 0.0021469 secs] [Times: user=0.01 sys=0.00, real=0.00 secs] 
2021-08-19T03:33:13.196+0800: 39880.794: [GC (Allocation Failure) [PSYoungGen: 85408K->416K(86016K)] 191287K->106295K(280576K), 0.0018991 secs] [Times: user=0.01 sys=0.00, real=0.00 secs] 
2021-08-19T03:33:26.194+0800: 39893.791: [GC (Allocation Failure) [PSYoungGen: 85408K->416K(86016K)] 191287K->106295K(280576K), 0.0022877 secs] [Times: user=0.01 sys=0.00, real=0.00 secs] 
2021-08-19T03:33:38.162+0800: 39905.760: [GC (Allocation Failure) [PSYoungGen: 85408K->1024K(84992K)] 191287K->106911K(279552K), 0.0023918 secs] [Times: user=0.01 sys=0.00, real=0.00 secs] 
2021-08-19T03:33:49.693+0800: 39917.291: [GC (Allocation Failure) [PSYoungGen: 84992K->416K(85504K)] 190879K->106303K(280064K), 0.0020512 secs] [Times: user=0.02 sys=0.00, real=0.00 secs] 
2021-08-19T03:34:02.692+0800: 39930.289: [GC (Allocation Failure) [PSYoungGen: 84384K->416K(86016K)] 190271K->106303K(280576K), 0.0018817 secs] [Times: user=0.02 sys=0.00, real=0.00 secs] 
2021-08-19T03:34:15.691+0800: 39943.289: [GC (Allocation Failure) [PSYoungGen: 84896K->384K(85504K)] 190783K->106271K(280064K), 0.0019149 secs] [Times: user=0.01 sys=0.00, real=0.00 secs] 
2021-08-19T03:34:28.160+0800: 39955.758: [GC (Allocation Failure) [PSYoungGen: 84864K->768K(84992K)] 190751K->106655K(279552K), 0.0021438 secs] [Times: user=0.01 sys=0.00, real=0.00 secs] 
2021-08-19T03:34:39.194+0800: 39966.792: [GC (Allocation Failure) [PSYoungGen: 84736K->416K(85504K)] 190623K->106303K(280064K), 0.0021322 secs] [Times: user=0.01 sys=0.00, real=0.00 secs] 
2021-08-19T03:34:52.194+0800: 39979.791: [GC (Allocation Failure) [PSYoungGen: 84384K->416K(86016K)] 190271K->106311K(280576K), 0.0020462 secs] [Times: user=0.01 sys=0.00, real=0.00 secs] 
2021-08-19T03:35:05.198+0800: 39992.795: [GC (Allocation Failure) [PSYoungGen: 85408K->416K(86016K)] 191303K->106311K(280576K), 0.0020841 secs] [Times: user=0.02 sys=0.00, real=0.00 secs] 
2021-08-19T03:35:18.160+0800: 40005.758: [GC (Allocation Failure) [PSYoungGen: 85408K->576K(86016K)] 191303K->106471K(280576K), 0.0019377 secs] [Times: user=0.01 sys=0.00, real=0.00 secs] 
2021-08-19T03:35:29.195+0800: 40016.792: [GC (Allocation Failure) [PSYoungGen: 85568K->384K(86016K)] 191463K->106279K(280576K), 0.0018646 secs] [Times: user=0.02 sys=0.00, real=0.00 secs] 
2021-08-19T03:35:42.194+0800: 40029.792: [GC (Allocation Failure) [PSYoungGen: 85376K->416K(86016K)] 191271K->106311K(280576K), 0.0020969 secs] [Times: user=0.01 sys=0.00, real=0.00 secs] 
2021-08-19T03:35:55.195+0800: 40042.793: [GC (Allocation Failure) [PSYoungGen: 85408K->416K(86016K)] 191303K->106311K(280576K), 0.0020131 secs] [Times: user=0.02 sys=0.00, real=0.00 secs] 
2021-08-19T03:36:08.161+0800: 40055.759: [GC (Allocation Failure) [PSYoungGen: 85408K->640K(86016K)] 191303K->106535K(280576K), 0.0021052 secs] [Times: user=0.02 sys=0.00, real=0.00 secs] 
2021-08-19T03:36:19.197+0800: 40066.794: [GC (Allocation Failure) [PSYoungGen: 85632K->384K(86016K)] 191527K->106279K(280576K), 0.0019276 secs] [Times: user=0.01 sys=0.00, real=0.00 secs] 
2021-08-19T03:36:32.197+0800: 40079.794: [GC (Allocation Failure) [PSYoungGen: 85376K->416K(86016K)] 191271K->106311K(280576K), 0.0020117 secs] [Times: user=0.01 sys=0.00, real=0.00 secs] 
2021-08-19T03:36:45.196+0800: 40092.794: [GC (Allocation Failure) [PSYoungGen: 85408K->416K(86016K)] 191303K->106335K(280576K), 0.0017617 secs] [Times: user=0.01 sys=0.00, real=0.00 secs] 
2021-08-19T03:36:58.161+0800: 40105.759: [GC (Allocation Failure) [PSYoungGen: 85408K->576K(86016K)] 191327K->106495K(280576K), 0.0024685 secs] [Times: user=0.02 sys=0.00, real=0.00 secs] 
2021-08-19T03:37:09.195+0800: 40116.793: [GC (Allocation Failure) [PSYoungGen: 85568K->384K(86016K)] 191487K->106303K(280576K), 0.0019595 secs] [Times: user=0.01 sys=0.00, real=0.00 secs] 
2021-08-19T03:37:22.197+0800: 40129.794: [GC (Allocation Failure) [PSYoungGen: 85376K->416K(86016K)] 191295K->106359K(280576K), 0.0018715 secs] [Times: user=0.01 sys=0.00, real=0.00 secs] 
2021-08-19T03:37:35.511+0800: 40143.109: [GC (Allocation Failure) [PSYoungGen: 85408K->416K(86016K)] 191351K->106359K(280576K), 0.0020507 secs] [Times: user=0.01 sys=0.00, real=0.00 secs] 
2021-08-19T03:37:48.162+0800: 40155.759: [GC (Allocation Failure) [PSYoungGen: 85408K->640K(86016K)] 191351K->106583K(280576K), 0.0019706 secs] [Times: user=0.01 sys=0.00, real=0.00 secs] 
2021-08-19T03:37:59.198+0800: 40166.796: [GC (Allocation Failure) [PSYoungGen: 85632K->416K(86016K)] 191575K->106359K(280576K), 0.0020440 secs] [Times: user=0.01 sys=0.00, real=0.01 secs] 
2021-08-19T03:38:12.197+0800: 40179.795: [GC (Allocation Failure) [PSYoungGen: 85408K->416K(86016K)] 191351K->106375K(280576K), 0.0019304 secs] [Times: user=0.01 sys=0.00, real=0.00 secs] 
2021-08-19T03:38:25.513+0800: 40193.110: [GC (Allocation Failure) [PSYoungGen: 85408K->384K(86016K)] 191367K->106343K(280576K), 0.0020741 secs] [Times: user=0.01 sys=0.00, real=0.00 secs] 
2021-08-19T03:38:38.161+0800: 40205.759: [GC (Allocation Failure) [PSYoungGen: 85376K->640K(86016K)] 191335K->106631K(280576K), 0.0020199 secs] [Times: user=0.02 sys=0.00, real=0.00 secs] 
2021-08-19T03:38:49.197+0800: 40216.795: [GC (Allocation Failure) [PSYoungGen: 85632K->384K(86016K)] 191623K->106375K(280576K), 0.0019508 secs] [Times: user=0.01 sys=0.00, real=0.00 secs] 
2021-08-19T03:39:02.198+0800: 40229.795: [GC (Allocation Failure) [PSYoungGen: 85376K->384K(86016K)] 191367K->106383K(280576K), 0.0018587 secs] [Times: user=0.02 sys=0.00, real=0.00 secs] 
2021-08-19T03:39:15.198+0800: 40242.796: [GC (Allocation Failure) [PSYoungGen: 85376K->384K(86016K)] 191375K->106383K(280576K), 0.0021782 secs] [Times: user=0.01 sys=0.01, real=0.01 secs] 
2021-08-19T03:39:28.164+0800: 40255.762: [GC (Allocation Failure) [PSYoungGen: 85376K->800K(86016K)] 191375K->106799K(280576K), 0.0021136 secs] [Times: user=0.01 sys=0.00, real=0.00 secs] 
2021-08-19T03:39:39.196+0800: 40266.794: [GC (Allocation Failure) [PSYoungGen: 85792K->384K(86016K)] 191791K->106383K(280576K), 0.0019324 secs] [Times: user=0.02 sys=0.00, real=0.00 secs] 
2021-08-19T03:39:52.197+0800: 40279.794: [GC (Allocation Failure) [PSYoungGen: 85376K->416K(86016K)] 191375K->106415K(280576K), 0.0020079 secs] [Times: user=0.01 sys=0.00, real=0.00 secs] 
2021-08-19T03:40:05.200+0800: 40292.797: [GC (Allocation Failure) [PSYoungGen: 85408K->352K(86016K)] 191407K->106351K(280576K), 0.0021760 secs] [Times: user=0.01 sys=0.00, real=0.01 secs] 
2021-08-19T03:40:18.163+0800: 40305.761: [GC (Allocation Failure) [PSYoungGen: 85344K->704K(86016K)] 191343K->106703K(280576K), 0.0021129 secs] [Times: user=0.02 sys=0.00, real=0.00 secs] 
2021-08-19T03:40:29.252+0800: 40316.849: [GC (Allocation Failure) [PSYoungGen: 85696K->384K(86016K)] 191695K->106383K(280576K), 0.0021876 secs] [Times: user=0.01 sys=0.00, real=0.00 secs] 
2021-08-19T03:40:42.195+0800: 40329.793: [GC (Allocation Failure) [PSYoungGen: 85376K->448K(86016K)] 191375K->106447K(280576K), 0.0021478 secs] [Times: user=0.02 sys=0.00, real=0.00 secs] 
2021-08-19T03:40:55.197+0800: 40342.794: [GC (Allocation Failure) [PSYoungGen: 85440K->384K(86016K)] 191439K->106423K(280576K), 0.0020352 secs] [Times: user=0.01 sys=0.00, real=0.00 secs] 
2021-08-19T03:41:08.160+0800: 40355.758: [GC (Allocation Failure) [PSYoungGen: 85376K->416K(86016K)] 191415K->106455K(280576K), 0.0018786 secs] [Times: user=0.01 sys=0.00, real=0.01 secs] 
2021-08-19T03:41:19.195+0800: 40366.793: [GC (Allocation Failure) [PSYoungGen: 85408K->384K(86016K)] 191447K->106423K(280576K), 0.0022042 secs] [Times: user=0.02 sys=0.00, real=0.00 secs] 
2021-08-19T03:41:32.196+0800: 40379.794: [GC (Allocation Failure) [PSYoungGen: 85376K->384K(86016K)] 191415K->106423K(280576K), 0.0024522 secs] [Times: user=0.01 sys=0.00, real=0.00 secs] 
2021-08-19T03:41:45.196+0800: 40392.794: [GC (Allocation Failure) [PSYoungGen: 85376K->416K(86016K)] 191415K->106455K(280576K), 0.0022370 secs] [Times: user=0.02 sys=0.00, real=0.00 secs] 
2021-08-19T03:41:58.163+0800: 40405.761: [GC (Allocation Failure) [PSYoungGen: 85408K->352K(86016K)] 191447K->106407K(280576K), 0.0019611 secs] [Times: user=0.02 sys=0.00, real=0.00 secs] 
2021-08-19T03:42:09.196+0800: 40416.793: [GC (Allocation Failure) [PSYoungGen: 85344K->416K(86016K)] 191399K->106471K(280576K), 0.0019399 secs] [Times: user=0.01 sys=0.00, real=0.00 secs] 
2021-08-19T03:42:22.197+0800: 40429.795: [GC (Allocation Failure) [PSYoungGen: 85408K->320K(86016K)] 191463K->106399K(280576K), 0.0020167 secs] [Times: user=0.02 sys=0.00, real=0.00 secs] 
2021-08-19T03:42:35.199+0800: 40442.797: [GC (Allocation Failure) [PSYoungGen: 85312K->416K(86016K)] 191391K->106495K(280576K), 0.0024609 secs] [Times: user=0.02 sys=0.00, real=0.01 secs] 
2021-08-19T03:42:48.164+0800: 40455.761: [GC (Allocation Failure) [PSYoungGen: 85408K->384K(86016K)] 191487K->106463K(280576K), 0.0022312 secs] [Times: user=0.02 sys=0.00, real=0.00 secs] 
2021-08-19T03:42:59.198+0800: 40466.796: [GC (Allocation Failure) [PSYoungGen: 85376K->416K(86016K)] 191455K->106495K(280576K), 0.0019498 secs] [Times: user=0.01 sys=0.00, real=0.00 secs] 
2021-08-19T03:43:12.198+0800: 40479.796: [GC (Allocation Failure) [PSYoungGen: 85408K->416K(86016K)] 191487K->106495K(280576K), 0.0018786 secs] [Times: user=0.01 sys=0.00, real=0.01 secs] 
2021-08-19T03:43:25.199+0800: 40492.796: [GC (Allocation Failure) [PSYoungGen: 85408K->416K(86016K)] 191487K->106495K(280576K), 0.0020331 secs] [Times: user=0.01 sys=0.00, real=0.01 secs] 
2021-08-19T03:43:38.166+0800: 40505.764: [GC (Allocation Failure) [PSYoungGen: 85408K->512K(86016K)] 191487K->106591K(280576K), 0.0020481 secs] [Times: user=0.01 sys=0.00, real=0.00 secs] 
2021-08-19T03:43:49.198+0800: 40516.796: [GC (Allocation Failure) [PSYoungGen: 85504K->416K(86016K)] 191583K->106535K(280576K), 0.0022558 secs] [Times: user=0.02 sys=0.00, real=0.01 secs] 
2021-08-19T03:44:02.199+0800: 40529.797: [GC (Allocation Failure) [PSYoungGen: 85408K->384K(86016K)] 191527K->106503K(280576K), 0.0020118 secs] [Times: user=0.02 sys=0.00, real=0.01 secs] 
2021-08-19T03:44:15.200+0800: 40542.798: [GC (Allocation Failure) [PSYoungGen: 85376K->352K(86016K)] 191495K->106471K(280576K), 0.0021271 secs] [Times: user=0.01 sys=0.00, real=0.01 secs] 
2021-08-19T03:44:28.169+0800: 40555.766: [GC (Allocation Failure) [PSYoungGen: 85344K->736K(86016K)] 191463K->106855K(280576K), 0.0020985 secs] [Times: user=0.02 sys=0.00, real=0.01 secs] 
2021-08-19T03:44:39.199+0800: 40566.796: [GC (Allocation Failure) [PSYoungGen: 85728K->416K(86016K)] 191847K->106535K(280576K), 0.0020454 secs] [Times: user=0.02 sys=0.00, real=0.01 secs] 
2021-08-19T03:44:52.199+0800: 40579.797: [GC (Allocation Failure) [PSYoungGen: 85408K->416K(86016K)] 191527K->106535K(280576K), 0.0020156 secs] [Times: user=0.01 sys=0.00, real=0.01 secs] 
2021-08-19T03:45:05.201+0800: 40592.798: [GC (Allocation Failure) [PSYoungGen: 85408K->384K(86016K)] 191527K->106503K(280576K), 0.0022130 secs] [Times: user=0.01 sys=0.00, real=0.00 secs] 
2021-08-19T03:45:18.168+0800: 40605.765: [GC (Allocation Failure) [PSYoungGen: 85376K->608K(86016K)] 191495K->106727K(280576K), 0.0022734 secs] [Times: user=0.01 sys=0.00, real=0.00 secs] 
2021-08-19T03:45:29.695+0800: 40617.293: [GC (Allocation Failure) [PSYoungGen: 85600K->352K(86016K)] 191719K->106527K(280576K), 0.0024393 secs] [Times: user=0.02 sys=0.00, real=0.00 secs] 
2021-08-19T03:45:42.199+0800: 40629.797: [GC (Allocation Failure) [PSYoungGen: 85344K->384K(86016K)] 191519K->106599K(280576K), 0.0018736 secs] [Times: user=0.01 sys=0.00, real=0.01 secs] 
2021-08-19T03:45:55.468+0800: 40643.066: [GC (Allocation Failure) [PSYoungGen: 85376K->384K(86016K)] 191591K->106599K(280576K), 0.0022885 secs] [Times: user=0.01 sys=0.00, real=0.01 secs] 
2021-08-19T03:46:08.169+0800: 40655.767: [GC (Allocation Failure) [PSYoungGen: 85376K->640K(86016K)] 191591K->106855K(280576K), 0.0021326 secs] [Times: user=0.02 sys=0.00, real=0.01 secs] 
2021-08-19T03:46:19.696+0800: 40667.294: [GC (Allocation Failure) [PSYoungGen: 85632K->416K(86016K)] 191847K->106631K(280576K), 0.0020240 secs] [Times: user=0.01 sys=0.00, real=0.00 secs] 
2021-08-19T03:46:32.705+0800: 40680.303: [GC (Allocation Failure) [PSYoungGen: 85408K->384K(86016K)] 191623K->106599K(280576K), 0.0023111 secs] [Times: user=0.01 sys=0.00, real=0.00 secs] 
2021-08-19T03:46:45.697+0800: 40693.294: [GC (Allocation Failure) [PSYoungGen: 85376K->384K(86016K)] 191591K->106599K(280576K), 0.0020332 secs] [Times: user=0.01 sys=0.00, real=0.00 secs] 
2021-08-19T03:46:58.170+0800: 40705.767: [GC (Allocation Failure) [PSYoungGen: 85376K->800K(86016K)] 191591K->107015K(280576K), 0.0024447 secs] [Times: user=0.01 sys=0.00, real=0.01 secs] 
2021-08-19T03:47:09.838+0800: 40717.436: [GC (Allocation Failure) [PSYoungGen: 85792K->416K(86016K)] 192007K->106631K(280576K), 0.0022630 secs] [Times: user=0.02 sys=0.00, real=0.01 secs] 
2021-08-19T03:47:23.196+0800: 40730.794: [GC (Allocation Failure) [PSYoungGen: 85408K->416K(86016K)] 191623K->106631K(280576K), 0.0021220 secs] [Times: user=0.02 sys=0.00, real=0.00 secs] 
2021-08-19T03:47:36.196+0800: 40743.794: [GC (Allocation Failure) [PSYoungGen: 85408K->416K(86016K)] 191623K->106631K(280576K), 0.0019263 secs] [Times: user=0.01 sys=0.00, real=0.00 secs] 
2021-08-19T03:47:48.172+0800: 40755.770: [GC (Allocation Failure) [PSYoungGen: 85408K->736K(86016K)] 191623K->106951K(280576K), 0.0020646 secs] [Times: user=0.02 sys=0.00, real=0.00 secs] 
2021-08-19T03:47:59.833+0800: 40767.431: [GC (Allocation Failure) [PSYoungGen: 85728K->384K(86016K)] 191943K->106615K(280576K), 0.0019484 secs] [Times: user=0.02 sys=0.00, real=0.00 secs] 
2021-08-19T03:48:13.196+0800: 40780.794: [GC (Allocation Failure) [PSYoungGen: 85376K->384K(86016K)] 191607K->106615K(280576K), 0.0019819 secs] [Times: user=0.01 sys=0.00, real=0.00 secs] 
2021-08-19T03:48:26.198+0800: 40793.795: [GC (Allocation Failure) [PSYoungGen: 85376K->416K(86016K)] 191607K->106647K(280576K), 0.0019835 secs] [Times: user=0.01 sys=0.00, real=0.00 secs] 
2021-08-19T03:48:38.176+0800: 40805.774: [GC (Allocation Failure) [PSYoungGen: 85408K->1024K(86016K)] 191639K->107271K(280576K), 0.0024024 secs] [Times: user=0.01 sys=0.00, real=0.00 secs] 
2021-08-19T03:48:50.197+0800: 40817.795: [GC (Allocation Failure) [PSYoungGen: 86016K->416K(86016K)] 192263K->106663K(280576K), 0.0020346 secs] [Times: user=0.02 sys=0.00, real=0.00 secs] 
2021-08-19T03:49:03.199+0800: 40830.796: [GC (Allocation Failure) [PSYoungGen: 85408K->384K(86016K)] 191655K->106631K(280576K), 0.0018516 secs] [Times: user=0.02 sys=0.00, real=0.01 secs] 
2021-08-19T03:49:16.199+0800: 40843.797: [GC (Allocation Failure) [PSYoungGen: 85376K->352K(86016K)] 191623K->106599K(280576K), 0.0019667 secs] [Times: user=0.02 sys=0.00, real=0.01 secs] 
2021-08-19T03:49:28.175+0800: 40855.773: [GC (Allocation Failure) [PSYoungGen: 85344K->1008K(84992K)] 191591K->107343K(279552K), 0.0021614 secs] [Times: user=0.02 sys=0.00, real=0.00 secs] 
2021-08-19T03:49:39.699+0800: 40867.296: [GC (Allocation Failure) [PSYoungGen: 84976K->416K(85504K)] 191311K->106751K(280064K), 0.0022073 secs] [Times: user=0.02 sys=0.00, real=0.01 secs] 
2021-08-19T03:49:52.697+0800: 40880.295: [GC (Allocation Failure) [PSYoungGen: 84384K->656K(85504K)] 190719K->106991K(280064K), 0.0018631 secs] [Times: user=0.01 sys=0.00, real=0.00 secs] 
2021-08-19T03:50:05.202+0800: 40892.800: [GC (Allocation Failure) [PSYoungGen: 84624K->576K(85504K)] 190959K->106911K(280064K), 0.0024740 secs] [Times: user=0.01 sys=0.00, real=0.00 secs] 
2021-08-19T03:50:18.170+0800: 40905.768: [GC (Allocation Failure) [PSYoungGen: 84544K->976K(84992K)] 190879K->107311K(279552K), 0.0026149 secs] [Times: user=0.02 sys=0.00, real=0.00 secs] 
2021-08-19T03:50:29.198+0800: 40916.795: [GC (Allocation Failure) [PSYoungGen: 84944K->752K(85504K)] 191279K->107087K(280064K), 0.0023612 secs] [Times: user=0.01 sys=0.00, real=0.01 secs] 
2021-08-19T03:50:41.700+0800: 40929.298: [GC (Allocation Failure) [PSYoungGen: 84720K->880K(85504K)] 191055K->107215K(280064K), 0.0022619 secs] [Times: user=0.02 sys=0.00, real=0.01 secs] 
2021-08-19T03:50:54.298+0800: 40941.895: [GC (Allocation Failure) [PSYoungGen: 84848K->992K(85504K)] 191183K->107327K(280064K), 0.0023629 secs] [Times: user=0.01 sys=0.00, real=0.00 secs] 
2021-08-19T03:51:07.200+0800: 40954.798: [GC (Allocation Failure) [PSYoungGen: 84960K->1072K(85504K)] 191295K->107407K(280064K), 0.0019996 secs] [Times: user=0.02 sys=0.00, real=0.00 secs] 
2021-08-19T03:51:18.200+0800: 40965.798: [GC (Allocation Failure) [PSYoungGen: 85040K->1040K(85504K)] 191375K->107383K(280064K), 0.0022525 secs] [Times: user=0.02 sys=0.00, real=0.01 secs] 
2021-08-19T03:51:31.199+0800: 40978.797: [GC (Allocation Failure) [PSYoungGen: 85008K->1088K(85504K)] 191351K->107431K(280064K), 0.0022014 secs] [Times: user=0.01 sys=0.00, real=0.01 secs] 
2021-08-19T03:51:43.815+0800: 40991.412: [GC (Allocation Failure) [PSYoungGen: 85056K->1056K(85504K)] 191399K->107407K(280064K), 0.0026908 secs] [Times: user=0.02 sys=0.00, real=0.00 secs] 
2021-08-19T03:51:56.701+0800: 41004.298: [GC (Allocation Failure) [PSYoungGen: 85024K->1088K(85504K)] 191375K->107439K(280064K), 0.0020882 secs] [Times: user=0.01 sys=0.00, real=0.00 secs] 
2021-08-19T03:52:08.179+0800: 41015.777: [GC (Allocation Failure) [PSYoungGen: 85056K->1520K(85504K)] 191407K->108335K(280064K), 0.0033828 secs] [Times: user=0.02 sys=0.01, real=0.01 secs] 
2021-08-19T03:52:20.203+0800: 41027.801: [GC (Allocation Failure) [PSYoungGen: 85488K->1008K(84480K)] 192303K->107967K(279040K), 0.0021770 secs] [Times: user=0.02 sys=0.00, real=0.00 secs] 
2021-08-19T03:52:33.199+0800: 41040.797: [GC (Allocation Failure) [PSYoungGen: 83952K->1024K(84992K)] 190911K->107983K(279552K), 0.0020358 secs] [Times: user=0.02 sys=0.00, real=0.01 secs] 
2021-08-19T03:52:45.699+0800: 41053.297: [GC (Allocation Failure) [PSYoungGen: 83968K->880K(84992K)] 190927K->107959K(279552K), 0.0021825 secs] [Times: user=0.02 sys=0.00, real=0.01 secs] 
2021-08-19T03:52:58.172+0800: 41065.770: [GC (Allocation Failure) [PSYoungGen: 83824K->1088K(84992K)] 190903K->108375K(279552K), 0.0020674 secs] [Times: user=0.02 sys=0.00, real=0.00 secs] 
2021-08-19T03:53:09.198+0800: 41076.796: [GC (Allocation Failure) [PSYoungGen: 84032K->752K(84992K)] 191319K->108039K(279552K), 0.0020711 secs] [Times: user=0.01 sys=0.00, real=0.01 secs] 
2021-08-19T03:53:21.699+0800: 41089.297: [GC (Allocation Failure) [PSYoungGen: 83696K->752K(84992K)] 190983K->108151K(279552K), 0.0020898 secs] [Times: user=0.02 sys=0.00, real=0.01 secs] 
2021-08-19T03:53:34.201+0800: 41101.799: [GC (Allocation Failure) [PSYoungGen: 83696K->592K(84992K)] 191095K->108135K(279552K), 0.0019855 secs] [Times: user=0.01 sys=0.00, real=0.00 secs] 
2021-08-19T03:53:46.804+0800: 41114.402: [GC (Allocation Failure) [PSYoungGen: 83536K->560K(84992K)] 191079K->108223K(279552K), 0.0024113 secs] [Times: user=0.02 sys=0.00, real=0.00 secs] 
2021-08-19T03:53:58.183+0800: 41125.781: [GC (Allocation Failure) [PSYoungGen: 83504K->1424K(84992K)] 191167K->109287K(279552K), 0.0023171 secs] [Times: user=0.02 sys=0.00, real=0.00 secs] 
2021-08-19T03:54:10.200+0800: 41137.798: [GC (Allocation Failure) [PSYoungGen: 84368K->416K(84992K)] 192231K->108415K(279552K), 0.0019662 secs] [Times: user=0.02 sys=0.00, real=0.00 secs] 
2021-08-19T03:54:23.197+0800: 41150.795: [GC (Allocation Failure) [PSYoungGen: 83360K->384K(84992K)] 191359K->108391K(279552K), 0.0020920 secs] [Times: user=0.01 sys=0.00, real=0.00 secs] 
2021-08-19T03:54:35.697+0800: 41163.295: [GC (Allocation Failure) [PSYoungGen: 83328K->416K(84992K)] 191335K->108439K(279552K), 0.0019882 secs] [Times: user=0.01 sys=0.00, real=0.00 secs] 
2021-08-19T03:54:48.173+0800: 41175.771: [GC (Allocation Failure) [PSYoungGen: 83360K->448K(84992K)] 191383K->108471K(279552K), 0.0019786 secs] [Times: user=0.02 sys=0.00, real=0.00 secs] 
2021-08-19T03:54:58.801+0800: 41186.399: [GC (Allocation Failure) [PSYoungGen: 83392K->384K(84992K)] 191415K->108407K(279552K), 0.0021346 secs] [Times: user=0.02 sys=0.00, real=0.00 secs] 
2021-08-19T03:55:11.199+0800: 41198.797: [GC (Allocation Failure) [PSYoungGen: 83328K->320K(84992K)] 191351K->108375K(279552K), 0.0019327 secs] [Times: user=0.02 sys=0.00, real=0.01 secs] 
2021-08-19T03:55:24.197+0800: 41211.794: [GC (Allocation Failure) [PSYoungGen: 83264K->416K(84992K)] 191319K->108471K(279552K), 0.0020993 secs] [Times: user=0.01 sys=0.00, real=0.00 secs] 
2021-08-19T03:55:37.197+0800: 41224.794: [GC (Allocation Failure) [PSYoungGen: 83360K->384K(85504K)] 191415K->108463K(280064K), 0.0019605 secs] [Times: user=0.02 sys=0.00, real=0.00 secs] 
2021-08-19T03:55:48.182+0800: 41235.780: [GC (Allocation Failure) [PSYoungGen: 83840K->1216K(84992K)] 191919K->109295K(279552K), 0.0021615 secs] [Times: user=0.02 sys=0.00, real=0.00 secs] 
2021-08-19T03:56:00.197+0800: 41247.795: [GC (Allocation Failure) [PSYoungGen: 84672K->416K(84992K)] 192751K->108495K(279552K), 0.0023253 secs] [Times: user=0.01 sys=0.00, real=0.00 secs] 
2021-08-19T03:56:13.196+0800: 41260.794: [GC (Allocation Failure) [PSYoungGen: 83360K->416K(84992K)] 191439K->108495K(279552K), 0.0020431 secs] [Times: user=0.01 sys=0.00, real=0.00 secs] 
2021-08-19T03:56:25.698+0800: 41273.295: [GC (Allocation Failure) [PSYoungGen: 83360K->384K(85504K)] 191439K->108463K(280064K), 0.0022800 secs] [Times: user=0.02 sys=0.00, real=0.00 secs] 
2021-08-19T03:56:38.177+0800: 41285.774: [GC (Allocation Failure) [PSYoungGen: 84352K->608K(85504K)] 192431K->108687K(280064K), 0.0019249 secs] [Times: user=0.02 sys=0.00, real=0.00 secs] 
2021-08-19T03:56:49.197+0800: 41296.795: [GC (Allocation Failure) [PSYoungGen: 84576K->416K(85504K)] 192655K->108495K(280064K), 0.0022119 secs] [Times: user=0.02 sys=0.00, real=0.00 secs] 
2021-08-19T03:57:02.199+0800: 41309.797: [GC (Allocation Failure) [PSYoungGen: 84384K->416K(85504K)] 192463K->108543K(280064K), 0.0021150 secs] [Times: user=0.02 sys=0.00, real=0.01 secs] 
2021-08-19T03:57:15.196+0800: 41322.794: [GC (Allocation Failure) [PSYoungGen: 84384K->416K(85504K)] 192511K->108543K(280064K), 0.0021124 secs] [Times: user=0.02 sys=0.00, real=0.00 secs] 
2021-08-19T03:57:28.173+0800: 41335.771: [GC (Allocation Failure) [PSYoungGen: 84384K->416K(85504K)] 192511K->108543K(280064K), 0.0020366 secs] [Times: user=0.01 sys=0.00, real=0.00 secs] 
2021-08-19T03:57:38.694+0800: 41346.292: [GC (Allocation Failure) [PSYoungGen: 84384K->384K(85504K)] 192511K->108511K(280064K), 0.0018875 secs] [Times: user=0.01 sys=0.00, real=0.00 secs] 
2021-08-19T03:57:51.200+0800: 41358.798: [GC (Allocation Failure) [PSYoungGen: 84352K->416K(85504K)] 192479K->108543K(280064K), 0.0021269 secs] [Times: user=0.01 sys=0.00, real=0.01 secs] 
2021-08-19T03:58:04.197+0800: 41371.795: [GC (Allocation Failure) [PSYoungGen: 84384K->384K(85504K)] 192511K->108511K(280064K), 0.0018548 secs] [Times: user=0.01 sys=0.00, real=0.00 secs] 
2021-08-19T03:58:17.197+0800: 41384.795: [GC (Allocation Failure) [PSYoungGen: 84352K->384K(85504K)] 192479K->108511K(280064K), 0.0023315 secs] [Times: user=0.01 sys=0.00, real=0.00 secs] 
2021-08-19T03:58:28.197+0800: 41395.795: [GC (Allocation Failure) [PSYoungGen: 84352K->320K(86016K)] 192479K->108447K(280576K), 0.0019463 secs] [Times: user=0.02 sys=0.00, real=0.00 secs] 
2021-08-19T03:58:41.194+0800: 41408.792: [GC (Allocation Failure) [PSYoungGen: 84800K->416K(85504K)] 192927K->108543K(280064K), 0.0020431 secs] [Times: user=0.01 sys=0.00, real=0.00 secs] 
2021-08-19T03:58:53.861+0800: 41421.459: [GC (Allocation Failure) [PSYoungGen: 84896K->384K(86016K)] 193023K->108511K(280576K), 0.0020214 secs] [Times: user=0.01 sys=0.00, real=0.00 secs] 
2021-08-19T03:59:07.195+0800: 41434.793: [GC (Allocation Failure) [PSYoungGen: 85376K->416K(86016K)] 193503K->108551K(280576K), 0.0019767 secs] [Times: user=0.02 sys=0.00, real=0.00 secs] 
2021-08-19T03:59:18.193+0800: 41445.791: [GC (Allocation Failure) [PSYoungGen: 85408K->416K(86016K)] 193543K->108551K(280576K), 0.0026029 secs] [Times: user=0.01 sys=0.00, real=0.00 secs] 
2021-08-19T03:59:31.194+0800: 41458.792: [GC (Allocation Failure) [PSYoungGen: 85408K->416K(86016K)] 193543K->108551K(280576K), 0.0020545 secs] [Times: user=0.01 sys=0.00, real=0.00 secs] 
2021-08-19T03:59:43.789+0800: 41471.387: [GC (Allocation Failure) [PSYoungGen: 85408K->416K(86016K)] 193543K->108551K(280576K), 0.0026172 secs] [Times: user=0.01 sys=0.00, real=0.01 secs] 
2021-08-19T03:59:57.193+0800: 41484.790: [GC (Allocation Failure) [PSYoungGen: 85408K->320K(86016K)] 193543K->108455K(280576K), 0.0019245 secs] [Times: user=0.02 sys=0.00, real=0.00 secs] 
2021-08-19T04:00:08.186+0800: 41495.783: [GC (Allocation Failure) [PSYoungGen: 85312K->384K(86016K)] 193447K->108519K(280576K), 0.0021952 secs] [Times: user=0.01 sys=0.00, real=0.00 secs] 
2021-08-19T04:00:21.194+0800: 41508.791: [GC (Allocation Failure) [PSYoungGen: 85376K->384K(86016K)] 193511K->108575K(280576K), 0.0020294 secs] [Times: user=0.02 sys=0.01, real=0.00 secs] 
2021-08-19T04:00:34.193+0800: 41521.790: [GC (Allocation Failure) [PSYoungGen: 85376K->384K(86016K)] 193567K->108575K(280576K), 0.0021389 secs] [Times: user=0.02 sys=0.00, real=0.00 secs] 
2021-08-19T04:00:46.784+0800: 41534.382: [GC (Allocation Failure) [PSYoungGen: 85376K->416K(86016K)] 193567K->108607K(280576K), 0.0020985 secs] [Times: user=0.01 sys=0.00, real=0.00 secs] 
2021-08-19T04:00:58.186+0800: 41545.783: [GC (Allocation Failure) [PSYoungGen: 85408K->832K(86016K)] 193599K->109023K(280576K), 0.0023971 secs] [Times: user=0.02 sys=0.00, real=0.00 secs] 
2021-08-19T04:01:10.784+0800: 41558.382: [GC (Allocation Failure) [PSYoungGen: 85824K->352K(86016K)] 194015K->108543K(280576K), 0.0020169 secs] [Times: user=0.01 sys=0.00, real=0.00 secs] 
2021-08-19T04:01:23.784+0800: 41571.382: [GC (Allocation Failure) [PSYoungGen: 85344K->320K(86016K)] 193535K->108511K(280576K), 0.0019030 secs] [Times: user=0.01 sys=0.00, real=0.00 secs] 
2021-08-19T04:01:36.783+0800: 41584.380: [GC (Allocation Failure) [PSYoungGen: 85312K->416K(86016K)] 193503K->108623K(280576K), 0.0020338 secs] [Times: user=0.01 sys=0.00, real=0.00 secs] 
2021-08-19T04:01:48.185+0800: 41595.783: [GC (Allocation Failure) [PSYoungGen: 85408K->1024K(86016K)] 193615K->109375K(280576K), 0.0021950 secs] [Times: user=0.02 sys=0.00, real=0.00 secs] 
2021-08-19T04:02:00.696+0800: 41608.294: [GC (Allocation Failure) [PSYoungGen: 86016K->416K(86016K)] 194367K->108791K(280576K), 0.0022228 secs] [Times: user=0.01 sys=0.00, real=0.00 secs] 
2021-08-19T04:02:13.725+0800: 41621.323: [GC (Allocation Failure) [PSYoungGen: 85408K->384K(86016K)] 193783K->108759K(280576K), 0.0019664 secs] [Times: user=0.02 sys=0.00, real=0.00 secs] 
2021-08-19T04:02:26.695+0800: 41634.292: [GC (Allocation Failure) [PSYoungGen: 85376K->416K(86016K)] 193751K->108791K(280576K), 0.0020080 secs] [Times: user=0.01 sys=0.00, real=0.00 secs] 
2021-08-19T04:02:38.185+0800: 41645.783: [GC (Allocation Failure) [PSYoungGen: 85408K->1024K(84992K)] 193783K->109527K(279552K), 0.0024240 secs] [Times: user=0.01 sys=0.00, real=0.00 secs] 
2021-08-19T04:02:50.199+0800: 41657.796: [GC (Allocation Failure) [PSYoungGen: 84992K->384K(85504K)] 193495K->108895K(280064K), 0.0020437 secs] [Times: user=0.01 sys=0.00, real=0.01 secs] 
2021-08-19T04:03:03.196+0800: 41670.793: [GC (Allocation Failure) [PSYoungGen: 84352K->384K(85504K)] 192863K->108895K(280064K), 0.0019073 secs] [Times: user=0.01 sys=0.00, real=0.00 secs] 
2021-08-19T04:03:16.194+0800: 41683.791: [GC (Allocation Failure) [PSYoungGen: 84352K->384K(85504K)] 192863K->108895K(280064K), 0.0020773 secs] [Times: user=0.01 sys=0.00, real=0.00 secs] 
2021-08-19T04:03:28.184+0800: 41695.782: [GC (Allocation Failure) [PSYoungGen: 84352K->1024K(84992K)] 192863K->109575K(279552K), 0.0019873 secs] [Times: user=0.02 sys=0.00, real=0.00 secs] 
2021-08-19T04:03:39.694+0800: 41707.291: [GC (Allocation Failure) [PSYoungGen: 84992K->416K(85504K)] 193543K->108967K(280064K), 0.0021710 secs] [Times: user=0.02 sys=0.00, real=0.00 secs] 
2021-08-19T04:03:52.693+0800: 41720.291: [GC (Allocation Failure) [PSYoungGen: 84384K->416K(85504K)] 192935K->108967K(280064K), 0.0019271 secs] [Times: user=0.02 sys=0.00, real=0.00 secs] 
2021-08-19T04:04:05.197+0800: 41732.794: [GC (Allocation Failure) [PSYoungGen: 84384K->416K(85504K)] 192935K->108967K(280064K), 0.0021593 secs] [Times: user=0.02 sys=0.00, real=0.00 secs] 
2021-08-19T04:04:18.179+0800: 41745.776: [GC (Allocation Failure) [PSYoungGen: 84384K->672K(85504K)] 192935K->109223K(280064K), 0.0023037 secs] [Times: user=0.02 sys=0.00, real=0.01 secs] 
2021-08-19T04:04:29.194+0800: 41756.792: [GC (Allocation Failure) [PSYoungGen: 84640K->384K(85504K)] 193191K->108935K(280064K), 0.0022930 secs] [Times: user=0.01 sys=0.00, real=0.00 secs] 
2021-08-19T04:04:41.778+0800: 41769.376: [GC (Allocation Failure) [PSYoungGen: 84352K->384K(86016K)] 192903K->108951K(280576K), 0.0024359 secs] [Times: user=0.02 sys=0.00, real=0.01 secs] 
2021-08-19T04:04:54.777+0800: 41782.374: [GC (Allocation Failure) [PSYoungGen: 84864K->416K(85504K)] 193431K->109007K(280064K), 0.0019347 secs] [Times: user=0.01 sys=0.00, real=0.00 secs] 
2021-08-19T04:05:07.693+0800: 41795.291: [GC (Allocation Failure) [PSYoungGen: 84896K->384K(86016K)] 193487K->108975K(280576K), 0.0018624 secs] [Times: user=0.02 sys=0.00, real=0.00 secs] 
2021-08-19T04:05:18.776+0800: 41806.374: [GC (Allocation Failure) [PSYoungGen: 85376K->416K(86016K)] 193967K->109007K(280576K), 0.0020285 secs] [Times: user=0.01 sys=0.00, real=0.00 secs] 
2021-08-19T04:05:32.192+0800: 41819.790: [GC (Allocation Failure) [PSYoungGen: 85408K->416K(86016K)] 193999K->109015K(280576K), 0.0019356 secs] [Times: user=0.02 sys=0.00, real=0.00 secs] 
2021-08-19T04:05:44.693+0800: 41832.291: [GC (Allocation Failure) [PSYoungGen: 85408K->384K(86016K)] 194007K->109023K(280576K), 0.0020706 secs] [Times: user=0.02 sys=0.00, real=0.00 secs] 
2021-08-19T04:05:57.693+0800: 41845.291: [GC (Allocation Failure) [PSYoungGen: 85376K->192K(86016K)] 194015K->108831K(280576K), 0.0032114 secs] [Times: user=0.01 sys=0.00, real=0.00 secs] 
2021-08-19T04:06:08.774+0800: 41856.372: [GC (Allocation Failure) [PSYoungGen: 85184K->384K(86016K)] 193823K->109039K(280576K), 0.0025028 secs] [Times: user=0.02 sys=0.00, real=0.00 secs] 
2021-08-19T04:06:21.854+0800: 41869.452: [GC (Allocation Failure) [PSYoungGen: 85376K->416K(86016K)] 194031K->109079K(280576K), 0.0020723 secs] [Times: user=0.02 sys=0.01, real=0.00 secs] 
2021-08-19T04:06:35.161+0800: 41882.759: [GC (Allocation Failure) [PSYoungGen: 85408K->416K(86016K)] 194071K->109103K(280576K), 0.0021662 secs] [Times: user=0.01 sys=0.00, real=0.00 secs] 
2021-08-19T04:06:47.692+0800: 41895.290: [GC (Allocation Failure) [PSYoungGen: 85408K->384K(86016K)] 194095K->109071K(280576K), 0.0020148 secs] [Times: user=0.01 sys=0.00, real=0.00 secs] 
2021-08-19T04:06:58.691+0800: 41906.289: [GC (Allocation Failure) [PSYoungGen: 85376K->352K(86016K)] 194063K->109039K(280576K), 0.0021475 secs] [Times: user=0.02 sys=0.00, real=0.00 secs] 
2021-08-19T04:07:11.692+0800: 41919.290: [GC (Allocation Failure) [PSYoungGen: 85344K->416K(86016K)] 194031K->109103K(280576K), 0.0020729 secs] [Times: user=0.02 sys=0.00, real=0.00 secs] 
2021-08-19T04:07:24.694+0800: 41932.292: [GC (Allocation Failure) [PSYoungGen: 85408K->352K(86016K)] 194095K->109039K(280576K), 0.0021857 secs] [Times: user=0.02 sys=0.00, real=0.00 secs] 
2021-08-19T04:07:37.702+0800: 41945.300: [GC (Allocation Failure) [PSYoungGen: 85344K->384K(86016K)] 194031K->109071K(280576K), 0.0021777 secs] [Times: user=0.01 sys=0.00, real=0.00 secs] 
2021-08-19T04:07:48.196+0800: 41955.794: [GC (Allocation Failure) [PSYoungGen: 85376K->416K(86016K)] 194063K->109151K(280576K), 0.0020459 secs] [Times: user=0.01 sys=0.01, real=0.00 secs] 
2021-08-19T04:08:01.393+0800: 41968.991: [GC (Allocation Failure) [PSYoungGen: 85408K->352K(86016K)] 194143K->109087K(280576K), 0.0020432 secs] [Times: user=0.01 sys=0.00, real=0.00 secs] 
2021-08-19T04:08:14.565+0800: 41982.162: [GC (Allocation Failure) [PSYoungGen: 85344K->416K(86016K)] 194079K->109151K(280576K), 0.0022850 secs] [Times: user=0.01 sys=0.00, real=0.00 secs] 
2021-08-19T04:08:27.393+0800: 41994.990: [GC (Allocation Failure) [PSYoungGen: 85408K->416K(86016K)] 194143K->109151K(280576K), 0.0020255 secs] [Times: user=0.01 sys=0.00, real=0.00 secs] 
2021-08-19T04:08:38.194+0800: 42005.792: [GC (Allocation Failure) [PSYoungGen: 85408K->416K(86016K)] 194143K->109151K(280576K), 0.0018968 secs] [Times: user=0.02 sys=0.00, real=0.00 secs] 
2021-08-19T04:08:51.195+0800: 42018.793: [GC (Allocation Failure) [PSYoungGen: 85408K->416K(86016K)] 194143K->109151K(280576K), 0.0020275 secs] [Times: user=0.01 sys=0.00, real=0.00 secs] 
2021-08-19T04:09:04.378+0800: 42031.975: [GC (Allocation Failure) [PSYoungGen: 85408K->384K(86016K)] 194143K->109119K(280576K), 0.0020178 secs] [Times: user=0.01 sys=0.00, real=0.00 secs] 
2021-08-19T04:09:17.692+0800: 42045.290: [GC (Allocation Failure) [PSYoungGen: 85376K->384K(86016K)] 194111K->109119K(280576K), 0.0021861 secs] [Times: user=0.01 sys=0.00, real=0.00 secs] 
2021-08-19T04:09:28.697+0800: 42056.295: [GC (Allocation Failure) [PSYoungGen: 85376K->352K(86016K)] 194111K->109087K(280576K), 0.0020582 secs] [Times: user=0.02 sys=0.00, real=0.00 secs] 
2021-08-19T04:09:41.196+0800: 42068.794: [GC (Allocation Failure) [PSYoungGen: 85344K->384K(86016K)] 194079K->109119K(280576K), 0.0019054 secs] [Times: user=0.02 sys=0.00, real=0.00 secs] 
2021-08-19T04:09:54.197+0800: 42081.795: [GC (Allocation Failure) [PSYoungGen: 85376K->384K(86016K)] 194111K->109119K(280576K), 0.0021490 secs] [Times: user=0.02 sys=0.00, real=0.00 secs] 
2021-08-19T04:10:07.201+0800: 42094.799: [GC (Allocation Failure) [PSYoungGen: 85376K->416K(86528K)] 194111K->109159K(281088K), 0.0020356 secs] [Times: user=0.01 sys=0.00, real=0.00 secs] 
2021-08-19T04:10:18.693+0800: 42106.290: [GC (Allocation Failure) [PSYoungGen: 86432K->384K(86528K)] 195175K->109127K(281088K), 0.0022176 secs] [Times: user=0.02 sys=0.00, real=0.00 secs] 
2021-08-19T04:10:32.191+0800: 42119.789: [GC (Allocation Failure) [PSYoungGen: 86400K->320K(86528K)] 195143K->109063K(281088K), 0.0020605 secs] [Times: user=0.01 sys=0.00, real=0.00 secs] 
2021-08-19T04:10:45.192+0800: 42132.790: [GC (Allocation Failure) [PSYoungGen: 86336K->416K(86528K)] 195079K->109159K(281088K), 0.0019717 secs] [Times: user=0.02 sys=0.00, real=0.00 secs] 
2021-08-19T04:10:58.180+0800: 42145.778: [GC (Allocation Failure) [PSYoungGen: 86432K->416K(86528K)] 195175K->109159K(281088K), 0.0024140 secs] [Times: user=0.02 sys=0.00, real=0.00 secs] 
2021-08-19T04:11:09.195+0800: 42156.793: [GC (Allocation Failure) [PSYoungGen: 86432K->352K(86528K)] 195175K->109095K(281088K), 0.0019886 secs] [Times: user=0.02 sys=0.00, real=0.00 secs] 
2021-08-19T04:11:22.695+0800: 42170.293: [GC (Allocation Failure) [PSYoungGen: 86368K->416K(86528K)] 195111K->109167K(281088K), 0.0023384 secs] [Times: user=0.01 sys=0.00, real=0.00 secs] 
2021-08-19T04:11:35.880+0800: 42183.477: [GC (Allocation Failure) [PSYoungGen: 86432K->416K(86528K)] 195183K->109167K(281088K), 0.0023073 secs] [Times: user=0.02 sys=0.00, real=0.01 secs] 
2021-08-19T04:11:48.187+0800: 42195.785: [GC (Allocation Failure) [PSYoungGen: 86432K->512K(85504K)] 195183K->109639K(280064K), 0.0024067 secs] [Times: user=0.02 sys=0.00, real=0.00 secs] 
2021-08-19T04:12:00.192+0800: 42207.789: [GC (Allocation Failure) [PSYoungGen: 85504K->384K(86016K)] 194631K->109559K(280576K), 0.0020126 secs] [Times: user=0.02 sys=0.00, real=0.00 secs] 
2021-08-19T04:12:13.193+0800: 42220.791: [GC (Allocation Failure) [PSYoungGen: 85376K->352K(86016K)] 194551K->109527K(280576K), 0.0019976 secs] [Times: user=0.01 sys=0.00, real=0.00 secs] 
2021-08-19T04:12:26.193+0800: 42233.791: [GC (Allocation Failure) [PSYoungGen: 85344K->416K(86016K)] 194519K->109591K(280576K), 0.0018979 secs] [Times: user=0.02 sys=0.00, real=0.00 secs] 
2021-08-19T04:12:38.190+0800: 42245.788: [GC (Allocation Failure) [PSYoungGen: 85408K->992K(86016K)] 194583K->110167K(280576K), 0.0022360 secs] [Times: user=0.01 sys=0.00, real=0.00 secs] 
2021-08-19T04:12:50.194+0800: 42257.792: [GC (Allocation Failure) [PSYoungGen: 85984K->384K(86016K)] 195159K->109559K(280576K), 0.0022394 secs] [Times: user=0.02 sys=0.00, real=0.00 secs] 
2021-08-19T04:13:03.194+0800: 42270.791: [GC (Allocation Failure) [PSYoungGen: 85376K->384K(86016K)] 194551K->109559K(280576K), 0.0020871 secs] [Times: user=0.01 sys=0.00, real=0.00 secs] 
2021-08-19T04:13:16.193+0800: 42283.790: [GC (Allocation Failure) [PSYoungGen: 85376K->384K(86016K)] 194551K->109599K(280576K), 0.0020326 secs] [Times: user=0.02 sys=0.00, real=0.00 secs] 
2021-08-19T04:13:28.191+0800: 42295.789: [GC (Allocation Failure) [PSYoungGen: 85376K->1024K(86016K)] 194591K->110287K(280576K), 0.0020585 secs] [Times: user=0.01 sys=0.00, real=0.00 secs] 
2021-08-19T04:13:40.191+0800: 42307.789: [GC (Allocation Failure) [PSYoungGen: 86016K->416K(86016K)] 195279K->109679K(280576K), 0.0022162 secs] [Times: user=0.02 sys=0.00, real=0.00 secs] 
2021-08-19T04:13:53.193+0800: 42320.791: [GC (Allocation Failure) [PSYoungGen: 85408K->352K(86016K)] 194671K->109615K(280576K), 0.0019166 secs] [Times: user=0.01 sys=0.00, real=0.00 secs] 
2021-08-19T04:14:06.193+0800: 42333.790: [GC (Allocation Failure) [PSYoungGen: 85344K->416K(86016K)] 194607K->109679K(280576K), 0.0027136 secs] [Times: user=0.02 sys=0.00, real=0.00 secs] 
2021-08-19T04:14:18.193+0800: 42345.791: [GC (Allocation Failure) [PSYoungGen: 85408K->1024K(84992K)] 194671K->110327K(279552K), 0.0020253 secs] [Times: user=0.01 sys=0.01, real=0.00 secs] 
2021-08-19T04:14:30.193+0800: 42357.791: [GC (Allocation Failure) [PSYoungGen: 84992K->416K(85504K)] 194295K->109751K(280064K), 0.0021718 secs] [Times: user=0.02 sys=0.00, real=0.00 secs] 
2021-08-19T04:14:42.762+0800: 42370.360: [GC (Allocation Failure) [PSYoungGen: 84384K->416K(86016K)] 193719K->109751K(280576K), 0.0021292 secs] [Times: user=0.01 sys=0.00, real=0.00 secs] 
2021-08-19T04:14:55.763+0800: 42383.361: [GC (Allocation Failure) [PSYoungGen: 84896K->384K(85504K)] 194231K->109743K(280064K), 0.0019518 secs] [Times: user=0.01 sys=0.00, real=0.00 secs] 
2021-08-19T04:15:08.191+0800: 42395.789: [GC (Allocation Failure) [PSYoungGen: 84864K->736K(86016K)] 194223K->110095K(280576K), 0.0019815 secs] [Times: user=0.01 sys=0.00, real=0.00 secs] 
2021-08-19T04:15:19.762+0800: 42407.360: [GC (Allocation Failure) [PSYoungGen: 85728K->352K(86016K)] 195087K->109711K(280576K), 0.0020978 secs] [Times: user=0.02 sys=0.00, real=0.00 secs] 
2021-08-19T04:15:33.193+0800: 42420.791: [GC (Allocation Failure) [PSYoungGen: 85344K->384K(86016K)] 194703K->109743K(280576K), 0.0021749 secs] [Times: user=0.01 sys=0.00, real=0.00 secs] 
2021-08-19T04:15:46.191+0800: 42433.789: [GC (Allocation Failure) [PSYoungGen: 85376K->384K(86016K)] 194735K->109743K(280576K), 0.0021923 secs] [Times: user=0.02 sys=0.00, real=0.00 secs] 
2021-08-19T04:15:58.193+0800: 42445.791: [GC (Allocation Failure) [PSYoungGen: 85376K->544K(86016K)] 194735K->109903K(280576K), 0.0020699 secs] [Times: user=0.01 sys=0.00, real=0.00 secs] 
2021-08-19T04:16:10.194+0800: 42457.792: [GC (Allocation Failure) [PSYoungGen: 85536K->416K(86016K)] 194895K->109775K(280576K), 0.0019372 secs] [Times: user=0.01 sys=0.00, real=0.00 secs] 
2021-08-19T04:16:23.192+0800: 42470.790: [GC (Allocation Failure) [PSYoungGen: 85408K->416K(86016K)] 194767K->109775K(280576K), 0.0021927 secs] [Times: user=0.02 sys=0.00, real=0.00 secs] 
2021-08-19T04:16:36.194+0800: 42483.792: [GC (Allocation Failure) [PSYoungGen: 85408K->416K(86016K)] 194767K->109791K(280576K), 0.0020418 secs] [Times: user=0.02 sys=0.00, real=0.00 secs] 
2021-08-19T04:16:48.194+0800: 42495.791: [GC (Allocation Failure) [PSYoungGen: 85408K->544K(86016K)] 194783K->109919K(280576K), 0.0020377 secs] [Times: user=0.01 sys=0.00, real=0.00 secs] 
2021-08-19T04:17:00.191+0800: 42507.789: [GC (Allocation Failure) [PSYoungGen: 85536K->320K(86016K)] 194911K->109695K(280576K), 0.0020328 secs] [Times: user=0.02 sys=0.00, real=0.00 secs] 
2021-08-19T04:17:13.195+0800: 42520.792: [GC (Allocation Failure) [PSYoungGen: 85312K->352K(86016K)] 194687K->109727K(280576K), 0.0019670 secs] [Times: user=0.02 sys=0.00, real=0.00 secs] 
2021-08-19T04:17:26.194+0800: 42533.792: [GC (Allocation Failure) [PSYoungGen: 85344K->384K(86016K)] 194719K->109767K(280576K), 0.0022891 secs] [Times: user=0.01 sys=0.00, real=0.00 secs] 
2021-08-19T04:17:38.194+0800: 42545.792: [GC (Allocation Failure) [PSYoungGen: 85376K->416K(86016K)] 194759K->109799K(280576K), 0.0019582 secs] [Times: user=0.02 sys=0.00, real=0.00 secs] 
2021-08-19T04:17:50.194+0800: 42557.791: [GC (Allocation Failure) [PSYoungGen: 85408K->384K(86016K)] 194791K->109767K(280576K), 0.0026409 secs] [Times: user=0.02 sys=0.00, real=0.00 secs] 
2021-08-19T04:18:03.195+0800: 42570.792: [GC (Allocation Failure) [PSYoungGen: 85376K->352K(86016K)] 194759K->109735K(280576K), 0.0018046 secs] [Times: user=0.01 sys=0.00, real=0.00 secs] 
2021-08-19T04:18:16.194+0800: 42583.792: [GC (Allocation Failure) [PSYoungGen: 85344K->384K(86016K)] 194727K->109775K(280576K), 0.0019909 secs] [Times: user=0.02 sys=0.00, real=0.00 secs] 
2021-08-19T04:18:28.196+0800: 42595.793: [GC (Allocation Failure) [PSYoungGen: 85376K->800K(86016K)] 194767K->110191K(280576K), 0.0020788 secs] [Times: user=0.01 sys=0.00, real=0.00 secs] 
2021-08-19T04:18:40.196+0800: 42607.793: [GC (Allocation Failure) [PSYoungGen: 85792K->384K(86016K)] 195183K->109775K(280576K), 0.0020878 secs] [Times: user=0.01 sys=0.00, real=0.00 secs] 
2021-08-19T04:18:53.195+0800: 42620.793: [GC (Allocation Failure) [PSYoungGen: 85376K->432K(86016K)] 194767K->109823K(280576K), 0.0022974 secs] [Times: user=0.01 sys=0.00, real=0.00 secs] 
2021-08-19T04:19:06.196+0800: 42633.793: [GC (Allocation Failure) [PSYoungGen: 85424K->448K(86016K)] 194815K->109839K(280576K), 0.0019448 secs] [Times: user=0.01 sys=0.00, real=0.00 secs] 
2021-08-19T04:19:18.196+0800: 42645.793: [GC (Allocation Failure) [PSYoungGen: 85440K->992K(86016K)] 194831K->110391K(280576K), 0.0019119 secs] [Times: user=0.01 sys=0.00, real=0.00 secs] 
2021-08-19T04:19:30.199+0800: 42657.797: [GC (Allocation Failure) [PSYoungGen: 85984K->512K(86016K)] 195383K->109911K(280576K), 0.0020579 secs] [Times: user=0.01 sys=0.00, real=0.01 secs] 
2021-08-19T04:19:43.194+0800: 42670.792: [GC (Allocation Failure) [PSYoungGen: 85504K->576K(86016K)] 194903K->109975K(280576K), 0.0019077 secs] [Times: user=0.01 sys=0.00, real=0.00 secs] 
2021-08-19T04:19:56.193+0800: 42683.791: [GC (Allocation Failure) [PSYoungGen: 85568K->688K(86016K)] 194967K->110087K(280576K), 0.0020521 secs] [Times: user=0.01 sys=0.00, real=0.00 secs] 
2021-08-19T04:20:08.196+0800: 42695.793: [GC (Allocation Failure) [PSYoungGen: 85680K->1008K(84992K)] 195079K->110455K(279552K), 0.0024428 secs] [Times: user=0.02 sys=0.00, real=0.00 secs] 
2021-08-19T04:20:20.193+0800: 42707.791: [GC (Allocation Failure) [PSYoungGen: 84976K->800K(85504K)] 194423K->110263K(280064K), 0.0021557 secs] [Times: user=0.02 sys=0.00, real=0.00 secs] 
2021-08-19T04:20:33.191+0800: 42720.789: [GC (Allocation Failure) [PSYoungGen: 84768K->960K(85504K)] 194231K->110423K(280064K), 0.0021447 secs] [Times: user=0.01 sys=0.00, real=0.00 secs] 
2021-08-19T04:20:45.692+0800: 42733.289: [GC (Allocation Failure) [PSYoungGen: 84928K->976K(85504K)] 194391K->110439K(280064K), 0.0020646 secs] [Times: user=0.01 sys=0.00, real=0.00 secs] 
2021-08-19T04:20:58.193+0800: 42745.791: [GC (Allocation Failure) [PSYoungGen: 84944K->1344K(85504K)] 194407K->110807K(280064K), 0.0022325 secs] [Times: user=0.01 sys=0.00, real=0.00 secs] 
2021-08-19T04:21:09.195+0800: 42756.793: [GC (Allocation Failure) [PSYoungGen: 85312K->1072K(85504K)] 194775K->110535K(280064K), 0.0023700 secs] [Times: user=0.01 sys=0.00, real=0.00 secs] 
2021-08-19T04:21:22.195+0800: 42769.793: [GC (Allocation Failure) [PSYoungGen: 85040K->1104K(85504K)] 194503K->110567K(280064K), 0.0020744 secs] [Times: user=0.02 sys=0.00, real=0.00 secs] 
2021-08-19T04:21:35.195+0800: 42782.793: [GC (Allocation Failure) [PSYoungGen: 85072K->1088K(85504K)] 194535K->110551K(280064K), 0.0020579 secs] [Times: user=0.01 sys=0.00, real=0.00 secs] 
2021-08-19T04:21:47.753+0800: 42795.350: [GC (Allocation Failure) [PSYoungGen: 85056K->1024K(84480K)] 194519K->110527K(279040K), 0.0024551 secs] [Times: user=0.02 sys=0.00, real=0.00 secs] 
2021-08-19T04:21:58.203+0800: 42805.800: [GC (Allocation Failure) [PSYoungGen: 83968K->1744K(84992K)] 193471K->111391K(279552K), 0.0024054 secs] [Times: user=0.01 sys=0.00, real=0.00 secs] 
2021-08-19T04:22:11.194+0800: 42818.791: [GC (Allocation Failure) [PSYoungGen: 84688K->960K(84992K)] 194335K->110743K(279552K), 0.0019573 secs] [Times: user=0.01 sys=0.00, real=0.00 secs] 
2021-08-19T04:22:24.193+0800: 42831.791: [GC (Allocation Failure) [PSYoungGen: 83904K->944K(84992K)] 193687K->110727K(279552K), 0.0021479 secs] [Times: user=0.02 sys=0.00, real=0.00 secs] 
2021-08-19T04:22:36.693+0800: 42844.290: [GC (Allocation Failure) [PSYoungGen: 83888K->800K(84992K)] 193671K->110687K(279552K), 0.0023411 secs] [Times: user=0.02 sys=0.00, real=0.00 secs] 
2021-08-19T04:22:48.195+0800: 42855.793: [GC (Allocation Failure) [PSYoungGen: 83744K->1264K(84992K)] 193631K->111279K(279552K), 0.0020246 secs] [Times: user=0.01 sys=0.00, real=0.00 secs] 
2021-08-19T04:22:59.753+0800: 42867.350: [GC (Allocation Failure) [PSYoungGen: 84208K->784K(84992K)] 194223K->110815K(279552K), 0.0023402 secs] [Times: user=0.02 sys=0.00, real=0.00 secs] 
2021-08-19T04:23:12.691+0800: 42880.289: [GC (Allocation Failure) [PSYoungGen: 83728K->640K(84992K)] 193759K->110887K(279552K), 0.0020605 secs] [Times: user=0.01 sys=0.00, real=0.00 secs] 
2021-08-19T04:23:25.197+0800: 42892.794: [GC (Allocation Failure) [PSYoungGen: 83584K->640K(84992K)] 193831K->110895K(279552K), 0.0018102 secs] [Times: user=0.02 sys=0.00, real=0.00 secs] 
2021-08-19T04:23:37.891+0800: 42905.489: [GC (Allocation Failure) [PSYoungGen: 83584K->432K(84992K)] 193839K->110983K(279552K), 0.0020341 secs] [Times: user=0.01 sys=0.00, real=0.00 secs] 
2021-08-19T04:23:48.202+0800: 42915.800: [GC (Allocation Failure) [PSYoungGen: 83376K->1104K(84992K)] 193927K->111679K(279552K), 0.0022277 secs] [Times: user=0.02 sys=0.00, real=0.00 secs] 
2021-08-19T04:24:01.193+0800: 42928.790: [GC (Allocation Failure) [PSYoungGen: 84048K->416K(84992K)] 194623K->110991K(279552K), 0.0020774 secs] [Times: user=0.01 sys=0.00, real=0.00 secs] 
2021-08-19T04:24:13.752+0800: 42941.350: [GC (Allocation Failure) [PSYoungGen: 83360K->384K(84992K)] 193935K->111119K(279552K), 0.0024785 secs] [Times: user=0.01 sys=0.00, real=0.00 secs] 
2021-08-19T04:24:26.197+0800: 42953.795: [GC (Allocation Failure) [PSYoungGen: 83328K->416K(84992K)] 194063K->111151K(279552K), 0.0018872 secs] [Times: user=0.02 sys=0.00, real=0.00 secs] 
2021-08-19T04:24:38.194+0800: 42965.792: [GC (Allocation Failure) [PSYoungGen: 83360K->736K(85504K)] 194095K->111471K(280064K), 0.0019058 secs] [Times: user=0.01 sys=0.00, real=0.00 secs] 
2021-08-19T04:24:49.693+0800: 42977.291: [GC (Allocation Failure) [PSYoungGen: 84192K->416K(84992K)] 194927K->111159K(279552K), 0.0018958 secs] [Times: user=0.01 sys=0.00, real=0.00 secs] 
2021-08-19T04:25:02.195+0800: 42989.793: [GC (Allocation Failure) [PSYoungGen: 83872K->416K(85504K)] 194615K->111159K(280064K), 0.0018813 secs] [Times: user=0.01 sys=0.00, real=0.00 secs] 
2021-08-19T04:25:15.196+0800: 43002.794: [GC (Allocation Failure) [PSYoungGen: 84384K->384K(85504K)] 195127K->111183K(280064K), 0.0019188 secs] [Times: user=0.01 sys=0.00, real=0.00 secs] 
2021-08-19T04:25:28.192+0800: 43015.790: [GC (Allocation Failure) [PSYoungGen: 84352K->384K(85504K)] 195151K->111183K(280064K), 0.0024175 secs] [Times: user=0.02 sys=0.00, real=0.00 secs] 
2021-08-19T04:25:39.191+0800: 43026.788: [GC (Allocation Failure) [PSYoungGen: 84352K->384K(85504K)] 195151K->111183K(280064K), 0.0023233 secs] [Times: user=0.01 sys=0.00, real=0.00 secs] 
2021-08-19T04:25:51.749+0800: 43039.346: [GC (Allocation Failure) [PSYoungGen: 84352K->416K(85504K)] 195151K->111215K(280064K), 0.0020152 secs] [Times: user=0.02 sys=0.00, real=0.01 secs] 
2021-08-19T04:26:04.692+0800: 43052.290: [GC (Allocation Failure) [PSYoungGen: 84384K->416K(85504K)] 195183K->111215K(280064K), 0.0020531 secs] [Times: user=0.01 sys=0.00, real=0.00 secs] 
2021-08-19T04:26:17.693+0800: 43065.291: [GC (Allocation Failure) [PSYoungGen: 84384K->416K(85504K)] 195183K->111215K(280064K), 0.0023138 secs] [Times: user=0.01 sys=0.00, real=0.00 secs] 
2021-08-19T04:26:28.202+0800: 43075.800: [GC (Allocation Failure) [PSYoungGen: 84384K->992K(85504K)] 195183K->111791K(280064K), 0.0021467 secs] [Times: user=0.02 sys=0.00, real=0.00 secs] 
2021-08-19T04:26:41.194+0800: 43088.792: [GC (Allocation Failure) [PSYoungGen: 84960K->416K(85504K)] 195759K->111215K(280064K), 0.0018547 secs] [Times: user=0.01 sys=0.00, real=0.00 secs] 
2021-08-19T04:26:54.193+0800: 43101.791: [GC (Allocation Failure) [PSYoungGen: 84384K->416K(85504K)] 195183K->111239K(280064K), 0.0020776 secs] [Times: user=0.01 sys=0.00, real=0.00 secs] 
2021-08-19T04:27:07.193+0800: 43114.791: [GC (Allocation Failure) [PSYoungGen: 84384K->384K(85504K)] 195207K->111207K(280064K), 0.0022159 secs] [Times: user=0.02 sys=0.00, real=0.00 secs] 
2021-08-19T04:27:18.200+0800: 43125.797: [GC (Allocation Failure) [PSYoungGen: 84352K->1152K(85504K)] 195175K->112015K(280064K), 0.0025025 secs] [Times: user=0.02 sys=0.00, real=0.01 secs] 
2021-08-19T04:27:30.693+0800: 43138.291: [GC (Allocation Failure) [PSYoungGen: 85120K->416K(85504K)] 195983K->111279K(280064K), 0.0020371 secs] [Times: user=0.01 sys=0.00, real=0.00 secs] 
2021-08-19T04:27:43.197+0800: 43150.795: [GC (Allocation Failure) [PSYoungGen: 84384K->352K(85504K)] 195247K->111215K(280064K), 0.0022595 secs] [Times: user=0.02 sys=0.00, real=0.00 secs] 
2021-08-19T04:27:56.195+0800: 43163.792: [GC (Allocation Failure) [PSYoungGen: 84320K->416K(85504K)] 195183K->111279K(280064K), 0.0018192 secs] [Times: user=0.02 sys=0.00, real=0.00 secs] 
2021-08-19T04:28:08.196+0800: 43175.794: [GC (Allocation Failure) [PSYoungGen: 84384K->800K(85504K)] 195247K->111663K(280064K), 0.0020905 secs] [Times: user=0.02 sys=0.00, real=0.00 secs] 
2021-08-19T04:28:20.197+0800: 43187.795: [GC (Allocation Failure) [PSYoungGen: 84768K->416K(85504K)] 195631K->111279K(280064K), 0.0021637 secs] [Times: user=0.01 sys=0.00, real=0.00 secs] 
2021-08-19T04:28:33.192+0800: 43200.790: [GC (Allocation Failure) [PSYoungGen: 84384K->384K(85504K)] 195247K->111255K(280064K), 0.0020021 secs] [Times: user=0.01 sys=0.00, real=0.00 secs] 
2021-08-19T04:28:45.694+0800: 43213.292: [GC (Allocation Failure) [PSYoungGen: 84352K->416K(85504K)] 195223K->111287K(280064K), 0.0022128 secs] [Times: user=0.01 sys=0.00, real=0.00 secs] 
2021-08-19T04:28:58.194+0800: 43225.792: [GC (Allocation Failure) [PSYoungGen: 84384K->704K(85504K)] 195255K->111575K(280064K), 0.0022414 secs] [Times: user=0.01 sys=0.00, real=0.00 secs] 
2021-08-19T04:29:09.198+0800: 43236.796: [GC (Allocation Failure) [PSYoungGen: 84672K->384K(85504K)] 195543K->111255K(280064K), 0.0020669 secs] [Times: user=0.02 sys=0.00, real=0.00 secs] 
2021-08-19T04:29:22.196+0800: 43249.794: [GC (Allocation Failure) [PSYoungGen: 84352K->384K(85504K)] 195223K->111255K(280064K), 0.0021046 secs] [Times: user=0.01 sys=0.00, real=0.00 secs] 
2021-08-19T04:29:35.196+0800: 43262.794: [GC (Allocation Failure) [PSYoungGen: 84352K->384K(85504K)] 195223K->111255K(280064K), 0.0019617 secs] [Times: user=0.01 sys=0.00, real=0.00 secs] 
2021-08-19T04:29:48.182+0800: 43275.780: [GC (Allocation Failure) [PSYoungGen: 84352K->320K(85504K)] 195223K->111191K(280064K), 0.0019771 secs] [Times: user=0.01 sys=0.00, real=0.00 secs] 
2021-08-19T04:29:58.695+0800: 43286.293: [GC (Allocation Failure) [PSYoungGen: 84288K->416K(86016K)] 195159K->111287K(280576K), 0.0020165 secs] [Times: user=0.01 sys=0.00, real=0.00 secs] 
2021-08-19T04:30:11.698+0800: 43299.296: [GC (Allocation Failure) [PSYoungGen: 85408K->416K(86016K)] 196279K->111287K(280576K), 0.0024448 secs] [Times: user=0.01 sys=0.00, real=0.01 secs] 
2021-08-19T04:30:24.744+0800: 43312.342: [GC (Allocation Failure) [PSYoungGen: 85408K->416K(86016K)] 196279K->111295K(280576K), 0.0023416 secs] [Times: user=0.01 sys=0.00, real=0.00 secs] 
2021-08-19T04:30:37.744+0800: 43325.342: [GC (Allocation Failure) [PSYoungGen: 85408K->384K(86016K)] 196287K->111263K(280576K), 0.0019232 secs] [Times: user=0.01 sys=0.00, real=0.00 secs] 
2021-08-19T04:30:48.694+0800: 43336.292: [GC (Allocation Failure) [PSYoungGen: 85376K->352K(86016K)] 196255K->111231K(280576K), 0.0020305 secs] [Times: user=0.01 sys=0.00, real=0.00 secs] 
2021-08-19T04:31:01.695+0800: 43349.293: [GC (Allocation Failure) [PSYoungGen: 85344K->384K(86016K)] 196223K->111263K(280576K), 0.0020843 secs] [Times: user=0.01 sys=0.00, real=0.00 secs] 
2021-08-19T04:31:14.742+0800: 43362.340: [GC (Allocation Failure) [PSYoungGen: 85376K->416K(86016K)] 196255K->111295K(280576K), 0.0020523 secs] [Times: user=0.01 sys=0.00, real=0.00 secs] 
2021-08-19T04:31:27.742+0800: 43375.340: [GC (Allocation Failure) [PSYoungGen: 85408K->416K(86016K)] 196287K->111295K(280576K), 0.0018897 secs] [Times: user=0.02 sys=0.00, real=0.00 secs] 
2021-08-19T04:31:38.373+0800: 43385.970: [GC (Allocation Failure) [PSYoungGen: 85408K->352K(86016K)] 196287K->111255K(280576K), 0.0021040 secs] [Times: user=0.01 sys=0.00, real=0.00 secs] 
2021-08-19T04:31:51.695+0800: 43399.293: [GC (Allocation Failure) [PSYoungGen: 85344K->416K(86016K)] 196247K->111351K(280576K), 0.0021693 secs] [Times: user=0.02 sys=0.00, real=0.00 secs] 
2021-08-19T04:32:04.696+0800: 43412.294: [GC (Allocation Failure) [PSYoungGen: 85408K->384K(86016K)] 196343K->111319K(280576K), 0.0021207 secs] [Times: user=0.01 sys=0.00, real=0.00 secs] 
2021-08-19T04:32:17.694+0800: 43425.292: [GC (Allocation Failure) [PSYoungGen: 85376K->416K(86016K)] 196311K->111351K(280576K), 0.0024040 secs] [Times: user=0.02 sys=0.00, real=0.00 secs] 
2021-08-19T04:32:28.694+0800: 43436.292: [GC (Allocation Failure) [PSYoungGen: 85408K->416K(86016K)] 196343K->111351K(280576K), 0.0022740 secs] [Times: user=0.02 sys=0.00, real=0.00 secs] 
2021-08-19T04:32:41.199+0800: 43448.797: [GC (Allocation Failure) [PSYoungGen: 85408K->416K(86016K)] 196343K->111351K(280576K), 0.0019695 secs] [Times: user=0.02 sys=0.00, real=0.01 secs] 
2021-08-19T04:32:54.199+0800: 43461.796: [GC (Allocation Failure) [PSYoungGen: 85408K->416K(86016K)] 196343K->111351K(280576K), 0.0019704 secs] [Times: user=0.02 sys=0.00, real=0.01 secs] 
2021-08-19T04:33:07.199+0800: 43474.797: [GC (Allocation Failure) [PSYoungGen: 85408K->352K(86016K)] 196343K->111287K(280576K), 0.0023241 secs] [Times: user=0.01 sys=0.00, real=0.01 secs] 
2021-08-19T04:33:18.206+0800: 43485.803: [GC (Allocation Failure) [PSYoungGen: 85344K->992K(86016K)] 196279K->111927K(280576K), 0.0025241 secs] [Times: user=0.02 sys=0.00, real=0.00 secs] 
2021-08-19T04:33:31.200+0800: 43498.798: [GC (Allocation Failure) [PSYoungGen: 85984K->384K(86016K)] 196919K->111319K(280576K), 0.0018902 secs] [Times: user=0.01 sys=0.00, real=0.01 secs] 
2021-08-19T04:33:44.198+0800: 43511.796: [GC (Allocation Failure) [PSYoungGen: 85376K->416K(86016K)] 196311K->111351K(280576K), 0.0019106 secs] [Times: user=0.01 sys=0.00, real=0.01 secs] 
2021-08-19T04:33:57.200+0800: 43524.798: [GC (Allocation Failure) [PSYoungGen: 85408K->416K(86016K)] 196343K->111351K(280576K), 0.0021859 secs] [Times: user=0.01 sys=0.00, real=0.01 secs] 
2021-08-19T04:34:08.206+0800: 43535.804: [GC (Allocation Failure) [PSYoungGen: 85408K->896K(86016K)] 196343K->111831K(280576K), 0.0022023 secs] [Times: user=0.01 sys=0.00, real=0.00 secs] 
2021-08-19T04:34:21.201+0800: 43548.799: [GC (Allocation Failure) [PSYoungGen: 85888K->416K(86016K)] 196823K->111359K(280576K), 0.0020814 secs] [Times: user=0.02 sys=0.00, real=0.00 secs] 
2021-08-19T04:34:34.697+0800: 43562.294: [GC (Allocation Failure) [PSYoungGen: 85408K->384K(86016K)] 196351K->111327K(280576K), 0.0020934 secs] [Times: user=0.01 sys=0.00, real=0.00 secs] 
2021-08-19T04:34:47.202+0800: 43574.800: [GC (Allocation Failure) [PSYoungGen: 85376K->416K(86016K)] 196319K->111359K(280576K), 0.0019267 secs] [Times: user=0.01 sys=0.00, real=0.00 secs] 
2021-08-19T04:34:58.208+0800: 43585.805: [GC (Allocation Failure) [PSYoungGen: 85408K->416K(86016K)] 196351K->111359K(280576K), 0.0025853 secs] [Times: user=0.02 sys=0.00, real=0.01 secs] 
2021-08-19T04:35:11.696+0800: 43599.294: [GC (Allocation Failure) [PSYoungGen: 85408K->384K(86016K)] 196351K->111327K(280576K), 0.0022565 secs] [Times: user=0.02 sys=0.00, real=0.00 secs] 
2021-08-19T04:35:24.696+0800: 43612.293: [GC (Allocation Failure) [PSYoungGen: 85376K->416K(86016K)] 196319K->111359K(280576K), 0.0024117 secs] [Times: user=0.01 sys=0.00, real=0.00 secs] 
2021-08-19T04:35:37.697+0800: 43625.295: [GC (Allocation Failure) [PSYoungGen: 85408K->384K(86016K)] 196351K->111327K(280576K), 0.0020517 secs] [Times: user=0.01 sys=0.00, real=0.00 secs] 
2021-08-19T04:35:48.207+0800: 43635.805: [GC (Allocation Failure) [PSYoungGen: 85376K->896K(86016K)] 196319K->111839K(280576K), 0.0024658 secs] [Times: user=0.02 sys=0.00, real=0.00 secs] 
2021-08-19T04:36:01.203+0800: 43648.801: [GC (Allocation Failure) [PSYoungGen: 85888K->352K(86016K)] 196831K->111295K(280576K), 0.0019858 secs] [Times: user=0.02 sys=0.00, real=0.00 secs] 
2021-08-19T04:36:14.697+0800: 43662.294: [GC (Allocation Failure) [PSYoungGen: 85344K->352K(86016K)] 196287K->111295K(280576K), 0.0021893 secs] [Times: user=0.01 sys=0.00, real=0.00 secs] 
2021-08-19T04:36:27.698+0800: 43675.295: [GC (Allocation Failure) [PSYoungGen: 85344K->416K(86016K)] 196287K->111359K(280576K), 0.0021180 secs] [Times: user=0.01 sys=0.00, real=0.00 secs] 
2021-08-19T04:36:38.208+0800: 43685.806: [GC (Allocation Failure) [PSYoungGen: 85408K->832K(86016K)] 196351K->111775K(280576K), 0.0020177 secs] [Times: user=0.02 sys=0.00, real=0.00 secs] 
2021-08-19T04:36:51.552+0800: 43699.150: [GC (Allocation Failure) [PSYoungGen: 85824K->352K(86016K)] 196767K->111295K(280576K), 0.0019315 secs] [Times: user=0.01 sys=0.00, real=0.00 secs] 
2021-08-19T04:37:04.697+0800: 43712.295: [GC (Allocation Failure) [PSYoungGen: 85344K->416K(86016K)] 196287K->111359K(280576K), 0.0019932 secs] [Times: user=0.02 sys=0.00, real=0.00 secs] 
2021-08-19T04:37:17.696+0800: 43725.294: [GC (Allocation Failure) [PSYoungGen: 85408K->416K(86016K)] 196351K->111359K(280576K), 0.0021456 secs] [Times: user=0.01 sys=0.00, real=0.00 secs] 
2021-08-19T04:37:28.699+0800: 43736.297: [GC (Allocation Failure) [PSYoungGen: 85408K->384K(86016K)] 196351K->111327K(280576K), 0.0020903 secs] [Times: user=0.01 sys=0.00, real=0.01 secs] 
2021-08-19T04:37:41.202+0800: 43748.800: [GC (Allocation Failure) [PSYoungGen: 85376K->384K(86016K)] 196319K->111327K(280576K), 0.0023259 secs] [Times: user=0.02 sys=0.00, real=0.00 secs] 
2021-08-19T04:37:54.237+0800: 43761.834: [GC (Allocation Failure) [PSYoungGen: 85376K->320K(86016K)] 196319K->111263K(280576K), 0.0019032 secs] [Times: user=0.02 sys=0.00, real=0.00 secs] 
2021-08-19T04:38:07.571+0800: 43775.169: [GC (Allocation Failure) [PSYoungGen: 85312K->384K(86016K)] 196255K->111327K(280576K), 0.0023049 secs] [Times: user=0.01 sys=0.00, real=0.00 secs] 
2021-08-19T04:38:18.250+0800: 43785.848: [GC (Allocation Failure) [PSYoungGen: 85376K->416K(86016K)] 196319K->111359K(280576K), 0.0019652 secs] [Times: user=0.01 sys=0.00, real=0.01 secs] 
2021-08-19T04:38:31.698+0800: 43799.296: [GC (Allocation Failure) [PSYoungGen: 85408K->384K(86016K)] 196351K->111327K(280576K), 0.0020095 secs] [Times: user=0.01 sys=0.00, real=0.00 secs] 
2021-08-19T04:38:44.200+0800: 43811.798: [GC (Allocation Failure) [PSYoungGen: 85376K->416K(86016K)] 196319K->111359K(280576K), 0.0021062 secs] [Times: user=0.01 sys=0.00, real=0.00 secs] 
2021-08-19T04:38:57.201+0800: 43824.799: [GC (Allocation Failure) [PSYoungGen: 85408K->416K(86016K)] 196351K->111359K(280576K), 0.0018818 secs] [Times: user=0.02 sys=0.00, real=0.00 secs] 
2021-08-19T04:39:08.208+0800: 43835.806: [GC (Allocation Failure) [PSYoungGen: 85408K->1024K(86016K)] 196351K->111967K(280576K), 0.0021477 secs] [Times: user=0.01 sys=0.00, real=0.01 secs] 
2021-08-19T04:39:21.199+0800: 43848.797: [GC (Allocation Failure) [PSYoungGen: 86016K->448K(86016K)] 196959K->111391K(280576K), 0.0018633 secs] [Times: user=0.01 sys=0.00, real=0.01 secs] 
2021-08-19T04:39:34.198+0800: 43861.796: [GC (Allocation Failure) [PSYoungGen: 85440K->384K(86016K)] 196383K->111327K(280576K), 0.0020118 secs] [Times: user=0.01 sys=0.00, real=0.01 secs] 
2021-08-19T04:39:47.201+0800: 43874.799: [GC (Allocation Failure) [PSYoungGen: 85376K->416K(86016K)] 196319K->111359K(280576K), 0.0023834 secs] [Times: user=0.02 sys=0.00, real=0.00 secs] 
2021-08-19T04:39:58.208+0800: 43885.805: [GC (Allocation Failure) [PSYoungGen: 85408K->1024K(86016K)] 196351K->112079K(280576K), 0.0020782 secs] [Times: user=0.01 sys=0.00, real=0.00 secs] 
2021-08-19T04:40:11.202+0800: 43898.799: [GC (Allocation Failure) [PSYoungGen: 86016K->384K(86016K)] 197071K->111439K(280576K), 0.0019973 secs] [Times: user=0.02 sys=0.00, real=0.00 secs] 
2021-08-19T04:40:24.200+0800: 43911.798: [GC (Allocation Failure) [PSYoungGen: 85376K->416K(86016K)] 196431K->111471K(280576K), 0.0018886 secs] [Times: user=0.01 sys=0.00, real=0.00 secs] 
2021-08-19T04:40:37.205+0800: 43924.803: [GC (Allocation Failure) [PSYoungGen: 85408K->416K(86016K)] 196463K->111471K(280576K), 0.0022143 secs] [Times: user=0.01 sys=0.00, real=0.00 secs] 
2021-08-19T04:40:48.208+0800: 43935.806: [GC (Allocation Failure) [PSYoungGen: 85408K->1024K(84992K)] 196463K->112223K(279552K), 0.0023600 secs] [Times: user=0.01 sys=0.00, real=0.01 secs] 
2021-08-19T04:41:01.197+0800: 43948.794: [GC (Allocation Failure) [PSYoungGen: 84992K->416K(85504K)] 196191K->111615K(280064K), 0.0024953 secs] [Times: user=0.02 sys=0.00, real=0.00 secs] 
2021-08-19T04:41:13.980+0800: 43961.578: [GC (Allocation Failure) [PSYoungGen: 84384K->352K(85504K)] 195583K->111551K(280064K), 0.0020675 secs] [Times: user=0.01 sys=0.00, real=0.00 secs] 
2021-08-19T04:41:26.702+0800: 43974.300: [GC (Allocation Failure) [PSYoungGen: 84320K->416K(85504K)] 195519K->111615K(280064K), 0.0020520 secs] [Times: user=0.02 sys=0.00, real=0.00 secs] 
2021-08-19T04:41:38.205+0800: 43985.803: [GC (Allocation Failure) [PSYoungGen: 84384K->1024K(85504K)] 195583K->112223K(280064K), 0.0021470 secs] [Times: user=0.02 sys=0.00, real=0.00 secs] 
2021-08-19T04:41:50.203+0800: 43997.800: [GC (Allocation Failure) [PSYoungGen: 84992K->416K(85504K)] 196191K->111615K(280064K), 0.0019853 secs] [Times: user=0.01 sys=0.00, real=0.00 secs] 
2021-08-19T04:42:03.200+0800: 44010.798: [GC (Allocation Failure) [PSYoungGen: 84384K->384K(85504K)] 195583K->111583K(280064K), 0.0023469 secs] [Times: user=0.01 sys=0.00, real=0.01 secs] 
2021-08-19T04:42:16.200+0800: 44023.797: [GC (Allocation Failure) [PSYoungGen: 84352K->416K(85504K)] 195551K->111687K(280064K), 0.0021649 secs] [Times: user=0.02 sys=0.00, real=0.01 secs] 
2021-08-19T04:42:28.204+0800: 44035.802: [GC (Allocation Failure) [PSYoungGen: 84384K->992K(85504K)] 195655K->112303K(280064K), 0.0019947 secs] [Times: user=0.01 sys=0.00, real=0.00 secs] 
2021-08-19T04:42:39.698+0800: 44047.296: [GC (Allocation Failure) [PSYoungGen: 84959K->320K(85504K)] 196271K->111655K(280064K), 0.0020113 secs] [Times: user=0.01 sys=0.00, real=0.00 secs] 
2021-08-19T04:42:52.203+0800: 44059.800: [GC (Allocation Failure) [PSYoungGen: 84288K->352K(85504K)] 195623K->111687K(280064K), 0.0019910 secs] [Times: user=0.02 sys=0.00, real=0.00 secs] 
2021-08-19T04:43:05.208+0800: 44072.806: [GC (Allocation Failure) [PSYoungGen: 84320K->384K(85504K)] 195655K->111743K(280064K), 0.0019924 secs] [Times: user=0.01 sys=0.00, real=0.01 secs] 
2021-08-19T04:43:18.200+0800: 44085.797: [GC (Allocation Failure) [PSYoungGen: 84352K->640K(85504K)] 195711K->112015K(280064K), 0.0021434 secs] [Times: user=0.01 sys=0.00, real=0.01 secs] 
2021-08-19T04:43:29.200+0800: 44096.798: [GC (Allocation Failure) [PSYoungGen: 84608K->352K(85504K)] 195983K->111727K(280064K), 0.0020234 secs] [Times: user=0.01 sys=0.00, real=0.00 secs] 
2021-08-19T04:43:41.923+0800: 44109.521: [GC (Allocation Failure) [PSYoungGen: 84320K->416K(85504K)] 195695K->111791K(280064K), 0.0023029 secs] [Times: user=0.02 sys=0.00, real=0.00 secs] 
2021-08-19T04:43:54.699+0800: 44122.297: [GC (Allocation Failure) [PSYoungGen: 84384K->384K(85504K)] 195759K->111847K(280064K), 0.0018571 secs] [Times: user=0.02 sys=0.00, real=0.01 secs] 
2021-08-19T04:44:07.701+0800: 44135.299: [GC (Allocation Failure) [PSYoungGen: 84352K->384K(86016K)] 195815K->111847K(280576K), 0.0021064 secs] [Times: user=0.02 sys=0.00, real=0.00 secs] 
2021-08-19T04:44:18.701+0800: 44146.298: [GC (Allocation Failure) [PSYoungGen: 85376K->416K(86016K)] 196839K->111879K(280576K), 0.0022266 secs] [Times: user=0.02 sys=0.00, real=0.00 secs] 
2021-08-19T04:44:31.699+0800: 44159.297: [GC (Allocation Failure) [PSYoungGen: 85408K->416K(86016K)] 196871K->111879K(280576K), 0.0019360 secs] [Times: user=0.01 sys=0.00, real=0.01 secs] 
2021-08-19T04:44:44.698+0800: 44172.296: [GC (Allocation Failure) [PSYoungGen: 85408K->416K(86016K)] 196871K->111879K(280576K), 0.0022013 secs] [Times: user=0.01 sys=0.00, real=0.01 secs] 
2021-08-19T04:44:57.698+0800: 44185.296: [GC (Allocation Failure) [PSYoungGen: 85408K->416K(86016K)] 196871K->111879K(280576K), 0.0019839 secs] [Times: user=0.02 sys=0.00, real=0.01 secs] 
2021-08-19T04:45:08.700+0800: 44196.298: [GC (Allocation Failure) [PSYoungGen: 85408K->416K(86016K)] 196871K->111919K(280576K), 0.0019950 secs] [Times: user=0.01 sys=0.00, real=0.00 secs] 
2021-08-19T04:45:21.912+0800: 44209.510: [GC (Allocation Failure) [PSYoungGen: 85408K->352K(86016K)] 196911K->111855K(280576K), 0.0023945 secs] [Times: user=0.01 sys=0.00, real=0.00 secs] 
2021-08-19T04:45:34.913+0800: 44222.510: [GC (Allocation Failure) [PSYoungGen: 85344K->384K(86016K)] 196847K->111887K(280576K), 0.0019479 secs] [Times: user=0.02 sys=0.00, real=0.00 secs] 
2021-08-19T04:45:47.699+0800: 44235.297: [GC (Allocation Failure) [PSYoungGen: 85376K->416K(86016K)] 196879K->111919K(280576K), 0.0022678 secs] [Times: user=0.02 sys=0.00, real=0.01 secs] 
2021-08-19T04:45:58.703+0800: 44246.301: [GC (Allocation Failure) [PSYoungGen: 85408K->416K(86016K)] 196911K->111927K(280576K), 0.0022838 secs] [Times: user=0.02 sys=0.00, real=0.00 secs] 
2021-08-19T04:46:11.702+0800: 44259.300: [GC (Allocation Failure) [PSYoungGen: 85408K->384K(86016K)] 196919K->111935K(280576K), 0.0018426 secs] [Times: user=0.01 sys=0.00, real=0.00 secs] 
2021-08-19T04:46:24.912+0800: 44272.510: [GC (Allocation Failure) [PSYoungGen: 85376K->416K(86016K)] 196927K->111967K(280576K), 0.0022749 secs] [Times: user=0.01 sys=0.00, real=0.00 secs] 
2021-08-19T04:46:37.867+0800: 44285.464: [GC (Allocation Failure) [PSYoungGen: 85408K->352K(86016K)] 196959K->111903K(280576K), 0.0021181 secs] [Times: user=0.01 sys=0.00, real=0.00 secs] 
2021-08-19T04:46:48.244+0800: 44295.842: [GC (Allocation Failure) [PSYoungGen: 85344K->384K(86016K)] 196895K->111935K(280576K), 0.0020019 secs] [Times: user=0.01 sys=0.00, real=0.00 secs] 
2021-08-19T04:47:01.698+0800: 44309.296: [GC (Allocation Failure) [PSYoungGen: 85376K->384K(86016K)] 196927K->111935K(280576K), 0.0023642 secs] [Times: user=0.01 sys=0.00, real=0.01 secs] 
2021-08-19T04:47:14.703+0800: 44322.300: [GC (Allocation Failure) [PSYoungGen: 85376K->352K(86016K)] 196927K->111903K(280576K), 0.0024736 secs] [Times: user=0.02 sys=0.00, real=0.00 secs] 
2021-08-19T04:47:27.700+0800: 44335.298: [GC (Allocation Failure) [PSYoungGen: 85344K->384K(86016K)] 196895K->111943K(280576K), 0.0019663 secs] [Times: user=0.02 sys=0.00, real=0.01 secs] 
2021-08-19T04:47:38.210+0800: 44345.808: [GC (Allocation Failure) [PSYoungGen: 85376K->896K(86016K)] 196935K->112455K(280576K), 0.0020592 secs] [Times: user=0.02 sys=0.00, real=0.01 secs] 
2021-08-19T04:47:51.203+0800: 44358.801: [GC (Allocation Failure) [PSYoungGen: 85888K->384K(86016K)] 197447K->111943K(280576K), 0.0023642 secs] [Times: user=0.01 sys=0.00, real=0.00 secs] 
2021-08-19T04:48:04.209+0800: 44371.807: [GC (Allocation Failure) [PSYoungGen: 85376K->416K(86016K)] 196935K->111975K(280576K), 0.0022387 secs] [Times: user=0.02 sys=0.00, real=0.01 secs] 
2021-08-19T04:48:17.204+0800: 44384.802: [GC (Allocation Failure) [PSYoungGen: 85408K->464K(86016K)] 196967K->112023K(280576K), 0.0023888 secs] [Times: user=0.02 sys=0.00, real=0.00 secs] 
2021-08-19T04:48:28.211+0800: 44395.808: [GC (Allocation Failure) [PSYoungGen: 85456K->992K(86016K)] 197015K->112591K(280576K), 0.0020591 secs] [Times: user=0.02 sys=0.00, real=0.00 secs] 
2021-08-19T04:48:41.203+0800: 44408.801: [GC (Allocation Failure) [PSYoungGen: 85984K->432K(86016K)] 197583K->112031K(280576K), 0.0019625 secs] [Times: user=0.02 sys=0.00, real=0.00 secs] 
2021-08-19T04:48:54.204+0800: 44421.802: [GC (Allocation Failure) [PSYoungGen: 85424K->560K(86016K)] 197023K->112159K(280576K), 0.0018680 secs] [Times: user=0.02 sys=0.00, real=0.00 secs] 
2021-08-19T04:49:07.203+0800: 44434.801: [GC (Allocation Failure) [PSYoungGen: 85552K->576K(86016K)] 197151K->112175K(280576K), 0.0020472 secs] [Times: user=0.01 sys=0.00, real=0.00 secs] 
2021-08-19T04:49:18.211+0800: 44445.808: [GC (Allocation Failure) [PSYoungGen: 85568K->1008K(86016K)] 197167K->112719K(280576K), 0.0024211 secs] [Times: user=0.02 sys=0.00, real=0.00 secs] 
2021-08-19T04:49:31.203+0800: 44458.801: [GC (Allocation Failure) [PSYoungGen: 86000K->512K(86016K)] 197711K->112223K(280576K), 0.0020699 secs] [Times: user=0.01 sys=0.00, real=0.00 secs] 
2021-08-19T04:49:44.206+0800: 44471.804: [GC (Allocation Failure) [PSYoungGen: 85504K->624K(86016K)] 197215K->112335K(280576K), 0.0019983 secs] [Times: user=0.02 sys=0.00, real=0.00 secs] 
2021-08-19T04:49:57.202+0800: 44484.800: [GC (Allocation Failure) [PSYoungGen: 85616K->784K(86016K)] 197327K->112511K(280576K), 0.0020771 secs] [Times: user=0.01 sys=0.00, real=0.00 secs] 
2021-08-19T04:50:08.210+0800: 44495.808: [GC (Allocation Failure) [PSYoungGen: 85776K->992K(86016K)] 197503K->113559K(280576K), 0.0024569 secs] [Times: user=0.02 sys=0.00, real=0.00 secs] 
2021-08-19T04:50:21.203+0800: 44508.801: [GC (Allocation Failure) [PSYoungGen: 85984K->928K(84992K)] 198551K->113495K(279552K), 0.0022654 secs] [Times: user=0.02 sys=0.00, real=0.00 secs] 
2021-08-19T04:50:34.203+0800: 44521.800: [GC (Allocation Failure) [PSYoungGen: 84896K->1152K(85504K)] 197463K->113720K(280064K), 0.0019983 secs] [Times: user=0.01 sys=0.00, real=0.00 secs] 
2021-08-19T04:50:46.908+0800: 44534.506: [GC (Allocation Failure) [PSYoungGen: 85120K->1056K(84480K)] 197688K->113624K(279040K), 0.0022762 secs] [Times: user=0.02 sys=0.00, real=0.01 secs] 
2021-08-19T04:50:58.208+0800: 44545.806: [GC (Allocation Failure) [PSYoungGen: 84000K->1840K(84992K)] 196568K->114408K(279552K), 0.0022841 secs] [Times: user=0.02 sys=0.00, real=0.01 secs] 
2021-08-19T04:51:10.204+0800: 44557.802: [GC (Allocation Failure) [PSYoungGen: 84784K->1072K(84992K)] 197352K->113640K(279552K), 0.0022531 secs] [Times: user=0.01 sys=0.00, real=0.00 secs] 
2021-08-19T04:51:23.199+0800: 44570.797: [GC (Allocation Failure) [PSYoungGen: 84016K->1088K(84992K)] 196584K->113808K(279552K), 0.0021356 secs] [Times: user=0.02 sys=0.00, real=0.01 secs] 
2021-08-19T04:51:35.701+0800: 44583.299: [GC (Allocation Failure) [PSYoungGen: 84032K->992K(84992K)] 196752K->113864K(279552K), 0.0021120 secs] [Times: user=0.02 sys=0.00, real=0.00 secs] 
2021-08-19T04:51:48.200+0800: 44595.798: [GC (Allocation Failure) [PSYoungGen: 83934K->928K(84992K)] 196806K->113848K(279552K), 0.0019402 secs] [Times: user=0.02 sys=0.00, real=0.01 secs] 
2021-08-19T04:51:58.700+0800: 44606.298: [GC (Allocation Failure) [PSYoungGen: 83872K->976K(84992K)] 196792K->113896K(279552K), 0.0021623 secs] [Times: user=0.01 sys=0.00, real=0.00 secs] 
2021-08-19T04:52:11.205+0800: 44618.803: [GC (Allocation Failure) [PSYoungGen: 83920K->800K(84992K)] 196840K->113936K(279552K), 0.0021433 secs] [Times: user=0.01 sys=0.01, real=0.00 secs] 
2021-08-19T04:52:24.203+0800: 44631.800: [GC (Allocation Failure) [PSYoungGen: 83744K->752K(85504K)] 196880K->113920K(280064K), 0.0018512 secs] [Times: user=0.01 sys=0.00, real=0.00 secs] 
2021-08-19T04:52:37.203+0800: 44644.801: [GC (Allocation Failure) [PSYoungGen: 84208K->816K(84992K)] 197376K->113992K(279552K), 0.0024466 secs] [Times: user=0.02 sys=0.00, real=0.00 secs] 
2021-08-19T04:52:48.211+0800: 44655.808: [GC (Allocation Failure) [PSYoungGen: 84272K->1488K(84480K)] 197448K->114664K(279040K), 0.0025555 secs] [Times: user=0.02 sys=0.00, real=0.00 secs] 
2021-08-19T04:53:00.204+0800: 44667.802: [GC (Allocation Failure) [PSYoungGen: 84432K->544K(84992K)] 197608K->114008K(279552K), 0.0021116 secs] [Times: user=0.01 sys=0.00, real=0.00 secs] 
2021-08-19T04:53:13.147+0800: 44680.744: [GC (Allocation Failure) [PSYoungGen: 83488K->432K(84992K)] 196952K->114040K(279552K), 0.0025572 secs] [Times: user=0.01 sys=0.00, real=0.00 secs] 
2021-08-19T04:53:25.700+0800: 44693.297: [GC (Allocation Failure) [PSYoungGen: 83376K->480K(84992K)] 196984K->114112K(279552K), 0.0021833 secs] [Times: user=0.01 sys=0.00, real=0.01 secs] 
2021-08-19T04:53:38.201+0800: 44705.798: [GC (Allocation Failure) [PSYoungGen: 83424K->384K(84992K)] 197056K->114224K(279552K), 0.0019440 secs] [Times: user=0.01 sys=0.00, real=0.00 secs] 
2021-08-19T04:53:48.701+0800: 44716.298: [GC (Allocation Failure) [PSYoungGen: 83328K->384K(84992K)] 197168K->114224K(279552K), 0.0018837 secs] [Times: user=0.02 sys=0.00, real=0.00 secs] 
2021-08-19T04:54:01.205+0800: 44728.803: [GC (Allocation Failure) [PSYoungGen: 83328K->416K(84992K)] 197168K->114264K(279552K), 0.0020260 secs] [Times: user=0.01 sys=0.00, real=0.00 secs] 
2021-08-19T04:54:14.202+0800: 44741.800: [GC (Allocation Failure) [PSYoungGen: 83360K->416K(84992K)] 197208K->114264K(279552K), 0.0019526 secs] [Times: user=0.02 sys=0.00, real=0.00 secs] 
2021-08-19T04:54:26.898+0800: 44754.496: [GC (Allocation Failure) [PSYoungGen: 83360K->384K(85504K)] 197208K->114240K(280064K), 0.0022049 secs] [Times: user=0.01 sys=0.00, real=0.01 secs] 
2021-08-19T04:54:38.208+0800: 44765.805: [GC (Allocation Failure) [PSYoungGen: 83840K->608K(84992K)] 197696K->114464K(279552K), 0.0025303 secs] [Times: user=0.02 sys=0.00, real=0.01 secs] 
2021-08-19T04:54:50.204+0800: 44777.802: [GC (Allocation Failure) [PSYoungGen: 84064K->320K(85504K)] 197920K->114192K(280064K), 0.0018341 secs] [Times: user=0.01 sys=0.00, real=0.00 secs] 
2021-08-19T04:55:03.205+0800: 44790.803: [GC (Allocation Failure) [PSYoungGen: 84288K->384K(85504K)] 198160K->114256K(280064K), 0.0023559 secs] [Times: user=0.02 sys=0.00, real=0.00 secs] 
2021-08-19T04:55:16.204+0800: 44803.801: [GC (Allocation Failure) [PSYoungGen: 84352K->352K(85504K)] 198224K->114224K(280064K), 0.0022705 secs] [Times: user=0.01 sys=0.00, real=0.00 secs] 
2021-08-19T04:55:28.205+0800: 44815.802: [GC (Allocation Failure) [PSYoungGen: 84320K->608K(85504K)] 198192K->114480K(280064K), 0.0025536 secs] [Times: user=0.01 sys=0.00, real=0.00 secs] 
2021-08-19T04:55:39.701+0800: 44827.299: [GC (Allocation Failure) [PSYoungGen: 84576K->352K(85504K)] 198448K->114224K(280064K), 0.0022925 secs] [Times: user=0.02 sys=0.00, real=0.00 secs] 
2021-08-19T04:55:52.204+0800: 44839.802: [GC (Allocation Failure) [PSYoungGen: 84320K->384K(85504K)] 198192K->114256K(280064K), 0.0019848 secs] [Times: user=0.01 sys=0.00, real=0.00 secs] 
2021-08-19T04:56:05.205+0800: 44852.803: [GC (Allocation Failure) [PSYoungGen: 84352K->416K(85504K)] 198224K->114288K(280064K), 0.0019022 secs] [Times: user=0.02 sys=0.00, real=0.00 secs] 
2021-08-19T04:56:18.202+0800: 44865.799: [GC (Allocation Failure) [PSYoungGen: 84384K->416K(85504K)] 198256K->114288K(280064K), 0.0020166 secs] [Times: user=0.01 sys=0.00, real=0.00 secs] 
2021-08-19T04:56:29.202+0800: 44876.800: [GC (Allocation Failure) [PSYoungGen: 84384K->384K(85504K)] 198256K->114256K(280064K), 0.0019904 secs] [Times: user=0.01 sys=0.00, real=0.00 secs] 
2021-08-19T04:56:41.895+0800: 44889.493: [GC (Allocation Failure) [PSYoungGen: 84352K->416K(85504K)] 198224K->114288K(280064K), 0.0021704 secs] [Times: user=0.01 sys=0.00, real=0.00 secs] 
2021-08-19T04:56:54.702+0800: 44902.300: [GC (Allocation Failure) [PSYoungGen: 84384K->416K(86016K)] 198256K->114288K(280576K), 0.0020674 secs] [Times: user=0.02 sys=0.00, real=0.00 secs] 
2021-08-19T04:57:07.702+0800: 44915.299: [GC (Allocation Failure) [PSYoungGen: 84896K->384K(85504K)] 198768K->114256K(280064K), 0.0020872 secs] [Times: user=0.01 sys=0.00, real=0.00 secs] 
2021-08-19T04:57:18.705+0800: 44926.303: [GC (Allocation Failure) [PSYoungGen: 84864K->384K(86016K)] 198736K->114264K(280576K), 0.0023307 secs] [Times: user=0.02 sys=0.00, real=0.00 secs] 
2021-08-19T04:57:31.702+0800: 44939.299: [GC (Allocation Failure) [PSYoungGen: 85376K->352K(86016K)] 199256K->114248K(280576K), 0.0020462 secs] [Times: user=0.02 sys=0.00, real=0.00 secs] 
2021-08-19T04:57:44.205+0800: 44951.803: [GC (Allocation Failure) [PSYoungGen: 85344K->384K(86016K)] 199240K->114296K(280576K), 0.0020643 secs] [Times: user=0.02 sys=0.00, real=0.00 secs] 
2021-08-19T04:57:57.312+0800: 44964.910: [GC (Allocation Failure) [PSYoungGen: 85376K->416K(86016K)] 199288K->114328K(280576K), 0.0018821 secs] [Times: user=0.01 sys=0.00, real=0.00 secs] 
2021-08-19T04:58:08.215+0800: 44975.813: [GC (Allocation Failure) [PSYoungGen: 85408K->384K(86016K)] 199320K->114296K(280576K), 0.0022629 secs] [Times: user=0.02 sys=0.00, real=0.00 secs] 
2021-08-19T04:58:21.520+0800: 44989.117: [GC (Allocation Failure) [PSYoungGen: 85376K->416K(86016K)] 199288K->114328K(280576K), 0.0021778 secs] [Times: user=0.02 sys=0.00, real=0.01 secs] 
2021-08-19T04:58:34.592+0800: 45002.190: [GC (Allocation Failure) [PSYoungGen: 85408K->416K(86016K)] 199320K->114328K(280576K), 0.0022766 secs] [Times: user=0.01 sys=0.00, real=0.00 secs] 
2021-08-19T04:58:47.205+0800: 45014.803: [GC (Allocation Failure) [PSYoungGen: 85408K->384K(86016K)] 199320K->114296K(280576K), 0.0024976 secs] [Times: user=0.01 sys=0.00, real=0.00 secs] 
2021-08-19T04:58:58.214+0800: 45025.811: [GC (Allocation Failure) [PSYoungGen: 85376K->928K(86016K)] 199288K->114840K(280576K), 0.0022269 secs] [Times: user=0.02 sys=0.00, real=0.00 secs] 
2021-08-19T04:59:11.206+0800: 45038.803: [GC (Allocation Failure) [PSYoungGen: 85920K->384K(86016K)] 199832K->114296K(280576K), 0.0021840 secs] [Times: user=0.02 sys=0.00, real=0.00 secs] 
2021-08-19T04:59:24.207+0800: 45051.805: [GC (Allocation Failure) [PSYoungGen: 85376K->352K(86016K)] 199288K->114264K(280576K), 0.0019358 secs] [Times: user=0.02 sys=0.00, real=0.00 secs] 
2021-08-19T04:59:37.354+0800: 45064.952: [GC (Allocation Failure) [PSYoungGen: 85344K->384K(86016K)] 199256K->114296K(280576K), 0.0023412 secs] [Times: user=0.01 sys=0.00, real=0.00 secs] 
2021-08-19T04:59:48.216+0800: 45075.814: [GC (Allocation Failure) [PSYoungGen: 85376K->1024K(84992K)] 199288K->115104K(279552K), 0.0022589 secs] [Times: user=0.01 sys=0.00, real=0.00 secs] 
2021-08-19T05:00:01.204+0800: 45088.801: [GC (Allocation Failure) [PSYoungGen: 84992K->416K(85504K)] 199072K->114496K(280064K), 0.0020563 secs] [Times: user=0.01 sys=0.00, real=0.00 secs] 
2021-08-19T05:00:14.202+0800: 45101.800: [GC (Allocation Failure) [PSYoungGen: 84384K->384K(86016K)] 198464K->114464K(280576K), 0.0019876 secs] [Times: user=0.02 sys=0.00, real=0.00 secs] 
2021-08-19T05:00:27.201+0800: 45114.799: [GC (Allocation Failure) [PSYoungGen: 85376K->416K(86016K)] 199456K->114496K(280576K), 0.0020193 secs] [Times: user=0.02 sys=0.00, real=0.00 secs] 
2021-08-19T05:00:38.214+0800: 45125.811: [GC (Allocation Failure) [PSYoungGen: 85408K->1024K(84992K)] 199488K->115168K(279552K), 0.0023272 secs] [Times: user=0.02 sys=0.00, real=0.00 secs] 
2021-08-19T05:00:50.902+0800: 45138.499: [GC (Allocation Failure) [PSYoungGen: 84992K->384K(85504K)] 199136K->114528K(280064K), 0.0020336 secs] [Times: user=0.02 sys=0.00, real=0.00 secs] 
2021-08-19T05:01:03.703+0800: 45151.300: [GC (Allocation Failure) [PSYoungGen: 84352K->416K(85504K)] 198496K->114560K(280064K), 0.0021870 secs] [Times: user=0.02 sys=0.00, real=0.00 secs] 
2021-08-19T05:01:16.705+0800: 45164.303: [GC (Allocation Failure) [PSYoungGen: 84384K->384K(85504K)] 198528K->114560K(280064K), 0.0022386 secs] [Times: user=0.02 sys=0.00, real=0.00 secs] 
2021-08-19T05:01:28.212+0800: 45175.810: [GC (Allocation Failure) [PSYoungGen: 84352K->1024K(85504K)] 198528K->115200K(280064K), 0.0022530 secs] [Times: user=0.01 sys=0.00, real=0.00 secs] 
2021-08-19T05:01:40.205+0800: 45187.803: [GC (Allocation Failure) [PSYoungGen: 84992K->416K(85504K)] 199168K->114608K(280064K), 0.0021028 secs] [Times: user=0.01 sys=0.00, real=0.00 secs] 
2021-08-19T05:01:53.205+0800: 45200.803: [GC (Allocation Failure) [PSYoungGen: 84384K->416K(85504K)] 198576K->114656K(280064K), 0.0020334 secs] [Times: user=0.02 sys=0.00, real=0.00 secs] 
2021-08-19T05:02:06.205+0800: 45213.803: [GC (Allocation Failure) [PSYoungGen: 84384K->416K(85504K)] 198624K->114656K(280064K), 0.0022214 secs] [Times: user=0.01 sys=0.00, real=0.00 secs] 
2021-08-19T05:02:18.208+0800: 45225.806: [GC (Allocation Failure) [PSYoungGen: 84384K->704K(85504K)] 198624K->114944K(280064K), 0.0020499 secs] [Times: user=0.01 sys=0.00, real=0.01 secs] 
2021-08-19T05:02:29.708+0800: 45237.305: [GC (Allocation Failure) [PSYoungGen: 84672K->384K(85504K)] 198912K->114640K(280064K), 0.0020229 secs] [Times: user=0.02 sys=0.00, real=0.00 secs] 
2021-08-19T05:02:42.209+0800: 45249.806: [GC (Allocation Failure) [PSYoungGen: 84352K->416K(86016K)] 198608K->114672K(280576K), 0.0020159 secs] [Times: user=0.01 sys=0.00, real=0.01 secs] 
2021-08-19T05:02:55.209+0800: 45262.807: [GC (Allocation Failure) [PSYoungGen: 84896K->384K(85504K)] 199152K->114712K(280064K), 0.0021163 secs] [Times: user=0.01 sys=0.00, real=0.01 secs] 
2021-08-19T05:03:08.207+0800: 45275.805: [GC (Allocation Failure) [PSYoungGen: 84864K->576K(86016K)] 199192K->114904K(280576K), 0.0020251 secs] [Times: user=0.01 sys=0.00, real=0.00 secs] 
2021-08-19T05:03:19.210+0800: 45286.808: [GC (Allocation Failure) [PSYoungGen: 85568K->384K(86016K)] 199896K->114712K(280576K), 0.0021540 secs] [Times: user=0.01 sys=0.00, real=0.01 secs] 
2021-08-19T05:03:32.241+0800: 45299.838: [GC (Allocation Failure) [PSYoungGen: 85375K->384K(86016K)] 199704K->114712K(280576K), 0.0019894 secs] [Times: user=0.02 sys=0.00, real=0.00 secs] 
2021-08-19T05:03:45.211+0800: 45312.809: [GC (Allocation Failure) [PSYoungGen: 85376K->416K(86016K)] 199704K->114824K(280576K), 0.0020261 secs] [Times: user=0.01 sys=0.00, real=0.00 secs] 
2021-08-19T05:03:58.207+0800: 45325.805: [GC (Allocation Failure) [PSYoungGen: 85408K->640K(86016K)] 199816K->115072K(280576K), 0.0021831 secs] [Times: user=0.01 sys=0.00, real=0.00 secs] 
2021-08-19T05:04:09.211+0800: 45336.809: [GC (Allocation Failure) [PSYoungGen: 85632K->416K(86016K)] 200064K->114848K(280576K), 0.0021680 secs] [Times: user=0.01 sys=0.00, real=0.00 secs] 
2021-08-19T05:04:22.708+0800: 45350.306: [GC (Allocation Failure) [PSYoungGen: 85408K->416K(86016K)] 199840K->114848K(280576K), 0.0024953 secs] [Times: user=0.02 sys=0.00, real=0.01 secs] 
2021-08-19T05:04:35.711+0800: 45363.309: [GC (Allocation Failure) [PSYoungGen: 85408K->416K(86016K)] 199840K->114848K(280576K), 0.0019280 secs] [Times: user=0.02 sys=0.00, real=0.00 secs] 
2021-08-19T05:04:48.209+0800: 45375.807: [GC (Allocation Failure) [PSYoungGen: 85408K->704K(86016K)] 199840K->115136K(280576K), 0.0021317 secs] [Times: user=0.02 sys=0.00, real=0.01 secs] 
2021-08-19T05:04:59.708+0800: 45387.305: [GC (Allocation Failure) [PSYoungGen: 85696K->416K(86016K)] 200128K->114848K(280576K), 0.0023065 secs] [Times: user=0.02 sys=0.00, real=0.00 secs] 
2021-08-19T05:05:12.711+0800: 45400.308: [GC (Allocation Failure) [PSYoungGen: 85408K->416K(86016K)] 199840K->114848K(280576K), 0.0018446 secs] [Times: user=0.01 sys=0.00, real=0.00 secs] 
2021-08-19T05:05:25.910+0800: 45413.508: [GC (Allocation Failure) [PSYoungGen: 85408K->416K(86016K)] 199840K->114848K(280576K), 0.0019864 secs] [Times: user=0.02 sys=0.00, real=0.00 secs] 
2021-08-19T05:05:38.211+0800: 45425.809: [GC (Allocation Failure) [PSYoungGen: 85408K->768K(86016K)] 199840K->115216K(280576K), 0.0023550 secs] [Times: user=0.01 sys=0.00, real=0.00 secs] 
2021-08-19T05:05:49.711+0800: 45437.309: [GC (Allocation Failure) [PSYoungGen: 85760K->416K(86016K)] 200208K->114864K(280576K), 0.0019844 secs] [Times: user=0.02 sys=0.00, real=0.00 secs] 
2021-08-19T05:06:02.911+0800: 45450.509: [GC (Allocation Failure) [PSYoungGen: 85407K->416K(86016K)] 199856K->114864K(280576K), 0.0019976 secs] [Times: user=0.01 sys=0.00, real=0.00 secs] 
2021-08-19T05:06:16.211+0800: 45463.808: [GC (Allocation Failure) [PSYoungGen: 85408K->320K(86016K)] 199856K->114768K(280576K), 0.0020956 secs] [Times: user=0.02 sys=0.00, real=0.00 secs] 
2021-08-19T05:06:28.214+0800: 45475.811: [GC (Allocation Failure) [PSYoungGen: 85312K->736K(86016K)] 199760K->115184K(280576K), 0.0024414 secs] [Times: user=0.02 sys=0.00, real=0.00 secs] 
2021-08-19T05:06:39.911+0800: 45487.509: [GC (Allocation Failure) [PSYoungGen: 85728K->416K(86016K)] 200176K->114864K(280576K), 0.0019716 secs] [Times: user=0.02 sys=0.00, real=0.00 secs] 
2021-08-19T05:06:53.213+0800: 45500.811: [GC (Allocation Failure) [PSYoungGen: 85408K->416K(86016K)] 199856K->114864K(280576K), 0.0021271 secs] [Times: user=0.02 sys=0.00, real=0.00 secs] 
2021-08-19T05:07:06.213+0800: 45513.811: [GC (Allocation Failure) [PSYoungGen: 85408K->416K(86016K)] 199856K->114864K(280576K), 0.0018775 secs] [Times: user=0.01 sys=0.00, real=0.00 secs] 
2021-08-19T05:07:18.215+0800: 45525.813: [GC (Allocation Failure) [PSYoungGen: 85408K->1024K(86016K)] 199856K->115480K(280576K), 0.0024498 secs] [Times: user=0.02 sys=0.00, real=0.00 secs] 
2021-08-19T05:07:30.214+0800: 45537.812: [GC (Allocation Failure) [PSYoungGen: 86016K->416K(86016K)] 200472K->114920K(280576K), 0.0021179 secs] [Times: user=0.02 sys=0.00, real=0.00 secs] 
2021-08-19T05:07:43.219+0800: 45550.816: [GC (Allocation Failure) [PSYoungGen: 85408K->416K(86016K)] 199912K->114920K(280576K), 0.0020553 secs] [Times: user=0.01 sys=0.00, real=0.01 secs] 
2021-08-19T05:07:56.216+0800: 45563.813: [GC (Allocation Failure) [PSYoungGen: 85408K->320K(86016K)] 199912K->114824K(280576K), 0.0020561 secs] [Times: user=0.01 sys=0.00, real=0.00 secs] 
2021-08-19T05:08:08.216+0800: 45575.814: [GC (Allocation Failure) [PSYoungGen: 85312K->992K(84992K)] 199816K->115496K(279552K), 0.0019861 secs] [Times: user=0.02 sys=0.00, real=0.00 secs] 
2021-08-19T05:08:20.213+0800: 45587.811: [GC (Allocation Failure) [PSYoungGen: 84960K->416K(85504K)] 199464K->114920K(280064K), 0.0019811 secs] [Times: user=0.01 sys=0.00, real=0.00 secs] 
2021-08-19T05:08:33.213+0800: 45600.811: [GC (Allocation Failure) [PSYoungGen: 84384K->384K(86016K)] 198888K->114896K(280576K), 0.0021426 secs] [Times: user=0.02 sys=0.00, real=0.00 secs] 
2021-08-19T05:08:45.717+0800: 45613.314: [GC (Allocation Failure) [PSYoungGen: 84864K->384K(85504K)] 199376K->114896K(280064K), 0.0022831 secs] [Times: user=0.01 sys=0.00, real=0.00 secs] 
2021-08-19T05:08:58.212+0800: 45625.810: [GC (Allocation Failure) [PSYoungGen: 84864K->768K(84992K)] 199376K->115280K(279552K), 0.0020141 secs] [Times: user=0.01 sys=0.00, real=0.00 secs] 
2021-08-19T05:09:09.217+0800: 45636.815: [GC (Allocation Failure) [PSYoungGen: 84736K->416K(85504K)] 199248K->114928K(280064K), 0.0020277 secs] [Times: user=0.01 sys=0.00, real=0.00 secs] 
2021-08-19T05:09:22.218+0800: 45649.816: [GC (Allocation Failure) [PSYoungGen: 84384K->384K(86016K)] 198896K->114896K(280576K), 0.0020721 secs] [Times: user=0.01 sys=0.00, real=0.01 secs] 
2021-08-19T05:09:35.220+0800: 45662.818: [GC (Allocation Failure) [PSYoungGen: 85376K->416K(86016K)] 199888K->114928K(280576K), 0.0018741 secs] [Times: user=0.01 sys=0.00, real=0.01 secs] 
2021-08-19T05:09:48.210+0800: 45675.808: [GC (Allocation Failure) [PSYoungGen: 85408K->672K(86016K)] 199920K->115200K(280576K), 0.0020284 secs] [Times: user=0.01 sys=0.00, real=0.01 secs] 
2021-08-19T05:09:59.219+0800: 45686.816: [GC (Allocation Failure) [PSYoungGen: 85664K->416K(86016K)] 200192K->114944K(280576K), 0.0024372 secs] [Times: user=0.01 sys=0.00, real=0.01 secs] 
2021-08-19T05:10:12.220+0800: 45699.817: [GC (Allocation Failure) [PSYoungGen: 85408K->416K(86016K)] 199936K->114944K(280576K), 0.0019873 secs] [Times: user=0.02 sys=0.00, real=0.01 secs] 
2021-08-19T05:10:25.221+0800: 45712.819: [GC (Allocation Failure) [PSYoungGen: 85408K->416K(86016K)] 199936K->114992K(280576K), 0.0020131 secs] [Times: user=0.01 sys=0.00, real=0.00 secs] 
2021-08-19T05:10:38.211+0800: 45725.809: [GC (Allocation Failure) [PSYoungGen: 85408K->640K(86016K)] 199984K->115216K(280576K), 0.0020643 secs] [Times: user=0.02 sys=0.00, real=0.00 secs] 
2021-08-19T05:10:49.221+0800: 45736.819: [GC (Allocation Failure) [PSYoungGen: 85632K->416K(86016K)] 200208K->114992K(280576K), 0.0021336 secs] [Times: user=0.01 sys=0.00, real=0.00 secs] 
2021-08-19T05:11:02.220+0800: 45749.818: [GC (Allocation Failure) [PSYoungGen: 85408K->416K(86016K)] 199984K->114992K(280576K), 0.0021160 secs] [Times: user=0.01 sys=0.00, real=0.00 secs] 
2021-08-19T05:11:15.533+0800: 45763.131: [GC (Allocation Failure) [PSYoungGen: 85408K->416K(86016K)] 199984K->114992K(280576K), 0.0022889 secs] [Times: user=0.01 sys=0.00, real=0.00 secs] 
2021-08-19T05:11:28.212+0800: 45775.809: [GC (Allocation Failure) [PSYoungGen: 85408K->704K(86016K)] 199984K->115280K(280576K), 0.0023658 secs] [Times: user=0.02 sys=0.00, real=0.00 secs] 
2021-08-19T05:11:39.221+0800: 45786.819: [GC (Allocation Failure) [PSYoungGen: 85696K->416K(86016K)] 200272K->114992K(280576K), 0.0019686 secs] [Times: user=0.01 sys=0.00, real=0.00 secs] 
2021-08-19T05:11:52.222+0800: 45799.820: [GC (Allocation Failure) [PSYoungGen: 85408K->416K(86016K)] 199984K->114992K(280576K), 0.0019719 secs] [Times: user=0.01 sys=0.00, real=0.00 secs] 
2021-08-19T05:12:05.222+0800: 45812.820: [GC (Allocation Failure) [PSYoungGen: 85408K->416K(86016K)] 199984K->114992K(280576K), 0.0019076 secs] [Times: user=0.01 sys=0.00, real=0.00 secs] 
2021-08-19T05:12:18.213+0800: 45825.811: [GC (Allocation Failure) [PSYoungGen: 85408K->672K(86016K)] 199984K->115248K(280576K), 0.0020489 secs] [Times: user=0.01 sys=0.00, real=0.00 secs] 
2021-08-19T05:12:29.717+0800: 45837.315: [GC (Allocation Failure) [PSYoungGen: 85664K->384K(86016K)] 200240K->114960K(280576K), 0.0022072 secs] [Times: user=0.01 sys=0.00, real=0.00 secs] 
2021-08-19T05:12:42.222+0800: 45849.820: [GC (Allocation Failure) [PSYoungGen: 85376K->384K(86016K)] 199952K->114960K(280576K), 0.0018542 secs] [Times: user=0.02 sys=0.00, real=0.00 secs] 
2021-08-19T05:12:55.224+0800: 45862.821: [GC (Allocation Failure) [PSYoungGen: 85376K->416K(86016K)] 199952K->114992K(280576K), 0.0019646 secs] [Times: user=0.01 sys=0.00, real=0.00 secs] 
2021-08-19T05:13:08.214+0800: 45875.812: [GC (Allocation Failure) [PSYoungGen: 85408K->704K(86016K)] 199984K->115296K(280576K), 0.0021172 secs] [Times: user=0.02 sys=0.00, real=0.00 secs] 
2021-08-19T05:13:19.581+0800: 45887.178: [GC (Allocation Failure) [PSYoungGen: 85696K->352K(86016K)] 200288K->114944K(280576K), 0.0022327 secs] [Times: user=0.01 sys=0.00, real=0.00 secs] 
2021-08-19T05:13:32.722+0800: 45900.319: [GC (Allocation Failure) [PSYoungGen: 85344K->416K(86016K)] 199936K->115008K(280576K), 0.0021318 secs] [Times: user=0.02 sys=0.00, real=0.00 secs] 
2021-08-19T05:13:45.534+0800: 45913.132: [GC (Allocation Failure) [PSYoungGen: 85408K->384K(86016K)] 200000K->114976K(280576K), 0.0022225 secs] [Times: user=0.01 sys=0.00, real=0.00 secs] 
2021-08-19T05:13:58.213+0800: 45925.811: [GC (Allocation Failure) [PSYoungGen: 85376K->768K(86016K)] 199968K->115360K(280576K), 0.0020969 secs] [Times: user=0.01 sys=0.00, real=0.00 secs] 
2021-08-19T05:14:09.225+0800: 45936.822: [GC (Allocation Failure) [PSYoungGen: 85760K->416K(86016K)] 200352K->115008K(280576K), 0.0021848 secs] [Times: user=0.01 sys=0.00, real=0.00 secs] 
2021-08-19T05:14:22.720+0800: 45950.318: [GC (Allocation Failure) [PSYoungGen: 85408K->416K(86016K)] 200000K->115032K(280576K), 0.0022674 secs] [Times: user=0.02 sys=0.00, real=0.00 secs] 
2021-08-19T05:14:35.911+0800: 45963.508: [GC (Allocation Failure) [PSYoungGen: 85408K->384K(86016K)] 200024K->115000K(280576K), 0.0021260 secs] [Times: user=0.01 sys=0.00, real=0.00 secs] 
2021-08-19T05:14:48.214+0800: 45975.812: [GC (Allocation Failure) [PSYoungGen: 85376K->736K(86016K)] 199992K->115360K(280576K), 0.0021877 secs] [Times: user=0.01 sys=0.00, real=0.00 secs] 
2021-08-19T05:14:59.719+0800: 45987.317: [GC (Allocation Failure) [PSYoungGen: 85728K->384K(86016K)] 200352K->115008K(280576K), 0.0023190 secs] [Times: user=0.02 sys=0.00, real=0.01 secs] 
2021-08-19T05:15:12.723+0800: 46000.321: [GC (Allocation Failure) [PSYoungGen: 85376K->416K(86016K)] 200000K->115040K(280576K), 0.0020481 secs] [Times: user=0.02 sys=0.00, real=0.00 secs] 
2021-08-19T05:15:25.911+0800: 46013.509: [GC (Allocation Failure) [PSYoungGen: 85408K->384K(86016K)] 200032K->115008K(280576K), 0.0020730 secs] [Times: user=0.02 sys=0.00, real=0.00 secs] 
2021-08-19T05:15:38.216+0800: 46025.814: [GC (Allocation Failure) [PSYoungGen: 85376K->800K(86016K)] 200000K->115424K(280576K), 0.0020879 secs] [Times: user=0.01 sys=0.00, real=0.00 secs] 
2021-08-19T05:15:49.720+0800: 46037.318: [GC (Allocation Failure) [PSYoungGen: 85792K->384K(86016K)] 200416K->115008K(280576K), 0.0019931 secs] [Times: user=0.02 sys=0.00, real=0.00 secs] 
2021-08-19T05:16:02.768+0800: 46050.365: [GC (Allocation Failure) [PSYoungGen: 85376K->352K(86016K)] 200000K->114976K(280576K), 0.0020904 secs] [Times: user=0.02 sys=0.00, real=0.00 secs] 
2021-08-19T05:16:16.164+0800: 46063.762: [GC (Allocation Failure) [PSYoungGen: 85344K->416K(86016K)] 199968K->115048K(280576K), 0.0018667 secs] [Times: user=0.02 sys=0.00, real=0.00 secs] 
2021-08-19T05:16:28.219+0800: 46075.817: [GC (Allocation Failure) [PSYoungGen: 85408K->1024K(86016K)] 200040K->115680K(280576K), 0.0019898 secs] [Times: user=0.02 sys=0.00, real=0.01 secs] 
2021-08-19T05:16:39.722+0800: 46087.319: [GC (Allocation Failure) [PSYoungGen: 86016K->416K(86016K)] 200672K->115072K(280576K), 0.0020649 secs] [Times: user=0.01 sys=0.00, real=0.00 secs] 
2021-08-19T05:16:52.913+0800: 46100.511: [GC (Allocation Failure) [PSYoungGen: 85408K->352K(86016K)] 200064K->115008K(280576K), 0.0022745 secs] [Times: user=0.02 sys=0.00, real=0.00 secs] 
2021-08-19T05:17:06.222+0800: 46113.820: [GC (Allocation Failure) [PSYoungGen: 85344K->384K(86016K)] 200000K->115040K(280576K), 0.0019958 secs] [Times: user=0.01 sys=0.00, real=0.00 secs] 
2021-08-19T05:17:18.220+0800: 46125.818: [GC (Allocation Failure) [PSYoungGen: 85376K->1024K(84992K)] 200032K->115688K(279552K), 0.0020892 secs] [Times: user=0.02 sys=0.00, real=0.00 secs] 
2021-08-19T05:17:29.914+0800: 46137.512: [GC (Allocation Failure) [PSYoungGen: 84992K->384K(85504K)] 199656K->115056K(280064K), 0.0022086 secs] [Times: user=0.02 sys=0.00, real=0.00 secs] 
2021-08-19T05:17:42.226+0800: 46149.824: [GC (Allocation Failure) [PSYoungGen: 84352K->432K(85504K)] 199024K->115104K(280064K), 0.0020556 secs] [Times: user=0.01 sys=0.00, real=0.00 secs] 
2021-08-19T05:17:55.230+0800: 46162.828: [GC (Allocation Failure) [PSYoungGen: 84400K->336K(85504K)] 199072K->115008K(280064K), 0.0020519 secs] [Times: user=0.01 sys=0.00, real=0.00 secs] 
2021-08-19T05:18:08.214+0800: 46175.812: [GC (Allocation Failure) [PSYoungGen: 84304K->688K(84992K)] 198976K->115360K(279552K), 0.0021997 secs] [Times: user=0.02 sys=0.00, real=0.00 secs] 
2021-08-19T05:18:19.224+0800: 46186.821: [GC (Allocation Failure) [PSYoungGen: 84656K->416K(85504K)] 199328K->115088K(280064K), 0.0022698 secs] [Times: user=0.02 sys=0.00, real=0.00 secs] 
2021-08-19T05:18:32.224+0800: 46199.822: [GC (Allocation Failure) [PSYoungGen: 84384K->448K(86016K)] 199056K->115128K(280576K), 0.0019111 secs] [Times: user=0.02 sys=0.00, real=0.00 secs] 
2021-08-19T05:18:44.913+0800: 46212.511: [GC (Allocation Failure) [PSYoungGen: 85440K->432K(86016K)] 200120K->115120K(280576K), 0.0021175 secs] [Times: user=0.02 sys=0.00, real=0.00 secs] 
2021-08-19T05:18:57.914+0800: 46225.512: [GC (Allocation Failure) [PSYoungGen: 85424K->416K(86016K)] 200112K->115104K(280576K), 0.0019173 secs] [Times: user=0.01 sys=0.00, real=0.00 secs] 
2021-08-19T05:19:08.915+0800: 46236.513: [GC (Allocation Failure) [PSYoungGen: 85408K->560K(86016K)] 200096K->115248K(280576K), 0.0024955 secs] [Times: user=0.02 sys=0.00, real=0.00 secs] 
2021-08-19T05:19:21.915+0800: 46249.513: [GC (Allocation Failure) [PSYoungGen: 85552K->736K(86016K)] 200240K->115424K(280576K), 0.0019894 secs] [Times: user=0.01 sys=0.00, real=0.00 secs] 
2021-08-19T05:19:34.823+0800: 46262.421: [GC (Allocation Failure) [PSYoungGen: 85728K->864K(86016K)] 200416K->115640K(280576K), 0.0027479 secs] [Times: user=0.02 sys=0.01, real=0.00 secs] 
2021-08-19T05:19:47.229+0800: 46274.827: [GC (Allocation Failure) [PSYoungGen: 85856K->960K(84992K)] 200632K->115736K(279552K), 0.0023208 secs] [Times: user=0.02 sys=0.00, real=0.01 secs] 
2021-08-19T05:19:58.226+0800: 46285.824: [GC (Allocation Failure) [PSYoungGen: 84928K->960K(85504K)] 199704K->115736K(280064K), 0.0022030 secs] [Times: user=0.02 sys=0.00, real=0.00 secs] 
2021-08-19T05:20:11.227+0800: 46298.825: [GC (Allocation Failure) [PSYoungGen: 84928K->1024K(85504K)] 199704K->115800K(280064K), 0.0024460 secs] [Times: user=0.01 sys=0.01, real=0.00 secs] 
2021-08-19T05:20:24.226+0800: 46311.824: [GC (Allocation Failure) [PSYoungGen: 84992K->1120K(85504K)] 199768K->115896K(280064K), 0.0021598 secs] [Times: user=0.01 sys=0.00, real=0.00 secs] 
2021-08-19T05:20:37.226+0800: 46324.824: [GC (Allocation Failure) [PSYoungGen: 85088K->1152K(85504K)] 199864K->115928K(280064K), 0.0022991 secs] [Times: user=0.02 sys=0.00, real=0.00 secs] 
2021-08-19T05:20:48.222+0800: 46335.820: [GC (Allocation Failure) [PSYoungGen: 85120K->1504K(85504K)] 199896K->116744K(280064K), 0.0020737 secs] [Times: user=0.01 sys=0.00, real=0.00 secs] 
2021-08-19T05:21:00.232+0800: 46347.830: [GC (Allocation Failure) [PSYoungGen: 85472K->1008K(84480K)] 200712K->116248K(279040K), 0.0024623 secs] [Times: user=0.02 sys=0.00, real=0.00 secs] 
2021-08-19T05:21:13.226+0800: 46360.824: [GC (Allocation Failure) [PSYoungGen: 83952K->1040K(84992K)] 199192K->116280K(279552K), 0.0020999 secs] [Times: user=0.01 sys=0.00, real=0.00 secs] 
2021-08-19T05:21:25.918+0800: 46373.516: [GC (Allocation Failure) [PSYoungGen: 83984K->1056K(84992K)] 199224K->116296K(279552K), 0.0024543 secs] [Times: user=0.02 sys=0.00, real=0.01 secs] 
2021-08-19T05:21:38.215+0800: 46385.813: [GC (Allocation Failure) [PSYoungGen: 84000K->1216K(84992K)] 199240K->116600K(279552K), 0.0020757 secs] [Times: user=0.02 sys=0.00, real=0.00 secs] 
2021-08-19T05:21:49.226+0800: 46396.824: [GC (Allocation Failure) [PSYoungGen: 84160K->928K(84992K)] 199544K->116320K(279552K), 0.0024875 secs] [Times: user=0.01 sys=0.00, real=0.00 secs] 
2021-08-19T05:22:01.725+0800: 46409.323: [GC (Allocation Failure) [PSYoungGen: 83872K->880K(84992K)] 199264K->116440K(279552K), 0.0021694 secs] [Times: user=0.01 sys=0.00, real=0.00 secs] 
2021-08-19T05:22:14.228+0800: 46421.826: [GC (Allocation Failure) [PSYoungGen: 83824K->784K(84992K)] 199384K->116464K(279552K), 0.0025519 secs] [Times: user=0.01 sys=0.00, real=0.01 secs] 
2021-08-19T05:22:27.228+0800: 46434.825: [GC (Allocation Failure) [PSYoungGen: 83728K->608K(84992K)] 199408K->116512K(279552K), 0.0022907 secs] [Times: user=0.01 sys=0.00, real=0.00 secs] 
2021-08-19T05:22:38.222+0800: 46445.820: [GC (Allocation Failure) [PSYoungGen: 83552K->1456K(84992K)] 199456K->117576K(279552K), 0.0024546 secs] [Times: user=0.01 sys=0.00, real=0.00 secs] 
2021-08-19T05:22:50.227+0800: 46457.825: [GC (Allocation Failure) [PSYoungGen: 84400K->448K(84992K)] 200520K->116584K(279552K), 0.0022491 secs] [Times: user=0.01 sys=0.00, real=0.00 secs] 
2021-08-19T05:23:02.922+0800: 46470.519: [GC (Allocation Failure) [PSYoungGen: 83392K->416K(84992K)] 199528K->116688K(279552K), 0.0023198 secs] [Times: user=0.01 sys=0.00, real=0.00 secs] 
2021-08-19T05:23:15.727+0800: 46483.325: [GC (Allocation Failure) [PSYoungGen: 83360K->416K(84992K)] 199632K->116816K(279552K), 0.0020153 secs] [Times: user=0.01 sys=0.00, real=0.00 secs] 
2021-08-19T05:23:28.215+0800: 46495.813: [GC (Allocation Failure) [PSYoungGen: 83360K->640K(84992K)] 199760K->117064K(279552K), 0.0020032 secs] [Times: user=0.01 sys=0.00, real=0.00 secs] 
2021-08-19T05:23:38.920+0800: 46506.518: [GC (Allocation Failure) [PSYoungGen: 83584K->384K(84992K)] 200008K->116816K(279552K), 0.0019591 secs] [Times: user=0.01 sys=0.00, real=0.00 secs] 
2021-08-19T05:23:51.233+0800: 46518.831: [GC (Allocation Failure) [PSYoungGen: 83328K->384K(84992K)] 199760K->116848K(279552K), 0.0024428 secs] [Times: user=0.02 sys=0.00, real=0.00 secs] 
2021-08-19T05:24:04.231+0800: 46531.829: [GC (Allocation Failure) [PSYoungGen: 83328K->384K(84992K)] 199792K->116848K(279552K), 0.0019148 secs] [Times: user=0.01 sys=0.00, real=0.00 secs] 
2021-08-19T05:24:17.228+0800: 46544.826: [GC (Allocation Failure) [PSYoungGen: 83328K->384K(85504K)] 199792K->116848K(280064K), 0.0020201 secs] [Times: user=0.02 sys=0.00, real=0.01 secs] 
2021-08-19T05:24:28.223+0800: 46555.821: [GC (Allocation Failure) [PSYoungGen: 83840K->896K(84992K)] 200304K->117392K(279552K), 0.0020898 secs] [Times: user=0.02 sys=0.00, real=0.00 secs] 
2021-08-19T05:24:40.229+0800: 46567.827: [GC (Allocation Failure) [PSYoungGen: 84352K->416K(85504K)] 200848K->116912K(280064K), 0.0019413 secs] [Times: user=0.01 sys=0.00, real=0.01 secs] 
2021-08-19T05:24:53.228+0800: 46580.826: [GC (Allocation Failure) [PSYoungGen: 83872K->384K(84992K)] 200368K->116928K(279552K), 0.0019360 secs] [Times: user=0.02 sys=0.00, real=0.01 secs] 
2021-08-19T05:25:05.922+0800: 46593.520: [GC (Allocation Failure) [PSYoungGen: 83840K->416K(85504K)] 200384K->116960K(280064K), 0.0020779 secs] [Times: user=0.02 sys=0.00, real=0.00 secs] 
2021-08-19T05:25:18.217+0800: 46605.815: [GC (Allocation Failure) [PSYoungGen: 84384K->736K(85504K)] 200928K->117280K(280064K), 0.0020914 secs] [Times: user=0.02 sys=0.00, real=0.00 secs] 
2021-08-19T05:25:29.711+0800: 46617.308: [GC (Allocation Failure) [PSYoungGen: 84704K->416K(85504K)] 201248K->116960K(280064K), 0.0020127 secs] [Times: user=0.01 sys=0.00, real=0.00 secs] 
2021-08-19T05:25:42.234+0800: 46629.832: [GC (Allocation Failure) [PSYoungGen: 84384K->416K(85504K)] 200928K->116960K(280064K), 0.0022719 secs] [Times: user=0.02 sys=0.00, real=0.00 secs] 
2021-08-19T05:25:55.228+0800: 46642.825: [GC (Allocation Failure) [PSYoungGen: 84384K->384K(85504K)] 200928K->116928K(280064K), 0.0019428 secs] [Times: user=0.01 sys=0.00, real=0.00 secs] 
2021-08-19T05:26:08.214+0800: 46655.812: [GC (Allocation Failure) [PSYoungGen: 84352K->352K(85504K)] 200896K->116896K(280064K), 0.0021754 secs] [Times: user=0.01 sys=0.00, real=0.00 secs] 
2021-08-19T05:26:19.229+0800: 46666.827: [GC (Allocation Failure) [PSYoungGen: 84320K->416K(85504K)] 200864K->116960K(280064K), 0.0023547 secs] [Times: user=0.01 sys=0.00, real=0.01 secs] 
2021-08-19T05:26:32.226+0800: 46679.824: [GC (Allocation Failure) [PSYoungGen: 84384K->416K(85504K)] 200928K->116960K(280064K), 0.0019743 secs] [Times: user=0.01 sys=0.00, real=0.00 secs] 
2021-08-19T05:26:44.233+0800: 46691.831: [GC (Allocation Failure) [PSYoungGen: 84384K->352K(85504K)] 200928K->116912K(280064K), 0.0019943 secs] [Times: user=0.01 sys=0.00, real=0.00 secs] 
2021-08-19T05:26:57.232+0800: 46704.830: [GC (Allocation Failure) [PSYoungGen: 84320K->384K(85504K)] 200880K->116944K(280064K), 0.0020783 secs] [Times: user=0.02 sys=0.00, real=0.00 secs] 
2021-08-19T05:27:08.232+0800: 46715.829: [GC (Allocation Failure) [PSYoungGen: 84352K->416K(86016K)] 200912K->116976K(280576K), 0.0018979 secs] [Times: user=0.02 sys=0.00, real=0.00 secs] 
2021-08-19T05:27:21.230+0800: 46728.828: [GC (Allocation Failure) [PSYoungGen: 84896K->384K(85504K)] 201456K->116944K(280064K), 0.0018715 secs] [Times: user=0.01 sys=0.00, real=0.01 secs] 
2021-08-19T05:27:34.231+0800: 46741.829: [GC (Allocation Failure) [PSYoungGen: 84864K->384K(86016K)] 201424K->116944K(280576K), 0.0023524 secs] [Times: user=0.02 sys=0.00, real=0.00 secs] 
2021-08-19T05:27:47.229+0800: 46754.827: [GC (Allocation Failure) [PSYoungGen: 85376K->384K(86016K)] 201936K->116944K(280576K), 0.0019705 secs] [Times: user=0.02 sys=0.00, real=0.01 secs] 
2021-08-19T05:27:58.231+0800: 46765.828: [GC (Allocation Failure) [PSYoungGen: 85376K->384K(86016K)] 201936K->116944K(280576K), 0.0020820 secs] [Times: user=0.01 sys=0.00, real=0.00 secs] 
2021-08-19T05:28:11.230+0800: 46778.828: [GC (Allocation Failure) [PSYoungGen: 85376K->384K(86016K)] 201936K->116944K(280576K), 0.0021562 secs] [Times: user=0.02 sys=0.00, real=0.01 secs] 
2021-08-19T05:28:24.232+0800: 46791.830: [GC (Allocation Failure) [PSYoungGen: 85376K->384K(86016K)] 201936K->116944K(280576K), 0.0018986 secs] [Times: user=0.01 sys=0.00, real=0.00 secs] 
2021-08-19T05:28:37.233+0800: 46804.831: [GC (Allocation Failure) [PSYoungGen: 85376K->352K(86016K)] 201936K->116912K(280576K), 0.0019793 secs] [Times: user=0.01 sys=0.00, real=0.00 secs] 
2021-08-19T05:28:48.230+0800: 46815.827: [GC (Allocation Failure) [PSYoungGen: 85344K->416K(86016K)] 201904K->116976K(280576K), 0.0018461 secs] [Times: user=0.01 sys=0.00, real=0.01 secs] 
2021-08-19T05:29:01.232+0800: 46828.830: [GC (Allocation Failure) [PSYoungGen: 85408K->416K(86016K)] 201968K->116984K(280576K), 0.0019496 secs] [Times: user=0.01 sys=0.00, real=0.00 secs] 
2021-08-19T05:29:14.231+0800: 46841.829: [GC (Allocation Failure) [PSYoungGen: 85408K->384K(86016K)] 201976K->116992K(280576K), 0.0019746 secs] [Times: user=0.02 sys=0.00, real=0.00 secs] 
2021-08-19T05:29:27.234+0800: 46854.831: [GC (Allocation Failure) [PSYoungGen: 85376K->352K(86016K)] 201984K->116960K(280576K), 0.0020845 secs] [Times: user=0.01 sys=0.00, real=0.00 secs] 
2021-08-19T05:29:38.230+0800: 46865.828: [GC (Allocation Failure) [PSYoungGen: 85344K->416K(86016K)] 201952K->117024K(280576K), 0.0019990 secs] [Times: user=0.01 sys=0.00, real=0.01 secs] 
2021-08-19T05:29:51.231+0800: 46878.829: [GC (Allocation Failure) [PSYoungGen: 85408K->416K(86016K)] 202016K->117024K(280576K), 0.0018988 secs] [Times: user=0.02 sys=0.00, real=0.00 secs] 
2021-08-19T05:30:04.233+0800: 46891.830: [GC (Allocation Failure) [PSYoungGen: 85408K->416K(86016K)] 202016K->117024K(280576K), 0.0021618 secs] [Times: user=0.01 sys=0.00, real=0.00 secs] 
2021-08-19T05:30:17.233+0800: 46904.830: [GC (Allocation Failure) [PSYoungGen: 85408K->416K(86016K)] 202016K->117024K(280576K), 0.0019695 secs] [Times: user=0.01 sys=0.00, real=0.00 secs] 
2021-08-19T05:30:28.233+0800: 46915.830: [GC (Allocation Failure) [PSYoungGen: 85408K->384K(86016K)] 202016K->116992K(280576K), 0.0021805 secs] [Times: user=0.02 sys=0.00, real=0.00 secs] 
2021-08-19T05:30:41.232+0800: 46928.829: [GC (Allocation Failure) [PSYoungGen: 85376K->416K(86016K)] 201984K->117024K(280576K), 0.0021473 secs] [Times: user=0.01 sys=0.00, real=0.00 secs] 
2021-08-19T05:30:54.231+0800: 46941.829: [GC (Allocation Failure) [PSYoungGen: 85408K->384K(86016K)] 202016K->116992K(280576K), 0.0019869 secs] [Times: user=0.02 sys=0.00, real=0.00 secs] 
2021-08-19T05:31:07.231+0800: 46954.829: [GC (Allocation Failure) [PSYoungGen: 85376K->416K(86016K)] 201984K->117024K(280576K), 0.0024041 secs] [Times: user=0.01 sys=0.00, real=0.00 secs] 
2021-08-19T05:31:18.236+0800: 46965.834: [GC (Allocation Failure) [PSYoungGen: 85408K->320K(86016K)] 202016K->116928K(280576K), 0.0020574 secs] [Times: user=0.02 sys=0.00, real=0.00 secs] 
2021-08-19T05:31:31.235+0800: 46978.833: [GC (Allocation Failure) [PSYoungGen: 85312K->416K(86016K)] 201920K->117024K(280576K), 0.0019914 secs] [Times: user=0.01 sys=0.00, real=0.00 secs] 
2021-08-19T05:31:44.232+0800: 46991.829: [GC (Allocation Failure) [PSYoungGen: 85408K->352K(86016K)] 202016K->116960K(280576K), 0.0018552 secs] [Times: user=0.01 sys=0.00, real=0.00 secs] 
2021-08-19T05:31:57.235+0800: 47004.833: [GC (Allocation Failure) [PSYoungGen: 85344K->416K(86016K)] 201952K->117024K(280576K), 0.0020964 secs] [Times: user=0.01 sys=0.00, real=0.00 secs] 
2021-08-19T05:32:08.234+0800: 47015.832: [GC (Allocation Failure) [PSYoungGen: 85408K->384K(86016K)] 202016K->116992K(280576K), 0.0024280 secs] [Times: user=0.01 sys=0.00, real=0.00 secs] 
2021-08-19T05:32:21.239+0800: 47028.836: [GC (Allocation Failure) [PSYoungGen: 85376K->352K(86016K)] 201984K->116960K(280576K), 0.0019906 secs] [Times: user=0.02 sys=0.00, real=0.01 secs] 
2021-08-19T05:32:34.234+0800: 47041.832: [GC (Allocation Failure) [PSYoungGen: 85344K->416K(86528K)] 201952K->117024K(281088K), 0.0025641 secs] [Times: user=0.01 sys=0.00, real=0.00 secs] 
2021-08-19T05:32:47.234+0800: 47054.832: [GC (Allocation Failure) [PSYoungGen: 86432K->384K(86528K)] 203040K->116992K(281088K), 0.0020280 secs] [Times: user=0.01 sys=0.00, real=0.00 secs] 
2021-08-19T05:32:58.730+0800: 47066.328: [GC (Allocation Failure) [PSYoungGen: 86400K->352K(86528K)] 203008K->116968K(281088K), 0.0021309 secs] [Times: user=0.02 sys=0.00, real=0.00 secs] 
2021-08-19T05:33:12.141+0800: 47079.739: [GC (Allocation Failure) [PSYoungGen: 86368K->416K(86528K)] 202984K->117032K(281088K), 0.0020422 secs] [Times: user=0.01 sys=0.00, real=0.00 secs] 
2021-08-19T05:33:25.231+0800: 47092.829: [GC (Allocation Failure) [PSYoungGen: 86432K->416K(86528K)] 203048K->117032K(281088K), 0.0021102 secs] [Times: user=0.01 sys=0.00, real=0.00 secs] 
2021-08-19T05:33:38.217+0800: 47105.814: [GC (Allocation Failure) [PSYoungGen: 86432K->352K(86528K)] 203048K->116968K(281088K), 0.0020570 secs] [Times: user=0.02 sys=0.00, real=0.00 secs] 
2021-08-19T05:33:49.235+0800: 47116.832: [GC (Allocation Failure) [PSYoungGen: 86368K->384K(86528K)] 202984K->117000K(281088K), 0.0019178 secs] [Times: user=0.02 sys=0.00, real=0.00 secs] 
2021-08-19T05:34:02.732+0800: 47130.330: [GC (Allocation Failure) [PSYoungGen: 86400K->416K(86528K)] 203016K->117032K(281088K), 0.0021079 secs] [Times: user=0.01 sys=0.00, real=0.00 secs] 
2021-08-19T05:34:15.939+0800: 47143.537: [GC (Allocation Failure) [PSYoungGen: 86432K->416K(86528K)] 203048K->117032K(281088K), 0.0020398 secs] [Times: user=0.01 sys=0.00, real=0.01 secs] 
2021-08-19T05:34:28.224+0800: 47155.822: [GC (Allocation Failure) [PSYoungGen: 86432K->512K(86528K)] 203048K->117568K(281088K), 0.0030413 secs] [Times: user=0.01 sys=0.01, real=0.00 secs] 
2021-08-19T05:34:40.236+0800: 47167.834: [GC (Allocation Failure) [PSYoungGen: 86528K->416K(85504K)] 203584K->117472K(280064K), 0.0020726 secs] [Times: user=0.01 sys=0.00, real=0.00 secs] 
2021-08-19T05:34:53.236+0800: 47180.833: [GC (Allocation Failure) [PSYoungGen: 85408K->416K(86016K)] 202464K->117472K(280576K), 0.0018824 secs] [Times: user=0.01 sys=0.00, real=0.00 secs] 
2021-08-19T05:35:06.235+0800: 47193.832: [GC (Allocation Failure) [PSYoungGen: 85408K->416K(86016K)] 202464K->117472K(280576K), 0.0021743 secs] [Times: user=0.01 sys=0.00, real=0.00 secs] 
2021-08-19T05:35:18.225+0800: 47205.823: [GC (Allocation Failure) [PSYoungGen: 85408K->1024K(86016K)] 202464K->118144K(280576K), 0.0022831 secs] [Times: user=0.02 sys=0.00, real=0.00 secs] 
2021-08-19T05:35:30.238+0800: 47217.836: [GC (Allocation Failure) [PSYoungGen: 86016K->416K(86016K)] 203136K->117536K(280576K), 0.0019998 secs] [Times: user=0.02 sys=0.00, real=0.00 secs] 
2021-08-19T05:35:43.233+0800: 47230.831: [GC (Allocation Failure) [PSYoungGen: 85408K->352K(86016K)] 202528K->117472K(280576K), 0.0020638 secs] [Times: user=0.01 sys=0.00, real=0.00 secs] 
2021-08-19T05:35:56.729+0800: 47244.327: [GC (Allocation Failure) [PSYoungGen: 85344K->416K(86016K)] 202464K->117536K(280576K), 0.0022786 secs] [Times: user=0.01 sys=0.00, real=0.01 secs] 
2021-08-19T05:36:08.232+0800: 47255.829: [GC (Allocation Failure) [PSYoungGen: 85408K->416K(86016K)] 202528K->117536K(280576K), 0.0023800 secs] [Times: user=0.01 sys=0.00, real=0.00 secs] 
2021-08-19T05:36:21.236+0800: 47268.833: [GC (Allocation Failure) [PSYoungGen: 85408K->416K(86016K)] 202528K->117536K(280576K), 0.0018868 secs] [Times: user=0.02 sys=0.00, real=0.00 secs] 
2021-08-19T05:36:34.229+0800: 47281.827: [GC (Allocation Failure) [PSYoungGen: 85408K->416K(86016K)] 202528K->117536K(280576K), 0.0017998 secs] [Times: user=0.02 sys=0.00, real=0.01 secs] 
2021-08-19T05:36:46.943+0800: 47294.541: [GC (Allocation Failure) [PSYoungGen: 85408K->352K(86016K)] 202528K->117472K(280576K), 0.0020517 secs] [Times: user=0.01 sys=0.00, real=0.00 secs] 
2021-08-19T05:36:58.229+0800: 47305.826: [GC (Allocation Failure) [PSYoungGen: 85344K->832K(86016K)] 202464K->117952K(280576K), 0.0024757 secs] [Times: user=0.02 sys=0.00, real=0.01 secs] 
2021-08-19T05:37:10.878+0800: 47318.475: [GC (Allocation Failure) [PSYoungGen: 85824K->352K(86016K)] 202944K->117472K(280576K), 0.0020482 secs] [Times: user=0.01 sys=0.00, real=0.00 secs] 
2021-08-19T05:37:23.726+0800: 47331.323: [GC (Allocation Failure) [PSYoungGen: 85344K->384K(86016K)] 202464K->117504K(280576K), 0.0021087 secs] [Times: user=0.01 sys=0.00, real=0.00 secs] 
2021-08-19T05:37:36.228+0800: 47343.826: [GC (Allocation Failure) [PSYoungGen: 85376K->288K(86016K)] 202496K->117432K(280576K), 0.0020350 secs] [Times: user=0.02 sys=0.00, real=0.01 secs] 
2021-08-19T05:37:48.221+0800: 47355.819: [GC (Allocation Failure) [PSYoungGen: 85280K->1024K(86016K)] 202424K->118176K(280576K), 0.0023074 secs] [Times: user=0.02 sys=0.00, real=0.00 secs] 
2021-08-19T05:37:59.725+0800: 47367.323: [GC (Allocation Failure) [PSYoungGen: 86016K->416K(86016K)] 203168K->117584K(280576K), 0.0021624 secs] [Times: user=0.02 sys=0.00, real=0.00 secs] 
2021-08-19T05:38:12.723+0800: 47380.321: [GC (Allocation Failure) [PSYoungGen: 85408K->384K(86016K)] 202576K->117552K(280576K), 0.0022444 secs] [Times: user=0.02 sys=0.00, real=0.00 secs] 
2021-08-19T05:38:25.231+0800: 47392.828: [GC (Allocation Failure) [PSYoungGen: 85376K->384K(86016K)] 202544K->117560K(280576K), 0.0019192 secs] [Times: user=0.01 sys=0.00, real=0.00 secs] 
2021-08-19T05:38:38.218+0800: 47405.816: [GC (Allocation Failure) [PSYoungGen: 85376K->384K(86016K)] 202552K->117560K(280576K), 0.0021216 secs] [Times: user=0.01 sys=0.00, real=0.01 secs] 
2021-08-19T05:38:49.224+0800: 47416.822: [GC (Allocation Failure) [PSYoungGen: 85376K->384K(86016K)] 202552K->117576K(280576K), 0.0019154 secs] [Times: user=0.01 sys=0.00, real=0.00 secs] 
2021-08-19T05:39:02.235+0800: 47429.833: [GC (Allocation Failure) [PSYoungGen: 85376K->416K(86016K)] 202568K->117656K(280576K), 0.0022774 secs] [Times: user=0.01 sys=0.01, real=0.00 secs] 
2021-08-19T05:39:16.087+0800: 47443.685: [GC (Allocation Failure) [PSYoungGen: 85408K->416K(86016K)] 202648K->117680K(280576K), 0.0019380 secs] [Times: user=0.01 sys=0.00, real=0.00 secs] 
2021-08-19T05:39:28.224+0800: 47455.822: [GC (Allocation Failure) [PSYoungGen: 85408K->608K(86016K)] 202672K->117880K(280576K), 0.0019554 secs] [Times: user=0.01 sys=0.00, real=0.00 secs] 
2021-08-19T05:39:39.946+0800: 47467.543: [GC (Allocation Failure) [PSYoungGen: 85600K->352K(86016K)] 202872K->117656K(280576K), 0.0020558 secs] [Times: user=0.02 sys=0.00, real=0.00 secs] 
2021-08-19T05:39:53.220+0800: 47480.818: [GC (Allocation Failure) [PSYoungGen: 85344K->416K(86016K)] 202648K->117720K(280576K), 0.0020430 secs] [Times: user=0.02 sys=0.00, real=0.00 secs] 
2021-08-19T05:40:06.223+0800: 47493.821: [GC (Allocation Failure) [PSYoungGen: 85408K->416K(86016K)] 202712K->117720K(280576K), 0.0021961 secs] [Times: user=0.01 sys=0.00, real=0.00 secs] 
2021-08-19T05:40:18.223+0800: 47505.821: [GC (Allocation Failure) [PSYoungGen: 85408K->800K(86016K)] 202712K->118136K(280576K), 0.0022372 secs] [Times: user=0.01 sys=0.00, real=0.00 secs] 
2021-08-19T05:40:30.220+0800: 47517.817: [GC (Allocation Failure) [PSYoungGen: 85792K->416K(86016K)] 203128K->117752K(280576K), 0.0020614 secs] [Times: user=0.01 sys=0.00, real=0.01 secs] 
2021-08-19T05:40:43.220+0800: 47530.817: [GC (Allocation Failure) [PSYoungGen: 85408K->384K(86016K)] 202744K->117720K(280576K), 0.0023101 secs] [Times: user=0.01 sys=0.00, real=0.01 secs] 
2021-08-19T05:40:56.224+0800: 47543.821: [GC (Allocation Failure) [PSYoungGen: 85376K->352K(86016K)] 202712K->117720K(280576K), 0.0019429 secs] [Times: user=0.01 sys=0.00, real=0.00 secs] 
2021-08-19T05:41:08.224+0800: 47555.822: [GC (Allocation Failure) [PSYoungGen: 85344K->736K(86016K)] 202712K->118104K(280576K), 0.0018846 secs] [Times: user=0.02 sys=0.00, real=0.00 secs] 
2021-08-19T05:41:20.221+0800: 47567.819: [GC (Allocation Failure) [PSYoungGen: 85728K->416K(86016K)] 203096K->117808K(280576K), 0.0020705 secs] [Times: user=0.01 sys=0.00, real=0.00 secs] 
2021-08-19T05:41:33.223+0800: 47580.821: [GC (Allocation Failure) [PSYoungGen: 85408K->384K(86016K)] 202800K->117776K(280576K), 0.0020231 secs] [Times: user=0.01 sys=0.00, real=0.00 secs] 
2021-08-19T05:41:46.221+0800: 47593.819: [GC (Allocation Failure) [PSYoungGen: 85376K->416K(86016K)] 202768K->117816K(280576K), 0.0019600 secs] [Times: user=0.02 sys=0.00, real=0.00 secs] 
2021-08-19T05:41:58.225+0800: 47605.823: [GC (Allocation Failure) [PSYoungGen: 85408K->736K(86016K)] 202808K->118168K(280576K), 0.0020815 secs] [Times: user=0.01 sys=0.00, real=0.00 secs] 
2021-08-19T05:42:10.223+0800: 47617.820: [GC (Allocation Failure) [PSYoungGen: 85728K->384K(86016K)] 203160K->117840K(280576K), 0.0019107 secs] [Times: user=0.01 sys=0.00, real=0.00 secs] 
2021-08-19T05:42:23.222+0800: 47630.820: [GC (Allocation Failure) [PSYoungGen: 85376K->416K(86016K)] 202832K->117888K(280576K), 0.0020855 secs] [Times: user=0.01 sys=0.00, real=0.00 secs] 
2021-08-19T05:42:36.220+0800: 47643.818: [GC (Allocation Failure) [PSYoungGen: 85408K->384K(86016K)] 202880K->117856K(280576K), 0.0019298 secs] [Times: user=0.01 sys=0.01, real=0.01 secs] 
2021-08-19T05:42:48.226+0800: 47655.824: [GC (Allocation Failure) [PSYoungGen: 85376K->672K(86016K)] 202848K->118144K(280576K), 0.0022049 secs] [Times: user=0.02 sys=0.00, real=0.00 secs] 
2021-08-19T05:43:00.219+0800: 47667.817: [GC (Allocation Failure) [PSYoungGen: 85664K->416K(86016K)] 203136K->117888K(280576K), 0.0020465 secs] [Times: user=0.02 sys=0.00, real=0.01 secs] 
2021-08-19T05:43:13.219+0800: 47680.817: [GC (Allocation Failure) [PSYoungGen: 85408K->416K(86016K)] 202880K->117888K(280576K), 0.0023300 secs] [Times: user=0.02 sys=0.00, real=0.01 secs] 
2021-08-19T05:43:26.220+0800: 47693.818: [GC (Allocation Failure) [PSYoungGen: 85408K->384K(86016K)] 202880K->117872K(280576K), 0.0018941 secs] [Times: user=0.01 sys=0.00, real=0.00 secs] 
2021-08-19T05:43:38.227+0800: 47705.824: [GC (Allocation Failure) [PSYoungGen: 85376K->736K(86016K)] 202864K->118224K(280576K), 0.0020499 secs] [Times: user=0.01 sys=0.00, real=0.00 secs] 
2021-08-19T05:43:50.219+0800: 47717.817: [GC (Allocation Failure) [PSYoungGen: 85728K->384K(86016K)] 203216K->117872K(280576K), 0.0019871 secs] [Times: user=0.01 sys=0.00, real=0.01 secs] 
2021-08-19T05:44:03.219+0800: 47730.817: [GC (Allocation Failure) [PSYoungGen: 85376K->416K(86016K)] 202864K->117904K(280576K), 0.0019075 secs] [Times: user=0.01 sys=0.00, real=0.01 secs] 
2021-08-19T05:44:16.221+0800: 47743.818: [GC (Allocation Failure) [PSYoungGen: 85408K->384K(86016K)] 202896K->117872K(280576K), 0.0020035 secs] [Times: user=0.01 sys=0.00, real=0.00 secs] 
2021-08-19T05:44:28.230+0800: 47755.827: [GC (Allocation Failure) [PSYoungGen: 85376K->992K(86016K)] 202864K->118480K(280576K), 0.0020801 secs] [Times: user=0.02 sys=0.00, real=0.01 secs] 
2021-08-19T05:44:40.220+0800: 47767.818: [GC (Allocation Failure) [PSYoungGen: 85984K->384K(86016K)] 203472K->117904K(280576K), 0.0018380 secs] [Times: user=0.01 sys=0.00, real=0.00 secs] 
2021-08-19T05:44:53.220+0800: 47780.818: [GC (Allocation Failure) [PSYoungGen: 85376K->384K(86016K)] 202896K->117904K(280576K), 0.0018633 secs] [Times: user=0.01 sys=0.00, real=0.00 secs] 
2021-08-19T05:45:06.715+0800: 47794.313: [GC (Allocation Failure) [PSYoungGen: 85376K->352K(86016K)] 202896K->117872K(280576K), 0.0021485 secs] [Times: user=0.01 sys=0.00, real=0.00 secs] 
2021-08-19T05:45:18.230+0800: 47805.828: [GC (Allocation Failure) [PSYoungGen: 85344K->1024K(86016K)] 202864K->118568K(280576K), 0.0021304 secs] [Times: user=0.01 sys=0.00, real=0.01 secs] 
2021-08-19T05:45:30.719+0800: 47818.316: [GC (Allocation Failure) [PSYoungGen: 86016K->384K(84992K)] 203560K->117928K(279552K), 0.0020243 secs] [Times: user=0.01 sys=0.00, real=0.01 secs] 
2021-08-19T05:45:43.225+0800: 47830.822: [GC (Allocation Failure) [PSYoungGen: 84352K->384K(85504K)] 201896K->117928K(280064K), 0.0020874 secs] [Times: user=0.01 sys=0.00, real=0.00 secs] 
2021-08-19T05:45:56.216+0800: 47843.814: [GC (Allocation Failure) [PSYoungGen: 84352K->416K(86016K)] 201896K->117968K(280576K), 0.0020420 secs] [Times: user=0.01 sys=0.00, real=0.00 secs] 
2021-08-19T05:46:08.228+0800: 47855.826: [GC (Allocation Failure) [PSYoungGen: 85408K->768K(86016K)] 202960K->118320K(280576K), 0.0022418 secs] [Times: user=0.01 sys=0.00, real=0.01 secs] 
2021-08-19T05:46:20.216+0800: 47867.814: [GC (Allocation Failure) [PSYoungGen: 85760K->384K(86016K)] 203312K->117936K(280576K), 0.0019106 secs] [Times: user=0.01 sys=0.00, real=0.00 secs] 
2021-08-19T05:46:33.218+0800: 47880.815: [GC (Allocation Failure) [PSYoungGen: 85376K->416K(86016K)] 202928K->117968K(280576K), 0.0020178 secs] [Times: user=0.02 sys=0.00, real=0.00 secs] 
2021-08-19T05:46:46.215+0800: 47893.813: [GC (Allocation Failure) [PSYoungGen: 85408K->416K(86016K)] 202960K->117968K(280576K), 0.0021189 secs] [Times: user=0.02 sys=0.00, real=0.00 secs] 
2021-08-19T05:46:58.228+0800: 47905.826: [GC (Allocation Failure) [PSYoungGen: 85408K->704K(86016K)] 202960K->118256K(280576K), 0.0025363 secs] [Times: user=0.01 sys=0.00, real=0.01 secs] 
2021-08-19T05:47:10.215+0800: 47917.813: [GC (Allocation Failure) [PSYoungGen: 85696K->416K(86016K)] 203248K->117968K(280576K), 0.0018769 secs] [Times: user=0.01 sys=0.00, real=0.00 secs] 
2021-08-19T05:47:23.216+0800: 47930.814: [GC (Allocation Failure) [PSYoungGen: 85408K->416K(86016K)] 202960K->117968K(280576K), 0.0021616 secs] [Times: user=0.01 sys=0.00, real=0.00 secs] 
2021-08-19T05:47:36.222+0800: 47943.820: [GC (Allocation Failure) [PSYoungGen: 85408K->400K(86016K)] 202960K->117960K(280576K), 0.0022863 secs] [Times: user=0.01 sys=0.00, real=0.00 secs] 
2021-08-19T05:47:48.229+0800: 47955.827: [GC (Allocation Failure) [PSYoungGen: 85392K->848K(86016K)] 202952K->118408K(280576K), 0.0022397 secs] [Times: user=0.01 sys=0.00, real=0.01 secs] 
2021-08-19T05:48:00.215+0800: 47967.813: [GC (Allocation Failure) [PSYoungGen: 85840K->416K(86016K)] 203400K->117976K(280576K), 0.0019593 secs] [Times: user=0.02 sys=0.00, real=0.00 secs] 
2021-08-19T05:48:13.216+0800: 47980.814: [GC (Allocation Failure) [PSYoungGen: 85408K->400K(86016K)] 202968K->117984K(280576K), 0.0017990 secs] [Times: user=0.01 sys=0.00, real=0.00 secs] 
2021-08-19T05:48:26.216+0800: 47993.814: [GC (Allocation Failure) [PSYoungGen: 85392K->496K(86016K)] 202976K->118136K(280576K), 0.0022275 secs] [Times: user=0.02 sys=0.00, real=0.00 secs] 
2021-08-19T05:48:38.227+0800: 48005.825: [GC (Allocation Failure) [PSYoungGen: 85488K->976K(86016K)] 203128K->118616K(280576K), 0.0020955 secs] [Times: user=0.02 sys=0.00, real=0.00 secs] 
2021-08-19T05:48:50.214+0800: 48017.812: [GC (Allocation Failure) [PSYoungGen: 85968K->512K(86016K)] 203608K->118184K(280576K), 0.0020548 secs] [Times: user=0.01 sys=0.00, real=0.00 secs] 
2021-08-19T05:49:03.213+0800: 48030.811: [GC (Allocation Failure) [PSYoungGen: 85504K->656K(86016K)] 203176K->118328K(280576K), 0.0020871 secs] [Times: user=0.01 sys=0.00, real=0.00 secs] 
2021-08-19T05:49:16.216+0800: 48043.813: [GC (Allocation Failure) [PSYoungGen: 85648K->832K(84992K)] 203320K->118504K(279552K), 0.0023399 secs] [Times: user=0.02 sys=0.00, real=0.00 secs] 
2021-08-19T05:49:28.226+0800: 48055.824: [GC (Allocation Failure) [PSYoungGen: 84800K->1312K(85504K)] 202472K->118984K(280064K), 0.0022237 secs] [Times: user=0.02 sys=0.00, real=0.00 secs] 
2021-08-19T05:49:39.714+0800: 48067.311: [GC (Allocation Failure) [PSYoungGen: 85280K->1024K(85504K)] 202952K->118696K(280064K), 0.0020322 secs] [Times: user=0.01 sys=0.00, real=0.00 secs] 
2021-08-19T05:49:52.219+0800: 48079.816: [GC (Allocation Failure) [PSYoungGen: 84992K->1072K(85504K)] 202664K->118744K(280064K), 0.0019258 secs] [Times: user=0.02 sys=0.00, real=0.01 secs] 
2021-08-19T05:50:05.215+0800: 48092.813: [GC (Allocation Failure) [PSYoungGen: 85040K->1072K(85504K)] 202712K->118744K(280064K), 0.0023211 secs] [Times: user=0.01 sys=0.00, real=0.00 secs] 
2021-08-19T05:50:18.215+0800: 48105.813: [GC (Allocation Failure) [PSYoungGen: 85040K->1152K(85504K)] 202712K->118824K(280064K), 0.0022124 secs] [Times: user=0.01 sys=0.00, real=0.00 secs] 
2021-08-19T05:50:29.214+0800: 48116.811: [GC (Allocation Failure) [PSYoungGen: 85120K->1072K(84480K)] 202792K->118744K(279040K), 0.0020408 secs] [Times: user=0.02 sys=0.00, real=0.00 secs] 
2021-08-19T05:50:41.711+0800: 48129.309: [GC (Allocation Failure) [PSYoungGen: 84016K->992K(84992K)] 201688K->118800K(279552K), 0.0019526 secs] [Times: user=0.02 sys=0.00, real=0.00 secs] 
2021-08-19T05:50:54.216+0800: 48141.813: [GC (Allocation Failure) [PSYoungGen: 83936K->1008K(84992K)] 201744K->118816K(279552K), 0.0023892 secs] [Times: user=0.02 sys=0.00, real=0.00 secs] 
2021-08-19T05:51:07.213+0800: 48154.811: [GC (Allocation Failure) [PSYoungGen: 83952K->992K(84992K)] 201760K->118800K(279552K), 0.0023127 secs] [Times: user=0.01 sys=0.01, real=0.00 secs] 
2021-08-19T05:51:18.232+0800: 48165.829: [GC (Allocation Failure) [PSYoungGen: 83936K->1504K(84480K)] 201744K->119552K(279040K), 0.0023697 secs] [Times: user=0.02 sys=0.00, real=0.00 secs] 
2021-08-19T05:51:30.218+0800: 48177.816: [GC (Allocation Failure) [PSYoungGen: 84448K->736K(84992K)] 202496K->119016K(279552K), 0.0018455 secs] [Times: user=0.01 sys=0.00, real=0.00 secs] 
2021-08-19T05:51:43.211+0800: 48190.809: [GC (Allocation Failure) [PSYoungGen: 83680K->768K(84992K)] 201960K->119048K(279552K), 0.0019625 secs] [Times: user=0.01 sys=0.00, real=0.00 secs] 
2021-08-19T05:51:55.712+0800: 48203.310: [GC (Allocation Failure) [PSYoungGen: 83712K->768K(84992K)] 201992K->119056K(279552K), 0.0019746 secs] [Times: user=0.02 sys=0.00, real=0.00 secs] 
2021-08-19T05:52:08.216+0800: 48215.814: [GC (Allocation Failure) [PSYoungGen: 83712K->608K(84992K)] 202000K->119048K(279552K), 0.0021183 secs] [Times: user=0.01 sys=0.00, real=0.00 secs] 
2021-08-19T05:52:19.211+0800: 48226.809: [GC (Allocation Failure) [PSYoungGen: 83552K->560K(84992K)] 201992K->119216K(279552K), 0.0022064 secs] [Times: user=0.02 sys=0.00, real=0.00 secs] 
2021-08-19T05:52:31.940+0800: 48239.538: [GC (Allocation Failure) [PSYoungGen: 83504K->400K(84992K)] 202160K->119192K(279552K), 0.0022445 secs] [Times: user=0.02 sys=0.00, real=0.01 secs] 
2021-08-19T05:52:44.214+0800: 48251.812: [GC (Allocation Failure) [PSYoungGen: 83344K->432K(84992K)] 202136K->119368K(279552K), 0.0019741 secs] [Times: user=0.01 sys=0.00, real=0.00 secs] 
2021-08-19T05:52:57.212+0800: 48264.810: [GC (Allocation Failure) [PSYoungGen: 83376K->416K(84992K)] 202312K->119488K(279552K), 0.0020428 secs] [Times: user=0.02 sys=0.00, real=0.00 secs] 
2021-08-19T05:53:08.233+0800: 48275.830: [GC (Allocation Failure) [PSYoungGen: 83360K->1152K(84992K)] 202432K->120224K(279552K), 0.0022611 secs] [Times: user=0.01 sys=0.00, real=0.00 secs] 
2021-08-19T05:53:20.215+0800: 48287.812: [GC (Allocation Failure) [PSYoungGen: 84096K->416K(84992K)] 203168K->119488K(279552K), 0.0023077 secs] [Times: user=0.01 sys=0.00, real=0.00 secs] 
2021-08-19T05:53:33.213+0800: 48300.811: [GC (Allocation Failure) [PSYoungGen: 83360K->416K(84992K)] 202432K->119488K(279552K), 0.0023944 secs] [Times: user=0.01 sys=0.00, real=0.00 secs] 
2021-08-19T05:53:45.712+0800: 48313.309: [GC (Allocation Failure) [PSYoungGen: 83360K->384K(84992K)] 202432K->119456K(279552K), 0.0019617 secs] [Times: user=0.01 sys=0.01, real=0.00 secs] 
2021-08-19T05:53:58.214+0800: 48325.811: [GC (Allocation Failure) [PSYoungGen: 83328K->416K(84992K)] 202400K->119496K(279552K), 0.0020103 secs] [Times: user=0.01 sys=0.00, real=0.00 secs] 
2021-08-19T05:54:09.211+0800: 48336.809: [GC (Allocation Failure) [PSYoungGen: 83360K->416K(85504K)] 202440K->119496K(280064K), 0.0019400 secs] [Times: user=0.01 sys=0.00, real=0.00 secs] 
2021-08-19T05:54:22.211+0800: 48349.809: [GC (Allocation Failure) [PSYoungGen: 84384K->384K(85504K)] 203464K->119504K(280064K), 0.0019949 secs] [Times: user=0.01 sys=0.00, real=0.00 secs] 
2021-08-19T05:54:35.210+0800: 48362.808: [GC (Allocation Failure) [PSYoungGen: 84352K->384K(85504K)] 203472K->119504K(280064K), 0.0021656 secs] [Times: user=0.02 sys=0.00, real=0.01 secs] 
2021-08-19T05:54:47.710+0800: 48375.307: [GC (Allocation Failure) [PSYoungGen: 84352K->384K(85504K)] 203472K->119552K(280064K), 0.0020251 secs] [Times: user=0.02 sys=0.00, real=0.01 secs] 
2021-08-19T05:54:58.235+0800: 48385.833: [GC (Allocation Failure) [PSYoungGen: 84352K->928K(85504K)] 203520K->120096K(280064K), 0.0021862 secs] [Times: user=0.02 sys=0.00, real=0.00 secs] 
2021-08-19T05:55:11.213+0800: 48398.810: [GC (Allocation Failure) [PSYoungGen: 84896K->320K(85504K)] 204064K->119488K(280064K), 0.0019209 secs] [Times: user=0.01 sys=0.00, real=0.00 secs] 
2021-08-19T05:55:24.212+0800: 48411.810: [GC (Allocation Failure) [PSYoungGen: 84288K->416K(85504K)] 203456K->119584K(280064K), 0.0019669 secs] [Times: user=0.01 sys=0.00, real=0.00 secs] 
2021-08-19T05:55:37.211+0800: 48424.808: [GC (Allocation Failure) [PSYoungGen: 84384K->416K(85504K)] 203552K->119584K(280064K), 0.0023330 secs] [Times: user=0.01 sys=0.00, real=0.00 secs] 
2021-08-19T05:55:48.232+0800: 48435.830: [GC (Allocation Failure) [PSYoungGen: 84384K->1120K(85504K)] 203552K->120296K(280064K), 0.0020873 secs] [Times: user=0.02 sys=0.00, real=0.00 secs] 
2021-08-19T05:56:00.710+0800: 48448.308: [GC (Allocation Failure) [PSYoungGen: 85088K->416K(85504K)] 204264K->119592K(280064K), 0.0021271 secs] [Times: user=0.01 sys=0.00, real=0.01 secs] 
2021-08-19T05:56:13.709+0800: 48461.307: [GC (Allocation Failure) [PSYoungGen: 84384K->416K(85504K)] 203560K->119592K(280064K), 0.0025006 secs] [Times: user=0.01 sys=0.00, real=0.01 secs] 
2021-08-19T05:56:26.214+0800: 48473.812: [GC (Allocation Failure) [PSYoungGen: 84384K->384K(85504K)] 203560K->119560K(280064K), 0.0022296 secs] [Times: user=0.02 sys=0.00, real=0.00 secs] 
2021-08-19T05:56:38.228+0800: 48485.826: [GC (Allocation Failure) [PSYoungGen: 84352K->608K(85504K)] 203528K->119784K(280064K), 0.0020185 secs] [Times: user=0.01 sys=0.00, real=0.01 secs] 
2021-08-19T05:56:49.940+0800: 48497.538: [GC (Allocation Failure) [PSYoungGen: 84576K->416K(85504K)] 203752K->119592K(280064K), 0.0020124 secs] [Times: user=0.02 sys=0.00, real=0.00 secs] 
2021-08-19T05:57:02.713+0800: 48510.311: [GC (Allocation Failure) [PSYoungGen: 84384K->416K(85504K)] 203560K->119592K(280064K), 0.0018926 secs] [Times: user=0.02 sys=0.00, real=0.00 secs] 
2021-08-19T05:57:15.710+0800: 48523.308: [GC (Allocation Failure) [PSYoungGen: 84384K->352K(85504K)] 203560K->119528K(280064K), 0.0026494 secs] [Times: user=0.02 sys=0.00, real=0.00 secs] 
2021-08-19T05:57:28.224+0800: 48535.822: [GC (Allocation Failure) [PSYoungGen: 84320K->384K(85504K)] 203496K->119568K(280064K), 0.0020367 secs] [Times: user=0.01 sys=0.00, real=0.00 secs] 
2021-08-19T05:57:39.211+0800: 48546.809: [GC (Allocation Failure) [PSYoungGen: 84352K->416K(85504K)] 203536K->119600K(280064K), 0.0021523 secs] [Times: user=0.01 sys=0.00, real=0.00 secs] 
2021-08-19T05:57:52.210+0800: 48559.808: [GC (Allocation Failure) [PSYoungGen: 84384K->416K(86016K)] 203568K->119600K(280576K), 0.0018812 secs] [Times: user=0.01 sys=0.00, real=0.01 secs] 
2021-08-19T05:58:05.210+0800: 48572.808: [GC (Allocation Failure) [PSYoungGen: 85408K->384K(86016K)] 204592K->119568K(280576K), 0.0018447 secs] [Times: user=0.02 sys=0.00, real=0.00 secs] 
2021-08-19T05:58:18.218+0800: 48585.816: [GC (Allocation Failure) [PSYoungGen: 85376K->352K(86016K)] 204560K->119536K(280576K), 0.0020443 secs] [Times: user=0.02 sys=0.00, real=0.00 secs] 
2021-08-19T05:58:29.213+0800: 48596.811: [GC (Allocation Failure) [PSYoungGen: 85344K->416K(86016K)] 204528K->119600K(280576K), 0.0018147 secs] [Times: user=0.02 sys=0.00, real=0.00 secs] 
2021-08-19T05:58:42.214+0800: 48609.812: [GC (Allocation Failure) [PSYoungGen: 85408K->416K(86016K)] 204592K->119600K(280576K), 0.0023685 secs] [Times: user=0.02 sys=0.00, real=0.00 secs] 
2021-08-19T05:58:55.210+0800: 48622.808: [GC (Allocation Failure) [PSYoungGen: 85408K->416K(86016K)] 204592K->119600K(280576K), 0.0020177 secs] [Times: user=0.01 sys=0.00, real=0.01 secs] 
2021-08-19T05:59:08.210+0800: 48635.808: [GC (Allocation Failure) [PSYoungGen: 85408K->416K(86016K)] 204592K->119600K(280576K), 0.0025650 secs] [Times: user=0.02 sys=0.00, real=0.01 secs] 
2021-08-19T05:59:19.210+0800: 48646.808: [GC (Allocation Failure) [PSYoungGen: 85408K->384K(86016K)] 204592K->119568K(280576K), 0.0019009 secs] [Times: user=0.01 sys=0.00, real=0.00 secs] 
2021-08-19T05:59:32.212+0800: 48659.809: [GC (Allocation Failure) [PSYoungGen: 85376K->384K(86016K)] 204560K->119568K(280576K), 0.0020481 secs] [Times: user=0.01 sys=0.00, real=0.00 secs] 
2021-08-19T05:59:45.210+0800: 48672.808: [GC (Allocation Failure) [PSYoungGen: 85376K->416K(86016K)] 204560K->119600K(280576K), 0.0021148 secs] [Times: user=0.02 sys=0.00, real=0.01 secs] 
2021-08-19T05:59:58.212+0800: 48685.810: [GC (Allocation Failure) [PSYoungGen: 85408K->320K(86016K)] 204592K->119504K(280576K), 0.0021184 secs] [Times: user=0.02 sys=0.00, real=0.00 secs] 
2021-08-19T06:00:09.210+0800: 48696.808: [GC (Allocation Failure) [PSYoungGen: 85312K->384K(86016K)] 204496K->119568K(280576K), 0.0021301 secs] [Times: user=0.01 sys=0.00, real=0.00 secs] 
2021-08-19T06:00:22.211+0800: 48709.808: [GC (Allocation Failure) [PSYoungGen: 85376K->384K(86016K)] 204560K->119568K(280576K), 0.0019229 secs] [Times: user=0.02 sys=0.00, real=0.00 secs] 
2021-08-19T06:00:35.211+0800: 48722.809: [GC (Allocation Failure) [PSYoungGen: 85376K->416K(86016K)] 204560K->119600K(280576K), 0.0019977 secs] [Times: user=0.02 sys=0.00, real=0.00 secs] 
2021-08-19T06:00:48.210+0800: 48735.808: [GC (Allocation Failure) [PSYoungGen: 85408K->384K(86016K)] 204592K->119568K(280576K), 0.0019546 secs] [Times: user=0.02 sys=0.00, real=0.00 secs] 
2021-08-19T06:00:59.209+0800: 48746.807: [GC (Allocation Failure) [PSYoungGen: 85376K->384K(86016K)] 204560K->119576K(280576K), 0.0019821 secs] [Times: user=0.02 sys=0.00, real=0.01 secs] 
2021-08-19T06:01:12.210+0800: 48759.808: [GC (Allocation Failure) [PSYoungGen: 85376K->416K(86016K)] 204568K->119632K(280576K), 0.0019437 secs] [Times: user=0.01 sys=0.00, real=0.00 secs] 
2021-08-19T06:01:25.210+0800: 48772.807: [GC (Allocation Failure) [PSYoungGen: 85408K->416K(86016K)] 204624K->119632K(280576K), 0.0024715 secs] [Times: user=0.02 sys=0.00, real=0.01 secs] 
2021-08-19T06:01:38.210+0800: 48785.808: [GC (Allocation Failure) [PSYoungGen: 85408K->384K(86016K)] 204624K->119600K(280576K), 0.0023490 secs] [Times: user=0.02 sys=0.00, real=0.01 secs] 
2021-08-19T06:01:49.210+0800: 48796.808: [GC (Allocation Failure) [PSYoungGen: 85376K->416K(86016K)] 204592K->119632K(280576K), 0.0018520 secs] [Times: user=0.01 sys=0.00, real=0.00 secs] 
2021-08-19T06:02:02.220+0800: 48809.818: [GC (Allocation Failure) [PSYoungGen: 85408K->384K(86016K)] 204624K->119600K(280576K), 0.0020331 secs] [Times: user=0.02 sys=0.00, real=0.00 secs] 
2021-08-19T06:02:15.211+0800: 48822.808: [GC (Allocation Failure) [PSYoungGen: 85376K->384K(86016K)] 204592K->119600K(280576K), 0.0022408 secs] [Times: user=0.01 sys=0.00, real=0.00 secs] 
2021-08-19T06:02:28.210+0800: 48835.808: [GC (Allocation Failure) [PSYoungGen: 85376K->416K(86016K)] 204592K->119632K(280576K), 0.0019912 secs] [Times: user=0.01 sys=0.00, real=0.00 secs] 
2021-08-19T06:02:39.211+0800: 48846.809: [GC (Allocation Failure) [PSYoungGen: 85408K->416K(86016K)] 204624K->119632K(280576K), 0.0021864 secs] [Times: user=0.01 sys=0.00, real=0.00 secs] 
2021-08-19T06:02:52.211+0800: 48859.809: [GC (Allocation Failure) [PSYoungGen: 85408K->416K(86528K)] 204624K->119632K(281088K), 0.0022694 secs] [Times: user=0.01 sys=0.00, real=0.00 secs] 
2021-08-19T06:03:05.214+0800: 48872.812: [GC (Allocation Failure) [PSYoungGen: 86432K->320K(86528K)] 205648K->119536K(281088K), 0.0018963 secs] [Times: user=0.01 sys=0.00, real=0.00 secs] 
2021-08-19T06:03:18.225+0800: 48885.823: [GC (Allocation Failure) [PSYoungGen: 86336K->416K(86528K)] 205552K->119632K(281088K), 0.0020115 secs] [Times: user=0.02 sys=0.00, real=0.00 secs] 
2021-08-19T06:03:30.208+0800: 48897.806: [GC (Allocation Failure) [PSYoungGen: 86432K->352K(86528K)] 205648K->119592K(281088K), 0.0023951 secs] [Times: user=0.02 sys=0.00, real=0.01 secs] 
2021-08-19T06:03:43.209+0800: 48910.807: [GC (Allocation Failure) [PSYoungGen: 86368K->416K(86528K)] 205608K->119656K(281088K), 0.0024242 secs] [Times: user=0.02 sys=0.00, real=0.01 secs] 
2021-08-19T06:03:56.212+0800: 48923.809: [GC (Allocation Failure) [PSYoungGen: 86432K->384K(86528K)] 205672K->119624K(281088K), 0.0024894 secs] [Times: user=0.02 sys=0.00, real=0.00 secs] 
2021-08-19T06:04:08.231+0800: 48935.829: [GC (Allocation Failure) [PSYoungGen: 86400K->512K(85504K)] 205640K->119968K(280064K), 0.0020272 secs] [Times: user=0.02 sys=0.00, real=0.00 secs] 
2021-08-19T06:04:20.212+0800: 48947.810: [GC (Allocation Failure) [PSYoungGen: 85504K->384K(86016K)] 204960K->119840K(280576K), 0.0018947 secs] [Times: user=0.01 sys=0.00, real=0.00 secs] 
2021-08-19T06:04:33.212+0800: 48960.810: [GC (Allocation Failure) [PSYoungGen: 85376K->416K(86016K)] 204832K->119872K(280576K), 0.0019271 secs] [Times: user=0.01 sys=0.00, real=0.00 secs] 
2021-08-19T06:04:46.211+0800: 48973.809: [GC (Allocation Failure) [PSYoungGen: 85408K->384K(86016K)] 204864K->119840K(280576K), 0.0019048 secs] [Times: user=0.01 sys=0.00, real=0.00 secs] 
2021-08-19T06:04:58.232+0800: 48985.830: [GC (Allocation Failure) [PSYoungGen: 85376K->768K(86016K)] 204832K->120224K(280576K), 0.0022900 secs] [Times: user=0.02 sys=0.00, real=0.00 secs] 
2021-08-19T06:05:10.212+0800: 48997.810: [GC (Allocation Failure) [PSYoungGen: 85760K->416K(86016K)] 205216K->119872K(280576K), 0.0018458 secs] [Times: user=0.02 sys=0.00, real=0.00 secs] 
2021-08-19T06:05:23.213+0800: 49010.810: [GC (Allocation Failure) [PSYoungGen: 85408K->416K(86016K)] 204864K->119872K(280576K), 0.0019007 secs] [Times: user=0.02 sys=0.00, real=0.00 secs] 
2021-08-19T06:05:36.708+0800: 49024.306: [GC (Allocation Failure) [PSYoungGen: 85408K->384K(86016K)] 204864K->119840K(280576K), 0.0024129 secs] [Times: user=0.02 sys=0.00, real=0.01 secs] 
2021-08-19T06:05:48.232+0800: 49035.829: [GC (Allocation Failure) [PSYoungGen: 85376K->576K(86016K)] 204832K->120032K(280576K), 0.0025250 secs] [Times: user=0.02 sys=0.00, real=0.00 secs] 
2021-08-19T06:06:00.211+0800: 49047.809: [GC (Allocation Failure) [PSYoungGen: 85568K->416K(86016K)] 205024K->119872K(280576K), 0.0020972 secs] [Times: user=0.02 sys=0.00, real=0.00 secs] 
2021-08-19T06:06:13.643+0800: 49061.241: [GC (Allocation Failure) [PSYoungGen: 85408K->384K(86016K)] 204864K->119840K(280576K), 0.0019435 secs] [Times: user=0.02 sys=0.00, real=0.00 secs] 
2021-08-19T06:06:26.711+0800: 49074.309: [GC (Allocation Failure) [PSYoungGen: 85376K->384K(86016K)] 204832K->119840K(280576K), 0.0021677 secs] [Times: user=0.01 sys=0.00, real=0.00 secs] 
2021-08-19T06:06:38.233+0800: 49085.831: [GC (Allocation Failure) [PSYoungGen: 85376K->448K(86016K)] 204832K->119904K(280576K), 0.0022940 secs] [Times: user=0.01 sys=0.00, real=0.00 secs] 
2021-08-19T06:06:50.213+0800: 49097.810: [GC (Allocation Failure) [PSYoungGen: 85440K->384K(86016K)] 204896K->119896K(280576K), 0.0021652 secs] [Times: user=0.02 sys=0.00, real=0.00 secs] 
2021-08-19T06:07:03.708+0800: 49111.306: [GC (Allocation Failure) [PSYoungGen: 85376K->416K(86016K)] 204888K->119928K(280576K), 0.0020386 secs] [Times: user=0.02 sys=0.00, real=0.01 secs] 
2021-08-19T06:07:16.950+0800: 49124.548: [GC (Allocation Failure) [PSYoungGen: 85408K->384K(86016K)] 204920K->119920K(280576K), 0.0022803 secs] [Times: user=0.01 sys=0.00, real=0.01 secs] 
2021-08-19T06:07:28.236+0800: 49135.834: [GC (Allocation Failure) [PSYoungGen: 85376K->1024K(86016K)] 204912K->120592K(280576K), 0.0020235 secs] [Times: user=0.02 sys=0.00, real=0.00 secs] 
2021-08-19T06:07:40.707+0800: 49148.305: [GC (Allocation Failure) [PSYoungGen: 86016K->352K(86016K)] 205584K->119920K(280576K), 0.0023898 secs] [Times: user=0.02 sys=0.00, real=0.00 secs] 
2021-08-19T06:07:53.709+0800: 49161.307: [GC (Allocation Failure) [PSYoungGen: 85344K->352K(86016K)] 204912K->119920K(280576K), 0.0019804 secs] [Times: user=0.02 sys=0.00, real=0.01 secs] 
2021-08-19T06:08:07.209+0800: 49174.807: [GC (Allocation Failure) [PSYoungGen: 85344K->384K(86016K)] 204912K->119952K(280576K), 0.0019810 secs] [Times: user=0.02 sys=0.00, real=0.01 secs] 
2021-08-19T06:08:18.236+0800: 49185.834: [GC (Allocation Failure) [PSYoungGen: 85376K->1024K(86016K)] 204944K->120664K(280576K), 0.0021921 secs] [Times: user=0.02 sys=0.00, real=0.00 secs] 
2021-08-19T06:08:31.211+0800: 49198.808: [GC (Allocation Failure) [PSYoungGen: 86016K->416K(86016K)] 205656K->120064K(280576K), 0.0020300 secs] [Times: user=0.01 sys=0.00, real=0.00 secs] 
2021-08-19T06:08:44.209+0800: 49211.807: [GC (Allocation Failure) [PSYoungGen: 85408K->384K(86016K)] 205056K->120032K(280576K), 0.0022987 secs] [Times: user=0.01 sys=0.00, real=0.01 secs] 
2021-08-19T06:08:57.210+0800: 49224.808: [GC (Allocation Failure) [PSYoungGen: 85376K->384K(86016K)] 205024K->120040K(280576K), 0.0019895 secs] [Times: user=0.01 sys=0.00, real=0.01 secs] 
2021-08-19T06:09:08.236+0800: 49235.834: [GC (Allocation Failure) [PSYoungGen: 85376K->1024K(84992K)] 205032K->120768K(279552K), 0.0021935 secs] [Times: user=0.01 sys=0.00, real=0.00 secs] 
2021-08-19T06:09:21.208+0800: 49248.806: [GC (Allocation Failure) [PSYoungGen: 84992K->352K(85504K)] 204736K->120096K(280064K), 0.0023104 secs] [Times: user=0.02 sys=0.00, real=0.01 secs] 
2021-08-19T06:09:33.954+0800: 49261.552: [GC (Allocation Failure) [PSYoungGen: 84320K->416K(85504K)] 204064K->120160K(280064K), 0.0022340 secs] [Times: user=0.01 sys=0.00, real=0.00 secs] 
2021-08-19T06:09:46.214+0800: 49273.811: [GC (Allocation Failure) [PSYoungGen: 84384K->384K(85504K)] 204128K->120136K(280064K), 0.0019446 secs] [Times: user=0.01 sys=0.00, real=0.00 secs] 
2021-08-19T06:09:58.232+0800: 49285.830: [GC (Allocation Failure) [PSYoungGen: 84352K->832K(84992K)] 204104K->120584K(279552K), 0.0021231 secs] [Times: user=0.02 sys=0.00, real=0.00 secs] 
2021-08-19T06:10:10.216+0800: 49297.814: [GC (Allocation Failure) [PSYoungGen: 84800K->416K(85504K)] 204552K->120168K(280064K), 0.0019824 secs] [Times: user=0.01 sys=0.00, real=0.00 secs] 
2021-08-19T06:10:23.213+0800: 49310.811: [GC (Allocation Failure) [PSYoungGen: 84384K->416K(86016K)] 204136K->120168K(280576K), 0.0021059 secs] [Times: user=0.02 sys=0.00, real=0.00 secs] 
2021-08-19T06:10:36.217+0800: 49323.815: [GC (Allocation Failure) [PSYoungGen: 84896K->384K(85504K)] 204648K->120176K(280064K), 0.0020296 secs] [Times: user=0.01 sys=0.00, real=0.00 secs] 
2021-08-19T06:10:48.230+0800: 49335.828: [GC (Allocation Failure) [PSYoungGen: 84864K->544K(86016K)] 204656K->120336K(280576K), 0.0018936 secs] [Times: user=0.02 sys=0.00, real=0.01 secs] 
2021-08-19T06:11:00.026+0800: 49347.624: [GC (Allocation Failure) [PSYoungGen: 85536K->384K(86016K)] 205328K->120176K(280576K), 0.0019564 secs] [Times: user=0.02 sys=0.00, real=0.00 secs] 
2021-08-19T06:11:13.214+0800: 49360.812: [GC (Allocation Failure) [PSYoungGen: 85376K->416K(86016K)] 205168K->120216K(280576K), 0.0027539 secs] [Times: user=0.02 sys=0.00, real=0.00 secs] 
2021-08-19T06:11:26.215+0800: 49373.813: [GC (Allocation Failure) [PSYoungGen: 85408K->352K(86016K)] 205208K->120168K(280576K), 0.0020171 secs] [Times: user=0.01 sys=0.00, real=0.00 secs] 
2021-08-19T06:11:38.231+0800: 49385.828: [GC (Allocation Failure) [PSYoungGen: 85344K->576K(86016K)] 205160K->120400K(280576K), 0.0023598 secs] [Times: user=0.01 sys=0.00, real=0.00 secs] 
2021-08-19T06:11:50.156+0800: 49397.754: [GC (Allocation Failure) [PSYoungGen: 85568K->384K(86016K)] 205392K->120208K(280576K), 0.0019037 secs] [Times: user=0.02 sys=0.00, real=0.00 secs] 
2021-08-19T06:12:03.216+0800: 49410.814: [GC (Allocation Failure) [PSYoungGen: 85376K->416K(86016K)] 205200K->120240K(280576K), 0.0020667 secs] [Times: user=0.01 sys=0.00, real=0.00 secs] 
2021-08-19T06:12:16.217+0800: 49423.815: [GC (Allocation Failure) [PSYoungGen: 85408K->384K(86016K)] 205232K->120224K(280576K), 0.0019410 secs] [Times: user=0.01 sys=0.00, real=0.00 secs] 
2021-08-19T06:12:28.232+0800: 49435.830: [GC (Allocation Failure) [PSYoungGen: 85376K->736K(86016K)] 205216K->120576K(280576K), 0.0021764 secs] [Times: user=0.01 sys=0.00, real=0.00 secs] 
2021-08-19T06:12:40.216+0800: 49447.814: [GC (Allocation Failure) [PSYoungGen: 85728K->384K(86016K)] 205568K->120232K(280576K), 0.0023450 secs] [Times: user=0.02 sys=0.00, real=0.00 secs] 
2021-08-19T06:12:53.217+0800: 49460.815: [GC (Allocation Failure) [PSYoungGen: 85376K->384K(86016K)] 205224K->120232K(280576K), 0.0020975 secs] [Times: user=0.01 sys=0.00, real=0.00 secs] 
2021-08-19T06:13:06.218+0800: 49473.816: [GC (Allocation Failure) [PSYoungGen: 85376K->416K(86016K)] 205224K->120264K(280576K), 0.0021190 secs] [Times: user=0.02 sys=0.00, real=0.01 secs] 
2021-08-19T06:13:18.233+0800: 49485.831: [GC (Allocation Failure) [PSYoungGen: 85408K->704K(86016K)] 205256K->120552K(280576K), 0.0021786 secs] [Times: user=0.01 sys=0.00, real=0.00 secs] 
2021-08-19T06:13:30.219+0800: 49497.817: [GC (Allocation Failure) [PSYoungGen: 85696K->352K(86016K)] 205544K->120200K(280576K), 0.0019826 secs] [Times: user=0.02 sys=0.00, real=0.01 secs] 
2021-08-19T06:13:43.220+0800: 49510.818: [GC (Allocation Failure) [PSYoungGen: 85344K->416K(86016K)] 205192K->120264K(280576K), 0.0020206 secs] [Times: user=0.01 sys=0.00, real=0.00 secs] 
2021-08-19T06:13:56.220+0800: 49523.818: [GC (Allocation Failure) [PSYoungGen: 85408K->384K(86016K)] 205256K->120232K(280576K), 0.0018850 secs] [Times: user=0.02 sys=0.00, real=0.00 secs] 
2021-08-19T06:14:08.235+0800: 49535.832: [GC (Allocation Failure) [PSYoungGen: 85376K->704K(86016K)] 205224K->120552K(280576K), 0.0022096 secs] [Times: user=0.01 sys=0.00, real=0.00 secs] 
2021-08-19T06:14:20.222+0800: 49547.820: [GC (Allocation Failure) [PSYoungGen: 85696K->416K(86016K)] 205544K->120264K(280576K), 0.0019715 secs] [Times: user=0.01 sys=0.00, real=0.00 secs] 
2021-08-19T06:14:33.223+0800: 49560.820: [GC (Allocation Failure) [PSYoungGen: 85408K->384K(86016K)] 205256K->120232K(280576K), 0.0022486 secs] [Times: user=0.02 sys=0.00, real=0.00 secs] 
2021-08-19T06:14:46.225+0800: 49573.823: [GC (Allocation Failure) [PSYoungGen: 85376K->320K(86016K)] 205224K->120168K(280576K), 0.0020464 secs] [Times: user=0.01 sys=0.00, real=0.00 secs] 
2021-08-19T06:14:58.235+0800: 49585.833: [GC (Allocation Failure) [PSYoungGen: 85312K->704K(86016K)] 205160K->120552K(280576K), 0.0025275 secs] [Times: user=0.02 sys=0.00, real=0.00 secs] 
2021-08-19T06:15:10.227+0800: 49597.824: [GC (Allocation Failure) [PSYoungGen: 85696K->384K(86016K)] 205544K->120232K(280576K), 0.0019511 secs] [Times: user=0.01 sys=0.00, real=0.00 secs] 
2021-08-19T06:15:23.228+0800: 49610.826: [GC (Allocation Failure) [PSYoungGen: 85376K->416K(86016K)] 205224K->120264K(280576K), 0.0019216 secs] [Times: user=0.01 sys=0.00, real=0.01 secs] 
2021-08-19T06:15:36.229+0800: 49623.827: [GC (Allocation Failure) [PSYoungGen: 85408K->416K(86016K)] 205256K->120264K(280576K), 0.0018419 secs] [Times: user=0.01 sys=0.00, real=0.01 secs] 
2021-08-19T06:15:48.234+0800: 49635.831: [GC (Allocation Failure) [PSYoungGen: 85408K->800K(86016K)] 205256K->120648K(280576K), 0.0023493 secs] [Times: user=0.02 sys=0.00, real=0.00 secs] 
2021-08-19T06:16:00.226+0800: 49647.824: [GC (Allocation Failure) [PSYoungGen: 85792K->416K(86016K)] 205640K->120264K(280576K), 0.0021621 secs] [Times: user=0.01 sys=0.00, real=0.00 secs] 
2021-08-19T06:16:13.225+0800: 49660.823: [GC (Allocation Failure) [PSYoungGen: 85408K->416K(86016K)] 205256K->120264K(280576K), 0.0020174 secs] [Times: user=0.02 sys=0.00, real=0.00 secs] 
2021-08-19T06:16:26.227+0800: 49673.825: [GC (Allocation Failure) [PSYoungGen: 85408K->416K(86016K)] 205256K->120264K(280576K), 0.0021048 secs] [Times: user=0.02 sys=0.00, real=0.00 secs] 
2021-08-19T06:16:38.234+0800: 49685.832: [GC (Allocation Failure) [PSYoungGen: 85408K->704K(86016K)] 205256K->120552K(280576K), 0.0019278 secs] [Times: user=0.02 sys=0.00, real=0.00 secs] 
2021-08-19T06:16:50.226+0800: 49697.824: [GC (Allocation Failure) [PSYoungGen: 85696K->416K(86016K)] 205544K->120264K(280576K), 0.0022883 secs] [Times: user=0.01 sys=0.00, real=0.00 secs] 
2021-08-19T06:17:03.231+0800: 49710.828: [GC (Allocation Failure) [PSYoungGen: 85408K->432K(86016K)] 205256K->120280K(280576K), 0.0019929 secs] [Times: user=0.01 sys=0.00, real=0.00 secs] 
2021-08-19T06:17:16.228+0800: 49723.826: [GC (Allocation Failure) [PSYoungGen: 85424K->416K(86016K)] 205272K->120264K(280576K), 0.0021594 secs] [Times: user=0.01 sys=0.00, real=0.01 secs] 
2021-08-19T06:17:28.237+0800: 49735.835: [GC (Allocation Failure) [PSYoungGen: 85408K->1008K(86016K)] 205256K->120888K(280576K), 0.0021126 secs] [Times: user=0.02 sys=0.00, real=0.00 secs] 
2021-08-19T06:17:40.227+0800: 49747.825: [GC (Allocation Failure) [PSYoungGen: 86000K->448K(86016K)] 205880K->120328K(280576K), 0.0021966 secs] [Times: user=0.02 sys=0.00, real=0.00 secs] 
2021-08-19T06:17:53.228+0800: 49760.826: [GC (Allocation Failure) [PSYoungGen: 85440K->496K(86016K)] 205320K->120376K(280576K), 0.0020733 secs] [Times: user=0.01 sys=0.00, real=0.01 secs] 
2021-08-19T06:18:06.230+0800: 49773.827: [GC (Allocation Failure) [PSYoungGen: 85488K->480K(86016K)] 205368K->120360K(280576K), 0.0018707 secs] [Times: user=0.02 sys=0.00, real=0.01 secs] 
2021-08-19T06:18:18.238+0800: 49785.836: [GC (Allocation Failure) [PSYoungGen: 85472K->1008K(84992K)] 205352K->120984K(279552K), 0.0021419 secs] [Times: user=0.02 sys=0.00, real=0.01 secs] 
2021-08-19T06:18:30.229+0800: 49797.827: [GC (Allocation Failure) [PSYoungGen: 84976K->544K(85504K)] 204952K->120528K(280064K), 0.0019482 secs] [Times: user=0.02 sys=0.00, real=0.01 secs] 
2021-08-19T06:18:43.226+0800: 49810.824: [GC (Allocation Failure) [PSYoungGen: 84512K->816K(84992K)] 204496K->120800K(279552K), 0.0022935 secs] [Times: user=0.02 sys=0.00, real=0.00 secs] 
2021-08-19T06:18:56.225+0800: 49823.823: [GC (Allocation Failure) [PSYoungGen: 84784K->752K(85504K)] 204768K->120736K(280064K), 0.0025735 secs] [Times: user=0.02 sys=0.00, real=0.00 secs] 
2021-08-19T06:19:08.232+0800: 49835.830: [GC (Allocation Failure) [PSYoungGen: 84720K->928K(85504K)] 204704K->120912K(280064K), 0.0019329 secs] [Times: user=0.01 sys=0.00, real=0.00 secs] 
2021-08-19T06:19:19.231+0800: 49846.829: [GC (Allocation Failure) [PSYoungGen: 84896K->1008K(85504K)] 204880K->121000K(280064K), 0.0020326 secs] [Times: user=0.01 sys=0.00, real=0.00 secs] 
2021-08-19T06:19:32.233+0800: 49859.831: [GC (Allocation Failure) [PSYoungGen: 84976K->992K(85504K)] 204968K->120984K(280064K), 0.0023190 secs] [Times: user=0.02 sys=0.00, real=0.00 secs] 
2021-08-19T06:19:45.228+0800: 49872.826: [GC (Allocation Failure) [PSYoungGen: 84960K->1120K(85504K)] 204952K->121112K(280064K), 0.0025027 secs] [Times: user=0.02 sys=0.00, real=0.01 secs] 
2021-08-19T06:19:58.227+0800: 49885.825: [GC (Allocation Failure) [PSYoungGen: 85088K->960K(85504K)] 205080K->121105K(280064K), 0.0022833 secs] [Times: user=0.02 sys=0.00, real=0.00 secs] 
2021-08-19T06:20:08.729+0800: 49896.327: [GC (Allocation Failure) [PSYoungGen: 84928K->960K(85504K)] 205073K->121105K(280064K), 0.0021045 secs] [Times: user=0.01 sys=0.00, real=0.01 secs] 
2021-08-19T06:20:21.727+0800: 49909.325: [GC (Allocation Failure) [PSYoungGen: 84928K->928K(85504K)] 205073K->121073K(280064K), 0.0019848 secs] [Times: user=0.02 sys=0.00, real=0.00 secs] 
2021-08-19T06:20:34.232+0800: 49921.830: [GC (Allocation Failure) [PSYoungGen: 84896K->976K(85504K)] 205041K->121153K(280064K), 0.0021798 secs] [Times: user=0.01 sys=0.00, real=0.00 secs] 
2021-08-19T06:20:47.230+0800: 49934.827: [GC (Allocation Failure) [PSYoungGen: 84944K->944K(85504K)] 205121K->121249K(280064K), 0.0020870 secs] [Times: user=0.02 sys=0.00, real=0.01 secs] 
2021-08-19T06:20:58.243+0800: 49945.841: [GC (Allocation Failure) [PSYoungGen: 84912K->1504K(85504K)] 205217K->122049K(280064K), 0.0021361 secs] [Times: user=0.02 sys=0.00, real=0.00 secs] 
2021-08-19T06:21:11.230+0800: 49958.828: [GC (Allocation Failure) [PSYoungGen: 85472K->768K(84480K)] 206017K->121537K(279040K), 0.0022060 secs] [Times: user=0.02 sys=0.00, real=0.01 secs] 
2021-08-19T06:21:23.728+0800: 49971.326: [GC (Allocation Failure) [PSYoungGen: 83712K->752K(84992K)] 204481K->121521K(279552K), 0.0020358 secs] [Times: user=0.02 sys=0.00, real=0.01 secs] 
2021-08-19T06:21:36.233+0800: 49983.831: [GC (Allocation Failure) [PSYoungGen: 83696K->864K(85504K)] 204465K->121649K(280064K), 0.0019644 secs] [Times: user=0.01 sys=0.00, real=0.00 secs] 
2021-08-19T06:21:48.237+0800: 49995.835: [GC (Allocation Failure) [PSYoungGen: 84320K->864K(84992K)] 205105K->121865K(279552K), 0.0024192 secs] [Times: user=0.02 sys=0.00, real=0.00 secs] 
2021-08-19T06:21:59.732+0800: 50007.330: [GC (Allocation Failure) [PSYoungGen: 84320K->640K(85504K)] 205321K->121657K(280064K), 0.0021366 secs] [Times: user=0.01 sys=0.00, real=0.00 secs] 
2021-08-19T06:22:12.729+0800: 50020.326: [GC (Allocation Failure) [PSYoungGen: 84608K->528K(85504K)] 205625K->121681K(280064K), 0.0020867 secs] [Times: user=0.02 sys=0.00, real=0.01 secs] 
2021-08-19T06:22:25.234+0800: 50032.832: [GC (Allocation Failure) [PSYoungGen: 84496K->432K(85504K)] 205649K->121801K(280064K), 0.0020290 secs] [Times: user=0.02 sys=0.00, real=0.00 secs] 
2021-08-19T06:22:38.235+0800: 50045.832: [GC (Allocation Failure) [PSYoungGen: 84400K->352K(85504K)] 205769K->121745K(280064K), 0.0019711 secs] [Times: user=0.01 sys=0.00, real=0.00 secs] 
2021-08-19T06:22:49.230+0800: 50056.828: [GC (Allocation Failure) [PSYoungGen: 84320K->384K(85504K)] 205713K->121897K(280064K), 0.0019996 secs] [Times: user=0.02 sys=0.00, real=0.01 secs] 
2021-08-19T06:23:01.944+0800: 50069.541: [GC (Allocation Failure) [PSYoungGen: 84352K->352K(85504K)] 205865K->121865K(280064K), 0.0021080 secs] [Times: user=0.02 sys=0.00, real=0.00 secs] 
2021-08-19T06:23:14.944+0800: 50082.542: [GC (Allocation Failure) [PSYoungGen: 84320K->416K(85504K)] 205833K->121929K(280064K), 0.0020397 secs] [Times: user=0.02 sys=0.00, real=0.00 secs] 
2021-08-19T06:23:27.732+0800: 50095.330: [GC (Allocation Failure) [PSYoungGen: 84384K->416K(85504K)] 205897K->121937K(280064K), 0.0020550 secs] [Times: user=0.01 sys=0.00, real=0.00 secs] 
2021-08-19T06:23:38.247+0800: 50105.844: [GC (Allocation Failure) [PSYoungGen: 84384K->1312K(84480K)] 205905K->122833K(279040K), 0.0026752 secs] [Times: user=0.02 sys=0.00, real=0.00 secs] 
2021-08-19T06:23:51.234+0800: 50118.832: [GC (Allocation Failure) [PSYoungGen: 84256K->416K(84992K)] 205777K->121937K(279552K), 0.0019645 secs] [Times: user=0.01 sys=0.00, real=0.00 secs] 
2021-08-19T06:24:03.731+0800: 50131.328: [GC (Allocation Failure) [PSYoungGen: 83360K->384K(85504K)] 204881K->121953K(280064K), 0.0020745 secs] [Times: user=0.02 sys=0.00, real=0.00 secs] 
2021-08-19T06:24:16.732+0800: 50144.330: [GC (Allocation Failure) [PSYoungGen: 84352K->352K(85504K)] 205921K->121921K(280064K), 0.0022768 secs] [Times: user=0.01 sys=0.00, real=0.00 secs] 
2021-08-19T06:24:28.242+0800: 50155.840: [GC (Allocation Failure) [PSYoungGen: 84320K->576K(85504K)] 205889K->122145K(280064K), 0.0020903 secs] [Times: user=0.01 sys=0.00, real=0.00 secs] 
2021-08-19T06:24:40.234+0800: 50167.831: [GC (Allocation Failure) [PSYoungGen: 84544K->416K(85504K)] 206113K->121985K(280064K), 0.0019338 secs] [Times: user=0.01 sys=0.00, real=0.00 secs] 
2021-08-19T06:24:53.233+0800: 50180.830: [GC (Allocation Failure) [PSYoungGen: 84384K->416K(85504K)] 205953K->121985K(280064K), 0.0026963 secs] [Times: user=0.02 sys=0.00, real=0.00 secs] 
2021-08-19T06:25:06.222+0800: 50193.820: [GC (Allocation Failure) [PSYoungGen: 84384K->384K(85504K)] 205953K->121969K(280064K), 0.0018679 secs] [Times: user=0.02 sys=0.00, real=0.00 secs] 
2021-08-19T06:25:18.237+0800: 50205.835: [GC (Allocation Failure) [PSYoungGen: 84352K->416K(85504K)] 205937K->122001K(280064K), 0.0023553 secs] [Times: user=0.02 sys=0.00, real=0.00 secs] 
2021-08-19T06:25:29.566+0800: 50217.164: [GC (Allocation Failure) [PSYoungGen: 84384K->352K(85504K)] 205969K->121937K(280064K), 0.0020871 secs] [Times: user=0.02 sys=0.00, real=0.00 secs] 
2021-08-19T06:25:42.235+0800: 50229.832: [GC (Allocation Failure) [PSYoungGen: 84320K->384K(85504K)] 205905K->121969K(280064K), 0.0020018 secs] [Times: user=0.01 sys=0.00, real=0.00 secs] 
2021-08-19T06:25:55.234+0800: 50242.831: [GC (Allocation Failure) [PSYoungGen: 84352K->416K(85504K)] 205937K->122001K(280064K), 0.0019283 secs] [Times: user=0.01 sys=0.00, real=0.00 secs] 
2021-08-19T06:26:08.234+0800: 50255.831: [GC (Allocation Failure) [PSYoungGen: 84384K->416K(85504K)] 205969K->122001K(280064K), 0.0018724 secs] [Times: user=0.01 sys=0.00, real=0.00 secs] 
2021-08-19T06:26:19.233+0800: 50266.830: [GC (Allocation Failure) [PSYoungGen: 84384K->416K(85504K)] 205969K->122001K(280064K), 0.0021462 secs] [Times: user=0.01 sys=0.00, real=0.00 secs] 
2021-08-19T06:26:31.939+0800: 50279.537: [GC (Allocation Failure) [PSYoungGen: 84384K->384K(86016K)] 205969K->121969K(280576K), 0.0020791 secs] [Times: user=0.01 sys=0.00, real=0.01 secs] 
2021-08-19T06:26:44.940+0800: 50292.538: [GC (Allocation Failure) [PSYoungGen: 85376K->416K(86016K)] 206961K->122001K(280576K), 0.0020078 secs] [Times: user=0.02 sys=0.00, real=0.00 secs] 
2021-08-19T06:26:57.940+0800: 50305.538: [GC (Allocation Failure) [PSYoungGen: 85408K->416K(86016K)] 206993K->122001K(280576K), 0.0022513 secs] [Times: user=0.02 sys=0.00, real=0.01 secs] 
2021-08-19T06:27:09.057+0800: 50316.655: [GC (Allocation Failure) [PSYoungGen: 85408K->416K(86016K)] 206993K->122001K(280576K), 0.0019506 secs] [Times: user=0.02 sys=0.00, real=0.00 secs] 
2021-08-19T06:27:22.232+0800: 50329.830: [GC (Allocation Failure) [PSYoungGen: 85408K->352K(86016K)] 206993K->121937K(280576K), 0.0018965 secs] [Times: user=0.02 sys=0.00, real=0.00 secs] 
2021-08-19T06:27:35.236+0800: 50342.834: [GC (Allocation Failure) [PSYoungGen: 85344K->416K(86016K)] 206929K->122001K(280576K), 0.0020049 secs] [Times: user=0.01 sys=0.00, real=0.00 secs] 
2021-08-19T06:27:47.940+0800: 50355.538: [GC (Allocation Failure) [PSYoungGen: 85408K->416K(86016K)] 206993K->122001K(280576K), 0.0023536 secs] [Times: user=0.01 sys=0.00, real=0.00 secs] 
2021-08-19T06:27:58.940+0800: 50366.538: [GC (Allocation Failure) [PSYoungGen: 85408K->384K(86016K)] 206993K->121969K(280576K), 0.0020130 secs] [Times: user=0.02 sys=0.01, real=0.00 secs] 
2021-08-19T06:28:12.236+0800: 50379.834: [GC (Allocation Failure) [PSYoungGen: 85376K->384K(86016K)] 206961K->121969K(280576K), 0.0022531 secs] [Times: user=0.02 sys=0.00, real=0.00 secs] 
2021-08-19T06:28:25.235+0800: 50392.832: [GC (Allocation Failure) [PSYoungGen: 85376K->416K(86016K)] 206961K->122025K(280576K), 0.0019123 secs] [Times: user=0.02 sys=0.00, real=0.00 secs] 
2021-08-19T06:28:37.940+0800: 50405.538: [GC (Allocation Failure) [PSYoungGen: 85408K->384K(86016K)] 207017K->121993K(280576K), 0.0020967 secs] [Times: user=0.02 sys=0.00, real=0.01 secs] 
2021-08-19T06:28:48.940+0800: 50416.538: [GC (Allocation Failure) [PSYoungGen: 85376K->288K(86016K)] 206985K->121897K(280576K), 0.0021257 secs] [Times: user=0.02 sys=0.00, real=0.00 secs] 
2021-08-19T06:29:01.939+0800: 50429.537: [GC (Allocation Failure) [PSYoungGen: 85280K->416K(86016K)] 206889K->122025K(280576K), 0.0022880 secs] [Times: user=0.02 sys=0.00, real=0.01 secs] 
2021-08-19T06:29:14.975+0800: 50442.573: [GC (Allocation Failure) [PSYoungGen: 85408K->384K(86016K)] 207017K->121993K(280576K), 0.0020632 secs] [Times: user=0.02 sys=0.00, real=0.00 secs] 
2021-08-19T06:29:28.235+0800: 50455.832: [GC (Allocation Failure) [PSYoungGen: 85376K->384K(86016K)] 206985K->121993K(280576K), 0.0022989 secs] [Times: user=0.01 sys=0.00, real=0.00 secs] 
2021-08-19T06:29:38.735+0800: 50466.333: [GC (Allocation Failure) [PSYoungGen: 85376K->384K(86016K)] 206985K->121993K(280576K), 0.0018817 secs] [Times: user=0.01 sys=0.00, real=0.00 secs] 
2021-08-19T06:29:51.736+0800: 50479.334: [GC (Allocation Failure) [PSYoungGen: 85376K->352K(86016K)] 206985K->121961K(280576K), 0.0021001 secs] [Times: user=0.01 sys=0.00, real=0.00 secs] 
2021-08-19T06:30:04.946+0800: 50492.543: [GC (Allocation Failure) [PSYoungGen: 85344K->416K(86016K)] 206953K->122025K(280576K), 0.0023313 secs] [Times: user=0.01 sys=0.00, real=0.00 secs] 
2021-08-19T06:30:17.939+0800: 50505.537: [GC (Allocation Failure) [PSYoungGen: 85408K->416K(86016K)] 207017K->122025K(280576K), 0.0021361 secs] [Times: user=0.02 sys=0.00, real=0.01 secs] 
2021-08-19T06:30:28.940+0800: 50516.538: [GC (Allocation Failure) [PSYoungGen: 85408K->384K(86016K)] 207017K->121993K(280576K), 0.0019485 secs] [Times: user=0.01 sys=0.00, real=0.01 secs] 
2021-08-19T06:30:41.735+0800: 50529.333: [GC (Allocation Failure) [PSYoungGen: 85376K->384K(86016K)] 206985K->122001K(280576K), 0.0019918 secs] [Times: user=0.02 sys=0.00, real=0.00 secs] 
2021-08-19T06:30:54.735+0800: 50542.333: [GC (Allocation Failure) [PSYoungGen: 85376K->384K(86016K)] 206993K->122001K(280576K), 0.0021342 secs] [Times: user=0.02 sys=0.00, real=0.00 secs] 
2021-08-19T06:31:07.735+0800: 50555.333: [GC (Allocation Failure) [PSYoungGen: 85376K->352K(86016K)] 206993K->121969K(280576K), 0.0020389 secs] [Times: user=0.01 sys=0.00, real=0.00 secs] 
2021-08-19T06:31:18.737+0800: 50566.335: [GC (Allocation Failure) [PSYoungGen: 85344K->352K(86016K)] 206961K->121969K(280576K), 0.0019806 secs] [Times: user=0.02 sys=0.00, real=0.00 secs] 
2021-08-19T06:31:31.739+0800: 50579.336: [GC (Allocation Failure) [PSYoungGen: 85344K->384K(86528K)] 206961K->122001K(281088K), 0.0022744 secs] [Times: user=0.01 sys=0.00, real=0.01 secs] 
2021-08-19T06:31:44.939+0800: 50592.537: [GC (Allocation Failure) [PSYoungGen: 85888K->416K(86016K)] 207505K->122033K(280576K), 0.0020865 secs] [Times: user=0.02 sys=0.00, real=0.01 secs] 
2021-08-19T06:31:58.236+0800: 50605.833: [GC (Allocation Failure) [PSYoungGen: 85920K->384K(86528K)] 207537K->122001K(281088K), 0.0023517 secs] [Times: user=0.01 sys=0.00, real=0.00 secs] 
2021-08-19T06:32:09.238+0800: 50616.836: [GC (Allocation Failure) [PSYoungGen: 86400K->416K(86528K)] 208017K->122041K(281088K), 0.0019784 secs] [Times: user=0.01 sys=0.00, real=0.01 secs] 
2021-08-19T06:32:22.240+0800: 50629.838: [GC (Allocation Failure) [PSYoungGen: 86432K->416K(86528K)] 208057K->122041K(281088K), 0.0019656 secs] [Times: user=0.01 sys=0.00, real=0.00 secs] 
2021-08-19T06:32:35.738+0800: 50643.336: [GC (Allocation Failure) [PSYoungGen: 86432K->384K(86528K)] 208057K->122009K(281088K), 0.0020758 secs] [Times: user=0.01 sys=0.00, real=0.01 secs] 
2021-08-19T06:32:48.244+0800: 50655.841: [GC (Allocation Failure) [PSYoungGen: 86400K->416K(86528K)] 208025K->122041K(281088K), 0.0019278 secs] [Times: user=0.01 sys=0.00, real=0.00 secs] 
2021-08-19T06:33:00.237+0800: 50667.834: [GC (Allocation Failure) [PSYoungGen: 86432K->416K(86528K)] 208057K->122041K(281088K), 0.0020194 secs] [Times: user=0.02 sys=0.00, real=0.00 secs] 
2021-08-19T06:33:13.240+0800: 50680.837: [GC (Allocation Failure) [PSYoungGen: 86432K->416K(86528K)] 208057K->122041K(281088K), 0.0019936 secs] [Times: user=0.01 sys=0.00, real=0.01 secs] 
2021-08-19T06:33:26.242+0800: 50693.840: [GC (Allocation Failure) [PSYoungGen: 86432K->416K(86528K)] 208057K->122041K(281088K), 0.0021397 secs] [Times: user=0.01 sys=0.00, real=0.00 secs] 
2021-08-19T06:33:38.250+0800: 50705.848: [GC (Allocation Failure) [PSYoungGen: 86432K->512K(85504K)] 208057K->122545K(280064K), 0.0022213 secs] [Times: user=0.01 sys=0.00, real=0.00 secs] 
2021-08-19T06:33:50.242+0800: 50717.839: [GC (Allocation Failure) [PSYoungGen: 85504K->384K(86016K)] 207537K->122457K(280576K), 0.0019906 secs] [Times: user=0.01 sys=0.00, real=0.00 secs] 
2021-08-19T06:34:03.737+0800: 50731.335: [GC (Allocation Failure) [PSYoungGen: 85376K->416K(86016K)] 207449K->122489K(280576K), 0.0018972 secs] [Times: user=0.01 sys=0.00, real=0.00 secs] 
2021-08-19T06:34:16.940+0800: 50744.538: [GC (Allocation Failure) [PSYoungGen: 85408K->416K(86016K)] 207481K->122489K(280576K), 0.0021506 secs] [Times: user=0.01 sys=0.00, real=0.01 secs] 
2021-08-19T06:34:28.251+0800: 50755.849: [GC (Allocation Failure) [PSYoungGen: 85408K->1024K(86016K)] 207481K->123145K(280576K), 0.0021791 secs] [Times: user=0.02 sys=0.00, real=0.00 secs] 
2021-08-19T06:34:40.738+0800: 50768.335: [GC (Allocation Failure) [PSYoungGen: 86016K->384K(86016K)] 208137K->122505K(280576K), 0.0021094 secs] [Times: user=0.01 sys=0.00, real=0.00 secs] 
2021-08-19T06:34:53.740+0800: 50781.338: [GC (Allocation Failure) [PSYoungGen: 85376K->352K(86016K)] 207497K->122473K(280576K), 0.0019653 secs] [Times: user=0.01 sys=0.00, real=0.00 secs] 
2021-08-19T06:35:06.942+0800: 50794.539: [GC (Allocation Failure) [PSYoungGen: 85344K->384K(86016K)] 207465K->122505K(280576K), 0.0019112 secs] [Times: user=0.02 sys=0.00, real=0.00 secs] 
2021-08-19T06:35:18.251+0800: 50805.849: [GC (Allocation Failure) [PSYoungGen: 85376K->1024K(86016K)] 207497K->123193K(280576K), 0.0022103 secs] [Times: user=0.02 sys=0.00, real=0.00 secs] 
2021-08-19T06:35:31.239+0800: 50818.837: [GC (Allocation Failure) [PSYoungGen: 86016K->384K(86016K)] 208185K->122561K(280576K), 0.0022721 secs] [Times: user=0.02 sys=0.00, real=0.01 secs] 
2021-08-19T06:35:43.901+0800: 50831.499: [GC (Allocation Failure) [PSYoungGen: 85376K->352K(86016K)] 207553K->122529K(280576K), 0.0018829 secs] [Times: user=0.01 sys=0.00, real=0.00 secs] 
2021-08-19T06:35:57.238+0800: 50844.836: [GC (Allocation Failure) [PSYoungGen: 85344K->352K(86016K)] 207521K->122529K(280576K), 0.0020327 secs] [Times: user=0.02 sys=0.00, real=0.00 secs] 
2021-08-19T06:36:08.253+0800: 50855.851: [GC (Allocation Failure) [PSYoungGen: 85344K->1024K(84992K)] 207521K->123249K(279552K), 0.0023276 secs] [Times: user=0.01 sys=0.00, real=0.00 secs] 
2021-08-19T06:36:20.240+0800: 50867.838: [GC (Allocation Failure) [PSYoungGen: 84992K->448K(85504K)] 207217K->122689K(280064K), 0.0019026 secs] [Times: user=0.02 sys=0.00, real=0.00 secs] 
2021-08-19T06:36:33.243+0800: 50880.841: [GC (Allocation Failure) [PSYoungGen: 84416K->416K(85504K)] 206657K->122657K(280064K), 0.0021577 secs] [Times: user=0.01 sys=0.00, real=0.00 secs] 
2021-08-19T06:36:46.239+0800: 50893.837: [GC (Allocation Failure) [PSYoungGen: 84384K->384K(85504K)] 206625K->122673K(280064K), 0.0019709 secs] [Times: user=0.01 sys=0.00, real=0.01 secs] 
2021-08-19T06:36:58.245+0800: 50905.843: [GC (Allocation Failure) [PSYoungGen: 84352K->352K(86016K)] 206641K->122641K(280576K), 0.0018102 secs] [Times: user=0.02 sys=0.00, real=0.00 secs] 
2021-08-19T06:37:10.201+0800: 50917.799: [GC (Allocation Failure) [PSYoungGen: 85344K->416K(86016K)] 207633K->122705K(280576K), 0.0019785 secs] [Times: user=0.02 sys=0.00, real=0.00 secs] 
2021-08-19T06:37:23.239+0800: 50930.837: [GC (Allocation Failure) [PSYoungGen: 85408K->416K(86016K)] 207697K->122705K(280576K), 0.0021688 secs] [Times: user=0.01 sys=0.00, real=0.01 secs] 
2021-08-19T06:37:36.239+0800: 50943.837: [GC (Allocation Failure) [PSYoungGen: 85408K->416K(86016K)] 207697K->122769K(280576K), 0.0019726 secs] [Times: user=0.01 sys=0.00, real=0.01 secs] 
2021-08-19T06:37:48.249+0800: 50955.846: [GC (Allocation Failure) [PSYoungGen: 85408K->736K(86016K)] 207761K->123089K(280576K), 0.0019397 secs] [Times: user=0.02 sys=0.00, real=0.01 secs] 
2021-08-19T06:38:00.241+0800: 50967.838: [GC (Allocation Failure) [PSYoungGen: 85728K->416K(86016K)] 208081K->122769K(280576K), 0.0022920 secs] [Times: user=0.01 sys=0.00, real=0.00 secs] 
2021-08-19T06:38:13.241+0800: 50980.838: [GC (Allocation Failure) [PSYoungGen: 85408K->384K(86016K)] 207761K->122737K(280576K), 0.0018015 secs] [Times: user=0.01 sys=0.00, real=0.00 secs] 
2021-08-19T06:38:26.245+0800: 50993.843: [GC (Allocation Failure) [PSYoungGen: 85376K->352K(86016K)] 207729K->122713K(280576K), 0.0020211 secs] [Times: user=0.01 sys=0.00, real=0.00 secs] 
2021-08-19T06:38:38.249+0800: 51005.847: [GC (Allocation Failure) [PSYoungGen: 85344K->640K(86016K)] 207705K->123009K(280576K), 0.0020219 secs] [Times: user=0.01 sys=0.00, real=0.01 secs] 
2021-08-19T06:38:50.241+0800: 51017.839: [GC (Allocation Failure) [PSYoungGen: 85632K->416K(86016K)] 208001K->122785K(280576K), 0.0022058 secs] [Times: user=0.02 sys=0.00, real=0.00 secs] 
2021-08-19T06:39:03.240+0800: 51030.838: [GC (Allocation Failure) [PSYoungGen: 85408K->416K(86016K)] 207777K->122785K(280576K), 0.0022791 secs] [Times: user=0.01 sys=0.00, real=0.01 secs] 
2021-08-19T06:39:16.240+0800: 51043.838: [GC (Allocation Failure) [PSYoungGen: 85408K->416K(86016K)] 207777K->122801K(280576K), 0.0020037 secs] [Times: user=0.01 sys=0.00, real=0.00 secs] 
2021-08-19T06:39:28.251+0800: 51055.849: [GC (Allocation Failure) [PSYoungGen: 85408K->800K(86016K)] 207793K->123217K(280576K), 0.0019949 secs] [Times: user=0.01 sys=0.00, real=0.00 secs] 
2021-08-19T06:39:40.240+0800: 51067.838: [GC (Allocation Failure) [PSYoungGen: 85792K->416K(86016K)] 208209K->122833K(280576K), 0.0019284 secs] [Times: user=0.01 sys=0.00, real=0.00 secs] 
2021-08-19T06:39:53.241+0800: 51080.839: [GC (Allocation Failure) [PSYoungGen: 85408K->416K(86016K)] 207825K->122833K(280576K), 0.0020786 secs] [Times: user=0.02 sys=0.00, real=0.00 secs] 
2021-08-19T06:40:06.247+0800: 51093.845: [GC (Allocation Failure) [PSYoungGen: 85408K->384K(86016K)] 207825K->122801K(280576K), 0.0021765 secs] [Times: user=0.01 sys=0.00, real=0.00 secs] 
2021-08-19T06:40:18.252+0800: 51105.850: [GC (Allocation Failure) [PSYoungGen: 85376K->448K(86016K)] 207793K->122865K(280576K), 0.0019332 secs] [Times: user=0.01 sys=0.00, real=0.00 secs] 
2021-08-19T06:40:30.244+0800: 51117.842: [GC (Allocation Failure) [PSYoungGen: 85440K->384K(86016K)] 207857K->122817K(280576K), 0.0019465 secs] [Times: user=0.01 sys=0.00, real=0.00 secs] 
2021-08-19T06:40:43.243+0800: 51130.840: [GC (Allocation Failure) [PSYoungGen: 85376K->384K(86016K)] 207809K->122817K(280576K), 0.0019654 secs] [Times: user=0.01 sys=0.00, real=0.00 secs] 
2021-08-19T06:40:56.243+0800: 51143.840: [GC (Allocation Failure) [PSYoungGen: 85376K->416K(86016K)] 207809K->122849K(280576K), 0.0018197 secs] [Times: user=0.02 sys=0.00, real=0.00 secs] 
2021-08-19T06:41:08.253+0800: 51155.851: [GC (Allocation Failure) [PSYoungGen: 85408K->992K(86016K)] 207841K->123425K(280576K), 0.0021547 secs] [Times: user=0.02 sys=0.00, real=0.00 secs] 
2021-08-19T06:41:20.741+0800: 51168.339: [GC (Allocation Failure) [PSYoungGen: 85984K->384K(86016K)] 208417K->122817K(280576K), 0.0022093 secs] [Times: user=0.01 sys=0.00, real=0.00 secs] 
2021-08-19T06:41:33.741+0800: 51181.339: [GC (Allocation Failure) [PSYoungGen: 85376K->416K(86016K)] 207809K->122849K(280576K), 0.0019830 secs] [Times: user=0.01 sys=0.00, real=0.00 secs] 
2021-08-19T06:41:46.742+0800: 51194.339: [GC (Allocation Failure) [PSYoungGen: 85408K->384K(86016K)] 207841K->122817K(280576K), 0.0020422 secs] [Times: user=0.01 sys=0.00, real=0.00 secs] 
2021-08-19T06:41:58.255+0800: 51205.853: [GC (Allocation Failure) [PSYoungGen: 85376K->992K(86016K)] 207809K->123433K(280576K), 0.0020028 secs] [Times: user=0.02 sys=0.00, real=0.00 secs] 
2021-08-19T06:42:10.741+0800: 51218.339: [GC (Allocation Failure) [PSYoungGen: 85984K->416K(86016K)] 208425K->122857K(280576K), 0.0023157 secs] [Times: user=0.02 sys=0.00, real=0.00 secs] 
2021-08-19T06:42:23.944+0800: 51231.541: [GC (Allocation Failure) [PSYoungGen: 85408K->384K(86016K)] 207849K->122825K(280576K), 0.0024022 secs] [Times: user=0.01 sys=0.00, real=0.00 secs] 
2021-08-19T06:42:37.241+0800: 51244.839: [GC (Allocation Failure) [PSYoungGen: 85376K->384K(86016K)] 207817K->122825K(280576K), 0.0022539 secs] [Times: user=0.01 sys=0.00, real=0.00 secs] 
2021-08-19T06:42:48.256+0800: 51255.854: [GC (Allocation Failure) [PSYoungGen: 85376K->1024K(84992K)] 207817K->123497K(279552K), 0.0020300 secs] [Times: user=0.01 sys=0.00, real=0.00 secs] 
2021-08-19T06:43:00.741+0800: 51268.338: [GC (Allocation Failure) [PSYoungGen: 84992K->416K(85504K)] 207465K->122889K(280064K), 0.0023048 secs] [Times: user=0.01 sys=0.00, real=0.00 secs] 
2021-08-19T06:43:13.569+0800: 51281.167: [GC (Allocation Failure) [PSYoungGen: 84384K->320K(85504K)] 206857K->122793K(280064K), 0.0020887 secs] [Times: user=0.01 sys=0.00, real=0.01 secs] 
2021-08-19T06:43:26.244+0800: 51293.841: [GC (Allocation Failure) [PSYoungGen: 84288K->384K(85504K)] 206761K->122857K(280064K), 0.0023828 secs] [Times: user=0.01 sys=0.00, real=0.00 secs] 
2021-08-19T06:43:38.251+0800: 51305.848: [GC (Allocation Failure) [PSYoungGen: 84352K->672K(86016K)] 206825K->123153K(280576K), 0.0025138 secs] [Times: user=0.02 sys=0.00, real=0.00 secs] 
2021-08-19T06:43:50.242+0800: 51317.839: [GC (Allocation Failure) [PSYoungGen: 85664K->416K(86016K)] 208145K->122897K(280576K), 0.0021270 secs] [Times: user=0.01 sys=0.00, real=0.00 secs] 
2021-08-19T06:44:03.241+0800: 51330.838: [GC (Allocation Failure) [PSYoungGen: 85408K->384K(86016K)] 207889K->122865K(280576K), 0.0019968 secs] [Times: user=0.01 sys=0.00, real=0.00 secs] 
2021-08-19T06:44:16.247+0800: 51343.844: [GC (Allocation Failure) [PSYoungGen: 85376K->416K(86016K)] 207857K->122897K(280576K), 0.0020186 secs] [Times: user=0.01 sys=0.00, real=0.00 secs] 
2021-08-19T06:44:28.252+0800: 51355.850: [GC (Allocation Failure) [PSYoungGen: 85408K->832K(86016K)] 207889K->123313K(280576K), 0.0019682 secs] [Times: user=0.02 sys=0.00, real=0.00 secs] 
2021-08-19T06:44:40.242+0800: 51367.840: [GC (Allocation Failure) [PSYoungGen: 85824K->416K(86016K)] 208305K->122897K(280576K), 0.0022406 secs] [Times: user=0.01 sys=0.00, real=0.00 secs] 
2021-08-19T06:44:53.240+0800: 51380.838: [GC (Allocation Failure) [PSYoungGen: 85408K->384K(86016K)] 207889K->122865K(280576K), 0.0020154 secs] [Times: user=0.02 sys=0.00, real=0.00 secs] 
2021-08-19T06:45:06.240+0800: 51393.838: [GC (Allocation Failure) [PSYoungGen: 85376K->384K(86016K)] 207857K->122905K(280576K), 0.0020142 secs] [Times: user=0.02 sys=0.00, real=0.00 secs] 
2021-08-19T06:45:18.255+0800: 51405.853: [GC (Allocation Failure) [PSYoungGen: 85376K->736K(86016K)] 207897K->123273K(280576K), 0.0019564 secs] [Times: user=0.02 sys=0.00, real=0.00 secs] 
2021-08-19T06:45:30.737+0800: 51418.335: [GC (Allocation Failure) [PSYoungGen: 85728K->384K(86016K)] 208265K->122921K(280576K), 0.0022674 secs] [Times: user=0.02 sys=0.00, real=0.00 secs] 
2021-08-19T06:45:43.242+0800: 51430.839: [GC (Allocation Failure) [PSYoungGen: 85376K->416K(86016K)] 207913K->122953K(280576K), 0.0023251 secs] [Times: user=0.02 sys=0.00, real=0.00 secs] 
2021-08-19T06:45:56.242+0800: 51443.839: [GC (Allocation Failure) [PSYoungGen: 85408K->352K(86016K)] 207945K->122897K(280576K), 0.0018445 secs] [Times: user=0.02 sys=0.00, real=0.00 secs] 
2021-08-19T06:46:08.256+0800: 51455.854: [GC (Allocation Failure) [PSYoungGen: 85344K->832K(86016K)] 207889K->123377K(280576K), 0.0021079 secs] [Times: user=0.02 sys=0.01, real=0.00 secs] 
2021-08-19T06:46:20.736+0800: 51468.334: [GC (Allocation Failure) [PSYoungGen: 85824K->416K(86016K)] 208369K->122961K(280576K), 0.0019140 secs] [Times: user=0.02 sys=0.00, real=0.00 secs] 
2021-08-19T06:46:33.740+0800: 51481.338: [GC (Allocation Failure) [PSYoungGen: 85408K->432K(86016K)] 207953K->122977K(280576K), 0.0019059 secs] [Times: user=0.01 sys=0.00, real=0.00 secs] 
2021-08-19T06:46:46.239+0800: 51493.837: [GC (Allocation Failure) [PSYoungGen: 85424K->400K(86016K)] 207969K->122945K(280576K), 0.0020563 secs] [Times: user=0.02 sys=0.00, real=0.01 secs] 
2021-08-19T06:46:58.256+0800: 51505.854: [GC (Allocation Failure) [PSYoungGen: 85392K->1008K(84992K)] 207937K->123593K(279552K), 0.0025057 secs] [Times: user=0.01 sys=0.00, real=0.00 secs] 
2021-08-19T06:47:10.241+0800: 51517.839: [GC (Allocation Failure) [PSYoungGen: 84976K->384K(85504K)] 207561K->122969K(280064K), 0.0019870 secs] [Times: user=0.02 sys=0.00, real=0.00 secs] 
2021-08-19T06:47:23.238+0800: 51530.836: [GC (Allocation Failure) [PSYoungGen: 84352K->448K(86016K)] 206937K->123033K(280576K), 0.0023200 secs] [Times: user=0.01 sys=0.00, real=0.01 secs] 
2021-08-19T06:47:36.237+0800: 51543.835: [GC (Allocation Failure) [PSYoungGen: 84928K->432K(85504K)] 207513K->123017K(280064K), 0.0020096 secs] [Times: user=0.02 sys=0.00, real=0.00 secs] 
2021-08-19T06:47:48.253+0800: 51555.850: [GC (Allocation Failure) [PSYoungGen: 84912K->800K(84992K)] 207497K->123385K(279552K), 0.0019766 secs] [Times: user=0.02 sys=0.00, real=0.00 secs] 
2021-08-19T06:47:59.947+0800: 51567.544: [GC (Allocation Failure) [PSYoungGen: 84768K->464K(85504K)] 207353K->123049K(280064K), 0.0023045 secs] [Times: user=0.01 sys=0.00, real=0.00 secs] 
2021-08-19T06:48:12.733+0800: 51580.331: [GC (Allocation Failure) [PSYoungGen: 84432K->656K(86016K)] 207017K->123249K(280576K), 0.0019411 secs] [Times: user=0.01 sys=0.00, real=0.00 secs] 
2021-08-19T06:48:25.734+0800: 51593.332: [GC (Allocation Failure) [PSYoungGen: 85648K->768K(86016K)] 208241K->123369K(280576K), 0.0022848 secs] [Times: user=0.02 sys=0.00, real=0.00 secs] 
2021-08-19T06:48:38.237+0800: 51605.835: [GC (Allocation Failure) [PSYoungGen: 85760K->880K(84992K)] 208361K->123481K(279552K), 0.0022673 secs] [Times: user=0.02 sys=0.00, real=0.00 secs] 
2021-08-19T06:48:49.236+0800: 51616.834: [GC (Allocation Failure) [PSYoungGen: 84848K->912K(85504K)] 207449K->123513K(280064K), 0.0020563 secs] [Times: user=0.01 sys=0.00, real=0.00 secs] 
2021-08-19T06:49:02.234+0800: 51629.832: [GC (Allocation Failure) [PSYoungGen: 84880K->1088K(85504K)] 207481K->123689K(280064K), 0.0019602 secs] [Times: user=0.01 sys=0.00, real=0.00 secs] 
2021-08-19T06:49:15.235+0800: 51642.832: [GC (Allocation Failure) [PSYoungGen: 85056K->1056K(85504K)] 207657K->123657K(280064K), 0.0024616 secs] [Times: user=0.01 sys=0.00, real=0.00 secs] 
2021-08-19T06:49:28.232+0800: 51655.830: [GC (Allocation Failure) [PSYoungGen: 85024K->960K(85504K)] 207625K->123673K(280064K), 0.0021218 secs] [Times: user=0.02 sys=0.00, real=0.00 secs] 
2021-08-19T06:49:38.261+0800: 51665.859: [GC (Allocation Failure) [PSYoungGen: 84928K->1504K(85504K)] 207641K->124329K(280064K), 0.0023759 secs] [Times: user=0.02 sys=0.00, real=0.00 secs] 
2021-08-19T06:49:51.234+0800: 51678.832: [GC (Allocation Failure) [PSYoungGen: 85472K->928K(84480K)] 208297K->123785K(279040K), 0.0019506 secs] [Times: user=0.02 sys=0.00, real=0.00 secs] 
2021-08-19T06:50:04.233+0800: 51691.831: [GC (Allocation Failure) [PSYoungGen: 83872K->976K(84992K)] 206729K->123833K(279552K), 0.0019571 secs] [Times: user=0.01 sys=0.00, real=0.00 secs] 
2021-08-19T06:50:16.940+0800: 51704.538: [GC (Allocation Failure) [PSYoungGen: 83920K->976K(84992K)] 206777K->123833K(279552K), 0.0022810 secs] [Times: user=0.02 sys=0.00, real=0.01 secs] 
2021-08-19T06:50:28.257+0800: 51715.855: [GC (Allocation Failure) [PSYoungGen: 83920K->1648K(84992K)] 206777K->124641K(279552K), 0.0027327 secs] [Times: user=0.02 sys=0.01, real=0.00 secs] 
2021-08-19T06:50:40.231+0800: 51727.829: [GC (Allocation Failure) [PSYoungGen: 84592K->944K(84992K)] 207585K->123953K(279552K), 0.0021954 secs] [Times: user=0.02 sys=0.00, real=0.00 secs] 
2021-08-19T06:50:52.734+0800: 51740.331: [GC (Allocation Failure) [PSYoungGen: 83888K->864K(84992K)] 206897K->123889K(279552K), 0.0025856 secs] [Times: user=0.01 sys=0.01, real=0.00 secs] 
2021-08-19T06:51:05.236+0800: 51752.834: [GC (Allocation Failure) [PSYoungGen: 83808K->832K(84992K)] 206833K->123977K(279552K), 0.0020425 secs] [Times: user=0.01 sys=0.00, real=0.00 secs] 
2021-08-19T06:51:18.237+0800: 51765.835: [GC (Allocation Failure) [PSYoungGen: 83776K->672K(84992K)] 206921K->124001K(279552K), 0.0021033 secs] [Times: user=0.01 sys=0.00, real=0.00 secs] 
2021-08-19T06:51:28.734+0800: 51776.332: [GC (Allocation Failure) [PSYoungGen: 83616K->672K(85504K)] 206945K->124017K(280064K), 0.0022645 secs] [Times: user=0.01 sys=0.00, real=0.00 secs] 
2021-08-19T06:51:41.232+0800: 51788.830: [GC (Allocation Failure) [PSYoungGen: 84128K->496K(84992K)] 207473K->124017K(279552K), 0.0021446 secs] [Times: user=0.01 sys=0.01, real=0.00 secs] 
2021-08-19T06:51:54.232+0800: 51801.829: [GC (Allocation Failure) [PSYoungGen: 83952K->480K(85504K)] 207473K->124145K(280064K), 0.0020379 secs] [Times: user=0.02 sys=0.00, real=0.00 secs] 
2021-08-19T06:52:07.232+0800: 51814.830: [GC (Allocation Failure) [PSYoungGen: 84448K->352K(85504K)] 208113K->124225K(280064K), 0.0018603 secs] [Times: user=0.02 sys=0.00, real=0.00 secs] 
2021-08-19T06:52:18.259+0800: 51825.857: [GC (Allocation Failure) [PSYoungGen: 84320K->1248K(84480K)] 208193K->125129K(279040K), 0.0022576 secs] [Times: user=0.01 sys=0.00, real=0.01 secs] 
2021-08-19T06:52:30.729+0800: 51838.327: [GC (Allocation Failure) [PSYoungGen: 84192K->416K(84992K)] 208073K->124313K(279552K), 0.0022731 secs] [Times: user=0.02 sys=0.00, real=0.01 secs] 
2021-08-19T06:52:43.231+0800: 51850.829: [GC (Allocation Failure) [PSYoungGen: 83360K->384K(84992K)] 207257K->124369K(279552K), 0.0022256 secs] [Times: user=0.02 sys=0.00, real=0.00 secs] 
2021-08-19T06:52:55.924+0800: 51863.521: [GC (Allocation Failure) [PSYoungGen: 83328K->384K(84992K)] 207313K->124369K(279552K), 0.0020172 secs] [Times: user=0.01 sys=0.00, real=0.00 secs] 
2021-08-19T06:53:08.235+0800: 51875.833: [GC (Allocation Failure) [PSYoungGen: 83328K->416K(85504K)] 207313K->124401K(280064K), 0.0020280 secs] [Times: user=0.01 sys=0.00, real=0.00 secs] 
2021-08-19T06:53:19.234+0800: 51886.831: [GC (Allocation Failure) [PSYoungGen: 83872K->416K(84992K)] 207857K->124401K(279552K), 0.0021885 secs] [Times: user=0.01 sys=0.00, real=0.00 secs] 
2021-08-19T06:53:32.231+0800: 51899.829: [GC (Allocation Failure) [PSYoungGen: 83872K->384K(85504K)] 207857K->124369K(280064K), 0.0022552 secs] [Times: user=0.01 sys=0.00, real=0.00 secs] 
2021-08-19T06:53:44.735+0800: 51912.333: [GC (Allocation Failure) [PSYoungGen: 84352K->416K(85504K)] 208337K->124401K(280064K), 0.0020170 secs] [Times: user=0.01 sys=0.00, real=0.00 secs] 
2021-08-19T06:53:57.729+0800: 51925.327: [GC (Allocation Failure) [PSYoungGen: 84384K->416K(85504K)] 208369K->124401K(280064K), 0.0026727 secs] [Times: user=0.01 sys=0.00, real=0.01 secs] 
2021-08-19T06:54:08.263+0800: 51935.861: [GC (Allocation Failure) [PSYoungGen: 84384K->832K(85504K)] 208369K->124817K(280064K), 0.0020389 secs] [Times: user=0.02 sys=0.00, real=0.00 secs] 
2021-08-19T06:54:21.235+0800: 51948.833: [GC (Allocation Failure) [PSYoungGen: 84800K->416K(85504K)] 208785K->124401K(280064K), 0.0020865 secs] [Times: user=0.01 sys=0.00, real=0.00 secs] 
2021-08-19T06:54:34.232+0800: 51961.829: [GC (Allocation Failure) [PSYoungGen: 84384K->416K(85504K)] 208369K->124401K(280064K), 0.0021272 secs] [Times: user=0.02 sys=0.00, real=0.00 secs] 
2021-08-19T06:54:46.916+0800: 51974.514: [GC (Allocation Failure) [PSYoungGen: 84384K->416K(85504K)] 208369K->124401K(280064K), 0.0023836 secs] [Times: user=0.01 sys=0.00, real=0.00 secs] 
2021-08-19T06:54:58.262+0800: 51985.859: [GC (Allocation Failure) [PSYoungGen: 84384K->1120K(85504K)] 208369K->125105K(280064K), 0.0021479 secs] [Times: user=0.02 sys=0.00, real=0.00 secs] 
2021-08-19T06:55:10.728+0800: 51998.325: [GC (Allocation Failure) [PSYoungGen: 85088K->416K(85504K)] 209073K->124401K(280064K), 0.0019668 secs] [Times: user=0.01 sys=0.00, real=0.00 secs] 
2021-08-19T06:55:23.236+0800: 52010.834: [GC (Allocation Failure) [PSYoungGen: 84384K->384K(85504K)] 208369K->124377K(280064K), 0.0022070 secs] [Times: user=0.01 sys=0.00, real=0.00 secs] 
2021-08-19T06:55:36.231+0800: 52023.829: [GC (Allocation Failure) [PSYoungGen: 84352K->416K(85504K)] 208345K->124409K(280064K), 0.0019891 secs] [Times: user=0.02 sys=0.00, real=0.00 secs] 
2021-08-19T06:55:48.258+0800: 52035.855: [GC (Allocation Failure) [PSYoungGen: 84384K->608K(85504K)] 208377K->124601K(280064K), 0.0020239 secs] [Times: user=0.01 sys=0.00, real=0.00 secs] 
2021-08-19T06:55:59.912+0800: 52047.510: [GC (Allocation Failure) [PSYoungGen: 84576K->416K(85504K)] 208569K->124409K(280064K), 0.0019366 secs] [Times: user=0.01 sys=0.00, real=0.00 secs] 
2021-08-19T06:56:12.732+0800: 52060.329: [GC (Allocation Failure) [PSYoungGen: 84384K->384K(85504K)] 208377K->124377K(280064K), 0.0019640 secs] [Times: user=0.01 sys=0.00, real=0.00 secs] 
2021-08-19T06:56:25.730+0800: 52073.327: [GC (Allocation Failure) [PSYoungGen: 84352K->384K(85504K)] 208345K->124385K(280064K), 0.0023009 secs] [Times: user=0.02 sys=0.00, real=0.01 secs] 
2021-08-19T06:56:38.230+0800: 52085.828: [GC (Allocation Failure) [PSYoungGen: 84352K->384K(85504K)] 208353K->124385K(280064K), 0.0021323 secs] [Times: user=0.01 sys=0.00, real=0.00 secs] 
2021-08-19T06:56:49.230+0800: 52096.827: [GC (Allocation Failure) [PSYoungGen: 84352K->352K(86016K)] 208353K->124353K(280576K), 0.0020849 secs] [Times: user=0.02 sys=0.00, real=0.01 secs] 
2021-08-19T06:57:02.231+0800: 52109.829: [GC (Allocation Failure) [PSYoungGen: 84832K->416K(85504K)] 208833K->124417K(280064K), 0.0023599 secs] [Times: user=0.01 sys=0.01, real=0.00 secs] 
2021-08-19T06:57:15.231+0800: 52122.829: [GC (Allocation Failure) [PSYoungGen: 84896K->384K(86016K)] 208897K->124385K(280576K), 0.0020014 secs] [Times: user=0.01 sys=0.00, real=0.00 secs] 
2021-08-19T06:57:28.231+0800: 52135.828: [GC (Allocation Failure) [PSYoungGen: 85376K->384K(86016K)] 209377K->124385K(280576K), 0.0021027 secs] [Times: user=0.01 sys=0.00, real=0.00 secs] 
2021-08-19T06:57:39.228+0800: 52146.826: [GC (Allocation Failure) [PSYoungGen: 85376K->416K(86016K)] 209377K->124417K(280576K), 0.0020117 secs] [Times: user=0.02 sys=0.00, real=0.01 secs] 
2021-08-19T06:57:52.229+0800: 52159.826: [GC (Allocation Failure) [PSYoungGen: 85408K->384K(86016K)] 209409K->124385K(280576K), 0.0020204 secs] [Times: user=0.01 sys=0.00, real=0.01 secs] 
2021-08-19T06:58:05.229+0800: 52172.827: [GC (Allocation Failure) [PSYoungGen: 85376K->416K(86016K)] 209377K->124417K(280576K), 0.0020509 secs] [Times: user=0.01 sys=0.00, real=0.01 secs] 
2021-08-19T06:58:18.231+0800: 52185.828: [GC (Allocation Failure) [PSYoungGen: 85408K->352K(86016K)] 209409K->124353K(280576K), 0.0019875 secs] [Times: user=0.01 sys=0.00, real=0.00 secs] 
2021-08-19T06:58:29.231+0800: 52196.829: [GC (Allocation Failure) [PSYoungGen: 85344K->416K(86016K)] 209345K->124457K(280576K), 0.0018965 secs] [Times: user=0.01 sys=0.00, real=0.00 secs] 
2021-08-19T06:58:42.228+0800: 52209.826: [GC (Allocation Failure) [PSYoungGen: 85408K->352K(86016K)] 209449K->124393K(280576K), 0.0020800 secs] [Times: user=0.01 sys=0.00, real=0.01 secs] 
2021-08-19T06:58:55.230+0800: 52222.828: [GC (Allocation Failure) [PSYoungGen: 85344K->416K(86016K)] 209385K->124457K(280576K), 0.0019548 secs] [Times: user=0.01 sys=0.00, real=0.01 secs] 
2021-08-19T06:59:08.229+0800: 52235.827: [GC (Allocation Failure) [PSYoungGen: 85408K->384K(86016K)] 209449K->124425K(280576K), 0.0022425 secs] [Times: user=0.01 sys=0.00, real=0.01 secs] 
2021-08-19T06:59:19.230+0800: 52246.828: [GC (Allocation Failure) [PSYoungGen: 85376K->416K(86016K)] 209417K->124457K(280576K), 0.0019558 secs] [Times: user=0.01 sys=0.00, real=0.00 secs] 
2021-08-19T06:59:32.244+0800: 52259.842: [GC (Allocation Failure) [PSYoungGen: 85408K->384K(86016K)] 209449K->124449K(280576K), 0.0021141 secs] [Times: user=0.01 sys=0.00, real=0.00 secs] 
2021-08-19T06:59:45.232+0800: 52272.829: [GC (Allocation Failure) [PSYoungGen: 85376K->384K(86016K)] 209441K->124449K(280576K), 0.0020074 secs] [Times: user=0.01 sys=0.00, real=0.00 secs] 
2021-08-19T06:59:58.228+0800: 52285.826: [GC (Allocation Failure) [PSYoungGen: 85376K->416K(86016K)] 209441K->124481K(280576K), 0.0020000 secs] [Times: user=0.01 sys=0.00, real=0.01 secs] 
2021-08-19T07:00:09.233+0800: 52296.831: [GC (Allocation Failure) [PSYoungGen: 85408K->416K(86016K)] 209473K->124489K(280576K), 0.0019915 secs] [Times: user=0.01 sys=0.00, real=0.00 secs] 
2021-08-19T07:00:22.230+0800: 52309.828: [GC (Allocation Failure) [PSYoungGen: 85408K->384K(86016K)] 209481K->124457K(280576K), 0.0022511 secs] [Times: user=0.01 sys=0.00, real=0.01 secs] 
2021-08-19T07:00:35.236+0800: 52322.833: [GC (Allocation Failure) [PSYoungGen: 85376K->416K(86016K)] 209449K->124513K(280576K), 0.0020628 secs] [Times: user=0.02 sys=0.01, real=0.00 secs] 
2021-08-19T07:00:48.228+0800: 52335.826: [GC (Allocation Failure) [PSYoungGen: 85408K->416K(86016K)] 209505K->124513K(280576K), 0.0020114 secs] [Times: user=0.01 sys=0.00, real=0.00 secs] 
2021-08-19T07:00:59.228+0800: 52346.825: [GC (Allocation Failure) [PSYoungGen: 85408K->416K(86016K)] 209505K->124513K(280576K), 0.0022630 secs] [Times: user=0.02 sys=0.00, real=0.00 secs] 
2021-08-19T07:01:12.230+0800: 52359.828: [GC (Allocation Failure) [PSYoungGen: 85408K->416K(86016K)] 209505K->124513K(280576K), 0.0023451 secs] [Times: user=0.02 sys=0.00, real=0.01 secs] 
2021-08-19T07:01:25.230+0800: 52372.828: [GC (Allocation Failure) [PSYoungGen: 85408K->352K(86016K)] 209505K->124449K(280576K), 0.0020182 secs] [Times: user=0.01 sys=0.00, real=0.00 secs] 
2021-08-19T07:01:38.230+0800: 52385.827: [GC (Allocation Failure) [PSYoungGen: 85344K->416K(86016K)] 209441K->124513K(280576K), 0.0024175 secs] [Times: user=0.02 sys=0.00, real=0.01 secs] 
2021-08-19T07:01:49.228+0800: 52396.826: [GC (Allocation Failure) [PSYoungGen: 85408K->352K(86016K)] 209505K->124449K(280576K), 0.0018521 secs] [Times: user=0.01 sys=0.00, real=0.00 secs] 
2021-08-19T07:02:02.230+0800: 52409.828: [GC (Allocation Failure) [PSYoungGen: 85344K->416K(86016K)] 209441K->124513K(280576K), 0.0018841 secs] [Times: user=0.02 sys=0.00, real=0.00 secs] 
2021-08-19T07:02:15.230+0800: 52422.827: [GC (Allocation Failure) [PSYoungGen: 85408K->384K(86528K)] 209505K->124481K(281088K), 0.0019893 secs] [Times: user=0.02 sys=0.00, real=0.01 secs] 
2021-08-19T07:02:28.255+0800: 52435.853: [GC (Allocation Failure) [PSYoungGen: 86400K->416K(86528K)] 210497K->124513K(281088K), 0.0021528 secs] [Times: user=0.02 sys=0.00, real=0.00 secs] 
2021-08-19T07:02:39.732+0800: 52447.330: [GC (Allocation Failure) [PSYoungGen: 86432K->416K(86528K)] 210529K->124513K(281088K), 0.0018593 secs] [Times: user=0.01 sys=0.00, real=0.00 secs] 
2021-08-19T07:02:53.226+0800: 52460.824: [GC (Allocation Failure) [PSYoungGen: 86432K->416K(86528K)] 210529K->124513K(281088K), 0.0018894 secs] [Times: user=0.01 sys=0.00, real=0.00 secs] 
2021-08-19T07:03:06.228+0800: 52473.826: [GC (Allocation Failure) [PSYoungGen: 86432K->384K(86528K)] 210529K->124481K(281088K), 0.0018711 secs] [Times: user=0.01 sys=0.00, real=0.00 secs] 
2021-08-19T07:03:18.262+0800: 52485.859: [GC (Allocation Failure) [PSYoungGen: 86400K->512K(86528K)] 210497K->124609K(281088K), 0.0023265 secs] [Times: user=0.02 sys=0.00, real=0.00 secs] 
2021-08-19T07:03:30.728+0800: 52498.326: [GC (Allocation Failure) [PSYoungGen: 86528K->416K(86528K)] 210625K->124513K(281088K), 0.0020008 secs] [Times: user=0.01 sys=0.00, real=0.01 secs] 
2021-08-19T07:03:43.727+0800: 52511.324: [GC (Allocation Failure) [PSYoungGen: 86432K->384K(86528K)] 210529K->124481K(281088K), 0.0022457 secs] [Times: user=0.02 sys=0.00, real=0.00 secs] 
2021-08-19T07:03:57.226+0800: 52524.823: [GC (Allocation Failure) [PSYoungGen: 86400K->416K(86528K)] 210497K->124513K(281088K), 0.0022652 secs] [Times: user=0.02 sys=0.00, real=0.00 secs] 
2021-08-19T07:04:08.268+0800: 52535.866: [GC (Allocation Failure) [PSYoungGen: 86432K->512K(86528K)] 210529K->125225K(281088K), 0.0021781 secs] [Times: user=0.01 sys=0.00, real=0.01 secs] 
2021-08-19T07:04:21.230+0800: 52548.827: [GC (Allocation Failure) [PSYoungGen: 86528K->384K(85504K)] 211241K->125097K(280064K), 0.0025724 secs] [Times: user=0.01 sys=0.00, real=0.01 secs] 
2021-08-19T07:04:34.467+0800: 52562.065: [GC (Allocation Failure) [PSYoungGen: 85376K->384K(86016K)] 210089K->125097K(280576K), 0.0023117 secs] [Times: user=0.01 sys=0.00, real=0.00 secs] 
2021-08-19T07:04:47.229+0800: 52574.826: [GC (Allocation Failure) [PSYoungGen: 85376K->416K(86016K)] 210089K->125129K(280576K), 0.0020547 secs] [Times: user=0.02 sys=0.00, real=0.01 secs] 
2021-08-19T07:04:58.269+0800: 52585.866: [GC (Allocation Failure) [PSYoungGen: 85408K->896K(86016K)] 210121K->125609K(280576K), 0.0022476 secs] [Times: user=0.01 sys=0.00, real=0.01 secs] 
2021-08-19T07:05:11.233+0800: 52598.830: [GC (Allocation Failure) [PSYoungGen: 85888K->416K(86016K)] 210601K->125129K(280576K), 0.0019468 secs] [Times: user=0.01 sys=0.00, real=0.00 secs] 
2021-08-19T07:05:24.724+0800: 52612.322: [GC (Allocation Failure) [PSYoungGen: 85408K->384K(86016K)] 210121K->125097K(280576K), 0.0021650 secs] [Times: user=0.01 sys=0.00, real=0.00 secs] 
2021-08-19T07:05:37.513+0800: 52625.111: [GC (Allocation Failure) [PSYoungGen: 85376K->384K(86016K)] 210089K->125097K(280576K), 0.0020673 secs] [Times: user=0.01 sys=0.00, real=0.00 secs] 
2021-08-19T07:05:48.268+0800: 52635.866: [GC (Allocation Failure) [PSYoungGen: 85376K->864K(86016K)] 210089K->125585K(280576K), 0.0022250 secs] [Times: user=0.02 sys=0.00, real=0.00 secs] 
2021-08-19T07:06:01.233+0800: 52648.831: [GC (Allocation Failure) [PSYoungGen: 85856K->384K(86016K)] 210577K->125105K(280576K), 0.0023414 secs] [Times: user=0.01 sys=0.00, real=0.00 secs] 
2021-08-19T07:06:14.727+0800: 52662.325: [GC (Allocation Failure) [PSYoungGen: 85376K->416K(86016K)] 210097K->125137K(280576K), 0.0022235 secs] [Times: user=0.01 sys=0.00, real=0.00 secs] 
2021-08-19T07:06:27.726+0800: 52675.324: [GC (Allocation Failure) [PSYoungGen: 85408K->416K(86016K)] 210129K->125169K(280576K), 0.0023942 secs] [Times: user=0.02 sys=0.01, real=0.00 secs] 
2021-08-19T07:06:38.268+0800: 52685.866: [GC (Allocation Failure) [PSYoungGen: 85408K->832K(86016K)] 210161K->125585K(280576K), 0.0023918 secs] [Times: user=0.01 sys=0.00, real=0.01 secs] 
2021-08-19T07:06:51.228+0800: 52698.826: [GC (Allocation Failure) [PSYoungGen: 85824K->384K(86016K)] 210577K->125153K(280576K), 0.0020675 secs] [Times: user=0.01 sys=0.00, real=0.00 secs] 
2021-08-19T07:07:04.231+0800: 52711.829: [GC (Allocation Failure) [PSYoungGen: 85376K->416K(86016K)] 210145K->125185K(280576K), 0.0018962 secs] [Times: user=0.01 sys=0.00, real=0.00 secs] 
2021-08-19T07:07:17.726+0800: 52725.324: [GC (Allocation Failure) [PSYoungGen: 85408K->416K(86016K)] 210177K->125201K(280576K), 0.0020807 secs] [Times: user=0.01 sys=0.00, real=0.00 secs] 
2021-08-19T07:07:28.727+0800: 52736.324: [GC (Allocation Failure) [PSYoungGen: 85408K->416K(86016K)] 210193K->125201K(280576K), 0.0020075 secs] [Times: user=0.01 sys=0.00, real=0.00 secs] 
2021-08-19T07:07:41.232+0800: 52748.830: [GC (Allocation Failure) [PSYoungGen: 85408K->384K(86016K)] 210193K->125169K(280576K), 0.0022008 secs] [Times: user=0.01 sys=0.00, real=0.00 secs] 
2021-08-19T07:07:54.726+0800: 52762.324: [GC (Allocation Failure) [PSYoungGen: 85376K->416K(86016K)] 210161K->125265K(280576K), 0.0021069 secs] [Times: user=0.01 sys=0.00, real=0.00 secs] 
2021-08-19T07:08:07.725+0800: 52775.322: [GC (Allocation Failure) [PSYoungGen: 85408K->416K(86016K)] 210257K->125265K(280576K), 0.0023802 secs] [Times: user=0.01 sys=0.00, real=0.00 secs] 
2021-08-19T07:08:18.726+0800: 52786.323: [GC (Allocation Failure) [PSYoungGen: 85408K->416K(86016K)] 210257K->125265K(280576K), 0.0018978 secs] [Times: user=0.02 sys=0.00, real=0.00 secs] 
2021-08-19T07:08:31.728+0800: 52799.326: [GC (Allocation Failure) [PSYoungGen: 85408K->320K(86016K)] 210257K->125169K(280576K), 0.0023240 secs] [Times: user=0.01 sys=0.00, real=0.01 secs] 
2021-08-19T07:08:44.231+0800: 52811.829: [GC (Allocation Failure) [PSYoungGen: 85312K->384K(86016K)] 210161K->125233K(280576K), 0.0021845 secs] [Times: user=0.01 sys=0.00, real=0.00 secs] 
2021-08-19T07:08:57.508+0800: 52825.106: [GC (Allocation Failure) [PSYoungGen: 85376K->352K(86016K)] 210225K->125201K(280576K), 0.0020431 secs] [Times: user=0.01 sys=0.00, real=0.01 secs] 
2021-08-19T07:09:08.268+0800: 52835.866: [GC (Allocation Failure) [PSYoungGen: 85344K->384K(86016K)] 210193K->125233K(280576K), 0.0019132 secs] [Times: user=0.02 sys=0.00, real=0.01 secs] 
2021-08-19T07:09:21.726+0800: 52849.324: [GC (Allocation Failure) [PSYoungGen: 85376K->416K(86016K)] 210225K->125265K(280576K), 0.0017953 secs] [Times: user=0.01 sys=0.00, real=0.00 secs] 
2021-08-19T07:09:34.726+0800: 52862.324: [GC (Allocation Failure) [PSYoungGen: 85408K->416K(86016K)] 210257K->125265K(280576K), 0.0023631 secs] [Times: user=0.02 sys=0.00, real=0.00 secs] 
2021-08-19T07:09:47.229+0800: 52874.826: [GC (Allocation Failure) [PSYoungGen: 85408K->416K(86016K)] 210257K->125265K(280576K), 0.0020929 secs] [Times: user=0.02 sys=0.00, real=0.01 secs] 
2021-08-19T07:09:58.268+0800: 52885.866: [GC (Allocation Failure) [PSYoungGen: 85408K->896K(86016K)] 210257K->125745K(280576K), 0.0022399 secs] [Times: user=0.01 sys=0.00, real=0.01 secs] 
2021-08-19T07:10:11.229+0800: 52898.827: [GC (Allocation Failure) [PSYoungGen: 85888K->416K(86016K)] 210737K->125273K(280576K), 0.0018615 secs] [Times: user=0.02 sys=0.00, real=0.01 secs] 
2021-08-19T07:10:24.727+0800: 52912.324: [GC (Allocation Failure) [PSYoungGen: 85408K->352K(86016K)] 210265K->125209K(280576K), 0.0020908 secs] [Times: user=0.01 sys=0.00, real=0.00 secs] 
2021-08-19T07:10:37.729+0800: 52925.326: [GC (Allocation Failure) [PSYoungGen: 85344K->384K(86016K)] 210201K->125241K(280576K), 0.0021065 secs] [Times: user=0.02 sys=0.00, real=0.01 secs] 
2021-08-19T07:10:48.269+0800: 52935.866: [GC (Allocation Failure) [PSYoungGen: 85376K->896K(86016K)] 210233K->125753K(280576K), 0.0022618 secs] [Times: user=0.02 sys=0.00, real=0.01 secs] 
2021-08-19T07:11:01.228+0800: 52948.826: [GC (Allocation Failure) [PSYoungGen: 85888K->384K(86016K)] 210745K->125241K(280576K), 0.0018057 secs] [Times: user=0.01 sys=0.00, real=0.01 secs] 
2021-08-19T07:11:14.725+0800: 52962.322: [GC (Allocation Failure) [PSYoungGen: 85376K->416K(86016K)] 210233K->125273K(280576K), 0.0022333 secs] [Times: user=0.02 sys=0.00, real=0.00 secs] 
2021-08-19T07:11:27.726+0800: 52975.324: [GC (Allocation Failure) [PSYoungGen: 85408K->416K(86016K)] 210265K->125353K(280576K), 0.0021041 secs] [Times: user=0.02 sys=0.00, real=0.00 secs] 
2021-08-19T07:11:38.270+0800: 52985.867: [GC (Allocation Failure) [PSYoungGen: 85408K->896K(86016K)] 210345K->125849K(280576K), 0.0021265 secs] [Times: user=0.02 sys=0.00, real=0.01 secs] 
2021-08-19T07:11:51.505+0800: 52999.103: [GC (Allocation Failure) [PSYoungGen: 85888K->384K(86016K)] 210841K->125337K(280576K), 0.0021000 secs] [Times: user=0.01 sys=0.00, real=0.00 secs] 
2021-08-19T07:12:04.724+0800: 53012.322: [GC (Allocation Failure) [PSYoungGen: 85376K->416K(86016K)] 210329K->125377K(280576K), 0.0021219 secs] [Times: user=0.01 sys=0.00, real=0.00 secs] 
2021-08-19T07:12:17.725+0800: 53025.323: [GC (Allocation Failure) [PSYoungGen: 85408K->384K(86016K)] 210369K->125345K(280576K), 0.0020962 secs] [Times: user=0.02 sys=0.00, real=0.00 secs] 
2021-08-19T07:12:28.725+0800: 53036.322: [GC (Allocation Failure) [PSYoungGen: 85376K->352K(86016K)] 210337K->125313K(280576K), 0.0019750 secs] [Times: user=0.01 sys=0.00, real=0.00 secs] 
2021-08-19T07:12:41.233+0800: 53048.831: [GC (Allocation Failure) [PSYoungGen: 85344K->416K(86016K)] 210305K->125377K(280576K), 0.0020513 secs] [Times: user=0.02 sys=0.00, real=0.00 secs] 
2021-08-19T07:12:54.229+0800: 53061.826: [GC (Allocation Failure) [PSYoungGen: 85408K->384K(86016K)] 210369K->125345K(280576K), 0.0018760 secs] [Times: user=0.01 sys=0.00, real=0.01 secs] 
2021-08-19T07:13:07.499+0800: 53075.097: [GC (Allocation Failure) [PSYoungGen: 85376K->384K(86016K)] 210337K->125345K(280576K), 0.0022897 secs] [Times: user=0.01 sys=0.00, real=0.01 secs] 
2021-08-19T07:13:18.271+0800: 53085.869: [GC (Allocation Failure) [PSYoungGen: 85376K->416K(86016K)] 210337K->125377K(280576K), 0.0019401 secs] [Times: user=0.01 sys=0.00, real=0.00 secs] 
2021-08-19T07:13:31.724+0800: 53099.322: [GC (Allocation Failure) [PSYoungGen: 85408K->352K(86016K)] 210369K->125313K(280576K), 0.0019970 secs] [Times: user=0.02 sys=0.00, real=0.00 secs] 
2021-08-19T07:13:44.228+0800: 53111.825: [GC (Allocation Failure) [PSYoungGen: 85344K->384K(86016K)] 210305K->125345K(280576K), 0.0023270 secs] [Times: user=0.02 sys=0.00, real=0.00 secs] 
2021-08-19T07:13:57.228+0800: 53124.825: [GC (Allocation Failure) [PSYoungGen: 85376K->416K(86016K)] 210337K->125377K(280576K), 0.0020226 secs] [Times: user=0.02 sys=0.00, real=0.00 secs] 
2021-08-19T07:14:08.272+0800: 53135.870: [GC (Allocation Failure) [PSYoungGen: 85408K->832K(86016K)] 210369K->125793K(280576K), 0.0022430 secs] [Times: user=0.02 sys=0.00, real=0.00 secs] 
2021-08-19T07:14:21.231+0800: 53148.829: [GC (Allocation Failure) [PSYoungGen: 85824K->384K(86016K)] 210785K->125345K(280576K), 0.0019873 secs] [Times: user=0.02 sys=0.00, real=0.00 secs] 
2021-08-19T07:14:34.728+0800: 53162.326: [GC (Allocation Failure) [PSYoungGen: 85376K->384K(86016K)] 210337K->125345K(280576K), 0.0021376 secs] [Times: user=0.02 sys=0.00, real=0.01 secs] 
2021-08-19T07:14:47.233+0800: 53174.830: [GC (Allocation Failure) [PSYoungGen: 85376K->416K(86016K)] 210337K->125377K(280576K), 0.0020420 secs] [Times: user=0.01 sys=0.00, real=0.00 secs] 
2021-08-19T07:14:58.272+0800: 53185.870: [GC (Allocation Failure) [PSYoungGen: 85408K->896K(86016K)] 210369K->125857K(280576K), 0.0022572 secs] [Times: user=0.01 sys=0.00, real=0.00 secs] 
2021-08-19T07:15:11.230+0800: 53198.827: [GC (Allocation Failure) [PSYoungGen: 85888K->384K(86016K)] 210849K->125353K(280576K), 0.0020936 secs] [Times: user=0.01 sys=0.00, real=0.01 secs] 
2021-08-19T07:15:24.725+0800: 53212.323: [GC (Allocation Failure) [PSYoungGen: 85376K->384K(86016K)] 210345K->125353K(280576K), 0.0020090 secs] [Times: user=0.01 sys=0.00, real=0.00 secs] 
2021-08-19T07:15:37.724+0800: 53225.322: [GC (Allocation Failure) [PSYoungGen: 85376K->320K(86016K)] 210345K->125289K(280576K), 0.0022223 secs] [Times: user=0.02 sys=0.00, real=0.00 secs] 
2021-08-19T07:15:48.272+0800: 53235.870: [GC (Allocation Failure) [PSYoungGen: 85312K->864K(86016K)] 210281K->125833K(280576K), 0.0023216 secs] [Times: user=0.02 sys=0.00, real=0.00 secs] 
2021-08-19T07:16:01.229+0800: 53248.827: [GC (Allocation Failure) [PSYoungGen: 85856K->384K(86016K)] 210825K->125353K(280576K), 0.0019781 secs] [Times: user=0.02 sys=0.00, real=0.01 secs] 
2021-08-19T07:16:14.233+0800: 53261.831: [GC (Allocation Failure) [PSYoungGen: 85376K->432K(86016K)] 210345K->125401K(280576K), 0.0019072 secs] [Times: user=0.02 sys=0.00, real=0.00 secs] 
2021-08-19T07:16:27.501+0800: 53275.098: [GC (Allocation Failure) [PSYoungGen: 85424K->336K(86016K)] 210393K->125305K(280576K), 0.0023211 secs] [Times: user=0.01 sys=0.00, real=0.00 secs] 
2021-08-19T07:16:38.273+0800: 53285.870: [GC (Allocation Failure) [PSYoungGen: 85328K->976K(86016K)] 210297K->125945K(280576K), 0.0023707 secs] [Times: user=0.01 sys=0.00, real=0.00 secs] 
2021-08-19T07:16:51.229+0800: 53298.826: [GC (Allocation Failure) [PSYoungGen: 85968K->432K(86016K)] 210937K->125401K(280576K), 0.0023434 secs] [Times: user=0.02 sys=0.00, real=0.01 secs] 
2021-08-19T07:17:04.230+0800: 53311.828: [GC (Allocation Failure) [PSYoungGen: 85424K->448K(86016K)] 210393K->125417K(280576K), 0.0021380 secs] [Times: user=0.01 sys=0.00, real=0.00 secs] 
2021-08-19T07:17:17.500+0800: 53325.098: [GC (Allocation Failure) [PSYoungGen: 85440K->448K(86016K)] 210409K->125417K(280576K), 0.0023239 secs] [Times: user=0.01 sys=0.00, real=0.01 secs] 
2021-08-19T07:17:28.273+0800: 53335.871: [GC (Allocation Failure) [PSYoungGen: 85440K->448K(86016K)] 210409K->125417K(280576K), 0.0019353 secs] [Times: user=0.02 sys=0.00, real=0.00 secs] 
2021-08-19T07:17:41.227+0800: 53348.825: [GC (Allocation Failure) [PSYoungGen: 85440K->464K(86016K)] 210409K->125433K(280576K), 0.0021039 secs] [Times: user=0.01 sys=0.00, real=0.00 secs] 
2021-08-19T07:17:54.229+0800: 53361.827: [GC (Allocation Failure) [PSYoungGen: 85456K->592K(86016K)] 210425K->125561K(280576K), 0.0019695 secs] [Times: user=0.02 sys=0.00, real=0.01 secs] 
2021-08-19T07:18:07.229+0800: 53374.827: [GC (Allocation Failure) [PSYoungGen: 85584K->608K(86016K)] 210553K->125577K(280576K), 0.0022837 secs] [Times: user=0.01 sys=0.00, real=0.01 secs] 
2021-08-19T07:18:18.273+0800: 53385.870: [GC (Allocation Failure) [PSYoungGen: 85600K->1008K(86016K)] 210569K->126305K(280576K), 0.0026909 secs] [Times: user=0.02 sys=0.00, real=0.00 secs] 
2021-08-19T07:18:31.228+0800: 53398.826: [GC (Allocation Failure) [PSYoungGen: 86000K->880K(84992K)] 211297K->126185K(279552K), 0.0020508 secs] [Times: user=0.01 sys=0.00, real=0.01 secs] 
2021-08-19T07:18:44.228+0800: 53411.825: [GC (Allocation Failure) [PSYoungGen: 84848K->1024K(85504K)] 210153K->126329K(280064K), 0.0024365 secs] [Times: user=0.01 sys=0.00, real=0.00 secs] 
2021-08-19T07:18:57.226+0800: 53424.824: [GC (Allocation Failure) [PSYoungGen: 84992K->1056K(85504K)] 210297K->126361K(280064K), 0.0023874 secs] [Times: user=0.01 sys=0.00, real=0.00 secs] 
2021-08-19T07:19:08.270+0800: 53435.867: [GC (Allocation Failure) [PSYoungGen: 85024K->1504K(85504K)] 210329K->127153K(280064K), 0.0022892 secs] [Times: user=0.01 sys=0.00, real=0.01 secs] 
2021-08-19T07:19:20.873+0800: 53448.471: [GC (Allocation Failure) [PSYoungGen: 85472K->1024K(84480K)] 211121K->126793K(279040K), 0.0020895 secs] [Times: user=0.01 sys=0.00, real=0.00 secs] 
2021-08-19T07:19:33.726+0800: 53461.323: [GC (Allocation Failure) [PSYoungGen: 83968K->1008K(84992K)] 209737K->126777K(279552K), 0.0019384 secs] [Times: user=0.02 sys=0.00, real=0.00 secs] 
2021-08-19T07:19:46.225+0800: 53473.823: [GC (Allocation Failure) [PSYoungGen: 83952K->960K(84992K)] 209721K->126729K(279552K), 0.0020254 secs] [Times: user=0.01 sys=0.00, real=0.00 secs] 
2021-08-19T07:19:58.261+0800: 53485.859: [GC (Allocation Failure) [PSYoungGen: 83904K->1072K(84992K)] 209673K->126865K(279552K), 0.0020504 secs] [Times: user=0.02 sys=0.00, real=0.00 secs] 
2021-08-19T07:20:09.227+0800: 53496.825: [GC (Allocation Failure) [PSYoungGen: 84016K->960K(84992K)] 209809K->126905K(279552K), 0.0019343 secs] [Times: user=0.02 sys=0.00, real=0.00 secs] 
2021-08-19T07:20:22.226+0800: 53509.824: [GC (Allocation Failure) [PSYoungGen: 83904K->896K(84992K)] 209849K->126841K(279552K), 0.0021591 secs] [Times: user=0.01 sys=0.00, real=0.00 secs] 
2021-08-19T07:20:34.873+0800: 53522.471: [GC (Allocation Failure) [PSYoungGen: 83840K->944K(85504K)] 209785K->126889K(280064K), 0.0023336 secs] [Times: user=0.01 sys=0.00, real=0.00 secs] 
2021-08-19T07:20:47.229+0800: 53534.827: [GC (Allocation Failure) [PSYoungGen: 84912K->848K(85504K)] 210857K->126913K(280064K), 0.0019127 secs] [Times: user=0.01 sys=0.00, real=0.01 secs] 
2021-08-19T07:20:58.272+0800: 53545.870: [GC (Allocation Failure) [PSYoungGen: 84816K->1520K(84480K)] 210881K->127841K(279040K), 0.0024356 secs] [Times: user=0.02 sys=0.00, real=0.00 secs] 
2021-08-19T07:21:11.228+0800: 53558.825: [GC (Allocation Failure) [PSYoungGen: 84464K->512K(84992K)] 210785K->127137K(279552K), 0.0023899 secs] [Times: user=0.02 sys=0.00, real=0.01 secs] 
2021-08-19T07:21:23.725+0800: 53571.323: [GC (Allocation Failure) [PSYoungGen: 83456K->544K(84992K)] 210081K->127169K(279552K), 0.0019941 secs] [Times: user=0.02 sys=0.00, real=0.00 secs] 
2021-08-19T07:21:36.227+0800: 53583.825: [GC (Allocation Failure) [PSYoungGen: 83488K->480K(84992K)] 210113K->127225K(279552K), 0.0020649 secs] [Times: user=0.01 sys=0.00, real=0.00 secs] 
2021-08-19T07:21:48.263+0800: 53595.860: [GC (Allocation Failure) [PSYoungGen: 83424K->544K(84992K)] 210169K->127425K(279552K), 0.0020432 secs] [Times: user=0.02 sys=0.00, real=0.00 secs] 
2021-08-19T07:21:59.228+0800: 53606.826: [GC (Allocation Failure) [PSYoungGen: 83488K->384K(84992K)] 210369K->127393K(279552K), 0.0021312 secs] [Times: user=0.02 sys=0.00, real=0.01 secs] 
2021-08-19T07:22:12.226+0800: 53619.824: [GC (Allocation Failure) [PSYoungGen: 83328K->416K(84992K)] 210337K->127481K(279552K), 0.0021631 secs] [Times: user=0.02 sys=0.00, real=0.00 secs] 
2021-08-19T07:22:25.044+0800: 53632.642: [GC (Allocation Failure) [PSYoungGen: 83360K->416K(84992K)] 210425K->127481K(279552K), 0.0024774 secs] [Times: user=0.02 sys=0.00, real=0.00 secs] 
2021-08-19T07:22:37.286+0800: 53644.884: [GC (Allocation Failure) [PSYoungGen: 83360K->384K(84992K)] 210425K->127457K(279552K), 0.0022397 secs] [Times: user=0.02 sys=0.00, real=0.00 secs] 
2021-08-19T07:22:48.271+0800: 53655.869: [GC (Allocation Failure) [PSYoungGen: 83328K->1216K(84992K)] 210401K->128313K(279552K), 0.0022769 secs] [Times: user=0.02 sys=0.00, real=0.00 secs] 
2021-08-19T07:23:00.724+0800: 53668.322: [GC (Allocation Failure) [PSYoungGen: 84160K->416K(84992K)] 211257K->127513K(279552K), 0.0021513 secs] [Times: user=0.01 sys=0.00, real=0.00 secs] 
2021-08-19T07:23:13.230+0800: 53680.828: [GC (Allocation Failure) [PSYoungGen: 83360K->416K(84992K)] 210457K->127513K(279552K), 0.0019403 secs] [Times: user=0.01 sys=0.00, real=0.01 secs] 
2021-08-19T07:23:26.225+0800: 53693.823: [GC (Allocation Failure) [PSYoungGen: 83360K->416K(84992K)] 210457K->127513K(279552K), 0.0018648 secs] [Times: user=0.02 sys=0.00, real=0.00 secs] 
2021-08-19T07:23:38.232+0800: 53705.829: [GC (Allocation Failure) [PSYoungGen: 83360K->384K(84992K)] 210457K->127481K(279552K), 0.0019407 secs] [Times: user=0.02 sys=0.00, real=0.00 secs] 
2021-08-19T07:23:49.226+0800: 53716.824: [GC (Allocation Failure) [PSYoungGen: 83328K->416K(85504K)] 210425K->127513K(280064K), 0.0020053 secs] [Times: user=0.02 sys=0.00, real=0.00 secs] 
2021-08-19T07:24:02.225+0800: 53729.823: [GC (Allocation Failure) [PSYoungGen: 84384K->384K(85504K)] 211481K->127513K(280064K), 0.0022145 secs] [Times: user=0.02 sys=0.00, real=0.00 secs] 
2021-08-19T07:24:14.921+0800: 53742.519: [GC (Allocation Failure) [PSYoungGen: 84352K->384K(85504K)] 211481K->127513K(280064K), 0.0024949 secs] [Times: user=0.01 sys=0.00, real=0.00 secs] 
2021-08-19T07:24:27.738+0800: 53755.335: [GC (Allocation Failure) [PSYoungGen: 84352K->384K(85504K)] 211481K->127513K(280064K), 0.0019492 secs] [Times: user=0.01 sys=0.00, real=0.00 secs] 
2021-08-19T07:24:38.274+0800: 53765.872: [GC (Allocation Failure) [PSYoungGen: 84352K->1312K(85504K)] 211481K->128441K(280064K), 0.0020899 secs] [Times: user=0.02 sys=0.00, real=0.00 secs] 
2021-08-19T07:24:51.227+0800: 53778.825: [GC (Allocation Failure) [PSYoungGen: 85280K->384K(85504K)] 212409K->127513K(280064K), 0.0022463 secs] [Times: user=0.02 sys=0.00, real=0.00 secs] 
2021-08-19T07:25:04.229+0800: 53791.827: [GC (Allocation Failure) [PSYoungGen: 84352K->416K(85504K)] 211481K->127545K(280064K), 0.0022077 secs] [Times: user=0.01 sys=0.00, real=0.01 secs] 
2021-08-19T07:25:17.227+0800: 53804.825: [GC (Allocation Failure) [PSYoungGen: 84384K->416K(85504K)] 211513K->127545K(280064K), 0.0021083 secs] [Times: user=0.01 sys=0.00, real=0.00 secs] 
2021-08-19T07:25:28.273+0800: 53815.871: [GC (Allocation Failure) [PSYoungGen: 84384K->1120K(85504K)] 211513K->128249K(280064K), 0.0022681 secs] [Times: user=0.02 sys=0.00, real=0.00 secs] 
2021-08-19T07:25:40.724+0800: 53828.322: [GC (Allocation Failure) [PSYoungGen: 85088K->352K(85504K)] 212217K->127513K(280064K), 0.0021350 secs] [Times: user=0.02 sys=0.00, real=0.00 secs] 
2021-08-19T07:25:53.230+0800: 53840.827: [GC (Allocation Failure) [PSYoungGen: 84320K->416K(85504K)] 211481K->127577K(280064K), 0.0018906 secs] [Times: user=0.01 sys=0.01, real=0.01 secs] 
2021-08-19T07:26:06.233+0800: 53853.830: [GC (Allocation Failure) [PSYoungGen: 84384K->416K(85504K)] 211545K->127593K(280064K), 0.0023590 secs] [Times: user=0.01 sys=0.00, real=0.00 secs] 
2021-08-19T07:26:18.268+0800: 53865.866: [GC (Allocation Failure) [PSYoungGen: 84384K->736K(85504K)] 211561K->127945K(280064K), 0.0020422 secs] [Times: user=0.02 sys=0.00, real=0.00 secs] 
2021-08-19T07:26:30.227+0800: 53877.825: [GC (Allocation Failure) [PSYoungGen: 84704K->416K(85504K)] 211913K->127649K(280064K), 0.0024466 secs] [Times: user=0.01 sys=0.00, real=0.00 secs] 
2021-08-19T07:26:42.894+0800: 53890.492: [GC (Allocation Failure) [PSYoungGen: 84384K->352K(85504K)] 211617K->127585K(280064K), 0.0022830 secs] [Times: user=0.01 sys=0.00, real=0.00 secs] 
2021-08-19T07:26:55.725+0800: 53903.323: [GC (Allocation Failure) [PSYoungGen: 84320K->416K(85504K)] 211553K->127649K(280064K), 0.0020619 secs] [Times: user=0.01 sys=0.00, real=0.00 secs] 
2021-08-19T07:27:08.264+0800: 53915.861: [GC (Allocation Failure) [PSYoungGen: 84384K->416K(85504K)] 211617K->127657K(280064K), 0.0023042 secs] [Times: user=0.01 sys=0.00, real=0.00 secs] 
2021-08-19T07:27:19.231+0800: 53926.828: [GC (Allocation Failure) [PSYoungGen: 84384K->384K(85504K)] 211625K->127625K(280064K), 0.0021313 secs] [Times: user=0.02 sys=0.00, real=0.00 secs] 
2021-08-19T07:27:32.229+0800: 53939.827: [GC (Allocation Failure) [PSYoungGen: 84352K->384K(85504K)] 211593K->127625K(280064K), 0.0019651 secs] [Times: user=0.01 sys=0.00, real=0.01 secs] 
2021-08-19T07:27:45.227+0800: 53952.825: [GC (Allocation Failure) [PSYoungGen: 84352K->416K(85504K)] 211593K->127657K(280064K), 0.0021377 secs] [Times: user=0.02 sys=0.00, real=0.00 secs] 
2021-08-19T07:27:58.227+0800: 53965.825: [GC (Allocation Failure) [PSYoungGen: 84384K->384K(86016K)] 211625K->127625K(280576K), 0.0019218 secs] [Times: user=0.02 sys=0.00, real=0.00 secs] 
2021-08-19T07:28:09.227+0800: 53976.825: [GC (Allocation Failure) [PSYoungGen: 85376K->416K(86016K)] 212617K->127657K(280576K), 0.0019878 secs] [Times: user=0.01 sys=0.00, real=0.00 secs] 
2021-08-19T07:28:22.229+0800: 53989.827: [GC (Allocation Failure) [PSYoungGen: 85408K->416K(86016K)] 212649K->127657K(280576K), 0.0021186 secs] [Times: user=0.02 sys=0.00, real=0.01 secs] 
2021-08-19T07:28:35.227+0800: 54002.825: [GC (Allocation Failure) [PSYoungGen: 85408K->352K(86016K)] 212649K->127593K(280576K), 0.0023845 secs] [Times: user=0.02 sys=0.00, real=0.00 secs] 
2021-08-19T07:28:48.227+0800: 54015.825: [GC (Allocation Failure) [PSYoungGen: 85344K->416K(86016K)] 212585K->127657K(280576K), 0.0021843 secs] [Times: user=0.01 sys=0.00, real=0.00 secs] 
2021-08-19T07:28:59.227+0800: 54026.825: [GC (Allocation Failure) [PSYoungGen: 85408K->416K(86016K)] 212649K->127657K(280576K), 0.0018665 secs] [Times: user=0.02 sys=0.00, real=0.00 secs] 
2021-08-19T07:29:12.229+0800: 54039.827: [GC (Allocation Failure) [PSYoungGen: 85408K->416K(86016K)] 212649K->127657K(280576K), 0.0018876 secs] [Times: user=0.02 sys=0.00, real=0.01 secs] 
2021-08-19T07:29:25.232+0800: 54052.830: [GC (Allocation Failure) [PSYoungGen: 85408K->352K(86016K)] 212649K->127593K(280576K), 0.0019463 secs] [Times: user=0.01 sys=0.00, real=0.00 secs] 
2021-08-19T07:29:38.228+0800: 54065.826: [GC (Allocation Failure) [PSYoungGen: 85344K->352K(86016K)] 212585K->127593K(280576K), 0.0019262 secs] [Times: user=0.02 sys=0.00, real=0.01 secs] 
2021-08-19T07:29:49.228+0800: 54076.826: [GC (Allocation Failure) [PSYoungGen: 85344K->384K(86016K)] 212585K->127625K(280576K), 0.0020067 secs] [Times: user=0.01 sys=0.00, real=0.01 secs] 
2021-08-19T07:30:02.234+0800: 54089.832: [GC (Allocation Failure) [PSYoungGen: 85376K->352K(86016K)] 212617K->127593K(280576K), 0.0020919 secs] [Times: user=0.01 sys=0.00, real=0.00 secs] 
2021-08-19T07:30:15.230+0800: 54102.828: [GC (Allocation Failure) [PSYoungGen: 85344K->384K(86016K)] 212585K->127625K(280576K), 0.0019749 secs] [Times: user=0.01 sys=0.00, real=0.01 secs] 
2021-08-19T07:30:28.231+0800: 54115.829: [GC (Allocation Failure) [PSYoungGen: 85376K->416K(86016K)] 212617K->127657K(280576K), 0.0019204 secs] [Times: user=0.02 sys=0.00, real=0.00 secs] 
2021-08-19T07:30:39.229+0800: 54126.827: [GC (Allocation Failure) [PSYoungGen: 85408K->384K(86016K)] 212649K->127625K(280576K), 0.0018491 secs] [Times: user=0.02 sys=0.00, real=0.01 secs] 
2021-08-19T07:30:52.229+0800: 54139.827: [GC (Allocation Failure) [PSYoungGen: 85376K->384K(86016K)] 212617K->127625K(280576K), 0.0019936 secs] [Times: user=0.01 sys=0.00, real=0.01 secs] 
2021-08-19T07:31:05.232+0800: 54152.830: [GC (Allocation Failure) [PSYoungGen: 85376K->384K(86016K)] 212617K->127625K(280576K), 0.0021581 secs] [Times: user=0.02 sys=0.00, real=0.00 secs] 
2021-08-19T07:31:18.267+0800: 54165.865: [GC (Allocation Failure) [PSYoungGen: 85376K->320K(86016K)] 212617K->127561K(280576K), 0.0019846 secs] [Times: user=0.01 sys=0.00, real=0.00 secs] 
2021-08-19T07:31:29.728+0800: 54177.325: [GC (Allocation Failure) [PSYoungGen: 85312K->416K(86016K)] 212553K->127673K(280576K), 0.0022685 secs] [Times: user=0.01 sys=0.00, real=0.00 secs] 
2021-08-19T07:31:42.232+0800: 54189.830: [GC (Allocation Failure) [PSYoungGen: 85408K->416K(86016K)] 212665K->127689K(280576K), 0.0019608 secs] [Times: user=0.02 sys=0.00, real=0.00 secs] 
2021-08-19T07:31:55.233+0800: 54202.831: [GC (Allocation Failure) [PSYoungGen: 85408K->384K(86016K)] 212681K->127713K(280576K), 0.0022175 secs] [Times: user=0.02 sys=0.00, real=0.00 secs] 
2021-08-19T07:32:08.231+0800: 54215.828: [GC (Allocation Failure) [PSYoungGen: 85376K->352K(86016K)] 212705K->127681K(280576K), 0.0019866 secs] [Times: user=0.02 sys=0.00, real=0.00 secs] 
2021-08-19T07:32:19.234+0800: 54226.832: [GC (Allocation Failure) [PSYoungGen: 85344K->384K(86016K)] 212673K->127713K(280576K), 0.0020682 secs] [Times: user=0.01 sys=0.00, real=0.00 secs] 
2021-08-19T07:32:32.729+0800: 54240.326: [GC (Allocation Failure) [PSYoungGen: 85376K->416K(86016K)] 212705K->127745K(280576K), 0.0027532 secs] [Times: user=0.01 sys=0.00, real=0.01 secs] 
2021-08-19T07:32:45.230+0800: 54252.828: [GC (Allocation Failure) [PSYoungGen: 85408K->384K(86016K)] 212737K->127713K(280576K), 0.0023300 secs] [Times: user=0.02 sys=0.00, real=0.01 secs] 
2021-08-19T07:32:58.233+0800: 54265.831: [GC (Allocation Failure) [PSYoungGen: 85376K->384K(86528K)] 212705K->127721K(281088K), 0.0021407 secs] [Times: user=0.02 sys=0.00, real=0.00 secs] 
2021-08-19T07:33:09.546+0800: 54277.144: [GC (Allocation Failure) [PSYoungGen: 85888K->384K(86016K)] 213225K->127721K(280576K), 0.0019558 secs] [Times: user=0.02 sys=0.00, real=0.00 secs] 
2021-08-19T07:33:22.730+0800: 54290.328: [GC (Allocation Failure) [PSYoungGen: 85888K->416K(86528K)] 213225K->127753K(281088K), 0.0019418 secs] [Times: user=0.01 sys=0.00, real=0.01 secs] 
2021-08-19T07:33:36.227+0800: 54303.824: [GC (Allocation Failure) [PSYoungGen: 86432K->416K(86528K)] 213769K->127753K(281088K), 0.0018774 secs] [Times: user=0.02 sys=0.00, real=0.00 secs] 
2021-08-19T07:33:48.274+0800: 54315.872: [GC (Allocation Failure) [PSYoungGen: 86432K->512K(85504K)] 213769K->127889K(280064K), 0.0021798 secs] [Times: user=0.02 sys=0.00, real=0.00 secs] 
2021-08-19T07:34:00.225+0800: 54327.823: [GC (Allocation Failure) [PSYoungGen: 85504K->416K(86016K)] 212881K->127793K(280576K), 0.0024400 secs] [Times: user=0.01 sys=0.00, real=0.00 secs] 
2021-08-19T07:34:13.227+0800: 54340.825: [GC (Allocation Failure) [PSYoungGen: 85408K->416K(86016K)] 212785K->127793K(280576K), 0.0019971 secs] [Times: user=0.02 sys=0.00, real=0.00 secs] 
2021-08-19T07:34:26.229+0800: 54353.827: [GC (Allocation Failure) [PSYoungGen: 85408K->384K(86016K)] 212785K->127761K(280576K), 0.0019736 secs] [Times: user=0.02 sys=0.00, real=0.01 secs] 
2021-08-19T07:34:38.275+0800: 54365.872: [GC (Allocation Failure) [PSYoungGen: 85376K->640K(86016K)] 212753K->128017K(280576K), 0.0020476 secs] [Times: user=0.02 sys=0.00, real=0.00 secs] 
2021-08-19T07:34:50.228+0800: 54377.825: [GC (Allocation Failure) [PSYoungGen: 85632K->416K(86016K)] 213009K->127793K(280576K), 0.0019391 secs] [Times: user=0.01 sys=0.00, real=0.00 secs] 
2021-08-19T07:35:02.728+0800: 54390.326: [GC (Allocation Failure) [PSYoungGen: 85408K->416K(86016K)] 212785K->127793K(280576K), 0.0025811 secs] [Times: user=0.02 sys=0.00, real=0.01 secs] 
2021-08-19T07:35:15.729+0800: 54403.327: [GC (Allocation Failure) [PSYoungGen: 85408K->416K(86016K)] 212785K->127793K(280576K), 0.0018462 secs] [Times: user=0.01 sys=0.00, real=0.01 secs] 
2021-08-19T07:35:28.273+0800: 54415.870: [GC (Allocation Failure) [PSYoungGen: 85408K->384K(86016K)] 212785K->127761K(280576K), 0.0020547 secs] [Times: user=0.01 sys=0.00, real=0.00 secs] 
2021-08-19T07:35:39.521+0800: 54427.119: [GC (Allocation Failure) [PSYoungGen: 85376K->384K(86016K)] 212753K->127761K(280576K), 0.0019463 secs] [Times: user=0.01 sys=0.00, real=0.00 secs] 
2021-08-19T07:35:52.734+0800: 54440.332: [GC (Allocation Failure) [PSYoungGen: 85376K->384K(86016K)] 212753K->127761K(280576K), 0.0023985 secs] [Times: user=0.02 sys=0.00, real=0.00 secs] 
2021-08-19T07:36:05.727+0800: 54453.325: [GC (Allocation Failure) [PSYoungGen: 85376K->416K(86016K)] 212753K->127793K(280576K), 0.0021178 secs] [Times: user=0.02 sys=0.00, real=0.00 secs] 
2021-08-19T07:36:18.271+0800: 54465.869: [GC (Allocation Failure) [PSYoungGen: 85408K->384K(86016K)] 212785K->127777K(280576K), 0.0020153 secs] [Times: user=0.02 sys=0.00, real=0.00 secs] 
2021-08-19T07:36:29.728+0800: 54477.325: [GC (Allocation Failure) [PSYoungGen: 85376K->416K(86016K)] 212769K->127809K(280576K), 0.0019552 secs] [Times: user=0.01 sys=0.00, real=0.00 secs] 
2021-08-19T07:36:42.231+0800: 54489.829: [GC (Allocation Failure) [PSYoungGen: 85408K->416K(86528K)] 212801K->127809K(281088K), 0.0019203 secs] [Times: user=0.01 sys=0.00, real=0.00 secs] 
2021-08-19T07:36:55.728+0800: 54503.326: [GC (Allocation Failure) [PSYoungGen: 86432K->416K(86528K)] 213825K->127873K(281088K), 0.0019780 secs] [Times: user=0.01 sys=0.00, real=0.01 secs] 
2021-08-19T07:37:08.275+0800: 54515.872: [GC (Allocation Failure) [PSYoungGen: 86432K->512K(85504K)] 213889K->128009K(280064K), 0.0021583 secs] [Times: user=0.01 sys=0.00, real=0.00 secs] 
2021-08-19T07:37:20.230+0800: 54527.828: [GC (Allocation Failure) [PSYoungGen: 85504K->416K(86016K)] 213001K->127913K(280576K), 0.0020168 secs] [Times: user=0.02 sys=0.00, real=0.00 secs] 
2021-08-19T07:37:33.227+0800: 54540.825: [GC (Allocation Failure) [PSYoungGen: 85408K->416K(86016K)] 212905K->127913K(280576K), 0.0019803 secs] [Times: user=0.02 sys=0.00, real=0.00 secs] 
2021-08-19T07:37:46.228+0800: 54553.825: [GC (Allocation Failure) [PSYoungGen: 85408K->416K(86016K)] 212905K->127913K(280576K), 0.0021350 secs] [Times: user=0.01 sys=0.00, real=0.00 secs] 
2021-08-19T07:37:58.274+0800: 54565.872: [GC (Allocation Failure) [PSYoungGen: 85408K->512K(85504K)] 212905K->128065K(280064K), 0.0024197 secs] [Times: user=0.01 sys=0.00, real=0.00 secs] 
2021-08-19T07:38:10.228+0800: 54577.825: [GC (Allocation Failure) [PSYoungGen: 85504K->416K(86016K)] 213057K->128001K(280576K), 0.0018903 secs] [Times: user=0.02 sys=0.00, real=0.00 secs] 
2021-08-19T07:38:23.228+0800: 54590.825: [GC (Allocation Failure) [PSYoungGen: 85408K->384K(86016K)] 212993K->127969K(280576K), 0.0020206 secs] [Times: user=0.02 sys=0.00, real=0.00 secs] 
2021-08-19T07:38:36.228+0800: 54603.826: [GC (Allocation Failure) [PSYoungGen: 85376K->384K(86016K)] 212961K->127969K(280576K), 0.0019234 secs] [Times: user=0.02 sys=0.00, real=0.01 secs] 
2021-08-19T07:38:48.275+0800: 54615.872: [GC (Allocation Failure) [PSYoungGen: 85376K->736K(86016K)] 212961K->128321K(280576K), 0.0025168 secs] [Times: user=0.01 sys=0.00, real=0.00 secs] 
2021-08-19T07:39:00.229+0800: 54627.827: [GC (Allocation Failure) [PSYoungGen: 85728K->384K(86016K)] 213313K->127977K(280576K), 0.0021772 secs] [Times: user=0.02 sys=0.00, real=0.01 secs] 
2021-08-19T07:39:13.232+0800: 54640.830: [GC (Allocation Failure) [PSYoungGen: 85376K->352K(86016K)] 212969K->127953K(280576K), 0.0018749 secs] [Times: user=0.01 sys=0.00, real=0.00 secs] 
2021-08-19T07:39:26.233+0800: 54653.831: [GC (Allocation Failure) [PSYoungGen: 85344K->416K(86016K)] 212945K->128017K(280576K), 0.0023067 secs] [Times: user=0.02 sys=0.00, real=0.00 secs] 
2021-08-19T07:39:38.275+0800: 54665.873: [GC (Allocation Failure) [PSYoungGen: 85408K->704K(86016K)] 213009K->128305K(280576K), 0.0021356 secs] [Times: user=0.01 sys=0.00, real=0.00 secs] 
2021-08-19T07:39:50.231+0800: 54677.829: [GC (Allocation Failure) [PSYoungGen: 85696K->416K(86016K)] 213297K->128025K(280576K), 0.0018433 secs] [Times: user=0.01 sys=0.00, real=0.00 secs] 
2021-08-19T07:40:03.234+0800: 54690.832: [GC (Allocation Failure) [PSYoungGen: 85408K->384K(86016K)] 213017K->127993K(280576K), 0.0020821 secs] [Times: user=0.01 sys=0.00, real=0.00 secs] 
2021-08-19T07:40:16.574+0800: 54704.171: [GC (Allocation Failure) [PSYoungGen: 85376K->384K(86016K)] 212985K->128049K(280576K), 0.0020692 secs] [Times: user=0.02 sys=0.00, real=0.00 secs] 
2021-08-19T07:40:28.278+0800: 54715.876: [GC (Allocation Failure) [PSYoungGen: 85376K->1024K(86016K)] 213041K->128705K(280576K), 0.0022909 secs] [Times: user=0.02 sys=0.00, real=0.01 secs] 
2021-08-19T07:40:40.229+0800: 54727.827: [GC (Allocation Failure) [PSYoungGen: 86016K->384K(86016K)] 213697K->128065K(280576K), 0.0020022 secs] [Times: user=0.02 sys=0.01, real=0.01 secs] 
2021-08-19T07:40:53.234+0800: 54740.832: [GC (Allocation Failure) [PSYoungGen: 85376K->416K(86016K)] 213057K->128097K(280576K), 0.0020479 secs] [Times: user=0.01 sys=0.00, real=0.00 secs] 
2021-08-19T07:41:06.727+0800: 54754.325: [GC (Allocation Failure) [PSYoungGen: 85408K->384K(86016K)] 213089K->128105K(280576K), 0.0020512 secs] [Times: user=0.02 sys=0.00, real=0.00 secs] 
2021-08-19T07:41:18.278+0800: 54765.876: [GC (Allocation Failure) [PSYoungGen: 85376K->1024K(86016K)] 213097K->128761K(280576K), 0.0021786 secs] [Times: user=0.01 sys=0.00, real=0.01 secs] 
2021-08-19T07:41:30.727+0800: 54778.325: [GC (Allocation Failure) [PSYoungGen: 86016K->352K(86016K)] 213753K->128089K(280576K), 0.0024161 secs] [Times: user=0.01 sys=0.00, real=0.00 secs] 
2021-08-19T07:41:43.236+0800: 54790.834: [GC (Allocation Failure) [PSYoungGen: 85344K->416K(86016K)] 213081K->128153K(280576K), 0.0020618 secs] [Times: user=0.01 sys=0.00, real=0.00 secs] 
2021-08-19T07:41:56.727+0800: 54804.325: [GC (Allocation Failure) [PSYoungGen: 85408K->384K(86016K)] 213145K->128121K(280576K), 0.0019697 secs] [Times: user=0.02 sys=0.00, real=0.00 secs] 
2021-08-19T07:42:08.278+0800: 54815.876: [GC (Allocation Failure) [PSYoungGen: 85376K->1024K(84992K)] 213113K->128777K(279552K), 0.0022305 secs] [Times: user=0.01 sys=0.00, real=0.01 secs] 
2021-08-19T07:42:20.233+0800: 54827.830: [GC (Allocation Failure) [PSYoungGen: 84992K->384K(85504K)] 212745K->128137K(280064K), 0.0018550 secs] [Times: user=0.01 sys=0.00, real=0.00 secs] 
2021-08-19T07:42:33.229+0800: 54840.827: [GC (Allocation Failure) [PSYoungGen: 84352K->384K(85504K)] 212105K->128137K(280064K), 0.0019739 secs] [Times: user=0.01 sys=0.00, real=0.01 secs] 
2021-08-19T07:42:46.227+0800: 54853.825: [GC (Allocation Failure) [PSYoungGen: 84352K->416K(85504K)] 212105K->128169K(280064K), 0.0021287 secs] [Times: user=0.01 sys=0.00, real=0.00 secs] 
2021-08-19T07:42:58.274+0800: 54865.871: [GC (Allocation Failure) [PSYoungGen: 84384K->608K(86016K)] 212137K->128361K(280576K), 0.0020284 secs] [Times: user=0.01 sys=0.01, real=0.00 secs] 
2021-08-19T07:43:10.227+0800: 54877.824: [GC (Allocation Failure) [PSYoungGen: 85600K->352K(86016K)] 213353K->128121K(280576K), 0.0019202 secs] [Times: user=0.02 sys=0.00, real=0.00 secs] 
2021-08-19T07:43:23.228+0800: 54890.826: [GC (Allocation Failure) [PSYoungGen: 85344K->384K(86016K)] 213113K->128153K(280576K), 0.0020084 secs] [Times: user=0.01 sys=0.00, real=0.01 secs] 
2021-08-19T07:43:36.228+0800: 54903.825: [GC (Allocation Failure) [PSYoungGen: 85376K->416K(86016K)] 213145K->128193K(280576K), 0.0024272 secs] [Times: user=0.02 sys=0.00, real=0.01 secs] 
2021-08-19T07:43:48.275+0800: 54915.873: [GC (Allocation Failure) [PSYoungGen: 85408K->608K(86016K)] 213185K->128385K(280576K), 0.0019639 secs] [Times: user=0.01 sys=0.00, real=0.00 secs] 
2021-08-19T07:44:00.227+0800: 54927.824: [GC (Allocation Failure) [PSYoungGen: 85600K->384K(86016K)] 213377K->128161K(280576K), 0.0024246 secs] [Times: user=0.02 sys=0.00, real=0.00 secs] 
2021-08-19T07:44:13.228+0800: 54940.826: [GC (Allocation Failure) [PSYoungGen: 85376K->384K(86016K)] 213153K->128161K(280576K), 0.0024091 secs] [Times: user=0.02 sys=0.00, real=0.01 secs] 
2021-08-19T07:44:26.228+0800: 54953.826: [GC (Allocation Failure) [PSYoungGen: 85376K->384K(86016K)] 213153K->128161K(280576K), 0.0022706 secs] [Times: user=0.02 sys=0.00, real=0.01 secs] 
2021-08-19T07:44:38.280+0800: 54965.878: [GC (Allocation Failure) [PSYoungGen: 85376K->640K(86016K)] 213153K->128417K(280576K), 0.0020626 secs] [Times: user=0.02 sys=0.00, real=0.01 secs] 
2021-08-19T07:44:50.228+0800: 54977.826: [GC (Allocation Failure) [PSYoungGen: 85632K->416K(86016K)] 213409K->128193K(280576K), 0.0025207 secs] [Times: user=0.02 sys=0.00, real=0.01 secs] 
2021-08-19T07:45:03.230+0800: 54990.827: [GC (Allocation Failure) [PSYoungGen: 85408K->416K(86016K)] 213185K->128193K(280576K), 0.0022515 secs] [Times: user=0.02 sys=0.00, real=0.01 secs] 
2021-08-19T07:45:16.229+0800: 55003.827: [GC (Allocation Failure) [PSYoungGen: 85408K->416K(86016K)] 213185K->128233K(280576K), 0.0018639 secs] [Times: user=0.01 sys=0.00, real=0.01 secs] 
2021-08-19T07:45:28.281+0800: 55015.879: [GC (Allocation Failure) [PSYoungGen: 85408K->704K(86016K)] 213225K->128521K(280576K), 0.0020624 secs] [Times: user=0.01 sys=0.00, real=0.00 secs] 
2021-08-19T07:45:40.227+0800: 55027.825: [GC (Allocation Failure) [PSYoungGen: 85696K->400K(86016K)] 213513K->128217K(280576K), 0.0022475 secs] [Times: user=0.01 sys=0.00, real=0.00 secs] 
2021-08-19T07:45:53.229+0800: 55040.826: [GC (Allocation Failure) [PSYoungGen: 85392K->432K(86016K)] 213209K->128249K(280576K), 0.0024606 secs] [Times: user=0.01 sys=0.00, real=0.01 secs] 
2021-08-19T07:46:06.230+0800: 55053.827: [GC (Allocation Failure) [PSYoungGen: 85424K->416K(86016K)] 213241K->128233K(280576K), 0.0018787 secs] [Times: user=0.01 sys=0.00, real=0.01 secs] 
2021-08-19T07:46:18.282+0800: 55065.880: [GC (Allocation Failure) [PSYoungGen: 85408K->928K(86016K)] 213225K->128745K(280576K), 0.0020460 secs] [Times: user=0.01 sys=0.00, real=0.00 secs] 
2021-08-19T07:46:30.302+0800: 55077.900: [GC (Allocation Failure) [PSYoungGen: 85920K->384K(86016K)] 213737K->128201K(280576K), 0.0021228 secs] [Times: user=0.01 sys=0.00, real=0.00 secs] 
2021-08-19T07:46:43.229+0800: 55090.827: [GC (Allocation Failure) [PSYoungGen: 85376K->448K(86016K)] 213193K->128265K(280576K), 0.0020345 secs] [Times: user=0.02 sys=0.00, real=0.01 secs] 
2021-08-19T07:46:56.230+0800: 55103.828: [GC (Allocation Failure) [PSYoungGen: 85440K->464K(86016K)] 213257K->128281K(280576K), 0.0022699 secs] [Times: user=0.01 sys=0.00, real=0.00 secs] 
2021-08-19T07:47:08.283+0800: 55115.880: [GC (Allocation Failure) [PSYoungGen: 85456K->1008K(86016K)] 213273K->128825K(280576K), 0.0020252 secs] [Times: user=0.02 sys=0.00, real=0.00 secs] 
2021-08-19T07:47:20.308+0800: 55127.905: [GC (Allocation Failure) [PSYoungGen: 86000K->544K(86016K)] 213817K->128361K(280576K), 0.0021304 secs] [Times: user=0.02 sys=0.00, real=0.00 secs] 
2021-08-19T07:47:33.729+0800: 55141.327: [GC (Allocation Failure) [PSYoungGen: 85536K->496K(86016K)] 213353K->128329K(280576K), 0.0021255 secs] [Times: user=0.01 sys=0.00, real=0.01 secs] 
2021-08-19T07:47:46.234+0800: 55153.831: [GC (Allocation Failure) [PSYoungGen: 85488K->640K(86016K)] 213321K->128473K(280576K), 0.0019271 secs] [Times: user=0.02 sys=0.00, real=0.00 secs] 
2021-08-19T07:47:58.280+0800: 55165.878: [GC (Allocation Failure) [PSYoungGen: 85632K->992K(84992K)] 213465K->129321K(279552K), 0.0027328 secs] [Times: user=0.02 sys=0.00, real=0.00 secs] 
2021-08-19T07:48:10.228+0800: 55177.826: [GC (Allocation Failure) [PSYoungGen: 84960K->1120K(85504K)] 213289K->129465K(280064K), 0.0021992 secs] [Times: user=0.02 sys=0.00, real=0.01 secs] 
2021-08-19T07:48:23.229+0800: 55190.827: [GC (Allocation Failure) [PSYoungGen: 85088K->1072K(85504K)] 213433K->129417K(280064K), 0.0022088 secs] [Times: user=0.02 sys=0.00, real=0.01 secs] 
2021-08-19T07:48:36.227+0800: 55203.825: [GC (Allocation Failure) [PSYoungGen: 85040K->1088K(85504K)] 213385K->129441K(280064K), 0.0021369 secs] [Times: user=0.01 sys=0.00, real=0.00 secs] 
2021-08-19T07:48:48.232+0800: 55215.829: [GC (Allocation Failure) [PSYoungGen: 85056K->992K(85504K)] 213409K->129473K(280064K), 0.0021119 secs] [Times: user=0.01 sys=0.00, real=0.00 secs] 
2021-08-19T07:48:59.230+0800: 55226.828: [GC (Allocation Failure) [PSYoungGen: 84960K->1024K(85504K)] 213441K->129505K(280064K), 0.0020166 secs] [Times: user=0.02 sys=0.00, real=0.00 secs] 
2021-08-19T07:49:12.229+0800: 55239.827: [GC (Allocation Failure) [PSYoungGen: 84992K->944K(85504K)] 213473K->129441K(280064K), 0.0022129 secs] [Times: user=0.02 sys=0.00, real=0.01 secs] 
2021-08-19T07:49:25.229+0800: 55252.827: [GC (Allocation Failure) [PSYoungGen: 84912K->1008K(85504K)] 213409K->129513K(280064K), 0.0020991 secs] [Times: user=0.01 sys=0.00, real=0.01 secs] 
2021-08-19T07:49:37.947+0800: 55265.545: [GC (Allocation Failure) [PSYoungGen: 84976K->1024K(85504K)] 213481K->129529K(280064K), 0.0022672 secs] [Times: user=0.02 sys=0.00, real=0.00 secs] 
2021-08-19T07:49:48.729+0800: 55276.327: [GC (Allocation Failure) [PSYoungGen: 84992K->864K(85504K)] 213497K->129481K(280064K), 0.0022831 secs] [Times: user=0.02 sys=0.00, real=0.01 secs] 
2021-08-19T07:50:01.726+0800: 55289.324: [GC (Allocation Failure) [PSYoungGen: 84832K->928K(85504K)] 213449K->129545K(280064K), 0.0023739 secs] [Times: user=0.02 sys=0.00, real=0.00 secs] 
2021-08-19T07:50:14.233+0800: 55301.831: [GC (Allocation Failure) [PSYoungGen: 84896K->912K(85504K)] 213513K->129537K(280064K), 0.0023341 secs] [Times: user=0.02 sys=0.00, real=0.00 secs] 
2021-08-19T07:50:27.232+0800: 55314.829: [GC (Allocation Failure) [PSYoungGen: 84880K->864K(85504K)] 213505K->129601K(280064K), 0.0019791 secs] [Times: user=0.02 sys=0.00, real=0.00 secs] 
2021-08-19T07:50:38.286+0800: 55325.884: [GC (Allocation Failure) [PSYoungGen: 84832K->1520K(85504K)] 213569K->130385K(280064K), 0.0024939 secs] [Times: user=0.02 sys=0.00, real=0.00 secs] 
2021-08-19T07:50:50.947+0800: 55338.545: [GC (Allocation Failure) [PSYoungGen: 85488K->416K(84480K)] 214353K->129842K(279040K), 0.0025363 secs] [Times: user=0.01 sys=0.02, real=0.01 secs] 
2021-08-19T07:51:03.728+0800: 55351.326: [GC (Allocation Failure) [PSYoungGen: 83360K->384K(84992K)] 212786K->129810K(279552K), 0.0022010 secs] [Times: user=0.01 sys=0.00, real=0.01 secs] 
2021-08-19T07:51:16.230+0800: 55363.827: [GC (Allocation Failure) [PSYoungGen: 83328K->384K(84992K)] 212754K->129938K(279552K), 0.0020534 secs] [Times: user=0.01 sys=0.00, real=0.01 secs] 
2021-08-19T07:51:28.282+0800: 55375.880: [GC (Allocation Failure) [PSYoungGen: 83328K->672K(84992K)] 212882K->130242K(279552K), 0.0022755 secs] [Times: user=0.01 sys=0.00, real=0.00 secs] 
2021-08-19T07:51:39.234+0800: 55386.832: [GC (Allocation Failure) [PSYoungGen: 83616K->352K(84992K)] 213186K->129922K(279552K), 0.0019987 secs] [Times: user=0.01 sys=0.00, real=0.00 secs] 
2021-08-19T07:51:52.230+0800: 55399.828: [GC (Allocation Failure) [PSYoungGen: 83296K->384K(84992K)] 212866K->129954K(279552K), 0.0022245 secs] [Times: user=0.02 sys=0.00, real=0.00 secs] 
2021-08-19T07:52:05.226+0800: 55412.824: [GC (Allocation Failure) [PSYoungGen: 83328K->416K(85504K)] 212898K->129986K(280064K), 0.0020332 secs] [Times: user=0.01 sys=0.00, real=0.00 secs] 
2021-08-19T07:52:17.728+0800: 55425.325: [GC (Allocation Failure) [PSYoungGen: 84384K->416K(85504K)] 213954K->129986K(280064K), 0.0020436 secs] [Times: user=0.01 sys=0.00, real=0.00 secs] 
2021-08-19T07:52:28.726+0800: 55436.324: [GC (Allocation Failure) [PSYoungGen: 84384K->352K(85504K)] 213954K->129922K(280064K), 0.0023270 secs] [Times: user=0.01 sys=0.00, real=0.00 secs] 
2021-08-19T07:52:41.230+0800: 55448.828: [GC (Allocation Failure) [PSYoungGen: 84320K->384K(85504K)] 213890K->129986K(280064K), 0.0019470 secs] [Times: user=0.01 sys=0.00, real=0.01 secs] 
2021-08-19T07:52:54.229+0800: 55461.827: [GC (Allocation Failure) [PSYoungGen: 84352K->416K(85504K)] 213954K->130018K(280064K), 0.0020101 secs] [Times: user=0.01 sys=0.00, real=0.01 secs] 
2021-08-19T07:53:07.229+0800: 55474.827: [GC (Allocation Failure) [PSYoungGen: 84384K->416K(85504K)] 213986K->130018K(280064K), 0.0022085 secs] [Times: user=0.01 sys=0.00, real=0.01 secs] 
2021-08-19T07:53:18.286+0800: 55485.884: [GC (Allocation Failure) [PSYoungGen: 84384K->1184K(85504K)] 213986K->130786K(280064K), 0.0023329 secs] [Times: user=0.02 sys=0.00, real=0.00 secs] 
2021-08-19T07:53:30.949+0800: 55498.547: [GC (Allocation Failure) [PSYoungGen: 85152K->384K(85504K)] 214754K->129994K(280064K), 0.0019360 secs] [Times: user=0.01 sys=0.00, real=0.01 secs] 
2021-08-19T07:53:43.234+0800: 55510.832: [GC (Allocation Failure) [PSYoungGen: 84352K->416K(85504K)] 213962K->130074K(280064K), 0.0018805 secs] [Times: user=0.02 sys=0.00, real=0.00 secs] 
2021-08-19T07:53:56.232+0800: 55523.830: [GC (Allocation Failure) [PSYoungGen: 84384K->384K(85504K)] 214042K->130042K(280064K), 0.0020750 secs] [Times: user=0.01 sys=0.00, real=0.00 secs] 
2021-08-19T07:54:08.283+0800: 55535.880: [GC (Allocation Failure) [PSYoungGen: 84352K->672K(85504K)] 214010K->130330K(280064K), 0.0022244 secs] [Times: user=0.01 sys=0.00, real=0.00 secs] 
2021-08-19T07:54:20.232+0800: 55547.829: [GC (Allocation Failure) [PSYoungGen: 84640K->384K(85504K)] 214298K->130042K(280064K), 0.0021699 secs] [Times: user=0.01 sys=0.00, real=0.00 secs] 
2021-08-19T07:54:33.231+0800: 55560.828: [GC (Allocation Failure) [PSYoungGen: 84352K->416K(85504K)] 214010K->130074K(280064K), 0.0021014 secs] [Times: user=0.02 sys=0.00, real=0.00 secs] 
2021-08-19T07:54:45.683+0800: 55573.281: [GC (Allocation Failure) [PSYoungGen: 84384K->384K(85504K)] 214042K->130042K(280064K), 0.0019891 secs] [Times: user=0.02 sys=0.00, real=0.00 secs] 
2021-08-19T07:54:58.237+0800: 55585.834: [GC (Allocation Failure) [PSYoungGen: 84352K->416K(85504K)] 214010K->130082K(280064K), 0.0018854 secs] [Times: user=0.01 sys=0.00, real=0.00 secs] 
2021-08-19T07:55:09.237+0800: 55596.834: [GC (Allocation Failure) [PSYoungGen: 84384K->416K(85504K)] 214050K->130082K(280064K), 0.0021875 secs] [Times: user=0.02 sys=0.00, real=0.00 secs] 
2021-08-19T07:55:22.238+0800: 55609.836: [GC (Allocation Failure) [PSYoungGen: 84384K->416K(85504K)] 214050K->130082K(280064K), 0.0018503 secs] [Times: user=0.02 sys=0.00, real=0.00 secs] 
2021-08-19T07:55:35.235+0800: 55622.832: [GC (Allocation Failure) [PSYoungGen: 84384K->352K(85504K)] 214050K->130018K(280064K), 0.0023735 secs] [Times: user=0.02 sys=0.00, real=0.00 secs] 
2021-08-19T07:55:48.231+0800: 55635.829: [GC (Allocation Failure) [PSYoungGen: 84320K->384K(86016K)] 213986K->130050K(280576K), 0.0024298 secs] [Times: user=0.01 sys=0.00, real=0.00 secs] 
2021-08-19T07:55:59.232+0800: 55646.830: [GC (Allocation Failure) [PSYoungGen: 85376K->384K(86016K)] 215042K->130050K(280576K), 0.0019281 secs] [Times: user=0.02 sys=0.00, real=0.00 secs] 
2021-08-19T07:56:12.235+0800: 55659.833: [GC (Allocation Failure) [PSYoungGen: 85376K->416K(86016K)] 215042K->130082K(280576K), 0.0023745 secs] [Times: user=0.01 sys=0.00, real=0.00 secs] 
2021-08-19T07:56:25.235+0800: 55672.833: [GC (Allocation Failure) [PSYoungGen: 85408K->384K(86016K)] 215074K->130050K(280576K), 0.0021864 secs] [Times: user=0.01 sys=0.00, real=0.00 secs] 
2021-08-19T07:56:38.233+0800: 55685.831: [GC (Allocation Failure) [PSYoungGen: 85376K->416K(86016K)] 215042K->130082K(280576K), 0.0023133 secs] [Times: user=0.01 sys=0.00, real=0.00 secs] 
2021-08-19T07:56:49.233+0800: 55696.831: [GC (Allocation Failure) [PSYoungGen: 85408K->384K(86016K)] 215074K->130050K(280576K), 0.0021629 secs] [Times: user=0.01 sys=0.00, real=0.00 secs] 
2021-08-19T07:57:02.236+0800: 55709.834: [GC (Allocation Failure) [PSYoungGen: 85376K->352K(86016K)] 215042K->130018K(280576K), 0.0020015 secs] [Times: user=0.02 sys=0.00, real=0.00 secs] 
2021-08-19T07:57:15.237+0800: 55722.835: [GC (Allocation Failure) [PSYoungGen: 85344K->384K(86016K)] 215010K->130050K(280576K), 0.0019459 secs] [Times: user=0.02 sys=0.00, real=0.00 secs] 
2021-08-19T07:57:28.240+0800: 55735.837: [GC (Allocation Failure) [PSYoungGen: 85376K->416K(86016K)] 215042K->130082K(280576K), 0.0021618 secs] [Times: user=0.02 sys=0.00, real=0.01 secs] 
2021-08-19T07:57:39.235+0800: 55746.832: [GC (Allocation Failure) [PSYoungGen: 85408K->384K(86016K)] 215074K->130050K(280576K), 0.0025059 secs] [Times: user=0.02 sys=0.00, real=0.00 secs] 
2021-08-19T07:57:52.237+0800: 55759.835: [GC (Allocation Failure) [PSYoungGen: 85376K->384K(86016K)] 215042K->130050K(280576K), 0.0021567 secs] [Times: user=0.01 sys=0.00, real=0.00 secs] 
2021-08-19T07:58:05.236+0800: 55772.834: [GC (Allocation Failure) [PSYoungGen: 85376K->416K(86016K)] 215042K->130082K(280576K), 0.0021636 secs] [Times: user=0.01 sys=0.00, real=0.00 secs] 
2021-08-19T07:58:18.239+0800: 55785.837: [GC (Allocation Failure) [PSYoungGen: 85408K->416K(86016K)] 215074K->130082K(280576K), 0.0021795 secs] [Times: user=0.01 sys=0.00, real=0.01 secs] 
2021-08-19T07:58:29.238+0800: 55796.835: [GC (Allocation Failure) [PSYoungGen: 85408K->384K(86016K)] 215074K->130066K(280576K), 0.0024698 secs] [Times: user=0.02 sys=0.00, real=0.00 secs] 
2021-08-19T07:58:42.237+0800: 55809.835: [GC (Allocation Failure) [PSYoungGen: 85376K->384K(86016K)] 215058K->130066K(280576K), 0.0021964 secs] [Times: user=0.01 sys=0.00, real=0.00 secs] 
2021-08-19T07:58:55.239+0800: 55822.837: [GC (Allocation Failure) [PSYoungGen: 85376K->416K(86016K)] 215058K->130098K(280576K), 0.0019529 secs] [Times: user=0.02 sys=0.00, real=0.01 secs] 
2021-08-19T07:59:08.238+0800: 55835.835: [GC (Allocation Failure) [PSYoungGen: 85408K->416K(86016K)] 215090K->130098K(280576K), 0.0022619 secs] [Times: user=0.01 sys=0.00, real=0.00 secs] 
2021-08-19T07:59:19.238+0800: 55846.836: [GC (Allocation Failure) [PSYoungGen: 85408K->416K(86016K)] 215090K->130098K(280576K), 0.0021356 secs] [Times: user=0.01 sys=0.00, real=0.01 secs] 
2021-08-19T07:59:32.239+0800: 55859.837: [GC (Allocation Failure) [PSYoungGen: 85408K->384K(86016K)] 215090K->130090K(280576K), 0.0019537 secs] [Times: user=0.01 sys=0.00, real=0.01 secs] 
2021-08-19T07:59:45.239+0800: 55872.836: [GC (Allocation Failure) [PSYoungGen: 85376K->416K(86016K)] 215082K->130122K(280576K), 0.0024381 secs] [Times: user=0.01 sys=0.00, real=0.01 secs] 
2021-08-19T07:59:58.238+0800: 55885.835: [GC (Allocation Failure) [PSYoungGen: 85408K->384K(86016K)] 215114K->130090K(280576K), 0.0022533 secs] [Times: user=0.02 sys=0.00, real=0.00 secs] 
2021-08-19T08:00:09.238+0800: 55896.836: [GC (Allocation Failure) [PSYoungGen: 85376K->416K(86016K)] 215082K->130122K(280576K), 0.0021375 secs] [Times: user=0.02 sys=0.00, real=0.01 secs] 
2021-08-19T08:00:22.240+0800: 55909.838: [GC (Allocation Failure) [PSYoungGen: 85408K->352K(86016K)] 215114K->130058K(280576K), 0.0021628 secs] [Times: user=0.01 sys=0.00, real=0.01 secs] 
2021-08-19T08:00:35.241+0800: 55922.839: [GC (Allocation Failure) [PSYoungGen: 85344K->416K(86016K)] 215050K->130122K(280576K), 0.0019420 secs] [Times: user=0.02 sys=0.00, real=0.00 secs] 
2021-08-19T08:00:48.239+0800: 55935.836: [GC (Allocation Failure) [PSYoungGen: 85408K->416K(86528K)] 215114K->130122K(281088K), 0.0021450 secs] [Times: user=0.01 sys=0.00, real=0.01 secs] 
2021-08-19T08:00:59.242+0800: 55946.840: [GC (Allocation Failure) [PSYoungGen: 86432K->352K(86528K)] 216138K->130058K(281088K), 0.0019772 secs] [Times: user=0.02 sys=0.00, real=0.00 secs] 
2021-08-19T08:01:12.242+0800: 55959.840: [GC (Allocation Failure) [PSYoungGen: 86368K->384K(86528K)] 216074K->130090K(281088K), 0.0019218 secs] [Times: user=0.01 sys=0.00, real=0.00 secs] 
2021-08-19T08:01:25.738+0800: 55973.336: [GC (Allocation Failure) [PSYoungGen: 86400K->384K(86528K)] 216106K->130090K(281088K), 0.0019151 secs] [Times: user=0.01 sys=0.00, real=0.01 secs] 
2021-08-19T08:01:38.279+0800: 55985.877: [GC (Allocation Failure) [PSYoungGen: 86400K->384K(86528K)] 216106K->130090K(281088K), 0.0020282 secs] [Times: user=0.02 sys=0.00, real=0.01 secs] 
2021-08-19T08:01:50.239+0800: 55997.836: [GC (Allocation Failure) [PSYoungGen: 86400K->416K(86528K)] 216106K->130122K(281088K), 0.0022202 secs] [Times: user=0.02 sys=0.00, real=0.01 secs] 
2021-08-19T08:02:03.241+0800: 56010.838: [GC (Allocation Failure) [PSYoungGen: 86432K->384K(86528K)] 216138K->130106K(281088K), 0.0020285 secs] [Times: user=0.01 sys=0.00, real=0.00 secs] 
2021-08-19T08:02:16.244+0800: 56023.841: [GC (Allocation Failure) [PSYoungGen: 86400K->416K(86528K)] 216122K->130138K(281088K), 0.0021556 secs] [Times: user=0.02 sys=0.00, real=0.00 secs] 
2021-08-19T08:02:28.288+0800: 56035.885: [GC (Allocation Failure) [PSYoungGen: 86432K->512K(85504K)] 216154K->130666K(280064K), 0.0022832 secs] [Times: user=0.01 sys=0.00, real=0.00 secs] 
2021-08-19T08:02:40.370+0800: 56047.968: [GC (Allocation Failure) [PSYoungGen: 85504K->384K(86016K)] 215658K->130570K(280576K), 0.0022019 secs] [Times: user=0.02 sys=0.00, real=0.01 secs] 
2021-08-19T08:02:53.739+0800: 56061.337: [GC (Allocation Failure) [PSYoungGen: 85376K->416K(86016K)] 215562K->130602K(280576K), 0.0020547 secs] [Times: user=0.01 sys=0.00, real=0.01 secs] 
2021-08-19T08:03:06.741+0800: 56074.338: [GC (Allocation Failure) [PSYoungGen: 85408K->384K(86016K)] 215594K->130570K(280576K), 0.0019923 secs] [Times: user=0.02 sys=0.00, real=0.00 secs] 
2021-08-19T08:03:18.287+0800: 56085.884: [GC (Allocation Failure) [PSYoungGen: 85376K->1024K(86016K)] 215562K->131242K(280576K), 0.0022490 secs] [Times: user=0.01 sys=0.00, real=0.00 secs] 
2021-08-19T08:03:30.742+0800: 56098.340: [GC (Allocation Failure) [PSYoungGen: 86016K->384K(86016K)] 216234K->130602K(280576K), 0.0018105 secs] [Times: user=0.01 sys=0.00, real=0.00 secs] 
2021-08-19T08:03:43.739+0800: 56111.337: [GC (Allocation Failure) [PSYoungGen: 85376K->416K(86016K)] 215594K->130634K(280576K), 0.0021299 secs] [Times: user=0.02 sys=0.00, real=0.01 secs] 
2021-08-19T08:03:56.743+0800: 56124.341: [GC (Allocation Failure) [PSYoungGen: 85408K->416K(86016K)] 215626K->130634K(280576K), 0.0020074 secs] [Times: user=0.02 sys=0.00, real=0.00 secs] 
2021-08-19T08:04:08.287+0800: 56135.885: [GC (Allocation Failure) [PSYoungGen: 85408K->1024K(86016K)] 215626K->131266K(280576K), 0.0023352 secs] [Times: user=0.02 sys=0.00, real=0.00 secs] 
2021-08-19T08:04:20.943+0800: 56148.541: [GC (Allocation Failure) [PSYoungGen: 86016K->384K(86016K)] 216258K->130626K(280576K), 0.0024534 secs] [Times: user=0.01 sys=0.00, real=0.00 secs] 
2021-08-19T08:04:34.240+0800: 56161.837: [GC (Allocation Failure) [PSYoungGen: 85376K->384K(86016K)] 215618K->130626K(280576K), 0.0021469 secs] [Times: user=0.01 sys=0.00, real=0.01 secs] 
2021-08-19T08:04:46.901+0800: 56174.499: [GC (Allocation Failure) [PSYoungGen: 85376K->352K(86016K)] 215618K->130594K(280576K), 0.0020802 secs] [Times: user=0.01 sys=0.00, real=0.00 secs] 
2021-08-19T08:04:58.288+0800: 56185.886: [GC (Allocation Failure) [PSYoungGen: 85344K->1024K(84992K)] 215586K->131290K(279552K), 0.0022560 secs] [Times: user=0.02 sys=0.00, real=0.01 secs] 
2021-08-19T08:05:10.747+0800: 56198.344: [GC (Allocation Failure) [PSYoungGen: 84992K->384K(85504K)] 215258K->130722K(280064K), 0.0020299 secs] [Times: user=0.01 sys=0.00, real=0.00 secs] 
2021-08-19T08:05:23.248+0800: 56210.845: [GC (Allocation Failure) [PSYoungGen: 84352K->384K(86016K)] 214690K->130722K(280576K), 0.0021788 secs] [Times: user=0.01 sys=0.00, real=0.00 secs] 
2021-08-19T08:05:36.246+0800: 56223.844: [GC (Allocation Failure) [PSYoungGen: 84864K->416K(85504K)] 215202K->130770K(280064K), 0.0018357 secs] [Times: user=0.01 sys=0.00, real=0.00 secs] 
2021-08-19T08:05:48.284+0800: 56235.882: [GC (Allocation Failure) [PSYoungGen: 84896K->736K(84992K)] 215250K->131106K(279552K), 0.0024272 secs] [Times: user=0.01 sys=0.00, real=0.00 secs] 
2021-08-19T08:06:00.242+0800: 56247.840: [GC (Allocation Failure) [PSYoungGen: 84704K->416K(85504K)] 215074K->130826K(280064K), 0.0019703 secs] [Times: user=0.01 sys=0.00, real=0.00 secs] 
2021-08-19T08:06:13.244+0800: 56260.842: [GC (Allocation Failure) [PSYoungGen: 84384K->416K(86016K)] 214794K->130826K(280576K), 0.0020669 secs] [Times: user=0.01 sys=0.00, real=0.00 secs] 
2021-08-19T08:06:26.243+0800: 56273.840: [GC (Allocation Failure) [PSYoungGen: 85408K->384K(86016K)] 215818K->130842K(280576K), 0.0021424 secs] [Times: user=0.01 sys=0.00, real=0.00 secs] 
2021-08-19T08:06:38.283+0800: 56285.881: [GC (Allocation Failure) [PSYoungGen: 85376K->448K(86016K)] 215834K->130906K(280576K), 0.0020190 secs] [Times: user=0.01 sys=0.00, real=0.00 secs] 
2021-08-19T08:06:49.939+0800: 56297.537: [GC (Allocation Failure) [PSYoungGen: 85440K->416K(86016K)] 215898K->130874K(280576K), 0.0019229 secs] [Times: user=0.02 sys=0.00, real=0.01 secs] 
2021-08-19T08:07:03.243+0800: 56310.840: [GC (Allocation Failure) [PSYoungGen: 85408K->416K(86016K)] 215866K->130930K(280576K), 0.0025332 secs] [Times: user=0.01 sys=0.00, real=0.00 secs] 
2021-08-19T08:07:16.243+0800: 56323.841: [GC (Allocation Failure) [PSYoungGen: 85408K->384K(86016K)] 215922K->130938K(280576K), 0.0022183 secs] [Times: user=0.02 sys=0.00, real=0.00 secs] 
2021-08-19T08:07:28.285+0800: 56335.883: [GC (Allocation Failure) [PSYoungGen: 85376K->736K(86016K)] 215930K->131290K(280576K), 0.0021959 secs] [Times: user=0.02 sys=0.00, real=0.00 secs] 
2021-08-19T08:07:40.242+0800: 56347.840: [GC (Allocation Failure) [PSYoungGen: 85728K->416K(86016K)] 216282K->130970K(280576K), 0.0021809 secs] [Times: user=0.01 sys=0.01, real=0.00 secs] 
2021-08-19T08:07:53.243+0800: 56360.840: [GC (Allocation Failure) [PSYoungGen: 85408K->288K(86016K)] 215962K->130842K(280576K), 0.0021141 secs] [Times: user=0.02 sys=0.00, real=0.00 secs] 
2021-08-19T08:08:06.244+0800: 56373.842: [GC (Allocation Failure) [PSYoungGen: 85280K->384K(86016K)] 215834K->130946K(280576K), 0.0022349 secs] [Times: user=0.01 sys=0.00, real=0.00 secs] 
2021-08-19T08:08:18.284+0800: 56385.882: [GC (Allocation Failure) [PSYoungGen: 85376K->672K(86016K)] 215938K->131234K(280576K), 0.0021505 secs] [Times: user=0.02 sys=0.00, real=0.00 secs] 
2021-08-19T08:08:30.244+0800: 56397.842: [GC (Allocation Failure) [PSYoungGen: 85664K->352K(86016K)] 216226K->130914K(280576K), 0.0021299 secs] [Times: user=0.02 sys=0.00, real=0.00 secs] 
2021-08-19T08:08:43.243+0800: 56410.840: [GC (Allocation Failure) [PSYoungGen: 85344K->352K(86016K)] 215906K->130914K(280576K), 0.0021545 secs] [Times: user=0.01 sys=0.00, real=0.00 secs] 
2021-08-19T08:08:56.244+0800: 56423.842: [GC (Allocation Failure) [PSYoungGen: 85344K->384K(86016K)] 215906K->130946K(280576K), 0.0023362 secs] [Times: user=0.02 sys=0.00, real=0.00 secs] 
2021-08-19T08:09:08.286+0800: 56435.884: [GC (Allocation Failure) [PSYoungGen: 85376K->736K(86016K)] 215938K->131298K(280576K), 0.0021869 secs] [Times: user=0.02 sys=0.00, real=0.00 secs] 
2021-08-19T08:09:20.245+0800: 56447.842: [GC (Allocation Failure) [PSYoungGen: 85728K->384K(86016K)] 216290K->130946K(280576K), 0.0021646 secs] [Times: user=0.01 sys=0.00, real=0.00 secs] 
2021-08-19T08:09:33.249+0800: 56460.846: [GC (Allocation Failure) [PSYoungGen: 85376K->416K(86016K)] 215938K->130978K(280576K), 0.0019534 secs] [Times: user=0.01 sys=0.00, real=0.01 secs] 
2021-08-19T08:09:46.245+0800: 56473.843: [GC (Allocation Failure) [PSYoungGen: 85408K->416K(86016K)] 215970K->130978K(280576K), 0.0020055 secs] [Times: user=0.02 sys=0.00, real=0.00 secs] 
2021-08-19T08:09:58.286+0800: 56485.884: [GC (Allocation Failure) [PSYoungGen: 85408K->704K(86016K)] 215970K->131266K(280576K), 0.0019628 secs] [Times: user=0.02 sys=0.00, real=0.00 secs] 
2021-08-19T08:10:10.246+0800: 56497.843: [GC (Allocation Failure) [PSYoungGen: 85696K->352K(86016K)] 216258K->130914K(280576K), 0.0022042 secs] [Times: user=0.02 sys=0.00, real=0.00 secs] 
2021-08-19T08:10:23.249+0800: 56510.847: [GC (Allocation Failure) [PSYoungGen: 85344K->416K(86016K)] 215906K->130978K(280576K), 0.0020332 secs] [Times: user=0.01 sys=0.00, real=0.01 secs] 
2021-08-19T08:10:36.248+0800: 56523.846: [GC (Allocation Failure) [PSYoungGen: 85408K->384K(86016K)] 215970K->130946K(280576K), 0.0023141 secs] [Times: user=0.01 sys=0.00, real=0.01 secs] 
2021-08-19T08:10:48.287+0800: 56535.884: [GC (Allocation Failure) [PSYoungGen: 85376K->672K(86016K)] 215938K->131234K(280576K), 0.0025119 secs] [Times: user=0.01 sys=0.00, real=0.00 secs] 
2021-08-19T08:11:00.250+0800: 56547.848: [GC (Allocation Failure) [PSYoungGen: 85664K->416K(86016K)] 216226K->131010K(280576K), 0.0020908 secs] [Times: user=0.01 sys=0.00, real=0.00 secs] 
2021-08-19T08:11:13.251+0800: 56560.849: [GC (Allocation Failure) [PSYoungGen: 85408K->416K(86016K)] 216002K->131010K(280576K), 0.0018851 secs] [Times: user=0.02 sys=0.00, real=0.00 secs] 
2021-08-19T08:11:26.250+0800: 56573.848: [GC (Allocation Failure) [PSYoungGen: 85408K->416K(86016K)] 216002K->131018K(280576K), 0.0021668 secs] [Times: user=0.01 sys=0.00, real=0.01 secs] 
2021-08-19T08:11:38.287+0800: 56585.885: [GC (Allocation Failure) [PSYoungGen: 85408K->800K(86016K)] 216010K->131402K(280576K), 0.0020264 secs] [Times: user=0.01 sys=0.00, real=0.00 secs] 
2021-08-19T08:11:50.249+0800: 56597.847: [GC (Allocation Failure) [PSYoungGen: 85792K->416K(86016K)] 216394K->131018K(280576K), 0.0020399 secs] [Times: user=0.01 sys=0.00, real=0.01 secs] 
2021-08-19T08:12:03.248+0800: 56610.846: [GC (Allocation Failure) [PSYoungGen: 85408K->416K(86016K)] 216010K->131018K(280576K), 0.0024044 secs] [Times: user=0.01 sys=0.00, real=0.01 secs] 
2021-08-19T08:12:16.248+0800: 56623.846: [GC (Allocation Failure) [PSYoungGen: 85408K->416K(86016K)] 216010K->131018K(280576K), 0.0020568 secs] [Times: user=0.02 sys=0.00, real=0.00 secs] 
2021-08-19T08:12:28.291+0800: 56635.889: [GC (Allocation Failure) [PSYoungGen: 85408K->992K(86016K)] 216010K->131602K(280576K), 0.0022124 secs] [Times: user=0.01 sys=0.00, real=0.00 secs] 
2021-08-19T08:12:40.248+0800: 56647.845: [GC (Allocation Failure) [PSYoungGen: 85984K->352K(86016K)] 216594K->130962K(280576K), 0.0020973 secs] [Times: user=0.01 sys=0.00, real=0.00 secs] 
2021-08-19T08:12:53.249+0800: 56660.846: [GC (Allocation Failure) [PSYoungGen: 85344K->416K(86016K)] 215954K->131042K(280576K), 0.0020058 secs] [Times: user=0.01 sys=0.00, real=0.01 secs] 
2021-08-19T08:13:06.749+0800: 56674.346: [GC (Allocation Failure) [PSYoungGen: 85408K->352K(86016K)] 216034K->130978K(280576K), 0.0019015 secs] [Times: user=0.01 sys=0.00, real=0.01 secs] 
2021-08-19T08:13:18.292+0800: 56685.889: [GC (Allocation Failure) [PSYoungGen: 85344K->1024K(84992K)] 215970K->131650K(279552K), 0.0020634 secs] [Times: user=0.01 sys=0.00, real=0.00 secs] 
2021-08-19T08:13:30.249+0800: 56697.847: [GC (Allocation Failure) [PSYoungGen: 84992K->352K(85504K)] 215618K->130978K(280064K), 0.0021676 secs] [Times: user=0.02 sys=0.00, real=0.01 secs] 
2021-08-19T08:13:43.245+0800: 56710.843: [GC (Allocation Failure) [PSYoungGen: 84320K->416K(86016K)] 214946K->131042K(280576K), 0.0021664 secs] [Times: user=0.01 sys=0.00, real=0.00 secs] 
2021-08-19T08:13:56.246+0800: 56723.844: [GC (Allocation Failure) [PSYoungGen: 84896K->384K(85504K)] 215522K->131010K(280064K), 0.0024677 secs] [Times: user=0.02 sys=0.00, real=0.00 secs] 
2021-08-19T08:14:08.289+0800: 56735.887: [GC (Allocation Failure) [PSYoungGen: 84864K->704K(86016K)] 215490K->131362K(280576K), 0.0019581 secs] [Times: user=0.02 sys=0.00, real=0.01 secs] 
2021-08-19T08:14:20.250+0800: 56747.848: [GC (Allocation Failure) [PSYoungGen: 85696K->416K(86016K)] 216354K->131074K(280576K), 0.0020231 secs] [Times: user=0.01 sys=0.00, real=0.01 secs] 
2021-08-19T08:14:33.250+0800: 56760.848: [GC (Allocation Failure) [PSYoungGen: 85408K->352K(86016K)] 216066K->131010K(280576K), 0.0021934 secs] [Times: user=0.02 sys=0.00, real=0.01 secs] 
2021-08-19T08:14:46.246+0800: 56773.844: [GC (Allocation Failure) [PSYoungGen: 85344K->384K(86016K)] 216002K->131042K(280576K), 0.0023653 secs] [Times: user=0.02 sys=0.00, real=0.00 secs] 
2021-08-19T08:14:58.290+0800: 56785.888: [GC (Allocation Failure) [PSYoungGen: 85376K->672K(86016K)] 216034K->131330K(280576K), 0.0023532 secs] [Times: user=0.02 sys=0.00, real=0.01 secs] 
2021-08-19T08:15:10.249+0800: 56797.847: [GC (Allocation Failure) [PSYoungGen: 85664K->384K(86016K)] 216322K->131042K(280576K), 0.0022782 secs] [Times: user=0.02 sys=0.00, real=0.01 secs] 
2021-08-19T08:15:23.247+0800: 56810.845: [GC (Allocation Failure) [PSYoungGen: 85376K->432K(86016K)] 216034K->131098K(280576K), 0.0020001 secs] [Times: user=0.01 sys=0.00, real=0.00 secs] 
2021-08-19T08:15:36.248+0800: 56823.846: [GC (Allocation Failure) [PSYoungGen: 85424K->400K(86016K)] 216090K->131066K(280576K), 0.0018460 secs] [Times: user=0.01 sys=0.00, real=0.01 secs] 
2021-08-19T08:15:48.290+0800: 56835.887: [GC (Allocation Failure) [PSYoungGen: 85392K->752K(86016K)] 216058K->131418K(280576K), 0.0019599 secs] [Times: user=0.01 sys=0.00, real=0.01 secs] 
2021-08-19T08:16:00.247+0800: 56847.845: [GC (Allocation Failure) [PSYoungGen: 85744K->432K(86016K)] 216410K->131098K(280576K), 0.0019269 secs] [Times: user=0.01 sys=0.00, real=0.00 secs] 
2021-08-19T08:16:13.249+0800: 56860.847: [GC (Allocation Failure) [PSYoungGen: 85424K->416K(86016K)] 216090K->131082K(280576K), 0.0020861 secs] [Times: user=0.01 sys=0.00, real=0.01 secs] 
2021-08-19T08:16:26.253+0800: 56873.850: [GC (Allocation Failure) [PSYoungGen: 85408K->416K(86016K)] 216074K->131082K(280576K), 0.0019753 secs] [Times: user=0.01 sys=0.00, real=0.00 secs] 
2021-08-19T08:16:38.290+0800: 56885.888: [GC (Allocation Failure) [PSYoungGen: 85408K->896K(86016K)] 216074K->131562K(280576K), 0.0020453 secs] [Times: user=0.01 sys=0.00, real=0.01 secs] 
2021-08-19T08:16:50.247+0800: 56897.845: [GC (Allocation Failure) [PSYoungGen: 85888K->448K(86016K)] 216554K->131114K(280576K), 0.0020519 secs] [Times: user=0.01 sys=0.00, real=0.00 secs] 
2021-08-19T08:17:03.249+0800: 56910.847: [GC (Allocation Failure) [PSYoungGen: 85440K->528K(86016K)] 216106K->131194K(280576K), 0.0024439 secs] [Times: user=0.01 sys=0.00, real=0.01 secs] 
2021-08-19T08:17:16.249+0800: 56923.847: [GC (Allocation Failure) [PSYoungGen: 85520K->912K(86016K)] 216186K->131578K(280576K), 0.0021748 secs] [Times: user=0.01 sys=0.00, real=0.01 secs] 
2021-08-19T08:17:28.292+0800: 56935.889: [GC (Allocation Failure) [PSYoungGen: 85904K->992K(84992K)] 216570K->131938K(279552K), 0.0023855 secs] [Times: user=0.01 sys=0.00, real=0.00 secs] 
2021-08-19T08:17:40.248+0800: 56947.845: [GC (Allocation Failure) [PSYoungGen: 84960K->960K(85504K)] 215906K->131906K(280064K), 0.0027831 secs] [Times: user=0.02 sys=0.00, real=0.01 secs] 
2021-08-19T08:17:52.938+0800: 56960.535: [GC (Allocation Failure) [PSYoungGen: 84928K->1104K(85504K)] 215874K->132050K(280064K), 0.0023333 secs] [Times: user=0.02 sys=0.00, real=0.00 secs] 
2021-08-19T08:18:05.935+0800: 56973.533: [GC (Allocation Failure) [PSYoungGen: 85072K->976K(85504K)] 216018K->131922K(280064K), 0.0024714 secs] [Times: user=0.01 sys=0.00, real=0.00 secs] 
2021-08-19T08:18:18.288+0800: 56985.886: [GC (Allocation Failure) [PSYoungGen: 84944K->1072K(85504K)] 215890K->132018K(280064K), 0.0020182 secs] [Times: user=0.02 sys=0.00, real=0.00 secs] 
2021-08-19T08:18:29.749+0800: 56997.347: [GC (Allocation Failure) [PSYoungGen: 85040K->1072K(85504K)] 215986K->132130K(280064K), 0.0022417 secs] [Times: user=0.02 sys=0.00, real=0.01 secs] 
2021-08-19T08:18:42.253+0800: 57009.851: [GC (Allocation Failure) [PSYoungGen: 85040K->1056K(84480K)] 216098K->132114K(279040K), 0.0022560 secs] [Times: user=0.02 sys=0.00, real=0.00 secs] 
2021-08-19T08:18:55.251+0800: 57022.848: [GC (Allocation Failure) [PSYoungGen: 84000K->1008K(84992K)] 215058K->132066K(279552K), 0.0025458 secs] [Times: user=0.01 sys=0.00, real=0.00 secs] 
2021-08-19T08:19:07.750+0800: 57035.348: [GC (Allocation Failure) [PSYoungGen: 83952K->1040K(84992K)] 215010K->132098K(279552K), 0.0021714 secs] [Times: user=0.02 sys=0.00, real=0.01 secs] 
2021-08-19T08:19:18.299+0800: 57045.897: [GC (Allocation Failure) [PSYoungGen: 83984K->1536K(84992K)] 215042K->132714K(279552K), 0.0027644 secs] [Times: user=0.02 sys=0.00, real=0.01 secs] 
2021-08-19T08:19:31.248+0800: 57058.845: [GC (Allocation Failure) [PSYoungGen: 84480K->960K(84992K)] 215658K->132146K(279552K), 0.0020726 secs] [Times: user=0.02 sys=0.00, real=0.00 secs] 
2021-08-19T08:19:43.259+0800: 57070.857: [GC (Allocation Failure) [PSYoungGen: 83904K->928K(84992K)] 215090K->132114K(279552K), 0.0022560 secs] [Times: user=0.01 sys=0.00, real=0.01 secs] 
2021-08-19T08:19:56.249+0800: 57083.847: [GC (Allocation Failure) [PSYoungGen: 83872K->944K(85504K)] 215058K->132146K(280064K), 0.0019302 secs] [Times: user=0.02 sys=0.00, real=0.01 secs] 
2021-08-19T08:20:08.291+0800: 57095.889: [GC (Allocation Failure) [PSYoungGen: 84400K->1104K(84992K)] 215602K->132418K(279552K), 0.0020317 secs] [Times: user=0.01 sys=0.00, real=0.00 secs] 
2021-08-19T08:20:19.752+0800: 57107.349: [GC (Allocation Failure) [PSYoungGen: 84560K->576K(85504K)] 215874K->132250K(280064K), 0.0020609 secs] [Times: user=0.02 sys=0.00, real=0.00 secs] 
2021-08-19T08:20:32.748+0800: 57120.345: [GC (Allocation Failure) [PSYoungGen: 84544K->464K(84480K)] 216218K->132274K(279040K), 0.0021932 secs] [Times: user=0.01 sys=0.00, real=0.00 secs] 
2021-08-19T08:20:45.249+0800: 57132.847: [GC (Allocation Failure) [PSYoungGen: 84432K->400K(84992K)] 216242K->132338K(279552K), 0.0021666 secs] [Times: user=0.01 sys=0.00, real=0.01 secs] 
2021-08-19T08:20:58.248+0800: 57145.846: [GC (Allocation Failure) [PSYoungGen: 83344K->352K(84992K)] 215282K->132402K(279552K), 0.0021143 secs] [Times: user=0.01 sys=0.00, real=0.00 secs] 
2021-08-19T08:21:08.751+0800: 57156.348: [GC (Allocation Failure) [PSYoungGen: 83296K->384K(84992K)] 215346K->132450K(279552K), 0.0021142 secs] [Times: user=0.02 sys=0.00, real=0.00 secs] 
2021-08-19T08:21:21.250+0800: 57168.848: [GC (Allocation Failure) [PSYoungGen: 83328K->416K(84992K)] 215394K->132482K(279552K), 0.0020512 secs] [Times: user=0.01 sys=0.00, real=0.01 secs] 
2021-08-19T08:21:34.248+0800: 57181.846: [GC (Allocation Failure) [PSYoungGen: 83360K->416K(85504K)] 215426K->132482K(280064K), 0.0018984 secs] [Times: user=0.01 sys=0.00, real=0.01 secs] 
2021-08-19T08:21:46.753+0800: 57194.350: [GC (Allocation Failure) [PSYoungGen: 84384K->416K(85504K)] 216450K->132490K(280064K), 0.0022970 secs] [Times: user=0.01 sys=0.00, real=0.00 secs] 
2021-08-19T08:21:58.300+0800: 57205.897: [GC (Allocation Failure) [PSYoungGen: 84384K->1088K(84480K)] 216458K->133162K(279040K), 0.0021453 secs] [Times: user=0.02 sys=0.00, real=0.01 secs] 
2021-08-19T08:22:10.251+0800: 57217.848: [GC (Allocation Failure) [PSYoungGen: 84032K->416K(84992K)] 216106K->132490K(279552K), 0.0019934 secs] [Times: user=0.01 sys=0.00, real=0.00 secs] 
2021-08-19T08:22:23.248+0800: 57230.846: [GC (Allocation Failure) [PSYoungGen: 83360K->416K(85504K)] 215434K->132490K(280064K), 0.0020705 secs] [Times: user=0.01 sys=0.01, real=0.00 secs] 
2021-08-19T08:22:36.247+0800: 57243.845: [GC (Allocation Failure) [PSYoungGen: 84384K->416K(85504K)] 216458K->132490K(280064K), 0.0021260 secs] [Times: user=0.02 sys=0.00, real=0.00 secs] 
2021-08-19T08:22:48.288+0800: 57255.886: [GC (Allocation Failure) [PSYoungGen: 84384K->384K(85504K)] 216458K->132458K(280064K), 0.0022482 secs] [Times: user=0.01 sys=0.00, real=0.00 secs] 
2021-08-19T08:22:59.251+0800: 57266.848: [GC (Allocation Failure) [PSYoungGen: 84352K->448K(85504K)] 216426K->132522K(280064K), 0.0019404 secs] [Times: user=0.02 sys=0.00, real=0.00 secs] 
2021-08-19T08:23:12.252+0800: 57279.850: [GC (Allocation Failure) [PSYoungGen: 84416K->384K(85504K)] 216490K->132458K(280064K), 0.0022632 secs] [Times: user=0.01 sys=0.00, real=0.00 secs] 
2021-08-19T08:23:25.252+0800: 57292.850: [GC (Allocation Failure) [PSYoungGen: 84352K->320K(85504K)] 216426K->132394K(280064K), 0.0024303 secs] [Times: user=0.01 sys=0.00, real=0.00 secs] 
2021-08-19T08:23:37.935+0800: 57305.532: [GC (Allocation Failure) [PSYoungGen: 84288K->320K(85504K)] 216362K->132394K(280064K), 0.0021400 secs] [Times: user=0.02 sys=0.00, real=0.00 secs] 
2021-08-19T08:23:48.751+0800: 57316.348: [GC (Allocation Failure) [PSYoungGen: 84288K->384K(85504K)] 216362K->132458K(280064K), 0.0020039 secs] [Times: user=0.02 sys=0.00, real=0.00 secs] 
2021-08-19T08:24:01.252+0800: 57328.850: [GC (Allocation Failure) [PSYoungGen: 84352K->416K(85504K)] 216426K->132490K(280064K), 0.0019818 secs] [Times: user=0.01 sys=0.00, real=0.00 secs] 
2021-08-19T08:24:14.254+0800: 57341.852: [GC (Allocation Failure) [PSYoungGen: 84384K->416K(85504K)] 216458K->132490K(280064K), 0.0020488 secs] [Times: user=0.01 sys=0.00, real=0.00 secs] 
2021-08-19T08:24:27.252+0800: 57354.849: [GC (Allocation Failure) [PSYoungGen: 84384K->384K(85504K)] 216458K->132466K(280064K), 0.0020016 secs] [Times: user=0.01 sys=0.00, real=0.00 secs] 
2021-08-19T08:24:38.300+0800: 57365.898: [GC (Allocation Failure) [PSYoungGen: 84352K->1120K(85504K)] 216434K->133202K(280064K), 0.0021760 secs] [Times: user=0.01 sys=0.00, real=0.01 secs] 
2021-08-19T08:24:50.750+0800: 57378.348: [GC (Allocation Failure) [PSYoungGen: 85088K->384K(85504K)] 217170K->132466K(280064K), 0.0019731 secs] [Times: user=0.01 sys=0.00, real=0.00 secs] 
2021-08-19T08:25:03.749+0800: 57391.347: [GC (Allocation Failure) [PSYoungGen: 84352K->416K(85504K)] 216434K->132498K(280064K), 0.0021061 secs] [Times: user=0.02 sys=0.00, real=0.01 secs] 
2021-08-19T08:25:16.255+0800: 57403.853: [GC (Allocation Failure) [PSYoungGen: 84384K->416K(85504K)] 216466K->132498K(280064K), 0.0019220 secs] [Times: user=0.02 sys=0.00, real=0.00 secs] 
2021-08-19T08:25:28.296+0800: 57415.893: [GC (Allocation Failure) [PSYoungGen: 84384K->736K(85504K)] 216466K->132818K(280064K), 0.0024964 secs] [Times: user=0.02 sys=0.00, real=0.00 secs] 
2021-08-19T08:25:40.249+0800: 57427.847: [GC (Allocation Failure) [PSYoungGen: 84704K->416K(85504K)] 216786K->132498K(280064K), 0.0020427 secs] [Times: user=0.01 sys=0.00, real=0.01 secs] 
2021-08-19T08:25:52.938+0800: 57440.536: [GC (Allocation Failure) [PSYoungGen: 84384K->352K(85504K)] 216466K->132434K(280064K), 0.0023102 secs] [Times: user=0.02 sys=0.00, real=0.01 secs] 
2021-08-19T08:26:05.937+0800: 57453.535: [GC (Allocation Failure) [PSYoungGen: 84320K->416K(86016K)] 216402K->132546K(280576K), 0.0021060 secs] [Times: user=0.01 sys=0.00, real=0.00 secs] 
2021-08-19T08:26:18.293+0800: 57465.891: [GC (Allocation Failure) [PSYoungGen: 84896K->352K(85504K)] 217026K->132482K(280064K), 0.0020411 secs] [Times: user=0.02 sys=0.00, real=0.00 secs] 
2021-08-19T08:26:29.750+0800: 57477.348: [GC (Allocation Failure) [PSYoungGen: 84832K->384K(86016K)] 216962K->132514K(280576K), 0.0020980 secs] [Times: user=0.01 sys=0.00, real=0.01 secs] 
2021-08-19T08:26:42.254+0800: 57489.851: [GC (Allocation Failure) [PSYoungGen: 85376K->352K(86016K)] 217506K->132482K(280576K), 0.0018570 secs] [Times: user=0.01 sys=0.00, real=0.00 secs] 
2021-08-19T08:26:55.750+0800: 57503.348: [GC (Allocation Failure) [PSYoungGen: 85344K->416K(86016K)] 217474K->132546K(280576K), 0.0022261 secs] [Times: user=0.01 sys=0.00, real=0.00 secs] 
2021-08-19T08:27:08.291+0800: 57515.889: [GC (Allocation Failure) [PSYoungGen: 85408K->352K(86016K)] 217538K->132482K(280576K), 0.0019399 secs] [Times: user=0.02 sys=0.00, real=0.00 secs] 
2021-08-19T08:27:19.751+0800: 57527.349: [GC (Allocation Failure) [PSYoungGen: 85344K->416K(86016K)] 217474K->132546K(280576K), 0.0024406 secs] [Times: user=0.01 sys=0.00, real=0.00 secs] 
2021-08-19T08:27:32.757+0800: 57540.355: [GC (Allocation Failure) [PSYoungGen: 85408K->384K(86016K)] 217538K->132514K(280576K), 0.0019824 secs] [Times: user=0.01 sys=0.00, real=0.00 secs] 
2021-08-19T08:27:45.284+0800: 57552.881: [GC (Allocation Failure) [PSYoungGen: 85376K->384K(86016K)] 217506K->132514K(280576K), 0.0018738 secs] [Times: user=0.01 sys=0.00, real=0.00 secs] 
2021-08-19T08:27:58.289+0800: 57565.887: [GC (Allocation Failure) [PSYoungGen: 85376K->416K(86016K)] 217506K->132546K(280576K), 0.0024379 secs] [Times: user=0.02 sys=0.00, real=0.01 secs] 
2021-08-19T08:28:09.750+0800: 57577.348: [GC (Allocation Failure) [PSYoungGen: 85408K->352K(86016K)] 217538K->132482K(280576K), 0.0024792 secs] [Times: user=0.02 sys=0.00, real=0.00 secs] 
2021-08-19T08:28:22.751+0800: 57590.349: [GC (Allocation Failure) [PSYoungGen: 85344K->384K(86016K)] 217474K->132514K(280576K), 0.0022041 secs] [Times: user=0.01 sys=0.00, real=0.00 secs] 
2021-08-19T08:28:35.759+0800: 57603.357: [GC (Allocation Failure) [PSYoungGen: 85376K->320K(86016K)] 217506K->132450K(280576K), 0.0020453 secs] [Times: user=0.01 sys=0.00, real=0.01 secs] 
2021-08-19T08:28:48.290+0800: 57615.888: [GC (Allocation Failure) [PSYoungGen: 85312K->416K(86016K)] 217442K->132546K(280576K), 0.0020282 secs] [Times: user=0.02 sys=0.00, real=0.01 secs] 
2021-08-19T08:28:59.692+0800: 57627.289: [GC (Allocation Failure) [PSYoungGen: 85408K->416K(86016K)] 217538K->132546K(280576K), 0.0024302 secs] [Times: user=0.01 sys=0.00, real=0.00 secs] 
2021-08-19T08:29:12.752+0800: 57640.349: [GC (Allocation Failure) [PSYoungGen: 85408K->384K(86016K)] 217538K->132514K(280576K), 0.0021461 secs] [Times: user=0.02 sys=0.00, real=0.00 secs] 
2021-08-19T08:29:25.752+0800: 57653.350: [GC (Allocation Failure) [PSYoungGen: 85376K->416K(86016K)] 217506K->132546K(280576K), 0.0018548 secs] [Times: user=0.02 sys=0.00, real=0.00 secs] 
2021-08-19T08:29:38.257+0800: 57665.855: [GC (Allocation Failure) [PSYoungGen: 85408K->416K(86016K)] 217538K->132546K(280576K), 0.0019879 secs] [Times: user=0.02 sys=0.00, real=0.00 secs] 
2021-08-19T08:29:49.260+0800: 57676.858: [GC (Allocation Failure) [PSYoungGen: 85408K->416K(86016K)] 217538K->132546K(280576K), 0.0020651 secs] [Times: user=0.01 sys=0.00, real=0.00 secs] 
2021-08-19T08:30:02.755+0800: 57690.352: [GC (Allocation Failure) [PSYoungGen: 85408K->352K(86016K)] 217538K->132482K(280576K), 0.0020353 secs] [Times: user=0.01 sys=0.00, real=0.00 secs] 
2021-08-19T08:30:15.752+0800: 57703.350: [GC (Allocation Failure) [PSYoungGen: 85344K->384K(86016K)] 217474K->132514K(280576K), 0.0023452 secs] [Times: user=0.02 sys=0.00, real=0.00 secs] 
2021-08-19T08:30:28.293+0800: 57715.891: [GC (Allocation Failure) [PSYoungGen: 85376K->416K(86016K)] 217506K->132546K(280576K), 0.0022362 secs] [Times: user=0.01 sys=0.00, real=0.00 secs] 
2021-08-19T08:30:39.257+0800: 57726.855: [GC (Allocation Failure) [PSYoungGen: 85408K->416K(86016K)] 217538K->132546K(280576K), 0.0019280 secs] [Times: user=0.01 sys=0.00, real=0.00 secs] 
2021-08-19T08:30:52.264+0800: 57739.862: [GC (Allocation Failure) [PSYoungGen: 85408K->352K(86016K)] 217538K->132482K(280576K), 0.0019863 secs] [Times: user=0.01 sys=0.00, real=0.00 secs] 
2021-08-19T08:31:05.259+0800: 57752.857: [GC (Allocation Failure) [PSYoungGen: 85344K->416K(86016K)] 217474K->132546K(280576K), 0.0019582 secs] [Times: user=0.01 sys=0.00, real=0.01 secs] 
2021-08-19T08:31:18.291+0800: 57765.889: [GC (Allocation Failure) [PSYoungGen: 85408K->352K(86016K)] 217538K->132482K(280576K), 0.0023217 secs] [Times: user=0.01 sys=0.01, real=0.00 secs] 
2021-08-19T08:31:29.754+0800: 57777.351: [GC (Allocation Failure) [PSYoungGen: 85344K->416K(86528K)] 217474K->132546K(281088K), 0.0021843 secs] [Times: user=0.01 sys=0.01, real=0.00 secs] 
2021-08-19T08:31:42.260+0800: 57789.857: [GC (Allocation Failure) [PSYoungGen: 85920K->416K(86016K)] 218050K->132546K(280576K), 0.0018509 secs] [Times: user=0.01 sys=0.00, real=0.01 secs] 
2021-08-19T08:31:55.756+0800: 57803.354: [GC (Allocation Failure) [PSYoungGen: 85920K->416K(86528K)] 218050K->132554K(281088K), 0.0025400 secs] [Times: user=0.01 sys=0.00, real=0.00 secs] 
2021-08-19T08:32:08.296+0800: 57815.893: [GC (Allocation Failure) [PSYoungGen: 86432K->512K(86528K)] 218570K->132690K(281088K), 0.0019054 secs] [Times: user=0.02 sys=0.00, real=0.00 secs] 
2021-08-19T08:32:20.256+0800: 57827.854: [GC (Allocation Failure) [PSYoungGen: 86528K->384K(85504K)] 218706K->132562K(280064K), 0.0020161 secs] [Times: user=0.02 sys=0.00, real=0.00 secs] 
2021-08-19T08:32:33.256+0800: 57840.853: [GC (Allocation Failure) [PSYoungGen: 85376K->416K(86016K)] 217554K->132594K(280576K), 0.0019703 secs] [Times: user=0.01 sys=0.00, real=0.00 secs] 
2021-08-19T08:32:46.256+0800: 57853.853: [GC (Allocation Failure) [PSYoungGen: 85408K->384K(86016K)] 217586K->132562K(280576K), 0.0020560 secs] [Times: user=0.01 sys=0.00, real=0.00 secs] 
2021-08-19T08:32:58.296+0800: 57865.894: [GC (Allocation Failure) [PSYoungGen: 85376K->672K(86016K)] 217554K->132850K(280576K), 0.0019964 secs] [Times: user=0.02 sys=0.00, real=0.00 secs] 
2021-08-19T08:33:10.255+0800: 57877.853: [GC (Allocation Failure) [PSYoungGen: 85664K->416K(86016K)] 217842K->132594K(280576K), 0.0019350 secs] [Times: user=0.01 sys=0.00, real=0.00 secs] 
2021-08-19T08:33:23.256+0800: 57890.854: [GC (Allocation Failure) [PSYoungGen: 85408K->384K(86016K)] 217586K->132570K(280576K), 0.0019535 secs] [Times: user=0.02 sys=0.00, real=0.00 secs] 
2021-08-19T08:33:36.161+0800: 57903.759: [GC (Allocation Failure) [PSYoungGen: 85376K->416K(86016K)] 217562K->132602K(280576K), 0.0020568 secs] [Times: user=0.01 sys=0.00, real=0.00 secs] 
2021-08-19T08:33:48.294+0800: 57915.891: [GC (Allocation Failure) [PSYoungGen: 85408K->416K(86016K)] 217594K->132602K(280576K), 0.0020560 secs] [Times: user=0.01 sys=0.00, real=0.00 secs] 
2021-08-19T08:33:59.756+0800: 57927.353: [GC (Allocation Failure) [PSYoungGen: 85408K->416K(86016K)] 217594K->132602K(280576K), 0.0024754 secs] [Times: user=0.01 sys=0.00, real=0.00 secs] 
2021-08-19T08:34:12.937+0800: 57940.535: [GC (Allocation Failure) [PSYoungGen: 85408K->384K(86016K)] 217594K->132602K(280576K), 0.0024407 secs] [Times: user=0.02 sys=0.00, real=0.00 secs] 
2021-08-19T08:34:26.256+0800: 57953.853: [GC (Allocation Failure) [PSYoungGen: 85376K->416K(86016K)] 217594K->132634K(280576K), 0.0027751 secs] [Times: user=0.01 sys=0.00, real=0.00 secs] 
2021-08-19T08:34:38.293+0800: 57965.891: [GC (Allocation Failure) [PSYoungGen: 85408K->448K(86016K)] 217626K->132666K(280576K), 0.0020971 secs] [Times: user=0.02 sys=0.00, real=0.00 secs] 
2021-08-19T08:34:49.761+0800: 57977.358: [GC (Allocation Failure) [PSYoungGen: 85440K->416K(86016K)] 217658K->132634K(280576K), 0.0019520 secs] [Times: user=0.02 sys=0.00, real=0.00 secs] 
2021-08-19T08:35:02.939+0800: 57990.536: [GC (Allocation Failure) [PSYoungGen: 85408K->416K(86016K)] 217626K->132634K(280576K), 0.0021995 secs] [Times: user=0.01 sys=0.00, real=0.01 secs] 
2021-08-19T08:35:15.939+0800: 58003.536: [GC (Allocation Failure) [PSYoungGen: 85408K->352K(86016K)] 217626K->132650K(280576K), 0.0020761 secs] [Times: user=0.01 sys=0.00, real=0.01 secs] 
2021-08-19T08:35:28.296+0800: 58015.893: [GC (Allocation Failure) [PSYoungGen: 85344K->608K(86016K)] 217642K->132906K(280576K), 0.0020541 secs] [Times: user=0.02 sys=0.00, real=0.00 secs] 
2021-08-19T08:35:39.757+0800: 58027.355: [GC (Allocation Failure) [PSYoungGen: 85600K->416K(86016K)] 217898K->132714K(280576K), 0.0019996 secs] [Times: user=0.01 sys=0.00, real=0.00 secs] 
2021-08-19T08:35:52.759+0800: 58040.357: [GC (Allocation Failure) [PSYoungGen: 85408K->384K(86016K)] 217706K->132682K(280576K), 0.0020658 secs] [Times: user=0.01 sys=0.00, real=0.01 secs] 
2021-08-19T08:36:05.937+0800: 58053.535: [GC (Allocation Failure) [PSYoungGen: 85376K->416K(86016K)] 217674K->132714K(280576K), 0.0019929 secs] [Times: user=0.01 sys=0.00, real=0.00 secs] 
2021-08-19T08:36:18.295+0800: 58065.892: [GC (Allocation Failure) [PSYoungGen: 85408K->352K(86016K)] 217706K->132650K(280576K), 0.0019705 secs] [Times: user=0.02 sys=0.00, real=0.00 secs] 
2021-08-19T08:36:29.939+0800: 58077.536: [GC (Allocation Failure) [PSYoungGen: 85344K->416K(86016K)] 217642K->132714K(280576K), 0.0022521 secs] [Times: user=0.02 sys=0.00, real=0.01 secs] 
2021-08-19T08:36:42.764+0800: 58090.362: [GC (Allocation Failure) [PSYoungGen: 85408K->384K(86016K)] 217706K->132730K(280576K), 0.0021349 secs] [Times: user=0.01 sys=0.00, real=0.00 secs] 
2021-08-19T08:36:55.759+0800: 58103.356: [GC (Allocation Failure) [PSYoungGen: 85376K->416K(86016K)] 217722K->132762K(280576K), 0.0020474 secs] [Times: user=0.01 sys=0.00, real=0.01 secs] 
2021-08-19T08:37:08.294+0800: 58115.892: [GC (Allocation Failure) [PSYoungGen: 85408K->384K(86016K)] 217754K->132730K(280576K), 0.0022117 secs] [Times: user=0.01 sys=0.00, real=0.00 secs] 
2021-08-19T08:37:19.762+0800: 58127.360: [GC (Allocation Failure) [PSYoungGen: 85376K->416K(86528K)] 217722K->132762K(281088K), 0.0023225 secs] [Times: user=0.02 sys=0.00, real=0.00 secs] 
2021-08-19T08:37:33.258+0800: 58140.856: [GC (Allocation Failure) [PSYoungGen: 85920K->352K(86016K)] 218266K->132698K(280576K), 0.0019708 secs] [Times: user=0.01 sys=0.00, real=0.00 secs] 
2021-08-19T08:37:46.258+0800: 58153.856: [GC (Allocation Failure) [PSYoungGen: 85856K->384K(86528K)] 218202K->132730K(281088K), 0.0022077 secs] [Times: user=0.01 sys=0.00, real=0.01 secs] 
2021-08-19T08:37:58.297+0800: 58165.894: [GC (Allocation Failure) [PSYoungGen: 86400K->512K(86528K)] 218746K->132938K(281088K), 0.0020603 secs] [Times: user=0.02 sys=0.00, real=0.00 secs] 
2021-08-19T08:38:10.261+0800: 58177.859: [GC (Allocation Failure) [PSYoungGen: 86528K->480K(85504K)] 218954K->132906K(280064K), 0.0019864 secs] [Times: user=0.01 sys=0.00, real=0.00 secs] 
2021-08-19T08:38:23.261+0800: 58190.859: [GC (Allocation Failure) [PSYoungGen: 85472K->448K(86016K)] 217898K->132874K(280576K), 0.0021518 secs] [Times: user=0.02 sys=0.00, real=0.00 secs] 
2021-08-19T08:38:36.261+0800: 58203.859: [GC (Allocation Failure) [PSYoungGen: 85440K->480K(86016K)] 217866K->132946K(280576K), 0.0020003 secs] [Times: user=0.01 sys=0.00, real=0.00 secs] 
2021-08-19T08:38:48.298+0800: 58215.896: [GC (Allocation Failure) [PSYoungGen: 85472K->960K(86016K)] 217938K->133426K(280576K), 0.0022351 secs] [Times: user=0.02 sys=0.00, real=0.01 secs] 
2021-08-19T08:39:00.259+0800: 58227.857: [GC (Allocation Failure) [PSYoungGen: 85952K->480K(86016K)] 218418K->132946K(280576K), 0.0020265 secs] [Times: user=0.01 sys=0.00, real=0.01 secs] 
2021-08-19T08:39:13.264+0800: 58240.861: [GC (Allocation Failure) [PSYoungGen: 85472K->448K(86016K)] 217938K->132914K(280576K), 0.0023952 secs] [Times: user=0.01 sys=0.00, real=0.00 secs] 
2021-08-19T08:39:26.262+0800: 58253.859: [GC (Allocation Failure) [PSYoungGen: 85440K->448K(86016K)] 217906K->132914K(280576K), 0.0023034 secs] [Times: user=0.01 sys=0.00, real=0.00 secs] 
2021-08-19T08:39:38.298+0800: 58265.896: [GC (Allocation Failure) [PSYoungGen: 85440K->928K(86016K)] 217906K->133394K(280576K), 0.0019863 secs] [Times: user=0.02 sys=0.00, real=0.01 secs] 
2021-08-19T08:39:50.260+0800: 58277.858: [GC (Allocation Failure) [PSYoungGen: 85920K->480K(86016K)] 218386K->132946K(280576K), 0.0018361 secs] [Times: user=0.01 sys=0.00, real=0.00 secs] 
2021-08-19T08:40:03.266+0800: 58290.864: [GC (Allocation Failure) [PSYoungGen: 85472K->448K(86016K)] 217938K->132914K(280576K), 0.0019750 secs] [Times: user=0.01 sys=0.00, real=0.00 secs] 
2021-08-19T08:40:16.759+0800: 58304.356: [GC (Allocation Failure) [PSYoungGen: 85440K->480K(86016K)] 217906K->132946K(280576K), 0.0022796 secs] [Times: user=0.02 sys=0.00, real=0.01 secs] 
2021-08-19T08:40:28.302+0800: 58315.899: [GC (Allocation Failure) [PSYoungGen: 85472K->1024K(86016K)] 217938K->133610K(280576K), 0.0022782 secs] [Times: user=0.02 sys=0.00, real=0.00 secs] 
2021-08-19T08:40:40.538+0800: 58328.136: [GC (Allocation Failure) [PSYoungGen: 86016K->448K(86016K)] 218602K->133034K(280576K), 0.0020441 secs] [Times: user=0.01 sys=0.00, real=0.01 secs] 
2021-08-19T08:40:53.759+0800: 58341.357: [GC (Allocation Failure) [PSYoungGen: 85440K->480K(86016K)] 218026K->133066K(280576K), 0.0019250 secs] [Times: user=0.02 sys=0.00, real=0.01 secs] 
2021-08-19T08:41:06.765+0800: 58354.363: [GC (Allocation Failure) [PSYoungGen: 85472K->448K(86016K)] 218058K->133146K(280576K), 0.0022293 secs] [Times: user=0.02 sys=0.00, real=0.00 secs] 
2021-08-19T08:41:18.302+0800: 58365.899: [GC (Allocation Failure) [PSYoungGen: 85440K->1024K(86016K)] 218138K->133906K(280576K), 0.0020461 secs] [Times: user=0.01 sys=0.01, real=0.00 secs] 
2021-08-19T08:41:30.938+0800: 58378.535: [GC (Allocation Failure) [PSYoungGen: 86016K->416K(84992K)] 218898K->133298K(279552K), 0.0019001 secs] [Times: user=0.02 sys=0.00, real=0.00 secs] 
2021-08-19T08:41:43.263+0800: 58390.861: [GC (Allocation Failure) [PSYoungGen: 84384K->416K(85504K)] 217266K->133298K(280064K), 0.0018876 secs] [Times: user=0.01 sys=0.00, real=0.00 secs] 
2021-08-19T08:41:56.263+0800: 58403.860: [GC (Allocation Failure) [PSYoungGen: 84384K->416K(85504K)] 217266K->133298K(280064K), 0.0022725 secs] [Times: user=0.01 sys=0.00, real=0.00 secs] 
2021-08-19T08:42:08.299+0800: 58415.896: [GC (Allocation Failure) [PSYoungGen: 84384K->736K(85504K)] 217266K->133618K(280064K), 0.0022735 secs] [Times: user=0.01 sys=0.00, real=0.01 secs] 
2021-08-19T08:42:20.260+0800: 58427.857: [GC (Allocation Failure) [PSYoungGen: 84704K->416K(85504K)] 217586K->133298K(280064K), 0.0022160 secs] [Times: user=0.01 sys=0.00, real=0.01 secs] 
2021-08-19T08:42:33.260+0800: 58440.858: [GC (Allocation Failure) [PSYoungGen: 84384K->416K(85504K)] 217266K->133298K(280064K), 0.0020637 secs] [Times: user=0.02 sys=0.00, real=0.00 secs] 
2021-08-19T08:42:45.760+0800: 58453.358: [GC (Allocation Failure) [PSYoungGen: 84384K->384K(86016K)] 217266K->133266K(280576K), 0.0024527 secs] [Times: user=0.01 sys=0.00, real=0.01 secs] 
2021-08-19T08:42:58.293+0800: 58465.891: [GC (Allocation Failure) [PSYoungGen: 84864K->352K(85504K)] 217746K->133234K(280064K), 0.0025370 secs] [Times: user=0.02 sys=0.00, real=0.00 secs] 
2021-08-19T08:43:09.521+0800: 58477.119: [GC (Allocation Failure) [PSYoungGen: 84832K->352K(86016K)] 217714K->133234K(280576K), 0.0020429 secs] [Times: user=0.01 sys=0.00, real=0.00 secs] 
2021-08-19T08:43:22.761+0800: 58490.358: [GC (Allocation Failure) [PSYoungGen: 85344K->416K(86016K)] 218226K->133298K(280576K), 0.0019079 secs] [Times: user=0.02 sys=0.00, real=0.00 secs] 
2021-08-19T08:43:35.761+0800: 58503.358: [GC (Allocation Failure) [PSYoungGen: 85408K->384K(86016K)] 218290K->133298K(280576K), 0.0027934 secs] [Times: user=0.02 sys=0.00, real=0.00 secs] 
2021-08-19T08:43:48.264+0800: 58515.862: [GC (Allocation Failure) [PSYoungGen: 85376K->416K(86016K)] 218290K->133330K(280576K), 0.0020024 secs] [Times: user=0.02 sys=0.00, real=0.00 secs] 
2021-08-19T08:43:59.266+0800: 58526.863: [GC (Allocation Failure) [PSYoungGen: 85408K->416K(86016K)] 218322K->133330K(280576K), 0.0018972 secs] [Times: user=0.02 sys=0.00, real=0.00 secs] 
2021-08-19T08:44:12.761+0800: 58540.359: [GC (Allocation Failure) [PSYoungGen: 85408K->416K(86016K)] 218322K->133330K(280576K), 0.0019394 secs] [Times: user=0.02 sys=0.00, real=0.00 secs] 
2021-08-19T08:44:25.763+0800: 58553.361: [GC (Allocation Failure) [PSYoungGen: 85408K->384K(86016K)] 218322K->133306K(280576K), 0.0023175 secs] [Times: user=0.01 sys=0.00, real=0.00 secs] 
2021-08-19T08:44:38.265+0800: 58565.862: [GC (Allocation Failure) [PSYoungGen: 85376K->384K(86016K)] 218298K->133306K(280576K), 0.0020121 secs] [Times: user=0.02 sys=0.00, real=0.00 secs] 
2021-08-19T08:44:49.265+0800: 58576.863: [GC (Allocation Failure) [PSYoungGen: 85376K->384K(86016K)] 218298K->133306K(280576K), 0.0022922 secs] [Times: user=0.02 sys=0.00, real=0.00 secs] 
2021-08-19T08:45:02.264+0800: 58589.862: [GC (Allocation Failure) [PSYoungGen: 85376K->432K(86016K)] 218298K->133354K(280576K), 0.0020561 secs] [Times: user=0.02 sys=0.00, real=0.00 secs] 
2021-08-19T08:45:15.561+0800: 58603.158: [GC (Allocation Failure) [PSYoungGen: 85424K->416K(86016K)] 218346K->133338K(280576K), 0.0020796 secs] [Times: user=0.01 sys=0.00, real=0.00 secs] 
2021-08-19T08:45:28.294+0800: 58615.892: [GC (Allocation Failure) [PSYoungGen: 85408K->432K(86016K)] 218330K->133354K(280576K), 0.0019121 secs] [Times: user=0.02 sys=0.00, real=0.00 secs] 
2021-08-19T08:45:39.263+0800: 58626.861: [GC (Allocation Failure) [PSYoungGen: 85424K->352K(86016K)] 218346K->133274K(280576K), 0.0020789 secs] [Times: user=0.01 sys=0.00, real=0.00 secs] 
2021-08-19T08:45:52.263+0800: 58639.861: [GC (Allocation Failure) [PSYoungGen: 85344K->432K(86016K)] 218266K->133370K(280576K), 0.0021441 secs] [Times: user=0.01 sys=0.00, real=0.00 secs] 
2021-08-19T08:46:05.267+0800: 58652.865: [GC (Allocation Failure) [PSYoungGen: 85424K->432K(86016K)] 218362K->133370K(280576K), 0.0019311 secs] [Times: user=0.01 sys=0.00, real=0.00 secs] 
2021-08-19T08:46:18.266+0800: 58665.864: [GC (Allocation Failure) [PSYoungGen: 85424K->464K(86016K)] 218362K->133426K(280576K), 0.0019840 secs] [Times: user=0.02 sys=0.00, real=0.00 secs] 
2021-08-19T08:46:29.267+0800: 58676.865: [GC (Allocation Failure) [PSYoungGen: 85456K->480K(86016K)] 218418K->133442K(280576K), 0.0020274 secs] [Times: user=0.01 sys=0.00, real=0.00 secs] 
2021-08-19T08:46:42.264+0800: 58689.862: [GC (Allocation Failure) [PSYoungGen: 85472K->800K(86016K)] 218434K->133762K(280576K), 0.0025520 secs] [Times: user=0.02 sys=0.00, real=0.00 secs] 
2021-08-19T08:46:55.263+0800: 58702.861: [GC (Allocation Failure) [PSYoungGen: 85792K->832K(86016K)] 218754K->133794K(280576K), 0.0023356 secs] [Times: user=0.01 sys=0.00, real=0.00 secs] 
2021-08-19T08:47:08.262+0800: 58715.860: [GC (Allocation Failure) [PSYoungGen: 85824K->944K(86016K)] 218786K->133906K(280576K), 0.0020303 secs] [Times: user=0.02 sys=0.00, real=0.00 secs] 
2021-08-19T08:47:19.263+0800: 58726.861: [GC (Allocation Failure) [PSYoungGen: 85936K->1008K(84992K)] 218898K->133994K(279552K), 0.0019077 secs] [Times: user=0.01 sys=0.00, real=0.00 secs] 
2021-08-19T08:47:32.261+0800: 58739.859: [GC (Allocation Failure) [PSYoungGen: 84976K->1056K(85504K)] 217962K->134042K(280064K), 0.0022100 secs] [Times: user=0.02 sys=0.00, real=0.00 secs] 
2021-08-19T08:47:44.764+0800: 58752.362: [GC (Allocation Failure) [PSYoungGen: 85024K->1088K(85504K)] 218010K->134074K(280064K), 0.0022289 secs] [Times: user=0.01 sys=0.00, real=0.00 secs] 
2021-08-19T08:47:57.562+0800: 58765.159: [GC (Allocation Failure) [PSYoungGen: 85056K->1104K(85504K)] 218042K->134090K(280064K), 0.0023871 secs] [Times: user=0.02 sys=0.00, real=0.00 secs] 
2021-08-19T08:48:08.313+0800: 58775.910: [GC (Allocation Failure) [PSYoungGen: 85072K->1520K(84480K)] 218058K->134642K(279040K), 0.0024951 secs] [Times: user=0.02 sys=0.00, real=0.00 secs] 
2021-08-19T08:48:21.265+0800: 58788.862: [GC (Allocation Failure) [PSYoungGen: 84464K->960K(84992K)] 217586K->134082K(279552K), 0.0020935 secs] [Times: user=0.02 sys=0.00, real=0.00 secs] 
2021-08-19T08:48:33.938+0800: 58801.536: [GC (Allocation Failure) [PSYoungGen: 83904K->976K(84992K)] 217026K->134098K(279552K), 0.0020380 secs] [Times: user=0.02 sys=0.00, real=0.01 secs] 
2021-08-19T08:48:46.263+0800: 58813.861: [GC (Allocation Failure) [PSYoungGen: 83920K->1008K(84992K)] 217042K->134138K(279552K), 0.0020851 secs] [Times: user=0.02 sys=0.00, real=0.00 secs] 
2021-08-19T08:48:58.306+0800: 58825.904: [GC (Allocation Failure) [PSYoungGen: 83952K->1296K(84992K)] 217082K->134426K(279552K), 0.0021129 secs] [Times: user=0.02 sys=0.00, real=0.00 secs] 
2021-08-19T08:49:09.270+0800: 58836.868: [GC (Allocation Failure) [PSYoungGen: 84240K->960K(84992K)] 217370K->134234K(279552K), 0.0022390 secs] [Times: user=0.01 sys=0.00, real=0.00 secs] 
2021-08-19T08:49:22.264+0800: 58849.862: [GC (Allocation Failure) [PSYoungGen: 83904K->912K(84992K)] 217178K->134186K(279552K), 0.0022234 secs] [Times: user=0.01 sys=0.00, real=0.00 secs] 
2021-08-19T08:49:35.263+0800: 58862.861: [GC (Allocation Failure) [PSYoungGen: 83856K->864K(84992K)] 217130K->134282K(279552K), 0.0020428 secs] [Times: user=0.02 sys=0.00, real=0.00 secs] 
2021-08-19T08:49:47.266+0800: 58874.864: [GC (Allocation Failure) [PSYoungGen: 83808K->592K(85504K)] 217226K->134290K(280064K), 0.0020769 secs] [Times: user=0.02 sys=0.00, real=0.00 secs] 
2021-08-19T08:49:58.314+0800: 58885.912: [GC (Allocation Failure) [PSYoungGen: 84560K->1472K(85504K)] 218258K->135306K(280064K), 0.0023543 secs] [Times: user=0.02 sys=0.00, real=0.00 secs] 
2021-08-19T08:50:11.264+0800: 58898.862: [GC (Allocation Failure) [PSYoungGen: 85440K->416K(84480K)] 219274K->134442K(279040K), 0.0023628 secs] [Times: user=0.01 sys=0.00, real=0.00 secs] 
2021-08-19T08:50:23.938+0800: 58911.535: [GC (Allocation Failure) [PSYoungGen: 83360K->416K(84992K)] 217386K->134554K(279552K), 0.0021697 secs] [Times: user=0.02 sys=0.00, real=0.00 secs] 
2021-08-19T08:50:36.265+0800: 58923.863: [GC (Allocation Failure) [PSYoungGen: 83360K->416K(84992K)] 217498K->134586K(279552K), 0.0021962 secs] [Times: user=0.02 sys=0.00, real=0.00 secs] 
2021-08-19T08:50:48.307+0800: 58935.904: [GC (Allocation Failure) [PSYoungGen: 83360K->608K(84992K)] 217530K->134778K(279552K), 0.0019866 secs] [Times: user=0.01 sys=0.00, real=0.00 secs] 
2021-08-19T08:50:59.764+0800: 58947.362: [GC (Allocation Failure) [PSYoungGen: 83552K->384K(84992K)] 217722K->134554K(279552K), 0.0020039 secs] [Times: user=0.02 sys=0.00, real=0.00 secs] 
2021-08-19T08:51:12.264+0800: 58959.862: [GC (Allocation Failure) [PSYoungGen: 83328K->416K(84992K)] 217498K->134594K(279552K), 0.0020291 secs] [Times: user=0.01 sys=0.00, real=0.00 secs] 
2021-08-19T08:51:25.263+0800: 58972.861: [GC (Allocation Failure) [PSYoungGen: 83360K->416K(85504K)] 217538K->134594K(280064K), 0.0018867 secs] [Times: user=0.01 sys=0.00, real=0.00 secs] 
2021-08-19T08:51:37.894+0800: 58985.492: [GC (Allocation Failure) [PSYoungGen: 83872K->384K(84992K)] 218050K->134562K(279552K), 0.0020207 secs] [Times: user=0.01 sys=0.00, real=0.00 secs] 
2021-08-19T08:51:48.315+0800: 58995.913: [GC (Allocation Failure) [PSYoungGen: 83840K->896K(85504K)] 218018K->135074K(280064K), 0.0029945 secs] [Times: user=0.01 sys=0.00, real=0.00 secs] 
2021-08-19T08:52:01.265+0800: 59008.862: [GC (Allocation Failure) [PSYoungGen: 84864K->416K(85504K)] 219042K->134594K(280064K), 0.0019990 secs] [Times: user=0.01 sys=0.00, real=0.00 secs] 
2021-08-19T08:52:14.265+0800: 59021.863: [GC (Allocation Failure) [PSYoungGen: 84384K->384K(85504K)] 218562K->134562K(280064K), 0.0023602 secs] [Times: user=0.02 sys=0.00, real=0.00 secs] 
2021-08-19T08:52:27.263+0800: 59034.861: [GC (Allocation Failure) [PSYoungGen: 84352K->416K(85504K)] 218530K->134594K(280064K), 0.0021375 secs] [Times: user=0.01 sys=0.00, real=0.00 secs] 
2021-08-19T08:52:38.311+0800: 59045.909: [GC (Allocation Failure) [PSYoungGen: 84384K->1088K(85504K)] 218562K->135266K(280064K), 0.0020065 secs] [Times: user=0.02 sys=0.00, real=0.00 secs] 
2021-08-19T08:52:50.268+0800: 59057.866: [GC (Allocation Failure) [PSYoungGen: 85056K->320K(85504K)] 219234K->134498K(280064K), 0.0019526 secs] [Times: user=0.01 sys=0.00, real=0.00 secs] 
2021-08-19T08:53:03.270+0800: 59070.868: [GC (Allocation Failure) [PSYoungGen: 84288K->416K(85504K)] 218466K->134610K(280064K), 0.0019674 secs] [Times: user=0.02 sys=0.00, real=0.01 secs] 
2021-08-19T08:53:16.265+0800: 59083.863: [GC (Allocation Failure) [PSYoungGen: 84384K->384K(85504K)] 218578K->134586K(280064K), 0.0024964 secs] [Times: user=0.02 sys=0.00, real=0.00 secs] 
2021-08-19T08:53:28.308+0800: 59095.906: [GC (Allocation Failure) [PSYoungGen: 84352K->704K(85504K)] 218554K->134906K(280064K), 0.0020245 secs] [Times: user=0.01 sys=0.00, real=0.01 secs] 
2021-08-19T08:53:39.765+0800: 59107.363: [GC (Allocation Failure) [PSYoungGen: 84672K->384K(85504K)] 218874K->134586K(280064K), 0.0018971 secs] [Times: user=0.02 sys=0.00, real=0.00 secs] 
2021-08-19T08:53:52.762+0800: 59120.360: [GC (Allocation Failure) [PSYoungGen: 84352K->416K(85504K)] 218554K->134618K(280064K), 0.0020104 secs] [Times: user=0.01 sys=0.00, real=0.00 secs] 
2021-08-19T08:54:05.271+0800: 59132.869: [GC (Allocation Failure) [PSYoungGen: 84384K->416K(85504K)] 218586K->134618K(280064K), 0.0020371 secs] [Times: user=0.02 sys=0.00, real=0.00 secs] 
2021-08-19T08:54:18.268+0800: 59145.866: [GC (Allocation Failure) [PSYoungGen: 84384K->352K(85504K)] 218586K->134554K(280064K), 0.0018773 secs] [Times: user=0.01 sys=0.00, real=0.00 secs] 
2021-08-19T08:54:29.268+0800: 59156.865: [GC (Allocation Failure) [PSYoungGen: 84320K->384K(85504K)] 218522K->134586K(280064K), 0.0018977 secs] [Times: user=0.02 sys=0.00, real=0.00 secs] 
2021-08-19T08:54:42.263+0800: 59169.861: [GC (Allocation Failure) [PSYoungGen: 84352K->352K(85504K)] 218554K->134554K(280064K), 0.0023607 secs] [Times: user=0.01 sys=0.00, real=0.00 secs] 
2021-08-19T08:54:54.938+0800: 59182.536: [GC (Allocation Failure) [PSYoungGen: 84320K->416K(85504K)] 218522K->134618K(280064K), 0.0020418 secs] [Times: user=0.01 sys=0.00, real=0.01 secs] 
2021-08-19T08:55:07.770+0800: 59195.368: [GC (Allocation Failure) [PSYoungGen: 84384K->416K(86016K)] 218586K->134626K(280576K), 0.0021079 secs] [Times: user=0.02 sys=0.00, real=0.00 secs] 
2021-08-19T08:55:18.765+0800: 59206.363: [GC (Allocation Failure) [PSYoungGen: 84896K->352K(85504K)] 219106K->134562K(280064K), 0.0024041 secs] [Times: user=0.02 sys=0.00, real=0.00 secs] 
2021-08-19T08:55:31.767+0800: 59219.365: [GC (Allocation Failure) [PSYoungGen: 84832K->384K(86016K)] 219042K->134594K(280576K), 0.0023572 secs] [Times: user=0.01 sys=0.00, real=0.00 secs] 
2021-08-19T08:55:44.269+0800: 59231.867: [GC (Allocation Failure) [PSYoungGen: 85376K->256K(86016K)] 219586K->134466K(280576K), 0.0018576 secs] [Times: user=0.01 sys=0.00, real=0.01 secs] 
2021-08-19T08:55:57.271+0800: 59244.869: [GC (Allocation Failure) [PSYoungGen: 85248K->416K(86016K)] 219458K->134626K(280576K), 0.0021723 secs] [Times: user=0.01 sys=0.00, real=0.00 secs] 
2021-08-19T08:56:08.764+0800: 59256.362: [GC (Allocation Failure) [PSYoungGen: 85408K->416K(86016K)] 219618K->134626K(280576K), 0.0023959 secs] [Times: user=0.01 sys=0.00, real=0.00 secs] 
2021-08-19T08:56:21.767+0800: 59269.365: [GC (Allocation Failure) [PSYoungGen: 85408K->384K(86016K)] 219618K->134594K(280576K), 0.0025343 secs] [Times: user=0.02 sys=0.00, real=0.00 secs] 
2021-08-19T08:56:34.839+0800: 59282.437: [GC (Allocation Failure) [PSYoungGen: 85376K->416K(86016K)] 219586K->134626K(280576K), 0.0021440 secs] [Times: user=0.02 sys=0.00, real=0.01 secs] 
2021-08-19T08:56:47.271+0800: 59294.868: [GC (Allocation Failure) [PSYoungGen: 85408K->384K(86016K)] 219618K->134594K(280576K), 0.0022952 secs] [Times: user=0.02 sys=0.00, real=0.00 secs] 
2021-08-19T08:56:58.764+0800: 59306.362: [GC (Allocation Failure) [PSYoungGen: 85376K->384K(86016K)] 219586K->134626K(280576K), 0.0021000 secs] [Times: user=0.02 sys=0.00, real=0.00 secs] 
2021-08-19T08:57:11.938+0800: 59319.536: [GC (Allocation Failure) [PSYoungGen: 85376K->416K(86016K)] 219618K->134658K(280576K), 0.0027661 secs] [Times: user=0.02 sys=0.00, real=0.01 secs] 
2021-08-19T08:57:24.938+0800: 59332.536: [GC (Allocation Failure) [PSYoungGen: 85408K->320K(86016K)] 219650K->134562K(280576K), 0.0020183 secs] [Times: user=0.01 sys=0.00, real=0.01 secs] 
2021-08-19T08:57:37.895+0800: 59345.493: [GC (Allocation Failure) [PSYoungGen: 85312K->320K(86016K)] 219554K->134562K(280576K), 0.0019592 secs] [Times: user=0.01 sys=0.00, real=0.00 secs] 
2021-08-19T08:57:48.765+0800: 59356.363: [GC (Allocation Failure) [PSYoungGen: 85312K->416K(86016K)] 219554K->134690K(280576K), 0.0018951 secs] [Times: user=0.01 sys=0.00, real=0.00 secs] 
2021-08-19T08:58:01.766+0800: 59369.364: [GC (Allocation Failure) [PSYoungGen: 85408K->416K(86016K)] 219682K->134698K(280576K), 0.0023638 secs] [Times: user=0.02 sys=0.00, real=0.00 secs] 
2021-08-19T08:58:14.766+0800: 59382.364: [GC (Allocation Failure) [PSYoungGen: 85408K->416K(86016K)] 219690K->134698K(280576K), 0.0023297 secs] [Times: user=0.01 sys=0.00, real=0.00 secs] 
2021-08-19T08:58:27.770+0800: 59395.368: [GC (Allocation Failure) [PSYoungGen: 85408K->384K(86016K)] 219690K->134666K(280576K), 0.0023803 secs] [Times: user=0.01 sys=0.00, real=0.01 secs] 
2021-08-19T08:58:38.764+0800: 59406.362: [GC (Allocation Failure) [PSYoungGen: 85376K->416K(86016K)] 219658K->134698K(280576K), 0.0020758 secs] [Times: user=0.02 sys=0.00, real=0.00 secs] 
2021-08-19T08:58:51.766+0800: 59419.364: [GC (Allocation Failure) [PSYoungGen: 85408K->384K(86016K)] 219690K->134666K(280576K), 0.0020875 secs] [Times: user=0.02 sys=0.00, real=0.00 secs] 
2021-08-19T08:59:04.769+0800: 59432.366: [GC (Allocation Failure) [PSYoungGen: 85376K->416K(86016K)] 219658K->134698K(280576K), 0.0023586 secs] [Times: user=0.01 sys=0.00, real=0.01 secs] 
2021-08-19T08:59:17.765+0800: 59445.362: [GC (Allocation Failure) [PSYoungGen: 85408K->352K(86016K)] 219690K->134634K(280576K), 0.0020676 secs] [Times: user=0.01 sys=0.00, real=0.00 secs] 
2021-08-19T08:59:28.770+0800: 59456.367: [GC (Allocation Failure) [PSYoungGen: 85344K->320K(86016K)] 219626K->134602K(280576K), 0.0019030 secs] [Times: user=0.01 sys=0.00, real=0.01 secs] 
2021-08-19T08:59:41.269+0800: 59468.867: [GC (Allocation Failure) [PSYoungGen: 85312K->416K(86016K)] 219594K->134722K(280576K), 0.0018672 secs] [Times: user=0.01 sys=0.00, real=0.01 secs] 
2021-08-19T08:59:54.765+0800: 59482.362: [GC (Allocation Failure) [PSYoungGen: 85408K->352K(86016K)] 219714K->134658K(280576K), 0.0021208 secs] [Times: user=0.01 sys=0.00, real=0.00 secs] 
2021-08-19T09:00:07.765+0800: 59495.363: [GC (Allocation Failure) [PSYoungGen: 85344K->352K(86016K)] 219650K->134658K(280576K), 0.0018575 secs] [Times: user=0.01 sys=0.00, real=0.00 secs] 
2021-08-19T09:00:18.765+0800: 59506.363: [GC (Allocation Failure) [PSYoungGen: 85344K->384K(86016K)] 219650K->134690K(280576K), 0.0019760 secs] [Times: user=0.01 sys=0.00, real=0.00 secs] 
2021-08-19T09:00:31.766+0800: 59519.364: [GC (Allocation Failure) [PSYoungGen: 85376K->384K(86528K)] 219682K->134690K(281088K), 0.0022983 secs] [Times: user=0.01 sys=0.00, real=0.00 secs] 
2021-08-19T09:00:44.767+0800: 59532.365: [GC (Allocation Failure) [PSYoungGen: 86400K->352K(86528K)] 220706K->134658K(281088K), 0.0019921 secs] [Times: user=0.02 sys=0.00, real=0.00 secs] 
2021-08-19T09:00:58.264+0800: 59545.862: [GC (Allocation Failure) [PSYoungGen: 86368K->416K(86528K)] 220674K->134722K(281088K), 0.0020286 secs] [Times: user=0.02 sys=0.00, real=0.00 secs] 
2021-08-19T09:01:09.268+0800: 59556.866: [GC (Allocation Failure) [PSYoungGen: 86432K->416K(86528K)] 220738K->134738K(281088K), 0.0022822 secs] [Times: user=0.01 sys=0.00, real=0.01 secs] 
2021-08-19T09:01:22.267+0800: 59569.865: [GC (Allocation Failure) [PSYoungGen: 86432K->384K(86528K)] 220754K->134706K(281088K), 0.0020350 secs] [Times: user=0.02 sys=0.00, real=0.00 secs] 
2021-08-19T09:01:35.767+0800: 59583.364: [GC (Allocation Failure) [PSYoungGen: 86400K->384K(86528K)] 220722K->134714K(281088K), 0.0020179 secs] [Times: user=0.02 sys=0.00, real=0.00 secs] 
2021-08-19T09:01:48.307+0800: 59595.904: [GC (Allocation Failure) [PSYoungGen: 86400K->416K(86528K)] 220730K->134770K(281088K), 0.0022116 secs] [Times: user=0.01 sys=0.00, real=0.00 secs] 
2021-08-19T09:02:00.263+0800: 59607.861: [GC (Allocation Failure) [PSYoungGen: 86432K->384K(86528K)] 220786K->134738K(281088K), 0.0023694 secs] [Times: user=0.01 sys=0.00, real=0.00 secs] 
2021-08-19T09:02:13.266+0800: 59620.864: [GC (Allocation Failure) [PSYoungGen: 86400K->416K(86528K)] 220754K->134770K(281088K), 0.0018288 secs] [Times: user=0.02 sys=0.00, real=0.00 secs] 
2021-08-19T09:02:26.266+0800: 59633.863: [GC (Allocation Failure) [PSYoungGen: 86432K->416K(86528K)] 220786K->134770K(281088K), 0.0022773 secs] [Times: user=0.02 sys=0.00, real=0.00 secs] 
2021-08-19T09:02:38.312+0800: 59645.910: [GC (Allocation Failure) [PSYoungGen: 86432K->448K(86528K)] 220786K->134802K(281088K), 0.0024858 secs] [Times: user=0.02 sys=0.00, real=0.00 secs] 
2021-08-19T09:02:50.763+0800: 59658.361: [GC (Allocation Failure) [PSYoungGen: 86464K->416K(86528K)] 220818K->134770K(281088K), 0.0019638 secs] [Times: user=0.01 sys=0.00, real=0.00 secs] 
2021-08-19T09:03:04.261+0800: 59671.858: [GC (Allocation Failure) [PSYoungGen: 86432K->416K(86528K)] 220786K->134786K(281088K), 0.0020623 secs] [Times: user=0.01 sys=0.00, real=0.00 secs] 
2021-08-19T09:03:17.262+0800: 59684.860: [GC (Allocation Failure) [PSYoungGen: 86432K->416K(86528K)] 220802K->134786K(281088K), 0.0020439 secs] [Times: user=0.01 sys=0.00, real=0.00 secs] 
2021-08-19T09:03:28.320+0800: 59695.917: [GC (Allocation Failure) [PSYoungGen: 86432K->512K(85504K)] 220802K->135098K(280064K), 0.0023081 secs] [Times: user=0.02 sys=0.00, real=0.01 secs] 
2021-08-19T09:03:41.261+0800: 59708.859: [GC (Allocation Failure) [PSYoungGen: 85504K->416K(86016K)] 220090K->135002K(280576K), 0.0024129 secs] [Times: user=0.01 sys=0.00, real=0.00 secs] 
2021-08-19T09:03:54.260+0800: 59721.858: [GC (Allocation Failure) [PSYoungGen: 85408K->352K(86016K)] 219994K->134938K(280576K), 0.0022107 secs] [Times: user=0.02 sys=0.00, real=0.00 secs] 
2021-08-19T09:04:07.264+0800: 59734.862: [GC (Allocation Failure) [PSYoungGen: 85344K->320K(86016K)] 219930K->134906K(280576K), 0.0019099 secs] [Times: user=0.01 sys=0.00, real=0.00 secs] 
2021-08-19T09:04:18.319+0800: 59745.917: [GC (Allocation Failure) [PSYoungGen: 85312K->1024K(86016K)] 219898K->135754K(280576K), 0.0023057 secs] [Times: user=0.01 sys=0.00, real=0.01 secs] 
2021-08-19T09:04:31.264+0800: 59758.861: [GC (Allocation Failure) [PSYoungGen: 86016K->384K(86016K)] 220746K->135138K(280576K), 0.0022816 secs] [Times: user=0.02 sys=0.01, real=0.00 secs] 
2021-08-19T09:04:44.263+0800: 59771.861: [GC (Allocation Failure) [PSYoungGen: 85376K->352K(86016K)] 220130K->135106K(280576K), 0.0019168 secs] [Times: user=0.01 sys=0.00, real=0.00 secs] 
2021-08-19T09:04:57.259+0800: 59784.857: [GC (Allocation Failure) [PSYoungGen: 85344K->416K(86016K)] 220098K->135170K(280576K), 0.0019862 secs] [Times: user=0.01 sys=0.00, real=0.01 secs] 
2021-08-19T09:05:08.319+0800: 59795.917: [GC (Allocation Failure) [PSYoungGen: 85408K->1024K(86016K)] 220162K->135930K(280576K), 0.0024032 secs] [Times: user=0.01 sys=0.00, real=0.01 secs] 
2021-08-19T09:05:21.259+0800: 59808.857: [GC (Allocation Failure) [PSYoungGen: 86016K->416K(86016K)] 220922K->135322K(280576K), 0.0023961 secs] [Times: user=0.02 sys=0.00, real=0.01 secs] 
2021-08-19T09:05:34.267+0800: 59821.865: [GC (Allocation Failure) [PSYoungGen: 85408K->416K(86016K)] 220314K->135322K(280576K), 0.0020303 secs] [Times: user=0.01 sys=0.00, real=0.00 secs] 
2021-08-19T09:05:47.258+0800: 59834.856: [GC (Allocation Failure) [PSYoungGen: 85408K->416K(86016K)] 220314K->135322K(280576K), 0.0021122 secs] [Times: user=0.02 sys=0.00, real=0.01 secs] 
2021-08-19T09:05:58.320+0800: 59845.918: [GC (Allocation Failure) [PSYoungGen: 85408K->864K(86016K)] 220314K->135770K(280576K), 0.0023983 secs] [Times: user=0.02 sys=0.00, real=0.00 secs] 
2021-08-19T09:06:11.269+0800: 59858.866: [GC (Allocation Failure) [PSYoungGen: 85856K->416K(86016K)] 220762K->135322K(280576K), 0.0019647 secs] [Times: user=0.01 sys=0.00, real=0.01 secs] 
2021-08-19T09:06:24.262+0800: 59871.859: [GC (Allocation Failure) [PSYoungGen: 85408K->416K(86016K)] 220314K->135322K(280576K), 0.0018959 secs] [Times: user=0.01 sys=0.00, real=0.00 secs] 
2021-08-19T09:06:37.259+0800: 59884.857: [GC (Allocation Failure) [PSYoungGen: 85408K->416K(86016K)] 220314K->135346K(280576K), 0.0022186 secs] [Times: user=0.02 sys=0.00, real=0.01 secs] 
2021-08-19T09:06:48.322+0800: 59895.920: [GC (Allocation Failure) [PSYoungGen: 85408K->832K(86016K)] 220338K->135762K(280576K), 0.0023410 secs] [Times: user=0.01 sys=0.00, real=0.00 secs] 
2021-08-19T09:07:01.257+0800: 59908.855: [GC (Allocation Failure) [PSYoungGen: 85824K->416K(86016K)] 220754K->135346K(280576K), 0.0018236 secs] [Times: user=0.01 sys=0.00, real=0.00 secs] 
2021-08-19T09:07:14.259+0800: 59921.857: [GC (Allocation Failure) [PSYoungGen: 85408K->384K(86016K)] 220338K->135314K(280576K), 0.0020358 secs] [Times: user=0.01 sys=0.00, real=0.01 secs] 
2021-08-19T09:07:27.753+0800: 59935.351: [GC (Allocation Failure) [PSYoungGen: 85376K->384K(86016K)] 220306K->135394K(280576K), 0.0025648 secs] [Times: user=0.02 sys=0.00, real=0.00 secs] 
2021-08-19T09:07:38.320+0800: 59945.918: [GC (Allocation Failure) [PSYoungGen: 85376K->896K(84992K)] 220386K->135906K(279552K), 0.0022442 secs] [Times: user=0.01 sys=0.00, real=0.00 secs] 
2021-08-19T09:07:51.256+0800: 59958.853: [GC (Allocation Failure) [PSYoungGen: 84864K->384K(85504K)] 219874K->135394K(280064K), 0.0021889 secs] [Times: user=0.01 sys=0.00, real=0.00 secs] 
2021-08-19T09:08:04.257+0800: 59971.855: [GC (Allocation Failure) [PSYoungGen: 84352K->416K(86016K)] 219362K->135426K(280576K), 0.0018331 secs] [Times: user=0.02 sys=0.00, real=0.00 secs] 
2021-08-19T09:08:17.254+0800: 59984.852: [GC (Allocation Failure) [PSYoungGen: 85408K->416K(86016K)] 220418K->135522K(280576K), 0.0019645 secs] [Times: user=0.02 sys=0.00, real=0.00 secs] 
2021-08-19T09:08:28.321+0800: 59995.919: [GC (Allocation Failure) [PSYoungGen: 85408K->1024K(84992K)] 220514K->136290K(279552K), 0.0028217 secs] [Times: user=0.01 sys=0.02, real=0.00 secs] 
2021-08-19T09:08:40.943+0800: 60008.541: [GC (Allocation Failure) [PSYoungGen: 84992K->416K(85504K)] 220258K->135682K(280064K), 0.0019844 secs] [Times: user=0.01 sys=0.00, real=0.00 secs] 
2021-08-19T09:08:53.845+0800: 60021.443: [GC (Allocation Failure) [PSYoungGen: 84384K->352K(85504K)] 219650K->135618K(280064K), 0.0020696 secs] [Times: user=0.01 sys=0.00, real=0.00 secs] 
2021-08-19T09:09:06.752+0800: 60034.350: [GC (Allocation Failure) [PSYoungGen: 84320K->352K(85504K)] 219586K->135618K(280064K), 0.0022361 secs] [Times: user=0.02 sys=0.00, real=0.00 secs] 
2021-08-19T09:09:18.318+0800: 60045.915: [GC (Allocation Failure) [PSYoungGen: 84320K->736K(85504K)] 219586K->136002K(280064K), 0.0025051 secs] [Times: user=0.02 sys=0.00, real=0.01 secs] 
2021-08-19T09:09:30.254+0800: 60057.852: [GC (Allocation Failure) [PSYoungGen: 84704K->416K(85504K)] 219970K->135682K(280064K), 0.0020524 secs] [Times: user=0.02 sys=0.00, real=0.00 secs] 
2021-08-19T09:09:43.251+0800: 60070.848: [GC (Allocation Failure) [PSYoungGen: 84384K->352K(85504K)] 219650K->135618K(280064K), 0.0023140 secs] [Times: user=0.02 sys=0.00, real=0.00 secs] 
2021-08-19T09:09:55.961+0800: 60083.559: [GC (Allocation Failure) [PSYoungGen: 84320K->320K(85504K)] 219586K->135586K(280064K), 0.0019916 secs] [Times: user=0.01 sys=0.01, real=0.00 secs] 
2021-08-19T09:10:08.312+0800: 60095.910: [GC (Allocation Failure) [PSYoungGen: 84288K->384K(86016K)] 219554K->135650K(280576K), 0.0020704 secs] [Times: user=0.01 sys=0.00, real=0.00 secs] 
2021-08-19T09:10:19.776+0800: 60107.374: [GC (Allocation Failure) [PSYoungGen: 84864K->384K(85504K)] 220130K->135650K(280064K), 0.0020159 secs] [Times: user=0.01 sys=0.00, real=0.00 secs] 
2021-08-19T09:10:32.750+0800: 60120.348: [GC (Allocation Failure) [PSYoungGen: 84864K->416K(86016K)] 220130K->135682K(280576K), 0.0019640 secs] [Times: user=0.01 sys=0.00, real=0.01 secs] 
2021-08-19T09:10:45.255+0800: 60132.853: [GC (Allocation Failure) [PSYoungGen: 85408K->384K(86016K)] 220674K->135650K(280576K), 0.0018365 secs] [Times: user=0.01 sys=0.00, real=0.00 secs] 
2021-08-19T09:10:58.284+0800: 60145.882: [GC (Allocation Failure) [PSYoungGen: 85376K->384K(86016K)] 220642K->135650K(280576K), 0.0020543 secs] [Times: user=0.01 sys=0.00, real=0.00 secs] 
2021-08-19T09:11:09.634+0800: 60157.232: [GC (Allocation Failure) [PSYoungGen: 85376K->352K(86016K)] 220642K->135618K(280576K), 0.0020985 secs] [Times: user=0.02 sys=0.00, real=0.00 secs] 
2021-08-19T09:11:22.759+0800: 60170.357: [GC (Allocation Failure) [PSYoungGen: 85344K->416K(86016K)] 220610K->135682K(280576K), 0.0023862 secs] [Times: user=0.01 sys=0.00, real=0.01 secs] 
2021-08-19T09:11:35.750+0800: 60183.348: [GC (Allocation Failure) [PSYoungGen: 85408K->416K(86016K)] 220674K->135738K(280576K), 0.0020749 secs] [Times: user=0.01 sys=0.00, real=0.01 secs] 
2021-08-19T09:11:48.255+0800: 60195.852: [GC (Allocation Failure) [PSYoungGen: 85408K->352K(86016K)] 220730K->135730K(280576K), 0.0018892 secs] [Times: user=0.01 sys=0.00, real=0.00 secs] 
2021-08-19T09:11:59.262+0800: 60206.860: [GC (Allocation Failure) [PSYoungGen: 85344K->384K(86016K)] 220722K->135762K(280576K), 0.0020762 secs] [Times: user=0.01 sys=0.00, real=0.00 secs] 
2021-08-19T09:12:12.305+0800: 60219.902: [GC (Allocation Failure) [PSYoungGen: 85376K->416K(86016K)] 220754K->135794K(280576K), 0.0018647 secs] [Times: user=0.02 sys=0.00, real=0.00 secs] 
2021-08-19T09:12:25.748+0800: 60233.346: [GC (Allocation Failure) [PSYoungGen: 85408K->384K(86016K)] 220786K->135762K(280576K), 0.0021552 secs] [Times: user=0.01 sys=0.00, real=0.01 secs] 
2021-08-19T09:12:38.252+0800: 60245.850: [GC (Allocation Failure) [PSYoungGen: 85376K->352K(86016K)] 220754K->135730K(280576K), 0.0019812 secs] [Times: user=0.02 sys=0.00, real=0.00 secs] 
2021-08-19T09:12:49.252+0800: 60256.850: [GC (Allocation Failure) [PSYoungGen: 85344K->320K(86016K)] 220722K->135698K(280576K), 0.0019431 secs] [Times: user=0.01 sys=0.00, real=0.00 secs] 
2021-08-19T09:13:02.252+0800: 60269.849: [GC (Allocation Failure) [PSYoungGen: 85312K->384K(86016K)] 220690K->135762K(280576K), 0.0018250 secs] [Times: user=0.02 sys=0.00, real=0.00 secs] 
2021-08-19T09:13:15.256+0800: 60282.853: [GC (Allocation Failure) [PSYoungGen: 85376K->384K(86016K)] 220754K->135762K(280576K), 0.0019916 secs] [Times: user=0.02 sys=0.00, real=0.00 secs] 
2021-08-19T09:13:28.311+0800: 60295.909: [GC (Allocation Failure) [PSYoungGen: 85376K->384K(86016K)] 220754K->135770K(280576K), 0.0019980 secs] [Times: user=0.02 sys=0.00, real=0.00 secs] 
2021-08-19T09:13:39.254+0800: 60306.852: [GC (Allocation Failure) [PSYoungGen: 85376K->352K(86016K)] 220762K->135738K(280576K), 0.0019655 secs] [Times: user=0.01 sys=0.00, real=0.00 secs] 
2021-08-19T09:13:52.251+0800: 60319.849: [GC (Allocation Failure) [PSYoungGen: 85344K->416K(86016K)] 220730K->135802K(280576K), 0.0018759 secs] [Times: user=0.01 sys=0.00, real=0.00 secs] 
2021-08-19T09:14:05.252+0800: 60332.850: [GC (Allocation Failure) [PSYoungGen: 85408K->384K(86016K)] 220794K->135770K(280576K), 0.0017979 secs] [Times: user=0.01 sys=0.00, real=0.00 secs] 
2021-08-19T09:14:18.310+0800: 60345.908: [GC (Allocation Failure) [PSYoungGen: 85376K->416K(86016K)] 220762K->135802K(280576K), 0.0028486 secs] [Times: user=0.02 sys=0.00, real=0.00 secs] 
2021-08-19T09:14:29.747+0800: 60357.345: [GC (Allocation Failure) [PSYoungGen: 85408K->416K(86016K)] 220794K->135802K(280576K), 0.0019513 secs] [Times: user=0.02 sys=0.00, real=0.00 secs] 
2021-08-19T09:14:42.290+0800: 60369.887: [GC (Allocation Failure) [PSYoungGen: 85408K->432K(86016K)] 220794K->135818K(280576K), 0.0022852 secs] [Times: user=0.02 sys=0.00, real=0.01 secs] 
2021-08-19T09:14:55.259+0800: 60382.857: [GC (Allocation Failure) [PSYoungGen: 85424K->416K(86016K)] 220810K->135802K(280576K), 0.0020095 secs] [Times: user=0.01 sys=0.00, real=0.01 secs] 
2021-08-19T09:15:08.310+0800: 60395.907: [GC (Allocation Failure) [PSYoungGen: 85408K->432K(86016K)] 220794K->135818K(280576K), 0.0020359 secs] [Times: user=0.02 sys=0.00, real=0.01 secs] 
2021-08-19T09:15:19.251+0800: 60406.849: [GC (Allocation Failure) [PSYoungGen: 85424K->416K(86016K)] 220810K->135802K(280576K), 0.0019375 secs] [Times: user=0.01 sys=0.00, real=0.00 secs] 
2021-08-19T09:15:32.750+0800: 60420.348: [GC (Allocation Failure) [PSYoungGen: 85408K->448K(86016K)] 220794K->135842K(280576K), 0.0019062 secs] [Times: user=0.01 sys=0.00, real=0.01 secs] 
2021-08-19T09:15:45.251+0800: 60432.849: [GC (Allocation Failure) [PSYoungGen: 85440K->400K(86016K)] 220834K->135794K(280576K), 0.0021191 secs] [Times: user=0.01 sys=0.00, real=0.00 secs] 
2021-08-19T09:15:58.251+0800: 60445.849: [GC (Allocation Failure) [PSYoungGen: 85392K->416K(86528K)] 220786K->135810K(281088K), 0.0019541 secs] [Times: user=0.01 sys=0.00, real=0.00 secs] 
2021-08-19T09:16:09.252+0800: 60456.850: [GC (Allocation Failure) [PSYoungGen: 85920K->464K(86016K)] 221314K->135858K(280576K), 0.0020576 secs] [Times: user=0.02 sys=0.00, real=0.00 secs] 
2021-08-19T09:16:22.752+0800: 60470.350: [GC (Allocation Failure) [PSYoungGen: 85968K->592K(86016K)] 221362K->135994K(280576K), 0.0021279 secs] [Times: user=0.02 sys=0.00, real=0.00 secs] 
2021-08-19T09:16:35.746+0800: 60483.344: [GC (Allocation Failure) [PSYoungGen: 85584K->992K(86016K)] 220986K->136394K(280576K), 0.0022025 secs] [Times: user=0.01 sys=0.00, real=0.00 secs] 
2021-08-19T09:16:48.252+0800: 60495.850: [GC (Allocation Failure) [PSYoungGen: 85984K->992K(86016K)] 221386K->136402K(280576K), 0.0019634 secs] [Times: user=0.02 sys=0.00, real=0.00 secs] 
2021-08-19T09:16:59.249+0800: 60506.846: [GC (Allocation Failure) [PSYoungGen: 85984K->1008K(86016K)] 221394K->136450K(280576K), 0.0023851 secs] [Times: user=0.02 sys=0.00, real=0.01 secs] 
2021-08-19T09:17:12.253+0800: 60519.851: [GC (Allocation Failure) [PSYoungGen: 86000K->992K(84992K)] 221442K->136466K(279552K), 0.0020115 secs] [Times: user=0.02 sys=0.00, real=0.00 secs] 
2021-08-19T09:17:25.253+0800: 60532.850: [GC (Allocation Failure) [PSYoungGen: 84960K->912K(85504K)] 220434K->136530K(280064K), 0.0019802 secs] [Times: user=0.01 sys=0.00, real=0.00 secs] 
2021-08-19T09:17:38.250+0800: 60545.848: [GC (Allocation Failure) [PSYoungGen: 84880K->928K(85504K)] 220498K->136546K(280064K), 0.0021633 secs] [Times: user=0.02 sys=0.00, real=0.00 secs] 
2021-08-19T09:17:49.227+0800: 60556.824: [GC (Allocation Failure) [PSYoungGen: 84896K->976K(85504K)] 220514K->136594K(280064K), 0.0022239 secs] [Times: user=0.02 sys=0.00, real=0.00 secs] 
2021-08-19T09:18:01.755+0800: 60569.353: [GC (Allocation Failure) [PSYoungGen: 84944K->992K(85504K)] 220562K->136610K(280064K), 0.0020879 secs] [Times: user=0.02 sys=0.00, real=0.00 secs] 
2021-08-19T09:18:14.747+0800: 60582.344: [GC (Allocation Failure) [PSYoungGen: 84960K->992K(85504K)] 220578K->136610K(280064K), 0.0020033 secs] [Times: user=0.01 sys=0.00, real=0.00 secs] 
2021-08-19T09:18:27.246+0800: 60594.844: [GC (Allocation Failure) [PSYoungGen: 84960K->960K(85504K)] 220578K->136746K(280064K), 0.0019514 secs] [Times: user=0.02 sys=0.00, real=0.00 secs] 
2021-08-19T09:18:38.322+0800: 60605.920: [GC (Allocation Failure) [PSYoungGen: 84928K->1504K(85504K)] 220714K->137410K(280064K), 0.0021922 secs] [Times: user=0.01 sys=0.00, real=0.00 secs] 
2021-08-19T09:18:50.746+0800: 60618.344: [GC (Allocation Failure) [PSYoungGen: 85472K->896K(84480K)] 221378K->136802K(279040K), 0.0023948 secs] [Times: user=0.02 sys=0.00, real=0.00 secs] 
2021-08-19T09:19:03.249+0800: 60630.847: [GC (Allocation Failure) [PSYoungGen: 83840K->912K(84992K)] 219746K->136818K(279552K), 0.0021040 secs] [Times: user=0.02 sys=0.00, real=0.01 secs] 
2021-08-19T09:19:16.248+0800: 60643.845: [GC (Allocation Failure) [PSYoungGen: 83856K->832K(85504K)] 219762K->136866K(280064K), 0.0021054 secs] [Times: user=0.02 sys=0.00, real=0.00 secs] 
2021-08-19T09:19:28.317+0800: 60655.915: [GC (Allocation Failure) [PSYoungGen: 84800K->1088K(85504K)] 220834K->137258K(280064K), 0.0019882 secs] [Times: user=0.01 sys=0.00, real=0.00 secs] 
2021-08-19T09:19:39.746+0800: 60667.343: [GC (Allocation Failure) [PSYoungGen: 85056K->464K(85504K)] 221226K->137067K(280064K), 0.0024136 secs] [Times: user=0.02 sys=0.00, real=0.00 secs] 
2021-08-19T09:19:52.251+0800: 60679.849: [GC (Allocation Failure) [PSYoungGen: 84432K->384K(85504K)] 221035K->137123K(280064K), 0.0022681 secs] [Times: user=0.02 sys=0.00, real=0.00 secs] 
2021-08-19T09:20:05.257+0800: 60692.855: [GC (Allocation Failure) [PSYoungGen: 84352K->416K(85504K)] 221091K->137163K(280064K), 0.0020211 secs] [Times: user=0.01 sys=0.00, real=0.00 secs] 
2021-08-19T09:20:18.253+0800: 60705.850: [GC (Allocation Failure) [PSYoungGen: 84384K->384K(85504K)] 221131K->137131K(280064K), 0.0022578 secs] [Times: user=0.02 sys=0.00, real=0.00 secs] 
2021-08-19T09:20:29.246+0800: 60716.844: [GC (Allocation Failure) [PSYoungGen: 84352K->416K(85504K)] 221099K->137179K(280064K), 0.0020986 secs] [Times: user=0.01 sys=0.00, real=0.00 secs] 
2021-08-19T09:20:41.748+0800: 60729.346: [GC (Allocation Failure) [PSYoungGen: 84384K->416K(85504K)] 221147K->137179K(280064K), 0.0018802 secs] [Times: user=0.01 sys=0.00, real=0.00 secs] 
2021-08-19T09:20:54.776+0800: 60742.373: [GC (Allocation Failure) [PSYoungGen: 84384K->416K(85504K)] 221147K->137179K(280064K), 0.0021360 secs] [Times: user=0.01 sys=0.00, real=0.00 secs] 
2021-08-19T09:21:07.481+0800: 60755.079: [GC (Allocation Failure) [PSYoungGen: 84384K->416K(85504K)] 221147K->137179K(280064K), 0.0020351 secs] [Times: user=0.02 sys=0.00, real=0.00 secs] 
2021-08-19T09:21:18.327+0800: 60765.924: [GC (Allocation Failure) [PSYoungGen: 84384K->1376K(84480K)] 221147K->138139K(279040K), 0.0025245 secs] [Times: user=0.01 sys=0.00, real=0.00 secs] 
2021-08-19T09:21:31.248+0800: 60778.846: [GC (Allocation Failure) [PSYoungGen: 84320K->384K(84992K)] 221083K->137195K(279552K), 0.0022744 secs] [Times: user=0.02 sys=0.00, real=0.01 secs] 
2021-08-19T09:21:43.252+0800: 60790.850: [GC (Allocation Failure) [PSYoungGen: 83328K->416K(85504K)] 220139K->137299K(280064K), 0.0021267 secs] [Times: user=0.02 sys=0.00, real=0.00 secs] 
2021-08-19T09:21:56.252+0800: 60803.850: [GC (Allocation Failure) [PSYoungGen: 83872K->416K(84992K)] 220755K->137299K(279552K), 0.0020906 secs] [Times: user=0.01 sys=0.00, real=0.00 secs] 
2021-08-19T09:22:08.318+0800: 60815.916: [GC (Allocation Failure) [PSYoungGen: 83872K->672K(85504K)] 220755K->137555K(280064K), 0.0021408 secs] [Times: user=0.01 sys=0.00, real=0.01 secs] 
2021-08-19T09:22:20.246+0800: 60827.844: [GC (Allocation Failure) [PSYoungGen: 84640K->352K(85504K)] 221523K->137235K(280064K), 0.0023024 secs] [Times: user=0.02 sys=0.00, real=0.00 secs] 
2021-08-19T09:22:32.921+0800: 60840.519: [GC (Allocation Failure) [PSYoungGen: 84320K->416K(85504K)] 221203K->137299K(280064K), 0.0024582 secs] [Times: user=0.02 sys=0.00, real=0.00 secs] 
2021-08-19T09:22:45.247+0800: 60852.845: [GC (Allocation Failure) [PSYoungGen: 84384K->384K(85504K)] 221267K->137267K(280064K), 0.0020425 secs] [Times: user=0.02 sys=0.00, real=0.00 secs] 
2021-08-19T09:22:58.249+0800: 60865.847: [GC (Allocation Failure) [PSYoungGen: 84352K->384K(85504K)] 221235K->137267K(280064K), 0.0022396 secs] [Times: user=0.01 sys=0.00, real=0.01 secs] 
2021-08-19T09:23:09.247+0800: 60876.845: [GC (Allocation Failure) [PSYoungGen: 84352K->384K(85504K)] 221235K->137299K(280064K), 0.0019013 secs] [Times: user=0.02 sys=0.00, real=0.00 secs] 
2021-08-19T09:23:22.250+0800: 60889.847: [GC (Allocation Failure) [PSYoungGen: 84352K->416K(85504K)] 221267K->137347K(280064K), 0.0021220 secs] [Times: user=0.01 sys=0.00, real=0.01 secs] 
2021-08-19T09:23:35.243+0800: 60902.841: [GC (Allocation Failure) [PSYoungGen: 84384K->416K(85504K)] 221315K->137347K(280064K), 0.0022571 secs] [Times: user=0.01 sys=0.00, real=0.00 secs] 
2021-08-19T09:23:47.746+0800: 60915.343: [GC (Allocation Failure) [PSYoungGen: 84384K->416K(85504K)] 221315K->137347K(280064K), 0.0021104 secs] [Times: user=0.02 sys=0.00, real=0.00 secs] 
2021-08-19T09:23:58.326+0800: 60925.924: [GC (Allocation Failure) [PSYoungGen: 84384K->928K(85504K)] 221315K->137859K(280064K), 0.0021359 secs] [Times: user=0.01 sys=0.00, real=0.00 secs] 
2021-08-19T09:24:11.247+0800: 60938.845: [GC (Allocation Failure) [PSYoungGen: 84896K->352K(85504K)] 221827K->137291K(280064K), 0.0021388 secs] [Times: user=0.01 sys=0.00, real=0.00 secs] 
2021-08-19T09:24:24.246+0800: 60951.844: [GC (Allocation Failure) [PSYoungGen: 84320K->416K(85504K)] 221259K->137355K(280064K), 0.0021667 secs] [Times: user=0.01 sys=0.00, real=0.00 secs] 
2021-08-19T09:24:37.244+0800: 60964.842: [GC (Allocation Failure) [PSYoungGen: 84384K->384K(85504K)] 221323K->137323K(280064K), 0.0022121 secs] [Times: user=0.02 sys=0.00, real=0.00 secs] 
2021-08-19T09:24:48.324+0800: 60975.922: [GC (Allocation Failure) [PSYoungGen: 84352K->1056K(85504K)] 221291K->137995K(280064K), 0.0021387 secs] [Times: user=0.01 sys=0.00, real=0.00 secs] 
2021-08-19T09:25:00.744+0800: 60988.342: [GC (Allocation Failure) [PSYoungGen: 85024K->416K(85504K)] 221963K->137355K(280064K), 0.0020916 secs] [Times: user=0.01 sys=0.00, real=0.00 secs] 
2021-08-19T09:25:13.397+0800: 61000.995: [GC (Allocation Failure) [PSYoungGen: 84384K->384K(85504K)] 221323K->137323K(280064K), 0.0020547 secs] [Times: user=0.01 sys=0.00, real=0.00 secs] 
2021-08-19T09:25:26.248+0800: 61013.845: [GC (Allocation Failure) [PSYoungGen: 84352K->416K(85504K)] 221291K->137355K(280064K), 0.0021065 secs] [Times: user=0.02 sys=0.00, real=0.00 secs] 
2021-08-19T09:25:38.321+0800: 61025.919: [GC (Allocation Failure) [PSYoungGen: 84384K->640K(85504K)] 221323K->137579K(280064K), 0.0023596 secs] [Times: user=0.02 sys=0.00, real=0.00 secs] 
2021-08-19T09:25:49.746+0800: 61037.344: [GC (Allocation Failure) [PSYoungGen: 84608K->416K(85504K)] 221547K->137355K(280064K), 0.0020848 secs] [Times: user=0.01 sys=0.00, real=0.00 secs] 
2021-08-19T09:26:02.767+0800: 61050.364: [GC (Allocation Failure) [PSYoungGen: 84384K->416K(85504K)] 221323K->137443K(280064K), 0.0023411 secs] [Times: user=0.01 sys=0.00, real=0.00 secs] 
2021-08-19T09:26:15.256+0800: 61062.854: [GC (Allocation Failure) [PSYoungGen: 84384K->416K(86016K)] 221411K->137443K(280576K), 0.0018474 secs] [Times: user=0.02 sys=0.00, real=0.00 secs] 
2021-08-19T09:26:28.317+0800: 61075.915: [GC (Allocation Failure) [PSYoungGen: 85408K->352K(86016K)] 222435K->137379K(280576K), 0.0022371 secs] [Times: user=0.01 sys=0.00, real=0.00 secs] 
2021-08-19T09:26:39.251+0800: 61086.849: [GC (Allocation Failure) [PSYoungGen: 85344K->384K(86016K)] 222371K->137411K(280576K), 0.0020043 secs] [Times: user=0.01 sys=0.00, real=0.00 secs] 
2021-08-19T09:26:52.271+0800: 61099.869: [GC (Allocation Failure) [PSYoungGen: 85376K->384K(86016K)] 222403K->137411K(280576K), 0.0020027 secs] [Times: user=0.02 sys=0.00, real=0.00 secs] 
2021-08-19T09:27:05.248+0800: 61112.846: [GC (Allocation Failure) [PSYoungGen: 85376K->416K(86016K)] 222403K->137443K(280576K), 0.0019690 secs] [Times: user=0.01 sys=0.00, real=0.01 secs] 
2021-08-19T09:27:18.309+0800: 61125.907: [GC (Allocation Failure) [PSYoungGen: 85408K->352K(86016K)] 222435K->137379K(280576K), 0.0021594 secs] [Times: user=0.02 sys=0.00, real=0.01 secs] 
2021-08-19T09:27:29.669+0800: 61137.267: [GC (Allocation Failure) [PSYoungGen: 85344K->416K(86016K)] 222371K->137443K(280576K), 0.0023661 secs] [Times: user=0.02 sys=0.00, real=0.01 secs] 
2021-08-19T09:27:42.249+0800: 61149.847: [GC (Allocation Failure) [PSYoungGen: 85408K->416K(86016K)] 222435K->137443K(280576K), 0.0020092 secs] [Times: user=0.01 sys=0.00, real=0.01 secs] 
2021-08-19T09:27:55.246+0800: 61162.843: [GC (Allocation Failure) [PSYoungGen: 85408K->416K(86016K)] 222435K->137443K(280576K), 0.0019963 secs] [Times: user=0.01 sys=0.00, real=0.00 secs] 
2021-08-19T09:28:08.248+0800: 61175.846: [GC (Allocation Failure) [PSYoungGen: 85408K->384K(86016K)] 222435K->137459K(280576K), 0.0021042 secs] [Times: user=0.02 sys=0.00, real=0.01 secs] 
2021-08-19T09:28:19.247+0800: 61186.845: [GC (Allocation Failure) [PSYoungGen: 85376K->416K(86016K)] 222451K->137491K(280576K), 0.0019814 secs] [Times: user=0.01 sys=0.00, real=0.00 secs] 
2021-08-19T09:28:32.741+0800: 61200.339: [GC (Allocation Failure) [PSYoungGen: 85408K->352K(86016K)] 222483K->137483K(280576K), 0.0019824 secs] [Times: user=0.01 sys=0.00, real=0.00 secs] 
2021-08-19T09:28:45.246+0800: 61212.844: [GC (Allocation Failure) [PSYoungGen: 85344K->352K(86016K)] 222475K->137483K(280576K), 0.0021006 secs] [Times: user=0.02 sys=0.00, real=0.00 secs] 
2021-08-19T09:28:58.246+0800: 61225.844: [GC (Allocation Failure) [PSYoungGen: 85344K->384K(86016K)] 222475K->137515K(280576K), 0.0020528 secs] [Times: user=0.02 sys=0.00, real=0.00 secs] 
2021-08-19T09:29:09.314+0800: 61236.912: [GC (Allocation Failure) [PSYoungGen: 85376K->384K(86016K)] 222507K->137515K(280576K), 0.0022470 secs] [Times: user=0.01 sys=0.00, real=0.00 secs] 
2021-08-19T09:29:22.248+0800: 61249.846: [GC (Allocation Failure) [PSYoungGen: 85376K->384K(86016K)] 222507K->137523K(280576K), 0.0018772 secs] [Times: user=0.01 sys=0.00, real=0.01 secs] 
2021-08-19T09:29:35.246+0800: 61262.844: [GC (Allocation Failure) [PSYoungGen: 85376K->416K(86016K)] 222515K->137595K(280576K), 0.0019696 secs] [Times: user=0.01 sys=0.01, real=0.00 secs] 
2021-08-19T09:29:48.246+0800: 61275.844: [GC (Allocation Failure) [PSYoungGen: 85408K->384K(86016K)] 222587K->137563K(280576K), 0.0020360 secs] [Times: user=0.01 sys=0.00, real=0.00 secs] 
2021-08-19T09:29:59.246+0800: 61286.844: [GC (Allocation Failure) [PSYoungGen: 85376K->384K(86016K)] 222555K->137563K(280576K), 0.0020550 secs] [Times: user=0.01 sys=0.00, real=0.00 secs] 
2021-08-19T09:30:12.245+0800: 61299.843: [GC (Allocation Failure) [PSYoungGen: 85376K->384K(86016K)] 222555K->137563K(280576K), 0.0023530 secs] [Times: user=0.01 sys=0.00, real=0.00 secs] 
2021-08-19T09:30:25.246+0800: 61312.844: [GC (Allocation Failure) [PSYoungGen: 85376K->416K(86016K)] 222555K->137595K(280576K), 0.0019160 secs] [Times: user=0.02 sys=0.00, real=0.00 secs] 
2021-08-19T09:30:38.244+0800: 61325.841: [GC (Allocation Failure) [PSYoungGen: 85408K->416K(86016K)] 222587K->137595K(280576K), 0.0023132 secs] [Times: user=0.02 sys=0.00, real=0.00 secs] 
2021-08-19T09:30:49.244+0800: 61336.842: [GC (Allocation Failure) [PSYoungGen: 85408K->384K(86016K)] 222587K->137563K(280576K), 0.0021711 secs] [Times: user=0.01 sys=0.00, real=0.00 secs] 
2021-08-19T09:31:02.244+0800: 61349.842: [GC (Allocation Failure) [PSYoungGen: 85376K->352K(86016K)] 222555K->137539K(280576K), 0.0023055 secs] [Times: user=0.02 sys=0.00, real=0.00 secs] 
2021-08-19T09:31:15.251+0800: 61362.848: [GC (Allocation Failure) [PSYoungGen: 85344K->384K(86528K)] 222531K->137571K(281088K), 0.0020323 secs] [Times: user=0.01 sys=0.00, real=0.00 secs] 
2021-08-19T09:31:28.246+0800: 61375.843: [GC (Allocation Failure) [PSYoungGen: 85888K->416K(86016K)] 223075K->137603K(280576K), 0.0022705 secs] [Times: user=0.01 sys=0.00, real=0.00 secs] 
2021-08-19T09:31:39.244+0800: 61386.842: [GC (Allocation Failure) [PSYoungGen: 85920K->384K(86528K)] 223107K->137571K(281088K), 0.0018913 secs] [Times: user=0.02 sys=0.00, real=0.00 secs] 
2021-08-19T09:31:52.742+0800: 61400.340: [GC (Allocation Failure) [PSYoungGen: 86400K->352K(86528K)] 223587K->137539K(281088K), 0.0019389 secs] [Times: user=0.01 sys=0.00, real=0.00 secs] 
2021-08-19T09:32:05.956+0800: 61413.554: [GC (Allocation Failure) [PSYoungGen: 86368K->416K(86528K)] 223555K->137603K(281088K), 0.0019609 secs] [Times: user=0.01 sys=0.00, real=0.00 secs] 
2021-08-19T09:32:18.321+0800: 61425.919: [GC (Allocation Failure) [PSYoungGen: 86432K->448K(86528K)] 223619K->137635K(281088K), 0.0020017 secs] [Times: user=0.02 sys=0.00, real=0.00 secs] 
2021-08-19T09:32:30.243+0800: 61437.841: [GC (Allocation Failure) [PSYoungGen: 86464K->320K(86528K)] 223651K->137507K(281088K), 0.0021785 secs] [Times: user=0.01 sys=0.00, real=0.00 secs] 
2021-08-19T09:32:43.241+0800: 61450.839: [GC (Allocation Failure) [PSYoungGen: 86336K->416K(86528K)] 223523K->137611K(281088K), 0.0023020 secs] [Times: user=0.02 sys=0.00, real=0.00 secs] 
2021-08-19T09:32:56.244+0800: 61463.842: [GC (Allocation Failure) [PSYoungGen: 86432K->384K(86528K)] 223627K->137579K(281088K), 0.0019516 secs] [Times: user=0.01 sys=0.00, real=0.00 secs] 
2021-08-19T09:33:08.326+0800: 61475.923: [GC (Allocation Failure) [PSYoungGen: 86400K->448K(86528K)] 223595K->137643K(281088K), 0.0021491 secs] [Times: user=0.02 sys=0.00, real=0.00 secs] 
2021-08-19T09:33:20.742+0800: 61488.340: [GC (Allocation Failure) [PSYoungGen: 86464K->352K(86528K)] 223659K->137547K(281088K), 0.0019289 secs] [Times: user=0.02 sys=0.00, real=0.00 secs] 
2021-08-19T09:33:33.964+0800: 61501.561: [GC (Allocation Failure) [PSYoungGen: 86368K->384K(86528K)] 223563K->137579K(281088K), 0.0024357 secs] [Times: user=0.02 sys=0.00, real=0.00 secs] 
2021-08-19T09:33:46.961+0800: 61514.559: [GC (Allocation Failure) [PSYoungGen: 86400K->384K(86528K)] 223595K->137587K(281088K), 0.0022511 secs] [Times: user=0.02 sys=0.00, real=0.00 secs] 
2021-08-19T09:33:58.331+0800: 61525.928: [GC (Allocation Failure) [PSYoungGen: 86400K->512K(86528K)] 223603K->138307K(281088K), 0.0033203 secs] [Times: user=0.03 sys=0.00, real=0.00 secs] 
2021-08-19T09:34:11.245+0800: 61538.842: [GC (Allocation Failure) [PSYoungGen: 86528K->448K(85504K)] 224323K->138243K(280064K), 0.0022711 secs] [Times: user=0.01 sys=0.00, real=0.00 secs] 
2021-08-19T09:34:24.248+0800: 61551.845: [GC (Allocation Failure) [PSYoungGen: 85440K->512K(86016K)] 223235K->138307K(280576K), 0.0020636 secs] [Times: user=0.01 sys=0.00, real=0.00 secs] 
2021-08-19T09:34:37.253+0800: 61564.851: [GC (Allocation Failure) [PSYoungGen: 85504K->384K(86016K)] 223299K->138179K(280576K), 0.0019901 secs] [Times: user=0.02 sys=0.00, real=0.00 secs] 
2021-08-19T09:34:48.332+0800: 61575.930: [GC (Allocation Failure) [PSYoungGen: 85376K->1024K(86016K)] 223171K->139083K(280576K), 0.0022503 secs] [Times: user=0.01 sys=0.00, real=0.00 secs] 
2021-08-19T09:35:01.250+0800: 61588.848: [GC (Allocation Failure) [PSYoungGen: 86016K->448K(86016K)] 224075K->138507K(280576K), 0.0019877 secs] [Times: user=0.01 sys=0.00, real=0.00 secs] 
2021-08-19T09:35:14.246+0800: 61601.844: [GC (Allocation Failure) [PSYoungGen: 85440K->448K(86016K)] 223499K->138507K(280576K), 0.0020104 secs] [Times: user=0.01 sys=0.00, real=0.00 secs] 
2021-08-19T09:35:27.250+0800: 61614.848: [GC (Allocation Failure) [PSYoungGen: 85440K->512K(86016K)] 223499K->138611K(280576K), 0.0018614 secs] [Times: user=0.02 sys=0.00, real=0.01 secs] 
2021-08-19T09:35:38.333+0800: 61625.930: [GC (Allocation Failure) [PSYoungGen: 85504K->1024K(86016K)] 223603K->139403K(280576K), 0.0024359 secs] [Times: user=0.02 sys=0.00, real=0.00 secs] 
2021-08-19T09:35:51.248+0800: 61638.846: [GC (Allocation Failure) [PSYoungGen: 86016K->448K(84992K)] 224395K->138851K(279552K), 0.0021126 secs] [Times: user=0.02 sys=0.00, real=0.01 secs] 
2021-08-19T09:36:04.249+0800: 61651.847: [GC (Allocation Failure) [PSYoungGen: 84416K->512K(85504K)] 222819K->138915K(280064K), 0.0020828 secs] [Times: user=0.01 sys=0.00, real=0.01 secs] 
2021-08-19T09:36:17.247+0800: 61664.844: [GC (Allocation Failure) [PSYoungGen: 84480K->448K(85504K)] 222883K->138851K(280064K), 0.0023011 secs] [Times: user=0.01 sys=0.00, real=0.00 secs] 
2021-08-19T09:36:28.332+0800: 61675.930: [GC (Allocation Failure) [PSYoungGen: 84416K->1280K(85504K)] 222819K->139683K(280064K), 0.0024344 secs] [Times: user=0.01 sys=0.00, real=0.00 secs] 
2021-08-19T09:36:40.747+0800: 61688.345: [GC (Allocation Failure) [PSYoungGen: 85248K->480K(85504K)] 223651K->138883K(280064K), 0.0018880 secs] [Times: user=0.01 sys=0.00, real=0.00 secs] 
2021-08-19T09:36:53.252+0800: 61700.849: [GC (Allocation Failure) [PSYoungGen: 84448K->480K(85504K)] 222851K->138883K(280064K), 0.0018731 secs] [Times: user=0.02 sys=0.00, real=0.00 secs] 
2021-08-19T09:37:06.251+0800: 61713.849: [GC (Allocation Failure) [PSYoungGen: 84448K->512K(85504K)] 222851K->138979K(280064K), 0.0021198 secs] [Times: user=0.01 sys=0.00, real=0.00 secs] 
2021-08-19T09:37:18.327+0800: 61725.924: [GC (Allocation Failure) [PSYoungGen: 84480K->768K(85504K)] 222947K->139355K(280064K), 0.0020971 secs] [Times: user=0.02 sys=0.00, real=0.00 secs] 
2021-08-19T09:37:30.252+0800: 61737.850: [GC (Allocation Failure) [PSYoungGen: 84736K->416K(85504K)] 223323K->139003K(280064K), 0.0019264 secs] [Times: user=0.02 sys=0.00, real=0.00 secs] 
2021-08-19T09:37:42.937+0800: 61750.535: [GC (Allocation Failure) [PSYoungGen: 84384K->416K(85504K)] 222971K->139003K(280064K), 0.0020743 secs] [Times: user=0.01 sys=0.00, real=0.00 secs] 
2021-08-19T09:37:55.750+0800: 61763.348: [GC (Allocation Failure) [PSYoungGen: 84384K->416K(85504K)] 222971K->139027K(280064K), 0.0019994 secs] [Times: user=0.01 sys=0.00, real=0.00 secs] 
2021-08-19T09:38:08.322+0800: 61775.919: [GC (Allocation Failure) [PSYoungGen: 84384K->416K(85504K)] 222995K->139027K(280064K), 0.0019251 secs] [Times: user=0.01 sys=0.00, real=0.00 secs] 
2021-08-19T09:38:19.254+0800: 61786.852: [GC (Allocation Failure) [PSYoungGen: 84384K->416K(85504K)] 222995K->139027K(280064K), 0.0019260 secs] [Times: user=0.01 sys=0.00, real=0.00 secs] 
2021-08-19T09:38:32.260+0800: 61799.858: [GC (Allocation Failure) [PSYoungGen: 84384K->416K(85504K)] 222995K->139027K(280064K), 0.0021759 secs] [Times: user=0.01 sys=0.00, real=0.00 secs] 
2021-08-19T09:38:45.254+0800: 61812.852: [GC (Allocation Failure) [PSYoungGen: 84384K->416K(86016K)] 222995K->139059K(280576K), 0.0019500 secs] [Times: user=0.01 sys=0.00, real=0.00 secs] 
2021-08-19T09:38:58.253+0800: 61825.851: [GC (Allocation Failure) [PSYoungGen: 85408K->320K(86016K)] 224051K->138971K(280576K), 0.0024767 secs] [Times: user=0.02 sys=0.00, real=0.00 secs] 
2021-08-19T09:39:09.259+0800: 61836.857: [GC (Allocation Failure) [PSYoungGen: 85312K->416K(86016K)] 223963K->139067K(280576K), 0.0019968 secs] [Times: user=0.01 sys=0.00, real=0.01 secs] 
2021-08-19T09:39:22.754+0800: 61850.352: [GC (Allocation Failure) [PSYoungGen: 85408K->352K(86016K)] 224059K->139003K(280576K), 0.0022198 secs] [Times: user=0.02 sys=0.00, real=0.00 secs] 
2021-08-19T09:39:36.254+0800: 61863.852: [GC (Allocation Failure) [PSYoungGen: 85344K->352K(86016K)] 223995K->139043K(280576K), 0.0019544 secs] [Times: user=0.02 sys=0.00, real=0.00 secs] 
2021-08-19T09:39:48.322+0800: 61875.920: [GC (Allocation Failure) [PSYoungGen: 85344K->608K(86016K)] 224035K->139299K(280576K), 0.0019526 secs] [Times: user=0.01 sys=0.00, real=0.00 secs] 
2021-08-19T09:39:59.757+0800: 61887.355: [GC (Allocation Failure) [PSYoungGen: 85600K->384K(86016K)] 224291K->139075K(280576K), 0.0020929 secs] [Times: user=0.01 sys=0.00, real=0.00 secs] 
2021-08-19T09:40:12.260+0800: 61899.858: [GC (Allocation Failure) [PSYoungGen: 85376K->416K(86016K)] 224067K->139107K(280576K), 0.0020752 secs] [Times: user=0.02 sys=0.00, real=0.01 secs] 
2021-08-19T09:40:25.259+0800: 61912.857: [GC (Allocation Failure) [PSYoungGen: 85408K->416K(86016K)] 224099K->139179K(280576K), 0.0019882 secs] [Times: user=0.01 sys=0.00, real=0.01 secs] 
2021-08-19T09:40:36.756+0800: 61924.354: [GC (Allocation Failure) [PSYoungGen: 85408K->593K(86016K)] 224171K->139356K(280576K), 0.0022832 secs] [Times: user=0.01 sys=0.00, real=0.00 secs] 
2021-08-19T09:40:48.325+0800: 61935.923: [GC (Allocation Failure) [PSYoungGen: 85585K->1009K(86016K)] 224348K->139780K(280576K), 0.0020846 secs] [Times: user=0.02 sys=0.00, real=0.00 secs] 
2021-08-19T09:41:00.260+0800: 61947.858: [GC (Allocation Failure) [PSYoungGen: 86001K->593K(86016K)] 224772K->139364K(280576K), 0.0022801 secs] [Times: user=0.02 sys=0.00, real=0.01 secs] 
2021-08-19T09:41:13.259+0800: 61960.856: [GC (Allocation Failure) [PSYoungGen: 85585K->593K(86016K)] 224356K->139364K(280576K), 0.0018866 secs] [Times: user=0.01 sys=0.00, real=0.01 secs] 
2021-08-19T09:41:25.962+0800: 61973.560: [GC (Allocation Failure) [PSYoungGen: 85585K->593K(86016K)] 224356K->139364K(280576K), 0.0020970 secs] [Times: user=0.01 sys=0.00, real=0.00 secs] 
2021-08-19T09:41:38.262+0800: 61985.860: [GC (Allocation Failure) [PSYoungGen: 85585K->593K(86016K)] 224356K->139364K(280576K), 0.0019966 secs] [Times: user=0.02 sys=0.00, real=0.00 secs] 
2021-08-19T09:41:49.508+0800: 61997.105: [GC (Allocation Failure) [PSYoungGen: 85585K->593K(86016K)] 224356K->139364K(280576K), 0.0020822 secs] [Times: user=0.01 sys=0.00, real=0.00 secs] 
2021-08-19T09:42:02.261+0800: 62009.859: [GC (Allocation Failure) [PSYoungGen: 85585K->561K(86016K)] 224356K->139356K(280576K), 0.0020165 secs] [Times: user=0.01 sys=0.00, real=0.00 secs] 
2021-08-19T09:42:15.261+0800: 62022.859: [GC (Allocation Failure) [PSYoungGen: 85553K->561K(86016K)] 224348K->139364K(280576K), 0.0020307 secs] [Times: user=0.02 sys=0.00, real=0.00 secs] 
2021-08-19T09:42:28.326+0800: 62035.923: [GC (Allocation Failure) [PSYoungGen: 85553K->881K(86016K)] 224356K->139700K(280576K), 0.0022881 secs] [Times: user=0.01 sys=0.01, real=0.00 secs] 
2021-08-19T09:42:40.258+0800: 62047.856: [GC (Allocation Failure) [PSYoungGen: 85873K->561K(86016K)] 224692K->139388K(280576K), 0.0024603 secs] [Times: user=0.01 sys=0.00, real=0.01 secs] 
2021-08-19T09:42:53.260+0800: 62060.857: [GC (Allocation Failure) [PSYoungGen: 85553K->529K(86016K)] 224380K->139356K(280576K), 0.0025339 secs] [Times: user=0.01 sys=0.00, real=0.01 secs] 
2021-08-19T09:43:06.260+0800: 62073.858: [GC (Allocation Failure) [PSYoungGen: 85521K->561K(86016K)] 224348K->139388K(280576K), 0.0022879 secs] [Times: user=0.01 sys=0.00, real=0.01 secs] 
2021-08-19T09:43:18.329+0800: 62085.927: [GC (Allocation Failure) [PSYoungGen: 85553K->753K(86016K)] 224380K->139580K(280576K), 0.0021557 secs] [Times: user=0.01 sys=0.00, real=0.01 secs] 
2021-08-19T09:43:30.262+0800: 62097.860: [GC (Allocation Failure) [PSYoungGen: 85745K->593K(86016K)] 224572K->139420K(280576K), 0.0020673 secs] [Times: user=0.01 sys=0.00, real=0.00 secs] 
2021-08-19T09:43:43.261+0800: 62110.858: [GC (Allocation Failure) [PSYoungGen: 85585K->416K(86016K)] 224412K->139492K(280576K), 0.0020375 secs] [Times: user=0.01 sys=0.00, real=0.00 secs] 
2021-08-19T09:43:56.262+0800: 62123.859: [GC (Allocation Failure) [PSYoungGen: 85408K->384K(86016K)] 224484K->139500K(280576K), 0.0021202 secs] [Times: user=0.02 sys=0.00, real=0.00 secs] 
2021-08-19T09:44:08.330+0800: 62135.927: [GC (Allocation Failure) [PSYoungGen: 85376K->736K(86016K)] 224492K->139852K(280576K), 0.0021310 secs] [Times: user=0.01 sys=0.00, real=0.01 secs] 
2021-08-19T09:44:20.265+0800: 62147.862: [GC (Allocation Failure) [PSYoungGen: 85728K->416K(86016K)] 224844K->139532K(280576K), 0.0022753 secs] [Times: user=0.02 sys=0.00, real=0.00 secs] 
2021-08-19T09:44:33.269+0800: 62160.866: [GC (Allocation Failure) [PSYoungGen: 85408K->384K(86016K)] 224524K->139500K(280576K), 0.0020136 secs] [Times: user=0.02 sys=0.00, real=0.01 secs] 
2021-08-19T09:44:46.262+0800: 62173.860: [GC (Allocation Failure) [PSYoungGen: 85376K->464K(86016K)] 224492K->139605K(280576K), 0.0018901 secs] [Times: user=0.01 sys=0.00, real=0.00 secs] 
2021-08-19T09:44:58.330+0800: 62185.927: [GC (Allocation Failure) [PSYoungGen: 85456K->816K(86016K)] 224597K->139973K(280576K), 0.0021648 secs] [Times: user=0.02 sys=0.00, real=0.01 secs] 
2021-08-19T09:45:10.263+0800: 62197.861: [GC (Allocation Failure) [PSYoungGen: 85808K->448K(86016K)] 224965K->139637K(280576K), 0.0024912 secs] [Times: user=0.02 sys=0.00, real=0.00 secs] 
2021-08-19T09:45:23.264+0800: 62210.862: [GC (Allocation Failure) [PSYoungGen: 85440K->432K(86016K)] 224629K->139636K(280576K), 0.0020621 secs] [Times: user=0.02 sys=0.00, real=0.00 secs] 
2021-08-19T09:45:36.264+0800: 62223.862: [GC (Allocation Failure) [PSYoungGen: 85424K->512K(86016K)] 224628K->139749K(280576K), 0.0018840 secs] [Times: user=0.01 sys=0.00, real=0.00 secs] 
2021-08-19T09:45:48.329+0800: 62235.927: [GC (Allocation Failure) [PSYoungGen: 85504K->880K(86016K)] 224741K->140125K(280576K), 0.0021648 secs] [Times: user=0.01 sys=0.00, real=0.01 secs] 
2021-08-19T09:46:00.263+0800: 62247.860: [GC (Allocation Failure) [PSYoungGen: 85872K->720K(86016K)] 225117K->139965K(280576K), 0.0021750 secs] [Times: user=0.01 sys=0.00, real=0.00 secs] 
2021-08-19T09:46:13.264+0800: 62260.862: [GC (Allocation Failure) [PSYoungGen: 85712K->800K(86016K)] 224957K->140045K(280576K), 0.0026442 secs] [Times: user=0.01 sys=0.00, real=0.00 secs] 
2021-08-19T09:46:26.266+0800: 62273.864: [GC (Allocation Failure) [PSYoungGen: 85792K->960K(86016K)] 225037K->140205K(280576K), 0.0019420 secs] [Times: user=0.01 sys=0.00, real=0.00 secs] 
2021-08-19T09:46:38.328+0800: 62285.926: [GC (Allocation Failure) [PSYoungGen: 85952K->992K(84992K)] 225197K->140405K(279552K), 0.0027580 secs] [Times: user=0.02 sys=0.02, real=0.01 secs] 
2021-08-19T09:46:49.767+0800: 62297.365: [GC (Allocation Failure) [PSYoungGen: 84960K->1072K(85504K)] 224373K->140485K(280064K), 0.0020254 secs] [Times: user=0.02 sys=0.00, real=0.00 secs] 
2021-08-19T09:47:00.272+0800: 62307.870: [GC (Allocation Failure) [PSYoungGen: 85040K->1104K(85504K)] 224453K->140517K(280064K), 0.0021424 secs] [Times: user=0.02 sys=0.00, real=0.00 secs] 
2021-08-19T09:47:13.266+0800: 62320.863: [GC (Allocation Failure) [PSYoungGen: 85072K->1120K(85504K)] 224485K->140533K(280064K), 0.0021234 secs] [Times: user=0.02 sys=0.00, real=0.00 secs] 
2021-08-19T09:47:26.265+0800: 62333.863: [GC (Allocation Failure) [PSYoungGen: 85088K->1072K(85504K)] 224501K->140485K(280064K), 0.0019787 secs] [Times: user=0.01 sys=0.00, real=0.00 secs] 
2021-08-19T09:47:38.263+0800: 62345.861: [GC (Allocation Failure) [PSYoungGen: 85040K->1040K(85504K)] 224453K->140589K(280064K), 0.0025649 secs] [Times: user=0.02 sys=0.00, real=0.00 secs] 
2021-08-19T09:47:48.325+0800: 62355.923: [GC (Allocation Failure) [PSYoungGen: 85008K->1040K(85504K)] 224557K->140701K(280064K), 0.0023058 secs] [Times: user=0.01 sys=0.00, real=0.00 secs] 
2021-08-19T09:47:59.267+0800: 62366.864: [GC (Allocation Failure) [PSYoungGen: 85008K->864K(85504K)] 224669K->140525K(280064K), 0.0023009 secs] [Times: user=0.01 sys=0.00, real=0.00 secs] 
2021-08-19T09:48:11.968+0800: 62379.566: [GC (Allocation Failure) [PSYoungGen: 84832K->896K(85504K)] 224493K->140557K(280064K), 0.0020472 secs] [Times: user=0.01 sys=0.00, real=0.01 secs] 
2021-08-19T09:48:24.269+0800: 62391.867: [GC (Allocation Failure) [PSYoungGen: 84864K->928K(85504K)] 224525K->140613K(280064K), 0.0021918 secs] [Times: user=0.02 sys=0.00, real=0.01 secs] 
2021-08-19T09:48:37.267+0800: 62404.865: [GC (Allocation Failure) [PSYoungGen: 84896K->848K(85504K)] 224581K->140661K(280064K), 0.0025988 secs] [Times: user=0.02 sys=0.00, real=0.01 secs] 
2021-08-19T09:48:48.332+0800: 62415.930: [GC (Allocation Failure) [PSYoungGen: 84816K->1184K(85504K)] 224629K->141141K(280064K), 0.0023049 secs] [Times: user=0.02 sys=0.00, real=0.00 secs] 
2021-08-19T09:49:00.269+0800: 62427.867: [GC (Allocation Failure) [PSYoungGen: 85152K->784K(85504K)] 225109K->140861K(280064K), 0.0021244 secs] [Times: user=0.02 sys=0.00, real=0.01 secs] 
2021-08-19T09:49:12.770+0800: 62440.368: [GC (Allocation Failure) [PSYoungGen: 84752K->560K(85504K)] 224829K->140853K(280064K), 0.0025962 secs] [Times: user=0.02 sys=0.00, real=0.01 secs] 
2021-08-19T09:49:25.274+0800: 62452.872: [GC (Allocation Failure) [PSYoungGen: 84528K->464K(85504K)] 224821K->140965K(280064K), 0.0021594 secs] [Times: user=0.02 sys=0.00, real=0.00 secs] 
2021-08-19T09:49:37.908+0800: 62465.506: [GC (Allocation Failure) [PSYoungGen: 84432K->416K(85504K)] 224933K->141053K(280064K), 0.0020827 secs] [Times: user=0.02 sys=0.00, real=0.01 secs] 
2021-08-19T09:49:48.338+0800: 62475.935: [GC (Allocation Failure) [PSYoungGen: 84384K->1408K(84480K)] 225021K->142077K(279040K), 0.0024910 secs] [Times: user=0.02 sys=0.00, real=0.01 secs] 
2021-08-19T09:50:00.968+0800: 62488.566: [GC (Allocation Failure) [PSYoungGen: 84352K->416K(84992K)] 225021K->141093K(279552K), 0.0019741 secs] [Times: user=0.02 sys=0.00, real=0.00 secs] 
2021-08-19T09:50:13.270+0800: 62500.868: [GC (Allocation Failure) [PSYoungGen: 83360K->384K(84992K)] 224037K->141069K(279552K), 0.0019895 secs] [Times: user=0.02 sys=0.00, real=0.00 secs] 
2021-08-19T09:50:25.834+0800: 62513.432: [GC (Allocation Failure) [PSYoungGen: 83328K->416K(84992K)] 224013K->141101K(279552K), 0.0019198 secs] [Times: user=0.02 sys=0.00, real=0.00 secs] 
2021-08-19T09:50:38.272+0800: 62525.870: [GC (Allocation Failure) [PSYoungGen: 83360K->416K(85504K)] 224045K->141181K(280064K), 0.0024303 secs] [Times: user=0.01 sys=0.00, real=0.00 secs] 
2021-08-19T09:50:48.629+0800: 62536.227: [GC (Allocation Failure) [PSYoungGen: 83872K->384K(84992K)] 224637K->141189K(279552K), 0.0020605 secs] [Times: user=0.02 sys=0.00, real=0.01 secs] 
2021-08-19T09:51:01.269+0800: 62548.867: [GC (Allocation Failure) [PSYoungGen: 83840K->352K(85504K)] 224645K->141157K(280064K), 0.0018681 secs] [Times: user=0.02 sys=0.00, real=0.01 secs] 
2021-08-19T09:51:14.269+0800: 62561.867: [GC (Allocation Failure) [PSYoungGen: 84320K->416K(85504K)] 225125K->141221K(280064K), 0.0019774 secs] [Times: user=0.01 sys=0.00, real=0.01 secs] 
2021-08-19T09:51:26.776+0800: 62574.374: [GC (Allocation Failure) [PSYoungGen: 84384K->384K(85504K)] 225189K->141189K(280064K), 0.0021501 secs] [Times: user=0.01 sys=0.00, real=0.00 secs] 
2021-08-19T09:51:38.331+0800: 62585.929: [GC (Allocation Failure) [PSYoungGen: 84352K->768K(85504K)] 225157K->141573K(280064K), 0.0020594 secs] [Times: user=0.01 sys=0.00, real=0.00 secs] 
2021-08-19T09:51:49.968+0800: 62597.566: [GC (Allocation Failure) [PSYoungGen: 84736K->416K(85504K)] 225541K->141221K(280064K), 0.0020774 secs] [Times: user=0.02 sys=0.00, real=0.00 secs] 
2021-08-19T09:52:02.289+0800: 62609.886: [GC (Allocation Failure) [PSYoungGen: 84384K->448K(85504K)] 225189K->141325K(280064K), 0.0024599 secs] [Times: user=0.02 sys=0.00, real=0.01 secs] 
2021-08-19T09:52:14.274+0800: 62621.871: [GC (Allocation Failure) [PSYoungGen: 84416K->448K(85504K)] 225293K->141381K(280064K), 0.0020909 secs] [Times: user=0.01 sys=0.00, real=0.00 secs] 
2021-08-19T09:52:27.272+0800: 62634.870: [GC (Allocation Failure) [PSYoungGen: 84416K->416K(85504K)] 225349K->141349K(280064K), 0.0021030 secs] [Times: user=0.02 sys=0.00, real=0.00 secs] 
2021-08-19T09:52:38.337+0800: 62645.935: [GC (Allocation Failure) [PSYoungGen: 84384K->1312K(85504K)] 225317K->142245K(280064K), 0.0024466 secs] [Times: user=0.01 sys=0.00, real=0.00 secs] 
2021-08-19T09:52:50.274+0800: 62657.871: [GC (Allocation Failure) [PSYoungGen: 85280K->448K(85504K)] 226213K->141381K(280064K), 0.0019411 secs] [Times: user=0.01 sys=0.00, real=0.00 secs] 
2021-08-19T09:53:03.269+0800: 62670.867: [GC (Allocation Failure) [PSYoungGen: 84416K->448K(85504K)] 225349K->141405K(280064K), 0.0021168 secs] [Times: user=0.02 sys=0.00, real=0.01 secs] 
2021-08-19T09:53:16.270+0800: 62683.868: [GC (Allocation Failure) [PSYoungGen: 84416K->480K(85504K)] 225373K->141437K(280064K), 0.0020926 secs] [Times: user=0.01 sys=0.01, real=0.00 secs] 
2021-08-19T09:53:28.327+0800: 62695.925: [GC (Allocation Failure) [PSYoungGen: 84448K->512K(85504K)] 225405K->141469K(280064K), 0.0020559 secs] [Times: user=0.01 sys=0.00, real=0.00 secs] 
2021-08-19T09:53:39.283+0800: 62706.881: [GC (Allocation Failure) [PSYoungGen: 84480K->448K(85504K)] 225437K->141405K(280064K), 0.0021074 secs] [Times: user=0.02 sys=0.00, real=0.00 secs] 
2021-08-19T09:53:51.288+0800: 62718.885: [GC (Allocation Failure) [PSYoungGen: 84416K->480K(85504K)] 225373K->141445K(280064K), 0.0021038 secs] [Times: user=0.02 sys=0.00, real=0.00 secs] 
2021-08-19T09:54:03.282+0800: 62730.880: [GC (Allocation Failure) [PSYoungGen: 84448K->544K(85504K)] 225413K->141509K(280064K), 0.0021424 secs] [Times: user=0.02 sys=0.00, real=0.00 secs] 
2021-08-19T09:54:15.775+0800: 62743.373: [GC (Allocation Failure) [PSYoungGen: 84512K->608K(86016K)] 225477K->141589K(280576K), 0.0020883 secs] [Times: user=0.02 sys=0.00, real=0.00 secs] 
2021-08-19T09:54:28.326+0800: 62755.924: [GC (Allocation Failure) [PSYoungGen: 85088K->608K(85504K)] 226069K->141589K(280064K), 0.0025915 secs] [Times: user=0.01 sys=0.00, real=0.00 secs] 
2021-08-19T09:54:39.274+0800: 62766.871: [GC (Allocation Failure) [PSYoungGen: 85088K->576K(86016K)] 226069K->141557K(280576K), 0.0022107 secs] [Times: user=0.01 sys=0.00, real=0.00 secs] 
2021-08-19T09:54:52.276+0800: 62779.874: [GC (Allocation Failure) [PSYoungGen: 85568K->544K(86016K)] 226549K->141613K(280576K), 0.0020891 secs] [Times: user=0.02 sys=0.00, real=0.00 secs] 
2021-08-19T09:55:05.274+0800: 62792.872: [GC (Allocation Failure) [PSYoungGen: 85536K->576K(86016K)] 226605K->141781K(280576K), 0.0023621 secs] [Times: user=0.01 sys=0.00, real=0.00 secs] 
2021-08-19T09:55:18.274+0800: 62805.872: [GC (Allocation Failure) [PSYoungGen: 85568K->480K(86016K)] 226773K->141813K(280576K), 0.0021341 secs] [Times: user=0.02 sys=0.00, real=0.00 secs] 
2021-08-19T09:55:29.274+0800: 62816.872: [GC (Allocation Failure) [PSYoungGen: 85472K->512K(86016K)] 226805K->141845K(280576K), 0.0021192 secs] [Times: user=0.02 sys=0.00, real=0.00 secs] 
2021-08-19T09:55:42.273+0800: 62829.870: [GC (Allocation Failure) [PSYoungGen: 85504K->512K(86016K)] 226837K->141845K(280576K), 0.0021055 secs] [Times: user=0.02 sys=0.00, real=0.00 secs] 
2021-08-19T09:55:55.274+0800: 62842.871: [GC (Allocation Failure) [PSYoungGen: 85504K->480K(86016K)] 226837K->141917K(280576K), 0.0024339 secs] [Times: user=0.02 sys=0.00, real=0.00 secs] 
2021-08-19T09:56:08.273+0800: 62855.871: [GC (Allocation Failure) [PSYoungGen: 85472K->448K(86016K)] 226909K->141965K(280576K), 0.0021992 secs] [Times: user=0.01 sys=0.00, real=0.00 secs] 
2021-08-19T09:56:19.273+0800: 62866.870: [GC (Allocation Failure) [PSYoungGen: 85440K->480K(86016K)] 226957K->141997K(280576K), 0.0020692 secs] [Times: user=0.01 sys=0.00, real=0.00 secs] 
2021-08-19T09:56:32.273+0800: 62879.871: [GC (Allocation Failure) [PSYoungGen: 85472K->480K(86016K)] 226989K->142069K(280576K), 0.0022281 secs] [Times: user=0.01 sys=0.00, real=0.00 secs] 
2021-08-19T09:56:45.271+0800: 62892.869: [GC (Allocation Failure) [PSYoungGen: 85472K->576K(86016K)] 227061K->142197K(280576K), 0.0022689 secs] [Times: user=0.01 sys=0.00, real=0.00 secs] 
2021-08-19T09:56:58.273+0800: 62905.871: [GC (Allocation Failure) [PSYoungGen: 85568K->416K(86016K)] 227189K->142181K(280576K), 0.0024887 secs] [Times: user=0.02 sys=0.00, real=0.00 secs] 
2021-08-19T09:57:09.274+0800: 62916.871: [GC (Allocation Failure) [PSYoungGen: 85408K->416K(86016K)] 227173K->142309K(280576K), 0.0021745 secs] [Times: user=0.01 sys=0.00, real=0.00 secs] 
2021-08-19T09:57:22.272+0800: 62929.869: [GC (Allocation Failure) [PSYoungGen: 85407K->384K(86016K)] 227301K->142365K(280576K), 0.0020668 secs] [Times: user=0.01 sys=0.00, real=0.00 secs] 
2021-08-19T09:57:35.275+0800: 62942.873: [GC (Allocation Failure) [PSYoungGen: 85376K->416K(86016K)] 227357K->142397K(280576K), 0.0021146 secs] [Times: user=0.01 sys=0.00, real=0.00 secs] 
2021-08-19T09:57:48.221+0800: 62955.819: [GC (Allocation Failure) [PSYoungGen: 85408K->416K(86016K)] 227389K->142421K(280576K), 0.0027100 secs] [Times: user=0.02 sys=0.00, real=0.00 secs] 
2021-08-19T09:57:58.974+0800: 62966.572: [GC (Allocation Failure) [PSYoungGen: 85408K->416K(86016K)] 227413K->142421K(280576K), 0.0021453 secs] [Times: user=0.01 sys=0.00, real=0.00 secs] 
2021-08-19T09:58:11.975+0800: 62979.573: [GC (Allocation Failure) [PSYoungGen: 85408K->384K(86016K)] 227413K->142389K(280576K), 0.0020826 secs] [Times: user=0.01 sys=0.00, real=0.00 secs] 
2021-08-19T09:58:25.271+0800: 62992.869: [GC (Allocation Failure) [PSYoungGen: 85376K->352K(86016K)] 227381K->142357K(280576K), 0.0023872 secs] [Times: user=0.01 sys=0.00, real=0.00 secs] 
2021-08-19T09:58:37.903+0800: 63005.500: [GC (Allocation Failure) [PSYoungGen: 85344K->352K(86016K)] 227349K->142357K(280576K), 0.0022874 secs] [Times: user=0.02 sys=0.00, real=0.00 secs] 
2021-08-19T09:58:48.406+0800: 63016.004: [GC (Allocation Failure) [PSYoungGen: 85344K->384K(86016K)] 227349K->142389K(280576K), 0.0019999 secs] [Times: user=0.01 sys=0.00, real=0.00 secs] 
2021-08-19T09:59:01.596+0800: 63029.194: [GC (Allocation Failure) [PSYoungGen: 85376K->384K(86016K)] 227381K->142389K(280576K), 0.0023415 secs] [Times: user=0.01 sys=0.00, real=0.00 secs] 
2021-08-19T09:59:14.277+0800: 63041.874: [GC (Allocation Failure) [PSYoungGen: 85376K->416K(86016K)] 227381K->142421K(280576K), 0.0020175 secs] [Times: user=0.01 sys=0.00, real=0.00 secs] 
2021-08-19T09:59:27.598+0800: 63055.196: [GC (Allocation Failure) [PSYoungGen: 85408K->352K(86016K)] 227413K->142357K(280576K), 0.0021011 secs] [Times: user=0.01 sys=0.00, real=0.01 secs] 
2021-08-19T09:59:38.344+0800: 63065.942: [GC (Allocation Failure) [PSYoungGen: 85344K->1024K(86016K)] 227349K->143157K(280576K), 0.0023882 secs] [Times: user=0.02 sys=0.00, real=0.00 secs] 
2021-08-19T09:59:51.276+0800: 63078.873: [GC (Allocation Failure) [PSYoungGen: 86016K->320K(86016K)] 228149K->142453K(280576K), 0.0019279 secs] [Times: user=0.01 sys=0.00, real=0.00 secs] 
2021-08-19T10:00:04.277+0800: 63091.874: [GC (Allocation Failure) [PSYoungGen: 85312K->384K(86016K)] 227445K->142517K(280576K), 0.0023542 secs] [Times: user=0.01 sys=0.00, real=0.00 secs] 
2021-08-19T10:00:17.280+0800: 63104.878: [GC (Allocation Failure) [PSYoungGen: 85376K->416K(86016K)] 227509K->142573K(280576K), 0.0020802 secs] [Times: user=0.02 sys=0.00, real=0.01 secs] 
2021-08-19T10:00:28.345+0800: 63115.942: [GC (Allocation Failure) [PSYoungGen: 85408K->960K(86016K)] 227565K->143157K(280576K), 0.0022377 secs] [Times: user=0.01 sys=0.00, real=0.00 secs] 
2021-08-19T10:00:41.275+0800: 63128.872: [GC (Allocation Failure) [PSYoungGen: 85952K->384K(86016K)] 228149K->142581K(280576K), 0.0020799 secs] [Times: user=0.02 sys=0.00, real=0.00 secs] 
2021-08-19T10:00:54.274+0800: 63141.871: [GC (Allocation Failure) [PSYoungGen: 85376K->384K(86016K)] 227573K->142621K(280576K), 0.0026102 secs] [Times: user=0.02 sys=0.00, real=0.00 secs] 
2021-08-19T10:01:07.277+0800: 63154.874: [GC (Allocation Failure) [PSYoungGen: 85376K->384K(86016K)] 227613K->142645K(280576K), 0.0019932 secs] [Times: user=0.01 sys=0.00, real=0.00 secs] 
2021-08-19T10:01:18.344+0800: 63165.941: [GC (Allocation Failure) [PSYoungGen: 85376K->832K(86016K)] 227637K->143093K(280576K), 0.0023802 secs] [Times: user=0.02 sys=0.00, real=0.00 secs] 
2021-08-19T10:01:31.278+0800: 63178.876: [GC (Allocation Failure) [PSYoungGen: 85824K->416K(86016K)] 228085K->142677K(280576K), 0.0021550 secs] [Times: user=0.01 sys=0.00, real=0.00 secs] 
2021-08-19T10:01:44.273+0800: 63191.870: [GC (Allocation Failure) [PSYoungGen: 85408K->416K(86016K)] 227669K->142677K(280576K), 0.0020162 secs] [Times: user=0.01 sys=0.01, real=0.00 secs] 
2021-08-19T10:01:57.277+0800: 63204.874: [GC (Allocation Failure) [PSYoungGen: 85408K->416K(86016K)] 227669K->142741K(280576K), 0.0021341 secs] [Times: user=0.01 sys=0.00, real=0.00 secs] 
2021-08-19T10:02:08.343+0800: 63215.941: [GC (Allocation Failure) [PSYoungGen: 85408K->1024K(84992K)] 227733K->143469K(279552K), 0.0021740 secs] [Times: user=0.02 sys=0.00, real=0.00 secs] 
2021-08-19T10:02:21.274+0800: 63228.872: [GC (Allocation Failure) [PSYoungGen: 84992K->416K(85504K)] 227437K->142861K(280064K), 0.0020972 secs] [Times: user=0.02 sys=0.00, real=0.00 secs] 
2021-08-19T10:02:34.274+0800: 63241.872: [GC (Allocation Failure) [PSYoungGen: 84384K->384K(85504K)] 226829K->142829K(280064K), 0.0021101 secs] [Times: user=0.02 sys=0.01, real=0.00 secs] 
2021-08-19T10:02:46.278+0800: 63253.876: [GC (Allocation Failure) [PSYoungGen: 84352K->352K(85504K)] 226797K->142813K(280064K), 0.0020476 secs] [Times: user=0.01 sys=0.00, real=0.01 secs] 
2021-08-19T10:02:58.338+0800: 63265.936: [GC (Allocation Failure) [PSYoungGen: 84320K->704K(84992K)] 226781K->143165K(279552K), 0.0022055 secs] [Times: user=0.02 sys=0.00, real=0.01 secs] 
2021-08-19T10:03:10.273+0800: 63277.871: [GC (Allocation Failure) [PSYoungGen: 84672K->384K(85504K)] 227133K->142845K(280064K), 0.0019129 secs] [Times: user=0.01 sys=0.00, real=0.00 secs] 
2021-08-19T10:03:23.275+0800: 63290.872: [GC (Allocation Failure) [PSYoungGen: 84352K->352K(86016K)] 226813K->142813K(280576K), 0.0021230 secs] [Times: user=0.01 sys=0.00, real=0.00 secs] 
2021-08-19T10:03:36.274+0800: 63303.872: [GC (Allocation Failure) [PSYoungGen: 85344K->320K(86016K)] 227805K->142781K(280576K), 0.0021967 secs] [Times: user=0.02 sys=0.00, real=0.00 secs] 
2021-08-19T10:03:48.335+0800: 63315.933: [GC (Allocation Failure) [PSYoungGen: 85312K->448K(86016K)] 227773K->142909K(280576K), 0.0020077 secs] [Times: user=0.01 sys=0.00, real=0.00 secs] 
2021-08-19T10:03:59.775+0800: 63327.373: [GC (Allocation Failure) [PSYoungGen: 85440K->384K(86016K)] 227901K->142845K(280576K), 0.0020446 secs] [Times: user=0.01 sys=0.00, real=0.00 secs] 
2021-08-19T10:04:12.774+0800: 63340.371: [GC (Allocation Failure) [PSYoungGen: 85376K->384K(86016K)] 227837K->142845K(280576K), 0.0020580 secs] [Times: user=0.02 sys=0.00, real=0.00 secs] 
2021-08-19T10:04:25.774+0800: 63353.372: [GC (Allocation Failure) [PSYoungGen: 85376K->416K(86016K)] 227837K->142877K(280576K), 0.0019106 secs] [Times: user=0.02 sys=0.00, real=0.00 secs] 
2021-08-19T10:04:38.277+0800: 63365.875: [GC (Allocation Failure) [PSYoungGen: 85408K->384K(86016K)] 227869K->142845K(280576K), 0.0022012 secs] [Times: user=0.02 sys=0.00, real=0.00 secs] 
2021-08-19T10:04:49.277+0800: 63376.875: [GC (Allocation Failure) [PSYoungGen: 85376K->416K(86016K)] 227837K->142877K(280576K), 0.0019354 secs] [Times: user=0.01 sys=0.00, real=0.00 secs] 
2021-08-19T10:05:02.281+0800: 63389.879: [GC (Allocation Failure) [PSYoungGen: 85408K->352K(86016K)] 227869K->142813K(280576K), 0.0022429 secs] [Times: user=0.02 sys=0.00, real=0.00 secs] 
2021-08-19T10:05:15.281+0800: 63402.878: [GC (Allocation Failure) [PSYoungGen: 85344K->416K(86016K)] 227805K->142901K(280576K), 0.0022521 secs] [Times: user=0.02 sys=0.01, real=0.00 secs] 
2021-08-19T10:05:28.279+0800: 63415.876: [GC (Allocation Failure) [PSYoungGen: 85408K->416K(86016K)] 227893K->142909K(280576K), 0.0021038 secs] [Times: user=0.01 sys=0.00, real=0.01 secs] 
2021-08-19T10:05:39.276+0800: 63426.874: [GC (Allocation Failure) [PSYoungGen: 85408K->416K(86016K)] 227901K->142909K(280576K), 0.0019787 secs] [Times: user=0.02 sys=0.00, real=0.00 secs] 
2021-08-19T10:05:52.277+0800: 63439.875: [GC (Allocation Failure) [PSYoungGen: 85408K->416K(86016K)] 227901K->142909K(280576K), 0.0020518 secs] [Times: user=0.02 sys=0.00, real=0.00 secs] 
2021-08-19T10:06:05.285+0800: 63452.882: [GC (Allocation Failure) [PSYoungGen: 85408K->416K(86016K)] 227901K->142933K(280576K), 0.0023571 secs] [Times: user=0.01 sys=0.00, real=0.00 secs] 
2021-08-19T10:06:18.277+0800: 63465.875: [GC (Allocation Failure) [PSYoungGen: 85408K->384K(86016K)] 227925K->142909K(280576K), 0.0021092 secs] [Times: user=0.01 sys=0.00, real=0.00 secs] 
2021-08-19T10:06:29.275+0800: 63476.873: [GC (Allocation Failure) [PSYoungGen: 85376K->416K(86016K)] 227901K->142941K(280576K), 0.0020571 secs] [Times: user=0.01 sys=0.00, real=0.00 secs] 
2021-08-19T10:06:42.285+0800: 63489.882: [GC (Allocation Failure) [PSYoungGen: 85408K->384K(86016K)] 227933K->142909K(280576K), 0.0019530 secs] [Times: user=0.01 sys=0.00, real=0.00 secs] 
2021-08-19T10:06:55.275+0800: 63502.873: [GC (Allocation Failure) [PSYoungGen: 85376K->416K(86016K)] 227901K->142957K(280576K), 0.0023579 secs] [Times: user=0.02 sys=0.00, real=0.00 secs] 
2021-08-19T10:07:08.276+0800: 63515.874: [GC (Allocation Failure) [PSYoungGen: 85408K->416K(86016K)] 227949K->142965K(280576K), 0.0023326 secs] [Times: user=0.02 sys=0.00, real=0.00 secs] 
2021-08-19T10:07:19.276+0800: 63526.874: [GC (Allocation Failure) [PSYoungGen: 85408K->352K(86016K)] 227957K->142925K(280576K), 0.0019371 secs] [Times: user=0.02 sys=0.00, real=0.00 secs] 
2021-08-19T10:07:32.277+0800: 63539.874: [GC (Allocation Failure) [PSYoungGen: 85344K->416K(86016K)] 227917K->142989K(280576K), 0.0022881 secs] [Times: user=0.01 sys=0.00, real=0.00 secs] 
2021-08-19T10:07:45.276+0800: 63552.874: [GC (Allocation Failure) [PSYoungGen: 85408K->416K(86016K)] 227981K->142989K(280576K), 0.0019465 secs] [Times: user=0.01 sys=0.00, real=0.00 secs] 
2021-08-19T10:07:58.275+0800: 63565.873: [GC (Allocation Failure) [PSYoungGen: 85408K->352K(86016K)] 227981K->142925K(280576K), 0.0027668 secs] [Times: user=0.02 sys=0.01, real=0.00 secs] 
2021-08-19T10:08:09.280+0800: 63576.878: [GC (Allocation Failure) [PSYoungGen: 85344K->384K(86016K)] 227917K->142957K(280576K), 0.0019556 secs] [Times: user=0.02 sys=0.00, real=0.01 secs] 
2021-08-19T10:08:22.275+0800: 63589.873: [GC (Allocation Failure) [PSYoungGen: 85376K->384K(86016K)] 227949K->142957K(280576K), 0.0020063 secs] [Times: user=0.02 sys=0.00, real=0.00 secs] 
2021-08-19T10:08:35.276+0800: 63602.874: [GC (Allocation Failure) [PSYoungGen: 85376K->384K(86016K)] 227949K->142973K(280576K), 0.0021120 secs] [Times: user=0.02 sys=0.00, real=0.00 secs] 
2021-08-19T10:08:47.780+0800: 63615.378: [GC (Allocation Failure) [PSYoungGen: 85376K->384K(86528K)] 227965K->142973K(281088K), 0.0021074 secs] [Times: user=0.01 sys=0.00, real=0.00 secs] 
2021-08-19T10:08:59.279+0800: 63626.877: [GC (Allocation Failure) [PSYoungGen: 86400K->416K(86528K)] 228989K->143005K(281088K), 0.0020307 secs] [Times: user=0.02 sys=0.00, real=0.01 secs] 
2021-08-19T10:09:12.284+0800: 63639.882: [GC (Allocation Failure) [PSYoungGen: 86432K->352K(86528K)] 229021K->142941K(281088K), 0.0021361 secs] [Times: user=0.01 sys=0.00, real=0.00 secs] 
2021-08-19T10:09:25.279+0800: 63652.876: [GC (Allocation Failure) [PSYoungGen: 86368K->416K(86528K)] 228957K->143005K(281088K), 0.0019866 secs] [Times: user=0.01 sys=0.00, real=0.01 secs] 
2021-08-19T10:09:38.281+0800: 63665.879: [GC (Allocation Failure) [PSYoungGen: 86432K->352K(86528K)] 229021K->142941K(281088K), 0.0024416 secs] [Times: user=0.02 sys=0.00, real=0.00 secs] 
2021-08-19T10:09:49.279+0800: 63676.876: [GC (Allocation Failure) [PSYoungGen: 86368K->416K(86528K)] 228957K->143005K(281088K), 0.0019870 secs] [Times: user=0.01 sys=0.00, real=0.01 secs] 
2021-08-19T10:10:02.978+0800: 63690.576: [GC (Allocation Failure) [PSYoungGen: 86432K->384K(86528K)] 229021K->142973K(281088K), 0.0023408 secs] [Times: user=0.02 sys=0.00, real=0.01 secs] 
2021-08-19T10:10:16.276+0800: 63703.874: [GC (Allocation Failure) [PSYoungGen: 86400K->384K(86528K)] 228989K->142973K(281088K), 0.0021022 secs] [Times: user=0.01 sys=0.00, real=0.00 secs] 
2021-08-19T10:10:28.340+0800: 63715.938: [GC (Allocation Failure) [PSYoungGen: 86400K->512K(85504K)] 228989K->143189K(280064K), 0.0019559 secs] [Times: user=0.02 sys=0.00, real=0.01 secs] 
2021-08-19T10:10:40.275+0800: 63727.873: [GC (Allocation Failure) [PSYoungGen: 85504K->416K(86016K)] 228181K->143109K(280576K), 0.0019861 secs] [Times: user=0.02 sys=0.00, real=0.00 secs] 
2021-08-19T10:10:53.275+0800: 63740.873: [GC (Allocation Failure) [PSYoungGen: 85408K->352K(86016K)] 228101K->143045K(280576K), 0.0022532 secs] [Times: user=0.01 sys=0.00, real=0.00 secs] 
2021-08-19T10:11:06.276+0800: 63753.874: [GC (Allocation Failure) [PSYoungGen: 85344K->384K(86016K)] 228037K->143077K(280576K), 0.0021136 secs] [Times: user=0.01 sys=0.00, real=0.00 secs] 
2021-08-19T10:11:18.340+0800: 63765.938: [GC (Allocation Failure) [PSYoungGen: 85376K->736K(86016K)] 228069K->143429K(280576K), 0.0021251 secs] [Times: user=0.02 sys=0.00, real=0.01 secs] 
2021-08-19T10:11:30.275+0800: 63777.873: [GC (Allocation Failure) [PSYoungGen: 85728K->352K(86016K)] 228421K->143045K(280576K), 0.0024542 secs] [Times: user=0.02 sys=0.01, real=0.00 secs] 
2021-08-19T10:11:42.981+0800: 63790.578: [GC (Allocation Failure) [PSYoungGen: 85344K->416K(86016K)] 228037K->143109K(280576K), 0.0023599 secs] [Times: user=0.01 sys=0.00, real=0.00 secs] 
2021-08-19T10:11:55.981+0800: 63803.579: [GC (Allocation Failure) [PSYoungGen: 85408K->384K(86016K)] 228101K->143077K(280576K), 0.0021133 secs] [Times: user=0.01 sys=0.00, real=0.00 secs] 
2021-08-19T10:12:08.339+0800: 63815.937: [GC (Allocation Failure) [PSYoungGen: 85376K->608K(86016K)] 228069K->143301K(280576K), 0.0020123 secs] [Times: user=0.02 sys=0.00, real=0.01 secs] 
2021-08-19T10:12:19.980+0800: 63827.578: [GC (Allocation Failure) [PSYoungGen: 85600K->416K(86016K)] 228293K->143133K(280576K), 0.0019942 secs] [Times: user=0.02 sys=0.00, real=0.01 secs] 
2021-08-19T10:12:32.981+0800: 63840.579: [GC (Allocation Failure) [PSYoungGen: 85408K->384K(86016K)] 228125K->143101K(280576K), 0.0020292 secs] [Times: user=0.02 sys=0.00, real=0.00 secs] 
2021-08-19T10:12:45.777+0800: 63853.374: [GC (Allocation Failure) [PSYoungGen: 85376K->416K(86016K)] 228093K->143141K(280576K), 0.0031790 secs] [Times: user=0.02 sys=0.00, real=0.00 secs] 
2021-08-19T10:12:58.337+0800: 63865.934: [GC (Allocation Failure) [PSYoungGen: 85408K->416K(86016K)] 228133K->143141K(280576K), 0.0022183 secs] [Times: user=0.02 sys=0.00, real=0.00 secs] 
2021-08-19T10:13:09.782+0800: 63877.380: [GC (Allocation Failure) [PSYoungGen: 85408K->416K(86016K)] 228133K->143141K(280576K), 0.0029028 secs] [Times: user=0.01 sys=0.00, real=0.00 secs] 
2021-08-19T10:13:22.776+0800: 63890.374: [GC (Allocation Failure) [PSYoungGen: 85408K->352K(86016K)] 228133K->143077K(280576K), 0.0019586 secs] [Times: user=0.02 sys=0.00, real=0.00 secs] 
2021-08-19T10:13:35.776+0800: 63903.373: [GC (Allocation Failure) [PSYoungGen: 85344K->384K(86016K)] 228069K->143133K(280576K), 0.0025852 secs] [Times: user=0.02 sys=0.00, real=0.00 secs] 
2021-08-19T10:13:48.282+0800: 63915.880: [GC (Allocation Failure) [PSYoungGen: 85376K->416K(86016K)] 228125K->143165K(280576K), 0.0023558 secs] [Times: user=0.01 sys=0.00, real=0.00 secs] 
2021-08-19T10:13:59.279+0800: 63926.876: [GC (Allocation Failure) [PSYoungGen: 85408K->416K(86016K)] 228157K->143181K(280576K), 0.0022411 secs] [Times: user=0.02 sys=0.00, real=0.01 secs] 
2021-08-19T10:14:12.279+0800: 63939.877: [GC (Allocation Failure) [PSYoungGen: 85408K->384K(86016K)] 228173K->143149K(280576K), 0.0020893 secs] [Times: user=0.02 sys=0.01, real=0.01 secs] 
2021-08-19T10:14:25.279+0800: 63952.876: [GC (Allocation Failure) [PSYoungGen: 85376K->400K(86016K)] 228141K->143165K(280576K), 0.0018481 secs] [Times: user=0.01 sys=0.00, real=0.01 secs] 
2021-08-19T10:14:38.279+0800: 63965.877: [GC (Allocation Failure) [PSYoungGen: 85392K->448K(86016K)] 228157K->143213K(280576K), 0.0026095 secs] [Times: user=0.02 sys=0.00, real=0.01 secs] 
2021-08-19T10:14:49.276+0800: 63976.874: [GC (Allocation Failure) [PSYoungGen: 85440K->464K(86016K)] 228205K->143245K(280576K), 0.0021418 secs] [Times: user=0.02 sys=0.00, real=0.00 secs] 
2021-08-19T10:15:02.279+0800: 63989.876: [GC (Allocation Failure) [PSYoungGen: 85456K->480K(86016K)] 228237K->143261K(280576K), 0.0021436 secs] [Times: user=0.02 sys=0.00, real=0.01 secs] 
2021-08-19T10:15:15.277+0800: 64002.874: [GC (Allocation Failure) [PSYoungGen: 85472K->416K(86016K)] 228253K->143197K(280576K), 0.0020201 secs] [Times: user=0.01 sys=0.00, real=0.00 secs] 
2021-08-19T10:15:28.277+0800: 64015.874: [GC (Allocation Failure) [PSYoungGen: 85408K->528K(86016K)] 228189K->143309K(280576K), 0.0020589 secs] [Times: user=0.01 sys=0.00, real=0.00 secs] 
2021-08-19T10:15:38.970+0800: 64026.568: [GC (Allocation Failure) [PSYoungGen: 85520K->736K(86016K)] 228301K->143517K(280576K), 0.0023436 secs] [Times: user=0.01 sys=0.00, real=0.01 secs] 
2021-08-19T10:15:51.968+0800: 64039.566: [GC (Allocation Failure) [PSYoungGen: 85728K->880K(86016K)] 228509K->143677K(280576K), 0.0021075 secs] [Times: user=0.02 sys=0.00, real=0.01 secs] 
2021-08-19T10:16:04.966+0800: 64052.564: [GC (Allocation Failure) [PSYoungGen: 85872K->992K(86016K)] 228669K->143805K(280576K), 0.0023481 secs] [Times: user=0.01 sys=0.00, real=0.00 secs] 
2021-08-19T10:16:17.888+0800: 64065.486: [GC (Allocation Failure) [PSYoungGen: 85984K->1008K(84992K)] 228797K->143837K(279552K), 0.0022652 secs] [Times: user=0.01 sys=0.00, real=0.01 secs] 
2021-08-19T10:16:28.778+0800: 64076.376: [GC (Allocation Failure) [PSYoungGen: 84976K->1056K(85504K)] 227805K->143941K(280064K), 0.0022160 secs] [Times: user=0.02 sys=0.00, real=0.01 secs] 
2021-08-19T10:16:41.279+0800: 64088.877: [GC (Allocation Failure) [PSYoungGen: 85024K->1072K(85504K)] 227909K->143957K(280064K), 0.0020500 secs] [Times: user=0.02 sys=0.00, real=0.01 secs] 
2021-08-19T10:16:54.278+0800: 64101.876: [GC (Allocation Failure) [PSYoungGen: 85040K->1088K(85504K)] 227925K->143973K(280064K), 0.0021140 secs] [Times: user=0.02 sys=0.00, real=0.01 secs] 
2021-08-19T10:17:07.275+0800: 64114.873: [GC (Allocation Failure) [PSYoungGen: 85056K->1040K(85504K)] 227941K->143925K(280064K), 0.0020839 secs] [Times: user=0.01 sys=0.00, real=0.00 secs] 
2021-08-19T10:17:18.347+0800: 64125.945: [GC (Allocation Failure) [PSYoungGen: 85008K->1504K(85504K)] 227893K->144653K(280064K), 0.0025236 secs] [Times: user=0.02 sys=0.00, real=0.00 secs] 
2021-08-19T10:17:30.776+0800: 64138.373: [GC (Allocation Failure) [PSYoungGen: 85472K->960K(84480K)] 228621K->144349K(279040K), 0.0024658 secs] [Times: user=0.01 sys=0.01, real=0.00 secs] 
2021-08-19T10:17:43.276+0800: 64150.873: [GC (Allocation Failure) [PSYoungGen: 83904K->960K(84992K)] 227293K->144349K(279552K), 0.0020918 secs] [Times: user=0.02 sys=0.00, real=0.00 secs] 
2021-08-19T10:17:55.789+0800: 64163.386: [GC (Allocation Failure) [PSYoungGen: 83904K->928K(84992K)] 227293K->144333K(279552K), 0.0022477 secs] [Times: user=0.02 sys=0.00, real=0.01 secs] 
2021-08-19T10:18:08.280+0800: 64175.877: [GC (Allocation Failure) [PSYoungGen: 83872K->960K(84992K)] 227277K->144365K(279552K), 0.0020122 secs] [Times: user=0.01 sys=0.00, real=0.01 secs] 
2021-08-19T10:18:19.279+0800: 64186.876: [GC (Allocation Failure) [PSYoungGen: 83904K->880K(85504K)] 227309K->144293K(280064K), 0.0021725 secs] [Times: user=0.02 sys=0.00, real=0.01 secs] 
2021-08-19T10:18:31.957+0800: 64199.555: [GC (Allocation Failure) [PSYoungGen: 84336K->832K(84992K)] 227749K->144397K(279552K), 0.0023763 secs] [Times: user=0.02 sys=0.00, real=0.00 secs] 
2021-08-19T10:18:44.396+0800: 64211.993: [GC (Allocation Failure) [PSYoungGen: 84288K->576K(85504K)] 227853K->144429K(280064K), 0.0023111 secs] [Times: user=0.01 sys=0.00, real=0.00 secs] 
2021-08-19T10:18:57.279+0800: 64224.877: [GC (Allocation Failure) [PSYoungGen: 84544K->528K(85504K)] 228397K->144525K(280064K), 0.0019522 secs] [Times: user=0.01 sys=0.00, real=0.01 secs] 
2021-08-19T10:19:08.348+0800: 64235.946: [GC (Allocation Failure) [PSYoungGen: 84496K->1184K(85504K)] 228493K->145477K(280064K), 0.0023742 secs] [Times: user=0.01 sys=0.00, real=0.01 secs] 
2021-08-19T10:19:20.953+0800: 64248.551: [GC (Allocation Failure) [PSYoungGen: 85152K->384K(85504K)] 229445K->144709K(280064K), 0.0019108 secs] [Times: user=0.02 sys=0.00, real=0.00 secs] 
2021-08-19T10:19:33.813+0800: 64261.410: [GC (Allocation Failure) [PSYoungGen: 84352K->256K(84480K)] 228677K->144581K(279040K), 0.0023083 secs] [Times: user=0.02 sys=0.00, real=0.00 secs] 
2021-08-19T10:19:46.277+0800: 64273.874: [GC (Allocation Failure) [PSYoungGen: 83200K->416K(84992K)] 227525K->144757K(279552K), 0.0023645 secs] [Times: user=0.02 sys=0.00, real=0.00 secs] 
2021-08-19T10:19:58.342+0800: 64285.940: [GC (Allocation Failure) [PSYoungGen: 83360K->416K(85504K)] 227701K->144765K(280064K), 0.0020364 secs] [Times: user=0.01 sys=0.00, real=0.00 secs] 
2021-08-19T10:20:09.770+0800: 64297.368: [GC (Allocation Failure) [PSYoungGen: 84384K->416K(85504K)] 228733K->144765K(280064K), 0.0021190 secs] [Times: user=0.02 sys=0.00, real=0.00 secs] 
2021-08-19T10:20:22.279+0800: 64309.877: [GC (Allocation Failure) [PSYoungGen: 84384K->384K(85504K)] 228733K->144781K(280064K), 0.0022273 secs] [Times: user=0.01 sys=0.00, real=0.01 secs] 
2021-08-19T10:20:35.279+0800: 64322.877: [GC (Allocation Failure) [PSYoungGen: 84352K->384K(85504K)] 228749K->144805K(280064K), 0.0019666 secs] [Times: user=0.02 sys=0.00, real=0.01 secs] 
2021-08-19T10:20:48.276+0800: 64335.874: [GC (Allocation Failure) [PSYoungGen: 84352K->384K(85504K)] 228773K->144821K(280064K), 0.0022795 secs] [Times: user=0.02 sys=0.00, real=0.00 secs] 
2021-08-19T10:20:58.777+0800: 64346.375: [GC (Allocation Failure) [PSYoungGen: 84352K->416K(85504K)] 228789K->144861K(280064K), 0.0024376 secs] [Times: user=0.02 sys=0.00, real=0.00 secs] 
2021-08-19T10:21:11.775+0800: 64359.372: [GC (Allocation Failure) [PSYoungGen: 84384K->352K(85504K)] 228829K->144797K(280064K), 0.0021820 secs] [Times: user=0.02 sys=0.00, real=0.00 secs] 
2021-08-19T10:21:24.281+0800: 64371.879: [GC (Allocation Failure) [PSYoungGen: 84320K->320K(85504K)] 228765K->144765K(280064K), 0.0020104 secs] [Times: user=0.01 sys=0.00, real=0.00 secs] 
2021-08-19T10:21:37.279+0800: 64384.877: [GC (Allocation Failure) [PSYoungGen: 84288K->384K(85504K)] 228733K->144829K(280064K), 0.0021360 secs] [Times: user=0.02 sys=0.00, real=0.01 secs] 
2021-08-19T10:21:48.353+0800: 64395.950: [GC (Allocation Failure) [PSYoungGen: 84352K->1216K(85504K)] 228797K->145661K(280064K), 0.0025028 secs] [Times: user=0.02 sys=0.00, real=0.00 secs] 
2021-08-19T10:22:00.945+0800: 64408.543: [GC (Allocation Failure) [PSYoungGen: 85184K->416K(85504K)] 229629K->144861K(280064K), 0.0019993 secs] [Times: user=0.01 sys=0.00, real=0.00 secs] 
2021-08-19T10:22:13.779+0800: 64421.376: [GC (Allocation Failure) [PSYoungGen: 84384K->416K(85504K)] 228829K->144861K(280064K), 0.0019271 secs] [Times: user=0.01 sys=0.00, real=0.01 secs] 
2021-08-19T10:22:26.282+0800: 64433.879: [GC (Allocation Failure) [PSYoungGen: 84384K->384K(85504K)] 228829K->144829K(280064K), 0.0019351 secs] [Times: user=0.02 sys=0.00, real=0.00 secs] 
2021-08-19T10:22:38.348+0800: 64445.946: [GC (Allocation Failure) [PSYoungGen: 84352K->704K(85504K)] 228797K->145165K(280064K), 0.0019844 secs] [Times: user=0.02 sys=0.00, real=0.01 secs] 
2021-08-19T10:22:50.278+0800: 64457.875: [GC (Allocation Failure) [PSYoungGen: 84672K->416K(85504K)] 229133K->144877K(280064K), 0.0022680 secs] [Times: user=0.02 sys=0.00, real=0.00 secs] 
2021-08-19T10:23:02.943+0800: 64470.541: [GC (Allocation Failure) [PSYoungGen: 84384K->384K(85504K)] 228845K->144845K(280064K), 0.0020606 secs] [Times: user=0.02 sys=0.00, real=0.00 secs] 
2021-08-19T10:23:15.777+0800: 64483.375: [GC (Allocation Failure) [PSYoungGen: 84352K->416K(85504K)] 228813K->144877K(280064K), 0.0021664 secs] [Times: user=0.02 sys=0.00, real=0.00 secs] 
2021-08-19T10:23:28.342+0800: 64495.940: [GC (Allocation Failure) [PSYoungGen: 84384K->416K(85504K)] 228845K->144877K(280064K), 0.0019728 secs] [Times: user=0.02 sys=0.00, real=0.00 secs] 
2021-08-19T10:23:39.277+0800: 64506.875: [GC (Allocation Failure) [PSYoungGen: 84384K->352K(85504K)] 228845K->144813K(280064K), 0.0022756 secs] [Times: user=0.01 sys=0.00, real=0.00 secs] 
2021-08-19T10:23:52.276+0800: 64519.874: [GC (Allocation Failure) [PSYoungGen: 84320K->256K(85504K)] 228781K->144717K(280064K), 0.0020403 secs] [Times: user=0.01 sys=0.00, real=0.00 secs] 
2021-08-19T10:24:04.942+0800: 64532.540: [GC (Allocation Failure) [PSYoungGen: 84224K->384K(86016K)] 228685K->144845K(280576K), 0.0023149 secs] [Times: user=0.01 sys=0.00, real=0.00 secs] 
2021-08-19T10:24:17.940+0800: 64545.538: [GC (Allocation Failure) [PSYoungGen: 85376K->416K(86016K)] 229837K->144877K(280576K), 0.0019758 secs] [Times: user=0.01 sys=0.00, real=0.00 secs] 
2021-08-19T10:24:28.940+0800: 64556.538: [GC (Allocation Failure) [PSYoungGen: 85408K->352K(86016K)] 229869K->144813K(280576K), 0.0020543 secs] [Times: user=0.01 sys=0.00, real=0.00 secs] 
2021-08-19T10:24:41.562+0800: 64569.160: [GC (Allocation Failure) [PSYoungGen: 85343K->320K(86016K)] 229805K->144781K(280576K), 0.0021615 secs] [Times: user=0.02 sys=0.00, real=0.00 secs] 
2021-08-19T10:24:54.780+0800: 64582.378: [GC (Allocation Failure) [PSYoungGen: 85312K->384K(86016K)] 229773K->144845K(280576K), 0.0020464 secs] [Times: user=0.01 sys=0.00, real=0.00 secs] 
2021-08-19T10:25:07.777+0800: 64595.375: [GC (Allocation Failure) [PSYoungGen: 85376K->416K(86016K)] 229837K->144901K(280576K), 0.0019580 secs] [Times: user=0.01 sys=0.00, real=0.00 secs] 
2021-08-19T10:25:18.358+0800: 64605.956: [GC (Allocation Failure) [PSYoungGen: 85408K->320K(86016K)] 229893K->144805K(280576K), 0.0021230 secs] [Times: user=0.01 sys=0.00, real=0.00 secs] 
2021-08-19T10:25:31.779+0800: 64619.376: [GC (Allocation Failure) [PSYoungGen: 85312K->416K(86016K)] 229797K->144901K(280576K), 0.0018952 secs] [Times: user=0.01 sys=0.00, real=0.01 secs] 
2021-08-19T10:25:44.286+0800: 64631.884: [GC (Allocation Failure) [PSYoungGen: 85408K->416K(86016K)] 229893K->144901K(280576K), 0.0024308 secs] [Times: user=0.02 sys=0.00, real=0.00 secs] 
2021-08-19T10:25:57.282+0800: 64644.879: [GC (Allocation Failure) [PSYoungGen: 85408K->352K(86016K)] 229893K->144853K(280576K), 0.0021728 secs] [Times: user=0.02 sys=0.00, real=0.00 secs] 
2021-08-19T10:26:08.359+0800: 64655.956: [GC (Allocation Failure) [PSYoungGen: 85344K->1024K(86016K)] 229845K->145797K(280576K), 0.0026991 secs] [Times: user=0.01 sys=0.00, real=0.01 secs] 
2021-08-19T10:26:21.281+0800: 64668.878: [GC (Allocation Failure) [PSYoungGen: 86016K->320K(86016K)] 230789K->145093K(280576K), 0.0023384 secs] [Times: user=0.02 sys=0.00, real=0.00 secs] 
2021-08-19T10:26:34.281+0800: 64681.879: [GC (Allocation Failure) [PSYoungGen: 85312K->384K(86016K)] 230085K->145157K(280576K), 0.0019293 secs] [Times: user=0.02 sys=0.00, real=0.00 secs] 
2021-08-19T10:26:47.278+0800: 64694.876: [GC (Allocation Failure) [PSYoungGen: 85376K->384K(86016K)] 230149K->145157K(280576K), 0.0019752 secs] [Times: user=0.01 sys=0.00, real=0.01 secs] 
2021-08-19T10:26:58.358+0800: 64705.956: [GC (Allocation Failure) [PSYoungGen: 85376K->1024K(84992K)] 230149K->145901K(279552K), 0.0021318 secs] [Times: user=0.02 sys=0.00, real=0.01 secs] 
2021-08-19T10:27:11.279+0800: 64718.877: [GC (Allocation Failure) [PSYoungGen: 84992K->384K(85504K)] 229869K->145261K(280064K), 0.0021340 secs] [Times: user=0.02 sys=0.00, real=0.01 secs] 
2021-08-19T10:27:24.276+0800: 64731.873: [GC (Allocation Failure) [PSYoungGen: 84352K->384K(85504K)] 229229K->145261K(280064K), 0.0023838 secs] [Times: user=0.02 sys=0.00, real=0.00 secs] 
2021-08-19T10:27:34.778+0800: 64742.375: [GC (Allocation Failure) [PSYoungGen: 84351K->416K(85504K)] 229229K->145293K(280064K), 0.0018868 secs] [Times: user=0.02 sys=0.00, real=0.00 secs] 
2021-08-19T10:27:47.280+0800: 64754.878: [GC (Allocation Failure) [PSYoungGen: 84384K->416K(86016K)] 229261K->145309K(280576K), 0.0020729 secs] [Times: user=0.02 sys=0.00, real=0.00 secs] 
2021-08-19T10:28:12.107+0800: 64779.705: [GC (Allocation Failure) [PSYoungGen: 85408K->416K(86016K)] 230301K->145309K(280576K), 0.0021525 secs] [Times: user=0.01 sys=0.00, real=0.00 secs] 
2021-08-19T10:28:58.350+0800: 64825.948: [GC (Allocation Failure) [PSYoungGen: 85408K->384K(86016K)] 230301K->145277K(280576K), 0.0019162 secs] [Times: user=0.01 sys=0.00, real=0.01 secs] 
2021-08-19T10:29:38.360+0800: 64865.957: [GC (Allocation Failure) [PSYoungGen: 85376K->800K(86016K)] 230269K->145693K(280576K), 0.0020498 secs] [Times: user=0.01 sys=0.00, real=0.01 secs] 
2021-08-19T10:30:08.497+0800: 64896.095: [GC (Allocation Failure) [PSYoungGen: 85792K->632K(86016K)] 230685K->145534K(280576K), 0.0021549 secs] [Times: user=0.01 sys=0.00, real=0.00 secs] 
2021-08-19T10:30:53.554+0800: 64941.151: [GC (Allocation Failure) [PSYoungGen: 85624K->632K(86016K)] 230526K->145534K(280576K), 0.0022667 secs] [Times: user=0.01 sys=0.01, real=0.00 secs] 
2021-08-19T10:31:28.364+0800: 64975.962: [GC (Allocation Failure) [PSYoungGen: 85624K->1016K(84992K)] 230526K->146286K(279552K), 0.0026321 secs] [Times: user=0.02 sys=0.00, real=0.00 secs] 
2021-08-19T10:32:07.931+0800: 65015.528: [GC (Allocation Failure) [PSYoungGen: 84984K->632K(85504K)] 230254K->145902K(280064K), 0.0021897 secs] [Times: user=0.01 sys=0.00, real=0.00 secs] 
2021-08-19T10:32:48.357+0800: 65055.955: [GC (Allocation Failure) [PSYoungGen: 84600K->824K(85504K)] 229870K->146094K(280064K), 0.0024557 secs] [Times: user=0.02 sys=0.00, real=0.00 secs] 
2021-08-19T10:33:28.362+0800: 65095.960: [GC (Allocation Failure) [PSYoungGen: 84792K->1304K(85504K)] 230062K->146574K(280064K), 0.0021707 secs] [Times: user=0.02 sys=0.00, real=0.00 secs] 
2021-08-19T10:34:08.365+0800: 65135.963: [GC (Allocation Failure) [PSYoungGen: 85272K->1464K(84480K)] 230542K->146742K(279040K), 0.0024637 secs] [Times: user=0.02 sys=0.00, real=0.00 secs] 
2021-08-19T10:34:46.018+0800: 65173.615: [GC (Allocation Failure) [PSYoungGen: 84408K->664K(84992K)] 229686K->145966K(279552K), 0.0023330 secs] [Times: user=0.02 sys=0.00, real=0.00 secs] 
2021-08-19T10:35:40.927+0800: 65228.524: [GC (Allocation Failure) [PSYoungGen: 83608K->865K(85504K)] 228910K->146166K(280064K), 0.0022757 secs] [Times: user=0.02 sys=0.00, real=0.00 secs] 
2021-08-19T10:37:08.929+0800: 65316.526: [GC (Allocation Failure) [PSYoungGen: 84321K->704K(84992K)] 229622K->146013K(279552K), 0.0020789 secs] [Times: user=0.02 sys=0.00, real=0.01 secs] 
2021-08-19T10:38:40.925+0800: 65408.523: [GC (Allocation Failure) [PSYoungGen: 84160K->736K(85504K)] 229469K->146077K(280064K), 0.0022194 secs] [Times: user=0.02 sys=0.00, real=0.00 secs] 
2021-08-19T10:40:13.873+0800: 65501.471: [GC (Allocation Failure) [PSYoungGen: 84704K->736K(85504K)] 230045K->146157K(280064K), 0.0022364 secs] [Times: user=0.01 sys=0.00, real=0.00 secs] 
2021-08-19T10:42:33.378+0800: 65640.976: [GC (Allocation Failure) [PSYoungGen: 84704K->736K(85504K)] 230125K->146261K(280064K), 0.0028897 secs] [Times: user=0.02 sys=0.00, real=0.01 secs] 
2021-08-19T10:45:15.545+0800: 65803.143: [GC (Allocation Failure) [PSYoungGen: 84704K->1344K(85504K)] 230229K->146877K(280064K), 0.0022378 secs] [Times: user=0.02 sys=0.00, real=0.00 secs] 
2021-08-19T10:45:58.361+0800: 65845.959: [GC (Allocation Failure) [PSYoungGen: 85312K->1520K(84480K)] 230845K->147425K(279040K), 0.0022474 secs] [Times: user=0.01 sys=0.01, real=0.00 secs] 
2021-08-19T10:46:26.279+0800: 65873.877: [GC (Allocation Failure) [PSYoungGen: 84464K->1376K(84992K)] 230369K->147473K(279552K), 0.0026356 secs] [Times: user=0.01 sys=0.00, real=0.01 secs] 
2021-08-19T10:46:48.366+0800: 65895.964: [GC (Allocation Failure) [PSYoungGen: 84320K->2032K(83968K)] 230417K->148225K(278528K), 0.0023328 secs] [Times: user=0.02 sys=0.00, real=0.00 secs] 
2021-08-19T10:47:18.364+0800: 65925.961: [GC (Allocation Failure) [PSYoungGen: 83952K->1648K(84480K)] 230145K->147905K(279040K), 0.0027397 secs] [Times: user=0.01 sys=0.00, real=0.00 secs] 
2021-08-19T10:47:34.968+0800: 65942.566: [GC (Allocation Failure) [PSYoungGen: 83568K->1392K(84480K)] 229825K->147657K(279040K), 0.0023621 secs] [Times: user=0.02 sys=0.00, real=0.01 secs] 
2021-08-19T10:47:56.739+0800: 65964.337: [GC (Allocation Failure) [PSYoungGen: 83312K->1392K(84480K)] 229577K->147657K(279040K), 0.0021852 secs] [Times: user=0.02 sys=0.00, real=0.01 secs] 
2021-08-19T10:48:12.279+0800: 65979.877: [GC (Allocation Failure) [PSYoungGen: 83312K->1376K(84480K)] 229577K->147641K(279040K), 0.0022118 secs] [Times: user=0.02 sys=0.00, real=0.01 secs] 
2021-08-19T10:48:37.292+0800: 66004.889: [GC (Allocation Failure) [PSYoungGen: 83296K->1408K(84480K)] 229561K->147673K(279040K), 0.0021245 secs] [Times: user=0.02 sys=0.00, real=0.00 secs] 
2021-08-19T10:48:58.280+0800: 66025.877: [GC (Allocation Failure) [PSYoungGen: 83328K->1360K(84480K)] 229593K->147673K(279040K), 0.0022429 secs] [Times: user=0.02 sys=0.00, real=0.01 secs] 
2021-08-19T10:49:18.362+0800: 66045.959: [GC (Allocation Failure) [PSYoungGen: 83280K->1536K(84480K)] 229593K->148177K(279040K), 0.0026545 secs] [Times: user=0.01 sys=0.00, real=0.00 secs] 
2021-08-19T10:49:38.366+0800: 66065.964: [GC (Allocation Failure) [PSYoungGen: 83456K->1872K(84480K)] 230097K->148553K(279040K), 0.0022460 secs] [Times: user=0.02 sys=0.00, real=0.00 secs] 
2021-08-19T10:49:58.368+0800: 66085.966: [GC (Allocation Failure) [PSYoungGen: 83792K->2080K(84480K)] 230473K->148769K(279040K), 0.0022823 secs] [Times: user=0.02 sys=0.00, real=0.01 secs] 
2021-08-19T10:50:18.361+0800: 66105.959: [GC (Allocation Failure) [PSYoungGen: 84000K->1456K(84480K)] 230689K->148145K(279040K), 0.0025156 secs] [Times: user=0.01 sys=0.00, real=0.00 secs] 
2021-08-19T10:50:38.367+0800: 66125.965: [GC (Allocation Failure) [PSYoungGen: 83376K->2016K(84480K)] 230065K->148793K(279040K), 0.0022278 secs] [Times: user=0.02 sys=0.00, real=0.00 secs] 
2021-08-19T10:50:58.942+0800: 66146.539: [GC (Allocation Failure) [PSYoungGen: 83936K->464K(83456K)] 230713K->147917K(278016K), 0.0021697 secs] [Times: user=0.01 sys=0.00, real=0.00 secs] 
2021-08-19T10:51:22.459+0800: 66170.057: [GC (Allocation Failure) [PSYoungGen: 81360K->384K(83968K)] 228813K->148077K(278528K), 0.0025783 secs] [Times: user=0.02 sys=0.00, real=0.01 secs] 
2021-08-19T10:51:42.581+0800: 66190.179: [GC (Allocation Failure) [PSYoungGen: 81280K->736K(83968K)] 228973K->148517K(278528K), 0.0021594 secs] [Times: user=0.02 sys=0.00, real=0.00 secs] 
2021-08-19T10:52:02.694+0800: 66210.292: [GC (Allocation Failure) [PSYoungGen: 81632K->1152K(83968K)] 229413K->148997K(278528K), 0.0020477 secs] [Times: user=0.02 sys=0.00, real=0.00 secs] 
2021-08-19T10:52:26.654+0800: 66234.252: [GC (Allocation Failure) [PSYoungGen: 82048K->1344K(84480K)] 229893K->149237K(279040K), 0.0022208 secs] [Times: user=0.01 sys=0.00, real=0.00 secs] 
2021-08-19T10:52:44.280+0800: 66251.878: [GC (Allocation Failure) [PSYoungGen: 83264K->416K(84480K)] 231157K->148365K(279040K), 0.0019070 secs] [Times: user=0.01 sys=0.00, real=0.00 secs] 
2021-08-19T10:52:58.379+0800: 66265.977: [GC (Allocation Failure) [PSYoungGen: 82336K->1216K(84480K)] 230285K->149205K(279040K), 0.0023250 secs] [Times: user=0.02 sys=0.00, real=0.01 secs] 
2021-08-19T10:53:18.365+0800: 66285.963: [GC (Allocation Failure) [PSYoungGen: 83136K->704K(84480K)] 231125K->148741K(279040K), 0.0020892 secs] [Times: user=0.01 sys=0.00, real=0.00 secs] 
2021-08-19T10:53:32.781+0800: 66300.379: [GC (Allocation Failure) [PSYoungGen: 82624K->416K(84480K)] 230661K->148469K(279040K), 0.0018767 secs] [Times: user=0.02 sys=0.00, real=0.00 secs] 
2021-08-19T10:53:48.382+0800: 66315.979: [GC (Allocation Failure) [PSYoungGen: 82336K->1088K(84480K)] 230389K->149237K(279040K), 0.0022259 secs] [Times: user=0.02 sys=0.00, real=0.00 secs] 
2021-08-19T10:54:05.962+0800: 66333.560: [GC (Allocation Failure) [PSYoungGen: 83008K->416K(84480K)] 231157K->148565K(279040K), 0.0022298 secs] [Times: user=0.01 sys=0.00, real=0.00 secs] 
2021-08-19T10:54:25.281+0800: 66352.879: [GC (Allocation Failure) [PSYoungGen: 82336K->416K(84480K)] 230485K->148565K(279040K), 0.0019679 secs] [Times: user=0.02 sys=0.00, real=0.00 secs] 
2021-08-19T10:54:38.381+0800: 66365.978: [GC (Allocation Failure) [PSYoungGen: 82336K->1344K(84480K)] 230485K->149501K(279040K), 0.0021307 secs] [Times: user=0.02 sys=0.00, real=0.00 secs] 
2021-08-19T10:54:58.369+0800: 66385.967: [GC (Allocation Failure) [PSYoungGen: 83264K->1184K(84480K)] 231421K->149413K(279040K), 0.0021603 secs] [Times: user=0.01 sys=0.00, real=0.01 secs] 
2021-08-19T10:55:18.368+0800: 66405.965: [GC (Allocation Failure) [PSYoungGen: 83104K->1152K(84480K)] 231333K->149405K(279040K), 0.0023518 secs] [Times: user=0.02 sys=0.00, real=0.00 secs] 
2021-08-19T10:55:34.281+0800: 66421.879: [GC (Allocation Failure) [PSYoungGen: 83072K->416K(84480K)] 231325K->148717K(279040K), 0.0021449 secs] [Times: user=0.02 sys=0.00, real=0.00 secs] 
2021-08-19T10:55:51.950+0800: 66439.548: [GC (Allocation Failure) [PSYoungGen: 82336K->736K(84992K)] 230637K->149109K(279552K), 0.0020962 secs] [Times: user=0.02 sys=0.00, real=0.00 secs] 
2021-08-19T10:56:08.379+0800: 66455.977: [GC (Allocation Failure) [PSYoungGen: 83168K->1120K(84480K)] 231541K->149550K(279040K), 0.0021936 secs] [Times: user=0.01 sys=0.00, real=0.01 secs] 
2021-08-19T10:56:28.368+0800: 66475.966: [GC (Allocation Failure) [PSYoungGen: 83552K->1120K(84992K)] 231982K->149638K(279552K), 0.0023951 secs] [Times: user=0.02 sys=0.00, real=0.01 secs] 
2021-08-19T10:56:47.318+0800: 66494.915: [GC (Allocation Failure) [PSYoungGen: 84064K->1120K(84992K)] 232582K->149662K(279552K), 0.0021572 secs] [Times: user=0.01 sys=0.00, real=0.00 secs] 
2021-08-19T10:57:03.782+0800: 66511.379: [GC (Allocation Failure) [PSYoungGen: 84064K->352K(84992K)] 232606K->148894K(279552K), 0.0021706 secs] [Times: user=0.02 sys=0.00, real=0.00 secs] 
2021-08-19T10:57:20.723+0800: 66528.321: [GC (Allocation Failure) [PSYoungGen: 83296K->1120K(84992K)] 231838K->149750K(279552K), 0.0022339 secs] [Times: user=0.01 sys=0.00, real=0.00 secs] 
2021-08-19T10:57:38.374+0800: 66545.972: [GC (Allocation Failure) [PSYoungGen: 84064K->672K(84992K)] 232694K->149406K(279552K), 0.0021457 secs] [Times: user=0.02 sys=0.00, real=0.00 secs] 
2021-08-19T10:57:54.282+0800: 66561.880: [GC (Allocation Failure) [PSYoungGen: 83616K->512K(84992K)] 232350K->149262K(279552K), 0.0021543 secs] [Times: user=0.01 sys=0.00, real=0.00 secs] 
2021-08-19T10:58:18.282+0800: 66585.879: [GC (Allocation Failure) [PSYoungGen: 83456K->448K(84992K)] 232206K->149302K(279552K), 0.0021672 secs] [Times: user=0.02 sys=0.00, real=0.00 secs] 
2021-08-19T10:58:38.372+0800: 66605.970: [GC (Allocation Failure) [PSYoungGen: 83392K->1600K(84992K)] 232246K->150462K(279552K), 0.0022668 secs] [Times: user=0.01 sys=0.00, real=0.00 secs] 
2021-08-19T10:59:02.780+0800: 66630.378: [GC (Allocation Failure) [PSYoungGen: 84544K->576K(84992K)] 233406K->149438K(279552K), 0.0022103 secs] [Times: user=0.02 sys=0.00, real=0.00 secs] 
2021-08-19T10:59:24.125+0800: 66651.723: [GC (Allocation Failure) [PSYoungGen: 83520K->1504K(84480K)] 232382K->150366K(279040K), 0.0022260 secs] [Times: user=0.02 sys=0.00, real=0.00 secs] 
2021-08-19T10:59:48.370+0800: 66675.968: [GC (Allocation Failure) [PSYoungGen: 84448K->1344K(84480K)] 233310K->150206K(279040K), 0.0023095 secs] [Times: user=0.02 sys=0.00, real=0.01 secs] 
2021-08-19T11:00:09.521+0800: 66697.119: [GC (Allocation Failure) [PSYoungGen: 83264K->512K(84480K)] 232126K->149374K(279040K), 0.0023688 secs] [Times: user=0.01 sys=0.00, real=0.00 secs] 
2021-08-19T11:00:33.985+0800: 66721.582: [GC (Allocation Failure) [PSYoungGen: 82432K->512K(84992K)] 231294K->149374K(279552K), 0.0020409 secs] [Times: user=0.02 sys=0.00, real=0.00 secs] 
2021-08-19T11:00:54.660+0800: 66742.258: [GC (Allocation Failure) [PSYoungGen: 82944K->1600K(84480K)] 231806K->150462K(279040K), 0.0023725 secs] [Times: user=0.01 sys=0.00, real=0.00 secs] 
2021-08-19T11:01:18.367+0800: 66765.965: [GC (Allocation Failure) [PSYoungGen: 84032K->768K(84480K)] 232894K->149630K(279040K), 0.0022939 secs] [Times: user=0.01 sys=0.00, real=0.00 secs] 
2021-08-19T11:01:43.609+0800: 66791.207: [GC (Allocation Failure) [PSYoungGen: 82688K->480K(84480K)] 231550K->149350K(279040K), 0.0020563 secs] [Times: user=0.02 sys=0.00, real=0.01 secs] 
2021-08-19T11:02:07.621+0800: 66815.219: [GC (Allocation Failure) [PSYoungGen: 82400K->448K(84992K)] 231270K->149318K(279552K), 0.0021991 secs] [Times: user=0.02 sys=0.00, real=0.00 secs] 
2021-08-19T11:02:28.366+0800: 66835.964: [GC (Allocation Failure) [PSYoungGen: 83392K->832K(84992K)] 232262K->149702K(279552K), 0.0024210 secs] [Times: user=0.02 sys=0.00, real=0.00 secs] 
2021-08-19T11:02:55.992+0800: 66863.590: [GC (Allocation Failure) [PSYoungGen: 83776K->480K(84992K)] 232646K->149350K(279552K), 0.0021984 secs] [Times: user=0.02 sys=0.00, real=0.00 secs] 
2021-08-19T11:03:16.323+0800: 66883.921: [GC (Allocation Failure) [PSYoungGen: 83424K->1184K(84992K)] 232294K->150358K(279552K), 0.0021949 secs] [Times: user=0.02 sys=0.00, real=0.00 secs] 
2021-08-19T11:03:38.993+0800: 66906.591: [GC (Allocation Failure) [PSYoungGen: 84128K->256K(84992K)] 233302K->149462K(279552K), 0.0019569 secs] [Times: user=0.01 sys=0.00, real=0.00 secs] 
2021-08-19T11:04:18.375+0800: 66945.972: [GC (Allocation Failure) [PSYoungGen: 83200K->832K(84992K)] 232406K->150094K(279552K), 0.0023013 secs] [Times: user=0.01 sys=0.00, real=0.00 secs] 
2021-08-19T11:04:58.373+0800: 66985.971: [GC (Allocation Failure) [PSYoungGen: 83776K->1216K(84992K)] 233038K->150510K(279552K), 0.0021462 secs] [Times: user=0.02 sys=0.00, real=0.00 secs] 
2021-08-19T11:05:38.372+0800: 67025.969: [GC (Allocation Failure) [PSYoungGen: 84160K->1152K(84992K)] 233454K->150470K(279552K), 0.0022608 secs] [Times: user=0.02 sys=0.00, real=0.00 secs] 
2021-08-19T11:06:18.370+0800: 67065.968: [GC (Allocation Failure) [PSYoungGen: 84096K->768K(84992K)] 233414K->150118K(279552K), 0.0023448 secs] [Times: user=0.02 sys=0.00, real=0.01 secs] 
2021-08-19T11:06:58.368+0800: 67105.966: [GC (Allocation Failure) [PSYoungGen: 83712K->768K(84992K)] 233062K->150118K(279552K), 0.0020267 secs] [Times: user=0.02 sys=0.00, real=0.01 secs] 
2021-08-19T11:07:38.367+0800: 67145.965: [GC (Allocation Failure) [PSYoungGen: 83712K->608K(84992K)] 233062K->150030K(279552K), 0.0021570 secs] [Times: user=0.01 sys=0.00, real=0.00 secs] 
2021-08-19T11:08:17.367+0800: 67184.964: [GC (Allocation Failure) [PSYoungGen: 83552K->384K(84992K)] 232974K->149838K(279552K), 0.0020144 secs] [Times: user=0.01 sys=0.00, real=0.00 secs] 
2021-08-19T11:08:56.003+0800: 67223.601: [GC (Allocation Failure) [PSYoungGen: 83328K->384K(84992K)] 232782K->149886K(279552K), 0.0020418 secs] [Times: user=0.02 sys=0.00, real=0.00 secs] 
2021-08-19T11:09:34.789+0800: 67262.387: [GC (Allocation Failure) [PSYoungGen: 83328K->384K(84992K)] 232830K->149958K(279552K), 0.0026032 secs] [Times: user=0.02 sys=0.00, real=0.01 secs] 
2021-08-19T11:10:12.768+0800: 67300.365: [GC (Allocation Failure) [PSYoungGen: 83328K->384K(84992K)] 232902K->150022K(279552K), 0.0023981 secs] [Times: user=0.02 sys=0.00, real=0.00 secs] 
2021-08-19T11:10:50.787+0800: 67338.384: [GC (Allocation Failure) [PSYoungGen: 83328K->416K(84992K)] 232966K->150054K(279552K), 0.0021028 secs] [Times: user=0.01 sys=0.00, real=0.00 secs] 
2021-08-19T11:11:28.841+0800: 67376.439: [GC (Allocation Failure) [PSYoungGen: 83360K->384K(85504K)] 232998K->150118K(280064K), 0.0019959 secs] [Times: user=0.01 sys=0.00, real=0.00 secs] 
2021-08-19T11:12:09.012+0800: 67416.610: [GC (Allocation Failure) [PSYoungGen: 84352K->384K(85504K)] 234086K->150142K(280064K), 0.0076335 secs] [Times: user=0.05 sys=0.01, real=0.00 secs] 
2021-08-19T11:12:50.336+0800: 67457.934: [GC (Allocation Failure) [PSYoungGen: 84352K->384K(85504K)] 234110K->150158K(280064K), 0.0074195 secs] [Times: user=0.05 sys=0.00, real=0.01 secs] 
2021-08-19T11:13:30.789+0800: 67498.387: [GC (Allocation Failure) [PSYoungGen: 84352K->416K(85504K)] 234126K->150238K(280064K), 0.0070104 secs] [Times: user=0.04 sys=0.00, real=0.01 secs] 
2021-08-19T11:14:09.981+0800: 67537.578: [GC (Allocation Failure) [PSYoungGen: 84384K->432K(85504K)] 234206K->150262K(280064K), 0.0067894 secs] [Times: user=0.05 sys=0.00, real=0.00 secs] 
2021-08-19T11:14:49.421+0800: 67577.019: [GC (Allocation Failure) [PSYoungGen: 84400K->768K(85504K)] 234230K->150646K(280064K), 0.0074752 secs] [Times: user=0.05 sys=0.00, real=0.00 secs] 
2021-08-19T11:15:28.813+0800: 67616.410: [GC (Allocation Failure) [PSYoungGen: 84736K->1088K(85504K)] 234614K->150974K(280064K), 0.0024604 secs] [Times: user=0.02 sys=0.00, real=0.00 secs] 
2021-08-19T11:16:09.017+0800: 67656.614: [GC (Allocation Failure) [PSYoungGen: 85056K->1056K(85504K)] 234942K->150942K(280064K), 0.0072657 secs] [Times: user=0.05 sys=0.00, real=0.01 secs] 
2021-08-19T11:16:43.965+0800: 67691.562: [GC (Allocation Failure) [PSYoungGen: 85024K->1088K(84480K)] 234910K->150982K(279040K), 0.0021577 secs] [Times: user=0.01 sys=0.00, real=0.00 secs] 
2021-08-19T11:16:58.928+0800: 67706.525: [GC (Allocation Failure) [PSYoungGen: 84032K->2016K(84992K)] 233926K->152118K(279552K), 0.0072506 secs] [Times: user=0.04 sys=0.00, real=0.01 secs] 
2021-08-19T11:17:38.387+0800: 67745.985: [GC (Allocation Failure) [PSYoungGen: 84960K->2032K(83968K)] 235062K->153046K(278528K), 0.0028373 secs] [Times: user=0.02 sys=0.00, real=0.00 secs] 
2021-08-19T11:18:08.379+0800: 67775.976: [GC (Allocation Failure) [PSYoungGen: 83952K->2144K(84480K)] 234966K->153158K(279040K), 0.0073333 secs] [Times: user=0.04 sys=0.00, real=0.01 secs] 
2021-08-19T11:18:32.378+0800: 67799.976: [GC (Allocation Failure) [PSYoungGen: 84064K->2208K(83456K)] 235078K->153222K(278016K), 0.0073112 secs] [Times: user=0.04 sys=0.00, real=0.01 secs] 
2021-08-19T11:19:05.020+0800: 67832.618: [GC (Allocation Failure) [PSYoungGen: 83104K->2224K(83456K)] 234118K->153246K(278016K), 0.0071258 secs] [Times: user=0.04 sys=0.00, real=0.01 secs] 
2021-08-19T11:19:40.787+0800: 67868.385: [GC (Allocation Failure) [PSYoungGen: 83120K->2160K(83456K)] 234142K->153190K(278016K), 0.0076426 secs] [Times: user=0.04 sys=0.01, real=0.01 secs] 
2021-08-19T11:20:08.390+0800: 67895.988: [GC (Allocation Failure) [PSYoungGen: 82032K->3008K(82944K)] 233062K->154046K(277504K), 0.0024063 secs] [Times: user=0.02 sys=0.00, real=0.01 secs] 
2021-08-19T11:20:38.388+0800: 67925.986: [GC (Allocation Failure) [PSYoungGen: 82880K->2496K(82944K)] 233918K->153534K(277504K), 0.0026207 secs] [Times: user=0.02 sys=0.00, real=0.01 secs] 
2021-08-19T11:20:58.392+0800: 67945.990: [GC (Allocation Failure) [PSYoungGen: 81344K->3136K(82432K)] 232382K->154174K(276992K), 0.0030918 secs] [Times: user=0.03 sys=0.00, real=0.00 secs] 
2021-08-19T11:21:28.295+0800: 67975.893: [GC (Allocation Failure) [PSYoungGen: 81984K->2192K(82432K)] 233022K->153230K(276992K), 0.0067196 secs] [Times: user=0.04 sys=0.00, real=0.01 secs] 
2021-08-19T11:21:55.842+0800: 68003.439: [GC (Allocation Failure) [PSYoungGen: 80016K->2032K(82432K)] 231054K->153190K(276992K), 0.0080527 secs] [Times: user=0.05 sys=0.00, real=0.00 secs] 
2021-08-19T11:22:22.661+0800: 68030.259: [GC (Allocation Failure) [PSYoungGen: 79856K->1536K(82944K)] 231014K->153246K(277504K), 0.0060257 secs] [Times: user=0.04 sys=0.01, real=0.00 secs] 
2021-08-19T11:22:48.391+0800: 68055.988: [GC (Allocation Failure) [PSYoungGen: 80384K->1920K(82944K)] 232094K->153918K(277504K), 0.0024576 secs] [Times: user=0.02 sys=0.00, real=0.00 secs] 
2021-08-19T11:23:18.284+0800: 68085.882: [GC (Allocation Failure) [PSYoungGen: 80768K->1472K(83456K)] 232766K->153486K(278016K), 0.0027144 secs] [Times: user=0.02 sys=0.00, real=0.00 secs] 
2021-08-19T11:23:46.789+0800: 68114.387: [GC (Allocation Failure) [PSYoungGen: 80832K->1408K(82944K)] 232846K->153494K(277504K), 0.0072824 secs] [Times: user=0.05 sys=0.00, real=0.01 secs] 
2021-08-19T11:24:13.784+0800: 68141.382: [GC (Allocation Failure) [PSYoungGen: 80768K->544K(83456K)] 232854K->153494K(278016K), 0.0067545 secs] [Times: user=0.04 sys=0.00, real=0.01 secs] 
2021-08-19T11:24:38.395+0800: 68165.993: [GC (Allocation Failure) [PSYoungGen: 80416K->864K(83456K)] 233366K->153886K(278016K), 0.0022681 secs] [Times: user=0.02 sys=0.00, real=0.00 secs] 
2021-08-19T11:24:58.401+0800: 68185.998: [GC (Allocation Failure) [PSYoungGen: 80736K->640K(83456K)] 233758K->153963K(278016K), 0.0026604 secs] [Times: user=0.01 sys=0.00, real=0.00 secs] 
2021-08-19T11:25:18.416+0800: 68206.014: [GC (Allocation Failure) [PSYoungGen: 80512K->896K(83456K)] 233835K->154323K(278016K), 0.0025029 secs] [Times: user=0.02 sys=0.00, real=0.00 secs] 
2021-08-19T11:25:43.797+0800: 68231.395: [GC (Allocation Failure) [PSYoungGen: 80768K->416K(83456K)] 234195K->153891K(278016K), 0.0076659 secs] [Times: user=0.05 sys=0.01, real=0.01 secs] 
2021-08-19T11:26:08.392+0800: 68255.990: [GC (Allocation Failure) [PSYoungGen: 80288K->608K(83456K)] 233763K->154107K(278016K), 0.0020588 secs] [Times: user=0.01 sys=0.00, real=0.00 secs] 
2021-08-19T11:26:28.404+0800: 68276.002: [GC (Allocation Failure) [PSYoungGen: 80480K->416K(83456K)] 233979K->153923K(278016K), 0.0022367 secs] [Times: user=0.02 sys=0.00, real=0.00 secs] 
2021-08-19T11:26:48.408+0800: 68296.006: [GC (Allocation Failure) [PSYoungGen: 80288K->928K(83456K)] 233795K->154515K(278016K), 0.0022959 secs] [Times: user=0.01 sys=0.00, real=0.01 secs] 
2021-08-19T11:27:13.292+0800: 68320.890: [GC (Allocation Failure) [PSYoungGen: 80800K->384K(83968K)] 234387K->154059K(278528K), 0.0072443 secs] [Times: user=0.04 sys=0.01, real=0.00 secs] 
2021-08-19T11:27:38.400+0800: 68345.998: [GC (Allocation Failure) [PSYoungGen: 81280K->704K(83968K)] 234955K->154411K(278528K), 0.0021898 secs] [Times: user=0.02 sys=0.00, real=0.01 secs] 
2021-08-19T11:27:58.406+0800: 68366.004: [GC (Allocation Failure) [PSYoungGen: 81600K->704K(83968K)] 235307K->154435K(278528K), 0.0025651 secs] [Times: user=0.01 sys=0.00, real=0.00 secs] 
2021-08-19T11:28:19.991+0800: 68387.589: [GC (Allocation Failure) [PSYoungGen: 81600K->416K(83968K)] 235331K->154195K(278528K), 0.0071171 secs] [Times: user=0.04 sys=0.00, real=0.00 secs] 
2021-08-19T11:28:45.990+0800: 68413.587: [GC (Allocation Failure) [PSYoungGen: 81312K->352K(84480K)] 235091K->154171K(279040K), 0.0069133 secs] [Times: user=0.04 sys=0.00, real=0.01 secs] 
2021-08-19T11:29:08.400+0800: 68435.998: [GC (Allocation Failure) [PSYoungGen: 81760K->1216K(83968K)] 235579K->155115K(278528K), 0.0022867 secs] [Times: user=0.01 sys=0.00, real=0.00 secs] 
2021-08-19T11:29:28.412+0800: 68456.010: [GC (Allocation Failure) [PSYoungGen: 82624K->1184K(84480K)] 236523K->155115K(279040K), 0.0026369 secs] [Times: user=0.02 sys=0.00, real=0.00 secs] 
2021-08-19T11:29:53.282+0800: 68480.880: [GC (Allocation Failure) [PSYoungGen: 83104K->384K(84480K)] 237035K->154347K(279040K), 0.0022878 secs] [Times: user=0.02 sys=0.00, real=0.00 secs] 
2021-08-19T11:30:18.401+0800: 68505.998: [GC (Allocation Failure) [PSYoungGen: 82304K->768K(84480K)] 236267K->154731K(279040K), 0.0022508 secs] [Times: user=0.02 sys=0.00, real=0.00 secs] 
2021-08-19T11:30:38.411+0800: 68526.009: [GC (Allocation Failure) [PSYoungGen: 82688K->992K(84480K)] 236651K->154955K(279040K), 0.0026485 secs] [Times: user=0.02 sys=0.00, real=0.00 secs] 
2021-08-19T11:31:01.783+0800: 68549.381: [GC (Allocation Failure) [PSYoungGen: 82912K->416K(84480K)] 236875K->154379K(279040K), 0.0060522 secs] [Times: user=0.04 sys=0.00, real=0.00 secs] 
2021-08-19T11:31:28.290+0800: 68575.887: [GC (Allocation Failure) [PSYoungGen: 82336K->352K(84480K)] 236299K->154315K(279040K), 0.0073624 secs] [Times: user=0.04 sys=0.00, real=0.01 secs] 
2021-08-19T11:31:48.407+0800: 68596.005: [GC (Allocation Failure) [PSYoungGen: 82272K->544K(84992K)] 236235K->154507K(279552K), 0.0022229 secs] [Times: user=0.02 sys=0.00, real=0.00 secs] 
2021-08-19T11:32:09.784+0800: 68617.382: [GC (Allocation Failure) [PSYoungGen: 82976K->384K(84480K)] 236939K->154347K(279040K), 0.0072895 secs] [Times: user=0.04 sys=0.00, real=0.01 secs] 
2021-08-19T11:32:36.581+0800: 68644.179: [GC (Allocation Failure) [PSYoungGen: 82816K->352K(84992K)] 236779K->154315K(279552K), 0.0074600 secs] [Times: user=0.05 sys=0.00, real=0.00 secs] 
2021-08-19T11:32:58.407+0800: 68666.004: [GC (Allocation Failure) [PSYoungGen: 83296K->1344K(84992K)] 237259K->155307K(279552K), 0.0027830 secs] [Times: user=0.01 sys=0.00, real=0.00 secs] 
2021-08-19T11:33:18.491+0800: 68686.089: [GC (Allocation Failure) [PSYoungGen: 84288K->384K(84992K)] 238251K->154347K(279552K), 0.0071501 secs] [Times: user=0.05 sys=0.00, real=0.00 secs] 
2021-08-19T11:33:45.977+0800: 68713.575: [GC (Allocation Failure) [PSYoungGen: 83328K->320K(84992K)] 237291K->154283K(279552K), 0.0071770 secs] [Times: user=0.05 sys=0.00, real=0.01 secs] 
2021-08-19T11:34:08.411+0800: 68736.009: [GC (Allocation Failure) [PSYoungGen: 83264K->1216K(84992K)] 237227K->155203K(279552K), 0.0023218 secs] [Times: user=0.02 sys=0.00, real=0.00 secs] 
2021-08-19T11:34:28.782+0800: 68756.380: [GC (Allocation Failure) [PSYoungGen: 84160K->352K(84992K)] 238147K->154371K(279552K), 0.0061114 secs] [Times: user=0.04 sys=0.00, real=0.00 secs] 
2021-08-19T11:34:56.284+0800: 68783.881: [GC (Allocation Failure) [PSYoungGen: 83296K->352K(84992K)] 237315K->154379K(279552K), 0.0069547 secs] [Times: user=0.04 sys=0.00, real=0.01 secs] 
2021-08-19T11:35:18.408+0800: 68806.006: [GC (Allocation Failure) [PSYoungGen: 83296K->1280K(84992K)] 237323K->155347K(279552K), 0.0027714 secs] [Times: user=0.02 sys=0.00, real=0.01 secs] 
2021-08-19T11:35:38.784+0800: 68826.382: [GC (Allocation Failure) [PSYoungGen: 84224K->384K(84992K)] 238291K->154451K(279552K), 0.0072563 secs] [Times: user=0.04 sys=0.00, real=0.01 secs] 
2021-08-19T11:36:05.973+0800: 68853.571: [GC (Allocation Failure) [PSYoungGen: 83328K->352K(84992K)] 237395K->154419K(279552K), 0.0068773 secs] [Times: user=0.04 sys=0.00, real=0.01 secs] 
2021-08-19T11:36:28.414+0800: 68876.011: [GC (Allocation Failure) [PSYoungGen: 83296K->1216K(84992K)] 237363K->155283K(279552K), 0.0022399 secs] [Times: user=0.02 sys=0.00, real=0.00 secs] 
2021-08-19T11:36:48.425+0800: 68896.023: [GC (Allocation Failure) [PSYoungGen: 84160K->928K(84992K)] 238227K->154995K(279552K), 0.0026579 secs] [Times: user=0.02 sys=0.00, real=0.00 secs] 
2021-08-19T11:37:15.822+0800: 68923.419: [GC (Allocation Failure) [PSYoungGen: 83872K->384K(84992K)] 237939K->154451K(279552K), 0.0073429 secs] [Times: user=0.04 sys=0.00, real=0.00 secs] 
2021-08-19T11:37:38.415+0800: 68946.013: [GC (Allocation Failure) [PSYoungGen: 83328K->1248K(84992K)] 237395K->155315K(279552K), 0.0024733 secs] [Times: user=0.01 sys=0.00, real=0.00 secs] 
2021-08-19T11:37:58.424+0800: 68966.022: [GC (Allocation Failure) [PSYoungGen: 84192K->992K(84992K)] 238259K->155059K(279552K), 0.0025500 secs] [Times: user=0.01 sys=0.00, real=0.00 secs] 
2021-08-19T11:38:25.842+0800: 68993.439: [GC (Allocation Failure) [PSYoungGen: 83936K->384K(84992K)] 238003K->154451K(279552K), 0.0074382 secs] [Times: user=0.05 sys=0.00, real=0.00 secs] 
2021-08-19T11:38:48.416+0800: 69016.014: [GC (Allocation Failure) [PSYoungGen: 83328K->1280K(84992K)] 237395K->155355K(279552K), 0.0021980 secs] [Times: user=0.01 sys=0.00, real=0.00 secs] 
2021-08-19T11:39:08.425+0800: 69036.023: [GC (Allocation Failure) [PSYoungGen: 84224K->960K(84992K)] 238299K->155035K(279552K), 0.0022514 secs] [Times: user=0.01 sys=0.00, real=0.00 secs] 
2021-08-19T11:39:36.290+0800: 69063.888: [GC (Allocation Failure) [PSYoungGen: 83904K->384K(84992K)] 237979K->154467K(279552K), 0.0072398 secs] [Times: user=0.05 sys=0.00, real=0.00 secs] 
2021-08-19T11:39:58.412+0800: 69086.010: [GC (Allocation Failure) [PSYoungGen: 83328K->1280K(84992K)] 237411K->155363K(279552K), 0.0024727 secs] [Times: user=0.02 sys=0.00, real=0.00 secs] 
2021-08-19T11:40:18.476+0800: 69106.074: [GC (Allocation Failure) [PSYoungGen: 84224K->384K(84992K)] 238307K->154467K(279552K), 0.0045030 secs] [Times: user=0.03 sys=0.00, real=0.01 secs] 
2021-08-19T11:40:45.794+0800: 69133.392: [GC (Allocation Failure) [PSYoungGen: 83328K->416K(84992K)] 237411K->154499K(279552K), 0.0069670 secs] [Times: user=0.04 sys=0.00, real=0.01 secs] 
2021-08-19T11:41:08.414+0800: 69156.011: [GC (Allocation Failure) [PSYoungGen: 83360K->1216K(84992K)] 237443K->155299K(279552K), 0.0026837 secs] [Times: user=0.02 sys=0.00, real=0.00 secs] 
2021-08-19T11:41:28.427+0800: 69176.025: [GC (Allocation Failure) [PSYoungGen: 84160K->992K(84992K)] 238243K->155075K(279552K), 0.0025711 secs] [Times: user=0.02 sys=0.00, real=0.00 secs] 
2021-08-19T11:41:55.800+0800: 69203.398: [GC (Allocation Failure) [PSYoungGen: 83936K->352K(84992K)] 238019K->154435K(279552K), 0.0070132 secs] [Times: user=0.04 sys=0.00, real=0.00 secs] 
2021-08-19T11:42:18.420+0800: 69226.018: [GC (Allocation Failure) [PSYoungGen: 83296K->1280K(84992K)] 237379K->155363K(279552K), 0.0021159 secs] [Times: user=0.02 sys=0.00, real=0.00 secs] 
2021-08-19T11:42:38.429+0800: 69246.027: [GC (Allocation Failure) [PSYoungGen: 84224K->992K(84992K)] 238307K->155075K(279552K), 0.0026698 secs] [Times: user=0.02 sys=0.00, real=0.01 secs] 
2021-08-19T11:43:05.969+0800: 69273.567: [GC (Allocation Failure) [PSYoungGen: 83936K->416K(84992K)] 238019K->154499K(279552K), 0.0062565 secs] [Times: user=0.05 sys=0.00, real=0.01 secs] 
2021-08-19T11:43:28.417+0800: 69296.015: [GC (Allocation Failure) [PSYoungGen: 83360K->1312K(84992K)] 237443K->155395K(279552K), 0.0023335 secs] [Times: user=0.01 sys=0.00, real=0.00 secs] 
2021-08-19T11:43:48.431+0800: 69316.029: [GC (Allocation Failure) [PSYoungGen: 84256K->1200K(84992K)] 238339K->155283K(279552K), 0.0023993 secs] [Times: user=0.01 sys=0.00, real=0.00 secs] 
2021-08-19T11:44:15.787+0800: 69343.384: [GC (Allocation Failure) [PSYoungGen: 84144K->608K(84992K)] 238227K->154691K(279552K), 0.0071533 secs] [Times: user=0.05 sys=0.00, real=0.01 secs] 
2021-08-19T11:44:38.422+0800: 69366.019: [GC (Allocation Failure) [PSYoungGen: 83552K->1776K(84992K)] 237635K->155883K(279552K), 0.0022221 secs] [Times: user=0.01 sys=0.00, real=0.00 secs] 
2021-08-19T11:44:58.431+0800: 69386.029: [GC (Allocation Failure) [PSYoungGen: 84720K->1936K(83968K)] 238827K->156043K(278528K), 0.0025505 secs] [Times: user=0.02 sys=0.00, real=0.00 secs] 
2021-08-19T11:45:24.294+0800: 69411.892: [GC (Allocation Failure) [PSYoungGen: 83856K->1088K(84480K)] 237963K->155195K(279040K), 0.0074706 secs] [Times: user=0.05 sys=0.00, real=0.01 secs] 
2021-08-19T11:45:48.415+0800: 69436.013: [GC (Allocation Failure) [PSYoungGen: 83008K->1824K(84480K)] 237115K->155931K(279040K), 0.0023391 secs] [Times: user=0.02 sys=0.00, real=0.00 secs] 
2021-08-19T11:46:08.428+0800: 69456.026: [GC (Allocation Failure) [PSYoungGen: 83744K->1888K(83968K)] 237851K->155995K(278528K), 0.0024201 secs] [Times: user=0.02 sys=0.00, real=0.01 secs] 
2021-08-19T11:46:32.285+0800: 69479.883: [GC (Allocation Failure) [PSYoungGen: 83808K->976K(84480K)] 237915K->155083K(279040K), 0.0031048 secs] [Times: user=0.02 sys=0.00, real=0.00 secs] 
2021-08-19T11:46:58.410+0800: 69506.008: [GC (Allocation Failure) [PSYoungGen: 82384K->1376K(83968K)] 236491K->155483K(278528K), 0.0026565 secs] [Times: user=0.02 sys=0.00, real=0.01 secs] 
2021-08-19T11:47:18.425+0800: 69526.023: [GC (Allocation Failure) [PSYoungGen: 82784K->1424K(84480K)] 236891K->155531K(279040K), 0.0023692 secs] [Times: user=0.01 sys=0.00, real=0.00 secs] 
2021-08-19T11:47:39.790+0800: 69547.388: [GC (Allocation Failure) [PSYoungGen: 83344K->1008K(84480K)] 237451K->155115K(279040K), 0.0073865 secs] [Times: user=0.05 sys=0.00, real=0.01 secs] 
2021-08-19T11:48:06.967+0800: 69574.565: [GC (Allocation Failure) [PSYoungGen: 82928K->1072K(84480K)] 237035K->155179K(279040K), 0.0075630 secs] [Times: user=0.05 sys=0.00, real=0.01 secs] 
2021-08-19T11:48:28.426+0800: 69596.024: [GC (Allocation Failure) [PSYoungGen: 82992K->2160K(84480K)] 237099K->156267K(279040K), 0.0028691 secs] [Times: user=0.02 sys=0.00, real=0.00 secs] 
2021-08-19T11:48:48.435+0800: 69616.032: [GC (Allocation Failure) [PSYoungGen: 84080K->1712K(84480K)] 238187K->155963K(279040K), 0.0025825 secs] [Times: user=0.02 sys=0.00, real=0.00 secs] 
2021-08-19T11:49:14.794+0800: 69642.392: [GC (Allocation Failure) [PSYoungGen: 83632K->1024K(84480K)] 237883K->155275K(279040K), 0.0079619 secs] [Times: user=0.04 sys=0.00, real=0.01 secs] 
2021-08-19T11:49:38.426+0800: 69666.023: [GC (Allocation Failure) [PSYoungGen: 82944K->1728K(84480K)] 237195K->156091K(279040K), 0.0022066 secs] [Times: user=0.02 sys=0.00, real=0.00 secs] 
2021-08-19T11:49:58.437+0800: 69686.034: [GC (Allocation Failure) [PSYoungGen: 83648K->1648K(84480K)] 238011K->156211K(279040K), 0.0029953 secs] [Times: user=0.02 sys=0.00, real=0.00 secs] 
2021-08-19T11:50:22.291+0800: 69709.889: [GC (Allocation Failure) [PSYoungGen: 83568K->560K(84480K)] 238131K->155435K(279040K), 0.0077436 secs] [Times: user=0.04 sys=0.00, real=0.00 secs] 
2021-08-19T11:50:48.421+0800: 69736.019: [GC (Allocation Failure) [PSYoungGen: 82480K->768K(84480K)] 237355K->155771K(279040K), 0.0021625 secs] [Times: user=0.02 sys=0.00, real=0.00 secs] 
2021-08-19T11:51:08.434+0800: 69756.031: [GC (Allocation Failure) [PSYoungGen: 82688K->736K(84480K)] 237691K->155963K(279040K), 0.0023865 secs] [Times: user=0.02 sys=0.00, real=0.00 secs] 
2021-08-19T11:51:30.206+0800: 69777.804: [GC (Allocation Failure) [PSYoungGen: 82656K->320K(84480K)] 237883K->155547K(279040K), 0.0050846 secs] [Times: user=0.04 sys=0.00, real=0.01 secs] 
2021-08-19T11:51:56.794+0800: 69804.391: [GC (Allocation Failure) [PSYoungGen: 82240K->384K(84480K)] 237467K->155611K(279040K), 0.0070644 secs] [Times: user=0.05 sys=0.00, real=0.01 secs] 
2021-08-19T11:52:18.430+0800: 69826.028: [GC (Allocation Failure) [PSYoungGen: 82304K->1248K(84480K)] 237531K->156475K(279040K), 0.0024177 secs] [Times: user=0.02 sys=0.00, real=0.00 secs] 
2021-08-19T11:52:38.444+0800: 69846.042: [GC (Allocation Failure) [PSYoungGen: 83168K->928K(84480K)] 238395K->156155K(279040K), 0.0025677 secs] [Times: user=0.02 sys=0.00, real=0.00 secs] 
2021-08-19T11:53:05.287+0800: 69872.885: [GC (Allocation Failure) [PSYoungGen: 82848K->416K(84480K)] 238075K->155643K(279040K), 0.0074296 secs] [Times: user=0.05 sys=0.00, real=0.01 secs] 
2021-08-19T11:53:28.430+0800: 69896.028: [GC (Allocation Failure) [PSYoungGen: 82336K->1120K(84480K)] 237563K->156379K(279040K), 0.0022906 secs] [Times: user=0.02 sys=0.00, real=0.00 secs] 
2021-08-19T11:53:48.444+0800: 69916.042: [GC (Allocation Failure) [PSYoungGen: 83040K->1120K(84480K)] 238299K->156387K(279040K), 0.0026182 secs] [Times: user=0.01 sys=0.00, real=0.00 secs] 
2021-08-19T11:54:13.289+0800: 69940.887: [GC (Allocation Failure) [PSYoungGen: 83040K->384K(84480K)] 238307K->155651K(279040K), 0.0071464 secs] [Times: user=0.04 sys=0.00, real=0.01 secs] 
2021-08-19T11:54:38.427+0800: 69966.025: [GC (Allocation Failure) [PSYoungGen: 82304K->768K(84480K)] 237571K->156035K(279040K), 0.0022682 secs] [Times: user=0.02 sys=0.00, real=0.00 secs] 
2021-08-19T11:54:58.434+0800: 69986.032: [GC (Allocation Failure) [PSYoungGen: 82688K->1184K(84992K)] 237955K->156451K(279552K), 0.0022718 secs] [Times: user=0.01 sys=0.00, real=0.00 secs] 
2021-08-19T11:55:29.788+0800: 70017.386: [GC (Allocation Failure) [PSYoungGen: 84128K->352K(84992K)] 239395K->155619K(279552K), 0.0069312 secs] [Times: user=0.05 sys=0.00, real=0.01 secs] 
2021-08-19T11:55:59.287+0800: 70046.884: [GC (Allocation Failure) [PSYoungGen: 83296K->416K(84992K)] 238563K->155707K(279552K), 0.0061119 secs] [Times: user=0.04 sys=0.00, real=0.01 secs] 
2021-08-19T11:56:28.794+0800: 70076.392: [GC (Allocation Failure) [PSYoungGen: 83360K->416K(84992K)] 238651K->155763K(279552K), 0.0068440 secs] [Times: user=0.05 sys=0.00, real=0.01 secs] 
2021-08-19T11:56:58.786+0800: 70106.384: [GC (Allocation Failure) [PSYoungGen: 83360K->384K(84992K)] 238707K->155731K(279552K), 0.0071651 secs] [Times: user=0.04 sys=0.00, real=0.01 secs] 
2021-08-19T11:57:28.438+0800: 70136.036: [GC (Allocation Failure) [PSYoungGen: 83328K->896K(84992K)] 238675K->156243K(279552K), 0.0021927 secs] [Times: user=0.02 sys=0.00, real=0.01 secs] 
2021-08-19T11:57:58.436+0800: 70166.034: [GC (Allocation Failure) [PSYoungGen: 83840K->1088K(84992K)] 239187K->156435K(279552K), 0.0037454 secs] [Times: user=0.02 sys=0.00, real=0.00 secs] 
2021-08-19T11:58:24.286+0800: 70191.884: [GC (Allocation Failure) [PSYoungGen: 84032K->384K(84992K)] 239379K->155747K(279552K), 0.0075061 secs] [Times: user=0.04 sys=0.00, real=0.01 secs] 
2021-08-19T11:58:48.433+0800: 70216.031: [GC (Allocation Failure) [PSYoungGen: 83328K->1024K(84992K)] 238691K->156387K(279552K), 0.0024761 secs] [Times: user=0.02 sys=0.00, real=0.00 secs] 
2021-08-19T11:59:08.446+0800: 70236.044: [GC (Allocation Failure) [PSYoungGen: 83968K->1216K(84992K)] 239331K->156579K(279552K), 0.0024985 secs] [Times: user=0.02 sys=0.00, real=0.00 secs] 
2021-08-19T11:59:33.785+0800: 70261.383: [GC (Allocation Failure) [PSYoungGen: 84160K->384K(84992K)] 239523K->155787K(279552K), 0.0070568 secs] [Times: user=0.05 sys=0.00, real=0.01 secs] 
2021-08-19T11:59:58.427+0800: 70286.025: [GC (Allocation Failure) [PSYoungGen: 83328K->1056K(84992K)] 238731K->156459K(279552K), 0.0022458 secs] [Times: user=0.02 sys=0.00, real=0.00 secs] 
2021-08-19T12:00:18.449+0800: 70306.047: [GC (Allocation Failure) [PSYoungGen: 84000K->1184K(84992K)] 239403K->156587K(279552K), 0.0023328 secs] [Times: user=0.02 sys=0.00, real=0.01 secs] 
2021-08-19T12:00:43.286+0800: 70330.884: [GC (Allocation Failure) [PSYoungGen: 84128K->384K(84992K)] 239531K->155787K(279552K), 0.0069927 secs] [Times: user=0.05 sys=0.01, real=0.01 secs] 
2021-08-19T12:01:08.436+0800: 70356.034: [GC (Allocation Failure) [PSYoungGen: 83328K->608K(84992K)] 238731K->156011K(279552K), 0.0021031 secs] [Times: user=0.02 sys=0.00, real=0.00 secs] 
2021-08-19T12:01:28.450+0800: 70376.048: [GC (Allocation Failure) [PSYoungGen: 83552K->1088K(84992K)] 238955K->156515K(279552K), 0.0025455 secs] [Times: user=0.02 sys=0.00, real=0.00 secs] 
2021-08-19T12:01:53.284+0800: 70400.882: [GC (Allocation Failure) [PSYoungGen: 84032K->416K(84992K)] 239459K->155899K(279552K), 0.0082160 secs] [Times: user=0.05 sys=0.00, real=0.01 secs] 
2021-08-19T12:02:18.437+0800: 70426.034: [GC (Allocation Failure) [PSYoungGen: 83360K->608K(84992K)] 238843K->156091K(279552K), 0.0021452 secs] [Times: user=0.02 sys=0.00, real=0.00 secs] 
2021-08-19T12:02:38.449+0800: 70446.047: [GC (Allocation Failure) [PSYoungGen: 83552K->736K(84992K)] 239035K->156219K(279552K), 0.0026434 secs] [Times: user=0.02 sys=0.00, real=0.01 secs] 
2021-08-19T12:03:01.284+0800: 70468.882: [GC (Allocation Failure) [PSYoungGen: 83680K->384K(84992K)] 239163K->155867K(279552K), 0.0068839 secs] [Times: user=0.04 sys=0.00, real=0.01 secs] 
2021-08-19T12:03:28.428+0800: 70496.025: [GC (Allocation Failure) [PSYoungGen: 83328K->384K(84992K)] 238811K->155875K(279552K), 0.0069774 secs] [Times: user=0.04 sys=0.00, real=0.01 secs] 
2021-08-19T12:03:48.450+0800: 70516.048: [GC (Allocation Failure) [PSYoungGen: 83328K->640K(84992K)] 238819K->156171K(279552K), 0.0025372 secs] [Times: user=0.01 sys=0.00, real=0.00 secs] 
2021-08-19T12:04:10.289+0800: 70537.886: [GC (Allocation Failure) [PSYoungGen: 83584K->384K(85504K)] 239115K->155963K(280064K), 0.0071570 secs] [Times: user=0.05 sys=0.00, real=0.01 secs] 
2021-08-19T12:04:38.431+0800: 70566.029: [GC (Allocation Failure) [PSYoungGen: 84352K->352K(85504K)] 239931K->155931K(280064K), 0.0031907 secs] [Times: user=0.03 sys=0.00, real=0.00 secs] 
2021-08-19T12:04:58.447+0800: 70586.045: [GC (Allocation Failure) [PSYoungGen: 84320K->800K(85504K)] 239899K->156379K(280064K), 0.0022761 secs] [Times: user=0.02 sys=0.00, real=0.00 secs] 
2021-08-19T12:05:22.283+0800: 70609.881: [GC (Allocation Failure) [PSYoungGen: 84768K->384K(85504K)] 240347K->155963K(280064K), 0.0072633 secs] [Times: user=0.04 sys=0.00, real=0.01 secs] 
2021-08-19T12:05:48.430+0800: 70636.028: [GC (Allocation Failure) [PSYoungGen: 84352K->768K(85504K)] 239931K->156347K(280064K), 0.0023266 secs] [Times: user=0.01 sys=0.00, real=0.01 secs] 
2021-08-19T12:06:08.452+0800: 70656.050: [GC (Allocation Failure) [PSYoungGen: 84736K->1120K(85504K)] 240315K->156699K(280064K), 0.0025858 secs] [Times: user=0.01 sys=0.00, real=0.00 secs] 
2021-08-19T12:06:33.288+0800: 70680.886: [GC (Allocation Failure) [PSYoungGen: 85088K->352K(85504K)] 240667K->155931K(280064K), 0.0069971 secs] [Times: user=0.04 sys=0.00, real=0.01 secs] 
2021-08-19T12:06:58.440+0800: 70706.038: [GC (Allocation Failure) [PSYoungGen: 84320K->1056K(85504K)] 239899K->156635K(280064K), 0.0023068 secs] [Times: user=0.02 sys=0.00, real=0.00 secs] 
2021-08-19T12:07:18.455+0800: 70726.053: [GC (Allocation Failure) [PSYoungGen: 85024K->1152K(84480K)] 240603K->156731K(279040K), 0.0023991 secs] [Times: user=0.01 sys=0.00, real=0.00 secs] 
2021-08-19T12:07:41.790+0800: 70749.388: [GC (Allocation Failure) [PSYoungGen: 84096K->416K(84992K)] 239675K->156003K(279552K), 0.0074978 secs] [Times: user=0.04 sys=0.00, real=0.00 secs] 
2021-08-19T12:08:08.437+0800: 70776.035: [GC (Allocation Failure) [PSYoungGen: 83360K->640K(85504K)] 238947K->156227K(280064K), 0.0022617 secs] [Times: user=0.02 sys=0.00, real=0.00 secs] 
2021-08-19T12:08:28.459+0800: 70796.056: [GC (Allocation Failure) [PSYoungGen: 84096K->608K(84992K)] 239683K->156195K(279552K), 0.0024882 secs] [Times: user=0.01 sys=0.00, real=0.01 secs] 
2021-08-19T12:08:52.422+0800: 70820.019: [GC (Allocation Failure) [PSYoungGen: 84064K->384K(85504K)] 239651K->155987K(280064K), 0.0073872 secs] [Times: user=0.04 sys=0.00, real=0.00 secs] 
2021-08-19T12:09:18.440+0800: 70846.038: [GC (Allocation Failure) [PSYoungGen: 84352K->576K(85504K)] 239955K->156179K(280064K), 0.0021753 secs] [Times: user=0.02 sys=0.00, real=0.01 secs] 
2021-08-19T12:09:38.454+0800: 70866.052: [GC (Allocation Failure) [PSYoungGen: 84544K->1088K(85504K)] 240147K->156691K(280064K), 0.0023836 secs] [Times: user=0.02 sys=0.00, real=0.00 secs] 
2021-08-19T12:10:03.792+0800: 70891.390: [GC (Allocation Failure) [PSYoungGen: 85056K->416K(85504K)] 240659K->156019K(280064K), 0.0065723 secs] [Times: user=0.05 sys=0.00, real=0.00 secs] 
2021-08-19T12:10:28.443+0800: 70916.041: [GC (Allocation Failure) [PSYoungGen: 84384K->1120K(85504K)] 239987K->156723K(280064K), 0.0021178 secs] [Times: user=0.02 sys=0.00, real=0.00 secs] 
2021-08-19T12:10:48.458+0800: 70936.056: [GC (Allocation Failure) [PSYoungGen: 85088K->1344K(85504K)] 240691K->156947K(280064K), 0.0023643 secs] [Times: user=0.01 sys=0.00, real=0.01 secs] 
2021-08-19T12:11:14.786+0800: 70962.384: [GC (Allocation Failure) [PSYoungGen: 85312K->448K(84480K)] 240915K->156051K(279040K), 0.0072912 secs] [Times: user=0.04 sys=0.00, real=0.01 secs] 
2021-08-19T12:11:38.441+0800: 70986.039: [GC (Allocation Failure) [PSYoungGen: 83392K->576K(84992K)] 238995K->156179K(279552K), 0.0021418 secs] [Times: user=0.02 sys=0.00, real=0.00 secs] 
2021-08-19T12:11:58.454+0800: 71006.052: [GC (Allocation Failure) [PSYoungGen: 83520K->896K(84992K)] 239123K->156499K(279552K), 0.0024463 secs] [Times: user=0.02 sys=0.00, real=0.00 secs] 
2021-08-19T12:12:20.786+0800: 71028.383: [GC (Allocation Failure) [PSYoungGen: 83840K->384K(84992K)] 239443K->155987K(279552K), 0.0043851 secs] [Times: user=0.03 sys=0.00, real=0.01 secs] 
2021-08-19T12:12:48.285+0800: 71055.882: [GC (Allocation Failure) [PSYoungGen: 83328K->400K(85504K)] 238931K->156003K(280064K), 0.0075546 secs] [Times: user=0.05 sys=0.00, real=0.01 secs] 
2021-08-19T12:13:08.456+0800: 71076.054: [GC (Allocation Failure) [PSYoungGen: 84368K->784K(85504K)] 239971K->156387K(280064K), 0.0021842 secs] [Times: user=0.02 sys=0.00, real=0.00 secs] 
2021-08-19T12:13:31.283+0800: 71098.881: [GC (Allocation Failure) [PSYoungGen: 84752K->464K(85504K)] 240355K->156099K(280064K), 0.0059526 secs] [Times: user=0.04 sys=0.00, real=0.00 secs] 
2021-08-19T12:13:58.443+0800: 71126.041: [GC (Allocation Failure) [PSYoungGen: 84432K->1040K(85504K)] 240067K->156675K(280064K), 0.0023353 secs] [Times: user=0.01 sys=0.00, real=0.00 secs] 
2021-08-19T12:14:18.456+0800: 71146.054: [GC (Allocation Failure) [PSYoungGen: 85008K->1440K(84480K)] 240643K->157075K(279040K), 0.0024621 secs] [Times: user=0.02 sys=0.00, real=0.00 secs] 
2021-08-19T12:14:39.606+0800: 71167.204: [GC (Allocation Failure) [PSYoungGen: 84384K->976K(84992K)] 240019K->156619K(279552K), 0.0082514 secs] [Times: user=0.04 sys=0.00, real=0.01 secs] 
2021-08-19T12:14:58.486+0800: 71186.084: [GC (Allocation Failure) [PSYoungGen: 83920K->1904K(84992K)] 239563K->157555K(279552K), 0.0026809 secs] [Times: user=0.02 sys=0.00, real=0.00 secs] 
2021-08-19T12:15:19.982+0800: 71207.580: [GC (Allocation Failure) [PSYoungGen: 84848K->1072K(84992K)] 240499K->156723K(279552K), 0.0070603 secs] [Times: user=0.04 sys=0.00, real=0.00 secs] 
2021-08-19T12:15:40.310+0800: 71227.908: [GC (Allocation Failure) [PSYoungGen: 84016K->1024K(84992K)] 239667K->156675K(279552K), 0.0074428 secs] [Times: user=0.05 sys=0.00, real=0.00 secs] 
2021-08-19T12:16:01.481+0800: 71249.079: [GC (Allocation Failure) [PSYoungGen: 83968K->976K(84992K)] 239619K->156627K(279552K), 0.0077158 secs] [Times: user=0.05 sys=0.00, real=0.00 secs] 
2021-08-19T12:16:20.980+0800: 71268.578: [GC (Allocation Failure) [PSYoungGen: 83920K->1072K(84992K)] 239571K->156723K(279552K), 0.0073250 secs] [Times: user=0.04 sys=0.00, real=0.00 secs] 
2021-08-19T12:16:40.287+0800: 71287.885: [GC (Allocation Failure) [PSYoungGen: 84016K->1024K(84992K)] 239667K->156691K(279552K), 0.0075542 secs] [Times: user=0.04 sys=0.00, real=0.01 secs] 
2021-08-19T12:17:00.282+0800: 71307.880: [GC (Allocation Failure) [PSYoungGen: 83968K->1056K(84992K)] 239635K->156723K(279552K), 0.0076620 secs] [Times: user=0.05 sys=0.00, real=0.01 secs] 
2021-08-19T12:17:19.981+0800: 71327.579: [GC (Allocation Failure) [PSYoungGen: 84000K->1056K(84992K)] 239667K->156731K(279552K), 0.0074195 secs] [Times: user=0.05 sys=0.01, real=0.00 secs] 
2021-08-19T12:17:38.789+0800: 71346.387: [GC (Allocation Failure) [PSYoungGen: 84000K->976K(84992K)] 239675K->156787K(279552K), 0.0075215 secs] [Times: user=0.04 sys=0.00, real=0.01 secs] 
2021-08-19T12:17:58.471+0800: 71366.068: [GC (Allocation Failure) [PSYoungGen: 83920K->1552K(84992K)] 239731K->157371K(279552K), 0.0023953 secs] [Times: user=0.02 sys=0.00, real=0.00 secs] 
2021-08-19T12:18:18.505+0800: 71386.102: [GC (Allocation Failure) [PSYoungGen: 84496K->2016K(84992K)] 240315K->157835K(279552K), 0.0043784 secs] [Times: user=0.03 sys=0.00, real=0.00 secs] 
2021-08-19T12:18:38.455+0800: 71406.053: [GC (Allocation Failure) [PSYoungGen: 84960K->1136K(84992K)] 240779K->157179K(279552K), 0.0022113 secs] [Times: user=0.02 sys=0.00, real=0.00 secs] 
2021-08-19T12:18:56.788+0800: 71424.386: [GC (Allocation Failure) [PSYoungGen: 84080K->624K(84992K)] 240123K->156899K(279552K), 0.0076256 secs] [Times: user=0.05 sys=0.01, real=0.01 secs] 
2021-08-19T12:19:13.786+0800: 71441.384: [GC (Allocation Failure) [PSYoungGen: 83568K->512K(84992K)] 239843K->157075K(279552K), 0.0075303 secs] [Times: user=0.04 sys=0.00, real=0.01 secs] 
2021-08-19T12:19:30.785+0800: 71458.382: [GC (Allocation Failure) [PSYoungGen: 83456K->464K(84992K)] 240019K->157155K(279552K), 0.0076353 secs] [Times: user=0.05 sys=0.00, real=0.01 secs] 
2021-08-19T12:19:48.475+0800: 71476.073: [GC (Allocation Failure) [PSYoungGen: 83408K->1280K(84992K)] 240099K->158107K(279552K), 0.0023206 secs] [Times: user=0.02 sys=0.00, real=0.00 secs] 
2021-08-19T12:20:08.469+0800: 71496.067: [GC (Allocation Failure) [PSYoungGen: 84224K->768K(84992K)] 241051K->157611K(279552K), 0.0028085 secs] [Times: user=0.02 sys=0.00, real=0.01 secs] 
2021-08-19T12:20:28.462+0800: 71516.059: [GC (Allocation Failure) [PSYoungGen: 83712K->1152K(84992K)] 240555K->158027K(279552K), 0.0024745 secs] [Times: user=0.01 sys=0.00, real=0.00 secs] 
2021-08-19T12:20:48.456+0800: 71536.054: [GC (Allocation Failure) [PSYoungGen: 84096K->512K(84992K)] 240971K->157419K(279552K), 0.0021507 secs] [Times: user=0.02 sys=0.00, real=0.00 secs] 
2021-08-19T12:21:06.785+0800: 71554.383: [GC (Allocation Failure) [PSYoungGen: 83456K->416K(84992K)] 240363K->157323K(279552K), 0.0070248 secs] [Times: user=0.04 sys=0.00, real=0.01 secs] 
2021-08-19T12:21:23.804+0800: 71571.402: [GC (Allocation Failure) [PSYoungGen: 83360K->384K(84992K)] 240267K->157291K(279552K), 0.0077016 secs] [Times: user=0.04 sys=0.01, real=0.01 secs] 
2021-08-19T12:21:40.928+0800: 71588.526: [GC (Allocation Failure) [PSYoungGen: 83328K->384K(84992K)] 240235K->157291K(279552K), 0.0069409 secs] [Times: user=0.04 sys=0.00, real=0.01 secs] 
2021-08-19T12:21:58.477+0800: 71606.075: [GC (Allocation Failure) [PSYoungGen: 83328K->1248K(84992K)] 240235K->158155K(279552K), 0.0026461 secs] [Times: user=0.02 sys=0.00, real=0.00 secs] 
2021-08-19T12:22:18.469+0800: 71626.066: [GC (Allocation Failure) [PSYoungGen: 84192K->704K(84992K)] 241099K->157651K(279552K), 0.0021485 secs] [Times: user=0.02 sys=0.00, real=0.01 secs] 
2021-08-19T12:22:38.463+0800: 71646.061: [GC (Allocation Failure) [PSYoungGen: 83648K->1120K(84992K)] 240595K->158083K(279552K), 0.0021301 secs] [Times: user=0.02 sys=0.00, real=0.00 secs] 
2021-08-19T12:22:58.457+0800: 71666.055: [GC (Allocation Failure) [PSYoungGen: 84064K->384K(84992K)] 241027K->157347K(279552K), 0.0020262 secs] [Times: user=0.01 sys=0.00, real=0.00 secs] 
2021-08-19T12:23:16.284+0800: 71683.882: [GC (Allocation Failure) [PSYoungGen: 83328K->384K(84992K)] 240291K->157347K(279552K), 0.0041062 secs] [Times: user=0.03 sys=0.00, real=0.00 secs] 
2021-08-19T12:23:33.791+0800: 71701.389: [GC (Allocation Failure) [PSYoungGen: 83328K->384K(84992K)] 240291K->157347K(279552K), 0.0064365 secs] [Times: user=0.05 sys=0.00, real=0.00 secs] 
2021-08-19T12:23:50.789+0800: 71718.387: [GC (Allocation Failure) [PSYoungGen: 83328K->320K(84992K)] 240291K->157323K(279552K), 0.0077278 secs] [Times: user=0.04 sys=0.00, real=0.01 secs] 
2021-08-19T12:24:08.481+0800: 71736.078: [GC (Allocation Failure) [PSYoungGen: 83264K->864K(84992K)] 240267K->157907K(279552K), 0.0023212 secs] [Times: user=0.01 sys=0.00, real=0.00 secs] 
2021-08-19T12:24:28.474+0800: 71756.072: [GC (Allocation Failure) [PSYoungGen: 83808K->704K(84992K)] 240851K->157763K(279552K), 0.0022948 secs] [Times: user=0.02 sys=0.00, real=0.00 secs] 
2021-08-19T12:24:48.467+0800: 71776.065: [GC (Allocation Failure) [PSYoungGen: 83648K->1184K(84992K)] 240707K->158243K(279552K), 0.0027591 secs] [Times: user=0.02 sys=0.01, real=0.01 secs] 
2021-08-19T12:25:08.474+0800: 71796.072: [GC (Allocation Failure) [PSYoungGen: 84128K->576K(84992K)] 241187K->157635K(279552K), 0.0071717 secs] [Times: user=0.05 sys=0.00, real=0.01 secs] 
2021-08-19T12:25:26.789+0800: 71814.387: [GC (Allocation Failure) [PSYoungGen: 83520K->416K(84992K)] 240579K->157483K(279552K), 0.0073028 secs] [Times: user=0.04 sys=0.00, real=0.01 secs] 
2021-08-19T12:25:43.786+0800: 71831.383: [GC (Allocation Failure) [PSYoungGen: 83360K->384K(84992K)] 240427K->157451K(279552K), 0.0067995 secs] [Times: user=0.04 sys=0.00, real=0.01 secs] 
2021-08-19T12:26:00.790+0800: 71848.388: [GC (Allocation Failure) [PSYoungGen: 83328K->416K(84992K)] 240395K->157483K(279552K), 0.0062261 secs] [Times: user=0.04 sys=0.00, real=0.00 secs] 
2021-08-19T12:26:18.480+0800: 71866.078: [GC (Allocation Failure) [PSYoungGen: 83360K->864K(85504K)] 240427K->157931K(280064K), 0.0022186 secs] [Times: user=0.02 sys=0.00, real=0.00 secs] 
2021-08-19T12:26:38.476+0800: 71886.073: [GC (Allocation Failure) [PSYoungGen: 84832K->672K(85504K)] 241899K->157739K(280064K), 0.0024706 secs] [Times: user=0.02 sys=0.00, real=0.00 secs] 
2021-08-19T12:26:58.469+0800: 71906.067: [GC (Allocation Failure) [PSYoungGen: 84640K->864K(85504K)] 241707K->157931K(280064K), 0.0023808 secs] [Times: user=0.02 sys=0.00, real=0.01 secs] 
2021-08-19T12:27:18.465+0800: 71926.062: [GC (Allocation Failure) [PSYoungGen: 84832K->1024K(85504K)] 241899K->158091K(280064K), 0.0020579 secs] [Times: user=0.02 sys=0.00, real=0.00 secs] 
2021-08-19T12:27:38.451+0800: 71946.049: [GC (Allocation Failure) [PSYoungGen: 84992K->384K(85504K)] 242059K->157451K(280064K), 0.0069307 secs] [Times: user=0.04 sys=0.00, real=0.00 secs] 
2021-08-19T12:27:55.992+0800: 71963.589: [GC (Allocation Failure) [PSYoungGen: 84352K->384K(85504K)] 241419K->157451K(280064K), 0.0067324 secs] [Times: user=0.04 sys=0.00, real=0.00 secs] 
2021-08-19T12:28:13.989+0800: 71981.586: [GC (Allocation Failure) [PSYoungGen: 84352K->384K(85504K)] 241419K->157451K(280064K), 0.0059677 secs] [Times: user=0.05 sys=0.00, real=0.01 secs] 
2021-08-19T12:28:31.793+0800: 71999.391: [GC (Allocation Failure) [PSYoungGen: 84352K->352K(85504K)] 241419K->157427K(280064K), 0.0053733 secs] [Times: user=0.05 sys=0.00, real=0.00 secs] 
2021-08-19T12:28:49.254+0800: 72016.851: [GC (Allocation Failure) [PSYoungGen: 84320K->416K(85504K)] 241395K->157491K(280064K), 0.0073066 secs] [Times: user=0.04 sys=0.01, real=0.01 secs] 
2021-08-19T12:29:08.478+0800: 72036.076: [GC (Allocation Failure) [PSYoungGen: 84384K->1216K(85504K)] 241459K->158291K(280064K), 0.0022714 secs] [Times: user=0.02 sys=0.00, real=0.01 secs] 
2021-08-19T12:29:28.474+0800: 72056.072: [GC (Allocation Failure) [PSYoungGen: 85184K->640K(85504K)] 242259K->157715K(280064K), 0.0023123 secs] [Times: user=0.01 sys=0.00, real=0.00 secs] 
2021-08-19T12:29:48.469+0800: 72076.067: [GC (Allocation Failure) [PSYoungGen: 84608K->1184K(85504K)] 241683K->158259K(280064K), 0.0025942 secs] [Times: user=0.02 sys=0.00, real=0.01 secs] 
2021-08-19T12:30:08.456+0800: 72096.054: [GC (Allocation Failure) [PSYoungGen: 85152K->576K(85504K)] 242227K->157659K(280064K), 0.0024741 secs] [Times: user=0.02 sys=0.00, real=0.00 secs] 
2021-08-19T12:30:28.463+0800: 72116.061: [GC (Allocation Failure) [PSYoungGen: 84544K->1312K(85504K)] 241627K->158411K(280064K), 0.0022948 secs] [Times: user=0.02 sys=0.00, real=0.00 secs] 
2021-08-19T12:30:48.471+0800: 72136.068: [GC (Allocation Failure) [PSYoungGen: 85280K->1376K(84480K)] 242379K->158475K(279040K), 0.0022876 secs] [Times: user=0.02 sys=0.00, real=0.00 secs] 
2021-08-19T12:31:08.472+0800: 72156.070: [GC (Allocation Failure) [PSYoungGen: 84320K->1248K(84992K)] 241419K->158355K(279552K), 0.0025081 secs] [Times: user=0.02 sys=0.01, real=0.00 secs] 
2021-08-19T12:31:28.482+0800: 72176.080: [GC (Allocation Failure) [PSYoungGen: 84192K->1216K(84992K)] 241299K->158323K(279552K), 0.0023314 secs] [Times: user=0.02 sys=0.01, real=0.00 secs] 
2021-08-19T12:31:48.472+0800: 72196.069: [GC (Allocation Failure) [PSYoungGen: 84160K->1216K(84992K)] 241267K->158323K(279552K), 0.0026507 secs] [Times: user=0.01 sys=0.00, real=0.00 secs] 
2021-08-19T12:32:08.470+0800: 72216.068: [GC (Allocation Failure) [PSYoungGen: 84160K->1120K(84992K)] 241267K->158227K(279552K), 0.0024319 secs] [Times: user=0.02 sys=0.00, real=0.00 secs] 
2021-08-19T12:32:28.469+0800: 72236.067: [GC (Allocation Failure) [PSYoungGen: 84064K->1120K(84992K)] 241171K->158227K(279552K), 0.0025299 secs] [Times: user=0.01 sys=0.00, real=0.01 secs] 
2021-08-19T12:32:48.469+0800: 72256.067: [GC (Allocation Failure) [PSYoungGen: 84064K->1088K(84992K)] 241171K->158195K(279552K), 0.0021586 secs] [Times: user=0.02 sys=0.00, real=0.01 secs] 
2021-08-19T12:33:08.469+0800: 72276.066: [GC (Allocation Failure) [PSYoungGen: 84032K->1056K(84992K)] 241139K->158179K(279552K), 0.0028190 secs] [Times: user=0.02 sys=0.00, real=0.01 secs] 
2021-08-19T12:33:28.469+0800: 72296.067: [GC (Allocation Failure) [PSYoungGen: 84000K->1024K(84992K)] 241123K->158147K(279552K), 0.0024471 secs] [Times: user=0.02 sys=0.00, real=0.01 secs] 
2021-08-19T12:33:48.468+0800: 72316.066: [GC (Allocation Failure) [PSYoungGen: 83968K->1024K(84992K)] 241091K->158171K(279552K), 0.0020150 secs] [Times: user=0.02 sys=0.00, real=0.01 secs] 
2021-08-19T12:34:08.468+0800: 72336.066: [GC (Allocation Failure) [PSYoungGen: 83968K->1024K(84992K)] 241115K->158179K(279552K), 0.0020442 secs] [Times: user=0.01 sys=0.00, real=0.00 secs] 
2021-08-19T12:34:28.468+0800: 72356.066: [GC (Allocation Failure) [PSYoungGen: 83968K->960K(84992K)] 241123K->158115K(279552K), 0.0022480 secs] [Times: user=0.01 sys=0.00, real=0.01 secs] 
2021-08-19T12:34:48.467+0800: 72376.065: [GC (Allocation Failure) [PSYoungGen: 83904K->672K(85504K)] 241059K->157827K(280064K), 0.0021991 secs] [Times: user=0.02 sys=0.00, real=0.00 secs] 
2021-08-19T12:35:08.479+0800: 72396.077: [GC (Allocation Failure) [PSYoungGen: 84640K->1024K(85504K)] 241795K->158211K(280064K), 0.0024262 secs] [Times: user=0.02 sys=0.00, real=0.01 secs] 
2021-08-19T12:35:28.505+0800: 72416.102: [GC (Allocation Failure) [PSYoungGen: 84992K->1056K(85504K)] 242179K->158275K(280064K), 0.0069723 secs] [Times: user=0.05 sys=0.00, real=0.01 secs] 
2021-08-19T12:35:48.469+0800: 72436.067: [GC (Allocation Failure) [PSYoungGen: 85024K->1184K(85504K)] 242243K->158411K(280064K), 0.0021074 secs] [Times: user=0.02 sys=0.00, real=0.01 secs] 
2021-08-19T12:36:08.470+0800: 72456.067: [GC (Allocation Failure) [PSYoungGen: 85152K->1184K(85504K)] 242379K->158443K(280064K), 0.0022107 secs] [Times: user=0.02 sys=0.00, real=0.01 secs] 
2021-08-19T12:36:28.471+0800: 72476.069: [GC (Allocation Failure) [PSYoungGen: 85152K->1184K(85504K)] 242411K->158443K(280064K), 0.0021096 secs] [Times: user=0.02 sys=0.00, real=0.00 secs] 
2021-08-19T12:36:48.472+0800: 72496.070: [GC (Allocation Failure) [PSYoungGen: 85152K->1280K(84480K)] 242411K->158547K(279040K), 0.0024060 secs] [Times: user=0.02 sys=0.00, real=0.00 secs] 
2021-08-19T12:37:08.472+0800: 72516.069: [GC (Allocation Failure) [PSYoungGen: 84224K->1280K(84992K)] 241491K->158547K(279552K), 0.0024438 secs] [Times: user=0.01 sys=0.00, real=0.00 secs] 
2021-08-19T12:37:28.471+0800: 72536.069: [GC (Allocation Failure) [PSYoungGen: 84224K->1280K(84992K)] 241491K->158547K(279552K), 0.0024061 secs] [Times: user=0.02 sys=0.00, real=0.00 secs] 
2021-08-19T12:37:48.477+0800: 72556.075: [GC (Allocation Failure) [PSYoungGen: 84224K->1152K(84992K)] 241491K->158419K(279552K), 0.0024470 secs] [Times: user=0.02 sys=0.00, real=0.00 secs] 
2021-08-19T12:38:08.513+0800: 72576.110: [GC (Allocation Failure) [PSYoungGen: 84096K->1216K(84992K)] 241363K->158483K(279552K), 0.0055463 secs] [Times: user=0.03 sys=0.00, real=0.00 secs] 
2021-08-19T12:38:28.473+0800: 72596.071: [GC (Allocation Failure) [PSYoungGen: 84160K->1184K(84992K)] 241427K->158451K(279552K), 0.0024967 secs] [Times: user=0.02 sys=0.00, real=0.00 secs] 
2021-08-19T12:38:48.473+0800: 72616.070: [GC (Allocation Failure) [PSYoungGen: 84128K->1088K(85504K)] 241395K->158355K(280064K), 0.0023404 secs] [Times: user=0.02 sys=0.00, real=0.00 secs] 
2021-08-19T12:39:08.474+0800: 72636.072: [GC (Allocation Failure) [PSYoungGen: 84544K->1184K(84992K)] 241811K->158451K(279552K), 0.0022408 secs] [Times: user=0.02 sys=0.00, real=0.00 secs] 
2021-08-19T12:39:28.516+0800: 72656.113: [GC (Allocation Failure) [PSYoungGen: 84640K->1184K(85504K)] 241907K->158451K(280064K), 0.0052155 secs] [Times: user=0.05 sys=0.00, real=0.01 secs] 
2021-08-19T12:39:48.477+0800: 72676.075: [GC (Allocation Failure) [PSYoungGen: 85152K->1216K(85504K)] 242419K->158483K(280064K), 0.0022006 secs] [Times: user=0.01 sys=0.00, real=0.00 secs] 
2021-08-19T12:40:08.522+0800: 72696.120: [GC (Allocation Failure) [PSYoungGen: 85184K->1216K(85504K)] 242451K->158483K(280064K), 0.0042113 secs] [Times: user=0.03 sys=0.00, real=0.00 secs] 
2021-08-19T12:40:28.479+0800: 72716.077: [GC (Allocation Failure) [PSYoungGen: 85184K->896K(85504K)] 242451K->158211K(280064K), 0.0024402 secs] [Times: user=0.02 sys=0.00, real=0.01 secs] 
2021-08-19T12:40:48.481+0800: 72736.079: [GC (Allocation Failure) [PSYoungGen: 84864K->416K(84480K)] 242179K->157731K(279040K), 0.0022770 secs] [Times: user=0.01 sys=0.00, real=0.00 secs] 
2021-08-19T12:41:08.481+0800: 72756.079: [GC (Allocation Failure) [PSYoungGen: 83360K->960K(84992K)] 240675K->158275K(279552K), 0.0023433 secs] [Times: user=0.01 sys=0.00, real=0.00 secs] 
2021-08-19T12:41:28.481+0800: 72776.079: [GC (Allocation Failure) [PSYoungGen: 83904K->960K(85504K)] 241219K->158275K(280064K), 0.0020808 secs] [Times: user=0.01 sys=0.00, real=0.00 secs] 
2021-08-19T12:41:48.482+0800: 72796.080: [GC (Allocation Failure) [PSYoungGen: 84416K->992K(84992K)] 241731K->158331K(279552K), 0.0025978 secs] [Times: user=0.02 sys=0.00, real=0.00 secs] 
2021-08-19T12:42:08.483+0800: 72816.081: [GC (Allocation Failure) [PSYoungGen: 84448K->384K(85504K)] 241787K->157723K(280064K), 0.0020716 secs] [Times: user=0.02 sys=0.00, real=0.00 secs] 
2021-08-19T12:42:28.486+0800: 72836.084: [GC (Allocation Failure) [PSYoungGen: 84352K->720K(85504K)] 241691K->158059K(280064K), 0.0023488 secs] [Times: user=0.01 sys=0.00, real=0.00 secs] 
2021-08-19T12:42:48.549+0800: 72856.147: [GC (Allocation Failure) [PSYoungGen: 84688K->800K(85504K)] 242027K->158139K(280064K), 0.0058099 secs] [Times: user=0.04 sys=0.00, real=0.01 secs] 
2021-08-19T12:43:08.487+0800: 72876.085: [GC (Allocation Failure) [PSYoungGen: 84768K->864K(85504K)] 242107K->158203K(280064K), 0.0026615 secs] [Times: user=0.01 sys=0.00, real=0.00 secs] 
2021-08-19T12:43:28.482+0800: 72896.080: [GC (Allocation Failure) [PSYoungGen: 84832K->752K(85504K)] 242171K->158091K(280064K), 0.0028087 secs] [Times: user=0.02 sys=0.00, real=0.00 secs] 
2021-08-19T12:43:48.505+0800: 72916.103: [GC (Allocation Failure) [PSYoungGen: 84720K->1056K(85504K)] 242059K->158395K(280064K), 0.0021491 secs] [Times: user=0.02 sys=0.00, real=0.00 secs] 
2021-08-19T12:44:08.492+0800: 72936.090: [GC (Allocation Failure) [PSYoungGen: 85024K->1520K(84480K)] 242363K->158892K(279040K), 0.0022514 secs] [Times: user=0.02 sys=0.00, real=0.00 secs] 
2021-08-19T12:44:28.492+0800: 72956.089: [GC (Allocation Failure) [PSYoungGen: 84464K->1296K(84992K)] 241836K->158667K(279552K), 0.0025658 secs] [Times: user=0.02 sys=0.00, real=0.00 secs] 
2021-08-19T12:44:48.491+0800: 72976.089: [GC (Allocation Failure) [PSYoungGen: 84240K->1504K(84992K)] 241611K->158876K(279552K), 0.0023679 secs] [Times: user=0.01 sys=0.00, real=0.00 secs] 
2021-08-19T12:45:08.546+0800: 72996.143: [GC (Allocation Failure) [PSYoungGen: 84448K->1520K(84992K)] 241820K->158892K(279552K), 0.0032306 secs] [Times: user=0.02 sys=0.00, real=0.00 secs] 
2021-08-19T12:45:28.492+0800: 73016.090: [GC (Allocation Failure) [PSYoungGen: 84464K->1472K(84992K)] 241836K->158844K(279552K), 0.0025121 secs] [Times: user=0.02 sys=0.00, real=0.00 secs] 
2021-08-19T12:45:48.493+0800: 73036.090: [GC (Allocation Failure) [PSYoungGen: 84416K->1440K(84992K)] 241788K->158812K(279552K), 0.0025911 secs] [Times: user=0.02 sys=0.00, real=0.00 secs] 
2021-08-19T12:46:08.549+0800: 73056.147: [GC (Allocation Failure) [PSYoungGen: 84384K->1376K(84992K)] 241756K->158748K(279552K), 0.0036475 secs] [Times: user=0.02 sys=0.00, real=0.01 secs] 
2021-08-19T12:46:28.493+0800: 73076.091: [GC (Allocation Failure) [PSYoungGen: 84320K->1424K(84992K)] 241692K->158796K(279552K), 0.0025422 secs] [Times: user=0.02 sys=0.00, real=0.00 secs] 
2021-08-19T12:46:48.482+0800: 73096.080: [GC (Allocation Failure) [PSYoungGen: 84368K->1376K(84992K)] 241740K->158748K(279552K), 0.0021521 secs] [Times: user=0.02 sys=0.00, real=0.00 secs] 
2021-08-19T12:47:08.495+0800: 73116.093: [GC (Allocation Failure) [PSYoungGen: 84320K->1296K(84992K)] 241692K->158788K(279552K), 0.0025703 secs] [Times: user=0.02 sys=0.00, real=0.00 secs] 
2021-08-19T12:47:28.480+0800: 73136.078: [GC (Allocation Failure) [PSYoungGen: 84240K->992K(84992K)] 241732K->158492K(279552K), 0.0023319 secs] [Times: user=0.02 sys=0.00, real=0.01 secs] 
2021-08-19T12:47:48.493+0800: 73156.091: [GC (Allocation Failure) [PSYoungGen: 83936K->1728K(84992K)] 241436K->159228K(279552K), 0.0025962 secs] [Times: user=0.02 sys=0.00, real=0.00 secs] 
2021-08-19T12:48:08.493+0800: 73176.091: [GC (Allocation Failure) [PSYoungGen: 84672K->1552K(84992K)] 242172K->159172K(279552K), 0.0028455 secs] [Times: user=0.02 sys=0.00, real=0.00 secs] 
2021-08-19T12:48:28.493+0800: 73196.091: [GC (Allocation Failure) [PSYoungGen: 84496K->1536K(84992K)] 242116K->159324K(279552K), 0.0033390 secs] [Times: user=0.02 sys=0.00, real=0.00 secs] 
2021-08-19T12:48:48.492+0800: 73216.090: [GC (Allocation Failure) [PSYoungGen: 84480K->1216K(84992K)] 242268K->159220K(279552K), 0.0028671 secs] [Times: user=0.02 sys=0.00, real=0.00 secs] 
2021-08-19T12:49:08.493+0800: 73236.091: [GC (Allocation Failure) [PSYoungGen: 84160K->1440K(84992K)] 242164K->159732K(279552K), 0.0022296 secs] [Times: user=0.02 sys=0.00, real=0.00 secs] 
2021-08-19T12:49:28.492+0800: 73256.090: [GC (Allocation Failure) [PSYoungGen: 84384K->1344K(84992K)] 242676K->159772K(279552K), 0.0025953 secs] [Times: user=0.01 sys=0.00, real=0.00 secs] 
2021-08-19T12:49:48.493+0800: 73276.091: [GC (Allocation Failure) [PSYoungGen: 84288K->1328K(84992K)] 242716K->159780K(279552K), 0.0021280 secs] [Times: user=0.02 sys=0.00, real=0.00 secs] 
2021-08-19T12:50:08.508+0800: 73296.106: [GC (Allocation Failure) [PSYoungGen: 84272K->1248K(84992K)] 242724K->159836K(279552K), 0.0024926 secs] [Times: user=0.02 sys=0.00, real=0.01 secs] 
2021-08-19T12:50:28.492+0800: 73316.090: [GC (Allocation Failure) [PSYoungGen: 84192K->1184K(84992K)] 242780K->159788K(279552K), 0.0022647 secs] [Times: user=0.01 sys=0.00, real=0.00 secs] 
2021-08-19T12:50:48.534+0800: 73336.132: [GC (Allocation Failure) [PSYoungGen: 84128K->1184K(84992K)] 242732K->159788K(279552K), 0.0054151 secs] [Times: user=0.04 sys=0.00, real=0.00 secs] 
2021-08-19T12:51:08.493+0800: 73356.091: [GC (Allocation Failure) [PSYoungGen: 84128K->1184K(84992K)] 242732K->159788K(279552K), 0.0020546 secs] [Times: user=0.02 sys=0.00, real=0.00 secs] 
2021-08-19T12:51:28.493+0800: 73376.091: [GC (Allocation Failure) [PSYoungGen: 84128K->1152K(84992K)] 242732K->159756K(279552K), 0.0026148 secs] [Times: user=0.02 sys=0.00, real=0.00 secs] 
2021-08-19T12:51:48.493+0800: 73396.090: [GC (Allocation Failure) [PSYoungGen: 84096K->1152K(84992K)] 242700K->159756K(279552K), 0.0026373 secs] [Times: user=0.02 sys=0.00, real=0.00 secs] 
2021-08-19T12:52:08.492+0800: 73416.090: [GC (Allocation Failure) [PSYoungGen: 84096K->1184K(84992K)] 242700K->159788K(279552K), 0.0025937 secs] [Times: user=0.01 sys=0.00, real=0.00 secs] 
2021-08-19T12:52:28.493+0800: 73436.090: [GC (Allocation Failure) [PSYoungGen: 84128K->1152K(84992K)] 242732K->159756K(279552K), 0.0022378 secs] [Times: user=0.02 sys=0.01, real=0.00 secs] 
2021-08-19T12:52:48.529+0800: 73456.127: [GC (Allocation Failure) [PSYoungGen: 84096K->1152K(84992K)] 242700K->159756K(279552K), 0.0071593 secs] [Times: user=0.05 sys=0.00, real=0.01 secs] 
2021-08-19T12:53:08.504+0800: 73476.102: [GC (Allocation Failure) [PSYoungGen: 84096K->1056K(84992K)] 242700K->159660K(279552K), 0.0023047 secs] [Times: user=0.01 sys=0.00, real=0.00 secs] 
2021-08-19T12:53:28.492+0800: 73496.089: [GC (Allocation Failure) [PSYoungGen: 84000K->1024K(84992K)] 242604K->159628K(279552K), 0.0021195 secs] [Times: user=0.01 sys=0.00, real=0.00 secs] 
2021-08-19T12:53:48.527+0800: 73516.125: [GC (Allocation Failure) [PSYoungGen: 83968K->960K(84992K)] 242572K->159564K(279552K), 0.0046327 secs] [Times: user=0.04 sys=0.00, real=0.01 secs] 
2021-08-19T12:54:08.494+0800: 73536.091: [GC (Allocation Failure) [PSYoungGen: 83904K->832K(84992K)] 242508K->159436K(279552K), 0.0024129 secs] [Times: user=0.02 sys=0.01, real=0.00 secs] 
2021-08-19T12:54:28.493+0800: 73556.091: [GC (Allocation Failure) [PSYoungGen: 83776K->896K(84992K)] 242380K->159500K(279552K), 0.0024513 secs] [Times: user=0.02 sys=0.01, real=0.00 secs] 
2021-08-19T12:54:48.503+0800: 73576.100: [GC (Allocation Failure) [PSYoungGen: 83840K->416K(84992K)] 242444K->159020K(279552K), 0.0021594 secs] [Times: user=0.01 sys=0.00, real=0.00 secs] 
2021-08-19T12:55:08.518+0800: 73596.115: [GC (Allocation Failure) [PSYoungGen: 83360K->768K(84992K)] 241964K->159372K(279552K), 0.0077384 secs] [Times: user=0.05 sys=0.00, real=0.01 secs] 
2021-08-19T12:55:28.491+0800: 73616.089: [GC (Allocation Failure) [PSYoungGen: 83712K->672K(84992K)] 242316K->159276K(279552K), 0.0023505 secs] [Times: user=0.01 sys=0.00, real=0.00 secs] 
2021-08-19T12:55:48.490+0800: 73636.088: [GC (Allocation Failure) [PSYoungGen: 83616K->672K(84992K)] 242220K->159276K(279552K), 0.0022830 secs] [Times: user=0.01 sys=0.00, real=0.00 secs] 
2021-08-19T12:56:08.501+0800: 73656.099: [GC (Allocation Failure) [PSYoungGen: 83616K->704K(84992K)] 242220K->159308K(279552K), 0.0020335 secs] [Times: user=0.01 sys=0.00, real=0.00 secs] 
2021-08-19T12:56:28.488+0800: 73676.086: [GC (Allocation Failure) [PSYoungGen: 83648K->672K(84992K)] 242252K->159284K(279552K), 0.0020957 secs] [Times: user=0.02 sys=0.00, real=0.01 secs] 
2021-08-19T12:56:48.489+0800: 73696.087: [GC (Allocation Failure) [PSYoungGen: 83616K->640K(84992K)] 242228K->159252K(279552K), 0.0021216 secs] [Times: user=0.02 sys=0.00, real=0.01 secs] 
2021-08-19T12:57:08.491+0800: 73716.089: [GC (Allocation Failure) [PSYoungGen: 83584K->512K(84992K)] 242196K->159124K(279552K), 0.0021984 secs] [Times: user=0.01 sys=0.00, real=0.00 secs] 
2021-08-19T12:57:28.483+0800: 73736.081: [GC (Allocation Failure) [PSYoungGen: 83456K->416K(84992K)] 242068K->159028K(279552K), 0.0036967 secs] [Times: user=0.02 sys=0.00, real=0.00 secs] 
2021-08-19T12:57:48.491+0800: 73756.088: [GC (Allocation Failure) [PSYoungGen: 83360K->416K(84992K)] 241972K->159028K(279552K), 0.0024061 secs] [Times: user=0.01 sys=0.00, real=0.00 secs] 
2021-08-19T12:58:08.490+0800: 73776.088: [GC (Allocation Failure) [PSYoungGen: 83360K->416K(85504K)] 241972K->159028K(280064K), 0.0022981 secs] [Times: user=0.02 sys=0.00, real=0.00 secs] 
2021-08-19T12:58:28.478+0800: 73796.076: [GC (Allocation Failure) [PSYoungGen: 83872K->448K(84992K)] 242484K->159060K(279552K), 0.0020656 secs] [Times: user=0.02 sys=0.00, real=0.01 secs] 
2021-08-19T12:58:48.491+0800: 73816.089: [GC (Allocation Failure) [PSYoungGen: 83904K->320K(85504K)] 242516K->158932K(280064K), 0.0023637 secs] [Times: user=0.02 sys=0.00, real=0.00 secs] 
2021-08-19T12:59:08.492+0800: 73836.090: [GC (Allocation Failure) [PSYoungGen: 84288K->608K(85504K)] 242900K->159220K(280064K), 0.0021297 secs] [Times: user=0.01 sys=0.00, real=0.00 secs] 
2021-08-19T12:59:28.481+0800: 73856.079: [GC (Allocation Failure) [PSYoungGen: 84576K->608K(85504K)] 243188K->159220K(280064K), 0.0023698 secs] [Times: user=0.01 sys=0.00, real=0.00 secs] 
2021-08-19T12:59:48.500+0800: 73876.098: [GC (Allocation Failure) [PSYoungGen: 84576K->704K(85504K)] 243188K->159316K(280064K), 0.0072330 secs] [Times: user=0.05 sys=0.00, real=0.00 secs] 
2021-08-19T13:00:08.520+0800: 73896.117: [GC (Allocation Failure) [PSYoungGen: 84672K->416K(85504K)] 243284K->159028K(280064K), 0.0076993 secs] [Times: user=0.05 sys=0.00, real=0.01 secs] 
2021-08-19T13:00:28.509+0800: 73916.107: [GC (Allocation Failure) [PSYoungGen: 84384K->1056K(85504K)] 242996K->159668K(280064K), 0.0020648 secs] [Times: user=0.01 sys=0.00, real=0.01 secs] 
2021-08-19T13:00:48.499+0800: 73936.096: [GC (Allocation Failure) [PSYoungGen: 85024K->1184K(85504K)] 243636K->159796K(280064K), 0.0023037 secs] [Times: user=0.02 sys=0.00, real=0.01 secs] 
2021-08-19T13:01:08.500+0800: 73956.097: [GC (Allocation Failure) [PSYoungGen: 85152K->1152K(85504K)] 243764K->159764K(280064K), 0.0023558 secs] [Times: user=0.02 sys=0.00, real=0.01 secs] 
2021-08-19T13:01:28.501+0800: 73976.099: [GC (Allocation Failure) [PSYoungGen: 85120K->1184K(84480K)] 243732K->159796K(279040K), 0.0025951 secs] [Times: user=0.02 sys=0.00, real=0.00 secs] 
2021-08-19T13:01:48.501+0800: 73996.098: [GC (Allocation Failure) [PSYoungGen: 84128K->1216K(84992K)] 242740K->159828K(279552K), 0.0025325 secs] [Times: user=0.02 sys=0.00, real=0.00 secs] 
2021-08-19T13:02:08.502+0800: 74016.099: [GC (Allocation Failure) [PSYoungGen: 84160K->1184K(84992K)] 242772K->159796K(279552K), 0.0024687 secs] [Times: user=0.02 sys=0.00, real=0.00 secs] 
2021-08-19T13:02:28.501+0800: 74036.099: [GC (Allocation Failure) [PSYoungGen: 84128K->1152K(84992K)] 242740K->159764K(279552K), 0.0023918 secs] [Times: user=0.02 sys=0.00, real=0.00 secs] 
2021-08-19T13:02:48.501+0800: 74056.099: [GC (Allocation Failure) [PSYoungGen: 84096K->1152K(84992K)] 242708K->159764K(279552K), 0.0021754 secs] [Times: user=0.01 sys=0.00, real=0.00 secs] 
2021-08-19T13:03:08.502+0800: 74076.100: [GC (Allocation Failure) [PSYoungGen: 84096K->1184K(84992K)] 242708K->159796K(279552K), 0.0022729 secs] [Times: user=0.02 sys=0.00, real=0.00 secs] 
2021-08-19T13:03:28.540+0800: 74096.137: [GC (Allocation Failure) [PSYoungGen: 84128K->1184K(84992K)] 242740K->159796K(279552K), 0.0067578 secs] [Times: user=0.04 sys=0.00, real=0.01 secs] 
2021-08-19T13:03:48.502+0800: 74116.100: [GC (Allocation Failure) [PSYoungGen: 84128K->1120K(84992K)] 242740K->159732K(279552K), 0.0022453 secs] [Times: user=0.01 sys=0.00, real=0.00 secs] 
2021-08-19T13:04:08.502+0800: 74136.100: [GC (Allocation Failure) [PSYoungGen: 84064K->1088K(84992K)] 242676K->159700K(279552K), 0.0022460 secs] [Times: user=0.02 sys=0.00, real=0.00 secs] 
2021-08-19T13:04:28.539+0800: 74156.137: [GC (Allocation Failure) [PSYoungGen: 84032K->1152K(84992K)] 242644K->159764K(279552K), 0.0069047 secs] [Times: user=0.05 sys=0.00, real=0.01 secs] 
2021-08-19T13:04:48.502+0800: 74176.100: [GC (Allocation Failure) [PSYoungGen: 84096K->1056K(84992K)] 242708K->159676K(279552K), 0.0019951 secs] [Times: user=0.02 sys=0.00, real=0.00 secs] 
2021-08-19T13:05:08.501+0800: 74196.099: [GC (Allocation Failure) [PSYoungGen: 84000K->1024K(84992K)] 242620K->159644K(279552K), 0.0021647 secs] [Times: user=0.01 sys=0.00, real=0.00 secs] 
2021-08-19T13:05:28.500+0800: 74216.098: [GC (Allocation Failure) [PSYoungGen: 83968K->480K(84992K)] 242588K->159100K(279552K), 0.0022721 secs] [Times: user=0.01 sys=0.00, real=0.00 secs] 
2021-08-19T13:05:48.500+0800: 74236.098: [GC (Allocation Failure) [PSYoungGen: 83424K->480K(84992K)] 242044K->159100K(279552K), 0.0021355 secs] [Times: user=0.02 sys=0.00, real=0.00 secs] 
2021-08-19T13:06:08.500+0800: 74256.098: [GC (Allocation Failure) [PSYoungGen: 83424K->768K(84992K)] 242044K->159388K(279552K), 0.0021584 secs] [Times: user=0.02 sys=0.00, real=0.00 secs] 
2021-08-19T13:06:28.501+0800: 74276.099: [GC (Allocation Failure) [PSYoungGen: 83712K->704K(84992K)] 242332K->159324K(279552K), 0.0022125 secs] [Times: user=0.02 sys=0.00, real=0.00 secs] 
2021-08-19T13:06:48.501+0800: 74296.098: [GC (Allocation Failure) [PSYoungGen: 83648K->640K(85504K)] 242268K->159260K(280064K), 0.0022227 secs] [Times: user=0.02 sys=0.00, real=0.00 secs] 
2021-08-19T13:07:08.522+0800: 74316.120: [GC (Allocation Failure) [PSYoungGen: 84096K->704K(84992K)] 242716K->159340K(279552K), 0.0066747 secs] [Times: user=0.04 sys=0.00, real=0.00 secs] 
2021-08-19T13:07:28.500+0800: 74336.098: [GC (Allocation Failure) [PSYoungGen: 84160K->736K(85504K)] 242796K->159372K(280064K), 0.0022092 secs] [Times: user=0.02 sys=0.00, real=0.00 secs] 
2021-08-19T13:07:48.503+0800: 74356.100: [GC (Allocation Failure) [PSYoungGen: 84704K->672K(85504K)] 243340K->159348K(280064K), 0.0022715 secs] [Times: user=0.02 sys=0.00, real=0.00 secs] 
2021-08-19T13:08:08.536+0800: 74376.134: [GC (Allocation Failure) [PSYoungGen: 84640K->992K(85504K)] 243316K->159668K(280064K), 0.0067936 secs] [Times: user=0.05 sys=0.00, real=0.01 secs] 
2021-08-19T13:08:28.504+0800: 74396.102: [GC (Allocation Failure) [PSYoungGen: 84960K->1088K(85504K)] 243636K->159764K(280064K), 0.0022467 secs] [Times: user=0.02 sys=0.00, real=0.00 secs] 
2021-08-19T13:08:48.505+0800: 74416.103: [GC (Allocation Failure) [PSYoungGen: 85056K->1184K(85504K)] 243732K->159860K(280064K), 0.0026941 secs] [Times: user=0.02 sys=0.00, real=0.00 secs] 
2021-08-19T13:09:08.507+0800: 74436.105: [GC (Allocation Failure) [PSYoungGen: 85152K->1216K(85504K)] 243828K->159892K(280064K), 0.0023485 secs] [Times: user=0.02 sys=0.00, real=0.00 secs] 
2021-08-19T13:09:28.507+0800: 74456.105: [GC (Allocation Failure) [PSYoungGen: 85184K->1216K(84480K)] 243860K->159892K(279040K), 0.0022867 secs] [Times: user=0.02 sys=0.00, real=0.00 secs] 
2021-08-19T13:09:48.507+0800: 74476.105: [GC (Allocation Failure) [PSYoungGen: 84160K->1280K(84992K)] 242836K->159956K(279552K), 0.0023896 secs] [Times: user=0.01 sys=0.01, real=0.00 secs] 
2021-08-19T13:10:08.551+0800: 74496.149: [GC (Allocation Failure) [PSYoungGen: 84224K->1248K(84992K)] 242900K->159924K(279552K), 0.0050555 secs] [Times: user=0.03 sys=0.00, real=0.00 secs] 
2021-08-19T13:10:28.508+0800: 74516.105: [GC (Allocation Failure) [PSYoungGen: 84192K->1152K(84992K)] 242868K->159828K(279552K), 0.0026532 secs] [Times: user=0.01 sys=0.00, real=0.01 secs] 
2021-08-19T13:10:48.508+0800: 74536.106: [GC (Allocation Failure) [PSYoungGen: 84096K->1216K(84992K)] 242772K->159892K(279552K), 0.0023543 secs] [Times: user=0.01 sys=0.00, real=0.01 secs] 
2021-08-19T13:11:08.526+0800: 74556.124: [GC (Allocation Failure) [PSYoungGen: 84160K->1216K(84992K)] 242836K->159900K(279552K), 0.0026049 secs] [Times: user=0.02 sys=0.00, real=0.00 secs] 
2021-08-19T13:11:28.509+0800: 74576.107: [GC (Allocation Failure) [PSYoungGen: 84160K->1184K(84992K)] 242844K->159876K(279552K), 0.0025171 secs] [Times: user=0.01 sys=0.00, real=0.01 secs] 
2021-08-19T13:11:48.552+0800: 74596.150: [GC (Allocation Failure) [PSYoungGen: 84128K->1248K(84992K)] 242820K->159940K(279552K), 0.0046918 secs] [Times: user=0.04 sys=0.01, real=0.00 secs] 
2021-08-19T13:12:08.510+0800: 74616.108: [GC (Allocation Failure) [PSYoungGen: 84192K->1200K(84992K)] 242884K->159892K(279552K), 0.0023467 secs] [Times: user=0.02 sys=0.00, real=0.01 secs] 
2021-08-19T13:12:28.548+0800: 74636.146: [GC (Allocation Failure) [PSYoungGen: 84144K->1200K(84992K)] 242836K->159892K(279552K), 0.0049013 secs] [Times: user=0.04 sys=0.00, real=0.01 secs] 
2021-08-19T13:12:48.510+0800: 74656.107: [GC (Allocation Failure) [PSYoungGen: 84144K->1232K(84992K)] 242836K->159924K(279552K), 0.0022063 secs] [Times: user=0.01 sys=0.00, real=0.01 secs] 
2021-08-19T13:13:08.543+0800: 74676.141: [GC (Allocation Failure) [PSYoungGen: 84176K->1408K(84992K)] 242868K->160100K(279552K), 0.0060192 secs] [Times: user=0.05 sys=0.00, real=0.00 secs] 
2021-08-19T13:13:28.508+0800: 74696.106: [GC (Allocation Failure) [PSYoungGen: 84352K->1280K(84992K)] 243044K->159972K(279552K), 0.0024271 secs] [Times: user=0.01 sys=0.00, real=0.01 secs] 
2021-08-19T13:13:48.507+0800: 74716.105: [GC (Allocation Failure) [PSYoungGen: 84224K->1376K(84992K)] 242916K->160068K(279552K), 0.0022246 secs] [Times: user=0.02 sys=0.00, real=0.00 secs] 
2021-08-19T13:14:08.507+0800: 74736.104: [GC (Allocation Failure) [PSYoungGen: 84320K->1328K(84992K)] 243012K->160020K(279552K), 0.0022169 secs] [Times: user=0.02 sys=0.00, real=0.00 secs] 
2021-08-19T13:14:28.507+0800: 74756.104: [GC (Allocation Failure) [PSYoungGen: 84272K->1408K(84992K)] 242964K->160100K(279552K), 0.0023637 secs] [Times: user=0.02 sys=0.00, real=0.00 secs] 
2021-08-19T13:14:48.506+0800: 74776.104: [GC (Allocation Failure) [PSYoungGen: 84352K->1296K(84992K)] 243044K->159988K(279552K), 0.0021420 secs] [Times: user=0.02 sys=0.00, real=0.00 secs] 
2021-08-19T13:15:08.521+0800: 74796.119: [GC (Allocation Failure) [PSYoungGen: 84240K->1424K(84992K)] 242932K->160116K(279552K), 0.0059708 secs] [Times: user=0.05 sys=0.00, real=0.00 secs] 
2021-08-19T13:15:28.505+0800: 74816.103: [GC (Allocation Failure) [PSYoungGen: 84368K->1376K(84992K)] 243060K->160068K(279552K), 0.0025855 secs] [Times: user=0.02 sys=0.00, real=0.00 secs] 
2021-08-19T13:15:48.505+0800: 74836.103: [GC (Allocation Failure) [PSYoungGen: 84320K->1232K(84992K)] 243012K->159924K(279552K), 0.0021612 secs] [Times: user=0.02 sys=0.00, real=0.00 secs] 
2021-08-19T13:16:08.505+0800: 74856.103: [GC (Allocation Failure) [PSYoungGen: 84176K->1120K(84992K)] 242868K->159812K(279552K), 0.0020197 secs] [Times: user=0.02 sys=0.00, real=0.00 secs] 
2021-08-19T13:16:28.506+0800: 74876.104: [GC (Allocation Failure) [PSYoungGen: 84064K->1168K(84992K)] 242756K->159860K(279552K), 0.0023130 secs] [Times: user=0.01 sys=0.00, real=0.00 secs] 
2021-08-19T13:16:48.507+0800: 74896.104: [GC (Allocation Failure) [PSYoungGen: 84112K->1152K(84992K)] 242804K->159844K(279552K), 0.0021199 secs] [Times: user=0.01 sys=0.00, real=0.00 secs] 
2021-08-19T13:17:08.507+0800: 74916.104: [GC (Allocation Failure) [PSYoungGen: 84096K->1024K(84992K)] 242788K->159844K(279552K), 0.0023604 secs] [Times: user=0.01 sys=0.00, real=0.00 secs] 
2021-08-19T13:17:28.500+0800: 74936.098: [GC (Allocation Failure) [PSYoungGen: 83968K->1024K(84992K)] 242788K->159844K(279552K), 0.0075119 secs] [Times: user=0.05 sys=0.01, real=0.01 secs] 
2021-08-19T13:17:48.409+0800: 74956.006: [GC (Allocation Failure) [PSYoungGen: 83968K->896K(84992K)] 242788K->159868K(279552K), 0.0073593 secs] [Times: user=0.05 sys=0.00, real=0.01 secs] 
2021-08-19T13:18:08.322+0800: 74975.919: [GC (Allocation Failure) [PSYoungGen: 83840K->752K(84992K)] 242812K->159932K(279552K), 0.0074695 secs] [Times: user=0.04 sys=0.00, real=0.00 secs] 
2021-08-19T13:18:28.009+0800: 74995.607: [GC (Allocation Failure) [PSYoungGen: 83696K->688K(84992K)] 242876K->160012K(279552K), 0.0079120 secs] [Times: user=0.04 sys=0.00, real=0.01 secs] 
2021-08-19T13:18:47.325+0800: 75014.923: [GC (Allocation Failure) [PSYoungGen: 83632K->544K(84992K)] 242956K->160076K(279552K), 0.0071388 secs] [Times: user=0.04 sys=0.00, real=0.01 secs] 
2021-08-19T13:19:07.016+0800: 75034.614: [GC (Allocation Failure) [PSYoungGen: 83488K->416K(84992K)] 243020K->160164K(279552K), 0.0071557 secs] [Times: user=0.04 sys=0.00, real=0.01 secs] 
2021-08-19T13:19:26.824+0800: 75054.422: [GC (Allocation Failure) [PSYoungGen: 83360K->400K(84992K)] 243108K->160148K(279552K), 0.0031504 secs] [Times: user=0.02 sys=0.00, real=0.00 secs] 
2021-08-19T13:19:46.825+0800: 75074.422: [GC (Allocation Failure) [PSYoungGen: 83344K->384K(84992K)] 243092K->160140K(279552K), 0.0076807 secs] [Times: user=0.04 sys=0.00, real=0.01 secs] 
2021-08-19T13:20:06.322+0800: 75093.920: [GC (Allocation Failure) [PSYoungGen: 83328K->384K(84992K)] 243084K->160260K(279552K), 0.0075086 secs] [Times: user=0.04 sys=0.00, real=0.00 secs] 
2021-08-19T13:20:26.014+0800: 75113.611: [GC (Allocation Failure) [PSYoungGen: 83328K->384K(84992K)] 243204K->160260K(279552K), 0.0070610 secs] [Times: user=0.04 sys=0.00, real=0.01 secs] 
2021-08-19T13:20:45.329+0800: 75132.927: [GC (Allocation Failure) [PSYoungGen: 83328K->416K(84992K)] 243204K->160292K(279552K), 0.0061873 secs] [Times: user=0.04 sys=0.00, real=0.01 secs] 
2021-08-19T13:21:05.324+0800: 75152.922: [GC (Allocation Failure) [PSYoungGen: 83360K->416K(84992K)] 243236K->160292K(279552K), 0.0047596 secs] [Times: user=0.04 sys=0.00, real=0.00 secs] 
2021-08-19T13:21:25.011+0800: 75172.609: [GC (Allocation Failure) [PSYoungGen: 83360K->384K(84992K)] 243236K->160260K(279552K), 0.0071202 secs] [Times: user=0.05 sys=0.00, real=0.00 secs] 
2021-08-19T13:21:44.822+0800: 75192.420: [GC (Allocation Failure) [PSYoungGen: 83328K->352K(84992K)] 243204K->160228K(279552K), 0.0021560 secs] [Times: user=0.02 sys=0.00, real=0.00 secs] 
2021-08-19T13:22:04.019+0800: 75211.616: [GC (Allocation Failure) [PSYoungGen: 83296K->384K(85504K)] 243172K->160260K(280064K), 0.0058255 secs] [Times: user=0.04 sys=0.00, real=0.01 secs] 
2021-08-19T13:22:24.017+0800: 75231.615: [GC (Allocation Failure) [PSYoungGen: 83840K->416K(84992K)] 243716K->160300K(279552K), 0.0070760 secs] [Times: user=0.04 sys=0.00, real=0.01 secs] 
2021-08-19T13:22:44.016+0800: 75251.614: [GC (Allocation Failure) [PSYoungGen: 83872K->416K(85504K)] 243756K->160300K(280064K), 0.0070651 secs] [Times: user=0.04 sys=0.00, real=0.01 secs] 
2021-08-19T13:23:04.325+0800: 75271.923: [GC (Allocation Failure) [PSYoungGen: 84384K->320K(85504K)] 244268K->160204K(280064K), 0.0075874 secs] [Times: user=0.04 sys=0.00, real=0.01 secs] 
2021-08-19T13:23:24.827+0800: 75292.424: [GC (Allocation Failure) [PSYoungGen: 84288K->352K(85504K)] 244172K->160236K(280064K), 0.0050275 secs] [Times: user=0.05 sys=0.00, real=0.01 secs] 
2021-08-19T13:23:45.012+0800: 75312.609: [GC (Allocation Failure) [PSYoungGen: 84320K->384K(85504K)] 244204K->160292K(280064K), 0.0072274 secs] [Times: user=0.04 sys=0.00, real=0.00 secs] 
2021-08-19T13:24:05.324+0800: 75332.922: [GC (Allocation Failure) [PSYoungGen: 84352K->352K(85504K)] 244260K->160260K(280064K), 0.0020659 secs] [Times: user=0.02 sys=0.00, real=0.00 secs] 
2021-08-19T13:24:26.015+0800: 75353.613: [GC (Allocation Failure) [PSYoungGen: 84320K->320K(85504K)] 244228K->160228K(280064K), 0.0053621 secs] [Times: user=0.04 sys=0.00, real=0.01 secs] 
2021-08-19T13:24:45.832+0800: 75373.429: [GC (Allocation Failure) [PSYoungGen: 84288K->352K(85504K)] 244196K->160260K(280064K), 0.0078203 secs] [Times: user=0.04 sys=0.00, real=0.00 secs] 
2021-08-19T13:25:06.018+0800: 75393.616: [GC (Allocation Failure) [PSYoungGen: 84320K->384K(85504K)] 244228K->160292K(280064K), 0.0070589 secs] [Times: user=0.04 sys=0.00, real=0.01 secs] 
2021-08-19T13:25:26.019+0800: 75413.616: [GC (Allocation Failure) [PSYoungGen: 84352K->384K(86016K)] 244260K->160332K(280576K), 0.0059518 secs] [Times: user=0.04 sys=0.00, real=0.01 secs] 
2021-08-19T13:25:46.826+0800: 75434.424: [GC (Allocation Failure) [PSYoungGen: 84864K->384K(85504K)] 244812K->160332K(280064K), 0.0074196 secs] [Times: user=0.05 sys=0.00, real=0.01 secs] 
2021-08-19T13:26:07.326+0800: 75454.924: [GC (Allocation Failure) [PSYoungGen: 84864K->352K(86016K)] 244812K->160300K(280576K), 0.0072978 secs] [Times: user=0.05 sys=0.00, real=0.01 secs] 
2021-08-19T13:26:28.016+0800: 75475.614: [GC (Allocation Failure) [PSYoungGen: 85344K->384K(86016K)] 245292K->160332K(280576K), 0.0071468 secs] [Times: user=0.04 sys=0.01, real=0.01 secs] 
2021-08-19T13:26:48.514+0800: 75496.112: [GC (Allocation Failure) [PSYoungGen: 85376K->384K(86016K)] 245324K->160332K(280576K), 0.0072753 secs] [Times: user=0.04 sys=0.00, real=0.01 secs] 
2021-08-19T13:27:08.524+0800: 75516.122: [GC (Allocation Failure) [PSYoungGen: 85376K->512K(86016K)] 245324K->160460K(280576K), 0.0022366 secs] [Times: user=0.01 sys=0.00, real=0.00 secs] 
2021-08-19T13:27:28.523+0800: 75536.121: [GC (Allocation Failure) [PSYoungGen: 85504K->768K(86016K)] 245452K->160716K(280576K), 0.0021935 secs] [Times: user=0.02 sys=0.00, real=0.00 secs] 
2021-08-19T13:27:48.529+0800: 75556.127: [GC (Allocation Failure) [PSYoungGen: 85760K->704K(86016K)] 245708K->160652K(280576K), 0.0019977 secs] [Times: user=0.01 sys=0.00, real=0.01 secs] 
2021-08-19T13:28:08.542+0800: 75576.140: [GC (Allocation Failure) [PSYoungGen: 85696K->1024K(84992K)] 245644K->160996K(279552K), 0.0021631 secs] [Times: user=0.01 sys=0.00, real=0.00 secs] 
2021-08-19T13:28:28.533+0800: 75596.131: [GC (Allocation Failure) [PSYoungGen: 84992K->1152K(85504K)] 244964K->161124K(280064K), 0.0022331 secs] [Times: user=0.01 sys=0.00, real=0.00 secs] 
2021-08-19T13:28:48.534+0800: 75616.132: [GC (Allocation Failure) [PSYoungGen: 85120K->1216K(85504K)] 245092K->161188K(280064K), 0.0023429 secs] [Times: user=0.02 sys=0.00, real=0.00 secs] 
2021-08-19T13:29:08.545+0800: 75636.143: [GC (Allocation Failure) [PSYoungGen: 85184K->1216K(85504K)] 245156K->161188K(280064K), 0.0025245 secs] [Times: user=0.02 sys=0.00, real=0.00 secs] 
2021-08-19T13:29:28.536+0800: 75656.133: [GC (Allocation Failure) [PSYoungGen: 85184K->1248K(84480K)] 245156K->161220K(279040K), 0.0026468 secs] [Times: user=0.02 sys=0.00, real=0.00 secs] 
2021-08-19T13:29:48.535+0800: 75676.133: [GC (Allocation Failure) [PSYoungGen: 84192K->1216K(84992K)] 244164K->161188K(279552K), 0.0025598 secs] [Times: user=0.02 sys=0.00, real=0.00 secs] 
2021-08-19T13:30:08.536+0800: 75696.134: [GC (Allocation Failure) [PSYoungGen: 84160K->1216K(84992K)] 244132K->161188K(279552K), 0.0025942 secs] [Times: user=0.01 sys=0.00, real=0.00 secs] 
2021-08-19T13:30:28.536+0800: 75716.134: [GC (Allocation Failure) [PSYoungGen: 84160K->1184K(84992K)] 244132K->161156K(279552K), 0.0021892 secs] [Times: user=0.02 sys=0.00, real=0.00 secs] 
2021-08-19T13:30:48.536+0800: 75736.133: [GC (Allocation Failure) [PSYoungGen: 84128K->1216K(84992K)] 244100K->161188K(279552K), 0.0022780 secs] [Times: user=0.02 sys=0.00, real=0.00 secs] 
2021-08-19T13:31:08.574+0800: 75756.172: [GC (Allocation Failure) [PSYoungGen: 84160K->1152K(84992K)] 244132K->161124K(279552K), 0.0070664 secs] [Times: user=0.05 sys=0.00, real=0.01 secs] 
2021-08-19T13:31:28.536+0800: 75776.134: [GC (Allocation Failure) [PSYoungGen: 84096K->1120K(84992K)] 244068K->161092K(279552K), 0.0021570 secs] [Times: user=0.02 sys=0.00, real=0.00 secs] 
2021-08-19T13:31:48.537+0800: 75796.135: [GC (Allocation Failure) [PSYoungGen: 84064K->1056K(84992K)] 244036K->161028K(279552K), 0.0023248 secs] [Times: user=0.02 sys=0.00, real=0.00 secs] 
2021-08-19T13:32:08.537+0800: 75816.135: [GC (Allocation Failure) [PSYoungGen: 84000K->1056K(84992K)] 243972K->161028K(279552K), 0.0022004 secs] [Times: user=0.02 sys=0.00, real=0.00 secs] 
2021-08-19T13:32:28.538+0800: 75836.136: [GC (Allocation Failure) [PSYoungGen: 84000K->1056K(84992K)] 243972K->161028K(279552K), 0.0025643 secs] [Times: user=0.01 sys=0.00, real=0.01 secs] 
2021-08-19T13:32:48.538+0800: 75856.135: [GC (Allocation Failure) [PSYoungGen: 84000K->928K(84992K)] 243972K->160900K(279552K), 0.0025434 secs] [Times: user=0.02 sys=0.00, real=0.01 secs] 
2021-08-19T13:33:08.547+0800: 75876.145: [GC (Allocation Failure) [PSYoungGen: 83872K->416K(84992K)] 243844K->160396K(279552K), 0.0069648 secs] [Times: user=0.05 sys=0.00, real=0.01 secs] 
2021-08-19T13:33:28.537+0800: 75896.134: [GC (Allocation Failure) [PSYoungGen: 83360K->736K(84992K)] 243340K->160716K(279552K), 0.0023568 secs] [Times: user=0.01 sys=0.00, real=0.00 secs] 
2021-08-19T13:33:48.538+0800: 75916.136: [GC (Allocation Failure) [PSYoungGen: 83680K->736K(84992K)] 243660K->160740K(279552K), 0.0025879 secs] [Times: user=0.02 sys=0.00, real=0.01 secs] 
2021-08-19T13:34:08.527+0800: 75936.124: [GC (Allocation Failure) [PSYoungGen: 83680K->704K(85504K)] 243684K->160708K(280064K), 0.0024809 secs] [Times: user=0.01 sys=0.00, real=0.00 secs] 
2021-08-19T13:34:28.532+0800: 75956.130: [GC (Allocation Failure) [PSYoungGen: 84160K->800K(84992K)] 244164K->160804K(279552K), 0.0031278 secs] [Times: user=0.02 sys=0.01, real=0.00 secs] 
2021-08-19T13:34:48.561+0800: 75976.159: [GC (Allocation Failure) [PSYoungGen: 84256K->800K(85504K)] 244260K->160804K(280064K), 0.0067178 secs] [Times: user=0.04 sys=0.01, real=0.00 secs] 
2021-08-19T13:35:08.532+0800: 75996.130: [GC (Allocation Failure) [PSYoungGen: 84768K->768K(85504K)] 244772K->160772K(280064K), 0.0022384 secs] [Times: user=0.02 sys=0.00, real=0.00 secs] 
2021-08-19T13:35:28.542+0800: 76016.139: [GC (Allocation Failure) [PSYoungGen: 84736K->1056K(85504K)] 244740K->161060K(280064K), 0.0023802 secs] [Times: user=0.02 sys=0.00, real=0.00 secs] 
2021-08-19T13:35:48.544+0800: 76036.142: [GC (Allocation Failure) [PSYoungGen: 85024K->1088K(85504K)] 245028K->161092K(280064K), 0.0027067 secs] [Times: user=0.02 sys=0.00, real=0.00 secs] 
2021-08-19T13:36:08.545+0800: 76056.142: [GC (Allocation Failure) [PSYoungGen: 85056K->1088K(85504K)] 245060K->161092K(280064K), 0.0025169 secs] [Times: user=0.02 sys=0.00, real=0.00 secs] 
2021-08-19T13:36:28.547+0800: 76076.144: [GC (Allocation Failure) [PSYoungGen: 85056K->1184K(85504K)] 245060K->161188K(280064K), 0.0027015 secs] [Times: user=0.02 sys=0.00, real=0.00 secs] 
2021-08-19T13:36:48.560+0800: 76096.158: [GC (Allocation Failure) [PSYoungGen: 85152K->1280K(84480K)] 245156K->161284K(279040K), 0.0021877 secs] [Times: user=0.02 sys=0.00, real=0.00 secs] 
2021-08-19T13:37:08.582+0800: 76116.180: [GC (Allocation Failure) [PSYoungGen: 84224K->1248K(84992K)] 244228K->161252K(279552K), 0.0023124 secs] [Times: user=0.02 sys=0.00, real=0.00 secs] 
2021-08-19T13:37:28.547+0800: 76136.145: [GC (Allocation Failure) [PSYoungGen: 84192K->1216K(84992K)] 244196K->161220K(279552K), 0.0021797 secs] [Times: user=0.01 sys=0.00, real=0.00 secs] 
2021-08-19T13:37:48.547+0800: 76156.144: [GC (Allocation Failure) [PSYoungGen: 84160K->1056K(84992K)] 244164K->161060K(279552K), 0.0021197 secs] [Times: user=0.01 sys=0.00, real=0.00 secs] 
2021-08-19T13:38:08.535+0800: 76176.132: [GC (Allocation Failure) [PSYoungGen: 84000K->1024K(85504K)] 244004K->161028K(280064K), 0.0024112 secs] [Times: user=0.02 sys=0.00, real=0.00 secs] 
2021-08-19T13:38:28.547+0800: 76196.145: [GC (Allocation Failure) [PSYoungGen: 84480K->1184K(84992K)] 244484K->161188K(279552K), 0.0023195 secs] [Times: user=0.02 sys=0.00, real=0.00 secs] 
2021-08-19T13:38:48.598+0800: 76216.196: [GC (Allocation Failure) [PSYoungGen: 84640K->1248K(84992K)] 244644K->161252K(279552K), 0.0041814 secs] [Times: user=0.03 sys=0.00, real=0.01 secs] 
2021-08-19T13:39:08.551+0800: 76236.148: [GC (Allocation Failure) [PSYoungGen: 84192K->896K(84992K)] 244196K->160900K(279552K), 0.0025157 secs] [Times: user=0.01 sys=0.00, real=0.00 secs] 
2021-08-19T13:39:28.555+0800: 76256.153: [GC (Allocation Failure) [PSYoungGen: 83840K->640K(84992K)] 243844K->160644K(279552K), 0.0022396 secs] [Times: user=0.02 sys=0.00, real=0.00 secs] 
2021-08-19T13:39:48.557+0800: 76276.154: [GC (Allocation Failure) [PSYoungGen: 83584K->736K(84992K)] 243588K->160740K(279552K), 0.0024086 secs] [Times: user=0.02 sys=0.00, real=0.00 secs] 
2021-08-19T13:40:08.556+0800: 76296.153: [GC (Allocation Failure) [PSYoungGen: 83680K->768K(85504K)] 243684K->160772K(280064K), 0.0033391 secs] [Times: user=0.03 sys=0.00, real=0.00 secs] 
2021-08-19T13:40:28.561+0800: 76316.159: [GC (Allocation Failure) [PSYoungGen: 84224K->1088K(84992K)] 244228K->161116K(279552K), 0.0022785 secs] [Times: user=0.02 sys=0.00, real=0.00 secs] 
2021-08-19T13:40:48.563+0800: 76336.161: [GC (Allocation Failure) [PSYoungGen: 84544K->1216K(84480K)] 244572K->161244K(279040K), 0.0024418 secs] [Times: user=0.02 sys=0.00, real=0.00 secs] 
2021-08-19T13:41:08.564+0800: 76356.162: [GC (Allocation Failure) [PSYoungGen: 84160K->1312K(84992K)] 244188K->161340K(279552K), 0.0024118 secs] [Times: user=0.02 sys=0.00, real=0.00 secs] 
2021-08-19T13:41:28.816+0800: 76376.414: [GC (Allocation Failure) [PSYoungGen: 84256K->416K(84992K)] 244284K->160444K(279552K), 0.0069260 secs] [Times: user=0.05 sys=0.00, real=0.01 secs] 
2021-08-19T13:41:49.073+0800: 76396.671: [GC (Allocation Failure) [PSYoungGen: 83360K->336K(84992K)] 243388K->160364K(279552K), 0.0077065 secs] [Times: user=0.04 sys=0.01, real=0.01 secs] 
2021-08-19T13:42:09.065+0800: 76416.663: [GC (Allocation Failure) [PSYoungGen: 83280K->416K(84992K)] 243308K->160452K(279552K), 0.0069170 secs] [Times: user=0.05 sys=0.00, real=0.01 secs] 
2021-08-19T13:42:29.311+0800: 76436.908: [GC (Allocation Failure) [PSYoungGen: 83360K->496K(84992K)] 243396K->160532K(279552K), 0.0072185 secs] [Times: user=0.05 sys=0.00, real=0.00 secs] 
2021-08-19T13:42:49.324+0800: 76456.922: [GC (Allocation Failure) [PSYoungGen: 83440K->560K(84992K)] 243476K->160604K(279552K), 0.0070841 secs] [Times: user=0.04 sys=0.00, real=0.01 secs] 
2021-08-19T13:43:10.149+0800: 76477.747: [GC (Allocation Failure) [PSYoungGen: 83504K->656K(84992K)] 243548K->160716K(279552K), 0.0074899 secs] [Times: user=0.04 sys=0.00, real=0.01 secs] 
2021-08-19T13:43:30.322+0800: 76497.920: [GC (Allocation Failure) [PSYoungGen: 83600K->848K(85504K)] 243660K->160908K(280064K), 0.0076958 secs] [Times: user=0.05 sys=0.00, real=0.00 secs] 
2021-08-19T13:43:51.316+0800: 76518.914: [GC (Allocation Failure) [PSYoungGen: 84304K->960K(84992K)] 244364K->161020K(279552K), 0.0075973 secs] [Times: user=0.05 sys=0.00, real=0.01 secs] 
2021-08-19T13:44:12.316+0800: 76539.913: [GC (Allocation Failure) [PSYoungGen: 84416K->992K(85504K)] 244476K->161052K(280064K), 0.0076326 secs] [Times: user=0.04 sys=0.00, real=0.01 secs] 
2021-08-19T13:44:33.376+0800: 76560.974: [GC (Allocation Failure) [PSYoungGen: 84960K->1024K(85504K)] 245020K->161084K(280064K), 0.0071723 secs] [Times: user=0.04 sys=0.00, real=0.01 secs] 
2021-08-19T13:44:54.317+0800: 76581.915: [GC (Allocation Failure) [PSYoungGen: 84992K->1072K(85504K)] 245052K->161132K(280064K), 0.0075244 secs] [Times: user=0.05 sys=0.01, real=0.01 secs] 
2021-08-19T13:45:15.322+0800: 76602.920: [GC (Allocation Failure) [PSYoungGen: 85040K->1008K(85504K)] 245100K->161068K(280064K), 0.0077937 secs] [Times: user=0.05 sys=0.00, real=0.00 secs] 
2021-08-19T13:45:38.558+0800: 76626.156: [GC (Allocation Failure) [PSYoungGen: 84976K->1504K(84480K)] 245036K->161700K(279040K), 0.0025853 secs] [Times: user=0.02 sys=0.00, real=0.01 secs] 
2021-08-19T13:45:57.423+0800: 76645.021: [GC (Allocation Failure) [PSYoungGen: 84448K->2016K(84992K)] 244644K->162220K(279552K), 0.0029342 secs] [Times: user=0.02 sys=0.00, real=0.00 secs] 
2021-08-19T13:46:11.045+0800: 76658.643: [GC (Allocation Failure) [PSYoungGen: 84960K->1968K(83968K)] 245164K->162292K(278528K), 0.0023275 secs] [Times: user=0.02 sys=0.00, real=0.00 secs] 
2021-08-19T13:46:29.320+0800: 76676.917: [GC (Allocation Failure) [PSYoungGen: 83888K->912K(84480K)] 244212K->161236K(279040K), 0.0074372 secs] [Times: user=0.04 sys=0.00, real=0.01 secs] 
2021-08-19T13:46:49.316+0800: 76696.914: [GC (Allocation Failure) [PSYoungGen: 82832K->928K(84480K)] 243156K->161252K(279040K), 0.0071421 secs] [Times: user=0.04 sys=0.00, real=0.01 secs] 
2021-08-19T13:47:08.816+0800: 76716.413: [GC (Allocation Failure) [PSYoungGen: 82848K->912K(84480K)] 243172K->161364K(279040K), 0.0073817 secs] [Times: user=0.05 sys=0.00, real=0.01 secs] 
2021-08-19T13:47:28.576+0800: 76736.174: [GC (Allocation Failure) [PSYoungGen: 82832K->1856K(84480K)] 243284K->162452K(279040K), 0.0026154 secs] [Times: user=0.02 sys=0.00, real=0.00 secs] 
2021-08-19T13:47:48.575+0800: 76756.173: [GC (Allocation Failure) [PSYoungGen: 83776K->1792K(84480K)] 244372K->162516K(279040K), 0.0024844 secs] [Times: user=0.02 sys=0.00, real=0.00 secs] 
2021-08-19T13:48:08.631+0800: 76776.229: [GC (Allocation Failure) [PSYoungGen: 83712K->1664K(84480K)] 244436K->162524K(279040K), 0.0028375 secs] [Times: user=0.02 sys=0.00, real=0.00 secs] 
2021-08-19T13:48:28.574+0800: 76796.172: [GC (Allocation Failure) [PSYoungGen: 83584K->1344K(84480K)] 244444K->162500K(279040K), 0.0021943 secs] [Times: user=0.02 sys=0.00, real=0.00 secs] 
2021-08-19T13:48:48.574+0800: 76816.172: [GC (Allocation Failure) [PSYoungGen: 83264K->1216K(84480K)] 244420K->162516K(279040K), 0.0026926 secs] [Times: user=0.01 sys=0.00, real=0.00 secs] 
2021-08-19T13:49:08.572+0800: 76836.170: [GC (Allocation Failure) [PSYoungGen: 83136K->1120K(84480K)] 244436K->162436K(279040K), 0.0023910 secs] [Times: user=0.02 sys=0.00, real=0.00 secs] 
2021-08-19T13:49:28.573+0800: 76856.171: [GC (Allocation Failure) [PSYoungGen: 83040K->624K(84480K)] 244356K->161964K(279040K), 0.0075479 secs] [Times: user=0.04 sys=0.01, real=0.01 secs] 
2021-08-19T13:49:47.316+0800: 76874.914: [GC (Allocation Failure) [PSYoungGen: 82544K->448K(84480K)] 243884K->161916K(279040K), 0.0067598 secs] [Times: user=0.04 sys=0.00, real=0.01 secs] 
2021-08-19T13:50:06.314+0800: 76893.912: [GC (Allocation Failure) [PSYoungGen: 82368K->384K(84480K)] 243836K->161852K(279040K), 0.0058900 secs] [Times: user=0.04 sys=0.00, real=0.01 secs] 
2021-08-19T13:50:25.314+0800: 76912.912: [GC (Allocation Failure) [PSYoungGen: 82304K->416K(84480K)] 243772K->161972K(279040K), 0.0070722 secs] [Times: user=0.04 sys=0.00, real=0.01 secs] 
2021-08-19T13:50:44.017+0800: 76931.615: [GC (Allocation Failure) [PSYoungGen: 82336K->384K(84480K)] 243892K->161972K(279040K), 0.0061021 secs] [Times: user=0.04 sys=0.00, real=0.01 secs] 
2021-08-19T13:51:02.818+0800: 76950.416: [GC (Allocation Failure) [PSYoungGen: 82304K->352K(84480K)] 243892K->161940K(279040K), 0.0021361 secs] [Times: user=0.01 sys=0.00, real=0.01 secs] 
2021-08-19T13:51:21.819+0800: 76969.417: [GC (Allocation Failure) [PSYoungGen: 82272K->352K(84480K)] 243860K->161948K(279040K), 0.0057696 secs] [Times: user=0.04 sys=0.00, real=0.01 secs] 
2021-08-19T13:51:40.337+0800: 76987.935: [GC (Allocation Failure) [PSYoungGen: 82272K->384K(84480K)] 243868K->161980K(279040K), 0.0073598 secs] [Times: user=0.04 sys=0.00, real=0.01 secs] 
2021-08-19T13:51:59.319+0800: 77006.917: [GC (Allocation Failure) [PSYoungGen: 82304K->384K(84992K)] 243900K->162028K(279552K), 0.0069742 secs] [Times: user=0.04 sys=0.00, real=0.01 secs] 
2021-08-19T13:52:18.817+0800: 77026.414: [GC (Allocation Failure) [PSYoungGen: 82816K->384K(84480K)] 244460K->162060K(279040K), 0.0069469 secs] [Times: user=0.04 sys=0.00, real=0.01 secs] 
2021-08-19T13:52:38.594+0800: 77046.192: [GC (Allocation Failure) [PSYoungGen: 82816K->1248K(84992K)] 244492K->162924K(279552K), 0.0025443 secs] [Times: user=0.02 sys=0.00, real=0.00 secs] 
2021-08-19T13:52:58.580+0800: 77066.178: [GC (Allocation Failure) [PSYoungGen: 84192K->1216K(84480K)] 245868K->162892K(279040K), 0.0027952 secs] [Times: user=0.02 sys=0.00, real=0.00 secs] 
2021-08-19T13:53:18.578+0800: 77086.176: [GC (Allocation Failure) [PSYoungGen: 84160K->1184K(84480K)] 245836K->162860K(279040K), 0.0026256 secs] [Times: user=0.02 sys=0.00, real=0.01 secs] 
2021-08-19T13:53:38.629+0800: 77106.226: [GC (Allocation Failure) [PSYoungGen: 83104K->960K(84480K)] 244780K->162636K(279040K), 0.0027882 secs] [Times: user=0.02 sys=0.00, real=0.01 secs] 
2021-08-19T13:53:58.623+0800: 77126.221: [GC (Allocation Failure) [PSYoungGen: 82880K->704K(84992K)] 244556K->162380K(279552K), 0.0034119 secs] [Times: user=0.03 sys=0.00, real=0.00 secs] 
2021-08-19T13:54:18.571+0800: 77146.169: [GC (Allocation Failure) [PSYoungGen: 83648K->704K(84992K)] 245324K->162444K(279552K), 0.0024422 secs] [Times: user=0.02 sys=0.00, real=0.00 secs] 
2021-08-19T13:54:38.587+0800: 77166.184: [GC (Allocation Failure) [PSYoungGen: 83648K->416K(84992K)] 245388K->162196K(279552K), 0.0021446 secs] [Times: user=0.01 sys=0.00, real=0.00 secs] 
2021-08-19T13:54:58.571+0800: 77186.169: [GC (Allocation Failure) [PSYoungGen: 83360K->864K(84992K)] 245140K->162644K(279552K), 0.0026167 secs] [Times: user=0.02 sys=0.00, real=0.00 secs] 
2021-08-19T13:55:18.577+0800: 77206.174: [GC (Allocation Failure) [PSYoungGen: 83808K->1216K(84992K)] 245588K->162996K(279552K), 0.0024295 secs] [Times: user=0.02 sys=0.00, real=0.00 secs] 
2021-08-19T13:55:38.609+0800: 77226.206: [GC (Allocation Failure) [PSYoungGen: 84160K->1152K(84992K)] 245940K->162932K(279552K), 0.0051035 secs] [Times: user=0.04 sys=0.00, real=0.01 secs] 
2021-08-19T13:55:58.568+0800: 77246.165: [GC (Allocation Failure) [PSYoungGen: 84096K->1056K(84992K)] 245876K->162836K(279552K), 0.0024846 secs] [Times: user=0.02 sys=0.00, real=0.01 secs] 
2021-08-19T13:56:18.568+0800: 77266.165: [GC (Allocation Failure) [PSYoungGen: 84000K->1056K(84992K)] 245780K->162836K(279552K), 0.0022727 secs] [Times: user=0.01 sys=0.00, real=0.00 secs] 
2021-08-19T13:56:38.587+0800: 77286.184: [GC (Allocation Failure) [PSYoungGen: 84000K->736K(84992K)] 245780K->162548K(279552K), 0.0070053 secs] [Times: user=0.05 sys=0.01, real=0.01 secs] 
2021-08-19T13:56:58.564+0800: 77306.162: [GC (Allocation Failure) [PSYoungGen: 83680K->704K(84992K)] 245492K->162548K(279552K), 0.0020698 secs] [Times: user=0.02 sys=0.00, real=0.00 secs] 
2021-08-19T13:57:18.581+0800: 77326.179: [GC (Allocation Failure) [PSYoungGen: 83648K->672K(84992K)] 245492K->162524K(279552K), 0.0072002 secs] [Times: user=0.05 sys=0.00, real=0.00 secs] 
2021-08-19T13:57:38.561+0800: 77346.158: [GC (Allocation Failure) [PSYoungGen: 83616K->384K(84992K)] 245468K->162236K(279552K), 0.0022681 secs] [Times: user=0.02 sys=0.00, real=0.00 secs] 
2021-08-19T13:57:58.555+0800: 77366.152: [GC (Allocation Failure) [PSYoungGen: 83328K->384K(84992K)] 245180K->162236K(279552K), 0.0063038 secs] [Times: user=0.04 sys=0.00, real=0.01 secs] 
2021-08-19T13:58:18.021+0800: 77385.619: [GC (Allocation Failure) [PSYoungGen: 83328K->352K(84992K)] 245180K->162204K(279552K), 0.0068575 secs] [Times: user=0.04 sys=0.00, real=0.00 secs] 
2021-08-19T13:58:37.323+0800: 77404.920: [GC (Allocation Failure) [PSYoungGen: 83296K->384K(84992K)] 245148K->162236K(279552K), 0.0074062 secs] [Times: user=0.04 sys=0.00, real=0.01 secs] 
2021-08-19T13:58:56.640+0800: 77424.238: [GC (Allocation Failure) [PSYoungGen: 83328K->320K(84992K)] 245180K->162172K(279552K), 0.0068195 secs] [Times: user=0.05 sys=0.00, real=0.00 secs] 
2021-08-19T13:59:15.822+0800: 77443.420: [GC (Allocation Failure) [PSYoungGen: 83264K->384K(85504K)] 245116K->162236K(280064K), 0.0073920 secs] [Times: user=0.05 sys=0.00, real=0.00 secs] 
2021-08-19T13:59:35.878+0800: 77463.476: [GC (Allocation Failure) [PSYoungGen: 84352K->416K(85504K)] 246204K->162268K(280064K), 0.0020961 secs] [Times: user=0.01 sys=0.00, real=0.01 secs] 
2021-08-19T13:59:55.824+0800: 77483.421: [GC (Allocation Failure) [PSYoungGen: 84384K->384K(85504K)] 246236K->162236K(280064K), 0.0071378 secs] [Times: user=0.05 sys=0.00, real=0.01 secs] 
2021-08-19T14:00:15.825+0800: 77503.422: [GC (Allocation Failure) [PSYoungGen: 84352K->384K(85504K)] 246204K->162236K(280064K), 0.0071591 secs] [Times: user=0.04 sys=0.00, real=0.01 secs] 
2021-08-19T14:00:35.344+0800: 77522.941: [GC (Allocation Failure) [PSYoungGen: 84352K->384K(85504K)] 246204K->162236K(280064K), 0.0074291 secs] [Times: user=0.05 sys=0.00, real=0.01 secs] 
2021-08-19T14:00:55.316+0800: 77542.914: [GC (Allocation Failure) [PSYoungGen: 84352K->384K(85504K)] 246204K->162236K(280064K), 0.0069359 secs] [Times: user=0.05 sys=0.00, real=0.01 secs] 
2021-08-19T14:01:14.823+0800: 77562.421: [GC (Allocation Failure) [PSYoungGen: 84352K->384K(85504K)] 246204K->162236K(280064K), 0.0057713 secs] [Times: user=0.04 sys=0.00, real=0.00 secs] 
2021-08-19T14:01:34.830+0800: 77582.427: [GC (Allocation Failure) [PSYoungGen: 84352K->384K(85504K)] 246204K->162244K(280064K), 0.0078024 secs] [Times: user=0.04 sys=0.00, real=0.01 secs] 
2021-08-19T14:01:54.320+0800: 77601.917: [GC (Allocation Failure) [PSYoungGen: 84352K->384K(85504K)] 246212K->162244K(280064K), 0.0073949 secs] [Times: user=0.04 sys=0.00, real=0.01 secs] 
2021-08-19T14:02:14.316+0800: 77621.914: [GC (Allocation Failure) [PSYoungGen: 84352K->352K(85504K)] 246212K->162212K(280064K), 0.0071791 secs] [Times: user=0.05 sys=0.01, real=0.01 secs] 
2021-08-19T14:02:34.018+0800: 77641.616: [GC (Allocation Failure) [PSYoungGen: 84320K->416K(86016K)] 246180K->162276K(280576K), 0.0071533 secs] [Times: user=0.04 sys=0.00, real=0.01 secs] 
2021-08-19T14:02:54.018+0800: 77661.615: [GC (Allocation Failure) [PSYoungGen: 84896K->416K(85504K)] 246756K->162276K(280064K), 0.0074004 secs] [Times: user=0.05 sys=0.00, real=0.01 secs] 
2021-08-19T14:03:14.021+0800: 77681.619: [GC (Allocation Failure) [PSYoungGen: 84896K->352K(86016K)] 246756K->162212K(280576K), 0.0070307 secs] [Times: user=0.04 sys=0.00, real=0.00 secs] 
2021-08-19T14:03:34.650+0800: 77702.248: [GC (Allocation Failure) [PSYoungGen: 85344K->384K(86016K)] 247204K->162244K(280576K), 0.0059996 secs] [Times: user=0.04 sys=0.00, real=0.00 secs] 
2021-08-19T14:03:54.848+0800: 77722.446: [GC (Allocation Failure) [PSYoungGen: 85376K->416K(86016K)] 247236K->162276K(280576K), 0.0021205 secs] [Times: user=0.01 sys=0.00, real=0.00 secs] 
2021-08-19T14:04:15.321+0800: 77742.919: [GC (Allocation Failure) [PSYoungGen: 85408K->320K(86016K)] 247268K->162180K(280576K), 0.0076209 secs] [Times: user=0.04 sys=0.00, real=0.00 secs] 
2021-08-19T14:04:35.822+0800: 77763.420: [GC (Allocation Failure) [PSYoungGen: 85312K->384K(86016K)] 247172K->162244K(280576K), 0.0067927 secs] [Times: user=0.04 sys=0.00, real=0.00 secs] 
2021-08-19T14:04:56.315+0800: 77783.913: [GC (Allocation Failure) [PSYoungGen: 85376K->352K(86016K)] 247236K->162212K(280576K), 0.0058838 secs] [Times: user=0.04 sys=0.00, real=0.01 secs] 
2021-08-19T14:05:16.320+0800: 77803.918: [GC (Allocation Failure) [PSYoungGen: 85344K->352K(86016K)] 247204K->162212K(280576K), 0.0071476 secs] [Times: user=0.05 sys=0.00, real=0.00 secs] 
2021-08-19T14:05:36.830+0800: 77824.427: [GC (Allocation Failure) [PSYoungGen: 85344K->384K(86016K)] 247204K->162244K(280576K), 0.0071682 secs] [Times: user=0.04 sys=0.00, real=0.01 secs] 
2021-08-19T14:05:56.817+0800: 77844.415: [GC (Allocation Failure) [PSYoungGen: 85376K->416K(86016K)] 247236K->162276K(280576K), 0.0069199 secs] [Times: user=0.04 sys=0.00, real=0.01 secs] 
2021-08-19T14:06:10.119+0800: 77857.717: [GC (Allocation Failure) [PSYoungGen: 85408K->1024K(86016K)] 247268K->162892K(280576K), 0.0040973 secs] [Times: user=0.02 sys=0.00, real=0.01 secs] 
2021-08-19T14:06:28.586+0800: 77876.184: [GC (Allocation Failure) [PSYoungGen: 86016K->768K(86016K)] 247884K->162636K(280576K), 0.0026185 secs] [Times: user=0.01 sys=0.00, real=0.00 secs] 
2021-08-19T14:06:48.564+0800: 77896.161: [GC (Allocation Failure) [PSYoungGen: 85760K->768K(86016K)] 247628K->162636K(280576K), 0.0024252 secs] [Times: user=0.02 sys=0.00, real=0.00 secs] 
2021-08-19T14:07:06.040+0800: 77913.638: [GC (Allocation Failure) [PSYoungGen: 85760K->384K(86016K)] 247628K->162252K(280576K), 0.0031590 secs] [Times: user=0.02 sys=0.00, real=0.00 secs] 
2021-08-19T14:07:22.320+0800: 77929.918: [GC (Allocation Failure) [PSYoungGen: 85376K->352K(86016K)] 247244K->162220K(280576K), 0.0052870 secs] [Times: user=0.05 sys=0.01, real=0.00 secs] 
2021-08-19T14:07:38.813+0800: 77946.411: [GC (Allocation Failure) [PSYoungGen: 85344K->320K(86016K)] 247212K->162188K(280576K), 0.0075354 secs] [Times: user=0.04 sys=0.00, real=0.01 secs] 
2021-08-19T14:07:58.584+0800: 77966.181: [GC (Allocation Failure) [PSYoungGen: 85312K->448K(86016K)] 247180K->162316K(280576K), 0.0024899 secs] [Times: user=0.02 sys=0.00, real=0.00 secs] 
2021-08-19T14:08:18.570+0800: 77986.168: [GC (Allocation Failure) [PSYoungGen: 85440K->384K(86016K)] 247308K->162252K(280576K), 0.0019546 secs] [Times: user=0.02 sys=0.00, real=0.00 secs] 
2021-08-19T14:08:35.035+0800: 78002.633: [GC (Allocation Failure) [PSYoungGen: 85376K->416K(86016K)] 247244K->162284K(280576K), 0.0072908 secs] [Times: user=0.05 sys=0.00, real=0.01 secs] 
2021-08-19T14:08:51.018+0800: 78018.616: [GC (Allocation Failure) [PSYoungGen: 85408K->384K(86016K)] 247276K->162252K(280576K), 0.0070865 secs] [Times: user=0.04 sys=0.00, real=0.01 secs] 
2021-08-19T14:09:08.590+0800: 78036.188: [GC (Allocation Failure) [PSYoungGen: 85376K->1024K(86016K)] 247244K->162932K(280576K), 0.0026627 secs] [Times: user=0.01 sys=0.00, real=0.00 secs] 
2021-08-19T14:09:28.580+0800: 78056.177: [GC (Allocation Failure) [PSYoungGen: 86016K->1024K(84992K)] 247924K->162964K(279552K), 0.0025967 secs] [Times: user=0.02 sys=0.00, real=0.01 secs] 
2021-08-19T14:09:46.819+0800: 78074.417: [GC (Allocation Failure) [PSYoungGen: 84992K->416K(85504K)] 246932K->162356K(280064K), 0.0076212 secs] [Times: user=0.05 sys=0.00, real=0.01 secs] 
2021-08-19T14:10:02.030+0800: 78089.628: [GC (Allocation Failure) [PSYoungGen: 84384K->352K(85504K)] 246324K->162292K(280064K), 0.0069120 secs] [Times: user=0.05 sys=0.00, real=0.00 secs] 
2021-08-19T14:10:18.651+0800: 78106.248: [GC (Allocation Failure) [PSYoungGen: 84320K->1344K(85504K)] 246260K->163284K(280064K), 0.0026446 secs] [Times: user=0.02 sys=0.00, real=0.00 secs] 
2021-08-19T14:10:38.591+0800: 78126.189: [GC (Allocation Failure) [PSYoungGen: 85312K->1184K(85504K)] 247252K->163172K(280064K), 0.0022686 secs] [Times: user=0.02 sys=0.00, real=0.00 secs] 
2021-08-19T14:10:57.822+0800: 78145.420: [GC (Allocation Failure) [PSYoungGen: 85152K->416K(85504K)] 247140K->162412K(280064K), 0.0072039 secs] [Times: user=0.04 sys=0.00, real=0.00 secs] 
2021-08-19T14:11:13.819+0800: 78161.417: [GC (Allocation Failure) [PSYoungGen: 84384K->416K(85504K)] 246380K->162412K(280064K), 0.0075860 secs] [Times: user=0.05 sys=0.00, real=0.01 secs] 
2021-08-19T14:11:29.027+0800: 78176.625: [GC (Allocation Failure) [PSYoungGen: 84384K->432K(85504K)] 246380K->162444K(280064K), 0.0070410 secs] [Times: user=0.04 sys=0.01, real=0.01 secs] 
2021-08-19T14:11:48.586+0800: 78196.184: [GC (Allocation Failure) [PSYoungGen: 84400K->1248K(85504K)] 246412K->163260K(280064K), 0.0023487 secs] [Times: user=0.02 sys=0.00, real=0.00 secs] 
2021-08-19T14:12:08.575+0800: 78216.173: [GC (Allocation Failure) [PSYoungGen: 85216K->640K(85504K)] 247228K->162652K(280064K), 0.0019634 secs] [Times: user=0.01 sys=0.00, real=0.00 secs] 
2021-08-19T14:12:24.318+0800: 78231.916: [GC (Allocation Failure) [PSYoungGen: 84608K->752K(85504K)] 246620K->162764K(280064K), 0.0020640 secs] [Times: user=0.01 sys=0.00, real=0.01 secs] 
2021-08-19T14:12:40.071+0800: 78247.669: [GC (Allocation Failure) [PSYoungGen: 84720K->752K(85504K)] 246732K->162764K(280064K), 0.0023717 secs] [Times: user=0.01 sys=0.00, real=0.00 secs] 
2021-08-19T14:12:58.595+0800: 78266.193: [GC (Allocation Failure) [PSYoungGen: 84720K->1520K(84480K)] 246732K->163556K(279040K), 0.0024486 secs] [Times: user=0.01 sys=0.00, real=0.00 secs] 
2021-08-19T14:13:15.827+0800: 78283.425: [GC (Allocation Failure) [PSYoungGen: 84464K->912K(84992K)] 246500K->162964K(279552K), 0.0052117 secs] [Times: user=0.05 sys=0.01, real=0.01 secs] 
2021-08-19T14:13:29.825+0800: 78297.423: [GC (Allocation Failure) [PSYoungGen: 83856K->944K(84992K)] 245908K->162996K(279552K), 0.0076286 secs] [Times: user=0.04 sys=0.00, real=0.01 secs] 
2021-08-19T14:13:48.591+0800: 78316.189: [GC (Allocation Failure) [PSYoungGen: 83888K->1424K(84992K)] 245940K->163548K(279552K), 0.0024895 secs] [Times: user=0.02 sys=0.00, real=0.00 secs] 
2021-08-19T14:14:08.590+0800: 78336.188: [GC (Allocation Failure) [PSYoungGen: 84368K->1456K(84992K)] 246492K->163580K(279552K), 0.0023422 secs] [Times: user=0.01 sys=0.00, real=0.00 secs] 
2021-08-19T14:14:28.584+0800: 78356.182: [GC (Allocation Failure) [PSYoungGen: 84400K->1728K(84992K)] 246524K->163852K(279552K), 0.0028222 secs] [Times: user=0.02 sys=0.00, real=0.00 secs] 
2021-08-19T14:14:49.829+0800: 78377.426: [GC (Allocation Failure) [PSYoungGen: 84672K->1056K(84992K)] 246796K->163180K(279552K), 0.0020982 secs] [Times: user=0.02 sys=0.00, real=0.01 secs] 
2021-08-19T14:15:14.324+0800: 78401.922: [GC (Allocation Failure) [PSYoungGen: 84000K->1120K(84992K)] 246124K->163245K(279552K), 0.0077184 secs] [Times: user=0.04 sys=0.01, real=0.01 secs] 
2021-08-19T14:15:37.768+0800: 78425.366: [GC (Allocation Failure) [PSYoungGen: 84064K->1056K(84992K)] 246189K->163181K(279552K), 0.0078588 secs] [Times: user=0.04 sys=0.01, real=0.01 secs] 
2021-08-19T14:15:58.507+0800: 78446.105: [GC (Allocation Failure) [PSYoungGen: 84000K->1072K(84992K)] 246125K->163197K(279552K), 0.0065039 secs] [Times: user=0.05 sys=0.01, real=0.01 secs] 
2021-08-19T14:16:18.576+0800: 78466.174: [GC (Allocation Failure) [PSYoungGen: 84016K->1280K(84992K)] 246141K->163524K(279552K), 0.0022140 secs] [Times: user=0.01 sys=0.00, real=0.00 secs] 
2021-08-19T14:16:38.585+0800: 78486.183: [GC (Allocation Failure) [PSYoungGen: 84224K->864K(84992K)] 246468K->163341K(279552K), 0.0022997 secs] [Times: user=0.01 sys=0.00, real=0.00 secs] 
2021-08-19T14:16:58.589+0800: 78506.187: [GC (Allocation Failure) [PSYoungGen: 83808K->1040K(84992K)] 246285K->163621K(279552K), 0.0024065 secs] [Times: user=0.01 sys=0.01, real=0.01 secs] 
2021-08-19T14:17:18.596+0800: 78526.193: [GC (Allocation Failure) [PSYoungGen: 83984K->1280K(84992K)] 246565K->164005K(279552K), 0.0022831 secs] [Times: user=0.02 sys=0.00, real=0.00 secs] 
2021-08-19T14:17:42.497+0800: 78550.095: [GC (Allocation Failure) [PSYoungGen: 84224K->608K(84992K)] 246949K->163477K(279552K), 0.0072635 secs] [Times: user=0.05 sys=0.00, real=0.01 secs] 
2021-08-19T14:18:07.324+0800: 78574.922: [GC (Allocation Failure) [PSYoungGen: 83552K->512K(84992K)] 246421K->163533K(279552K), 0.0073372 secs] [Times: user=0.04 sys=0.00, real=0.01 secs] 
2021-08-19T14:18:27.497+0800: 78595.095: [GC (Allocation Failure) [PSYoungGen: 83456K->448K(84992K)] 246477K->163597K(279552K), 0.0076381 secs] [Times: user=0.04 sys=0.00, real=0.01 secs] 
2021-08-19T14:18:48.585+0800: 78616.183: [GC (Allocation Failure) [PSYoungGen: 83392K->592K(84992K)] 246541K->163821K(279552K), 0.0020991 secs] [Times: user=0.02 sys=0.00, real=0.00 secs] 
2021-08-19T14:19:08.583+0800: 78636.181: [GC (Allocation Failure) [PSYoungGen: 83536K->464K(84992K)] 246765K->163813K(279552K), 0.0020360 secs] [Times: user=0.02 sys=0.00, real=0.00 secs] 
2021-08-19T14:19:28.585+0800: 78656.183: [GC (Allocation Failure) [PSYoungGen: 83408K->432K(84992K)] 246757K->163829K(279552K), 0.0019908 secs] [Times: user=0.01 sys=0.00, real=0.00 secs] 
2021-08-19T14:19:48.580+0800: 78676.178: [GC (Allocation Failure) [PSYoungGen: 83376K->784K(84992K)] 246773K->164221K(279552K), 0.0020421 secs] [Times: user=0.01 sys=0.00, real=0.00 secs] 
2021-08-19T14:20:08.588+0800: 78696.185: [GC (Allocation Failure) [PSYoungGen: 83728K->1248K(84992K)] 247165K->164813K(279552K), 0.0026213 secs] [Times: user=0.02 sys=0.00, real=0.01 secs] 
2021-08-19T14:20:28.601+0800: 78716.199: [GC (Allocation Failure) [PSYoungGen: 84192K->1248K(84992K)] 247757K->164829K(279552K), 0.0021383 secs] [Times: user=0.02 sys=0.00, real=0.00 secs] 
2021-08-19T14:20:50.492+0800: 78738.089: [GC (Allocation Failure) [PSYoungGen: 84192K->352K(84992K)] 247773K->163949K(279552K), 0.0020886 secs] [Times: user=0.01 sys=0.00, real=0.00 secs] 
2021-08-19T14:21:11.490+0800: 78759.088: [GC (Allocation Failure) [PSYoungGen: 83296K->384K(84992K)] 246893K->164013K(279552K), 0.0067554 secs] [Times: user=0.05 sys=0.00, real=0.00 secs] 
2021-08-19T14:21:34.324+0800: 78781.922: [GC (Allocation Failure) [PSYoungGen: 83328K->384K(84992K)] 246957K->164053K(279552K), 0.0058491 secs] [Times: user=0.05 sys=0.00, real=0.00 secs] 
2021-08-19T14:21:57.331+0800: 78804.929: [GC (Allocation Failure) [PSYoungGen: 83328K->416K(84992K)] 246997K->164109K(279552K), 0.0075407 secs] [Times: user=0.04 sys=0.00, real=0.00 secs] 
2021-08-19T14:22:18.367+0800: 78825.964: [GC (Allocation Failure) [PSYoungGen: 83360K->384K(84992K)] 247053K->164101K(279552K), 0.0067063 secs] [Times: user=0.05 sys=0.00, real=0.01 secs] 
2021-08-19T14:22:38.585+0800: 78846.183: [GC (Allocation Failure) [PSYoungGen: 83328K->672K(84992K)] 247045K->164421K(279552K), 0.0021055 secs] [Times: user=0.02 sys=0.00, real=0.00 secs] 
2021-08-19T14:22:58.588+0800: 78866.186: [GC (Allocation Failure) [PSYoungGen: 83616K->992K(84992K)] 247365K->164765K(279552K), 0.0023206 secs] [Times: user=0.01 sys=0.00, real=0.01 secs] 
2021-08-19T14:23:18.599+0800: 78886.197: [GC (Allocation Failure) [PSYoungGen: 83936K->1184K(84992K)] 247709K->164973K(279552K), 0.0024049 secs] [Times: user=0.02 sys=0.00, real=0.01 secs] 
2021-08-19T14:23:38.600+0800: 78906.198: [GC (Allocation Failure) [PSYoungGen: 84128K->1184K(84992K)] 247917K->164989K(279552K), 0.0026752 secs] [Times: user=0.01 sys=0.00, real=0.00 secs] 
2021-08-19T14:23:58.601+0800: 78926.199: [GC (Allocation Failure) [PSYoungGen: 84128K->1152K(84992K)] 247933K->164973K(279552K), 0.0021515 secs] [Times: user=0.02 sys=0.00, real=0.00 secs] 
2021-08-19T14:24:18.601+0800: 78946.199: [GC (Allocation Failure) [PSYoungGen: 84096K->1248K(84992K)] 247917K->165069K(279552K), 0.0021483 secs] [Times: user=0.01 sys=0.00, real=0.00 secs] 
2021-08-19T14:24:38.644+0800: 78966.242: [GC (Allocation Failure) [PSYoungGen: 84192K->1184K(84992K)] 248013K->165005K(279552K), 0.0054256 secs] [Times: user=0.03 sys=0.00, real=0.00 secs] 
2021-08-19T14:24:58.604+0800: 78986.202: [GC (Allocation Failure) [PSYoungGen: 84128K->1248K(84992K)] 247949K->165093K(279552K), 0.0025693 secs] [Times: user=0.02 sys=0.00, real=0.00 secs] 
2021-08-19T14:25:18.604+0800: 79006.202: [GC (Allocation Failure) [PSYoungGen: 84192K->1184K(84992K)] 248037K->165077K(279552K), 0.0026757 secs] [Times: user=0.02 sys=0.00, real=0.00 secs] 
2021-08-19T14:25:38.604+0800: 79026.202: [GC (Allocation Failure) [PSYoungGen: 84128K->1184K(84992K)] 248021K->165085K(279552K), 0.0026720 secs] [Times: user=0.02 sys=0.00, real=0.00 secs] 
2021-08-19T14:25:58.604+0800: 79046.202: [GC (Allocation Failure) [PSYoungGen: 84128K->1152K(84992K)] 248029K->165077K(279552K), 0.0025102 secs] [Times: user=0.02 sys=0.00, real=0.00 secs] 
2021-08-19T14:26:18.640+0800: 79066.238: [GC (Allocation Failure) [PSYoungGen: 84096K->1248K(84992K)] 248021K->165205K(279552K), 0.0022485 secs] [Times: user=0.02 sys=0.00, real=0.01 secs] 
2021-08-19T14:26:38.604+0800: 79086.202: [GC (Allocation Failure) [PSYoungGen: 84192K->1152K(84992K)] 248149K->165149K(279552K), 0.0028732 secs] [Times: user=0.01 sys=0.01, real=0.00 secs] 
2021-08-19T14:26:58.600+0800: 79106.197: [GC (Allocation Failure) [PSYoungGen: 84096K->448K(84992K)] 248093K->164461K(279552K), 0.0021738 secs] [Times: user=0.01 sys=0.00, real=0.01 secs] 
2021-08-19T14:27:18.606+0800: 79126.203: [GC (Allocation Failure) [PSYoungGen: 83392K->1056K(84992K)] 247405K->165093K(279552K), 0.0026678 secs] [Times: user=0.02 sys=0.00, real=0.00 secs] 
2021-08-19T14:27:42.828+0800: 79150.426: [GC (Allocation Failure) [PSYoungGen: 84000K->448K(84992K)] 248037K->164509K(279552K), 0.0058721 secs] [Times: user=0.05 sys=0.00, real=0.01 secs] 
2021-08-19T14:28:08.594+0800: 79176.192: [GC (Allocation Failure) [PSYoungGen: 83392K->576K(84992K)] 247453K->164661K(279552K), 0.0021243 secs] [Times: user=0.01 sys=0.00, real=0.00 secs] 
2021-08-19T14:28:28.609+0800: 79196.207: [GC (Allocation Failure) [PSYoungGen: 83520K->1152K(84992K)] 247605K->165253K(279552K), 0.0021577 secs] [Times: user=0.02 sys=0.00, real=0.01 secs] 
2021-08-19T14:28:52.332+0800: 79219.929: [GC (Allocation Failure) [PSYoungGen: 84096K->416K(84992K)] 248197K->164517K(279552K), 0.0052928 secs] [Times: user=0.05 sys=0.00, real=0.00 secs] 
2021-08-19T14:29:17.830+0800: 79245.428: [GC (Allocation Failure) [PSYoungGen: 83360K->448K(84992K)] 247461K->164549K(279552K), 0.0076696 secs] [Times: user=0.05 sys=0.01, real=0.01 secs] 
2021-08-19T14:29:38.606+0800: 79266.204: [GC (Allocation Failure) [PSYoungGen: 83392K->1120K(84992K)] 247493K->165221K(279552K), 0.0024678 secs] [Times: user=0.02 sys=0.00, real=0.00 secs] 
2021-08-19T14:29:58.831+0800: 79286.428: [GC (Allocation Failure) [PSYoungGen: 84064K->416K(84992K)] 248165K->164517K(279552K), 0.0061605 secs] [Times: user=0.05 sys=0.00, real=0.00 secs] 
2021-08-19T14:30:25.468+0800: 79313.066: [GC (Allocation Failure) [PSYoungGen: 83360K->416K(84992K)] 247461K->164517K(279552K), 0.0065816 secs] [Times: user=0.04 sys=0.00, real=0.01 secs] 
2021-08-19T14:30:48.600+0800: 79336.198: [GC (Allocation Failure) [PSYoungGen: 83360K->1280K(84992K)] 247461K->165381K(279552K), 0.0024686 secs] [Times: user=0.02 sys=0.00, real=0.01 secs] 
2021-08-19T14:31:08.604+0800: 79356.202: [GC (Allocation Failure) [PSYoungGen: 84224K->1248K(84992K)] 248325K->165357K(279552K), 0.0022623 secs] [Times: user=0.02 sys=0.00, real=0.00 secs] 
2021-08-19T14:31:30.330+0800: 79377.928: [GC (Allocation Failure) [PSYoungGen: 84192K->416K(84992K)] 248301K->164525K(279552K), 0.0065963 secs] [Times: user=0.04 sys=0.00, real=0.01 secs] 
2021-08-19T14:31:48.827+0800: 79396.425: [GC (Allocation Failure) [PSYoungGen: 83360K->448K(84992K)] 247469K->164557K(279552K), 0.0022438 secs] [Times: user=0.02 sys=0.00, real=0.00 secs] 
2021-08-19T14:32:13.329+0800: 79420.926: [GC (Allocation Failure) [PSYoungGen: 83392K->416K(84992K)] 247501K->164525K(279552K), 0.0025369 secs] [Times: user=0.02 sys=0.00, real=0.01 secs] 
2021-08-19T14:32:37.925+0800: 79445.523: [GC (Allocation Failure) [PSYoungGen: 83360K->416K(84992K)] 247469K->164557K(279552K), 0.0078341 secs] [Times: user=0.04 sys=0.00, real=0.01 secs] 
2021-08-19T14:32:58.603+0800: 79466.201: [GC (Allocation Failure) [PSYoungGen: 83360K->1024K(84992K)] 247501K->165205K(279552K), 0.0029937 secs] [Times: user=0.02 sys=0.00, real=0.00 secs] 
2021-08-19T14:33:18.660+0800: 79486.258: [GC (Allocation Failure) [PSYoungGen: 83968K->1120K(84992K)] 248149K->165325K(279552K), 0.0025721 secs] [Times: user=0.01 sys=0.00, real=0.00 secs] 
2021-08-19T14:33:41.472+0800: 79509.070: [GC (Allocation Failure) [PSYoungGen: 84064K->416K(84992K)] 248269K->164621K(279552K), 0.0054221 secs] [Times: user=0.04 sys=0.00, real=0.00 secs] 
2021-08-19T14:34:03.375+0800: 79530.973: [GC (Allocation Failure) [PSYoungGen: 83360K->448K(84992K)] 247565K->164661K(279552K), 0.0069396 secs] [Times: user=0.04 sys=0.00, real=0.01 secs] 
2021-08-19T14:34:28.590+0800: 79556.187: [GC (Allocation Failure) [PSYoungGen: 83392K->672K(84992K)] 247605K->164917K(279552K), 0.0021190 secs] [Times: user=0.02 sys=0.00, real=0.01 secs] 
2021-08-19T14:34:48.640+0800: 79576.238: [GC (Allocation Failure) [PSYoungGen: 83616K->1376K(84992K)] 247861K->165781K(279552K), 0.0048506 secs] [Times: user=0.04 sys=0.00, real=0.00 secs] 
2021-08-19T14:35:08.610+0800: 79596.208: [GC (Allocation Failure) [PSYoungGen: 84320K->1056K(84992K)] 248725K->165461K(279552K), 0.0021168 secs] [Times: user=0.02 sys=0.00, real=0.00 secs] 
2021-08-19T14:35:28.610+0800: 79616.208: [GC (Allocation Failure) [PSYoungGen: 84000K->1280K(84992K)] 248405K->165765K(279552K), 0.0026126 secs] [Times: user=0.02 sys=0.00, real=0.01 secs] 
2021-08-19T14:35:49.470+0800: 79637.067: [GC (Allocation Failure) [PSYoungGen: 84224K->256K(84992K)] 248709K->164741K(279552K), 0.0051144 secs] [Times: user=0.03 sys=0.00, real=0.01 secs] 
2021-08-19T14:36:14.830+0800: 79662.428: [GC (Allocation Failure) [PSYoungGen: 83200K->416K(84992K)] 247685K->164901K(279552K), 0.0070160 secs] [Times: user=0.05 sys=0.00, real=0.01 secs] 
2021-08-19T14:36:38.605+0800: 79686.202: [GC (Allocation Failure) [PSYoungGen: 83360K->1216K(84992K)] 247845K->165733K(279552K), 0.0022909 secs] [Times: user=0.02 sys=0.00, real=0.00 secs] 
2021-08-19T14:36:58.616+0800: 79706.214: [GC (Allocation Failure) [PSYoungGen: 84160K->1344K(84992K)] 248677K->165885K(279552K), 0.0025014 secs] [Times: user=0.02 sys=0.00, real=0.00 secs] 
2021-08-19T14:37:24.832+0800: 79732.430: [GC (Allocation Failure) [PSYoungGen: 84288K->416K(84992K)] 248829K->164957K(279552K), 0.0077345 secs] [Times: user=0.05 sys=0.00, real=0.00 secs] 
2021-08-19T14:37:48.605+0800: 79756.203: [GC (Allocation Failure) [PSYoungGen: 83360K->1248K(84992K)] 247901K->165805K(279552K), 0.0021575 secs] [Times: user=0.02 sys=0.00, real=0.00 secs] 
2021-08-19T14:38:08.618+0800: 79776.216: [GC (Allocation Failure) [PSYoungGen: 84192K->1312K(84992K)] 248749K->165965K(279552K), 0.0022755 secs] [Times: user=0.02 sys=0.00, real=0.01 secs] 
2021-08-19T14:38:30.459+0800: 79798.057: [GC (Allocation Failure) [PSYoungGen: 84256K->352K(84992K)] 248909K->165005K(279552K), 0.0074486 secs] [Times: user=0.04 sys=0.00, real=0.01 secs] 
2021-08-19T14:38:53.836+0800: 79821.434: [GC (Allocation Failure) [PSYoungGen: 83296K->384K(84992K)] 247949K->165045K(279552K), 0.0061126 secs] [Times: user=0.04 sys=0.00, real=0.01 secs] 
2021-08-19T14:39:17.834+0800: 79845.432: [GC (Allocation Failure) [PSYoungGen: 83328K->416K(84992K)] 247989K->165109K(279552K), 0.0072976 secs] [Times: user=0.04 sys=0.00, real=0.01 secs] 
2021-08-19T14:39:38.606+0800: 79866.204: [GC (Allocation Failure) [PSYoungGen: 83360K->1248K(84992K)] 248053K->165981K(279552K), 0.0022225 secs] [Times: user=0.02 sys=0.00, real=0.00 secs] 
2021-08-19T14:39:58.616+0800: 79886.213: [GC (Allocation Failure) [PSYoungGen: 84192K->1024K(84992K)] 248925K->165757K(279552K), 0.0022623 secs] [Times: user=0.02 sys=0.00, real=0.00 secs] 
2021-08-19T14:40:20.331+0800: 79907.928: [GC (Allocation Failure) [PSYoungGen: 83968K->416K(84992K)] 248701K->165157K(279552K), 0.0061424 secs] [Times: user=0.04 sys=0.00, real=0.00 secs] 
2021-08-19T14:40:45.332+0800: 79932.929: [GC (Allocation Failure) [PSYoungGen: 83360K->448K(84992K)] 248101K->165229K(279552K), 0.0073365 secs] [Times: user=0.05 sys=0.00, real=0.00 secs] 
2021-08-19T14:41:08.607+0800: 79956.205: [GC (Allocation Failure) [PSYoungGen: 83392K->1280K(84992K)] 248173K->166085K(279552K), 0.0022275 secs] [Times: user=0.01 sys=0.00, real=0.00 secs] 
2021-08-19T14:41:28.621+0800: 79976.219: [GC (Allocation Failure) [PSYoungGen: 84224K->1520K(83968K)] 249029K->166365K(278528K), 0.0027631 secs] [Times: user=0.02 sys=0.00, real=0.00 secs] 
2021-08-19T14:41:54.336+0800: 80001.934: [GC (Allocation Failure) [PSYoungGen: 83440K->448K(84480K)] 248285K->165317K(279040K), 0.0070386 secs] [Times: user=0.05 sys=0.00, real=0.01 secs] 
2021-08-19T14:42:18.605+0800: 80026.203: [GC (Allocation Failure) [PSYoungGen: 82368K->1424K(83968K)] 247237K->166293K(278528K), 0.0023292 secs] [Times: user=0.01 sys=0.00, real=0.00 secs] 
2021-08-19T14:42:38.618+0800: 80046.216: [GC (Allocation Failure) [PSYoungGen: 83344K->1664K(84480K)] 248213K->166533K(279040K), 0.0024187 secs] [Times: user=0.02 sys=0.00, real=0.01 secs] 
2021-08-19T14:43:02.002+0800: 80069.600: [GC (Allocation Failure) [PSYoungGen: 83584K->976K(84480K)] 248453K->165845K(279040K), 0.0075082 secs] [Times: user=0.04 sys=0.00, real=0.00 secs] 
2021-08-19T14:43:25.961+0800: 80093.559: [GC (Allocation Failure) [PSYoungGen: 82896K->1072K(84480K)] 247765K->165941K(279040K), 0.0075644 secs] [Times: user=0.05 sys=0.00, real=0.00 secs] 
2021-08-19T14:43:48.609+0800: 80116.207: [GC (Allocation Failure) [PSYoungGen: 82992K->2032K(84480K)] 247861K->166901K(279040K), 0.0027837 secs] [Times: user=0.02 sys=0.00, real=0.01 secs] 
2021-08-19T14:44:08.623+0800: 80136.220: [GC (Allocation Failure) [PSYoungGen: 83952K->2016K(83968K)] 248821K->166917K(278528K), 0.0027445 secs] [Times: user=0.02 sys=0.00, real=0.00 secs] 
2021-08-19T14:44:34.452+0800: 80162.050: [GC (Allocation Failure) [PSYoungGen: 83936K->1104K(84480K)] 248837K->166029K(279040K), 0.0072437 secs] [Times: user=0.05 sys=0.00, real=0.00 secs] 
2021-08-19T14:44:58.617+0800: 80186.215: [GC (Allocation Failure) [PSYoungGen: 82512K->1808K(83968K)] 247437K->166741K(278528K), 0.0023173 secs] [Times: user=0.02 sys=0.00, real=0.00 secs] 
2021-08-19T14:45:18.620+0800: 80206.218: [GC (Allocation Failure) [PSYoungGen: 83216K->1968K(83456K)] 248149K->166909K(278016K), 0.0024419 secs] [Times: user=0.01 sys=0.00, real=0.00 secs] 
2021-08-19T14:45:42.330+0800: 80229.928: [GC (Allocation Failure) [PSYoungGen: 82864K->976K(83968K)] 247805K->165941K(278528K), 0.0071318 secs] [Times: user=0.04 sys=0.00, real=0.01 secs] 
2021-08-19T14:46:08.603+0800: 80256.201: [GC (Allocation Failure) [PSYoungGen: 81872K->1344K(84480K)] 246837K->166333K(279040K), 0.0021474 secs] [Times: user=0.02 sys=0.00, real=0.00 secs] 
2021-08-19T14:46:28.613+0800: 80276.211: [GC (Allocation Failure) [PSYoungGen: 82752K->1328K(83968K)] 247741K->166445K(278528K), 0.0025750 secs] [Times: user=0.02 sys=0.00, real=0.00 secs] 
2021-08-19T14:46:48.830+0800: 80296.428: [GC (Allocation Failure) [PSYoungGen: 82736K->976K(84480K)] 247853K->166093K(279040K), 0.0051438 secs] [Times: user=0.05 sys=0.00, real=0.00 secs] 
2021-08-19T14:47:16.454+0800: 80324.052: [GC (Allocation Failure) [PSYoungGen: 82896K->832K(84480K)] 248013K->166173K(279040K), 0.0073118 secs] [Times: user=0.05 sys=0.00, real=0.01 secs] 
2021-08-19T14:47:38.612+0800: 80346.210: [GC (Allocation Failure) [PSYoungGen: 82752K->1888K(84480K)] 248093K->167245K(279040K), 0.0025421 secs] [Times: user=0.02 sys=0.00, real=0.00 secs] 
2021-08-19T14:47:58.626+0800: 80366.223: [GC (Allocation Failure) [PSYoungGen: 83808K->1296K(84480K)] 249165K->166965K(279040K), 0.0026786 secs] [Times: user=0.03 sys=0.00, real=0.00 secs] 
2021-08-19T14:48:25.459+0800: 80393.056: [GC (Allocation Failure) [PSYoungGen: 83216K->512K(84480K)] 248885K->166397K(279040K), 0.0077453 secs] [Times: user=0.05 sys=0.00, real=0.01 secs] 
2021-08-19T14:48:48.611+0800: 80416.208: [GC (Allocation Failure) [PSYoungGen: 82432K->1296K(84480K)] 248317K->167325K(279040K), 0.0027098 secs] [Times: user=0.02 sys=0.01, real=0.00 secs] 
2021-08-19T14:49:08.624+0800: 80436.222: [GC (Allocation Failure) [PSYoungGen: 83216K->1360K(84480K)] 249245K->167437K(279040K), 0.0023052 secs] [Times: user=0.01 sys=0.00, real=0.00 secs] 
2021-08-19T14:49:34.336+0800: 80461.933: [GC (Allocation Failure) [PSYoungGen: 83280K->384K(84480K)] 249357K->166485K(279040K), 0.0070420 secs] [Times: user=0.04 sys=0.00, real=0.01 secs] 
2021-08-19T14:49:58.609+0800: 80486.207: [GC (Allocation Failure) [PSYoungGen: 82304K->1184K(84480K)] 248405K->167317K(279040K), 0.0022895 secs] [Times: user=0.01 sys=0.00, real=0.01 secs] 
2021-08-19T14:50:18.623+0800: 80506.220: [GC (Allocation Failure) [PSYoungGen: 83104K->1152K(84480K)] 249237K->167413K(279040K), 0.0025619 secs] [Times: user=0.02 sys=0.00, real=0.00 secs] 
2021-08-19T14:50:43.228+0800: 80530.826: [GC (Allocation Failure) [PSYoungGen: 83072K->384K(84480K)] 249333K->166645K(279040K), 0.0080433 secs] [Times: user=0.05 sys=0.00, real=0.01 secs] 
2021-08-19T14:51:08.606+0800: 80556.204: [GC (Allocation Failure) [PSYoungGen: 82304K->832K(84480K)] 248565K->167117K(279040K), 0.0022286 secs] [Times: user=0.02 sys=0.00, real=0.00 secs] 
2021-08-19T14:51:28.621+0800: 80576.219: [GC (Allocation Failure) [PSYoungGen: 82752K->992K(84992K)] 249037K->167277K(279552K), 0.0024262 secs] [Times: user=0.02 sys=0.00, real=0.00 secs] 
2021-08-19T14:51:52.483+0800: 80600.081: [GC (Allocation Failure) [PSYoungGen: 83936K->448K(84992K)] 250221K->166733K(279552K), 0.0074810 secs] [Times: user=0.05 sys=0.00, real=0.01 secs] 
2021-08-19T14:52:18.606+0800: 80626.204: [GC (Allocation Failure) [PSYoungGen: 83392K->800K(84992K)] 249677K->167093K(279552K), 0.0023116 secs] [Times: user=0.01 sys=0.00, real=0.00 secs] 
2021-08-19T14:52:38.620+0800: 80646.218: [GC (Allocation Failure) [PSYoungGen: 83744K->736K(84992K)] 250037K->167029K(279552K), 0.0022034 secs] [Times: user=0.01 sys=0.00, real=0.01 secs] 
2021-08-19T14:53:02.335+0800: 80669.933: [GC (Allocation Failure) [PSYoungGen: 83680K->352K(84992K)] 249973K->166645K(279552K), 0.0071841 secs] [Times: user=0.05 sys=0.00, real=0.01 secs] 
2021-08-19T14:53:28.606+0800: 80696.204: [GC (Allocation Failure) [PSYoungGen: 83296K->704K(84992K)] 249589K->167021K(279552K), 0.0020655 secs] [Times: user=0.01 sys=0.00, real=0.00 secs] 
2021-08-19T14:53:48.621+0800: 80716.219: [GC (Allocation Failure) [PSYoungGen: 83648K->992K(84992K)] 249965K->167309K(279552K), 0.0025702 secs] [Times: user=0.02 sys=0.00, real=0.00 secs] 
2021-08-19T14:54:12.831+0800: 80740.429: [GC (Allocation Failure) [PSYoungGen: 83936K->416K(84992K)] 250253K->166733K(279552K), 0.0071945 secs] [Times: user=0.04 sys=0.01, real=0.00 secs] 
2021-08-19T14:54:38.608+0800: 80766.205: [GC (Allocation Failure) [PSYoungGen: 83360K->800K(84992K)] 249677K->167117K(279552K), 0.0024432 secs] [Times: user=0.01 sys=0.00, real=0.00 secs] 
2021-08-19T14:54:58.623+0800: 80786.220: [GC (Allocation Failure) [PSYoungGen: 83744K->992K(84992K)] 250061K->167309K(279552K), 0.0028309 secs] [Times: user=0.01 sys=0.00, real=0.00 secs] 
2021-08-19T14:55:19.833+0800: 80807.431: [GC (Allocation Failure) [PSYoungGen: 83936K->352K(84992K)] 250253K->166677K(279552K), 0.0075311 secs] [Times: user=0.04 sys=0.00, real=0.01 secs] 
2021-08-19T14:55:47.381+0800: 80834.979: [GC (Allocation Failure) [PSYoungGen: 83296K->416K(84992K)] 249621K->166741K(279552K), 0.0071311 secs] [Times: user=0.05 sys=0.00, real=0.00 secs] 
2021-08-19T14:56:08.618+0800: 80856.216: [GC (Allocation Failure) [PSYoungGen: 83360K->416K(84992K)] 249685K->166741K(279552K), 0.0021013 secs] [Times: user=0.01 sys=0.00, real=0.00 secs] 
2021-08-19T14:56:29.832+0800: 80877.430: [GC (Allocation Failure) [PSYoungGen: 83360K->384K(84992K)] 249685K->166709K(279552K), 0.0068574 secs] [Times: user=0.04 sys=0.00, real=0.00 secs] 
2021-08-19T14:56:56.841+0800: 80904.438: [GC (Allocation Failure) [PSYoungGen: 83328K->416K(85504K)] 249653K->166741K(280064K), 0.0072225 secs] [Times: user=0.05 sys=0.00, real=0.00 secs] 
2021-08-19T14:57:18.612+0800: 80926.210: [GC (Allocation Failure) [PSYoungGen: 83872K->352K(84992K)] 250197K->166677K(279552K), 0.0023134 secs] [Times: user=0.01 sys=0.00, real=0.00 secs] 
2021-08-19T14:57:39.828+0800: 80947.426: [GC (Allocation Failure) [PSYoungGen: 83808K->352K(85504K)] 250133K->166701K(280064K), 0.0075639 secs] [Times: user=0.04 sys=0.00, real=0.01 secs] 
2021-08-19T14:58:07.833+0800: 80975.431: [GC (Allocation Failure) [PSYoungGen: 84320K->384K(85504K)] 250669K->166749K(280064K), 0.0070733 secs] [Times: user=0.04 sys=0.00, real=0.00 secs] 
2021-08-19T14:58:28.622+0800: 80996.219: [GC (Allocation Failure) [PSYoungGen: 84352K->672K(85504K)] 250717K->167037K(280064K), 0.0022529 secs] [Times: user=0.02 sys=0.00, real=0.00 secs] 
2021-08-19T14:58:51.833+0800: 81019.431: [GC (Allocation Failure) [PSYoungGen: 84640K->384K(85504K)] 251005K->166749K(280064K), 0.0071490 secs] [Times: user=0.04 sys=0.00, real=0.01 secs] 
2021-08-19T14:59:18.612+0800: 81046.210: [GC (Allocation Failure) [PSYoungGen: 84352K->704K(85504K)] 250717K->167069K(280064K), 0.0021369 secs] [Times: user=0.01 sys=0.00, real=0.00 secs] 
2021-08-19T14:59:38.628+0800: 81066.226: [GC (Allocation Failure) [PSYoungGen: 84672K->1088K(85504K)] 251037K->167453K(280064K), 0.0023076 secs] [Times: user=0.02 sys=0.00, real=0.01 secs] 
2021-08-19T15:00:03.832+0800: 81091.430: [GC (Allocation Failure) [PSYoungGen: 85056K->416K(85504K)] 251421K->166781K(280064K), 0.0077078 secs] [Times: user=0.04 sys=0.00, real=0.01 secs] 
2021-08-19T15:00:28.618+0800: 81116.215: [GC (Allocation Failure) [PSYoungGen: 84384K->1184K(85504K)] 250749K->167549K(280064K), 0.0022368 secs] [Times: user=0.02 sys=0.00, real=0.00 secs] 
2021-08-19T15:00:48.634+0800: 81136.232: [GC (Allocation Failure) [PSYoungGen: 85152K->864K(85504K)] 251517K->167229K(280064K), 0.0025166 secs] [Times: user=0.02 sys=0.00, real=0.00 secs] 
2021-08-19T15:01:16.631+0800: 81164.229: [GC (Allocation Failure) [PSYoungGen: 84832K->320K(85504K)] 251197K->166749K(280064K), 0.0073939 secs] [Times: user=0.05 sys=0.00, real=0.00 secs] 
2021-08-19T15:01:38.622+0800: 81186.220: [GC (Allocation Failure) [PSYoungGen: 84288K->896K(85504K)] 250717K->167325K(280064K), 0.0025324 secs] [Times: user=0.02 sys=0.00, real=0.00 secs] 
2021-08-19T15:02:00.335+0800: 81207.933: [GC (Allocation Failure) [PSYoungGen: 84864K->416K(85504K)] 251293K->166845K(280064K), 0.0069502 secs] [Times: user=0.05 sys=0.00, real=0.01 secs] 
2021-08-19T15:02:28.614+0800: 81236.212: [GC (Allocation Failure) [PSYoungGen: 84384K->640K(85504K)] 250813K->167069K(280064K), 0.0020744 secs] [Times: user=0.02 sys=0.00, real=0.00 secs] 
2021-08-19T15:02:48.629+0800: 81256.226: [GC (Allocation Failure) [PSYoungGen: 84608K->512K(85504K)] 251037K->166941K(280064K), 0.0025631 secs] [Times: user=0.02 sys=0.00, real=0.01 secs] 
2021-08-19T15:03:13.334+0800: 81280.932: [GC (Allocation Failure) [PSYoungGen: 84480K->384K(85504K)] 250909K->166813K(280064K), 0.0069488 secs] [Times: user=0.04 sys=0.00, real=0.01 secs] 
2021-08-19T15:03:38.623+0800: 81306.221: [GC (Allocation Failure) [PSYoungGen: 84352K->1088K(85504K)] 250781K->167549K(280064K), 0.0020746 secs] [Times: user=0.02 sys=0.00, real=0.00 secs] 
2021-08-19T15:03:58.634+0800: 81326.231: [GC (Allocation Failure) [PSYoungGen: 85056K->1248K(84480K)] 251517K->167709K(279040K), 0.0024586 secs] [Times: user=0.01 sys=0.01, real=0.00 secs] 
2021-08-19T15:04:25.531+0800: 81353.129: [GC (Allocation Failure) [PSYoungGen: 84192K->352K(84992K)] 250653K->166813K(279552K), 0.0072219 secs] [Times: user=0.05 sys=0.00, real=0.00 secs] 
2021-08-19T15:04:48.622+0800: 81376.219: [GC (Allocation Failure) [PSYoungGen: 83296K->1248K(84480K)] 249757K->167717K(279040K), 0.0026955 secs] [Times: user=0.02 sys=0.00, real=0.00 secs] 
2021-08-19T15:05:08.634+0800: 81396.232: [GC (Allocation Failure) [PSYoungGen: 84192K->800K(84992K)] 250661K->167269K(279552K), 0.0022077 secs] [Times: user=0.02 sys=0.00, real=0.00 secs] 
2021-08-19T15:05:35.851+0800: 81423.449: [GC (Allocation Failure) [PSYoungGen: 83744K->384K(84992K)] 250213K->166853K(279552K), 0.0074778 secs] [Times: user=0.04 sys=0.00, real=0.00 secs] 
2021-08-19T15:05:58.623+0800: 81446.221: [GC (Allocation Failure) [PSYoungGen: 83328K->1184K(84992K)] 249797K->167653K(279552K), 0.0023429 secs] [Times: user=0.02 sys=0.00, real=0.00 secs] 
2021-08-19T15:06:18.638+0800: 81466.236: [GC (Allocation Failure) [PSYoungGen: 84128K->896K(84992K)] 250597K->167365K(279552K), 0.0025161 secs] [Times: user=0.02 sys=0.00, real=0.01 secs] 
2021-08-19T15:06:46.332+0800: 81493.930: [GC (Allocation Failure) [PSYoungGen: 83840K->416K(84992K)] 250309K->166885K(279552K), 0.0069662 secs] [Times: user=0.04 sys=0.00, real=0.00 secs] 
2021-08-19T15:07:08.628+0800: 81516.225: [GC (Allocation Failure) [PSYoungGen: 83360K->1216K(84992K)] 249829K->167685K(279552K), 0.0021956 secs] [Times: user=0.02 sys=0.00, real=0.00 secs] 
2021-08-19T15:07:28.828+0800: 81536.426: [GC (Allocation Failure) [PSYoungGen: 84160K->320K(84992K)] 250629K->166789K(279552K), 0.0028577 secs] [Times: user=0.02 sys=0.00, real=0.01 secs] 
2021-08-19T15:07:56.330+0800: 81563.928: [GC (Allocation Failure) [PSYoungGen: 83264K->416K(84992K)] 249733K->166885K(279552K), 0.0061232 secs] [Times: user=0.04 sys=0.00, real=0.00 secs] 
2021-08-19T15:08:18.632+0800: 81586.230: [GC (Allocation Failure) [PSYoungGen: 83360K->1312K(84992K)] 249829K->167781K(279552K), 0.0024622 secs] [Times: user=0.01 sys=0.00, real=0.00 secs] 
2021-08-19T15:08:38.829+0800: 81606.427: [GC (Allocation Failure) [PSYoungGen: 84256K->320K(84992K)] 250725K->166797K(279552K), 0.0075011 secs] [Times: user=0.04 sys=0.00, real=0.01 secs] 
2021-08-19T15:09:06.334+0800: 81633.931: [GC (Allocation Failure) [PSYoungGen: 83264K->416K(84992K)] 249741K->166893K(279552K), 0.0071046 secs] [Times: user=0.05 sys=0.00, real=0.01 secs] 
2021-08-19T15:09:28.632+0800: 81656.230: [GC (Allocation Failure) [PSYoungGen: 83360K->1312K(84992K)] 249837K->167789K(279552K), 0.0025927 secs] [Times: user=0.02 sys=0.00, real=0.00 secs] 
2021-08-19T15:09:48.830+0800: 81676.428: [GC (Allocation Failure) [PSYoungGen: 84256K->320K(84992K)] 250733K->166797K(279552K), 0.0070909 secs] [Times: user=0.04 sys=0.00, real=0.01 secs] 
2021-08-19T15:10:16.532+0800: 81704.130: [GC (Allocation Failure) [PSYoungGen: 83264K->352K(84992K)] 249741K->166837K(279552K), 0.0077502 secs] [Times: user=0.04 sys=0.01, real=0.00 secs] 
2021-08-19T15:10:38.634+0800: 81726.232: [GC (Allocation Failure) [PSYoungGen: 83296K->1408K(84992K)] 249781K->167893K(279552K), 0.0021665 secs] [Times: user=0.02 sys=0.00, real=0.00 secs] 
2021-08-19T15:10:58.830+0800: 81746.428: [GC (Allocation Failure) [PSYoungGen: 84352K->416K(84992K)] 250837K->166901K(279552K), 0.0071151 secs] [Times: user=0.04 sys=0.00, real=0.00 secs] 
2021-08-19T15:11:26.334+0800: 81773.931: [GC (Allocation Failure) [PSYoungGen: 83360K->576K(84992K)] 249845K->167061K(279552K), 0.0070335 secs] [Times: user=0.05 sys=0.00, real=0.01 secs] 
2021-08-19T15:11:48.636+0800: 81796.234: [GC (Allocation Failure) [PSYoungGen: 83520K->1648K(84992K)] 250005K->168133K(279552K), 0.0026084 secs] [Times: user=0.02 sys=0.00, real=0.00 secs] 
2021-08-19T15:12:08.649+0800: 81816.247: [GC (Allocation Failure) [PSYoungGen: 84592K->1424K(84480K)] 251077K->167909K(279040K), 0.0024053 secs] [Times: user=0.02 sys=0.00, real=0.01 secs] 
2021-08-19T15:12:35.844+0800: 81843.441: [GC (Allocation Failure) [PSYoungGen: 84368K->944K(84992K)] 250853K->167429K(279552K), 0.0073424 secs] [Times: user=0.05 sys=0.00, real=0.01 secs] 
2021-08-19T15:12:58.637+0800: 81866.235: [GC (Allocation Failure) [PSYoungGen: 83376K->2000K(84480K)] 249861K->168485K(279040K), 0.0024130 secs] [Times: user=0.02 sys=0.00, real=0.00 secs] 
2021-08-19T15:13:18.650+0800: 81886.247: [GC (Allocation Failure) [PSYoungGen: 84432K->1648K(84480K)] 250917K->168133K(279040K), 0.0025049 secs] [Times: user=0.02 sys=0.00, real=0.01 secs] 
2021-08-19T15:13:44.337+0800: 81911.935: [GC (Allocation Failure) [PSYoungGen: 83568K->1088K(84480K)] 250053K->167573K(279040K), 0.0077781 secs] [Times: user=0.05 sys=0.00, real=0.01 secs] 
2021-08-19T15:14:08.635+0800: 81936.233: [GC (Allocation Failure) [PSYoungGen: 83008K->1840K(84480K)] 249493K->168325K(279040K), 0.0022835 secs] [Times: user=0.02 sys=0.00, real=0.00 secs] 
2021-08-19T15:14:28.648+0800: 81956.246: [GC (Allocation Failure) [PSYoungGen: 83760K->1872K(83968K)] 250245K->168357K(278528K), 0.0023815 secs] [Times: user=0.01 sys=0.00, real=0.01 secs] 
2021-08-19T15:14:52.534+0800: 81980.132: [GC (Allocation Failure) [PSYoungGen: 83792K->1008K(84480K)] 250277K->167525K(279040K), 0.0074844 secs] [Times: user=0.04 sys=0.00, real=0.01 secs] 
2021-08-19T15:15:18.631+0800: 82006.229: [GC (Allocation Failure) [PSYoungGen: 82416K->1376K(83968K)] 248933K->167893K(278528K), 0.0020701 secs] [Times: user=0.02 sys=0.00, real=0.00 secs] 
2021-08-19T15:15:38.640+0800: 82026.237: [GC (Allocation Failure) [PSYoungGen: 82784K->1456K(84480K)] 249301K->167973K(279040K), 0.0027557 secs] [Times: user=0.02 sys=0.00, real=0.01 secs] 
2021-08-19T15:16:00.342+0800: 82047.940: [GC (Allocation Failure) [PSYoungGen: 83376K->1056K(84480K)] 249893K->167573K(279040K), 0.0075001 secs] [Times: user=0.05 sys=0.01, real=0.00 secs] 
2021-08-19T15:16:27.333+0800: 82074.931: [GC (Allocation Failure) [PSYoungGen: 82976K->976K(84480K)] 249493K->167621K(279040K), 0.0074685 secs] [Times: user=0.04 sys=0.01, real=0.01 secs] 
2021-08-19T15:16:48.643+0800: 82096.241: [GC (Allocation Failure) [PSYoungGen: 82896K->2048K(84480K)] 249541K->168701K(279040K), 0.0026058 secs] [Times: user=0.02 sys=0.00, real=0.00 secs] 
2021-08-19T15:17:08.661+0800: 82116.259: [GC (Allocation Failure) [PSYoungGen: 83968K->1424K(84480K)] 250621K->168349K(279040K), 0.0025635 secs] [Times: user=0.01 sys=0.01, real=0.00 secs] 
2021-08-19T15:17:35.834+0800: 82143.432: [GC (Allocation Failure) [PSYoungGen: 83344K->672K(84480K)] 250269K->167733K(279040K), 0.0072205 secs] [Times: user=0.05 sys=0.00, real=0.01 secs] 
2021-08-19T15:17:58.643+0800: 82166.241: [GC (Allocation Failure) [PSYoungGen: 82592K->1456K(84480K)] 249653K->168637K(279040K), 0.0024868 secs] [Times: user=0.02 sys=0.00, real=0.00 secs] 
2021-08-19T15:18:18.657+0800: 82186.254: [GC (Allocation Failure) [PSYoungGen: 83376K->1264K(84480K)] 250557K->168725K(279040K), 0.0027888 secs] [Times: user=0.02 sys=0.00, real=0.00 secs] 
2021-08-19T15:18:43.337+0800: 82210.935: [GC (Allocation Failure) [PSYoungGen: 83184K->432K(84480K)] 250645K->167893K(279040K), 0.0069435 secs] [Times: user=0.04 sys=0.00, real=0.01 secs] 
2021-08-19T15:19:08.640+0800: 82236.238: [GC (Allocation Failure) [PSYoungGen: 82352K->800K(84480K)] 249813K->168285K(279040K), 0.0025889 secs] [Times: user=0.02 sys=0.00, real=0.00 secs] 
2021-08-19T15:19:28.655+0800: 82256.252: [GC (Allocation Failure) [PSYoungGen: 82720K->832K(84480K)] 250205K->168469K(279040K), 0.0028137 secs] [Times: user=0.01 sys=0.00, real=0.00 secs] 
2021-08-19T15:19:51.833+0800: 82279.430: [GC (Allocation Failure) [PSYoungGen: 82752K->384K(84480K)] 250389K->168045K(279040K), 0.0071098 secs] [Times: user=0.05 sys=0.00, real=0.00 secs] 
2021-08-19T15:20:18.336+0800: 82305.934: [GC (Allocation Failure) [PSYoungGen: 82304K->352K(84480K)] 249965K->168013K(279040K), 0.0073857 secs] [Times: user=0.04 sys=0.00, real=0.01 secs] 
2021-08-19T15:20:38.653+0800: 82326.251: [GC (Allocation Failure) [PSYoungGen: 82272K->352K(84480K)] 249933K->168013K(279040K), 0.0023078 secs] [Times: user=0.01 sys=0.00, real=0.00 secs] 
2021-08-19T15:20:59.334+0800: 82346.932: [GC (Allocation Failure) [PSYoungGen: 82272K->384K(84480K)] 249933K->168045K(279040K), 0.0071516 secs] [Times: user=0.04 sys=0.00, real=0.01 secs] 
2021-08-19T15:21:25.839+0800: 82373.437: [GC (Allocation Failure) [PSYoungGen: 82304K->416K(84480K)] 249965K->168101K(279040K), 0.0073873 secs] [Times: user=0.05 sys=0.01, real=0.01 secs] 
2021-08-19T15:21:48.646+0800: 82396.243: [GC (Allocation Failure) [PSYoungGen: 82336K->1216K(84480K)] 250021K->168901K(279040K), 0.0023967 secs] [Times: user=0.01 sys=0.00, real=0.00 secs] 
2021-08-19T15:22:08.658+0800: 82416.256: [GC (Allocation Failure) [PSYoungGen: 83136K->1216K(84480K)] 250821K->168901K(279040K), 0.0023420 secs] [Times: user=0.02 sys=0.00, real=0.01 secs] 
2021-08-19T15:22:34.337+0800: 82441.934: [GC (Allocation Failure) [PSYoungGen: 83136K->352K(84480K)] 250821K->168037K(279040K), 0.0069453 secs] [Times: user=0.04 sys=0.00, real=0.01 secs] 
2021-08-19T15:22:58.645+0800: 82466.243: [GC (Allocation Failure) [PSYoungGen: 82272K->768K(84480K)] 249957K->168453K(279040K), 0.0022647 secs] [Times: user=0.02 sys=0.00, real=0.00 secs] 
2021-08-19T15:23:18.659+0800: 82486.257: [GC (Allocation Failure) [PSYoungGen: 82688K->992K(84992K)] 250373K->168685K(279552K), 0.0023539 secs] [Times: user=0.02 sys=0.00, real=0.01 secs] 
2021-08-19T15:23:42.642+0800: 82510.239: [GC (Allocation Failure) [PSYoungGen: 83936K->352K(84992K)] 251629K->168045K(279552K), 0.0071025 secs] [Times: user=0.05 sys=0.00, real=0.00 secs] 
2021-08-19T15:24:08.643+0800: 82536.240: [GC (Allocation Failure) [PSYoungGen: 83296K->704K(84992K)] 250989K->168397K(279552K), 0.0024675 secs] [Times: user=0.01 sys=0.00, real=0.00 secs] 
2021-08-19T15:24:28.657+0800: 82556.254: [GC (Allocation Failure) [PSYoungGen: 83648K->1024K(84992K)] 251341K->168717K(279552K), 0.0021751 secs] [Times: user=0.01 sys=0.00, real=0.00 secs] 
2021-08-19T15:24:52.340+0800: 82579.938: [GC (Allocation Failure) [PSYoungGen: 83968K->352K(84992K)] 251661K->168045K(279552K), 0.0072033 secs] [Times: user=0.04 sys=0.01, real=0.00 secs] 
2021-08-19T15:25:18.646+0800: 82606.243: [GC (Allocation Failure) [PSYoungGen: 83296K->704K(84992K)] 250989K->168397K(279552K), 0.0026262 secs] [Times: user=0.02 sys=0.00, real=0.00 secs] 
2021-08-19T15:25:38.660+0800: 82626.258: [GC (Allocation Failure) [PSYoungGen: 83648K->992K(84992K)] 251341K->168685K(279552K), 0.0021069 secs] [Times: user=0.02 sys=0.00, real=0.00 secs] 
2021-08-19T15:26:02.336+0800: 82649.934: [GC (Allocation Failure) [PSYoungGen: 83936K->320K(84992K)] 251629K->168013K(279552K), 0.0070577 secs] [Times: user=0.04 sys=0.00, real=0.01 secs] 
2021-08-19T15:26:28.646+0800: 82676.244: [GC (Allocation Failure) [PSYoungGen: 83264K->672K(84992K)] 250957K->168365K(279552K), 0.0020614 secs] [Times: user=0.02 sys=0.00, real=0.00 secs] 
2021-08-19T15:26:48.660+0800: 82696.258: [GC (Allocation Failure) [PSYoungGen: 83616K->448K(84992K)] 251309K->168141K(279552K), 0.0021842 secs] [Times: user=0.01 sys=0.00, real=0.01 secs] 
2021-08-19T15:27:11.836+0800: 82719.434: [GC (Allocation Failure) [PSYoungGen: 83392K->416K(85504K)] 251085K->168109K(280064K), 0.0077215 secs] [Times: user=0.04 sys=0.00, real=0.01 secs] 
2021-08-19T15:27:38.648+0800: 82746.246: [GC (Allocation Failure) [PSYoungGen: 83872K->704K(84992K)] 251565K->168397K(279552K), 0.0020260 secs] [Times: user=0.02 sys=0.00, real=0.00 secs] 
2021-08-19T15:27:58.666+0800: 82766.264: [GC (Allocation Failure) [PSYoungGen: 84160K->704K(85504K)] 251853K->168397K(280064K), 0.0024241 secs] [Times: user=0.02 sys=0.00, real=0.00 secs] 
2021-08-19T15:28:22.126+0800: 82789.724: [GC (Allocation Failure) [PSYoungGen: 84672K->416K(85504K)] 252365K->168109K(280064K), 0.0072315 secs] [Times: user=0.05 sys=0.00, real=0.01 secs] 
2021-08-19T15:28:48.640+0800: 82816.238: [GC (Allocation Failure) [PSYoungGen: 84384K->640K(85504K)] 252077K->168333K(280064K), 0.0021870 secs] [Times: user=0.02 sys=0.00, real=0.00 secs] 
2021-08-19T15:29:08.661+0800: 82836.259: [GC (Allocation Failure) [PSYoungGen: 84608K->448K(85504K)] 252301K->168141K(280064K), 0.0022732 secs] [Times: user=0.01 sys=0.00, real=0.00 secs] 
2021-08-19T15:29:32.337+0800: 82859.934: [GC (Allocation Failure) [PSYoungGen: 84416K->384K(85504K)] 252109K->168077K(280064K), 0.0072572 secs] [Times: user=0.05 sys=0.00, real=0.01 secs] 
2021-08-19T15:29:57.837+0800: 82885.434: [GC (Allocation Failure) [PSYoungGen: 84352K->416K(85504K)] 252045K->168109K(280064K), 0.0070324 secs] [Times: user=0.05 sys=0.00, real=0.01 secs] 
2021-08-19T15:30:17.840+0800: 82905.438: [GC (Allocation Failure) [PSYoungGen: 84384K->416K(85504K)] 252077K->168109K(280064K), 0.0074546 secs] [Times: user=0.04 sys=0.01, real=0.00 secs] 
2021-08-19T15:30:38.657+0800: 82926.255: [GC (Allocation Failure) [PSYoungGen: 84384K->512K(85504K)] 252077K->168205K(280064K), 0.0020677 secs] [Times: user=0.02 sys=0.00, real=0.00 secs] 
2021-08-19T15:31:00.336+0800: 82947.933: [GC (Allocation Failure) [PSYoungGen: 84480K->384K(85504K)] 252173K->168077K(280064K), 0.0069657 secs] [Times: user=0.05 sys=0.00, real=0.01 secs] 
2021-08-19T15:31:27.520+0800: 82975.118: [GC (Allocation Failure) [PSYoungGen: 84352K->320K(85504K)] 252045K->168029K(280064K), 0.0071274 secs] [Times: user=0.05 sys=0.00, real=0.00 secs] 
2021-08-19T15:31:48.656+0800: 82996.254: [GC (Allocation Failure) [PSYoungGen: 84288K->992K(85504K)] 251997K->168701K(280064K), 0.0022737 secs] [Times: user=0.01 sys=0.00, real=0.00 secs] 
2021-08-19T15:32:09.519+0800: 83017.116: [GC (Allocation Failure) [PSYoungGen: 84960K->352K(85504K)] 252669K->168061K(280064K), 0.0068804 secs] [Times: user=0.04 sys=0.00, real=0.01 secs] 
2021-08-19T15:32:36.341+0800: 83043.939: [GC (Allocation Failure) [PSYoungGen: 84320K->384K(85504K)] 252029K->168093K(280064K), 0.0072302 secs] [Times: user=0.04 sys=0.00, real=0.00 secs] 
2021-08-19T15:32:58.659+0800: 83066.257: [GC (Allocation Failure) [PSYoungGen: 84352K->1216K(85504K)] 252061K->168925K(280064K), 0.0024991 secs] [Times: user=0.02 sys=0.00, real=0.01 secs] 
2021-08-19T15:33:18.671+0800: 83086.269: [GC (Allocation Failure) [PSYoungGen: 85184K->896K(85504K)] 252893K->168605K(280064K), 0.0022715 secs] [Times: user=0.01 sys=0.00, real=0.00 secs] 
2021-08-19T15:33:45.335+0800: 83112.933: [GC (Allocation Failure) [PSYoungGen: 84864K->320K(85504K)] 252573K->168029K(280064K), 0.0023955 secs] [Times: user=0.01 sys=0.00, real=0.00 secs] 
2021-08-19T15:34:08.658+0800: 83136.255: [GC (Allocation Failure) [PSYoungGen: 84288K->1184K(85504K)] 251997K->168933K(280064K), 0.0021108 secs] [Times: user=0.01 sys=0.00, real=0.00 secs] 
2021-08-19T15:34:28.670+0800: 83156.268: [GC (Allocation Failure) [PSYoungGen: 85152K->1248K(85504K)] 252901K->168997K(280064K), 0.0027499 secs] [Times: user=0.02 sys=0.00, real=0.00 secs] 
2021-08-19T15:34:54.344+0800: 83181.941: [GC (Allocation Failure) [PSYoungGen: 85216K->384K(84480K)] 252965K->168141K(279040K), 0.0072151 secs] [Times: user=0.05 sys=0.00, real=0.01 secs] 
2021-08-19T15:35:18.659+0800: 83206.257: [GC (Allocation Failure) [PSYoungGen: 83328K->1056K(84992K)] 251085K->168813K(279552K), 0.0023436 secs] [Times: user=0.01 sys=0.00, real=0.01 secs] 
2021-08-19T15:35:38.670+0800: 83226.268: [GC (Allocation Failure) [PSYoungGen: 84000K->1152K(84992K)] 251757K->168941K(279552K), 0.0024833 secs] [Times: user=0.02 sys=0.00, real=0.01 secs] 
2021-08-19T15:36:02.845+0800: 83250.442: [GC (Allocation Failure) [PSYoungGen: 84096K->384K(84992K)] 251885K->168189K(279552K), 0.0074188 secs] [Times: user=0.05 sys=0.00, real=0.01 secs] 
2021-08-19T15:36:28.659+0800: 83276.256: [GC (Allocation Failure) [PSYoungGen: 83328K->448K(84992K)] 251133K->168253K(279552K), 0.0024920 secs] [Times: user=0.01 sys=0.00, real=0.01 secs] 
2021-08-19T15:36:48.672+0800: 83296.270: [GC (Allocation Failure) [PSYoungGen: 83392K->1056K(84992K)] 251197K->168861K(279552K), 0.0026174 secs] [Times: user=0.02 sys=0.00, real=0.00 secs] 
2021-08-19T15:37:13.337+0800: 83320.935: [GC (Allocation Failure) [PSYoungGen: 84000K->320K(84992K)] 251805K->168125K(279552K), 0.0021496 secs] [Times: user=0.02 sys=0.00, real=0.00 secs] 
2021-08-19T15:37:38.659+0800: 83346.257: [GC (Allocation Failure) [PSYoungGen: 83264K->864K(84992K)] 251069K->168669K(279552K), 0.0023827 secs] [Times: user=0.02 sys=0.00, real=0.01 secs] 
2021-08-19T15:37:58.673+0800: 83366.271: [GC (Allocation Failure) [PSYoungGen: 83808K->1120K(84992K)] 251613K->168933K(279552K), 0.0024723 secs] [Times: user=0.02 sys=0.00, real=0.00 secs] 
2021-08-19T15:38:23.841+0800: 83391.439: [GC (Allocation Failure) [PSYoungGen: 84064K->384K(84992K)] 251877K->168237K(279552K), 0.0070335 secs] [Times: user=0.05 sys=0.00, real=0.00 secs] 
2021-08-19T15:38:48.660+0800: 83416.258: [GC (Allocation Failure) [PSYoungGen: 83328K->928K(84992K)] 251181K->168781K(279552K), 0.0020448 secs] [Times: user=0.02 sys=0.00, real=0.01 secs] 
2021-08-19T15:39:08.673+0800: 83436.271: [GC (Allocation Failure) [PSYoungGen: 83872K->1152K(84992K)] 251725K->169005K(279552K), 0.0023945 secs] [Times: user=0.02 sys=0.00, real=0.00 secs] 
2021-08-19T15:39:33.428+0800: 83461.025: [GC (Allocation Failure) [PSYoungGen: 84096K->352K(84992K)] 251949K->168205K(279552K), 0.0071484 secs] [Times: user=0.04 sys=0.00, real=0.01 secs] 
2021-08-19T15:39:58.658+0800: 83486.255: [GC (Allocation Failure) [PSYoungGen: 83296K->416K(84992K)] 251149K->168269K(279552K), 0.0022606 secs] [Times: user=0.01 sys=0.00, real=0.00 secs] 
2021-08-19T15:40:18.673+0800: 83506.271: [GC (Allocation Failure) [PSYoungGen: 83360K->1120K(84992K)] 251213K->168973K(279552K), 0.0023151 secs] [Times: user=0.02 sys=0.00, real=0.00 secs] 
2021-08-19T15:40:42.512+0800: 83530.110: [GC (Allocation Failure) [PSYoungGen: 84064K->432K(84992K)] 251917K->168285K(279552K), 0.0051739 secs] [Times: user=0.05 sys=0.00, real=0.00 secs] 
2021-08-19T15:41:08.656+0800: 83556.254: [GC (Allocation Failure) [PSYoungGen: 83376K->1024K(84992K)] 251229K->168877K(279552K), 0.0021640 secs] [Times: user=0.01 sys=0.00, real=0.00 secs] 
2021-08-19T15:41:28.670+0800: 83576.268: [GC (Allocation Failure) [PSYoungGen: 83968K->1168K(84992K)] 251821K->169021K(279552K), 0.0022684 secs] [Times: user=0.02 sys=0.01, real=0.00 secs] 
2021-08-19T15:41:51.841+0800: 83599.438: [GC (Allocation Failure) [PSYoungGen: 84112K->912K(84992K)] 251965K->168765K(279552K), 0.0078108 secs] [Times: user=0.05 sys=0.00, real=0.00 secs] 
2021-08-19T15:42:17.846+0800: 83625.444: [GC (Allocation Failure) [PSYoungGen: 83856K->992K(84992K)] 251709K->168845K(279552K), 0.0076245 secs] [Times: user=0.05 sys=0.00, real=0.01 secs] 
2021-08-19T15:42:38.663+0800: 83646.260: [GC (Allocation Failure) [PSYoungGen: 83936K->1968K(84992K)] 251789K->169821K(279552K), 0.0024499 secs] [Times: user=0.02 sys=0.00, real=0.00 secs] 
2021-08-19T15:42:58.677+0800: 83666.274: [GC (Allocation Failure) [PSYoungGen: 84912K->1920K(84992K)] 252765K->169773K(279552K), 0.0028157 secs] [Times: user=0.02 sys=0.00, real=0.00 secs] 
2021-08-19T15:43:20.849+0800: 83688.447: [GC (Allocation Failure) [PSYoungGen: 84864K->1088K(83968K)] 252717K->168941K(278528K), 0.0021154 secs] [Times: user=0.02 sys=0.00, real=0.01 secs] 
2021-08-19T15:43:48.664+0800: 83716.262: [GC (Allocation Failure) [PSYoungGen: 83008K->2096K(84480K)] 250861K->169949K(279040K), 0.0022730 secs] [Times: user=0.02 sys=0.01, real=0.00 secs] 
2021-08-19T15:44:18.657+0800: 83746.255: [GC (Allocation Failure) [PSYoungGen: 84016K->1376K(84480K)] 251869K->169229K(279040K), 0.0021713 secs] [Times: user=0.02 sys=0.00, real=0.00 secs] 
2021-08-19T15:44:45.847+0800: 83773.445: [GC (Allocation Failure) [PSYoungGen: 83296K->1024K(84480K)] 251149K->168877K(279040K), 0.0062138 secs] [Times: user=0.04 sys=0.00, real=0.01 secs] 
2021-08-19T15:45:12.457+0800: 83800.055: [GC (Allocation Failure) [PSYoungGen: 82944K->992K(84480K)] 250797K->168845K(279040K), 0.0022135 secs] [Times: user=0.02 sys=0.00, real=0.00 secs] 
2021-08-19T15:45:38.779+0800: 83826.377: [GC (Allocation Failure) [PSYoungGen: 82912K->1088K(84480K)] 250765K->168941K(279040K), 0.0081038 secs] [Times: user=0.04 sys=0.00, real=0.01 secs] 
2021-08-19T15:46:18.666+0800: 83866.263: [GC (Allocation Failure) [PSYoungGen: 83008K->1488K(84480K)] 250861K->169341K(279040K), 0.0022930 secs] [Times: user=0.01 sys=0.00, real=0.00 secs] 
2021-08-19T15:46:57.346+0800: 83904.944: [GC (Allocation Failure) [PSYoungGen: 83408K->960K(84480K)] 251261K->168973K(279040K), 0.0039182 secs] [Times: user=0.03 sys=0.01, real=0.01 secs] 
2021-08-19T15:47:55.344+0800: 83962.941: [GC (Allocation Failure) [PSYoungGen: 82880K->992K(84992K)] 250893K->169013K(279552K), 0.0073001 secs] [Times: user=0.05 sys=0.00, real=0.01 secs] 
2021-08-19T15:48:53.846+0800: 84021.443: [GC (Allocation Failure) [PSYoungGen: 83424K->736K(84480K)] 251445K->169061K(279040K), 0.0058518 secs] [Times: user=0.05 sys=0.00, real=0.01 secs] 
2021-08-19T15:49:52.748+0800: 84080.346: [GC (Allocation Failure) [PSYoungGen: 83168K->608K(84992K)] 251493K->169141K(279552K), 0.0062391 secs] [Times: user=0.04 sys=0.00, real=0.01 secs] 
2021-08-19T15:50:51.509+0800: 84139.107: [GC (Allocation Failure) [PSYoungGen: 83552K->432K(84992K)] 252085K->169189K(279552K), 0.0076174 secs] [Times: user=0.05 sys=0.00, real=0.01 secs] 
2021-08-19T15:51:50.345+0800: 84197.943: [GC (Allocation Failure) [PSYoungGen: 83376K->432K(84992K)] 252133K->169326K(279552K), 0.0069176 secs] [Times: user=0.05 sys=0.00, real=0.01 secs] 
2021-08-19T15:52:48.848+0800: 84256.446: [GC (Allocation Failure) [PSYoungGen: 83376K->384K(84992K)] 252270K->169277K(279552K), 0.0070433 secs] [Times: user=0.05 sys=0.00, real=0.01 secs] 
2021-08-19T15:53:47.900+0800: 84315.498: [GC (Allocation Failure) [PSYoungGen: 83328K->416K(84992K)] 252221K->169438K(279552K), 0.0035870 secs] [Times: user=0.03 sys=0.00, real=0.00 secs] 
2021-08-19T15:54:47.352+0800: 84374.950: [GC (Allocation Failure) [PSYoungGen: 83360K->320K(84992K)] 252382K->169382K(279552K), 0.0070864 secs] [Times: user=0.05 sys=0.00, real=0.00 secs] 
2021-08-19T15:55:46.507+0800: 84434.105: [GC (Allocation Failure) [PSYoungGen: 83264K->352K(84992K)] 252326K->169494K(279552K), 0.0068575 secs] [Times: user=0.04 sys=0.00, real=0.01 secs] 
2021-08-19T15:56:45.508+0800: 84493.105: [GC (Allocation Failure) [PSYoungGen: 83296K->320K(84992K)] 252438K->169462K(279552K), 0.0074695 secs] [Times: user=0.05 sys=0.00, real=0.01 secs] 
2021-08-19T15:57:44.359+0800: 84551.957: [GC (Allocation Failure) [PSYoungGen: 83264K->384K(84992K)] 252406K->169526K(279552K), 0.0076040 secs] [Times: user=0.04 sys=0.00, real=0.01 secs] 
2021-08-19T15:58:42.862+0800: 84610.459: [GC (Allocation Failure) [PSYoungGen: 83328K->352K(84992K)] 252470K->169494K(279552K), 0.0057645 secs] [Times: user=0.04 sys=0.00, real=0.00 secs] 
2021-08-19T15:59:42.359+0800: 84669.957: [GC (Allocation Failure) [PSYoungGen: 83296K->352K(84992K)] 252438K->169494K(279552K), 0.0073617 secs] [Times: user=0.04 sys=0.00, real=0.01 secs] 
2021-08-19T16:00:41.862+0800: 84729.460: [GC (Allocation Failure) [PSYoungGen: 83296K->384K(84992K)] 252438K->169534K(279552K), 0.0075580 secs] [Times: user=0.05 sys=0.00, real=0.00 secs] 
2021-08-19T16:01:40.863+0800: 84788.460: [GC (Allocation Failure) [PSYoungGen: 83328K->352K(85504K)] 252478K->169534K(280064K), 0.0070581 secs] [Times: user=0.04 sys=0.00, real=0.00 secs] 
2021-08-19T16:02:39.859+0800: 84847.457: [GC (Allocation Failure) [PSYoungGen: 83808K->416K(84992K)] 252990K->169598K(279552K), 0.0070861 secs] [Times: user=0.04 sys=0.00, real=0.01 secs] 
2021-08-19T16:03:39.041+0800: 84906.639: [GC (Allocation Failure) [PSYoungGen: 83872K->352K(85504K)] 253054K->169542K(280064K), 0.0074918 secs] [Times: user=0.05 sys=0.00, real=0.00 secs] 
2021-08-19T16:04:39.353+0800: 84966.951: [GC (Allocation Failure) [PSYoungGen: 84320K->384K(85504K)] 253510K->169574K(280064K), 0.0069796 secs] [Times: user=0.05 sys=0.00, real=0.01 secs] 
2021-08-19T16:05:38.913+0800: 85026.511: [GC (Allocation Failure) [PSYoungGen: 84352K->384K(85504K)] 253542K->169574K(280064K), 0.0071718 secs] [Times: user=0.04 sys=0.00, real=0.01 secs] 
2021-08-19T16:06:38.507+0800: 85086.105: [GC (Allocation Failure) [PSYoungGen: 84352K->416K(85504K)] 253542K->169606K(280064K), 0.0072234 secs] [Times: user=0.04 sys=0.00, real=0.01 secs] 
2021-08-19T16:07:37.950+0800: 85145.547: [GC (Allocation Failure) [PSYoungGen: 84384K->352K(85504K)] 253574K->169542K(280064K), 0.0071037 secs] [Times: user=0.04 sys=0.00, real=0.01 secs] 
2021-08-19T16:08:37.935+0800: 85205.533: [GC (Allocation Failure) [PSYoungGen: 84320K->320K(85504K)] 253510K->169510K(280064K), 0.0069084 secs] [Times: user=0.05 sys=0.00, real=0.01 secs] 
2021-08-19T16:09:37.302+0800: 85264.899: [GC (Allocation Failure) [PSYoungGen: 84288K->384K(85504K)] 253478K->169574K(280064K), 0.0071439 secs] [Times: user=0.05 sys=0.00, real=0.00 secs] 
2021-08-19T16:10:34.867+0800: 85322.465: [GC (Allocation Failure) [PSYoungGen: 84352K->544K(85504K)] 253542K->169734K(280064K), 0.0078378 secs] [Times: user=0.04 sys=0.00, real=0.01 secs] 
2021-08-19T16:11:34.061+0800: 85381.659: [GC (Allocation Failure) [PSYoungGen: 84512K->848K(85504K)] 253702K->170038K(280064K), 0.0073511 secs] [Times: user=0.05 sys=0.00, real=0.00 secs] 
2021-08-19T16:12:31.506+0800: 85439.104: [GC (Allocation Failure) [PSYoungGen: 84816K->960K(85504K)] 254006K->170150K(280064K), 0.0076489 secs] [Times: user=0.05 sys=0.00, real=0.01 secs] 
2021-08-19T16:13:28.866+0800: 85496.464: [GC (Allocation Failure) [PSYoungGen: 84928K->1072K(85504K)] 254118K->170270K(280064K), 0.0076092 secs] [Times: user=0.04 sys=0.01, real=0.01 secs] 
2021-08-19T16:14:25.870+0800: 85553.468: [GC (Allocation Failure) [PSYoungGen: 85040K->1072K(85504K)] 254238K->170270K(280064K), 0.0059183 secs] [Times: user=0.05 sys=0.00, real=0.01 secs] 
2021-08-19T16:15:23.441+0800: 85611.039: [GC (Allocation Failure) [PSYoungGen: 85040K->976K(85504K)] 254238K->170174K(280064K), 0.0072633 secs] [Times: user=0.04 sys=0.00, real=0.00 secs] 
2021-08-19T16:16:21.504+0800: 85669.102: [GC (Allocation Failure) [PSYoungGen: 84944K->1088K(85504K)] 254142K->170286K(280064K), 0.0076074 secs] [Times: user=0.04 sys=0.01, real=0.01 secs] 
2021-08-19T16:17:19.506+0800: 85727.104: [GC (Allocation Failure) [PSYoungGen: 85056K->1040K(84480K)] 254254K->170246K(279040K), 0.0075979 secs] [Times: user=0.04 sys=0.00, real=0.01 secs] 
2021-08-19T16:18:17.447+0800: 85785.045: [GC (Allocation Failure) [PSYoungGen: 83984K->1072K(84992K)] 253190K->170286K(279552K), 0.0077053 secs] [Times: user=0.05 sys=0.00, real=0.01 secs] 
2021-08-19T16:19:15.869+0800: 85843.467: [GC (Allocation Failure) [PSYoungGen: 84016K->1088K(84992K)] 253230K->170302K(279552K), 0.0074665 secs] [Times: user=0.04 sys=0.00, real=0.01 secs] 
2021-08-19T16:20:13.425+0800: 85901.023: [GC (Allocation Failure) [PSYoungGen: 84032K->1040K(84992K)] 253246K->170270K(279552K), 0.0072299 secs] [Times: user=0.04 sys=0.00, real=0.01 secs] 
2021-08-19T16:21:11.374+0800: 85958.972: [GC (Allocation Failure) [PSYoungGen: 83984K->1104K(84992K)] 253214K->170342K(279552K), 0.0073000 secs] [Times: user=0.04 sys=0.00, real=0.01 secs] 
2021-08-19T16:22:08.707+0800: 86016.305: [GC (Allocation Failure) [PSYoungGen: 84048K->1024K(84992K)] 253286K->170270K(279552K), 0.0071719 secs] [Times: user=0.04 sys=0.00, real=0.01 secs] 
2021-08-19T16:23:06.053+0800: 86073.650: [GC (Allocation Failure) [PSYoungGen: 83968K->1056K(84992K)] 253214K->170302K(279552K), 0.0075630 secs] [Times: user=0.05 sys=0.00, real=0.01 secs] 
2021-08-19T16:24:03.374+0800: 86130.971: [GC (Allocation Failure) [PSYoungGen: 84000K->992K(84992K)] 253246K->170398K(279552K), 0.0075369 secs] [Times: user=0.05 sys=0.00, real=0.01 secs] 
2021-08-19T16:25:00.871+0800: 86188.468: [GC (Allocation Failure) [PSYoungGen: 83936K->896K(85504K)] 253342K->170526K(280064K), 0.0076477 secs] [Times: user=0.04 sys=0.00, real=0.00 secs] 
2021-08-19T16:25:58.703+0800: 86246.301: [GC (Allocation Failure) [PSYoungGen: 84352K->592K(84992K)] 253982K->170590K(279552K), 0.0050282 secs] [Times: user=0.05 sys=0.00, real=0.00 secs] 
2021-08-19T16:26:56.625+0800: 86304.223: [GC (Allocation Failure) [PSYoungGen: 84048K->416K(84480K)] 254046K->170622K(279040K), 0.0072087 secs] [Times: user=0.05 sys=0.00, real=0.01 secs] 
2021-08-19T16:27:54.367+0800: 86361.965: [GC (Allocation Failure) [PSYoungGen: 83360K->384K(84992K)] 253566K->170726K(279552K), 0.0072551 secs] [Times: user=0.04 sys=0.00, real=0.01 secs] 
2021-08-19T16:28:51.867+0800: 86419.464: [GC (Allocation Failure) [PSYoungGen: 83328K->352K(84992K)] 253670K->170710K(279552K), 0.0072687 secs] [Times: user=0.05 sys=0.00, real=0.01 secs] 
2021-08-19T16:29:53.369+0800: 86480.967: [GC (Allocation Failure) [PSYoungGen: 83296K->320K(84992K)] 253654K->170678K(279552K), 0.0036172 secs] [Times: user=0.04 sys=0.00, real=0.01 secs] 
2021-08-19T16:30:55.870+0800: 86543.468: [GC (Allocation Failure) [PSYoungGen: 83264K->352K(85504K)] 253622K->170718K(280064K), 0.0059016 secs] [Times: user=0.04 sys=0.00, real=0.00 secs] 
2021-08-19T16:32:01.739+0800: 86609.337: [GC (Allocation Failure) [PSYoungGen: 84320K->384K(85504K)] 254686K->170806K(280064K), 0.0072950 secs] [Times: user=0.05 sys=0.00, real=0.01 secs] 
2021-08-19T16:33:08.021+0800: 86675.619: [GC (Allocation Failure) [PSYoungGen: 84352K->320K(85504K)] 254774K->170758K(280064K), 0.0071419 secs] [Times: user=0.05 sys=0.00, real=0.00 secs] 
2021-08-19T16:34:14.097+0800: 86741.695: [GC (Allocation Failure) [PSYoungGen: 84288K->384K(85504K)] 254726K->170822K(280064K), 0.0071114 secs] [Times: user=0.05 sys=0.00, real=0.01 secs] 
2021-08-19T16:35:20.381+0800: 86807.979: [GC (Allocation Failure) [PSYoungGen: 84352K->320K(85504K)] 254790K->170758K(280064K), 0.0064654 secs] [Times: user=0.05 sys=0.00, real=0.00 secs] 
2021-08-19T16:36:22.362+0800: 86869.960: [GC (Allocation Failure) [PSYoungGen: 84288K->384K(85504K)] 254726K->170830K(280064K), 0.0074764 secs] [Times: user=0.04 sys=0.00, real=0.00 secs] 
2021-08-19T16:37:24.353+0800: 86931.951: [GC (Allocation Failure) [PSYoungGen: 84352K->352K(85504K)] 254798K->170822K(280064K), 0.0069930 secs] [Times: user=0.04 sys=0.01, real=0.01 secs] 
2021-08-19T16:38:28.363+0800: 86995.961: [GC (Allocation Failure) [PSYoungGen: 84320K->384K(85504K)] 254790K->170854K(280064K), 0.0073428 secs] [Times: user=0.05 sys=0.00, real=0.01 secs] 
2021-08-19T16:39:33.221+0800: 87060.819: [GC (Allocation Failure) [PSYoungGen: 84352K->448K(85504K)] 254822K->170942K(280064K), 0.0076959 secs] [Times: user=0.04 sys=0.00, real=0.00 secs] 
2021-08-19T16:40:36.026+0800: 87123.624: [GC (Allocation Failure) [PSYoungGen: 84416K->608K(85504K)] 254910K->171102K(280064K), 0.0075701 secs] [Times: user=0.05 sys=0.00, real=0.01 secs] 
2021-08-19T16:41:37.365+0800: 87184.963: [GC (Allocation Failure) [PSYoungGen: 84576K->976K(85504K)] 255070K->171478K(280064K), 0.0075494 secs] [Times: user=0.04 sys=0.00, real=0.01 secs] 
2021-08-19T16:42:39.895+0800: 87247.492: [GC (Allocation Failure) [PSYoungGen: 84944K->1056K(85504K)] 255446K->171574K(280064K), 0.0079644 secs] [Times: user=0.05 sys=0.00, real=0.01 secs] 
2021-08-19T16:43:41.672+0800: 87309.270: [GC (Allocation Failure) [PSYoungGen: 85024K->976K(85504K)] 255542K->171494K(280064K), 0.0075551 secs] [Times: user=0.05 sys=0.00, real=0.00 secs] 
2021-08-19T16:44:43.362+0800: 87370.960: [GC (Allocation Failure) [PSYoungGen: 84944K->1104K(85504K)] 255462K->171630K(280064K), 0.0075554 secs] [Times: user=0.04 sys=0.00, real=0.00 secs] 
2021-08-19T16:45:44.865+0800: 87432.463: [GC (Allocation Failure) [PSYoungGen: 85072K->976K(85504K)] 255598K->171502K(280064K), 0.0075299 secs] [Times: user=0.04 sys=0.00, real=0.01 secs] 
2021-08-19T16:46:49.863+0800: 87497.461: [GC (Allocation Failure) [PSYoungGen: 84944K->960K(84992K)] 255470K->171494K(279552K), 0.0074357 secs] [Times: user=0.05 sys=0.00, real=0.01 secs] 
2021-08-19T16:47:54.356+0800: 87561.954: [GC (Allocation Failure) [PSYoungGen: 84928K->992K(84992K)] 255462K->171534K(279552K), 0.0071915 secs] [Times: user=0.05 sys=0.00, real=0.01 secs] 
2021-08-19T16:49:00.365+0800: 87627.963: [GC (Allocation Failure) [PSYoungGen: 83936K->1040K(84992K)] 254478K->171590K(279552K), 0.0077453 secs] [Times: user=0.04 sys=0.00, real=0.01 secs] 
2021-08-19T16:50:06.642+0800: 87694.239: [GC (Allocation Failure) [PSYoungGen: 83984K->1056K(84992K)] 254534K->171614K(279552K), 0.0066725 secs] [Times: user=0.05 sys=0.00, real=0.00 secs] 
2021-08-19T16:51:05.362+0800: 87752.960: [GC (Allocation Failure) [PSYoungGen: 84000K->1411K(84992K)] 254558K->171977K(279552K), 0.0062437 secs] [Times: user=0.05 sys=0.00, real=0.00 secs] 
2021-08-19T16:52:12.371+0800: 87819.968: [GC (Allocation Failure) [PSYoungGen: 84355K->1202K(84992K)] 254921K->171768K(279552K), 0.0075100 secs] [Times: user=0.05 sys=0.01, real=0.00 secs] 
2021-08-19T16:53:18.734+0800: 87886.332: [GC (Allocation Failure) [PSYoungGen: 84146K->1282K(84992K)] 254712K->171928K(279552K), 0.0080646 secs] [Times: user=0.05 sys=0.00, real=0.01 secs] 
2021-08-19T16:54:25.863+0800: 87953.460: [GC (Allocation Failure) [PSYoungGen: 84226K->1202K(84992K)] 254872K->171848K(279552K), 0.0073569 secs] [Times: user=0.05 sys=0.00, real=0.01 secs] 
2021-08-19T16:55:32.383+0800: 88019.981: [GC (Allocation Failure) [PSYoungGen: 84146K->1122K(84992K)] 254792K->172000K(279552K), 0.0076730 secs] [Times: user=0.05 sys=0.00, real=0.01 secs] 
2021-08-19T16:56:38.866+0800: 88086.464: [GC (Allocation Failure) [PSYoungGen: 84066K->978K(84992K)] 254944K->172088K(279552K), 0.0076481 secs] [Times: user=0.05 sys=0.00, real=0.01 secs] 
2021-08-19T16:57:46.358+0800: 88153.956: [GC (Allocation Failure) [PSYoungGen: 83922K->641K(84992K)] 255032K->172224K(279552K), 0.0032726 secs] [Times: user=0.02 sys=0.00, real=0.01 secs] 
2021-08-19T16:58:51.859+0800: 88219.457: [GC (Allocation Failure) [PSYoungGen: 83585K->561K(84992K)] 255168K->172288K(279552K), 0.0076144 secs] [Times: user=0.05 sys=0.00, real=0.01 secs] 
2021-08-19T16:59:58.366+0800: 88285.964: [GC (Allocation Failure) [PSYoungGen: 83505K->529K(84992K)] 255232K->172280K(279552K), 0.0072159 secs] [Times: user=0.04 sys=0.01, real=0.01 secs] 
2021-08-19T17:01:05.551+0800: 88353.149: [GC (Allocation Failure) [PSYoungGen: 83473K->529K(84992K)] 255224K->172280K(279552K), 0.0073326 secs] [Times: user=0.05 sys=0.00, real=0.00 secs] 
2021-08-19T17:02:12.367+0800: 88419.964: [GC (Allocation Failure) [PSYoungGen: 83473K->593K(84992K)] 255224K->172344K(279552K), 0.0061183 secs] [Times: user=0.04 sys=0.00, real=0.01 secs] 
2021-08-19T17:03:18.751+0800: 88486.349: [GC (Allocation Failure) [PSYoungGen: 83537K->561K(84992K)] 255288K->172312K(279552K), 0.0075165 secs] [Times: user=0.05 sys=0.01, real=0.00 secs] 
2021-08-19T17:04:25.369+0800: 88552.967: [GC (Allocation Failure) [PSYoungGen: 83505K->593K(84992K)] 255256K->172408K(279552K), 0.0072762 secs] [Times: user=0.04 sys=0.00, real=0.01 secs] 
2021-08-19T17:05:32.367+0800: 88619.965: [GC (Allocation Failure) [PSYoungGen: 83537K->593K(85504K)] 255352K->172456K(280064K), 0.0076575 secs] [Times: user=0.05 sys=0.00, real=0.01 secs] 
2021-08-19T17:06:38.753+0800: 88686.351: [GC (Allocation Failure) [PSYoungGen: 84049K->561K(84992K)] 255912K->172464K(279552K), 0.0029329 secs] [Times: user=0.02 sys=0.01, real=0.00 secs] 
2021-08-19T17:07:45.370+0800: 88752.968: [GC (Allocation Failure) [PSYoungGen: 84017K->320K(85504K)] 255920K->172464K(280064K), 0.0069918 secs] [Times: user=0.04 sys=0.00, real=0.00 secs] 
2021-08-19T17:08:53.366+0800: 88820.963: [GC (Allocation Failure) [PSYoungGen: 84288K->368K(85504K)] 256432K->172528K(280064K), 0.0075391 secs] [Times: user=0.04 sys=0.00, real=0.01 secs] 
2021-08-19T17:10:00.369+0800: 88887.967: [GC (Allocation Failure) [PSYoungGen: 84336K->448K(85504K)] 256496K->172608K(280064K), 0.0023220 secs] [Times: user=0.01 sys=0.00, real=0.01 secs] 
2021-08-19T17:11:05.906+0800: 88953.504: [GC (Allocation Failure) [PSYoungGen: 84416K->1040K(85504K)] 256576K->173200K(280064K), 0.0077914 secs] [Times: user=0.05 sys=0.00, real=0.01 secs] 
2021-08-19T17:12:05.081+0800: 89012.679: [GC (Allocation Failure) [PSYoungGen: 85008K->1104K(84480K)] 257168K->173776K(279040K), 0.0075261 secs] [Times: user=0.05 sys=0.00, real=0.00 secs] 
2021-08-19T17:13:10.371+0800: 89077.969: [GC (Allocation Failure) [PSYoungGen: 84048K->1184K(84992K)] 256720K->173856K(279552K), 0.0070661 secs] [Times: user=0.05 sys=0.00, real=0.00 secs] 
2021-08-19T17:14:16.368+0800: 89143.966: [GC (Allocation Failure) [PSYoungGen: 84128K->1136K(84992K)] 256800K->173808K(279552K), 0.0070338 secs] [Times: user=0.04 sys=0.00, real=0.01 secs] 
2021-08-19T17:15:21.369+0800: 89208.967: [GC (Allocation Failure) [PSYoungGen: 84080K->1184K(84992K)] 256752K->173888K(279552K), 0.0075102 secs] [Times: user=0.05 sys=0.00, real=0.01 secs] 
2021-08-19T17:16:27.371+0800: 89274.969: [GC (Allocation Failure) [PSYoungGen: 84128K->1104K(84992K)] 256832K->173808K(279552K), 0.0065854 secs] [Times: user=0.05 sys=0.00, real=0.00 secs] 
2021-08-19T17:17:33.368+0800: 89340.966: [GC (Allocation Failure) [PSYoungGen: 84048K->1168K(84992K)] 256752K->173872K(279552K), 0.0072829 secs] [Times: user=0.05 sys=0.00, real=0.01 secs] 
2021-08-19T17:18:38.754+0800: 89406.352: [GC (Allocation Failure) [PSYoungGen: 84112K->1104K(84992K)] 256816K->173808K(279552K), 0.0075830 secs] [Times: user=0.04 sys=0.00, real=0.01 secs] 
2021-08-19T17:19:44.137+0800: 89471.734: [GC (Allocation Failure) [PSYoungGen: 84048K->1152K(84992K)] 256752K->173864K(279552K), 0.0076434 secs] [Times: user=0.04 sys=0.00, real=0.01 secs] 
2021-08-19T17:20:49.885+0800: 89537.482: [GC (Allocation Failure) [PSYoungGen: 84096K->1136K(84992K)] 256808K->173848K(279552K), 0.0077349 secs] [Times: user=0.05 sys=0.00, real=0.01 secs] 
2021-08-19T17:21:55.370+0800: 89602.968: [GC (Allocation Failure) [PSYoungGen: 84080K->1168K(84992K)] 256792K->173880K(279552K), 0.0082140 secs] [Times: user=0.05 sys=0.00, real=0.00 secs] 
2021-08-19T17:22:53.508+0800: 89661.106: [GC (Allocation Failure) [PSYoungGen: 84112K->1776K(84992K)] 256824K->174488K(279552K), 0.0057568 secs] [Times: user=0.04 sys=0.00, real=0.01 secs] 
2021-08-19T17:23:58.873+0800: 89726.471: [GC (Allocation Failure) [PSYoungGen: 84720K->1792K(84992K)] 257432K->174504K(279552K), 0.0073427 secs] [Times: user=0.05 sys=0.00, real=0.01 secs] 
2021-08-19T17:25:04.470+0800: 89792.067: [GC (Allocation Failure) [PSYoungGen: 84736K->1696K(83968K)] 257448K->174528K(278528K), 0.0073952 secs] [Times: user=0.05 sys=0.00, real=0.01 secs] 
2021-08-19T17:25:57.374+0800: 89844.972: [GC (Allocation Failure) [PSYoungGen: 83616K->2480K(84480K)] 256448K->175432K(279040K), 0.0062155 secs] [Times: user=0.05 sys=0.00, real=0.01 secs] 
2021-08-19T17:27:01.563+0800: 89909.161: [GC (Allocation Failure) [PSYoungGen: 84400K->1952K(83456K)] 257352K->175528K(278016K), 0.0071679 secs] [Times: user=0.04 sys=0.00, real=0.01 secs] 
2021-08-19T17:28:02.201+0800: 89969.799: [GC (Allocation Failure) [PSYoungGen: 82848K->1728K(83968K)] 256424K->175561K(278528K), 0.0081527 secs] [Times: user=0.05 sys=0.00, real=0.00 secs] 
2021-08-19T17:29:00.370+0800: 90027.968: [GC (Allocation Failure) [PSYoungGen: 82624K->1792K(83968K)] 256457K->175625K(278528K), 0.0057328 secs] [Times: user=0.04 sys=0.00, real=0.00 secs] 
2021-08-19T17:30:00.375+0800: 90087.973: [GC (Allocation Failure) [PSYoungGen: 82688K->1760K(83968K)] 256521K->175593K(278528K), 0.0073291 secs] [Times: user=0.04 sys=0.00, real=0.01 secs] 
2021-08-19T17:31:04.873+0800: 90152.471: [GC (Allocation Failure) [PSYoungGen: 82656K->1760K(83968K)] 256489K->175593K(278528K), 0.0073996 secs] [Times: user=0.05 sys=0.01, real=0.01 secs] 
2021-08-19T17:32:06.439+0800: 90214.037: [GC (Allocation Failure) [PSYoungGen: 82656K->1952K(83968K)] 256489K->175785K(278528K), 0.0027818 secs] [Times: user=0.02 sys=0.00, real=0.01 secs] 
2021-08-19T17:32:48.774+0800: 90256.372: [GC (Allocation Failure) [PSYoungGen: 82848K->2784K(83968K)] 256681K->176617K(278528K), 0.0022198 secs] [Times: user=0.02 sys=0.00, real=0.00 secs] 
2021-08-19T17:33:18.769+0800: 90286.367: [GC (Allocation Failure) [PSYoungGen: 83680K->2048K(83968K)] 257513K->175881K(278528K), 0.0022494 secs] [Times: user=0.02 sys=0.00, real=0.01 secs] 
2021-08-19T17:33:38.771+0800: 90306.368: [GC (Allocation Failure) [PSYoungGen: 82944K->2240K(82944K)] 256777K->176073K(277504K), 0.0026460 secs] [Times: user=0.02 sys=0.00, real=0.00 secs] 
2021-08-19T17:33:58.777+0800: 90326.375: [GC (Allocation Failure) [PSYoungGen: 82112K->2848K(83456K)] 255945K->176681K(278016K), 0.0025419 secs] [Times: user=0.02 sys=0.00, real=0.00 secs] 
2021-08-19T17:34:18.801+0800: 90346.399: [GC (Allocation Failure) [PSYoungGen: 82720K->2336K(83456K)] 256553K->176193K(278016K), 0.0026375 secs] [Times: user=0.02 sys=0.00, real=0.00 secs] 
2021-08-19T17:34:38.788+0800: 90366.385: [GC (Allocation Failure) [PSYoungGen: 82208K->2144K(83456K)] 256065K->176705K(278016K), 0.0028878 secs] [Times: user=0.02 sys=0.00, real=0.01 secs] 
2021-08-19T17:34:59.579+0800: 90387.177: [GC (Allocation Failure) [PSYoungGen: 82016K->1344K(83456K)] 256577K->175905K(278016K), 0.0069683 secs] [Times: user=0.05 sys=0.00, real=0.01 secs] 
2021-08-19T17:35:24.962+0800: 90412.559: [GC (Allocation Failure) [PSYoungGen: 81216K->1344K(83456K)] 255777K->175905K(278016K), 0.0074206 secs] [Times: user=0.05 sys=0.00, real=0.00 secs] 
2021-08-19T17:35:48.776+0800: 90436.374: [GC (Allocation Failure) [PSYoungGen: 81216K->640K(83456K)] 255777K->176121K(278016K), 0.0027413 secs] [Times: user=0.02 sys=0.00, real=0.00 secs] 
2021-08-19T17:36:08.785+0800: 90456.383: [GC (Allocation Failure) [PSYoungGen: 80512K->960K(83456K)] 255993K->176441K(278016K), 0.0020136 secs] [Times: user=0.02 sys=0.00, real=0.00 secs] 
2021-08-19T17:36:28.812+0800: 90476.410: [GC (Allocation Failure) [PSYoungGen: 80832K->1504K(83456K)] 256313K->177017K(278016K), 0.0025051 secs] [Times: user=0.02 sys=0.00, real=0.00 secs] 
2021-08-19T17:36:48.787+0800: 90496.384: [GC (Allocation Failure) [PSYoungGen: 81376K->1056K(83456K)] 256889K->176625K(278016K), 0.0021392 secs] [Times: user=0.02 sys=0.00, real=0.00 secs] 
2021-08-19T17:37:08.790+0800: 90516.387: [GC (Allocation Failure) [PSYoungGen: 80928K->704K(83456K)] 256497K->176273K(278016K), 0.0021581 secs] [Times: user=0.02 sys=0.00, real=0.01 secs] 
2021-08-19T17:37:28.783+0800: 90536.380: [GC (Allocation Failure) [PSYoungGen: 80576K->1472K(83456K)] 256145K->177041K(278016K), 0.0028438 secs] [Times: user=0.03 sys=0.00, real=0.00 secs] 
2021-08-19T17:37:48.775+0800: 90556.373: [GC (Allocation Failure) [PSYoungGen: 81344K->800K(83968K)] 256913K->176505K(278528K), 0.0026487 secs] [Times: user=0.02 sys=0.00, real=0.00 secs] 
2021-08-19T17:38:07.968+0800: 90575.566: [GC (Allocation Failure) [PSYoungGen: 81696K->320K(83968K)] 257401K->176089K(278528K), 0.0024479 secs] [Times: user=0.01 sys=0.00, real=0.01 secs] 
2021-08-19T17:38:25.966+0800: 90593.564: [GC (Allocation Failure) [PSYoungGen: 81216K->416K(83968K)] 256985K->176225K(278528K), 0.0025244 secs] [Times: user=0.02 sys=0.00, real=0.00 secs] 
2021-08-19T17:38:44.321+0800: 90611.919: [GC (Allocation Failure) [PSYoungGen: 81312K->400K(83968K)] 257121K->176265K(278528K), 0.0021001 secs] [Times: user=0.01 sys=0.00, real=0.00 secs] 
2021-08-19T17:39:02.367+0800: 90629.965: [GC (Allocation Failure) [PSYoungGen: 81296K->432K(83968K)] 257161K->176337K(278528K), 0.0024754 secs] [Times: user=0.02 sys=0.00, real=0.00 secs] 
2021-08-19T17:39:20.868+0800: 90648.466: [GC (Allocation Failure) [PSYoungGen: 81328K->464K(83968K)] 257233K->176377K(278528K), 0.0020487 secs] [Times: user=0.01 sys=0.00, real=0.00 secs] 
2021-08-19T17:39:38.782+0800: 90666.380: [GC (Allocation Failure) [PSYoungGen: 81360K->1136K(83968K)] 257273K->177137K(278528K), 0.0022818 secs] [Times: user=0.02 sys=0.00, real=0.00 secs] 
2021-08-19T17:39:58.777+0800: 90686.375: [GC (Allocation Failure) [PSYoungGen: 82032K->1456K(83968K)] 258033K->177513K(278528K), 0.0021527 secs] [Times: user=0.02 sys=0.00, real=0.00 secs] 
2021-08-19T17:40:18.773+0800: 90706.370: [GC (Allocation Failure) [PSYoungGen: 82352K->1152K(84480K)] 258409K->177209K(279040K), 0.0025490 secs] [Times: user=0.01 sys=0.01, real=0.00 secs] 
2021-08-19T17:40:36.962+0800: 90724.560: [GC (Allocation Failure) [PSYoungGen: 82560K->1104K(83968K)] 258617K->177169K(278528K), 0.0043993 secs] [Times: user=0.03 sys=0.00, real=0.00 secs] 
2021-08-19T17:40:55.373+0800: 90742.971: [GC (Allocation Failure) [PSYoungGen: 82512K->1008K(84480K)] 258577K->177073K(279040K), 0.0067246 secs] [Times: user=0.04 sys=0.00, real=0.01 secs] 
2021-08-19T17:41:13.958+0800: 90761.556: [GC (Allocation Failure) [PSYoungGen: 82928K->912K(84480K)] 258993K->177025K(279040K), 0.0035268 secs] [Times: user=0.02 sys=0.00, real=0.01 secs] 
2021-08-19T17:41:30.092+0800: 90777.690: [GC (Allocation Failure) [PSYoungGen: 82832K->2016K(84480K)] 258945K->178185K(279040K), 0.0023309 secs] [Times: user=0.02 sys=0.00, real=0.00 secs] 
2021-08-19T17:41:48.788+0800: 90796.385: [GC (Allocation Failure) [PSYoungGen: 83936K->1840K(84480K)] 260105K->178033K(279040K), 0.0022505 secs] [Times: user=0.02 sys=0.00, real=0.00 secs] 
2021-08-19T17:42:08.785+0800: 90816.383: [GC (Allocation Failure) [PSYoungGen: 83760K->1536K(84480K)] 259953K->177761K(279040K), 0.0022485 secs] [Times: user=0.02 sys=0.00, real=0.00 secs] 
2021-08-19T17:42:28.782+0800: 90836.380: [GC (Allocation Failure) [PSYoungGen: 83456K->2144K(84480K)] 259681K->178369K(279040K), 0.0023899 secs] [Times: user=0.02 sys=0.00, real=0.00 secs] 
2021-08-19T17:42:48.779+0800: 90856.376: [GC (Allocation Failure) [PSYoungGen: 84064K->1952K(83456K)] 260289K->178201K(278016K), 0.0022526 secs] [Times: user=0.01 sys=0.00, real=0.01 secs] 
2021-08-19T17:43:08.774+0800: 90876.372: [GC (Allocation Failure) [PSYoungGen: 82848K->1440K(83968K)] 259097K->177833K(278528K), 0.0020697 secs] [Times: user=0.02 sys=0.00, real=0.00 secs] 
2021-08-19T17:43:27.866+0800: 90895.464: [GC (Allocation Failure) [PSYoungGen: 82336K->976K(83968K)] 258729K->177385K(278528K), 0.0022858 secs] [Times: user=0.02 sys=0.00, real=0.00 secs] 
2021-08-19T17:43:45.866+0800: 90913.464: [GC (Allocation Failure) [PSYoungGen: 81872K->896K(83968K)] 258281K->177425K(278528K), 0.0022442 secs] [Times: user=0.02 sys=0.00, real=0.00 secs] 
2021-08-19T17:44:03.867+0800: 90931.465: [GC (Allocation Failure) [PSYoungGen: 81792K->896K(84480K)] 258321K->177441K(279040K), 0.0024278 secs] [Times: user=0.01 sys=0.00, real=0.00 secs] 
2021-08-19T17:44:21.934+0800: 90949.532: [GC (Allocation Failure) [PSYoungGen: 82304K->816K(83968K)] 258849K->177401K(278528K), 0.0022484 secs] [Times: user=0.01 sys=0.00, real=0.00 secs] 
2021-08-19T17:44:39.935+0800: 90967.533: [GC (Allocation Failure) [PSYoungGen: 82224K->704K(84480K)] 258809K->177609K(279040K), 0.0024986 secs] [Times: user=0.02 sys=0.00, real=0.00 secs] 
2021-08-19T17:44:58.865+0800: 90986.463: [GC (Allocation Failure) [PSYoungGen: 82624K->512K(84480K)] 259529K->177625K(279040K), 0.0021773 secs] [Times: user=0.01 sys=0.00, real=0.00 secs] 
2021-08-19T17:45:18.791+0800: 91006.388: [GC (Allocation Failure) [PSYoungGen: 82432K->1264K(84480K)] 259545K->178577K(279040K), 0.0022650 secs] [Times: user=0.02 sys=0.00, real=0.00 secs] 
2021-08-19T17:45:38.789+0800: 91026.387: [GC (Allocation Failure) [PSYoungGen: 83184K->672K(84480K)] 260497K->177985K(279040K), 0.0022919 secs] [Times: user=0.02 sys=0.00, real=0.01 secs] 
2021-08-19T17:45:58.785+0800: 91046.383: [GC (Allocation Failure) [PSYoungGen: 82592K->720K(84480K)] 259905K->178041K(279040K), 0.0019270 secs] [Times: user=0.01 sys=0.00, real=0.00 secs] 
2021-08-19T17:46:18.784+0800: 91066.382: [GC (Allocation Failure) [PSYoungGen: 82640K->1248K(84480K)] 259961K->178697K(279040K), 0.0021635 secs] [Times: user=0.02 sys=0.00, real=0.00 secs] 
2021-08-19T17:46:38.779+0800: 91086.377: [GC (Allocation Failure) [PSYoungGen: 83168K->992K(84480K)] 260617K->178441K(279040K), 0.0022541 secs] [Times: user=0.01 sys=0.00, real=0.01 secs] 
2021-08-19T17:46:58.775+0800: 91106.373: [GC (Allocation Failure) [PSYoungGen: 82912K->640K(84480K)] 260361K->178089K(279040K), 0.0023971 secs] [Times: user=0.01 sys=0.00, real=0.00 secs] 
2021-08-19T17:47:17.367+0800: 91124.965: [GC (Allocation Failure) [PSYoungGen: 82560K->352K(84480K)] 260009K->177817K(279040K), 0.0019664 secs] [Times: user=0.01 sys=0.00, real=0.00 secs] 
2021-08-19T17:47:35.918+0800: 91143.516: [GC (Allocation Failure) [PSYoungGen: 82272K->384K(84480K)] 259737K->177857K(279040K), 0.0021811 secs] [Times: user=0.02 sys=0.00, real=0.01 secs] 
2021-08-19T17:47:54.060+0800: 91161.657: [GC (Allocation Failure) [PSYoungGen: 82304K->320K(84992K)] 259777K->177793K(279552K), 0.0019766 secs] [Times: user=0.01 sys=0.00, real=0.01 secs] 
2021-08-19T17:48:12.913+0800: 91180.511: [GC (Allocation Failure) [PSYoungGen: 82751K->352K(84480K)] 260225K->177825K(279040K), 0.0020280 secs] [Times: user=0.01 sys=0.00, real=0.00 secs] 
2021-08-19T17:48:31.476+0800: 91199.074: [GC (Allocation Failure) [PSYoungGen: 82784K->320K(84992K)] 260257K->177793K(279552K), 0.0020000 secs] [Times: user=0.01 sys=0.00, real=0.00 secs] 
2021-08-19T17:48:49.943+0800: 91217.540: [GC (Allocation Failure) [PSYoungGen: 83264K->384K(84992K)] 260737K->177881K(279552K), 0.0022315 secs] [Times: user=0.02 sys=0.00, real=0.00 secs] 
2021-08-19T17:49:09.366+0800: 91236.963: [GC (Allocation Failure) [PSYoungGen: 83328K->352K(84992K)] 260825K->177849K(279552K), 0.0020089 secs] [Times: user=0.01 sys=0.00, real=0.00 secs] 
2021-08-19T17:49:28.796+0800: 91256.393: [GC (Allocation Failure) [PSYoungGen: 83296K->864K(84992K)] 260793K->178361K(279552K), 0.0022898 secs] [Times: user=0.02 sys=0.00, real=0.00 secs] 
2021-08-19T17:49:48.794+0800: 91276.392: [GC (Allocation Failure) [PSYoungGen: 83808K->1184K(84992K)] 261305K->178681K(279552K), 0.0022428 secs] [Times: user=0.02 sys=0.00, real=0.00 secs] 
2021-08-19T17:50:08.792+0800: 91296.390: [GC (Allocation Failure) [PSYoungGen: 84128K->1056K(84992K)] 261625K->178553K(279552K), 0.0022205 secs] [Times: user=0.02 sys=0.00, real=0.00 secs] 
2021-08-19T17:50:28.790+0800: 91316.388: [GC (Allocation Failure) [PSYoungGen: 84000K->736K(84992K)] 261497K->178241K(279552K), 0.0023679 secs] [Times: user=0.01 sys=0.01, real=0.00 secs] 
2021-08-19T17:50:48.790+0800: 91336.388: [GC (Allocation Failure) [PSYoungGen: 83680K->992K(84992K)] 261185K->178521K(279552K), 0.0025083 secs] [Times: user=0.02 sys=0.00, real=0.00 secs] 
2021-08-19T17:51:08.784+0800: 91356.382: [GC (Allocation Failure) [PSYoungGen: 83936K->1184K(84992K)] 261465K->178721K(279552K), 0.0020980 secs] [Times: user=0.02 sys=0.00, real=0.00 secs] 
2021-08-19T17:51:28.783+0800: 91376.381: [GC (Allocation Failure) [PSYoungGen: 84128K->1088K(84992K)] 261665K->178633K(279552K), 0.0023127 secs] [Times: user=0.02 sys=0.00, real=0.00 secs] 
2021-08-19T17:51:48.780+0800: 91396.378: [GC (Allocation Failure) [PSYoungGen: 84032K->736K(84992K)] 261577K->178281K(279552K), 0.0020245 secs] [Times: user=0.02 sys=0.00, real=0.00 secs] 
2021-08-19T17:52:08.780+0800: 91416.377: [GC (Allocation Failure) [PSYoungGen: 83680K->480K(84992K)] 261225K->178025K(279552K), 0.0021013 secs] [Times: user=0.01 sys=0.00, real=0.01 secs] 
2021-08-19T17:52:28.000+0800: 91435.598: [GC (Allocation Failure) [PSYoungGen: 83424K->384K(84992K)] 260969K->177929K(279552K), 0.0020209 secs] [Times: user=0.01 sys=0.00, real=0.00 secs] 
2021-08-19T17:52:46.866+0800: 91454.464: [GC (Allocation Failure) [PSYoungGen: 83328K->384K(84992K)] 260873K->177929K(279552K), 0.0020700 secs] [Times: user=0.01 sys=0.00, real=0.00 secs] 
2021-08-19T17:53:05.866+0800: 91473.463: [GC (Allocation Failure) [PSYoungGen: 83328K->384K(84992K)] 260873K->177937K(279552K), 0.0019234 secs] [Times: user=0.02 sys=0.00, real=0.00 secs] 
2021-08-19T17:53:24.867+0800: 91492.465: [GC (Allocation Failure) [PSYoungGen: 83328K->352K(84992K)] 260881K->177905K(279552K), 0.0019994 secs] [Times: user=0.02 sys=0.00, real=0.00 secs] 
2021-08-19T17:53:43.368+0800: 91510.966: [GC (Allocation Failure) [PSYoungGen: 83296K->416K(85504K)] 260849K->177969K(280064K), 0.0021398 secs] [Times: user=0.01 sys=0.00, real=0.01 secs] 
2021-08-19T17:54:02.367+0800: 91529.965: [GC (Allocation Failure) [PSYoungGen: 83872K->352K(84992K)] 261425K->177913K(279552K), 0.0019016 secs] [Times: user=0.01 sys=0.00, real=0.00 secs] 
2021-08-19T17:54:21.867+0800: 91549.465: [GC (Allocation Failure) [PSYoungGen: 83808K->416K(85504K)] 261369K->177977K(280064K), 0.0020068 secs] [Times: user=0.01 sys=0.00, real=0.00 secs] 
2021-08-19T17:54:41.066+0800: 91568.664: [GC (Allocation Failure) [PSYoungGen: 84384K->416K(85504K)] 261945K->177985K(280064K), 0.0019504 secs] [Times: user=0.01 sys=0.00, real=0.00 secs] 
2021-08-19T17:55:00.761+0800: 91588.359: [GC (Allocation Failure) [PSYoungGen: 84384K->288K(85504K)] 261953K->177857K(280064K), 0.0019924 secs] [Times: user=0.01 sys=0.00, real=0.00 secs] 
2021-08-19T17:55:20.077+0800: 91607.674: [GC (Allocation Failure) [PSYoungGen: 84256K->384K(85504K)] 261825K->177993K(280064K), 0.0019967 secs] [Times: user=0.01 sys=0.00, real=0.00 secs] 
2021-08-19T17:55:39.368+0800: 91626.966: [GC (Allocation Failure) [PSYoungGen: 84352K->352K(85504K)] 261961K->177961K(280064K), 0.0023531 secs] [Times: user=0.01 sys=0.00, real=0.01 secs] 
2021-08-19T17:55:58.868+0800: 91646.466: [GC (Allocation Failure) [PSYoungGen: 84320K->352K(85504K)] 261929K->177961K(280064K), 0.0020083 secs] [Times: user=0.01 sys=0.00, real=0.01 secs] 
2021-08-19T17:56:18.802+0800: 91666.400: [GC (Allocation Failure) [PSYoungGen: 84320K->832K(85504K)] 261929K->178441K(280064K), 0.0022401 secs] [Times: user=0.01 sys=0.00, real=0.00 secs] 
2021-08-19T17:56:38.801+0800: 91686.398: [GC (Allocation Failure) [PSYoungGen: 84800K->1184K(85504K)] 262409K->178801K(280064K), 0.0024614 secs] [Times: user=0.02 sys=0.00, real=0.00 secs] 
2021-08-19T17:56:58.800+0800: 91706.398: [GC (Allocation Failure) [PSYoungGen: 85152K->1088K(85504K)] 262769K->178705K(280064K), 0.0022794 secs] [Times: user=0.01 sys=0.01, real=0.00 secs] 
2021-08-19T17:57:18.800+0800: 91726.398: [GC (Allocation Failure) [PSYoungGen: 85056K->1056K(85504K)] 262673K->178673K(280064K), 0.0020663 secs] [Times: user=0.01 sys=0.00, real=0.01 secs] 
2021-08-19T17:57:38.798+0800: 91746.396: [GC (Allocation Failure) [PSYoungGen: 85024K->736K(85504K)] 262641K->178353K(280064K), 0.0020445 secs] [Times: user=0.02 sys=0.00, real=0.00 secs] 
2021-08-19T17:57:58.796+0800: 91766.393: [GC (Allocation Failure) [PSYoungGen: 84704K->640K(85504K)] 262321K->178257K(280064K), 0.0024596 secs] [Times: user=0.01 sys=0.00, real=0.00 secs] 
2021-08-19T17:58:18.796+0800: 91786.394: [GC (Allocation Failure) [PSYoungGen: 84608K->672K(85504K)] 262225K->178289K(280064K), 0.0020955 secs] [Times: user=0.01 sys=0.00, real=0.00 secs] 
2021-08-19T17:58:38.795+0800: 91806.392: [GC (Allocation Failure) [PSYoungGen: 84640K->384K(85504K)] 262257K->178001K(280064K), 0.0020976 secs] [Times: user=0.02 sys=0.00, real=0.00 secs] 
2021-08-19T17:58:58.793+0800: 91826.391: [GC (Allocation Failure) [PSYoungGen: 84352K->832K(85504K)] 261969K->178449K(280064K), 0.0023296 secs] [Times: user=0.01 sys=0.00, real=0.00 secs] 
2021-08-19T17:59:18.792+0800: 91846.389: [GC (Allocation Failure) [PSYoungGen: 84800K->1184K(85504K)] 262417K->178801K(280064K), 0.0024987 secs] [Times: user=0.02 sys=0.00, real=0.00 secs] 
2021-08-19T17:59:38.789+0800: 91866.387: [GC (Allocation Failure) [PSYoungGen: 85152K->1120K(84480K)] 262769K->178745K(279040K), 0.0021870 secs] [Times: user=0.02 sys=0.00, real=0.01 secs] 
2021-08-19T17:59:58.786+0800: 91886.384: [GC (Allocation Failure) [PSYoungGen: 84064K->736K(84992K)] 261689K->178361K(279552K), 0.0022661 secs] [Times: user=0.01 sys=0.00, real=0.00 secs] 
2021-08-19T18:00:18.367+0800: 91905.965: [GC (Allocation Failure) [PSYoungGen: 83680K->384K(85504K)] 261305K->178009K(280064K), 0.0022941 secs] [Times: user=0.01 sys=0.00, real=0.00 secs] 
2021-08-19T18:00:37.378+0800: 91924.976: [GC (Allocation Failure) [PSYoungGen: 84352K->352K(85504K)] 261977K->177985K(280064K), 0.0020655 secs] [Times: user=0.01 sys=0.00, real=0.00 secs] 
2021-08-19T18:00:56.368+0800: 91943.966: [GC (Allocation Failure) [PSYoungGen: 84320K->384K(85504K)] 261953K->178017K(280064K), 0.0022617 secs] [Times: user=0.01 sys=0.00, real=0.01 secs] 
2021-08-19T18:01:15.369+0800: 91962.966: [GC (Allocation Failure) [PSYoungGen: 84352K->320K(85504K)] 261985K->177953K(280064K), 0.0020553 secs] [Times: user=0.01 sys=0.00, real=0.01 secs] 
2021-08-19T18:01:34.666+0800: 91982.264: [GC (Allocation Failure) [PSYoungGen: 84288K->384K(85504K)] 261921K->178017K(280064K), 0.0019419 secs] [Times: user=0.02 sys=0.00, real=0.00 secs] 
2021-08-19T18:01:53.367+0800: 92000.965: [GC (Allocation Failure) [PSYoungGen: 84352K->384K(85504K)] 261985K->178017K(280064K), 0.0019305 secs] [Times: user=0.02 sys=0.00, real=0.00 secs] 
2021-08-19T18:02:12.368+0800: 92019.966: [GC (Allocation Failure) [PSYoungGen: 84352K->384K(85504K)] 261985K->178025K(280064K), 0.0019120 secs] [Times: user=0.01 sys=0.00, real=0.00 secs] 
2021-08-19T18:02:31.368+0800: 92038.965: [GC (Allocation Failure) [PSYoungGen: 84352K->384K(85504K)] 261993K->178041K(280064K), 0.0022737 secs] [Times: user=0.01 sys=0.00, real=0.00 secs] 
2021-08-19T18:02:50.367+0800: 92057.964: [GC (Allocation Failure) [PSYoungGen: 84352K->320K(85504K)] 262009K->177977K(280064K), 0.0019288 secs] [Times: user=0.02 sys=0.00, real=0.00 secs] 
2021-08-19T18:03:09.867+0800: 92077.465: [GC (Allocation Failure) [PSYoungGen: 84288K->416K(85504K)] 261945K->178073K(280064K), 0.0022490 secs] [Times: user=0.02 sys=0.00, real=0.00 secs] 
2021-08-19T18:03:28.867+0800: 92096.465: [GC (Allocation Failure) [PSYoungGen: 84384K->416K(85504K)] 262041K->178073K(280064K), 0.0025867 secs] [Times: user=0.02 sys=0.00, real=0.01 secs] 
2021-08-19T18:03:48.805+0800: 92116.402: [GC (Allocation Failure) [PSYoungGen: 84384K->1248K(85504K)] 262041K->178905K(280064K), 0.0025119 secs] [Times: user=0.02 sys=0.00, real=0.00 secs] 
2021-08-19T18:04:08.803+0800: 92136.401: [GC (Allocation Failure) [PSYoungGen: 85216K->1120K(85504K)] 262873K->178801K(280064K), 0.0022179 secs] [Times: user=0.02 sys=0.00, real=0.00 secs] 
2021-08-19T18:04:28.802+0800: 92156.400: [GC (Allocation Failure) [PSYoungGen: 85088K->1056K(85504K)] 262769K->178745K(280064K), 0.0022148 secs] [Times: user=0.02 sys=0.00, real=0.00 secs] 
2021-08-19T18:04:48.800+0800: 92176.397: [GC (Allocation Failure) [PSYoungGen: 85024K->768K(85504K)] 262713K->178465K(280064K), 0.0023490 secs] [Times: user=0.01 sys=0.00, real=0.01 secs] 
2021-08-19T18:05:08.798+0800: 92196.396: [GC (Allocation Failure) [PSYoungGen: 84736K->576K(85504K)] 262433K->178273K(280064K), 0.0021531 secs] [Times: user=0.01 sys=0.00, real=0.01 secs] 
2021-08-19T18:05:28.796+0800: 92216.393: [GC (Allocation Failure) [PSYoungGen: 84544K->1248K(84480K)] 262241K->178945K(279040K), 0.0027322 secs] [Times: user=0.01 sys=0.00, real=0.00 secs] 
2021-08-19T18:05:48.793+0800: 92236.390: [GC (Allocation Failure) [PSYoungGen: 84192K->992K(84992K)] 261889K->178689K(279552K), 0.0020918 secs] [Times: user=0.02 sys=0.00, real=0.00 secs] 
2021-08-19T18:06:08.789+0800: 92256.387: [GC (Allocation Failure) [PSYoungGen: 83936K->608K(85504K)] 261633K->178305K(280064K), 0.0023854 secs] [Times: user=0.02 sys=0.00, real=0.01 secs] 
2021-08-19T18:06:27.868+0800: 92275.465: [GC (Allocation Failure) [PSYoungGen: 84064K->352K(84992K)] 261761K->178049K(279552K), 0.0021228 secs] [Times: user=0.01 sys=0.00, real=0.00 secs] 
2021-08-19T18:06:46.012+0800: 92293.610: [GC (Allocation Failure) [PSYoungGen: 83808K->416K(85504K)] 261505K->178113K(280064K), 0.0021059 secs] [Times: user=0.02 sys=0.00, real=0.00 secs] 
2021-08-19T18:07:04.869+0800: 92312.467: [GC (Allocation Failure) [PSYoungGen: 84384K->416K(85504K)] 262081K->178121K(280064K), 0.0020645 secs] [Times: user=0.01 sys=0.00, real=0.01 secs] 
2021-08-19T18:07:23.370+0800: 92330.968: [GC (Allocation Failure) [PSYoungGen: 84384K->352K(85504K)] 262089K->178065K(280064K), 0.0022383 secs] [Times: user=0.02 sys=0.00, real=0.01 secs] 
2021-08-19T18:07:42.013+0800: 92349.610: [GC (Allocation Failure) [PSYoungGen: 84320K->416K(85504K)] 262033K->178129K(280064K), 0.0020747 secs] [Times: user=0.01 sys=0.01, real=0.00 secs] 
2021-08-19T18:08:01.013+0800: 92368.611: [GC (Allocation Failure) [PSYoungGen: 84384K->352K(85504K)] 262097K->178065K(280064K), 0.0020696 secs] [Times: user=0.02 sys=0.00, real=0.00 secs] 
2021-08-19T18:08:19.373+0800: 92386.970: [GC (Allocation Failure) [PSYoungGen: 84320K->416K(85504K)] 262033K->178129K(280064K), 0.0022144 secs] [Times: user=0.01 sys=0.00, real=0.00 secs] 
2021-08-19T18:08:38.810+0800: 92406.408: [GC (Allocation Failure) [PSYoungGen: 84384K->992K(85504K)] 262097K->178705K(280064K), 0.0023104 secs] [Times: user=0.02 sys=0.00, real=0.01 secs] 
2021-08-19T18:08:58.808+0800: 92426.405: [GC (Allocation Failure) [PSYoungGen: 84960K->1392K(85504K)] 262673K->179105K(280064K), 0.0023250 secs] [Times: user=0.01 sys=0.00, real=0.01 secs] 
2021-08-19T18:09:18.806+0800: 92446.403: [GC (Allocation Failure) [PSYoungGen: 85360K->1280K(84480K)] 263073K->178993K(279040K), 0.0021875 secs] [Times: user=0.02 sys=0.00, real=0.00 secs] 
2021-08-19T18:09:38.801+0800: 92466.399: [GC (Allocation Failure) [PSYoungGen: 84224K->976K(84992K)] 261937K->178689K(279552K), 0.0023214 secs] [Times: user=0.01 sys=0.01, real=0.00 secs] 
2021-08-19T18:09:58.797+0800: 92486.394: [GC (Allocation Failure) [PSYoungGen: 83920K->1712K(84992K)] 261633K->179433K(279552K), 0.0022251 secs] [Times: user=0.01 sys=0.00, real=0.00 secs] 
2021-08-19T18:10:18.792+0800: 92506.390: [GC (Allocation Failure) [PSYoungGen: 84656K->1408K(84480K)] 262377K->179162K(279040K), 0.0021131 secs] [Times: user=0.02 sys=0.00, real=0.00 secs] 
2021-08-19T18:10:37.971+0800: 92525.569: [GC (Allocation Failure) [PSYoungGen: 84352K->976K(84992K)] 262106K->178730K(279552K), 0.0021597 secs] [Times: user=0.01 sys=0.00, real=0.00 secs] 
2021-08-19T18:10:56.002+0800: 92543.600: [GC (Allocation Failure) [PSYoungGen: 83408K->1152K(84480K)] 261162K->178906K(279040K), 0.0024501 secs] [Times: user=0.02 sys=0.00, real=0.00 secs] 
2021-08-19T18:11:14.022+0800: 92561.619: [GC (Allocation Failure) [PSYoungGen: 83584K->1072K(84992K)] 261338K->178826K(279552K), 0.0021654 secs] [Times: user=0.02 sys=0.00, real=0.00 secs] 
2021-08-19T18:11:32.164+0800: 92579.762: [GC (Allocation Failure) [PSYoungGen: 84016K->1104K(84992K)] 261770K->178874K(279552K), 0.0021030 secs] [Times: user=0.01 sys=0.00, real=0.00 secs] 
2021-08-19T18:11:50.377+0800: 92597.975: [GC (Allocation Failure) [PSYoungGen: 84048K->1056K(84992K)] 261818K->178826K(279552K), 0.0022225 secs] [Times: user=0.02 sys=0.00, real=0.00 secs] 
2021-08-19T18:12:08.880+0800: 92616.477: [GC (Allocation Failure) [PSYoungGen: 84000K->1008K(84992K)] 261770K->178778K(279552K), 0.0030152 secs] [Times: user=0.02 sys=0.00, real=0.01 secs] 
2021-08-19T18:12:28.808+0800: 92636.406: [GC (Allocation Failure) [PSYoungGen: 83952K->1984K(84992K)] 261722K->179754K(279552K), 0.0023316 secs] [Times: user=0.02 sys=0.00, real=0.01 secs] 
2021-08-19T18:12:48.805+0800: 92656.403: [GC (Allocation Failure) [PSYoungGen: 84928K->1472K(84480K)] 262698K->179250K(279040K), 0.0021452 secs] [Times: user=0.01 sys=0.00, real=0.00 secs] 
2021-08-19T18:13:08.800+0800: 92676.397: [GC (Allocation Failure) [PSYoungGen: 84416K->2016K(84480K)] 262194K->179914K(279040K), 0.0023300 secs] [Times: user=0.02 sys=0.00, real=0.01 secs] 
2021-08-19T18:13:28.794+0800: 92696.392: [GC (Allocation Failure) [PSYoungGen: 83936K->1216K(84480K)] 261834K->179114K(279040K), 0.0021801 secs] [Times: user=0.02 sys=0.00, real=0.00 secs] 
2021-08-19T18:13:47.881+0800: 92715.479: [GC (Allocation Failure) [PSYoungGen: 83136K->848K(84480K)] 261034K->178874K(279040K), 0.0019881 secs] [Times: user=0.02 sys=0.00, real=0.00 secs] 
2021-08-19T18:14:05.382+0800: 92732.979: [GC (Allocation Failure) [PSYoungGen: 82768K->800K(84480K)] 260794K->178954K(279040K), 0.0020452 secs] [Times: user=0.01 sys=0.00, real=0.00 secs] 
2021-08-19T18:14:23.034+0800: 92750.631: [GC (Allocation Failure) [PSYoungGen: 82720K->768K(84480K)] 260874K->179178K(279040K), 0.0028057 secs] [Times: user=0.02 sys=0.01, real=0.00 secs] 
2021-08-19T18:14:40.881+0800: 92768.479: [GC (Allocation Failure) [PSYoungGen: 82688K->576K(84480K)] 261098K->179138K(279040K), 0.0020671 secs] [Times: user=0.01 sys=0.00, real=0.00 secs] 
2021-08-19T18:14:58.812+0800: 92786.410: [GC (Allocation Failure) [PSYoungGen: 82496K->1056K(84992K)] 261058K->179906K(279552K), 0.0023227 secs] [Times: user=0.01 sys=0.00, real=0.00 secs] 
2021-08-19T18:15:18.812+0800: 92806.409: [GC (Allocation Failure) [PSYoungGen: 83488K->1232K(84480K)] 262338K->180090K(279040K), 0.0022786 secs] [Times: user=0.02 sys=0.00, real=0.00 secs] 
2021-08-19T18:15:38.803+0800: 92826.401: [GC (Allocation Failure) [PSYoungGen: 83664K->576K(84992K)] 262522K->179562K(279552K), 0.0020419 secs] [Times: user=0.02 sys=0.00, real=0.00 secs] 
2021-08-19T18:15:58.799+0800: 92846.397: [GC (Allocation Failure) [PSYoungGen: 83520K->1216K(84992K)] 262506K->180226K(279552K), 0.0022209 secs] [Times: user=0.02 sys=0.00, real=0.01 secs] 
2021-08-19T18:16:18.794+0800: 92866.392: [GC (Allocation Failure) [PSYoungGen: 84160K->672K(84992K)] 263170K->179682K(279552K), 0.0019034 secs] [Times: user=0.01 sys=0.00, real=0.00 secs] 
2021-08-19T18:16:37.884+0800: 92885.482: [GC (Allocation Failure) [PSYoungGen: 83616K->352K(84992K)] 262626K->179362K(279552K), 0.0020024 secs] [Times: user=0.01 sys=0.00, real=0.00 secs] 
2021-08-19T18:16:55.884+0800: 92903.482: [GC (Allocation Failure) [PSYoungGen: 83296K->384K(84992K)] 262306K->179394K(279552K), 0.0019800 secs] [Times: user=0.01 sys=0.00, real=0.00 secs] 
2021-08-19T18:17:13.885+0800: 92921.483: [GC (Allocation Failure) [PSYoungGen: 83328K->416K(84992K)] 262338K->179434K(279552K), 0.0022969 secs] [Times: user=0.02 sys=0.00, real=0.00 secs] 
2021-08-19T18:17:32.040+0800: 92939.638: [GC (Allocation Failure) [PSYoungGen: 83360K->256K(84992K)] 262378K->179282K(279552K), 0.0022869 secs] [Times: user=0.02 sys=0.00, real=0.00 secs] 
2021-08-19T18:17:50.000+0800: 92957.598: [GC (Allocation Failure) [PSYoungGen: 83200K->320K(84992K)] 262226K->179362K(279552K), 0.0021405 secs] [Times: user=0.01 sys=0.00, real=0.00 secs] 
2021-08-19T18:18:08.813+0800: 92976.410: [GC (Allocation Failure) [PSYoungGen: 83264K->864K(84992K)] 262306K->179906K(279552K), 0.0022688 secs] [Times: user=0.01 sys=0.00, real=0.00 secs] 
2021-08-19T18:18:28.810+0800: 92996.408: [GC (Allocation Failure) [PSYoungGen: 83808K->1024K(84992K)] 262850K->180066K(279552K), 0.0020866 secs] [Times: user=0.02 sys=0.00, real=0.01 secs] 
2021-08-19T18:18:48.804+0800: 93016.402: [GC (Allocation Failure) [PSYoungGen: 83968K->640K(84992K)] 263010K->179682K(279552K), 0.0019761 secs] [Times: user=0.02 sys=0.00, real=0.00 secs] 
2021-08-19T18:19:08.800+0800: 93036.398: [GC (Allocation Failure) [PSYoungGen: 83584K->1216K(84992K)] 262626K->180258K(279552K), 0.0026000 secs] [Times: user=0.02 sys=0.00, real=0.00 secs] 
2021-08-19T18:19:28.796+0800: 93056.393: [GC (Allocation Failure) [PSYoungGen: 84160K->704K(84992K)] 263202K->179746K(279552K), 0.0023367 secs] [Times: user=0.01 sys=0.00, real=0.00 secs] 
2021-08-19T18:19:47.390+0800: 93074.988: [GC (Allocation Failure) [PSYoungGen: 83648K->256K(84992K)] 262690K->179298K(279552K), 0.0021446 secs] [Times: user=0.02 sys=0.00, real=0.00 secs] 
2021-08-19T18:20:05.887+0800: 93093.485: [GC (Allocation Failure) [PSYoungGen: 83200K->384K(84992K)] 262242K->179426K(279552K), 0.0020391 secs] [Times: user=0.01 sys=0.00, real=0.00 secs] 
2021-08-19T18:20:24.043+0800: 93111.641: [GC (Allocation Failure) [PSYoungGen: 83328K->384K(84992K)] 262370K->179426K(279552K), 0.0019607 secs] [Times: user=0.02 sys=0.00, real=0.00 secs] 
2021-08-19T18:20:42.044+0800: 93129.642: [GC (Allocation Failure) [PSYoungGen: 83328K->416K(84992K)] 262370K->179466K(279552K), 0.0022620 secs] [Times: user=0.02 sys=0.00, real=0.00 secs] 
2021-08-19T18:21:00.046+0800: 93147.643: [GC (Allocation Failure) [PSYoungGen: 83360K->384K(84992K)] 262410K->179434K(279552K), 0.0020811 secs] [Times: user=0.01 sys=0.00, real=0.00 secs] 
2021-08-19T18:21:18.815+0800: 93166.412: [GC (Allocation Failure) [PSYoungGen: 83328K->1024K(84480K)] 262378K->180090K(279040K), 0.0026285 secs] [Times: user=0.02 sys=0.00, real=0.00 secs] 
2021-08-19T18:21:38.813+0800: 93186.411: [GC (Allocation Failure) [PSYoungGen: 83968K->1120K(84992K)] 263034K->180186K(279552K), 0.0021273 secs] [Times: user=0.01 sys=0.00, real=0.00 secs] 
2021-08-19T18:21:58.808+0800: 93206.405: [GC (Allocation Failure) [PSYoungGen: 84064K->640K(84992K)] 263130K->179722K(279552K), 0.0025789 secs] [Times: user=0.02 sys=0.00, real=0.01 secs] 
2021-08-19T18:22:18.802+0800: 93226.400: [GC (Allocation Failure) [PSYoungGen: 83584K->1216K(84992K)] 262666K->180298K(279552K), 0.0024018 secs] [Times: user=0.01 sys=0.00, real=0.00 secs] 
2021-08-19T18:22:38.798+0800: 93246.396: [GC (Allocation Failure) [PSYoungGen: 84160K->608K(84992K)] 263242K->179690K(279552K), 0.0025565 secs] [Times: user=0.02 sys=0.00, real=0.01 secs] 
2021-08-19T18:22:58.198+0800: 93265.796: [GC (Allocation Failure) [PSYoungGen: 83552K->416K(84992K)] 262634K->179498K(279552K), 0.0023697 secs] [Times: user=0.01 sys=0.00, real=0.01 secs] 
2021-08-19T18:23:16.391+0800: 93283.989: [GC (Allocation Failure) [PSYoungGen: 83360K->320K(84992K)] 262442K->179410K(279552K), 0.0021733 secs] [Times: user=0.01 sys=0.00, real=0.00 secs] 
2021-08-19T18:23:34.718+0800: 93302.315: [GC (Allocation Failure) [PSYoungGen: 83264K->352K(84992K)] 262354K->179450K(279552K), 0.0021382 secs] [Times: user=0.02 sys=0.00, real=0.00 secs] 
2021-08-19T18:23:52.890+0800: 93320.488: [GC (Allocation Failure) [PSYoungGen: 83296K->384K(85504K)] 262394K->179482K(280064K), 0.0023671 secs] [Times: user=0.01 sys=0.00, real=0.00 secs] 
2021-08-19T18:24:11.390+0800: 93338.987: [GC (Allocation Failure) [PSYoungGen: 84352K->384K(85504K)] 263450K->179482K(280064K), 0.0019978 secs] [Times: user=0.01 sys=0.00, real=0.01 secs] 
2021-08-19T18:24:30.050+0800: 93357.647: [GC (Allocation Failure) [PSYoungGen: 84352K->384K(85504K)] 263450K->179482K(280064K), 0.0022796 secs] [Times: user=0.02 sys=0.00, real=0.01 secs] 
2021-08-19T18:24:48.891+0800: 93376.489: [GC (Allocation Failure) [PSYoungGen: 84352K->384K(85504K)] 263450K->179482K(280064K), 0.0021974 secs] [Times: user=0.01 sys=0.00, real=0.00 secs] 
2021-08-19T18:25:08.813+0800: 93396.411: [GC (Allocation Failure) [PSYoungGen: 84352K->1216K(85504K)] 263450K->180314K(280064K), 0.0021835 secs] [Times: user=0.02 sys=0.00, real=0.00 secs] 
2021-08-19T18:25:28.812+0800: 93416.409: [GC (Allocation Failure) [PSYoungGen: 85184K->928K(85504K)] 264282K->180026K(280064K), 0.0022243 secs] [Times: user=0.02 sys=0.00, real=0.00 secs] 
2021-08-19T18:25:48.808+0800: 93436.405: [GC (Allocation Failure) [PSYoungGen: 84896K->480K(85504K)] 263994K->179578K(280064K), 0.0022984 secs] [Times: user=0.02 sys=0.00, real=0.00 secs] 
2021-08-19T18:26:08.803+0800: 93456.401: [GC (Allocation Failure) [PSYoungGen: 84448K->1216K(85504K)] 263546K->180322K(280064K), 0.0024883 secs] [Times: user=0.02 sys=0.00, real=0.00 secs] 
2021-08-19T18:26:28.801+0800: 93476.399: [GC (Allocation Failure) [PSYoungGen: 85184K->1024K(84480K)] 264290K->180130K(279040K), 0.0021321 secs] [Times: user=0.02 sys=0.00, real=0.00 secs] 
2021-08-19T18:26:48.393+0800: 93495.990: [GC (Allocation Failure) [PSYoungGen: 83968K->352K(84992K)] 263074K->179458K(279552K), 0.0022316 secs] [Times: user=0.02 sys=0.00, real=0.00 secs] 
2021-08-19T18:27:06.392+0800: 93513.990: [GC (Allocation Failure) [PSYoungGen: 83296K->384K(84992K)] 262402K->179490K(279552K), 0.0021442 secs] [Times: user=0.01 sys=0.00, real=0.00 secs] 
2021-08-19T18:27:24.701+0800: 93532.299: [GC (Allocation Failure) [PSYoungGen: 83328K->320K(84992K)] 262434K->179426K(279552K), 0.0019576 secs] [Times: user=0.01 sys=0.00, real=0.00 secs] 
2021-08-19T18:27:42.392+0800: 93549.990: [GC (Allocation Failure) [PSYoungGen: 83264K->384K(85504K)] 262370K->179490K(280064K), 0.0021557 secs] [Times: user=0.02 sys=0.00, real=0.00 secs] 
2021-08-19T18:28:01.051+0800: 93568.649: [GC (Allocation Failure) [PSYoungGen: 84352K->384K(85504K)] 263458K->179490K(280064K), 0.0019057 secs] [Times: user=0.02 sys=0.00, real=0.00 secs] 
2021-08-19T18:28:19.893+0800: 93587.491: [GC (Allocation Failure) [PSYoungGen: 84352K->320K(85504K)] 263458K->179426K(280064K), 0.0022413 secs] [Times: user=0.02 sys=0.00, real=0.00 secs] 
2021-08-19T18:28:38.818+0800: 93606.416: [GC (Allocation Failure) [PSYoungGen: 84288K->864K(85504K)] 263394K->179978K(280064K), 0.0029136 secs] [Times: user=0.02 sys=0.00, real=0.01 secs] 
2021-08-19T18:28:58.816+0800: 93626.414: [GC (Allocation Failure) [PSYoungGen: 84832K->1120K(85504K)] 263946K->180234K(280064K), 0.0021187 secs] [Times: user=0.02 sys=0.00, real=0.00 secs] 
2021-08-19T18:29:18.812+0800: 93646.409: [GC (Allocation Failure) [PSYoungGen: 85088K->480K(85504K)] 264202K->179594K(280064K), 0.0020062 secs] [Times: user=0.02 sys=0.00, real=0.00 secs] 
2021-08-19T18:29:38.809+0800: 93666.407: [GC (Allocation Failure) [PSYoungGen: 84448K->320K(85504K)] 263562K->179434K(280064K), 0.0019600 secs] [Times: user=0.02 sys=0.00, real=0.01 secs] 
2021-08-19T18:29:58.806+0800: 93686.404: [GC (Allocation Failure) [PSYoungGen: 84288K->1216K(85504K)] 263402K->180330K(280064K), 0.0024143 secs] [Times: user=0.01 sys=0.00, real=0.00 secs] 
2021-08-19T18:30:18.804+0800: 93706.402: [GC (Allocation Failure) [PSYoungGen: 85184K->1024K(84480K)] 264298K->180138K(279040K), 0.0021374 secs] [Times: user=0.02 sys=0.00, real=0.00 secs] 
2021-08-19T18:30:38.395+0800: 93725.993: [GC (Allocation Failure) [PSYoungGen: 83968K->352K(84992K)] 263082K->179466K(279552K), 0.0020921 secs] [Times: user=0.01 sys=0.00, real=0.00 secs] 
2021-08-19T18:30:56.395+0800: 93743.992: [GC (Allocation Failure) [PSYoungGen: 83296K->416K(84992K)] 262410K->179530K(279552K), 0.0019750 secs] [Times: user=0.01 sys=0.00, real=0.00 secs] 
2021-08-19T18:31:14.895+0800: 93762.493: [GC (Allocation Failure) [PSYoungGen: 83360K->352K(84992K)] 262474K->179474K(279552K), 0.0020308 secs] [Times: user=0.01 sys=0.00, real=0.00 secs] 
2021-08-19T18:31:32.895+0800: 93780.493: [GC (Allocation Failure) [PSYoungGen: 83296K->352K(85504K)] 262418K->179474K(280064K), 0.0020118 secs] [Times: user=0.02 sys=0.00, real=0.00 secs] 
2021-08-19T18:31:51.394+0800: 93798.992: [GC (Allocation Failure) [PSYoungGen: 84320K->352K(85504K)] 263442K->179474K(280064K), 0.0020236 secs] [Times: user=0.02 sys=0.00, real=0.00 secs] 
2021-08-19T18:32:10.046+0800: 93817.643: [GC (Allocation Failure) [PSYoungGen: 84320K->352K(85504K)] 263442K->179498K(280064K), 0.0020637 secs] [Times: user=0.02 sys=0.00, real=0.00 secs] 
2021-08-19T18:32:28.895+0800: 93836.492: [GC (Allocation Failure) [PSYoungGen: 84320K->320K(85504K)] 263466K->179466K(280064K), 0.0020279 secs] [Times: user=0.02 sys=0.00, real=0.00 secs] 
2021-08-19T18:32:48.818+0800: 93856.416: [GC (Allocation Failure) [PSYoungGen: 84288K->1152K(85504K)] 263434K->180298K(280064K), 0.0021744 secs] [Times: user=0.01 sys=0.00, real=0.01 secs] 
2021-08-19T18:33:08.814+0800: 93876.412: [GC (Allocation Failure) [PSYoungGen: 85120K->480K(85504K)] 264266K->179626K(280064K), 0.0021465 secs] [Times: user=0.02 sys=0.00, real=0.00 secs] 
2021-08-19T18:33:28.811+0800: 93896.409: [GC (Allocation Failure) [PSYoungGen: 84448K->480K(85504K)] 263594K->179626K(280064K), 0.0021671 secs] [Times: user=0.02 sys=0.00, real=0.00 secs] 
2021-08-19T18:33:48.807+0800: 93916.405: [GC (Allocation Failure) [PSYoungGen: 84448K->1184K(85504K)] 263594K->180338K(280064K), 0.0022126 secs] [Times: user=0.02 sys=0.00, real=0.00 secs] 
2021-08-19T18:34:08.805+0800: 93936.403: [GC (Allocation Failure) [PSYoungGen: 85152K->960K(85504K)] 264306K->180130K(280064K), 0.0020090 secs] [Times: user=0.02 sys=0.01, real=0.00 secs] 
2021-08-19T18:34:28.801+0800: 93956.399: [GC (Allocation Failure) [PSYoungGen: 84928K->544K(85504K)] 264098K->179714K(280064K), 0.0019690 secs] [Times: user=0.01 sys=0.00, real=0.00 secs] 
2021-08-19T18:34:47.398+0800: 93974.996: [GC (Allocation Failure) [PSYoungGen: 84512K->384K(85504K)] 263682K->179554K(280064K), 0.0020434 secs] [Times: user=0.01 sys=0.00, real=0.00 secs] 
2021-08-19T18:35:06.044+0800: 93993.641: [GC (Allocation Failure) [PSYoungGen: 84352K->416K(85504K)] 263522K->179586K(280064K), 0.0020267 secs] [Times: user=0.01 sys=0.00, real=0.00 secs] 
2021-08-19T18:35:24.898+0800: 94012.496: [GC (Allocation Failure) [PSYoungGen: 84384K->288K(85504K)] 263554K->179458K(280064K), 0.0022142 secs] [Times: user=0.01 sys=0.00, real=0.01 secs] 
2021-08-19T18:35:43.043+0800: 94030.641: [GC (Allocation Failure) [PSYoungGen: 84256K->352K(85504K)] 263426K->179522K(280064K), 0.0019367 secs] [Times: user=0.01 sys=0.00, real=0.00 secs] 
2021-08-19T18:36:01.991+0800: 94049.589: [GC (Allocation Failure) [PSYoungGen: 84320K->384K(85504K)] 263490K->179554K(280064K), 0.0019574 secs] [Times: user=0.01 sys=0.00, real=0.00 secs] 
2021-08-19T18:36:20.398+0800: 94067.996: [GC (Allocation Failure) [PSYoungGen: 84352K->416K(85504K)] 263522K->179586K(280064K), 0.0020973 secs] [Times: user=0.01 sys=0.00, real=0.01 secs] 
2021-08-19T18:36:39.042+0800: 94086.640: [GC (Allocation Failure) [PSYoungGen: 84384K->352K(85504K)] 263554K->179530K(280064K), 0.0020256 secs] [Times: user=0.02 sys=0.00, real=0.00 secs] 
2021-08-19T18:36:58.820+0800: 94106.418: [GC (Allocation Failure) [PSYoungGen: 84320K->1216K(85504K)] 263498K->180394K(280064K), 0.0022637 secs] [Times: user=0.02 sys=0.00, real=0.01 secs] 
2021-08-19T18:37:18.818+0800: 94126.416: [GC (Allocation Failure) [PSYoungGen: 85184K->1024K(85504K)] 264362K->180202K(280064K), 0.0022209 secs] [Times: user=0.01 sys=0.00, real=0.01 secs] 
2021-08-19T18:37:38.810+0800: 94146.408: [GC (Allocation Failure) [PSYoungGen: 84992K->928K(85504K)] 264170K->180106K(280064K), 0.0021634 secs] [Times: user=0.02 sys=0.01, real=0.00 secs] 
2021-08-19T18:37:58.808+0800: 94166.406: [GC (Allocation Failure) [PSYoungGen: 84896K->1152K(84480K)] 264074K->180330K(279040K), 0.0023183 secs] [Times: user=0.02 sys=0.00, real=0.01 secs] 
2021-08-19T18:38:18.802+0800: 94186.400: [GC (Allocation Failure) [PSYoungGen: 84096K->800K(84992K)] 263274K->179978K(279552K), 0.0019263 secs] [Times: user=0.02 sys=0.00, real=0.00 secs] 
2021-08-19T18:38:37.400+0800: 94204.998: [GC (Allocation Failure) [PSYoungGen: 83744K->448K(85504K)] 262922K->179626K(280064K), 0.0020048 secs] [Times: user=0.01 sys=0.00, real=0.01 secs] 
2021-08-19T18:38:55.900+0800: 94223.498: [GC (Allocation Failure) [PSYoungGen: 84416K->592K(85504K)] 263594K->179770K(280064K), 0.0021455 secs] [Times: user=0.02 sys=0.00, real=0.00 secs] 
2021-08-19T18:39:14.201+0800: 94241.799: [GC (Allocation Failure) [PSYoungGen: 84560K->640K(85504K)] 263738K->179826K(280064K), 0.0022023 secs] [Times: user=0.02 sys=0.01, real=0.00 secs] 
2021-08-19T18:39:33.039+0800: 94260.637: [GC (Allocation Failure) [PSYoungGen: 84608K->752K(85504K)] 263794K->179938K(280064K), 0.0020763 secs] [Times: user=0.01 sys=0.00, real=0.01 secs] 
2021-08-19T18:39:51.044+0800: 94278.641: [GC (Allocation Failure) [PSYoungGen: 84720K->880K(85504K)] 263906K->180066K(280064K), 0.0022845 secs] [Times: user=0.02 sys=0.00, real=0.00 secs] 
2021-08-19T18:40:10.041+0800: 94297.639: [GC (Allocation Failure) [PSYoungGen: 84848K->1008K(85504K)] 264034K->180210K(280064K), 0.0021457 secs] [Times: user=0.01 sys=0.00, real=0.00 secs] 
2021-08-19T18:40:28.821+0800: 94316.419: [GC (Allocation Failure) [PSYoungGen: 84976K->1504K(84480K)] 264178K->180858K(279040K), 0.0022171 secs] [Times: user=0.01 sys=0.00, real=0.00 secs] 
2021-08-19T18:40:48.818+0800: 94336.415: [GC (Allocation Failure) [PSYoungGen: 84448K->1888K(84992K)] 263802K->181242K(279552K), 0.0024253 secs] [Times: user=0.02 sys=0.00, real=0.00 secs] 
2021-08-19T18:41:08.813+0800: 94356.411: [GC (Allocation Failure) [PSYoungGen: 84832K->1392K(84992K)] 264186K->180746K(279552K), 0.0021429 secs] [Times: user=0.02 sys=0.00, real=0.00 secs] 
2021-08-19T18:41:28.807+0800: 94376.405: [GC (Allocation Failure) [PSYoungGen: 84336K->2032K(84992K)] 263690K->181386K(279552K), 0.0024863 secs] [Times: user=0.01 sys=0.00, real=0.00 secs] 
2021-08-19T18:41:48.802+0800: 94396.400: [GC (Allocation Failure) [PSYoungGen: 84976K->1456K(83968K)] 264330K->180810K(278528K), 0.0023308 secs] [Times: user=0.02 sys=0.00, real=0.00 secs] 
2021-08-19T18:42:06.900+0800: 94414.498: [GC (Allocation Failure) [PSYoungGen: 83376K->1136K(84480K)] 262730K->180498K(279040K), 0.0021364 secs] [Times: user=0.01 sys=0.00, real=0.00 secs] 
2021-08-19T18:42:24.043+0800: 94431.640: [GC (Allocation Failure) [PSYoungGen: 83056K->1104K(84480K)] 262418K->180490K(279040K), 0.0021791 secs] [Times: user=0.01 sys=0.01, real=0.00 secs] 
2021-08-19T18:42:41.399+0800: 94448.997: [GC (Allocation Failure) [PSYoungGen: 83024K->1024K(84480K)] 262410K->180410K(279040K), 0.0025677 secs] [Times: user=0.02 sys=0.00, real=0.01 secs] 
2021-08-19T18:42:59.043+0800: 94466.640: [GC (Allocation Failure) [PSYoungGen: 82944K->928K(84992K)] 262330K->180450K(279552K), 0.0025830 secs] [Times: user=0.02 sys=0.00, real=0.00 secs] 
2021-08-19T18:43:18.819+0800: 94486.416: [GC (Allocation Failure) [PSYoungGen: 83872K->1712K(84992K)] 263394K->181370K(279552K), 0.0027711 secs] [Times: user=0.02 sys=0.00, real=0.01 secs] 
2021-08-19T18:43:38.813+0800: 94506.410: [GC (Allocation Failure) [PSYoungGen: 84656K->1088K(84992K)] 264314K->180970K(279552K), 0.0020077 secs] [Times: user=0.02 sys=0.00, real=0.00 secs] 
2021-08-19T18:43:58.808+0800: 94526.406: [GC (Allocation Failure) [PSYoungGen: 84032K->1520K(84480K)] 263914K->181546K(279040K), 0.0023506 secs] [Times: user=0.02 sys=0.00, real=0.01 secs] 
2021-08-19T18:44:18.803+0800: 94546.401: [GC (Allocation Failure) [PSYoungGen: 84464K->912K(84992K)] 264490K->181058K(279552K), 0.0024021 secs] [Times: user=0.01 sys=0.00, real=0.00 secs] 
2021-08-19T18:44:36.897+0800: 94564.495: [GC (Allocation Failure) [PSYoungGen: 83344K->432K(84480K)] 263490K->180890K(279040K), 0.0025055 secs] [Times: user=0.02 sys=0.00, real=0.00 secs] 
2021-08-19T18:44:54.279+0800: 94581.877: [GC (Allocation Failure) [PSYoungGen: 82864K->432K(84480K)] 263322K->180890K(279040K), 0.0021201 secs] [Times: user=0.01 sys=0.00, real=0.01 secs] 
2021-08-19T18:45:11.897+0800: 94599.495: [GC (Allocation Failure) [PSYoungGen: 82352K->384K(84480K)] 262810K->180979K(279040K), 0.0022645 secs] [Times: user=0.02 sys=0.00, real=0.00 secs] 
2021-08-19T18:45:29.396+0800: 94616.993: [GC (Allocation Failure) [PSYoungGen: 82304K->352K(84480K)] 262899K->180947K(279040K), 0.0019947 secs] [Times: user=0.01 sys=0.00, real=0.00 secs] 
2021-08-19T18:45:48.819+0800: 94636.417: [GC (Allocation Failure) [PSYoungGen: 82272K->1152K(84480K)] 262867K->181747K(279040K), 0.0022286 secs] [Times: user=0.02 sys=0.00, real=0.01 secs] 
2021-08-19T18:46:10.395+0800: 94657.993: [GC (Allocation Failure) [PSYoungGen: 83072K->352K(84992K)] 263667K->180963K(279552K), 0.0022217 secs] [Times: user=0.01 sys=0.00, real=0.00 secs] 
2021-08-19T18:46:34.398+0800: 94681.995: [GC (Allocation Failure) [PSYoungGen: 82784K->384K(84480K)] 263395K->180995K(279040K), 0.0019772 secs] [Times: user=0.01 sys=0.00, real=0.00 secs] 
2021-08-19T18:46:58.397+0800: 94705.994: [GC (Allocation Failure) [PSYoungGen: 82816K->320K(84992K)] 263427K->180931K(279552K), 0.0023672 secs] [Times: user=0.01 sys=0.00, real=0.00 secs] 
2021-08-19T18:47:18.811+0800: 94726.409: [GC (Allocation Failure) [PSYoungGen: 83264K->1152K(84992K)] 263875K->181763K(279552K), 0.0021515 secs] [Times: user=0.02 sys=0.00, real=0.00 secs] 
2021-08-19T18:47:38.820+0800: 94746.418: [GC (Allocation Failure) [PSYoungGen: 84096K->1056K(84992K)] 264707K->181675K(279552K), 0.0021412 secs] [Times: user=0.01 sys=0.00, real=0.00 secs] 
2021-08-19T18:47:59.396+0800: 94766.994: [GC (Allocation Failure) [PSYoungGen: 84000K->448K(84992K)] 264619K->181067K(279552K), 0.0021837 secs] [Times: user=0.01 sys=0.00, real=0.00 secs] 
2021-08-19T18:48:24.044+0800: 94791.642: [GC (Allocation Failure) [PSYoungGen: 83392K->352K(84992K)] 264011K->180971K(279552K), 0.0021488 secs] [Times: user=0.01 sys=0.00, real=0.00 secs] 
2021-08-19T18:48:48.396+0800: 94815.994: [GC (Allocation Failure) [PSYoungGen: 83296K->320K(84992K)] 263915K->180939K(279552K), 0.0020631 secs] [Times: user=0.01 sys=0.00, real=0.00 secs] 
2021-08-19T18:49:08.812+0800: 94836.410: [GC (Allocation Failure) [PSYoungGen: 83264K->1280K(84992K)] 263883K->181907K(279552K), 0.0022372 secs] [Times: user=0.02 sys=0.00, real=0.00 secs] 
2021-08-19T18:49:28.821+0800: 94856.419: [GC (Allocation Failure) [PSYoungGen: 84224K->1152K(84992K)] 264851K->181779K(279552K), 0.0022417 secs] [Times: user=0.01 sys=0.00, real=0.00 secs] 
2021-08-19T18:49:50.396+0800: 94877.994: [GC (Allocation Failure) [PSYoungGen: 84096K->320K(84992K)] 264723K->180947K(279552K), 0.0021973 secs] [Times: user=0.01 sys=0.00, real=0.00 secs] 
2021-08-19T18:50:15.043+0800: 94902.641: [GC (Allocation Failure) [PSYoungGen: 83264K->384K(84992K)] 263891K->181011K(279552K), 0.0022849 secs] [Times: user=0.01 sys=0.00, real=0.00 secs] 
2021-08-19T18:50:38.805+0800: 94926.403: [GC (Allocation Failure) [PSYoungGen: 83328K->672K(84992K)] 263955K->181307K(279552K), 0.0020934 secs] [Times: user=0.02 sys=0.00, real=0.00 secs] 
2021-08-19T18:50:58.814+0800: 94946.412: [GC (Allocation Failure) [PSYoungGen: 83616K->800K(84992K)] 264251K->181435K(279552K), 0.0021013 secs] [Times: user=0.02 sys=0.00, real=0.00 secs] 
2021-08-19T18:51:18.824+0800: 94966.422: [GC (Allocation Failure) [PSYoungGen: 83744K->1120K(84992K)] 264379K->181787K(279552K), 0.0021939 secs] [Times: user=0.02 sys=0.00, real=0.00 secs] 
2021-08-19T18:51:40.896+0800: 94988.494: [GC (Allocation Failure) [PSYoungGen: 84064K->352K(84992K)] 264731K->181019K(279552K), 0.0020294 secs] [Times: user=0.02 sys=0.00, real=0.00 secs] 
2021-08-19T18:52:05.396+0800: 95012.994: [GC (Allocation Failure) [PSYoungGen: 83296K->384K(84992K)] 263963K->181051K(279552K), 0.0019925 secs] [Times: user=0.01 sys=0.00, real=0.00 secs] 
2021-08-19T18:52:28.807+0800: 95036.404: [GC (Allocation Failure) [PSYoungGen: 83328K->704K(84992K)] 263995K->181371K(279552K), 0.0020206 secs] [Times: user=0.02 sys=0.00, real=0.00 secs] 
2021-08-19T18:52:48.815+0800: 95056.413: [GC (Allocation Failure) [PSYoungGen: 83648K->320K(84992K)] 264315K->180987K(279552K), 0.0023158 secs] [Times: user=0.02 sys=0.00, real=0.00 secs] 
2021-08-19T18:53:08.824+0800: 95076.422: [GC (Allocation Failure) [PSYoungGen: 83264K->1280K(84992K)] 263931K->181947K(279552K), 0.0023612 secs] [Times: user=0.01 sys=0.00, real=0.00 secs] 
2021-08-19T18:53:31.895+0800: 95099.493: [GC (Allocation Failure) [PSYoungGen: 84224K->384K(84992K)] 264891K->181091K(279552K), 0.0020689 secs] [Times: user=0.01 sys=0.00, real=0.00 secs] 
2021-08-19T18:53:56.043+0800: 95123.641: [GC (Allocation Failure) [PSYoungGen: 83328K->352K(84992K)] 264035K->181059K(279552K), 0.0020778 secs] [Times: user=0.01 sys=0.00, real=0.00 secs] 
2021-08-19T18:54:18.809+0800: 95146.407: [GC (Allocation Failure) [PSYoungGen: 83296K->416K(84992K)] 264003K->181123K(279552K), 0.0019960 secs] [Times: user=0.02 sys=0.00, real=0.01 secs] 
2021-08-19T18:54:38.818+0800: 95166.416: [GC (Allocation Failure) [PSYoungGen: 83360K->608K(84992K)] 264067K->181315K(279552K), 0.0021849 secs] [Times: user=0.02 sys=0.00, real=0.01 secs] 
2021-08-19T18:54:58.826+0800: 95186.424: [GC (Allocation Failure) [PSYoungGen: 83552K->864K(85504K)] 264259K->181571K(280064K), 0.0026064 secs] [Times: user=0.01 sys=0.00, real=0.00 secs] 
2021-08-19T18:55:23.045+0800: 95210.643: [GC (Allocation Failure) [PSYoungGen: 84832K->384K(85504K)] 265539K->181091K(280064K), 0.0020167 secs] [Times: user=0.02 sys=0.00, real=0.00 secs] 
2021-08-19T18:55:47.718+0800: 95235.316: [GC (Allocation Failure) [PSYoungGen: 84352K->384K(85504K)] 265059K->181091K(280064K), 0.0021619 secs] [Times: user=0.01 sys=0.00, real=0.01 secs] 
2021-08-19T18:56:08.815+0800: 95256.413: [GC (Allocation Failure) [PSYoungGen: 84352K->1184K(85504K)] 265059K->181899K(280064K), 0.0021595 secs] [Times: user=0.02 sys=0.00, real=0.00 secs] 
2021-08-19T18:56:28.825+0800: 95276.423: [GC (Allocation Failure) [PSYoungGen: 85152K->1120K(84480K)] 265867K->181859K(279040K), 0.0021222 secs] [Times: user=0.01 sys=0.00, real=0.00 secs] 
2021-08-19T18:56:50.396+0800: 95297.994: [GC (Allocation Failure) [PSYoungGen: 84064K->384K(84992K)] 264803K->181123K(279552K), 0.0020019 secs] [Times: user=0.02 sys=0.00, real=0.00 secs] 
2021-08-19T18:57:14.396+0800: 95321.994: [GC (Allocation Failure) [PSYoungGen: 83328K->416K(85504K)] 264067K->181155K(280064K), 0.0023261 secs] [Times: user=0.01 sys=0.00, real=0.00 secs] 
2021-08-19T18:57:36.047+0800: 95343.644: [GC (Allocation Failure) [PSYoungGen: 83872K->352K(84992K)] 264611K->181107K(279552K), 0.0023227 secs] [Times: user=0.02 sys=0.00, real=0.00 secs] 
2021-08-19T18:57:58.394+0800: 95365.992: [GC (Allocation Failure) [PSYoungGen: 83808K->416K(85504K)] 264563K->181171K(280064K), 0.0023723 secs] [Times: user=0.01 sys=0.00, real=0.00 secs] 
2021-08-19T18:58:18.810+0800: 95386.408: [GC (Allocation Failure) [PSYoungGen: 84384K->672K(85504K)] 265139K->181427K(280064K), 0.0023696 secs] [Times: user=0.02 sys=0.00, real=0.01 secs] 
2021-08-19T18:58:38.820+0800: 95406.418: [GC (Allocation Failure) [PSYoungGen: 84640K->608K(85504K)] 265395K->181371K(280064K), 0.0021366 secs] [Times: user=0.01 sys=0.00, real=0.00 secs] 
2021-08-19T18:58:58.828+0800: 95426.426: [GC (Allocation Failure) [PSYoungGen: 84576K->960K(85504K)] 265339K->181723K(280064K), 0.0023207 secs] [Times: user=0.02 sys=0.00, real=0.01 secs] 
2021-08-19T18:59:23.395+0800: 95450.993: [GC (Allocation Failure) [PSYoungGen: 84928K->352K(85504K)] 265691K->181115K(280064K), 0.0020686 secs] [Times: user=0.02 sys=0.00, real=0.00 secs] 
2021-08-19T18:59:41.395+0800: 95468.993: [GC (Allocation Failure) [PSYoungGen: 84320K->416K(85504K)] 265083K->181179K(280064K), 0.0022965 secs] [Times: user=0.01 sys=0.00, real=0.00 secs] 
2021-08-19T18:59:59.396+0800: 95486.994: [GC (Allocation Failure) [PSYoungGen: 84384K->288K(85504K)] 265147K->181051K(280064K), 0.0019417 secs] [Times: user=0.02 sys=0.00, real=0.00 secs] 
2021-08-19T19:00:18.829+0800: 95506.427: [GC (Allocation Failure) [PSYoungGen: 84256K->1184K(85504K)] 265019K->181947K(280064K), 0.0022685 secs] [Times: user=0.02 sys=0.00, real=0.01 secs] 
2021-08-19T19:00:38.825+0800: 95526.423: [GC (Allocation Failure) [PSYoungGen: 85152K->736K(85504K)] 265915K->181499K(280064K), 0.0020520 secs] [Times: user=0.01 sys=0.00, real=0.00 secs] 
2021-08-19T19:00:58.820+0800: 95546.417: [GC (Allocation Failure) [PSYoungGen: 84704K->384K(85504K)] 265467K->181155K(280064K), 0.0020776 secs] [Times: user=0.02 sys=0.00, real=0.01 secs] 
2021-08-19T19:01:18.817+0800: 95566.415: [GC (Allocation Failure) [PSYoungGen: 84352K->1216K(85504K)] 265123K->181987K(280064K), 0.0021341 secs] [Times: user=0.01 sys=0.00, real=0.00 secs] 
2021-08-19T19:01:38.813+0800: 95586.410: [GC (Allocation Failure) [PSYoungGen: 85184K->736K(85504K)] 265955K->181507K(280064K), 0.0022210 secs] [Times: user=0.01 sys=0.00, real=0.00 secs] 
2021-08-19T19:01:58.396+0800: 95605.994: [GC (Allocation Failure) [PSYoungGen: 84704K->384K(85504K)] 265475K->181155K(280064K), 0.0019534 secs] [Times: user=0.02 sys=0.00, real=0.00 secs] 
2021-08-19T19:02:16.545+0800: 95624.143: [GC (Allocation Failure) [PSYoungGen: 84352K->384K(85504K)] 265123K->181195K(280064K), 0.0020724 secs] [Times: user=0.01 sys=0.00, real=0.00 secs] 
2021-08-19T19:02:34.776+0800: 95642.373: [GC (Allocation Failure) [PSYoungGen: 84352K->288K(85504K)] 265163K->181163K(280064K), 0.0019848 secs] [Times: user=0.01 sys=0.00, real=0.00 secs] 
2021-08-19T19:02:52.898+0800: 95660.495: [GC (Allocation Failure) [PSYoungGen: 84256K->384K(85504K)] 265131K->181275K(280064K), 0.0021670 secs] [Times: user=0.02 sys=0.00, real=0.00 secs] 
2021-08-19T19:03:11.395+0800: 95678.993: [GC (Allocation Failure) [PSYoungGen: 84352K->416K(85504K)] 265243K->181355K(280064K), 0.0022046 secs] [Times: user=0.02 sys=0.00, real=0.00 secs] 
2021-08-19T19:03:29.544+0800: 95697.142: [GC (Allocation Failure) [PSYoungGen: 84384K->384K(85504K)] 265323K->181331K(280064K), 0.0021365 secs] [Times: user=0.01 sys=0.00, real=0.00 secs] 
2021-08-19T19:03:48.830+0800: 95716.428: [GC (Allocation Failure) [PSYoungGen: 84352K->1248K(85504K)] 265299K->182195K(280064K), 0.0022746 secs] [Times: user=0.02 sys=0.00, real=0.00 secs] 
2021-08-19T19:04:08.827+0800: 95736.425: [GC (Allocation Failure) [PSYoungGen: 85216K->1088K(85504K)] 266163K->182075K(280064K), 0.0028797 secs] [Times: user=0.02 sys=0.00, real=0.00 secs] 
2021-08-19T19:04:28.823+0800: 95756.421: [GC (Allocation Failure) [PSYoungGen: 85056K->736K(85504K)] 266043K->181803K(280064K), 0.0022282 secs] [Times: user=0.02 sys=0.00, real=0.00 secs] 
2021-08-19T19:04:48.819+0800: 95776.417: [GC (Allocation Failure) [PSYoungGen: 84704K->1216K(85504K)] 265771K->182283K(280064K), 0.0022588 secs] [Times: user=0.01 sys=0.00, real=0.01 secs] 
2021-08-19T19:05:08.816+0800: 95796.414: [GC (Allocation Failure) [PSYoungGen: 85184K->1056K(84480K)] 266251K->182123K(279040K), 0.0022197 secs] [Times: user=0.02 sys=0.00, real=0.00 secs] 
2021-08-19T19:05:28.541+0800: 95816.139: [GC (Allocation Failure) [PSYoungGen: 84000K->288K(84992K)] 265067K->181355K(279552K), 0.0019137 secs] [Times: user=0.01 sys=0.00, real=0.00 secs] 
2021-08-19T19:05:46.536+0800: 95834.134: [GC (Allocation Failure) [PSYoungGen: 83232K->384K(84992K)] 264299K->181451K(279552K), 0.0021573 secs] [Times: user=0.01 sys=0.00, real=0.00 secs] 
2021-08-19T19:06:04.536+0800: 95852.134: [GC (Allocation Failure) [PSYoungGen: 83328K->320K(84992K)] 264395K->181395K(279552K), 0.0019806 secs] [Times: user=0.01 sys=0.00, real=0.00 secs] 
2021-08-19T19:06:22.535+0800: 95870.133: [GC (Allocation Failure) [PSYoungGen: 83264K->384K(85504K)] 264339K->181459K(280064K), 0.0020435 secs] [Times: user=0.02 sys=0.01, real=0.00 secs] 
2021-08-19T19:06:40.533+0800: 95888.130: [GC (Allocation Failure) [PSYoungGen: 83840K->384K(84992K)] 264915K->181459K(279552K), 0.0022610 secs] [Times: user=0.02 sys=0.00, real=0.00 secs] 
2021-08-19T19:06:58.834+0800: 95906.432: [GC (Allocation Failure) [PSYoungGen: 83840K->1056K(84480K)] 264915K->182139K(279040K), 0.0021779 secs] [Times: user=0.01 sys=0.00, real=0.00 secs] 
2021-08-19T19:07:18.833+0800: 95926.431: [GC (Allocation Failure) [PSYoungGen: 84000K->1088K(84992K)] 265083K->182171K(279552K), 0.0022450 secs] [Times: user=0.02 sys=0.01, real=0.00 secs] 
2021-08-19T19:07:38.827+0800: 95946.425: [GC (Allocation Failure) [PSYoungGen: 84032K->544K(84992K)] 265115K->181627K(279552K), 0.0020528 secs] [Times: user=0.02 sys=0.00, real=0.00 secs] 
2021-08-19T19:07:58.821+0800: 95966.419: [GC (Allocation Failure) [PSYoungGen: 83488K->1232K(84992K)] 264571K->182315K(279552K), 0.0023736 secs] [Times: user=0.01 sys=0.00, real=0.00 secs] 
2021-08-19T19:08:18.816+0800: 95986.413: [GC (Allocation Failure) [PSYoungGen: 84176K->896K(84992K)] 265259K->181979K(279552K), 0.0021714 secs] [Times: user=0.01 sys=0.01, real=0.00 secs] 
2021-08-19T19:08:36.895+0800: 96004.493: [GC (Allocation Failure) [PSYoungGen: 83840K->656K(84992K)] 264923K->181739K(279552K), 0.0023128 secs] [Times: user=0.01 sys=0.00, real=0.00 secs] 
2021-08-19T19:08:54.532+0800: 96022.130: [GC (Allocation Failure) [PSYoungGen: 83600K->816K(85504K)] 264683K->181907K(280064K), 0.0020014 secs] [Times: user=0.02 sys=0.00, real=0.00 secs] 
2021-08-19T19:09:12.532+0800: 96040.129: [GC (Allocation Failure) [PSYoungGen: 84270K->849K(84992K)] 265361K->181940K(279552K), 0.0025130 secs] [Times: user=0.02 sys=0.00, real=0.00 secs] 
2021-08-19T19:09:30.531+0800: 96058.129: [GC (Allocation Failure) [PSYoungGen: 84305K->848K(85504K)] 265396K->181939K(280064K), 0.0025119 secs] [Times: user=0.02 sys=0.00, real=0.00 secs] 
2021-08-19T19:09:48.898+0800: 96076.496: [GC (Allocation Failure) [PSYoungGen: 84816K->1104K(85504K)] 265907K->182195K(280064K), 0.0021278 secs] [Times: user=0.02 sys=0.00, real=0.00 secs] 
2021-08-19T19:10:08.834+0800: 96096.432: [GC (Allocation Failure) [PSYoungGen: 85072K->1520K(84480K)] 266163K->182955K(279040K), 0.0022394 secs] [Times: user=0.02 sys=0.01, real=0.00 secs] 
2021-08-19T19:10:28.830+0800: 96116.427: [GC (Allocation Failure) [PSYoungGen: 84464K->1536K(84992K)] 265899K->182971K(279552K), 0.0026707 secs] [Times: user=0.02 sys=0.00, real=0.01 secs] 
2021-08-19T19:10:48.825+0800: 96136.422: [GC (Allocation Failure) [PSYoungGen: 84480K->2016K(83968K)] 265915K->183451K(278528K), 0.0027485 secs] [Times: user=0.02 sys=0.00, real=0.00 secs] 
2021-08-19T19:11:08.818+0800: 96156.416: [GC (Allocation Failure) [PSYoungGen: 83936K->1408K(84480K)] 265371K->182843K(279040K), 0.0023732 secs] [Times: user=0.02 sys=0.00, real=0.01 secs] 
2021-08-19T19:11:27.398+0800: 96174.996: [GC (Allocation Failure) [PSYoungGen: 83328K->1008K(84480K)] 264763K->182451K(279040K), 0.0021654 secs] [Times: user=0.02 sys=0.00, real=0.01 secs] 
2021-08-19T19:11:44.528+0800: 96192.126: [GC (Allocation Failure) [PSYoungGen: 82928K->1008K(84480K)] 264371K->182451K(279040K), 0.0021358 secs] [Times: user=0.02 sys=0.00, real=0.01 secs] 
2021-08-19T19:12:02.397+0800: 96209.995: [GC (Allocation Failure) [PSYoungGen: 82928K->1056K(84992K)] 264371K->182499K(279552K), 0.0022485 secs] [Times: user=0.01 sys=0.00, real=0.00 secs] 
2021-08-19T19:12:19.615+0800: 96227.213: [GC (Allocation Failure) [PSYoungGen: 83488K->1024K(84480K)] 264931K->182467K(279040K), 0.0021924 secs] [Times: user=0.01 sys=0.00, real=0.00 secs] 
2021-08-19T19:12:38.835+0800: 96246.433: [GC (Allocation Failure) [PSYoungGen: 83456K->1904K(83968K)] 264899K->183571K(278528K), 0.0022869 secs] [Times: user=0.01 sys=0.00, real=0.00 secs] 
2021-08-19T19:12:58.830+0800: 96266.427: [GC (Allocation Failure) [PSYoungGen: 83824K->1168K(84480K)] 265491K->183043K(279040K), 0.0023507 secs] [Times: user=0.02 sys=0.00, real=0.01 secs] 
2021-08-19T19:13:18.824+0800: 96286.422: [GC (Allocation Failure) [PSYoungGen: 83088K->1536K(83968K)] 264963K->183531K(278528K), 0.0026139 secs] [Times: user=0.02 sys=0.00, real=0.00 secs] 
2021-08-19T19:13:38.817+0800: 96306.415: [GC (Allocation Failure) [PSYoungGen: 83456K->928K(84480K)] 265451K->183051K(279040K), 0.0020436 secs] [Times: user=0.01 sys=0.00, real=0.00 secs] 
2021-08-19T19:13:56.527+0800: 96324.125: [GC (Allocation Failure) [PSYoungGen: 82848K->496K(83968K)] 264971K->182747K(278528K), 0.0020360 secs] [Times: user=0.01 sys=0.00, real=0.00 secs] 
2021-08-19T19:14:14.400+0800: 96341.998: [GC (Allocation Failure) [PSYoungGen: 82416K->480K(84480K)] 264667K->182899K(279040K), 0.0026563 secs] [Times: user=0.02 sys=0.00, real=0.01 secs] 
2021-08-19T19:14:31.900+0800: 96359.497: [GC (Allocation Failure) [PSYoungGen: 82400K->416K(84480K)] 264819K->183043K(279040K), 0.0021840 secs] [Times: user=0.01 sys=0.00, real=0.01 secs] 
2021-08-19T19:14:49.526+0800: 96377.123: [GC (Allocation Failure) [PSYoungGen: 82336K->416K(84480K)] 264963K->183107K(279040K), 0.0020874 secs] [Times: user=0.02 sys=0.00, real=0.00 secs] 
2021-08-19T19:15:08.835+0800: 96396.432: [GC (Allocation Failure) [PSYoungGen: 82336K->1184K(84992K)] 265027K->183875K(279552K), 0.0022316 secs] [Times: user=0.02 sys=0.00, real=0.00 secs] 
2021-08-19T19:15:28.829+0800: 96416.427: [GC (Allocation Failure) [PSYoungGen: 83616K->672K(84480K)] 266307K->183363K(279040K), 0.0020014 secs] [Times: user=0.02 sys=0.00, real=0.01 secs] 
2021-08-19T19:15:48.823+0800: 96436.421: [GC (Allocation Failure) [PSYoungGen: 83104K->1088K(84992K)] 265795K->183779K(279552K), 0.0021416 secs] [Times: user=0.01 sys=0.00, real=0.00 secs] 
2021-08-19T19:16:08.819+0800: 96456.417: [GC (Allocation Failure) [PSYoungGen: 84032K->672K(84992K)] 266723K->183363K(279552K), 0.0021640 secs] [Times: user=0.02 sys=0.00, real=0.01 secs] 
2021-08-19T19:16:27.525+0800: 96475.122: [GC (Allocation Failure) [PSYoungGen: 83616K->416K(84992K)] 266307K->183107K(279552K), 0.0021439 secs] [Times: user=0.01 sys=0.00, real=0.00 secs] 
2021-08-19T19:16:45.399+0800: 96492.997: [GC (Allocation Failure) [PSYoungGen: 83360K->352K(84992K)] 266051K->183051K(279552K), 0.0020355 secs] [Times: user=0.02 sys=0.00, real=0.01 secs] 
2021-08-19T19:17:03.399+0800: 96510.997: [GC (Allocation Failure) [PSYoungGen: 83296K->416K(84992K)] 265995K->183131K(279552K), 0.0019427 secs] [Times: user=0.02 sys=0.00, real=0.01 secs] 
2021-08-19T19:17:21.398+0800: 96528.996: [GC (Allocation Failure) [PSYoungGen: 83360K->384K(84992K)] 266075K->183099K(279552K), 0.0020731 secs] [Times: user=0.01 sys=0.00, real=0.01 secs] 
2021-08-19T19:17:38.899+0800: 96546.497: [GC (Allocation Failure) [PSYoungGen: 83328K->288K(84992K)] 266043K->183003K(279552K), 0.0021579 secs] [Times: user=0.02 sys=0.00, real=0.01 secs] 
2021-08-19T19:17:58.836+0800: 96566.434: [GC (Allocation Failure) [PSYoungGen: 83232K->1088K(84992K)] 265947K->183803K(279552K), 0.0020537 secs] [Times: user=0.01 sys=0.00, real=0.00 secs] 
2021-08-19T19:18:18.831+0800: 96586.429: [GC (Allocation Failure) [PSYoungGen: 84032K->608K(84992K)] 266747K->183323K(279552K), 0.0021426 secs] [Times: user=0.02 sys=0.00, real=0.00 secs] 
2021-08-19T19:18:38.827+0800: 96606.425: [GC (Allocation Failure) [PSYoungGen: 83552K->1184K(84992K)] 266267K->183899K(279552K), 0.0021348 secs] [Times: user=0.02 sys=0.00, real=0.00 secs] 
2021-08-19T19:18:58.821+0800: 96626.419: [GC (Allocation Failure) [PSYoungGen: 84128K->736K(84992K)] 266843K->183451K(279552K), 0.0020985 secs] [Times: user=0.01 sys=0.00, real=0.00 secs] 
2021-08-19T19:19:17.523+0800: 96645.121: [GC (Allocation Failure) [PSYoungGen: 83680K->384K(84992K)] 266395K->183099K(279552K), 0.0022461 secs] [Times: user=0.01 sys=0.00, real=0.00 secs] 
2021-08-19T19:19:35.522+0800: 96663.119: [GC (Allocation Failure) [PSYoungGen: 83328K->384K(84992K)] 266043K->183107K(279552K), 0.0019936 secs] [Times: user=0.01 sys=0.00, real=0.00 secs] 
2021-08-19T19:19:53.401+0800: 96680.998: [GC (Allocation Failure) [PSYoungGen: 83328K->352K(84992K)] 266051K->183075K(279552K), 0.0020199 secs] [Times: user=0.01 sys=0.00, real=0.00 secs] 
2021-08-19T19:20:11.446+0800: 96699.044: [GC (Allocation Failure) [PSYoungGen: 83296K->352K(84992K)] 266019K->183075K(279552K), 0.0022134 secs] [Times: user=0.02 sys=0.00, real=0.00 secs] 
2021-08-19T19:20:29.401+0800: 96716.998: [GC (Allocation Failure) [PSYoungGen: 83296K->384K(84992K)] 266019K->183107K(279552K), 0.0021314 secs] [Times: user=0.01 sys=0.00, real=0.00 secs] 
2021-08-19T19:20:48.838+0800: 96736.435: [GC (Allocation Failure) [PSYoungGen: 83328K->1184K(84480K)] 266051K->183907K(279040K), 0.0025277 secs] [Times: user=0.01 sys=0.00, real=0.01 secs] 
2021-08-19T19:21:08.832+0800: 96756.430: [GC (Allocation Failure) [PSYoungGen: 84128K->736K(84992K)] 266851K->183459K(279552K), 0.0020685 secs] [Times: user=0.01 sys=0.00, real=0.00 secs] 
2021-08-19T19:21:28.827+0800: 96776.425: [GC (Allocation Failure) [PSYoungGen: 83680K->1184K(84992K)] 266403K->183907K(279552K), 0.0021224 secs] [Times: user=0.02 sys=0.00, real=0.00 secs] 
2021-08-19T19:21:48.822+0800: 96796.420: [GC (Allocation Failure) [PSYoungGen: 84128K->704K(84992K)] 266851K->183427K(279552K), 0.0019937 secs] [Times: user=0.02 sys=0.00, real=0.00 secs] 
2021-08-19T19:22:07.900+0800: 96815.498: [GC (Allocation Failure) [PSYoungGen: 83648K->416K(85504K)] 266371K->183147K(280064K), 0.0021098 secs] [Times: user=0.02 sys=0.00, real=0.00 secs] 
2021-08-19T19:22:26.399+0800: 96833.997: [GC (Allocation Failure) [PSYoungGen: 83872K->416K(84992K)] 266603K->183147K(279552K), 0.0021400 secs] [Times: user=0.01 sys=0.00, real=0.01 secs] 
2021-08-19T19:22:44.407+0800: 96852.004: [GC (Allocation Failure) [PSYoungGen: 83872K->384K(85504K)] 266603K->183115K(280064K), 0.0023891 secs] [Times: user=0.02 sys=0.00, real=0.00 secs] 
2021-08-19T19:23:02.522+0800: 96870.120: [GC (Allocation Failure) [PSYoungGen: 84352K->384K(85504K)] 267083K->183115K(280064K), 0.0019645 secs] [Times: user=0.02 sys=0.00, real=0.00 secs] 
2021-08-19T19:23:21.522+0800: 96889.119: [GC (Allocation Failure) [PSYoungGen: 84352K->416K(85504K)] 267083K->183147K(280064K), 0.0023343 secs] [Times: user=0.01 sys=0.00, real=0.00 secs] 
2021-08-19T19:23:39.899+0800: 96907.497: [GC (Allocation Failure) [PSYoungGen: 84384K->384K(85504K)] 267115K->183123K(280064K), 0.0022978 secs] [Times: user=0.01 sys=0.00, real=0.01 secs] 
2021-08-19T19:23:58.842+0800: 96926.440: [GC (Allocation Failure) [PSYoungGen: 84352K->1280K(85504K)] 267091K->184019K(280064K), 0.0022083 secs] [Times: user=0.01 sys=0.00, real=0.00 secs] 
2021-08-19T19:24:18.839+0800: 96946.437: [GC (Allocation Failure) [PSYoungGen: 85248K->1120K(85504K)] 267987K->183859K(280064K), 0.0020554 secs] [Times: user=0.02 sys=0.00, real=0.01 secs] 
2021-08-19T19:24:38.834+0800: 96966.432: [GC (Allocation Failure) [PSYoungGen: 85088K->672K(85504K)] 267827K->183411K(280064K), 0.0020647 secs] [Times: user=0.02 sys=0.00, real=0.00 secs] 
2021-08-19T19:24:58.829+0800: 96986.427: [GC (Allocation Failure) [PSYoungGen: 84640K->1216K(85504K)] 267379K->183963K(280064K), 0.0021573 secs] [Times: user=0.01 sys=0.00, real=0.01 secs] 
2021-08-19T19:25:18.827+0800: 97006.425: [GC (Allocation Failure) [PSYoungGen: 85184K->1024K(84480K)] 267931K->183771K(279040K), 0.0022921 secs] [Times: user=0.02 sys=0.00, real=0.00 secs] 
2021-08-19T19:25:38.522+0800: 97026.119: [GC (Allocation Failure) [PSYoungGen: 83968K->384K(84992K)] 266715K->183131K(279552K), 0.0023360 secs] [Times: user=0.02 sys=0.00, real=0.00 secs] 
2021-08-19T19:25:56.520+0800: 97044.117: [GC (Allocation Failure) [PSYoungGen: 83328K->416K(84992K)] 266075K->183163K(279552K), 0.0020834 secs] [Times: user=0.01 sys=0.00, real=0.01 secs] 
2021-08-19T19:26:14.521+0800: 97062.119: [GC (Allocation Failure) [PSYoungGen: 83360K->384K(84992K)] 266107K->183131K(279552K), 0.0019364 secs] [Times: user=0.02 sys=0.00, real=0.00 secs] 
2021-08-19T19:26:32.521+0800: 97080.119: [GC (Allocation Failure) [PSYoungGen: 83328K->416K(85504K)] 266075K->183211K(280064K), 0.0020226 secs] [Times: user=0.02 sys=0.00, real=0.00 secs] 
2021-08-19T19:26:50.521+0800: 97098.119: [GC (Allocation Failure) [PSYoungGen: 83872K->416K(84992K)] 266667K->183211K(279552K), 0.0021425 secs] [Times: user=0.02 sys=0.00, real=0.00 secs] 
2021-08-19T19:27:08.901+0800: 97116.499: [GC (Allocation Failure) [PSYoungGen: 83872K->352K(85504K)] 266667K->183147K(280064K), 0.0027359 secs] [Times: user=0.02 sys=0.00, real=0.00 secs] 
2021-08-19T19:27:28.841+0800: 97136.439: [GC (Allocation Failure) [PSYoungGen: 84320K->1184K(85504K)] 267115K->183987K(280064K), 0.0022721 secs] [Times: user=0.01 sys=0.00, real=0.00 secs] 
2021-08-19T19:27:48.836+0800: 97156.434: [GC (Allocation Failure) [PSYoungGen: 85152K->768K(85504K)] 267955K->183571K(280064K), 0.0028823 secs] [Times: user=0.02 sys=0.00, real=0.00 secs] 
2021-08-19T19:28:08.832+0800: 97176.430: [GC (Allocation Failure) [PSYoungGen: 84736K->800K(85504K)] 267539K->183603K(280064K), 0.0022225 secs] [Times: user=0.01 sys=0.00, real=0.00 secs] 
2021-08-19T19:28:28.829+0800: 97196.427: [GC (Allocation Failure) [PSYoungGen: 84768K->1056K(85504K)] 267571K->183859K(280064K), 0.0020739 secs] [Times: user=0.01 sys=0.00, real=0.01 secs] 
2021-08-19T19:28:48.825+0800: 97216.423: [GC (Allocation Failure) [PSYoungGen: 85024K->576K(85504K)] 267827K->183379K(280064K), 0.0022691 secs] [Times: user=0.02 sys=0.00, real=0.00 secs] 
2021-08-19T19:29:08.400+0800: 97235.998: [GC (Allocation Failure) [PSYoungGen: 84544K->384K(85504K)] 267347K->183187K(280064K), 0.0019430 secs] [Times: user=0.01 sys=0.00, real=0.01 secs] 
2021-08-19T19:29:26.401+0800: 97253.999: [GC (Allocation Failure) [PSYoungGen: 84352K->416K(85504K)] 267155K->183219K(280064K), 0.0022109 secs] [Times: user=0.02 sys=0.00, real=0.00 secs] 
2021-08-19T19:29:44.519+0800: 97272.117: [GC (Allocation Failure) [PSYoungGen: 84384K->384K(85504K)] 267187K->183187K(280064K), 0.0022597 secs] [Times: user=0.02 sys=0.00, real=0.01 secs] 
2021-08-19T19:30:02.901+0800: 97290.498: [GC (Allocation Failure) [PSYoungGen: 84352K->416K(85504K)] 267155K->183227K(280064K), 0.0022980 secs] [Times: user=0.02 sys=0.00, real=0.00 secs] 
2021-08-19T19:30:21.279+0800: 97308.877: [GC (Allocation Failure) [PSYoungGen: 84384K->256K(85504K)] 267195K->183083K(280064K), 0.0024664 secs] [Times: user=0.01 sys=0.00, real=0.01 secs] 
2021-08-19T19:30:39.402+0800: 97326.999: [GC (Allocation Failure) [PSYoungGen: 84224K->352K(85504K)] 267051K->183179K(280064K), 0.0023165 secs] [Times: user=0.01 sys=0.00, real=0.00 secs] 
2021-08-19T19:30:58.846+0800: 97346.444: [GC (Allocation Failure) [PSYoungGen: 84320K->1312K(85504K)] 267147K->184139K(280064K), 0.0025761 secs] [Times: user=0.02 sys=0.00, real=0.00 secs] 
2021-08-19T19:31:18.843+0800: 97366.441: [GC (Allocation Failure) [PSYoungGen: 85280K->992K(84992K)] 268107K->183819K(279552K), 0.0025441 secs] [Times: user=0.01 sys=0.00, real=0.00 secs] 
2021-08-19T19:31:38.842+0800: 97386.440: [GC (Allocation Failure) [PSYoungGen: 84960K->512K(85504K)] 267787K->183339K(280064K), 0.0021577 secs] [Times: user=0.02 sys=0.00, real=0.00 secs] 
2021-08-19T19:31:58.834+0800: 97406.432: [GC (Allocation Failure) [PSYoungGen: 83968K->1184K(84992K)] 266795K->184011K(279552K), 0.0021391 secs] [Times: user=0.01 sys=0.00, real=0.00 secs] 
2021-08-19T19:32:18.830+0800: 97426.428: [GC (Allocation Failure) [PSYoungGen: 84640K->608K(85504K)] 267467K->183435K(280064K), 0.0020723 secs] [Times: user=0.01 sys=0.00, real=0.00 secs] 
2021-08-19T19:32:37.651+0800: 97445.249: [GC (Allocation Failure) [PSYoungGen: 84064K->352K(84992K)] 266891K->183179K(279552K), 0.0020054 secs] [Times: user=0.01 sys=0.00, real=0.00 secs] 
2021-08-19T19:32:55.521+0800: 97463.118: [GC (Allocation Failure) [PSYoungGen: 83808K->320K(85504K)] 266635K->183155K(280064K), 0.0022152 secs] [Times: user=0.02 sys=0.00, real=0.00 secs] 
2021-08-19T19:33:13.902+0800: 97481.500: [GC (Allocation Failure) [PSYoungGen: 84288K->416K(85504K)] 267123K->183251K(280064K), 0.0020092 secs] [Times: user=0.01 sys=0.00, real=0.00 secs] 
2021-08-19T19:33:32.521+0800: 97500.119: [GC (Allocation Failure) [PSYoungGen: 84384K->384K(85504K)] 267219K->183219K(280064K), 0.0018811 secs] [Times: user=0.01 sys=0.00, real=0.00 secs] 
2021-08-19T19:33:50.521+0800: 97518.118: [GC (Allocation Failure) [PSYoungGen: 84352K->416K(85504K)] 267187K->183251K(280064K), 0.0022428 secs] [Times: user=0.01 sys=0.00, real=0.00 secs] 
2021-08-19T19:34:08.903+0800: 97536.500: [GC (Allocation Failure) [PSYoungGen: 84384K->416K(85504K)] 267219K->183251K(280064K), 0.0019976 secs] [Times: user=0.01 sys=0.00, real=0.00 secs] 
2021-08-19T19:34:28.850+0800: 97556.448: [GC (Allocation Failure) [PSYoungGen: 84384K->1216K(85504K)] 267219K->184067K(280064K), 0.0024775 secs] [Times: user=0.02 sys=0.00, real=0.00 secs] 
2021-08-19T19:34:48.844+0800: 97576.442: [GC (Allocation Failure) [PSYoungGen: 85184K->736K(85504K)] 268035K->183587K(280064K), 0.0021661 secs] [Times: user=0.02 sys=0.00, real=0.00 secs] 
2021-08-19T19:35:08.840+0800: 97596.437: [GC (Allocation Failure) [PSYoungGen: 84704K->928K(85504K)] 267555K->183779K(280064K), 0.0025419 secs] [Times: user=0.02 sys=0.00, real=0.01 secs] 
2021-08-19T19:35:28.837+0800: 97616.434: [GC (Allocation Failure) [PSYoungGen: 84896K->1024K(85504K)] 267747K->183883K(280064K), 0.0023642 secs] [Times: user=0.01 sys=0.00, real=0.00 secs] 
2021-08-19T19:35:48.834+0800: 97636.431: [GC (Allocation Failure) [PSYoungGen: 84992K->672K(85504K)] 267851K->183531K(280064K), 0.0021187 secs] [Times: user=0.02 sys=0.00, real=0.00 secs] 
2021-08-19T19:36:07.978+0800: 97655.576: [GC (Allocation Failure) [PSYoungGen: 84640K->288K(85504K)] 267499K->183147K(280064K), 0.0020442 secs] [Times: user=0.01 sys=0.00, real=0.01 secs] 
2021-08-19T19:36:26.404+0800: 97674.001: [GC (Allocation Failure) [PSYoungGen: 84256K->352K(85504K)] 267115K->183211K(280064K), 0.0020173 secs] [Times: user=0.01 sys=0.00, real=0.00 secs] 
2021-08-19T19:36:44.519+0800: 97692.117: [GC (Allocation Failure) [PSYoungGen: 84320K->320K(85504K)] 267179K->183179K(280064K), 0.0022262 secs] [Times: user=0.02 sys=0.00, real=0.01 secs] 
2021-08-19T19:37:02.905+0800: 97710.502: [GC (Allocation Failure) [PSYoungGen: 84288K->320K(85504K)] 267147K->183179K(280064K), 0.0020177 secs] [Times: user=0.01 sys=0.00, real=0.00 secs] 
2021-08-19T19:37:21.501+0800: 97729.099: [GC (Allocation Failure) [PSYoungGen: 84288K->288K(85504K)] 267147K->183147K(280064K), 0.0020001 secs] [Times: user=0.02 sys=0.00, real=0.00 secs] 
2021-08-19T19:37:39.518+0800: 97747.116: [GC (Allocation Failure) [PSYoungGen: 84256K->400K(85504K)] 267115K->183267K(280064K), 0.0024668 secs] [Times: user=0.02 sys=0.00, real=0.01 secs] 
2021-08-19T19:37:58.852+0800: 97766.450: [GC (Allocation Failure) [PSYoungGen: 84368K->1504K(84480K)] 267235K->184435K(279040K), 0.0023128 secs] [Times: user=0.02 sys=0.00, real=0.00 secs] 
2021-08-19T19:38:18.851+0800: 97786.449: [GC (Allocation Failure) [PSYoungGen: 84448K->1216K(84992K)] 267379K->184155K(279552K), 0.0023271 secs] [Times: user=0.01 sys=0.00, real=0.00 secs] 
2021-08-19T19:38:38.841+0800: 97806.439: [GC (Allocation Failure) [PSYoungGen: 84160K->1744K(84992K)] 267099K->184683K(279552K), 0.0023359 secs] [Times: user=0.02 sys=0.00, real=0.00 secs] 
2021-08-19T19:38:58.837+0800: 97826.435: [GC (Allocation Failure) [PSYoungGen: 84688K->1152K(84992K)] 267627K->184099K(279552K), 0.0020506 secs] [Times: user=0.02 sys=0.00, real=0.00 secs] 
2021-08-19T19:39:18.403+0800: 97846.001: [GC (Allocation Failure) [PSYoungGen: 84096K->960K(84992K)] 267043K->183907K(279552K), 0.0024218 secs] [Times: user=0.02 sys=0.00, real=0.00 secs] 
2021-08-19T19:39:36.403+0800: 97864.000: [GC (Allocation Failure) [PSYoungGen: 83904K->992K(84992K)] 266851K->183939K(279552K), 0.0019938 secs] [Times: user=0.02 sys=0.00, real=0.00 secs] 
2021-08-19T19:39:53.797+0800: 97881.395: [GC (Allocation Failure) [PSYoungGen: 83936K->1056K(84992K)] 266883K->184003K(279552K), 0.0023658 secs] [Times: user=0.02 sys=0.00, real=0.00 secs] 
2021-08-19T19:40:11.518+0800: 97899.115: [GC (Allocation Failure) [PSYoungGen: 84000K->1072K(84992K)] 266947K->184019K(279552K), 0.0027103 secs] [Times: user=0.01 sys=0.00, real=0.01 secs] 
2021-08-19T19:40:29.518+0800: 97917.115: [GC (Allocation Failure) [PSYoungGen: 84016K->1072K(84992K)] 266963K->184027K(279552K), 0.0021552 secs] [Times: user=0.01 sys=0.00, real=0.00 secs] 
2021-08-19T19:40:48.851+0800: 97936.448: [GC (Allocation Failure) [PSYoungGen: 84016K->1936K(84992K)] 266971K->184899K(279552K), 0.0029854 secs] [Times: user=0.03 sys=0.00, real=0.00 secs] 
2021-08-19T19:41:08.846+0800: 97956.444: [GC (Allocation Failure) [PSYoungGen: 84880K->1440K(83968K)] 267843K->184403K(278528K), 0.0022214 secs] [Times: user=0.01 sys=0.00, real=0.00 secs] 
2021-08-19T19:41:28.840+0800: 97976.438: [GC (Allocation Failure) [PSYoungGen: 83360K->1952K(84480K)] 266323K->184915K(279040K), 0.0023353 secs] [Times: user=0.01 sys=0.00, real=0.00 secs] 
2021-08-19T19:41:48.833+0800: 97996.431: [GC (Allocation Failure) [PSYoungGen: 83872K->1392K(84480K)] 266835K->184355K(279040K), 0.0022683 secs] [Times: user=0.01 sys=0.00, real=0.00 secs] 
2021-08-19T19:42:06.517+0800: 98014.115: [GC (Allocation Failure) [PSYoungGen: 83312K->1120K(84480K)] 266275K->184083K(279040K), 0.0022223 secs] [Times: user=0.01 sys=0.00, real=0.00 secs] 
2021-08-19T19:42:24.404+0800: 98032.002: [GC (Allocation Failure) [PSYoungGen: 83040K->896K(84480K)] 266003K->184075K(279040K), 0.0020186 secs] [Times: user=0.01 sys=0.00, real=0.00 secs] 
2021-08-19T19:42:41.904+0800: 98049.501: [GC (Allocation Failure) [PSYoungGen: 82816K->688K(84480K)] 265995K->184187K(279040K), 0.0022791 secs] [Times: user=0.01 sys=0.00, real=0.00 secs] 
2021-08-19T19:42:59.403+0800: 98067.001: [GC (Allocation Failure) [PSYoungGen: 82608K->544K(84480K)] 266107K->184187K(279040K), 0.0021032 secs] [Times: user=0.02 sys=0.00, real=0.00 secs] 
2021-08-19T19:43:18.855+0800: 98086.453: [GC (Allocation Failure) [PSYoungGen: 82464K->1440K(84480K)] 266107K->185099K(279040K), 0.0021384 secs] [Times: user=0.01 sys=0.00, real=0.00 secs] 
2021-08-19T19:43:38.846+0800: 98106.444: [GC (Allocation Failure) [PSYoungGen: 83360K->1296K(84480K)] 267019K->184955K(279040K), 0.0022218 secs] [Times: user=0.02 sys=0.00, real=0.00 secs] 
2021-08-19T19:43:58.838+0800: 98126.435: [GC (Allocation Failure) [PSYoungGen: 83216K->944K(84480K)] 266875K->184891K(279040K), 0.0020789 secs] [Times: user=0.01 sys=0.00, real=0.00 secs] 
2021-08-19T19:44:17.905+0800: 98145.503: [GC (Allocation Failure) [PSYoungGen: 82864K->416K(84480K)] 266811K->184363K(279040K), 0.0021299 secs] [Times: user=0.02 sys=0.00, real=0.00 secs] 
2021-08-19T19:44:35.515+0800: 98163.112: [GC (Allocation Failure) [PSYoungGen: 82336K->384K(84480K)] 266283K->184459K(279040K), 0.0022116 secs] [Times: user=0.02 sys=0.00, real=0.00 secs] 
2021-08-19T19:44:53.406+0800: 98181.003: [GC (Allocation Failure) [PSYoungGen: 82304K->320K(84480K)] 266379K->184395K(279040K), 0.0019793 secs] [Times: user=0.01 sys=0.00, real=0.00 secs] 
2021-08-19T19:45:10.517+0800: 98198.115: [GC (Allocation Failure) [PSYoungGen: 82240K->384K(84480K)] 266315K->184459K(279040K), 0.0020506 secs] [Times: user=0.01 sys=0.00, real=0.00 secs] 
2021-08-19T19:45:28.861+0800: 98216.459: [GC (Allocation Failure) [PSYoungGen: 82304K->832K(84992K)] 266379K->184907K(279552K), 0.0020908 secs] [Times: user=0.02 sys=0.00, real=0.00 secs] 
2021-08-19T19:45:48.849+0800: 98236.447: [GC (Allocation Failure) [PSYoungGen: 83776K->864K(84992K)] 267851K->184939K(279552K), 0.0020856 secs] [Times: user=0.01 sys=0.00, real=0.01 secs] 
2021-08-19T19:46:08.843+0800: 98256.441: [GC (Allocation Failure) [PSYoungGen: 83808K->992K(84992K)] 267883K->185075K(279552K), 0.0024154 secs] [Times: user=0.01 sys=0.00, real=0.00 secs] 
2021-08-19T19:46:28.840+0800: 98276.438: [GC (Allocation Failure) [PSYoungGen: 83936K->1088K(84992K)] 268019K->185171K(279552K), 0.0021496 secs] [Times: user=0.02 sys=0.00, real=0.01 secs] 
2021-08-19T19:46:48.835+0800: 98296.433: [GC (Allocation Failure) [PSYoungGen: 84032K->608K(84992K)] 268115K->184707K(279552K), 0.0022761 secs] [Times: user=0.01 sys=0.00, real=0.00 secs] 
2021-08-19T19:47:06.906+0800: 98314.503: [GC (Allocation Failure) [PSYoungGen: 83552K->320K(84992K)] 267651K->184419K(279552K), 0.0018461 secs] [Times: user=0.01 sys=0.00, real=0.00 secs] 
2021-08-19T19:47:24.907+0800: 98332.505: [GC (Allocation Failure) [PSYoungGen: 83264K->384K(84992K)] 267363K->184483K(279552K), 0.0021370 secs] [Times: user=0.01 sys=0.00, real=0.00 secs] 
2021-08-19T19:47:42.906+0800: 98350.504: [GC (Allocation Failure) [PSYoungGen: 83328K->384K(84992K)] 267427K->184483K(279552K), 0.0021897 secs] [Times: user=0.02 sys=0.00, real=0.00 secs] 
2021-08-19T19:48:00.906+0800: 98368.504: [GC (Allocation Failure) [PSYoungGen: 83328K->384K(84992K)] 267427K->184483K(279552K), 0.0019413 secs] [Times: user=0.02 sys=0.00, real=0.00 secs] 
2021-08-19T19:48:18.905+0800: 98386.503: [GC (Allocation Failure) [PSYoungGen: 83328K->320K(84992K)] 267427K->184419K(279552K), 0.0027505 secs] [Times: user=0.02 sys=0.00, real=0.00 secs] 
2021-08-19T19:48:38.851+0800: 98406.449: [GC (Allocation Failure) [PSYoungGen: 83264K->1024K(84992K)] 267363K->185131K(279552K), 0.0021861 secs] [Times: user=0.01 sys=0.00, real=0.00 secs] 
2021-08-19T19:48:58.845+0800: 98426.443: [GC (Allocation Failure) [PSYoungGen: 83968K->608K(84992K)] 268075K->184715K(279552K), 0.0020395 secs] [Times: user=0.02 sys=0.00, real=0.00 secs] 
2021-08-19T19:49:18.842+0800: 98446.439: [GC (Allocation Failure) [PSYoungGen: 83552K->1152K(84992K)] 267659K->185275K(279552K), 0.0022245 secs] [Times: user=0.01 sys=0.01, real=0.00 secs] 
2021-08-19T19:49:38.836+0800: 98466.433: [GC (Allocation Failure) [PSYoungGen: 84096K->672K(84992K)] 268219K->184795K(279552K), 0.0019879 secs] [Times: user=0.01 sys=0.00, real=0.00 secs] 
2021-08-19T19:49:57.408+0800: 98485.005: [GC (Allocation Failure) [PSYoungGen: 83616K->352K(84992K)] 267739K->184475K(279552K), 0.0020452 secs] [Times: user=0.01 sys=0.00, real=0.00 secs] 
2021-08-19T19:50:15.406+0800: 98503.004: [GC (Allocation Failure) [PSYoungGen: 83296K->384K(84992K)] 267419K->184507K(279552K), 0.0019725 secs] [Times: user=0.02 sys=0.00, real=0.00 secs] 
2021-08-19T19:50:33.406+0800: 98521.004: [GC (Allocation Failure) [PSYoungGen: 83328K->384K(85504K)] 267451K->184515K(280064K), 0.0019240 secs] [Times: user=0.01 sys=0.00, real=0.00 secs] 
2021-08-19T19:50:51.515+0800: 98539.113: [GC (Allocation Failure) [PSYoungGen: 84352K->352K(85504K)] 268483K->184491K(280064K), 0.0029654 secs] [Times: user=0.02 sys=0.00, real=0.00 secs] 
2021-08-19T19:51:09.908+0800: 98557.506: [GC (Allocation Failure) [PSYoungGen: 84320K->352K(85504K)] 268459K->184491K(280064K), 0.0021233 secs] [Times: user=0.01 sys=0.00, real=0.01 secs] 
2021-08-19T19:51:28.855+0800: 98576.453: [GC (Allocation Failure) [PSYoungGen: 84320K->864K(85504K)] 268459K->185011K(280064K), 0.0023954 secs] [Times: user=0.01 sys=0.00, real=0.00 secs] 
2021-08-19T19:51:48.853+0800: 98596.450: [GC (Allocation Failure) [PSYoungGen: 84832K->1120K(85504K)] 268979K->185267K(280064K), 0.0022122 secs] [Times: user=0.02 sys=0.00, real=0.00 secs] 
2021-08-19T19:52:08.848+0800: 98616.445: [GC (Allocation Failure) [PSYoungGen: 85088K->736K(85504K)] 269235K->184883K(280064K), 0.0023580 secs] [Times: user=0.01 sys=0.00, real=0.01 secs] 
2021-08-19T19:52:28.844+0800: 98636.442: [GC (Allocation Failure) [PSYoungGen: 84704K->1248K(84480K)] 268851K->185395K(279040K), 0.0025174 secs] [Times: user=0.02 sys=0.00, real=0.00 secs] 
2021-08-19T19:52:48.839+0800: 98656.436: [GC (Allocation Failure) [PSYoungGen: 84192K->736K(84992K)] 268339K->184883K(279552K), 0.0020288 secs] [Times: user=0.02 sys=0.00, real=0.01 secs] 
2021-08-19T19:53:08.409+0800: 98676.007: [GC (Allocation Failure) [PSYoungGen: 83680K->416K(85504K)] 267827K->184563K(280064K), 0.0021275 secs] [Times: user=0.02 sys=0.00, real=0.01 secs] 
2021-08-19T19:53:26.514+0800: 98694.112: [GC (Allocation Failure) [PSYoungGen: 84384K->352K(85504K)] 268531K->184499K(280064K), 0.0020776 secs] [Times: user=0.01 sys=0.00, real=0.00 secs] 
2021-08-19T19:53:45.407+0800: 98713.005: [GC (Allocation Failure) [PSYoungGen: 84320K->416K(85504K)] 268467K->184563K(280064K), 0.0021489 secs] [Times: user=0.02 sys=0.00, real=0.00 secs] 
2021-08-19T19:54:03.513+0800: 98731.110: [GC (Allocation Failure) [PSYoungGen: 84384K->416K(85504K)] 268531K->184571K(280064K), 0.0019905 secs] [Times: user=0.01 sys=0.00, real=0.00 secs] 
2021-08-19T19:54:21.908+0800: 98749.506: [GC (Allocation Failure) [PSYoungGen: 84384K->352K(85504K)] 268539K->184507K(280064K), 0.0021471 secs] [Times: user=0.01 sys=0.00, real=0.01 secs] 
2021-08-19T19:54:40.407+0800: 98768.005: [GC (Allocation Failure) [PSYoungGen: 84320K->384K(85504K)] 268475K->184539K(280064K), 0.0019965 secs] [Times: user=0.01 sys=0.00, real=0.00 secs] 
2021-08-19T19:54:58.856+0800: 98786.454: [GC (Allocation Failure) [PSYoungGen: 84352K->1024K(85504K)] 268507K->185179K(280064K), 0.0020530 secs] [Times: user=0.02 sys=0.00, real=0.00 secs] 
2021-08-19T19:55:18.853+0800: 98806.451: [GC (Allocation Failure) [PSYoungGen: 84992K->1152K(85504K)] 269147K->185307K(280064K), 0.0021029 secs] [Times: user=0.01 sys=0.00, real=0.00 secs] 
2021-08-19T19:55:38.849+0800: 98826.447: [GC (Allocation Failure) [PSYoungGen: 85120K->672K(85504K)] 269275K->184827K(280064K), 0.0021462 secs] [Times: user=0.02 sys=0.00, real=0.01 secs] 
2021-08-19T19:55:58.846+0800: 98846.444: [GC (Allocation Failure) [PSYoungGen: 84640K->864K(85504K)] 268795K->185019K(280064K), 0.0023041 secs] [Times: user=0.01 sys=0.00, real=0.00 secs] 
2021-08-19T19:56:18.844+0800: 98866.442: [GC (Allocation Failure) [PSYoungGen: 84832K->1152K(84480K)] 268987K->185307K(279040K), 0.0021153 secs] [Times: user=0.01 sys=0.00, real=0.00 secs] 
2021-08-19T19:56:38.839+0800: 98886.437: [GC (Allocation Failure) [PSYoungGen: 84096K->672K(84992K)] 268251K->184827K(279552K), 0.0022770 secs] [Times: user=0.01 sys=0.00, real=0.01 secs] 
2021-08-19T19:56:57.409+0800: 98905.007: [GC (Allocation Failure) [PSYoungGen: 83616K->416K(85504K)] 267771K->184579K(280064K), 0.0022259 secs] [Times: user=0.01 sys=0.00, real=0.01 secs] 
2021-08-19T19:57:15.761+0800: 98923.359: [GC (Allocation Failure) [PSYoungGen: 84384K->288K(85504K)] 268547K->184467K(280064K), 0.0019790 secs] [Times: user=0.01 sys=0.00, real=0.00 secs] 
2021-08-19T19:57:34.409+0800: 98942.007: [GC (Allocation Failure) [PSYoungGen: 84256K->384K(85504K)] 268435K->184563K(280064K), 0.0022709 secs] [Times: user=0.02 sys=0.00, real=0.01 secs] 
2021-08-19T19:57:52.511+0800: 98960.109: [GC (Allocation Failure) [PSYoungGen: 84352K->384K(85504K)] 268531K->184563K(280064K), 0.0021416 secs] [Times: user=0.02 sys=0.00, real=0.00 secs] 
2021-08-19T19:58:10.909+0800: 98978.507: [GC (Allocation Failure) [PSYoungGen: 84352K->352K(85504K)] 268531K->184531K(280064K), 0.0024778 secs] [Times: user=0.01 sys=0.00, real=0.01 secs] 
2021-08-19T19:58:29.511+0800: 98997.109: [GC (Allocation Failure) [PSYoungGen: 84320K->384K(85504K)] 268499K->184563K(280064K), 0.0021345 secs] [Times: user=0.02 sys=0.00, real=0.00 secs] 
2021-08-19T19:58:48.856+0800: 99016.453: [GC (Allocation Failure) [PSYoungGen: 84352K->1152K(85504K)] 268531K->185331K(280064K), 0.0021678 secs] [Times: user=0.02 sys=0.00, real=0.00 secs] 
2021-08-19T19:59:08.851+0800: 99036.449: [GC (Allocation Failure) [PSYoungGen: 85120K->736K(85504K)] 269299K->184915K(280064K), 0.0020807 secs] [Times: user=0.02 sys=0.00, real=0.00 secs] 
2021-08-19T19:59:28.847+0800: 99056.445: [GC (Allocation Failure) [PSYoungGen: 84704K->1312K(84480K)] 268883K->185499K(279040K), 0.0021026 secs] [Times: user=0.02 sys=0.00, real=0.00 secs] 
2021-08-19T19:59:48.843+0800: 99076.441: [GC (Allocation Failure) [PSYoungGen: 84256K->768K(84992K)] 268443K->184955K(279552K), 0.0020398 secs] [Times: user=0.02 sys=0.00, real=0.00 secs] 
2021-08-19T20:00:08.511+0800: 99096.109: [GC (Allocation Failure) [PSYoungGen: 83712K->320K(85504K)] 267899K->184507K(280064K), 0.0022342 secs] [Times: user=0.01 sys=0.00, real=0.00 secs] 
2021-08-19T20:00:26.625+0800: 99114.222: [GC (Allocation Failure) [PSYoungGen: 84288K->352K(85504K)] 268475K->184539K(280064K), 0.0020702 secs] [Times: user=0.01 sys=0.00, real=0.00 secs] 
2021-08-19T20:00:44.738+0800: 99132.336: [GC (Allocation Failure) [PSYoungGen: 84320K->352K(85504K)] 268507K->184539K(280064K), 0.0022173 secs] [Times: user=0.02 sys=0.00, real=0.01 secs] 
2021-08-19T20:01:03.410+0800: 99151.008: [GC (Allocation Failure) [PSYoungGen: 84320K->416K(85504K)] 268507K->184603K(280064K), 0.0023546 secs] [Times: user=0.02 sys=0.00, real=0.01 secs] 
2021-08-19T20:01:21.512+0800: 99169.110: [GC (Allocation Failure) [PSYoungGen: 84384K->416K(85504K)] 268571K->184603K(280064K), 0.0019520 secs] [Times: user=0.02 sys=0.00, real=0.00 secs] 
2021-08-19T20:01:40.410+0800: 99188.008: [GC (Allocation Failure) [PSYoungGen: 84384K->352K(85504K)] 268571K->184539K(280064K), 0.0021561 secs] [Times: user=0.01 sys=0.00, real=0.01 secs] 
2021-08-19T20:01:58.860+0800: 99206.458: [GC (Allocation Failure) [PSYoungGen: 84320K->960K(85504K)] 268507K->185155K(280064K), 0.0021593 secs] [Times: user=0.01 sys=0.00, real=0.01 secs] 
2021-08-19T20:02:18.857+0800: 99226.455: [GC (Allocation Failure) [PSYoungGen: 84928K->1184K(85504K)] 269123K->185379K(280064K), 0.0021908 secs] [Times: user=0.02 sys=0.00, real=0.00 secs] 
2021-08-19T20:02:38.852+0800: 99246.450: [GC (Allocation Failure) [PSYoungGen: 85152K->768K(85504K)] 269347K->184963K(280064K), 0.0021964 secs] [Times: user=0.02 sys=0.00, real=0.00 secs] 
2021-08-19T20:02:58.849+0800: 99266.447: [GC (Allocation Failure) [PSYoungGen: 84736K->1312K(85504K)] 268931K->185507K(280064K), 0.0025567 secs] [Times: user=0.02 sys=0.00, real=0.01 secs] 
2021-08-19T20:03:18.846+0800: 99286.444: [GC (Allocation Failure) [PSYoungGen: 85280K->1120K(84480K)] 269475K->185331K(279040K), 0.0024532 secs] [Times: user=0.02 sys=0.00, real=0.00 secs] 
2021-08-19T20:03:38.840+0800: 99306.438: [GC (Allocation Failure) [PSYoungGen: 84064K->640K(84992K)] 268275K->184883K(279552K), 0.0022296 secs] [Times: user=0.02 sys=0.00, real=0.00 secs] 
2021-08-19T20:03:56.911+0800: 99324.509: [GC (Allocation Failure) [PSYoungGen: 83584K->352K(84992K)] 267827K->184595K(279552K), 0.0027363 secs] [Times: user=0.02 sys=0.00, real=0.00 secs] 
2021-08-19T20:04:15.047+0800: 99342.644: [GC (Allocation Failure) [PSYoungGen: 83296K->352K(84992K)] 267539K->184595K(279552K), 0.0022244 secs] [Times: user=0.01 sys=0.00, real=0.00 secs] 
2021-08-19T20:04:32.912+0800: 99360.510: [GC (Allocation Failure) [PSYoungGen: 83296K->384K(85504K)] 267539K->184627K(280064K), 0.0022635 secs] [Times: user=0.02 sys=0.00, real=0.00 secs] 
2021-08-19T20:04:50.911+0800: 99378.509: [GC (Allocation Failure) [PSYoungGen: 83840K->384K(84992K)] 268083K->184635K(279552K), 0.0020449 secs] [Times: user=0.01 sys=0.00, real=0.00 secs] 
2021-08-19T20:05:09.411+0800: 99397.008: [GC (Allocation Failure) [PSYoungGen: 83840K->416K(85504K)] 268091K->184667K(280064K), 0.0019837 secs] [Times: user=0.01 sys=0.00, real=0.00 secs] 
2021-08-19T20:05:28.859+0800: 99416.456: [GC (Allocation Failure) [PSYoungGen: 84384K->1216K(85504K)] 268635K->185467K(280064K), 0.0022163 secs] [Times: user=0.02 sys=0.00, real=0.01 secs] 
2021-08-19T20:05:48.856+0800: 99436.453: [GC (Allocation Failure) [PSYoungGen: 85184K->864K(84480K)] 269435K->185115K(279040K), 0.0027925 secs] [Times: user=0.02 sys=0.00, real=0.00 secs] 
2021-08-19T20:06:08.849+0800: 99456.446: [GC (Allocation Failure) [PSYoungGen: 83808K->832K(84992K)] 268059K->185083K(279552K), 0.0022782 secs] [Times: user=0.01 sys=0.00, real=0.01 secs] 
2021-08-19T20:06:28.845+0800: 99476.443: [GC (Allocation Failure) [PSYoungGen: 83776K->1088K(84480K)] 268027K->185339K(279040K), 0.0021860 secs] [Times: user=0.02 sys=0.00, real=0.00 secs] 
2021-08-19T20:06:48.511+0800: 99496.109: [GC (Allocation Failure) [PSYoungGen: 84032K->416K(84992K)] 268283K->184667K(279552K), 0.0021885 secs] [Times: user=0.02 sys=0.00, real=0.00 secs] 
2021-08-19T20:07:06.511+0800: 99514.108: [GC (Allocation Failure) [PSYoungGen: 83360K->368K(85504K)] 267611K->184619K(280064K), 0.0022828 secs] [Times: user=0.01 sys=0.00, real=0.00 secs] 
2021-08-19T20:07:24.512+0800: 99532.109: [GC (Allocation Failure) [PSYoungGen: 83824K->592K(84992K)] 268075K->184851K(279552K), 0.0020121 secs] [Times: user=0.02 sys=0.00, real=0.00 secs] 
2021-08-19T20:07:42.511+0800: 99550.108: [GC (Allocation Failure) [PSYoungGen: 84048K->704K(85504K)] 268307K->184963K(280064K), 0.0022363 secs] [Times: user=0.01 sys=0.00, real=0.00 secs] 
2021-08-19T20:08:04.345+0800: 99571.943: [GC (Allocation Failure) [PSYoungGen: 84672K->688K(85504K)] 268931K->184947K(280064K), 0.0021346 secs] [Times: user=0.01 sys=0.00, real=0.00 secs] 
2021-08-19T20:08:28.842+0800: 99596.440: [GC (Allocation Failure) [PSYoungGen: 84656K->1072K(85504K)] 268915K->185331K(280064K), 0.0020556 secs] [Times: user=0.01 sys=0.00, real=0.00 secs] 
2021-08-19T20:08:48.851+0800: 99616.449: [GC (Allocation Failure) [PSYoungGen: 85040K->1520K(85504K)] 269299K->185779K(280064K), 0.0025501 secs] [Times: user=0.01 sys=0.01, real=0.00 secs] 
2021-08-19T20:09:08.861+0800: 99636.459: [GC (Allocation Failure) [PSYoungGen: 85488K->1520K(84480K)] 269747K->186195K(279040K), 0.0030591 secs] [Times: user=0.02 sys=0.01, real=0.00 secs] 
2021-08-19T20:09:31.913+0800: 99659.510: [GC (Allocation Failure) [PSYoungGen: 84464K->1024K(84992K)] 269139K->185699K(279552K), 0.0022756 secs] [Times: user=0.01 sys=0.00, real=0.00 secs] 
2021-08-19T20:09:56.413+0800: 99684.010: [GC (Allocation Failure) [PSYoungGen: 83968K->1136K(84992K)] 268643K->185811K(279552K), 0.0024503 secs] [Times: user=0.01 sys=0.00, real=0.00 secs] 
2021-08-19T20:10:18.847+0800: 99706.445: [GC (Allocation Failure) [PSYoungGen: 84080K->1824K(84992K)] 268755K->186499K(279552K), 0.0021510 secs] [Times: user=0.02 sys=0.00, real=0.00 secs] 
2021-08-19T20:10:38.856+0800: 99726.454: [GC (Allocation Failure) [PSYoungGen: 84768K->1488K(83968K)] 269443K->186171K(278528K), 0.0021308 secs] [Times: user=0.02 sys=0.00, real=0.00 secs] 
2021-08-19T20:10:58.863+0800: 99746.460: [GC (Allocation Failure) [PSYoungGen: 83408K->1680K(84480K)] 268091K->186363K(279040K), 0.0023575 secs] [Times: user=0.01 sys=0.00, real=0.00 secs] 
2021-08-19T20:11:21.913+0800: 99769.510: [GC (Allocation Failure) [PSYoungGen: 83600K->960K(84480K)] 268283K->185651K(279040K), 0.0020007 secs] [Times: user=0.02 sys=0.00, real=0.00 secs] 
2021-08-19T20:11:45.669+0800: 99793.267: [GC (Allocation Failure) [PSYoungGen: 82880K->1088K(84480K)] 267571K->185779K(279040K), 0.0020359 secs] [Times: user=0.02 sys=0.00, real=0.01 secs] 
2021-08-19T20:12:08.844+0800: 99816.442: [GC (Allocation Failure) [PSYoungGen: 83008K->1456K(84480K)] 267699K->186147K(279040K), 0.0020483 secs] [Times: user=0.02 sys=0.00, real=0.00 secs] 
2021-08-19T20:12:28.853+0800: 99836.451: [GC (Allocation Failure) [PSYoungGen: 83376K->2032K(84480K)] 268067K->186851K(279040K), 0.0025248 secs] [Times: user=0.02 sys=0.00, real=0.00 secs] 
2021-08-19T20:12:48.861+0800: 99856.459: [GC (Allocation Failure) [PSYoungGen: 83952K->1632K(84480K)] 268771K->186747K(279040K), 0.0021675 secs] [Times: user=0.02 sys=0.00, real=0.00 secs] 
2021-08-19T20:13:09.915+0800: 99877.512: [GC (Allocation Failure) [PSYoungGen: 83552K->688K(84480K)] 268667K->185915K(279040K), 0.0020907 secs] [Times: user=0.02 sys=0.00, real=0.00 secs] 
2021-08-19T20:13:34.414+0800: 99902.011: [GC (Allocation Failure) [PSYoungGen: 82608K->704K(84480K)] 267835K->185963K(279040K), 0.0020006 secs] [Times: user=0.02 sys=0.00, real=0.00 secs] 
2021-08-19T20:13:58.413+0800: 99926.010: [GC (Allocation Failure) [PSYoungGen: 82624K->592K(84480K)] 267883K->185987K(279040K), 0.0020624 secs] [Times: user=0.02 sys=0.00, real=0.00 secs] 
2021-08-19T20:14:18.852+0800: 99946.449: [GC (Allocation Failure) [PSYoungGen: 82512K->1264K(84480K)] 267907K->186955K(279040K), 0.0025453 secs] [Times: user=0.02 sys=0.00, real=0.00 secs] 
2021-08-19T20:14:38.859+0800: 99966.457: [GC (Allocation Failure) [PSYoungGen: 83184K->672K(84480K)] 268875K->186515K(279040K), 0.0020687 secs] [Times: user=0.01 sys=0.00, real=0.01 secs] 
2021-08-19T20:14:58.912+0800: 99986.510: [GC (Allocation Failure) [PSYoungGen: 82592K->320K(84480K)] 268435K->186163K(279040K), 0.0020213 secs] [Times: user=0.01 sys=0.00, real=0.00 secs] 
2021-08-19T20:15:22.518+0800: 100010.116: [GC (Allocation Failure) [PSYoungGen: 82240K->384K(84480K)] 268083K->186227K(279040K), 0.0020279 secs] [Times: user=0.02 sys=0.00, real=0.01 secs] 
2021-08-19T20:15:46.415+0800: 100034.012: [GC (Allocation Failure) [PSYoungGen: 82304K->352K(84480K)] 268147K->186195K(279040K), 0.0023961 secs] [Times: user=0.01 sys=0.00, real=0.00 secs] 
2021-08-19T20:16:08.850+0800: 100056.448: [GC (Allocation Failure) [PSYoungGen: 82272K->736K(84480K)] 268115K->186611K(279040K), 0.0020209 secs] [Times: user=0.02 sys=0.00, real=0.01 secs] 
2021-08-19T20:16:28.857+0800: 100076.455: [GC (Allocation Failure) [PSYoungGen: 82656K->928K(84992K)] 268531K->186803K(279552K), 0.0024393 secs] [Times: user=0.02 sys=0.00, real=0.00 secs] 
2021-08-19T20:16:48.866+0800: 100096.464: [GC (Allocation Failure) [PSYoungGen: 83360K->1184K(84480K)] 269235K->187059K(279040K), 0.0023221 secs] [Times: user=0.02 sys=0.00, real=0.00 secs] 
2021-08-19T20:17:11.523+0800: 100119.121: [GC (Allocation Failure) [PSYoungGen: 83616K->416K(84992K)] 269491K->186291K(279552K), 0.0019312 secs] [Times: user=0.01 sys=0.00, real=0.00 secs] 
2021-08-19T20:17:36.415+0800: 100144.013: [GC (Allocation Failure) [PSYoungGen: 83360K->416K(84992K)] 269235K->186291K(279552K), 0.0020975 secs] [Times: user=0.01 sys=0.00, real=0.00 secs] 
2021-08-19T20:17:58.853+0800: 100166.451: [GC (Allocation Failure) [PSYoungGen: 83360K->1024K(84992K)] 269235K->186899K(279552K), 0.0021840 secs] [Times: user=0.02 sys=0.00, real=0.00 secs] 
2021-08-19T20:18:18.860+0800: 100186.458: [GC (Allocation Failure) [PSYoungGen: 83968K->736K(84992K)] 269843K->186611K(279552K), 0.0024240 secs] [Times: user=0.02 sys=0.00, real=0.00 secs] 
2021-08-19T20:18:38.868+0800: 100206.466: [GC (Allocation Failure) [PSYoungGen: 83680K->896K(84992K)] 269555K->186771K(279552K), 0.0020532 secs] [Times: user=0.02 sys=0.00, real=0.01 secs] 
2021-08-19T20:19:03.414+0800: 100231.012: [GC (Allocation Failure) [PSYoungGen: 83840K->320K(84992K)] 269715K->186203K(279552K), 0.0022296 secs] [Times: user=0.01 sys=0.00, real=0.00 secs] 
2021-08-19T20:19:27.915+0800: 100255.512: [GC (Allocation Failure) [PSYoungGen: 83264K->416K(84992K)] 269147K->186299K(279552K), 0.0023825 secs] [Times: user=0.02 sys=0.00, real=0.00 secs] 
2021-08-19T20:19:48.855+0800: 100276.452: [GC (Allocation Failure) [PSYoungGen: 83360K->1120K(84992K)] 269243K->187003K(279552K), 0.0024070 secs] [Times: user=0.01 sys=0.00, real=0.00 secs] 
2021-08-19T20:20:08.864+0800: 100296.462: [GC (Allocation Failure) [PSYoungGen: 84064K->1056K(84992K)] 269947K->186939K(279552K), 0.0023218 secs] [Times: user=0.02 sys=0.00, real=0.00 secs] 
2021-08-19T20:20:29.915+0800: 100317.513: [GC (Allocation Failure) [PSYoungGen: 84000K->384K(84992K)] 269883K->186267K(279552K), 0.0021543 secs] [Times: user=0.02 sys=0.00, real=0.00 secs] 
2021-08-19T20:20:54.416+0800: 100342.013: [GC (Allocation Failure) [PSYoungGen: 83328K->352K(84992K)] 269211K->186243K(279552K), 0.0022521 secs] [Times: user=0.02 sys=0.00, real=0.00 secs] 
2021-08-19T20:21:18.849+0800: 100366.447: [GC (Allocation Failure) [PSYoungGen: 83296K->704K(84992K)] 269187K->186595K(279552K), 0.0022720 secs] [Times: user=0.02 sys=0.00, real=0.01 secs] 
2021-08-19T20:21:38.856+0800: 100386.454: [GC (Allocation Failure) [PSYoungGen: 83648K->1280K(84992K)] 269539K->187179K(279552K), 0.0022310 secs] [Times: user=0.01 sys=0.00, real=0.00 secs] 
2021-08-19T20:21:58.865+0800: 100406.463: [GC (Allocation Failure) [PSYoungGen: 84224K->1152K(84992K)] 270123K->187051K(279552K), 0.0020844 secs] [Times: user=0.01 sys=0.00, real=0.00 secs] 
2021-08-19T20:22:20.528+0800: 100428.126: [GC (Allocation Failure) [PSYoungGen: 84096K->352K(84992K)] 269995K->186251K(279552K), 0.0019809 secs] [Times: user=0.01 sys=0.00, real=0.00 secs] 
2021-08-19T20:22:45.416+0800: 100453.013: [GC (Allocation Failure) [PSYoungGen: 83296K->384K(84992K)] 269195K->186315K(279552K), 0.0024439 secs] [Times: user=0.02 sys=0.00, real=0.00 secs] 
2021-08-19T20:23:08.851+0800: 100476.449: [GC (Allocation Failure) [PSYoungGen: 83328K->736K(84992K)] 269259K->186667K(279552K), 0.0022113 secs] [Times: user=0.02 sys=0.00, real=0.00 secs] 
2021-08-19T20:23:28.860+0800: 100496.458: [GC (Allocation Failure) [PSYoungGen: 83680K->512K(84992K)] 269611K->186443K(279552K), 0.0020515 secs] [Times: user=0.02 sys=0.00, real=0.00 secs] 
2021-08-19T20:23:48.868+0800: 100516.466: [GC (Allocation Failure) [PSYoungGen: 83456K->1280K(84992K)] 269387K->187211K(279552K), 0.0021467 secs] [Times: user=0.02 sys=0.00, real=0.01 secs] 
2021-08-19T20:24:12.418+0800: 100540.015: [GC (Allocation Failure) [PSYoungGen: 84224K->352K(84992K)] 270155K->186291K(279552K), 0.0020162 secs] [Times: user=0.01 sys=0.00, real=0.00 secs] 
2021-08-19T20:24:36.917+0800: 100564.514: [GC (Allocation Failure) [PSYoungGen: 83296K->352K(84992K)] 269235K->186291K(279552K), 0.0020927 secs] [Times: user=0.02 sys=0.00, real=0.00 secs] 
2021-08-19T20:24:58.855+0800: 100586.453: [GC (Allocation Failure) [PSYoungGen: 83296K->1056K(84992K)] 269235K->186995K(279552K), 0.0021164 secs] [Times: user=0.01 sys=0.00, real=0.00 secs] 
2021-08-19T20:25:18.863+0800: 100606.461: [GC (Allocation Failure) [PSYoungGen: 84000K->704K(84992K)] 269939K->186643K(279552K), 0.0021200 secs] [Times: user=0.01 sys=0.00, real=0.00 secs] 
2021-08-19T20:25:38.919+0800: 100626.516: [GC (Allocation Failure) [PSYoungGen: 83648K->320K(84992K)] 269587K->186259K(279552K), 0.0019157 secs] [Times: user=0.02 sys=0.00, real=0.01 secs] 
2021-08-19T20:26:02.921+0800: 100650.519: [GC (Allocation Failure) [PSYoungGen: 83264K->352K(84992K)] 269203K->186291K(279552K), 0.0019721 secs] [Times: user=0.02 sys=0.00, real=0.00 secs] 
2021-08-19T20:26:27.768+0800: 100675.365: [GC (Allocation Failure) [PSYoungGen: 83296K->352K(84992K)] 269235K->186291K(279552K), 0.0023037 secs] [Times: user=0.01 sys=0.00, real=0.01 secs] 
2021-08-19T20:26:48.856+0800: 100696.454: [GC (Allocation Failure) [PSYoungGen: 83296K->1152K(84480K)] 269235K->187099K(279040K), 0.0021810 secs] [Times: user=0.02 sys=0.00, real=0.00 secs] 
2021-08-19T20:27:08.865+0800: 100716.463: [GC (Allocation Failure) [PSYoungGen: 84096K->768K(84992K)] 270043K->186715K(279552K), 0.0022506 secs] [Times: user=0.02 sys=0.00, real=0.00 secs] 
2021-08-19T20:27:29.921+0800: 100737.519: [GC (Allocation Failure) [PSYoungGen: 83712K->352K(85504K)] 269659K->186299K(280064K), 0.0021827 secs] [Times: user=0.02 sys=0.00, real=0.00 secs] 
2021-08-19T20:27:54.922+0800: 100762.520: [GC (Allocation Failure) [PSYoungGen: 83808K->384K(84992K)] 269755K->186331K(279552K), 0.0021393 secs] [Times: user=0.02 sys=0.00, real=0.00 secs] 
2021-08-19T20:28:18.853+0800: 100786.451: [GC (Allocation Failure) [PSYoungGen: 83840K->672K(85504K)] 269787K->186619K(280064K), 0.0019839 secs] [Times: user=0.01 sys=0.00, real=0.00 secs] 
2021-08-19T20:28:38.862+0800: 100806.460: [GC (Allocation Failure) [PSYoungGen: 84640K->608K(85504K)] 270587K->186555K(280064K), 0.0020138 secs] [Times: user=0.01 sys=0.00, real=0.00 secs] 
2021-08-19T20:28:58.871+0800: 100826.469: [GC (Allocation Failure) [PSYoungGen: 84576K->928K(85504K)] 270523K->186875K(280064K), 0.0024829 secs] [Times: user=0.02 sys=0.00, real=0.00 secs] 
2021-08-19T20:29:23.423+0800: 100851.021: [GC (Allocation Failure) [PSYoungGen: 84896K->384K(85504K)] 270843K->186331K(280064K), 0.0020714 secs] [Times: user=0.01 sys=0.00, real=0.00 secs] 
2021-08-19T20:29:48.423+0800: 100876.020: [GC (Allocation Failure) [PSYoungGen: 84352K->384K(85504K)] 270299K->186339K(280064K), 0.0021106 secs] [Times: user=0.01 sys=0.00, real=0.00 secs] 
2021-08-19T20:30:08.859+0800: 100896.457: [GC (Allocation Failure) [PSYoungGen: 84352K->1376K(85504K)] 270307K->187331K(280064K), 0.0027011 secs] [Times: user=0.02 sys=0.00, real=0.01 secs] 
2021-08-19T20:30:28.870+0800: 100916.468: [GC (Allocation Failure) [PSYoungGen: 85344K->1216K(84480K)] 271299K->187171K(279040K), 0.0022422 secs] [Times: user=0.01 sys=0.01, real=0.00 secs] 
2021-08-19T20:30:51.425+0800: 100939.022: [GC (Allocation Failure) [PSYoungGen: 84160K->384K(84992K)] 270115K->186347K(279552K), 0.0021284 secs] [Times: user=0.01 sys=0.00, real=0.00 secs] 
2021-08-19T20:31:15.927+0800: 100963.524: [GC (Allocation Failure) [PSYoungGen: 83328K->320K(84992K)] 269291K->186291K(279552K), 0.0019616 secs] [Times: user=0.01 sys=0.00, real=0.00 secs] 
2021-08-19T20:31:38.856+0800: 100986.453: [GC (Allocation Failure) [PSYoungGen: 83264K->736K(84992K)] 269235K->186707K(279552K), 0.0025004 secs] [Times: user=0.01 sys=0.00, real=0.00 secs] 
2021-08-19T20:31:58.867+0800: 101006.465: [GC (Allocation Failure) [PSYoungGen: 83680K->672K(85504K)] 269651K->186643K(280064K), 0.0020854 secs] [Times: user=0.02 sys=0.00, real=0.00 secs] 
2021-08-19T20:32:18.925+0800: 101026.523: [GC (Allocation Failure) [PSYoungGen: 84640K->320K(85504K)] 270611K->186299K(280064K), 0.0020791 secs] [Times: user=0.01 sys=0.00, real=0.00 secs] 
2021-08-19T20:32:43.926+0800: 101051.524: [GC (Allocation Failure) [PSYoungGen: 84288K->352K(85504K)] 270267K->186331K(280064K), 0.0020323 secs] [Times: user=0.01 sys=0.00, real=0.00 secs] 
2021-08-19T20:33:08.854+0800: 101076.452: [GC (Allocation Failure) [PSYoungGen: 84320K->448K(85504K)] 270299K->186427K(280064K), 0.0024835 secs] [Times: user=0.01 sys=0.00, real=0.00 secs] 
2021-08-19T20:33:28.863+0800: 101096.460: [GC (Allocation Failure) [PSYoungGen: 84416K->928K(85504K)] 270395K->186907K(280064K), 0.0025107 secs] [Times: user=0.01 sys=0.00, real=0.00 secs] 
2021-08-19T20:33:48.874+0800: 101116.471: [GC (Allocation Failure) [PSYoungGen: 84896K->1312K(85504K)] 270875K->187291K(280064K), 0.0024594 secs] [Times: user=0.01 sys=0.00, real=0.00 secs] 
2021-08-19T20:34:13.427+0800: 101141.025: [GC (Allocation Failure) [PSYoungGen: 85280K->416K(85504K)] 271259K->186395K(280064K), 0.0020542 secs] [Times: user=0.01 sys=0.00, real=0.00 secs] 
2021-08-19T20:34:38.428+0800: 101166.026: [GC (Allocation Failure) [PSYoungGen: 84384K->320K(85504K)] 270363K->186299K(280064K), 0.0020727 secs] [Times: user=0.01 sys=0.00, real=0.01 secs] 
2021-08-19T20:34:58.864+0800: 101186.461: [GC (Allocation Failure) [PSYoungGen: 84288K->1248K(84480K)] 270267K->187235K(279040K), 0.0023585 secs] [Times: user=0.02 sys=0.00, real=0.00 secs] 
2021-08-19T20:35:18.872+0800: 101206.470: [GC (Allocation Failure) [PSYoungGen: 84192K->1184K(84992K)] 270179K->187171K(279552K), 0.0021558 secs] [Times: user=0.02 sys=0.00, real=0.00 secs] 
2021-08-19T20:35:41.132+0800: 101228.730: [GC (Allocation Failure) [PSYoungGen: 84128K->384K(84992K)] 270115K->186371K(279552K), 0.0020946 secs] [Times: user=0.01 sys=0.01, real=0.00 secs] 
2021-08-19T20:36:05.762+0800: 101253.360: [GC (Allocation Failure) [PSYoungGen: 83328K->352K(84992K)] 269315K->186339K(279552K), 0.0020475 secs] [Times: user=0.02 sys=0.00, real=0.00 secs] 
2021-08-19T20:36:28.859+0800: 101276.456: [GC (Allocation Failure) [PSYoungGen: 83296K->800K(84992K)] 269283K->186787K(279552K), 0.0023412 secs] [Times: user=0.02 sys=0.00, real=0.01 secs] 
2021-08-19T20:36:48.867+0800: 101296.465: [GC (Allocation Failure) [PSYoungGen: 83744K->688K(84992K)] 269731K->186675K(279552K), 0.0020100 secs] [Times: user=0.02 sys=0.00, real=0.00 secs] 
2021-08-19T20:37:08.876+0800: 101316.474: [GC (Allocation Failure) [PSYoungGen: 83632K->1520K(84480K)] 269619K->187524K(279040K), 0.0023722 secs] [Times: user=0.02 sys=0.00, real=0.00 secs] 
2021-08-19T20:37:32.531+0800: 101340.129: [GC (Allocation Failure) [PSYoungGen: 84464K->688K(84992K)] 270468K->186708K(279552K), 0.0020718 secs] [Times: user=0.02 sys=0.00, real=0.00 secs] 
2021-08-19T20:37:56.431+0800: 101364.028: [GC (Allocation Failure) [PSYoungGen: 83632K->784K(84992K)] 269652K->186804K(279552K), 0.0021957 secs] [Times: user=0.02 sys=0.00, real=0.00 secs] 
2021-08-19T20:38:18.862+0800: 101386.460: [GC (Allocation Failure) [PSYoungGen: 83728K->1520K(84992K)] 269748K->187540K(279552K), 0.0024943 secs] [Times: user=0.01 sys=0.00, real=0.00 secs] 
2021-08-19T20:38:38.869+0800: 101406.467: [GC (Allocation Failure) [PSYoungGen: 84464K->1472K(84992K)] 270484K->187492K(279552K), 0.0021275 secs] [Times: user=0.02 sys=0.00, real=0.01 secs] 
2021-08-19T20:38:58.878+0800: 101426.476: [GC (Allocation Failure) [PSYoungGen: 84416K->1776K(84992K)] 270436K->187796K(279552K), 0.0022852 secs] [Times: user=0.01 sys=0.00, real=0.01 secs] 
2021-08-19T20:39:22.931+0800: 101450.529: [GC (Allocation Failure) [PSYoungGen: 84720K->1072K(83968K)] 270740K->187092K(278528K), 0.0021489 secs] [Times: user=0.01 sys=0.00, real=0.00 secs] 
2021-08-19T20:39:46.431+0800: 101474.029: [GC (Allocation Failure) [PSYoungGen: 82992K->1008K(84480K)] 269012K->187028K(279040K), 0.0020244 secs] [Times: user=0.02 sys=0.00, real=0.00 secs] 
2021-08-19T20:40:08.860+0800: 101496.457: [GC (Allocation Failure) [PSYoungGen: 82928K->1584K(83968K)] 268948K->187628K(278528K), 0.0028614 secs] [Times: user=0.02 sys=0.00, real=0.01 secs] 
2021-08-19T20:40:28.866+0800: 101516.464: [GC (Allocation Failure) [PSYoungGen: 83504K->1728K(84480K)] 269548K->187772K(279040K), 0.0025794 secs] [Times: user=0.02 sys=0.00, real=0.00 secs] 
2021-08-19T20:40:48.874+0800: 101536.472: [GC (Allocation Failure) [PSYoungGen: 83648K->1984K(84480K)] 269692K->188028K(279040K), 0.0023170 secs] [Times: user=0.01 sys=0.00, real=0.00 secs] 
2021-08-19T20:41:10.532+0800: 101558.130: [GC (Allocation Failure) [PSYoungGen: 83904K->1024K(84480K)] 269948K->187068K(279040K), 0.0021129 secs] [Times: user=0.02 sys=0.00, real=0.00 secs] 
2021-08-19T20:41:34.432+0800: 101582.030: [GC (Allocation Failure) [PSYoungGen: 82944K->1024K(84480K)] 268988K->187068K(279040K), 0.0020159 secs] [Times: user=0.01 sys=0.00, real=0.00 secs] 
2021-08-19T20:41:57.933+0800: 101605.530: [GC (Allocation Failure) [PSYoungGen: 82944K->1136K(84480K)] 268988K->187180K(279040K), 0.0022563 secs] [Times: user=0.01 sys=0.00, real=0.00 secs] 
2021-08-19T20:42:18.863+0800: 101626.461: [GC (Allocation Failure) [PSYoungGen: 83056K->1792K(84480K)] 269100K->187956K(279040K), 0.0025160 secs] [Times: user=0.02 sys=0.00, real=0.00 secs] 
2021-08-19T20:42:38.869+0800: 101646.467: [GC (Allocation Failure) [PSYoungGen: 83712K->1264K(84480K)] 269876K->187668K(279040K), 0.0025457 secs] [Times: user=0.02 sys=0.00, real=0.01 secs] 
2021-08-19T20:42:58.876+0800: 101666.474: [GC (Allocation Failure) [PSYoungGen: 83184K->1264K(84480K)] 269588K->187884K(279040K), 0.0022640 secs] [Times: user=0.02 sys=0.00, real=0.00 secs] 
2021-08-19T20:43:22.532+0800: 101690.130: [GC (Allocation Failure) [PSYoungGen: 83184K->512K(84480K)] 269804K->187348K(279040K), 0.0023321 secs] [Times: user=0.02 sys=0.00, real=0.00 secs] 
2021-08-19T20:43:45.934+0800: 101713.532: [GC (Allocation Failure) [PSYoungGen: 82432K->480K(84480K)] 269268K->187316K(279040K), 0.0020962 secs] [Times: user=0.02 sys=0.00, real=0.00 secs] 
2021-08-19T20:44:08.859+0800: 101736.457: [GC (Allocation Failure) [PSYoungGen: 82400K->704K(84480K)] 269236K->187844K(279040K), 0.0023257 secs] [Times: user=0.01 sys=0.00, real=0.01 secs] 
2021-08-19T20:44:28.867+0800: 101756.465: [GC (Allocation Failure) [PSYoungGen: 82624K->864K(84480K)] 269764K->188004K(279040K), 0.0024409 secs] [Times: user=0.02 sys=0.00, real=0.00 secs] 
2021-08-19T20:44:48.876+0800: 101776.473: [GC (Allocation Failure) [PSYoungGen: 82784K->1120K(84480K)] 269924K->188260K(279040K), 0.0023329 secs] [Times: user=0.02 sys=0.00, real=0.00 secs] 
2021-08-19T20:45:10.001+0800: 101797.599: [GC (Allocation Failure) [PSYoungGen: 83040K->384K(84992K)] 270180K->187524K(279552K), 0.0025021 secs] [Times: user=0.01 sys=0.00, real=0.00 secs] 
2021-08-19T20:45:34.535+0800: 101822.133: [GC (Allocation Failure) [PSYoungGen: 83328K->384K(84992K)] 270468K->187556K(279552K), 0.0020994 secs] [Times: user=0.02 sys=0.00, real=0.00 secs] 
2021-08-19T20:45:58.535+0800: 101846.133: [GC (Allocation Failure) [PSYoungGen: 83328K->416K(84992K)] 270500K->187588K(279552K), 0.0024631 secs] [Times: user=0.01 sys=0.00, real=0.00 secs] 
2021-08-19T20:46:18.868+0800: 101866.465: [GC (Allocation Failure) [PSYoungGen: 83360K->1216K(84992K)] 270532K->188388K(279552K), 0.0026403 secs] [Times: user=0.02 sys=0.00, real=0.01 secs] 
2021-08-19T20:46:38.876+0800: 101886.474: [GC (Allocation Failure) [PSYoungGen: 84160K->1152K(84992K)] 271332K->188324K(279552K), 0.0021682 secs] [Times: user=0.02 sys=0.00, real=0.00 secs] 
2021-08-19T20:47:00.435+0800: 101908.033: [GC (Allocation Failure) [PSYoungGen: 84096K->416K(84992K)] 271268K->187588K(279552K), 0.0021051 secs] [Times: user=0.02 sys=0.00, real=0.00 secs] 
2021-08-19T20:47:24.936+0800: 101932.534: [GC (Allocation Failure) [PSYoungGen: 83360K->352K(84992K)] 270532K->187524K(279552K), 0.0022209 secs] [Times: user=0.02 sys=0.00, real=0.00 secs] 
2021-08-19T20:47:48.861+0800: 101956.458: [GC (Allocation Failure) [PSYoungGen: 83296K->672K(84992K)] 270468K->187852K(279552K), 0.0021586 secs] [Times: user=0.02 sys=0.00, real=0.00 secs] 
2021-08-19T20:48:08.868+0800: 101976.466: [GC (Allocation Failure) [PSYoungGen: 83616K->928K(84992K)] 270796K->188148K(279552K), 0.0022785 secs] [Times: user=0.02 sys=0.00, real=0.01 secs] 
2021-08-19T20:48:28.878+0800: 101996.476: [GC (Allocation Failure) [PSYoungGen: 83872K->1152K(84992K)] 271092K->188372K(279552K), 0.0024058 secs] [Times: user=0.01 sys=0.00, real=0.01 secs] 
2021-08-19T20:48:51.532+0800: 102019.130: [GC (Allocation Failure) [PSYoungGen: 84096K->352K(84992K)] 271316K->187572K(279552K), 0.0023784 secs] [Times: user=0.01 sys=0.01, real=0.00 secs] 
2021-08-19T20:49:16.437+0800: 102044.034: [GC (Allocation Failure) [PSYoungGen: 83296K->384K(84992K)] 270516K->187604K(279552K), 0.0019459 secs] [Times: user=0.02 sys=0.00, real=0.00 secs] 
2021-08-19T20:49:38.862+0800: 102066.460: [GC (Allocation Failure) [PSYoungGen: 83328K->1051K(84992K)] 270548K->188271K(279552K), 0.0020691 secs] [Times: user=0.02 sys=0.00, real=0.00 secs] 
2021-08-19T20:49:58.873+0800: 102086.470: [GC (Allocation Failure) [PSYoungGen: 83995K->704K(84992K)] 271215K->187924K(279552K), 0.0024802 secs] [Times: user=0.02 sys=0.00, real=0.00 secs] 
2021-08-19T20:50:18.880+0800: 102106.478: [GC (Allocation Failure) [PSYoungGen: 83648K->1600K(84992K)] 270868K->188820K(279552K), 0.0024069 secs] [Times: user=0.02 sys=0.00, real=0.01 secs] 
2021-08-19T20:50:42.437+0800: 102130.035: [GC (Allocation Failure) [PSYoungGen: 84544K->544K(84992K)] 271764K->187764K(279552K), 0.0023590 secs] [Times: user=0.01 sys=0.00, real=0.00 secs] 
2021-08-19T20:51:06.438+0800: 102154.036: [GC (Allocation Failure) [PSYoungGen: 83488K->576K(84992K)] 270708K->187804K(279552K), 0.0020141 secs] [Times: user=0.01 sys=0.00, real=0.00 secs] 
2021-08-19T20:51:28.863+0800: 102176.461: [GC (Allocation Failure) [PSYoungGen: 83520K->800K(84992K)] 270748K->188028K(279552K), 0.0023018 secs] [Times: user=0.02 sys=0.00, real=0.00 secs] 
2021-08-19T20:51:48.874+0800: 102196.472: [GC (Allocation Failure) [PSYoungGen: 83744K->864K(84992K)] 270972K->188092K(279552K), 0.0021572 secs] [Times: user=0.02 sys=0.00, real=0.00 secs] 
2021-08-19T20:52:08.881+0800: 102216.479: [GC (Allocation Failure) [PSYoungGen: 83808K->1120K(84992K)] 271036K->188348K(279552K), 0.0021673 secs] [Times: user=0.02 sys=0.00, real=0.00 secs] 
2021-08-19T20:52:32.938+0800: 102240.536: [GC (Allocation Failure) [PSYoungGen: 84064K->512K(84992K)] 271292K->187740K(279552K), 0.0024125 secs] [Times: user=0.02 sys=0.00, real=0.01 secs] 
2021-08-19T20:52:57.438+0800: 102265.036: [GC (Allocation Failure) [PSYoungGen: 83456K->512K(84992K)] 270684K->187740K(279552K), 0.0019385 secs] [Times: user=0.01 sys=0.00, real=0.00 secs] 
2021-08-19T20:53:18.867+0800: 102286.465: [GC (Allocation Failure) [PSYoungGen: 83456K->1312K(84992K)] 270684K->188540K(279552K), 0.0022661 secs] [Times: user=0.02 sys=0.00, real=0.00 secs] 
2021-08-19T20:53:38.877+0800: 102306.475: [GC (Allocation Failure) [PSYoungGen: 84256K->1056K(84992K)] 271484K->188292K(279552K), 0.0021030 secs] [Times: user=0.01 sys=0.00, real=0.00 secs] 
2021-08-19T20:53:59.439+0800: 102327.037: [GC (Allocation Failure) [PSYoungGen: 84000K->608K(84992K)] 271236K->187844K(279552K), 0.0021240 secs] [Times: user=0.01 sys=0.00, real=0.01 secs] 
2021-08-19T20:54:24.438+0800: 102352.036: [GC (Allocation Failure) [PSYoungGen: 83552K->512K(84992K)] 270788K->187756K(279552K), 0.0024218 secs] [Times: user=0.02 sys=0.00, real=0.01 secs] 
2021-08-19T20:54:48.861+0800: 102376.458: [GC (Allocation Failure) [PSYoungGen: 83456K->544K(84992K)] 270700K->187820K(279552K), 0.0023868 secs] [Times: user=0.01 sys=0.00, real=0.00 secs] 
2021-08-19T20:55:08.870+0800: 102396.468: [GC (Allocation Failure) [PSYoungGen: 83488K->1280K(84992K)] 270764K->188884K(279552K), 0.0021564 secs] [Times: user=0.02 sys=0.00, real=0.00 secs] 
2021-08-19T20:55:28.879+0800: 102416.476: [GC (Allocation Failure) [PSYoungGen: 84224K->1056K(84992K)] 271828K->188660K(279552K), 0.0022456 secs] [Times: user=0.01 sys=0.00, real=0.01 secs] 
2021-08-19T20:55:50.441+0800: 102438.038: [GC (Allocation Failure) [PSYoungGen: 84000K->352K(84992K)] 271604K->187956K(279552K), 0.0019964 secs] [Times: user=0.01 sys=0.00, real=0.00 secs] 
2021-08-19T20:56:14.532+0800: 102462.130: [GC (Allocation Failure) [PSYoungGen: 83296K->352K(84992K)] 270900K->187964K(279552K), 0.0020667 secs] [Times: user=0.02 sys=0.00, real=0.00 secs] 
2021-08-19T20:56:38.862+0800: 102486.460: [GC (Allocation Failure) [PSYoungGen: 83296K->608K(84992K)] 270908K->188220K(279552K), 0.0024041 secs] [Times: user=0.02 sys=0.00, real=0.00 secs] 
2021-08-19T20:56:58.871+0800: 102506.469: [GC (Allocation Failure) [PSYoungGen: 83552K->1312K(84992K)] 271164K->188924K(279552K), 0.0022349 secs] [Times: user=0.02 sys=0.00, real=0.00 secs] 
2021-08-19T20:57:18.884+0800: 102526.481: [GC (Allocation Failure) [PSYoungGen: 84256K->1216K(84992K)] 271868K->188828K(279552K), 0.0021612 secs] [Times: user=0.01 sys=0.00, real=0.00 secs] 
2021-08-19T20:57:41.382+0800: 102548.980: [GC (Allocation Failure) [PSYoungGen: 84160K->352K(84992K)] 271772K->187964K(279552K), 0.0023037 secs] [Times: user=0.01 sys=0.00, real=0.00 secs] 
2021-08-19T20:58:05.533+0800: 102573.131: [GC (Allocation Failure) [PSYoungGen: 83296K->384K(84992K)] 270908K->187996K(279552K), 0.0019299 secs] [Times: user=0.02 sys=0.00, real=0.00 secs] 
2021-08-19T20:58:28.867+0800: 102596.464: [GC (Allocation Failure) [PSYoungGen: 83328K->736K(84992K)] 270940K->188348K(279552K), 0.0024585 secs] [Times: user=0.01 sys=0.00, real=0.00 secs] 
2021-08-19T20:58:48.876+0800: 102616.474: [GC (Allocation Failure) [PSYoungGen: 83680K->576K(84992K)] 271292K->188196K(279552K), 0.0021017 secs] [Times: user=0.01 sys=0.00, real=0.00 secs] 
2021-08-19T20:59:08.885+0800: 102636.483: [GC (Allocation Failure) [PSYoungGen: 83520K->1312K(84992K)] 271140K->188932K(279552K), 0.0022625 secs] [Times: user=0.02 sys=0.00, real=0.00 secs] 
2021-08-19T20:59:32.564+0800: 102660.162: [GC (Allocation Failure) [PSYoungGen: 84256K->384K(84992K)] 271876K->188004K(279552K), 0.0021912 secs] [Times: user=0.02 sys=0.00, real=0.00 secs] 
2021-08-19T20:59:56.759+0800: 102684.357: [GC (Allocation Failure) [PSYoungGen: 83328K->352K(84992K)] 270948K->187972K(279552K), 0.0023333 secs] [Times: user=0.01 sys=0.00, real=0.01 secs] 
2021-08-19T21:00:18.871+0800: 102706.469: [GC (Allocation Failure) [PSYoungGen: 83296K->992K(84992K)] 270916K->188612K(279552K), 0.0021592 secs] [Times: user=0.02 sys=0.00, real=0.00 secs] 
2021-08-19T21:00:38.879+0800: 102726.477: [GC (Allocation Failure) [PSYoungGen: 83936K->672K(84992K)] 271556K->188292K(279552K), 0.0023745 secs] [Times: user=0.02 sys=0.00, real=0.01 secs] 
2021-08-19T21:00:58.932+0800: 102746.530: [GC (Allocation Failure) [PSYoungGen: 83616K->384K(84992K)] 271236K->188004K(279552K), 0.0020485 secs] [Times: user=0.02 sys=0.00, real=0.00 secs] 
2021-08-19T21:01:23.431+0800: 102771.029: [GC (Allocation Failure) [PSYoungGen: 83328K->320K(84992K)] 270948K->187940K(279552K), 0.0025076 secs] [Times: user=0.01 sys=0.00, real=0.00 secs] 
2021-08-19T21:01:47.532+0800: 102795.129: [GC (Allocation Failure) [PSYoungGen: 83264K->384K(84992K)] 270884K->188012K(279552K), 0.0020169 secs] [Times: user=0.02 sys=0.00, real=0.00 secs] 
2021-08-19T21:02:08.873+0800: 102816.471: [GC (Allocation Failure) [PSYoungGen: 83328K->1120K(84480K)] 270956K->188748K(279040K), 0.0021124 secs] [Times: user=0.01 sys=0.00, real=0.00 secs] 
2021-08-19T21:02:28.882+0800: 102836.480: [GC (Allocation Failure) [PSYoungGen: 84064K->1056K(84992K)] 271692K->188684K(279552K), 0.0021085 secs] [Times: user=0.02 sys=0.00, real=0.00 secs] 
2021-08-19T21:02:50.021+0800: 102857.619: [GC (Allocation Failure) [PSYoungGen: 84000K->352K(84992K)] 271628K->187980K(279552K), 0.0022709 secs] [Times: user=0.01 sys=0.00, real=0.00 secs] 
2021-08-19T21:03:14.429+0800: 102882.027: [GC (Allocation Failure) [PSYoungGen: 83296K->384K(84992K)] 270924K->188012K(279552K), 0.0022336 secs] [Times: user=0.01 sys=0.00, real=0.01 secs] 
2021-08-19T21:03:38.867+0800: 102906.465: [GC (Allocation Failure) [PSYoungGen: 83328K->352K(85504K)] 270956K->187980K(280064K), 0.0021623 secs] [Times: user=0.01 sys=0.00, real=0.00 secs] 
2021-08-19T21:03:58.876+0800: 102926.474: [GC (Allocation Failure) [PSYoungGen: 83808K->1248K(84992K)] 271436K->188876K(279552K), 0.0021347 secs] [Times: user=0.02 sys=0.00, real=0.00 secs] 
2021-08-19T21:04:18.886+0800: 102946.483: [GC (Allocation Failure) [PSYoungGen: 84704K->1120K(84992K)] 272332K->188756K(279552K), 0.0022892 secs] [Times: user=0.02 sys=0.00, real=0.00 secs] 
2021-08-19T21:04:41.425+0800: 102969.023: [GC (Allocation Failure) [PSYoungGen: 84064K->384K(84992K)] 271700K->188028K(279552K), 0.0020334 secs] [Times: user=0.02 sys=0.00, real=0.00 secs] 
2021-08-19T21:05:05.530+0800: 102993.128: [GC (Allocation Failure) [PSYoungGen: 83328K->352K(84992K)] 270972K->187996K(279552K), 0.0024213 secs] [Times: user=0.01 sys=0.00, real=0.00 secs] 
2021-08-19T21:05:28.870+0800: 103016.468: [GC (Allocation Failure) [PSYoungGen: 83296K->736K(84992K)] 270940K->188388K(279552K), 0.0021387 secs] [Times: user=0.02 sys=0.00, real=0.01 secs] 
2021-08-19T21:05:48.878+0800: 103036.475: [GC (Allocation Failure) [PSYoungGen: 83680K->320K(84992K)] 271332K->187972K(279552K), 0.0022769 secs] [Times: user=0.01 sys=0.00, real=0.00 secs] 
2021-08-19T21:06:08.887+0800: 103056.485: [GC (Allocation Failure) [PSYoungGen: 83264K->1280K(84992K)] 270916K->188932K(279552K), 0.0021688 secs] [Times: user=0.01 sys=0.00, real=0.00 secs] 
2021-08-19T21:06:32.424+0800: 103080.022: [GC (Allocation Failure) [PSYoungGen: 84224K->480K(84992K)] 271876K->188156K(279552K), 0.0020607 secs] [Times: user=0.01 sys=0.00, real=0.00 secs] 
2021-08-19T21:06:56.425+0800: 103104.022: [GC (Allocation Failure) [PSYoungGen: 83424K->352K(84992K)] 271100K->188036K(279552K), 0.0019996 secs] [Times: user=0.01 sys=0.00, real=0.00 secs] 
2021-08-19T21:07:18.871+0800: 103126.469: [GC (Allocation Failure) [PSYoungGen: 83296K->976K(84992K)] 270980K->188660K(279552K), 0.0021708 secs] [Times: user=0.01 sys=0.00, real=0.00 secs] 
2021-08-19T21:07:38.881+0800: 103146.479: [GC (Allocation Failure) [PSYoungGen: 83920K->1216K(84992K)] 271604K->188900K(279552K), 0.0024243 secs] [Times: user=0.02 sys=0.00, real=0.00 secs] 
2021-08-19T21:07:58.888+0800: 103166.486: [GC (Allocation Failure) [PSYoungGen: 84160K->1920K(83968K)] 271844K->189604K(278528K), 0.0024484 secs] [Times: user=0.01 sys=0.00, real=0.01 secs] 
2021-08-19T21:08:21.423+0800: 103189.021: [GC (Allocation Failure) [PSYoungGen: 83840K->1056K(84480K)] 271524K->188740K(279040K), 0.0019121 secs] [Times: user=0.02 sys=0.00, real=0.00 secs] 
2021-08-19T21:08:45.423+0800: 103213.020: [GC (Allocation Failure) [PSYoungGen: 82976K->1072K(84992K)] 270660K->188756K(279552K), 0.0027488 secs] [Times: user=0.02 sys=0.00, real=0.00 secs] 
2021-08-19T21:09:08.870+0800: 103236.467: [GC (Allocation Failure) [PSYoungGen: 84016K->1488K(84480K)] 271700K->189172K(279040K), 0.0023282 secs] [Times: user=0.01 sys=0.00, real=0.01 secs] 
2021-08-19T21:09:28.878+0800: 103256.476: [GC (Allocation Failure) [PSYoungGen: 84432K->1056K(84992K)] 272116K->188748K(279552K), 0.0024105 secs] [Times: user=0.02 sys=0.00, real=0.01 secs] 
2021-08-19T21:09:48.886+0800: 103276.484: [GC (Allocation Failure) [PSYoungGen: 83488K->1984K(84480K)] 271180K->189676K(279040K), 0.0021896 secs] [Times: user=0.02 sys=0.00, real=0.00 secs] 
2021-08-19T21:10:11.064+0800: 103298.662: [GC (Allocation Failure) [PSYoungGen: 84416K->1088K(84480K)] 272108K->188780K(279040K), 0.0023596 secs] [Times: user=0.01 sys=0.00, real=0.00 secs] 
2021-08-19T21:10:34.922+0800: 103322.520: [GC (Allocation Failure) [PSYoungGen: 83008K->1072K(84480K)] 270700K->188764K(279040K), 0.0022358 secs] [Times: user=0.02 sys=0.00, real=0.00 secs] 
2021-08-19T21:10:58.867+0800: 103346.465: [GC (Allocation Failure) [PSYoungGen: 82992K->1072K(84992K)] 270684K->188780K(279552K), 0.0025520 secs] [Times: user=0.02 sys=0.00, real=0.00 secs] 
2021-08-19T21:11:18.876+0800: 103366.474: [GC (Allocation Failure) [PSYoungGen: 83504K->2032K(84480K)] 271212K->189756K(279040K), 0.0024541 secs] [Times: user=0.01 sys=0.00, real=0.00 secs] 
2021-08-19T21:11:38.885+0800: 103386.483: [GC (Allocation Failure) [PSYoungGen: 84464K->1712K(84480K)] 272188K->189660K(279040K), 0.0022936 secs] [Times: user=0.02 sys=0.00, real=0.00 secs] 
2021-08-19T21:11:59.422+0800: 103407.020: [GC (Allocation Failure) [PSYoungGen: 83632K->896K(84480K)] 271580K->188844K(279040K), 0.0021499 secs] [Times: user=0.02 sys=0.00, real=0.00 secs] 
2021-08-19T21:12:23.420+0800: 103431.018: [GC (Allocation Failure) [PSYoungGen: 82816K->944K(84480K)] 270764K->188900K(279040K), 0.0022055 secs] [Times: user=0.01 sys=0.00, real=0.00 secs] 
2021-08-19T21:12:46.921+0800: 103454.519: [GC (Allocation Failure) [PSYoungGen: 82864K->656K(84480K)] 270820K->188916K(279040K), 0.0020862 secs] [Times: user=0.02 sys=0.00, real=0.00 secs] 
2021-08-19T21:13:08.874+0800: 103476.472: [GC (Allocation Failure) [PSYoungGen: 82576K->1264K(84480K)] 270836K->189740K(279040K), 0.0027050 secs] [Times: user=0.02 sys=0.00, real=0.00 secs] 
2021-08-19T21:13:28.881+0800: 103496.479: [GC (Allocation Failure) [PSYoungGen: 83184K->816K(84480K)] 271660K->189428K(279040K), 0.0022521 secs] [Times: user=0.01 sys=0.00, real=0.00 secs] 
2021-08-19T21:13:48.888+0800: 103516.486: [GC (Allocation Failure) [PSYoungGen: 82736K->1312K(84480K)] 271348K->190132K(279040K), 0.0024074 secs] [Times: user=0.02 sys=0.00, real=0.01 secs] 
2021-08-19T21:14:11.420+0800: 103539.018: [GC (Allocation Failure) [PSYoungGen: 83232K->352K(84480K)] 272052K->189188K(279040K), 0.0020740 secs] [Times: user=0.01 sys=0.00, real=0.00 secs] 
2021-08-19T21:14:35.421+0800: 103563.018: [GC (Allocation Failure) [PSYoungGen: 82272K->320K(84480K)] 271108K->189156K(279040K), 0.0022403 secs] [Times: user=0.02 sys=0.00, real=0.00 secs] 
2021-08-19T21:14:58.533+0800: 103586.130: [GC (Allocation Failure) [PSYoungGen: 82240K->352K(84480K)] 271076K->189196K(279040K), 0.0019925 secs] [Times: user=0.01 sys=0.00, real=0.00 secs] 
2021-08-19T21:15:18.877+0800: 103606.475: [GC (Allocation Failure) [PSYoungGen: 82272K->1280K(84480K)] 271116K->190124K(279040K), 0.0023946 secs] [Times: user=0.01 sys=0.00, real=0.00 secs] 
2021-08-19T21:15:38.885+0800: 103626.483: [GC (Allocation Failure) [PSYoungGen: 83200K->832K(84480K)] 272044K->189676K(279040K), 0.0021595 secs] [Times: user=0.01 sys=0.00, real=0.00 secs] 
2021-08-19T21:15:58.920+0800: 103646.518: [GC (Allocation Failure) [PSYoungGen: 82752K->416K(84992K)] 271596K->189260K(279552K), 0.0021015 secs] [Times: user=0.01 sys=0.00, real=0.00 secs] 
2021-08-19T21:16:23.433+0800: 103671.031: [GC (Allocation Failure) [PSYoungGen: 83360K->352K(84992K)] 272204K->189196K(279552K), 0.0020331 secs] [Times: user=0.02 sys=0.00, real=0.00 secs] 
2021-08-19T21:16:47.920+0800: 103695.518: [GC (Allocation Failure) [PSYoungGen: 83296K->416K(84992K)] 272140K->189268K(279552K), 0.0021255 secs] [Times: user=0.01 sys=0.00, real=0.01 secs] 
2021-08-19T21:17:08.877+0800: 103716.475: [GC (Allocation Failure) [PSYoungGen: 83360K->1216K(84992K)] 272212K->190068K(279552K), 0.0022863 secs] [Times: user=0.01 sys=0.00, real=0.00 secs] 
2021-08-19T21:17:28.888+0800: 103736.485: [GC (Allocation Failure) [PSYoungGen: 84160K->1056K(84992K)] 273012K->189916K(279552K), 0.0022675 secs] [Times: user=0.02 sys=0.00, real=0.00 secs] 
2021-08-19T21:17:49.534+0800: 103757.132: [GC (Allocation Failure) [PSYoungGen: 84000K->416K(84992K)] 272860K->189276K(279552K), 0.0022720 secs] [Times: user=0.02 sys=0.00, real=0.00 secs] 
2021-08-19T21:18:13.866+0800: 103781.464: [GC (Allocation Failure) [PSYoungGen: 83360K->352K(84992K)] 272220K->189212K(279552K), 0.0024157 secs] [Times: user=0.01 sys=0.00, real=0.00 secs] 
2021-08-19T21:18:38.419+0800: 103806.017: [GC (Allocation Failure) [PSYoungGen: 83296K->352K(84992K)] 272156K->189212K(279552K), 0.0024297 secs] [Times: user=0.02 sys=0.00, real=0.01 secs] 
2021-08-19T21:18:58.879+0800: 103826.476: [GC (Allocation Failure) [PSYoungGen: 83296K->1184K(84992K)] 272156K->190044K(279552K), 0.0027164 secs] [Times: user=0.01 sys=0.00, real=0.01 secs] 
2021-08-19T21:19:18.888+0800: 103846.486: [GC (Allocation Failure) [PSYoungGen: 84128K->1088K(84992K)] 272988K->189948K(279552K), 0.0022120 secs] [Times: user=0.02 sys=0.00, real=0.01 secs] 
2021-08-19T21:19:40.022+0800: 103867.620: [GC (Allocation Failure) [PSYoungGen: 84032K->384K(84992K)] 272892K->189244K(279552K), 0.0021739 secs] [Times: user=0.01 sys=0.00, real=0.00 secs] 
2021-08-19T21:20:04.750+0800: 103892.347: [GC (Allocation Failure) [PSYoungGen: 83328K->352K(84992K)] 272188K->189212K(279552K), 0.0019740 secs] [Times: user=0.02 sys=0.00, real=0.01 secs] 
2021-08-19T21:20:28.872+0800: 103916.470: [GC (Allocation Failure) [PSYoungGen: 83296K->480K(84992K)] 272156K->189348K(279552K), 0.0021519 secs] [Times: user=0.02 sys=0.00, real=0.00 secs] 
2021-08-19T21:20:48.879+0800: 103936.477: [GC (Allocation Failure) [PSYoungGen: 83424K->1216K(84992K)] 272292K->190084K(279552K), 0.0025197 secs] [Times: user=0.02 sys=0.00, real=0.01 secs] 
2021-08-19T21:21:08.890+0800: 103956.488: [GC (Allocation Failure) [PSYoungGen: 84160K->1152K(84992K)] 273028K->190044K(279552K), 0.0023196 secs] [Times: user=0.01 sys=0.00, real=0.01 secs] 
2021-08-19T21:21:30.919+0800: 103978.517: [GC (Allocation Failure) [PSYoungGen: 84096K->320K(84992K)] 272988K->189212K(279552K), 0.0020091 secs] [Times: user=0.02 sys=0.00, real=0.01 secs] 
2021-08-19T21:21:54.920+0800: 104002.517: [GC (Allocation Failure) [PSYoungGen: 83264K->384K(84992K)] 272156K->189276K(279552K), 0.0021406 secs] [Times: user=0.01 sys=0.00, real=0.01 secs] 
2021-08-19T21:22:18.873+0800: 104026.470: [GC (Allocation Failure) [PSYoungGen: 83328K->704K(84992K)] 272220K->189596K(279552K), 0.0020029 secs] [Times: user=0.02 sys=0.00, real=0.00 secs] 
2021-08-19T21:22:38.880+0800: 104046.478: [GC (Allocation Failure) [PSYoungGen: 83648K->960K(84992K)] 272540K->189852K(279552K), 0.0023546 secs] [Times: user=0.01 sys=0.00, real=0.01 secs] 
2021-08-19T21:22:58.890+0800: 104066.487: [GC (Allocation Failure) [PSYoungGen: 83904K->1280K(84992K)] 272796K->190180K(279552K), 0.0027504 secs] [Times: user=0.01 sys=0.00, real=0.01 secs] 
2021-08-19T21:23:21.553+0800: 104089.151: [GC (Allocation Failure) [PSYoungGen: 84224K->352K(84992K)] 273124K->189252K(279552K), 0.0022686 secs] [Times: user=0.02 sys=0.00, real=0.00 secs] 
2021-08-19T21:23:46.420+0800: 104114.018: [GC (Allocation Failure) [PSYoungGen: 83296K->352K(84992K)] 272196K->189252K(279552K), 0.0020077 secs] [Times: user=0.01 sys=0.00, real=0.00 secs] 
2021-08-19T21:24:08.877+0800: 104136.475: [GC (Allocation Failure) [PSYoungGen: 83296K->672K(84992K)] 272196K->189572K(279552K), 0.0021926 secs] [Times: user=0.02 sys=0.00, real=0.00 secs] 
2021-08-19T21:24:28.886+0800: 104156.484: [GC (Allocation Failure) [PSYoungGen: 83616K->672K(84992K)] 272516K->189572K(279552K), 0.0022617 secs] [Times: user=0.01 sys=0.00, real=0.00 secs] 
2021-08-19T21:24:48.893+0800: 104176.491: [GC (Allocation Failure) [PSYoungGen: 83616K->896K(85504K)] 272516K->189796K(280064K), 0.0021029 secs] [Times: user=0.02 sys=0.00, real=0.00 secs] 
2021-08-19T21:25:13.418+0800: 104201.016: [GC (Allocation Failure) [PSYoungGen: 84352K->352K(84992K)] 273252K->189252K(279552K), 0.0020807 secs] [Times: user=0.02 sys=0.00, real=0.01 secs] 
2021-08-19T21:25:37.920+0800: 104225.517: [GC (Allocation Failure) [PSYoungGen: 83808K->384K(85504K)] 272708K->189292K(280064K), 0.0022072 secs] [Times: user=0.02 sys=0.00, real=0.01 secs] 
2021-08-19T21:25:58.881+0800: 104246.479: [GC (Allocation Failure) [PSYoungGen: 84352K->1184K(85504K)] 273260K->190092K(280064K), 0.0022623 secs] [Times: user=0.01 sys=0.00, real=0.00 secs] 
2021-08-19T21:26:18.891+0800: 104266.489: [GC (Allocation Failure) [PSYoungGen: 85152K->1152K(84480K)] 274060K->190060K(279040K), 0.0020921 secs] [Times: user=0.02 sys=0.00, real=0.00 secs] 
2021-08-19T21:26:41.419+0800: 104289.016: [GC (Allocation Failure) [PSYoungGen: 84096K->416K(84992K)] 273004K->189324K(279552K), 0.0023627 secs] [Times: user=0.02 sys=0.00, real=0.01 secs] 
2021-08-19T21:27:05.920+0800: 104313.517: [GC (Allocation Failure) [PSYoungGen: 83360K->416K(84992K)] 272268K->189324K(279552K), 0.0019361 secs] [Times: user=0.02 sys=0.00, real=0.01 secs] 
2021-08-19T21:27:28.877+0800: 104336.474: [GC (Allocation Failure) [PSYoungGen: 83360K->768K(84992K)] 272268K->189676K(279552K), 0.0019626 secs] [Times: user=0.02 sys=0.00, real=0.00 secs] 
2021-08-19T21:27:48.886+0800: 104356.483: [GC (Allocation Failure) [PSYoungGen: 83712K->544K(85504K)] 272620K->189460K(280064K), 0.0020907 secs] [Times: user=0.01 sys=0.00, real=0.00 secs] 
2021-08-19T21:28:08.894+0800: 104376.492: [GC (Allocation Failure) [PSYoungGen: 84512K->992K(85504K)] 273428K->189916K(280064K), 0.0023224 secs] [Times: user=0.02 sys=0.00, real=0.00 secs] 
2021-08-19T21:28:33.566+0800: 104401.163: [GC (Allocation Failure) [PSYoungGen: 84960K->384K(85504K)] 273884K->189308K(280064K), 0.0020691 secs] [Times: user=0.02 sys=0.00, real=0.00 secs] 
2021-08-19T21:28:58.363+0800: 104425.961: [GC (Allocation Failure) [PSYoungGen: 84351K->384K(85504K)] 273276K->189308K(280064K), 0.0023282 secs] [Times: user=0.02 sys=0.00, real=0.00 secs] 
2021-08-19T21:29:18.882+0800: 104446.480: [GC (Allocation Failure) [PSYoungGen: 84352K->1216K(84480K)] 273276K->190140K(279040K), 0.0022771 secs] [Times: user=0.01 sys=0.00, real=0.00 secs] 
2021-08-19T21:29:38.892+0800: 104466.490: [GC (Allocation Failure) [PSYoungGen: 84160K->1184K(84992K)] 273084K->190108K(279552K), 0.0021931 secs] [Times: user=0.02 sys=0.00, real=0.00 secs] 
2021-08-19T21:30:00.918+0800: 104488.516: [GC (Allocation Failure) [PSYoungGen: 84128K->384K(84992K)] 273052K->189308K(279552K), 0.0018897 secs] [Times: user=0.01 sys=0.00, real=0.01 secs] 
2021-08-19T21:30:25.570+0800: 104513.168: [GC (Allocation Failure) [PSYoungGen: 83328K->384K(84992K)] 272252K->189308K(279552K), 0.0022374 secs] [Times: user=0.02 sys=0.00, real=0.00 secs] 
2021-08-19T21:30:48.878+0800: 104536.475: [GC (Allocation Failure) [PSYoungGen: 83328K->672K(85504K)] 272252K->189596K(280064K), 0.0021466 secs] [Times: user=0.02 sys=0.00, real=0.00 secs] 
2021-08-19T21:31:08.887+0800: 104556.485: [GC (Allocation Failure) [PSYoungGen: 84128K->672K(84992K)] 273052K->189604K(279552K), 0.0021549 secs] [Times: user=0.01 sys=0.00, real=0.00 secs] 
2021-08-19T21:31:28.896+0800: 104576.494: [GC (Allocation Failure) [PSYoungGen: 84128K->896K(85504K)] 273060K->189828K(280064K), 0.0024929 secs] [Times: user=0.01 sys=0.00, real=0.00 secs] 
2021-08-19T21:31:53.419+0800: 104601.017: [GC (Allocation Failure) [PSYoungGen: 84864K->416K(85504K)] 273796K->189348K(280064K), 0.0019900 secs] [Times: user=0.02 sys=0.00, real=0.01 secs] 
2021-08-19T21:32:17.921+0800: 104625.519: [GC (Allocation Failure) [PSYoungGen: 84384K->256K(85504K)] 273316K->189188K(280064K), 0.0019857 secs] [Times: user=0.01 sys=0.00, real=0.00 secs] 
2021-08-19T21:32:38.884+0800: 104646.482: [GC (Allocation Failure) [PSYoungGen: 84224K->1248K(85504K)] 273156K->190180K(280064K), 0.0025318 secs] [Times: user=0.01 sys=0.00, real=0.00 secs] 
2021-08-19T21:32:59.423+0800: 104667.021: [GC (Allocation Failure) [PSYoungGen: 85216K->384K(85504K)] 274148K->189316K(280064K), 0.0024691 secs] [Times: user=0.02 sys=0.00, real=0.00 secs] 
2021-08-19T21:33:28.923+0800: 104696.521: [GC (Allocation Failure) [PSYoungGen: 84352K->352K(85504K)] 273284K->189284K(280064K), 0.0021427 secs] [Times: user=0.02 sys=0.00, real=0.00 secs] 
2021-08-19T21:33:58.883+0800: 104726.481: [GC (Allocation Failure) [PSYoungGen: 84320K->1024K(84480K)] 273252K->189964K(279040K), 0.0020997 secs] [Times: user=0.02 sys=0.00, real=0.00 secs] 
2021-08-19T21:34:28.391+0800: 104755.988: [GC (Allocation Failure) [PSYoungGen: 83968K->352K(84992K)] 272908K->189292K(279552K), 0.0020201 secs] [Times: user=0.02 sys=0.00, real=0.00 secs] 
2021-08-19T21:34:54.925+0800: 104782.522: [GC (Allocation Failure) [PSYoungGen: 83296K->352K(85504K)] 272236K->189292K(280064K), 0.0021667 secs] [Times: user=0.01 sys=0.00, real=0.00 secs] 
2021-08-19T21:35:18.894+0800: 104806.492: [GC (Allocation Failure) [PSYoungGen: 84320K->1024K(84992K)] 273260K->189964K(279552K), 0.0021164 secs] [Times: user=0.02 sys=0.00, real=0.00 secs] 
2021-08-19T21:35:48.886+0800: 104836.484: [GC (Allocation Failure) [PSYoungGen: 84992K->1008K(84992K)] 273932K->189948K(279552K), 0.0029377 secs] [Times: user=0.02 sys=0.00, real=0.00 secs] 
2021-08-19T21:36:13.427+0800: 104861.025: [GC (Allocation Failure) [PSYoungGen: 83952K->432K(84992K)] 272892K->189372K(279552K), 0.0024294 secs] [Times: user=0.01 sys=0.00, real=0.00 secs] 
2021-08-19T21:36:37.428+0800: 104885.026: [GC (Allocation Failure) [PSYoungGen: 83376K->624K(85504K)] 272316K->189564K(280064K), 0.0020689 secs] [Times: user=0.01 sys=0.00, real=0.00 secs] 
2021-08-19T21:36:58.883+0800: 104906.481: [GC (Allocation Failure) [PSYoungGen: 84080K->1520K(84992K)] 273020K->190468K(279552K), 0.0024253 secs] [Times: user=0.01 sys=0.00, real=0.00 secs] 
2021-08-19T21:37:18.892+0800: 104926.490: [GC (Allocation Failure) [PSYoungGen: 84976K->1328K(84992K)] 273924K->190276K(279552K), 0.0024365 secs] [Times: user=0.02 sys=0.01, real=0.00 secs] 
2021-08-19T21:37:39.430+0800: 104947.028: [GC (Allocation Failure) [PSYoungGen: 84272K->912K(84992K)] 273220K->189860K(279552K), 0.0021449 secs] [Times: user=0.01 sys=0.00, real=0.00 secs] 
2021-08-19T21:38:03.582+0800: 104971.180: [GC (Allocation Failure) [PSYoungGen: 83856K->1040K(84992K)] 272804K->189988K(279552K), 0.0021423 secs] [Times: user=0.01 sys=0.00, real=0.00 secs] 
2021-08-19T21:38:27.768+0800: 104995.366: [GC (Allocation Failure) [PSYoungGen: 83984K->1104K(84992K)] 272932K->190060K(279552K), 0.0020279 secs] [Times: user=0.02 sys=0.00, real=0.00 secs] 
2021-08-19T21:38:48.883+0800: 105016.481: [GC (Allocation Failure) [PSYoungGen: 84048K->2000K(83968K)] 273004K->190956K(278528K), 0.0026243 secs] [Times: user=0.02 sys=0.00, real=0.00 secs] 
2021-08-19T21:39:08.890+0800: 105036.488: [GC (Allocation Failure) [PSYoungGen: 83920K->1568K(84480K)] 272876K->190540K(279040K), 0.0021512 secs] [Times: user=0.02 sys=0.00, real=0.01 secs] 
2021-08-19T21:39:28.932+0800: 105056.530: [GC (Allocation Failure) [PSYoungGen: 83488K->1024K(84480K)] 272460K->190012K(279040K), 0.0021477 secs] [Times: user=0.02 sys=0.00, real=0.00 secs] 
2021-08-19T21:39:52.583+0800: 105080.181: [GC (Allocation Failure) [PSYoungGen: 82944K->1024K(84480K)] 271932K->190028K(279040K), 0.0020511 secs] [Times: user=0.01 sys=0.00, real=0.00 secs] 
2021-08-19T21:40:16.433+0800: 105104.031: [GC (Allocation Failure) [PSYoungGen: 82944K->992K(84992K)] 271948K->189996K(279552K), 0.0021488 secs] [Times: user=0.01 sys=0.00, real=0.00 secs] 
2021-08-19T21:40:38.880+0800: 105126.477: [GC (Allocation Failure) [PSYoungGen: 83936K->1296K(84992K)] 272940K->190308K(279552K), 0.0024737 secs] [Times: user=0.01 sys=0.00, real=0.01 secs] 
2021-08-19T21:40:58.889+0800: 105146.487: [GC (Allocation Failure) [PSYoungGen: 84240K->1408K(84992K)] 273252K->190460K(279552K), 0.0020866 secs] [Times: user=0.01 sys=0.00, real=0.01 secs] 
2021-08-19T21:41:18.897+0800: 105166.495: [GC (Allocation Failure) [PSYoungGen: 84352K->1696K(84992K)] 273404K->190852K(279552K), 0.0024036 secs] [Times: user=0.02 sys=0.00, real=0.00 secs] 
2021-08-19T21:41:42.586+0800: 105190.183: [GC (Allocation Failure) [PSYoungGen: 84640K->896K(84992K)] 273796K->190172K(279552K), 0.0021950 secs] [Times: user=0.02 sys=0.00, real=0.00 secs] 
2021-08-19T21:42:06.935+0800: 105214.532: [GC (Allocation Failure) [PSYoungGen: 83840K->752K(84992K)] 273116K->190260K(279552K), 0.0020123 secs] [Times: user=0.01 sys=0.00, real=0.00 secs] 
2021-08-19T21:42:28.885+0800: 105236.483: [GC (Allocation Failure) [PSYoungGen: 83696K->1440K(84992K)] 273204K->191084K(279552K), 0.0022215 secs] [Times: user=0.02 sys=0.00, real=0.00 secs] 
2021-08-19T21:42:48.893+0800: 105256.491: [GC (Allocation Failure) [PSYoungGen: 84384K->1008K(84992K)] 274028K->190788K(279552K), 0.0022550 secs] [Times: user=0.02 sys=0.00, real=0.00 secs] 
2021-08-19T21:43:08.937+0800: 105276.534: [GC (Allocation Failure) [PSYoungGen: 83952K->448K(84992K)] 273732K->190444K(279552K), 0.0024711 secs] [Times: user=0.02 sys=0.00, real=0.00 secs] 
2021-08-19T21:43:33.588+0800: 105301.185: [GC (Allocation Failure) [PSYoungGen: 83392K->384K(84992K)] 273388K->190588K(279552K), 0.0023467 secs] [Times: user=0.01 sys=0.00, real=0.01 secs] 
2021-08-19T21:43:57.937+0800: 105325.535: [GC (Allocation Failure) [PSYoungGen: 83328K->352K(84992K)] 273532K->190580K(279552K), 0.0019284 secs] [Times: user=0.01 sys=0.00, real=0.00 secs] 
2021-08-19T21:44:18.888+0800: 105346.486: [GC (Allocation Failure) [PSYoungGen: 83296K->1184K(84992K)] 273524K->191428K(279552K), 0.0021565 secs] [Times: user=0.02 sys=0.00, real=0.01 secs] 
2021-08-19T21:44:38.898+0800: 105366.495: [GC (Allocation Failure) [PSYoungGen: 84128K->992K(84992K)] 274372K->191236K(279552K), 0.0024829 secs] [Times: user=0.02 sys=0.00, real=0.01 secs] 
2021-08-19T21:45:00.437+0800: 105388.035: [GC (Allocation Failure) [PSYoungGen: 83936K->416K(84992K)] 274180K->190660K(279552K), 0.0019369 secs] [Times: user=0.02 sys=0.00, real=0.00 secs] 
2021-08-19T21:45:24.590+0800: 105412.188: [GC (Allocation Failure) [PSYoungGen: 83360K->352K(84992K)] 273604K->190596K(279552K), 0.0019915 secs] [Times: user=0.01 sys=0.00, real=0.00 secs] 
2021-08-19T21:45:48.883+0800: 105436.480: [GC (Allocation Failure) [PSYoungGen: 83296K->512K(84992K)] 273540K->190764K(279552K), 0.0019471 secs] [Times: user=0.01 sys=0.00, real=0.00 secs] 
2021-08-19T21:46:08.890+0800: 105456.488: [GC (Allocation Failure) [PSYoungGen: 83456K->1248K(84992K)] 273708K->191500K(279552K), 0.0021859 secs] [Times: user=0.01 sys=0.00, real=0.01 secs] 
2021-08-19T21:46:28.899+0800: 105476.497: [GC (Allocation Failure) [PSYoungGen: 84192K->1088K(84992K)] 274444K->191340K(279552K), 0.0020750 secs] [Times: user=0.02 sys=0.00, real=0.01 secs] 
2021-08-19T21:46:50.938+0800: 105498.536: [GC (Allocation Failure) [PSYoungGen: 84032K->320K(84992K)] 274284K->190580K(279552K), 0.0019278 secs] [Times: user=0.01 sys=0.00, real=0.00 secs] 
2021-08-19T21:47:15.439+0800: 105523.036: [GC (Allocation Failure) [PSYoungGen: 83264K->416K(84992K)] 273524K->190676K(279552K), 0.0021622 secs] [Times: user=0.01 sys=0.00, real=0.01 secs] 
2021-08-19T21:47:38.884+0800: 105546.482: [GC (Allocation Failure) [PSYoungGen: 83360K->672K(84992K)] 273620K->190932K(279552K), 0.0022216 secs] [Times: user=0.02 sys=0.00, real=0.00 secs] 
2021-08-19T21:47:58.892+0800: 105566.490: [GC (Allocation Failure) [PSYoungGen: 83616K->896K(84992K)] 273876K->191156K(279552K), 0.0021605 secs] [Times: user=0.02 sys=0.00, real=0.00 secs] 
2021-08-19T21:48:18.902+0800: 105586.500: [GC (Allocation Failure) [PSYoungGen: 83840K->1280K(84992K)] 274100K->191572K(279552K), 0.0022277 secs] [Times: user=0.02 sys=0.00, real=0.00 secs] 
2021-08-19T21:48:41.441+0800: 105609.039: [GC (Allocation Failure) [PSYoungGen: 84224K->320K(84992K)] 274516K->190612K(279552K), 0.0020075 secs] [Times: user=0.02 sys=0.00, real=0.00 secs] 
2021-08-19T21:49:06.005+0800: 105633.603: [GC (Allocation Failure) [PSYoungGen: 83264K->384K(84992K)] 273556K->190676K(279552K), 0.0022379 secs] [Times: user=0.02 sys=0.00, real=0.00 secs] 
2021-08-19T21:49:28.887+0800: 105656.485: [GC (Allocation Failure) [PSYoungGen: 83328K->448K(84992K)] 273620K->190748K(279552K), 0.0020603 secs] [Times: user=0.01 sys=0.00, real=0.00 secs] 
2021-08-19T21:49:48.896+0800: 105676.493: [GC (Allocation Failure) [PSYoungGen: 83392K->640K(84992K)] 273692K->190940K(279552K), 0.0020083 secs] [Times: user=0.01 sys=0.00, real=0.00 secs] 
2021-08-19T21:50:08.904+0800: 105696.502: [GC (Allocation Failure) [PSYoungGen: 83584K->896K(84992K)] 273884K->191196K(279552K), 0.0023220 secs] [Times: user=0.02 sys=0.00, real=0.00 secs] 
2021-08-19T21:50:33.006+0800: 105720.604: [GC (Allocation Failure) [PSYoungGen: 83840K->352K(84992K)] 274140K->190652K(279552K), 0.0022655 secs] [Times: user=0.02 sys=0.00, real=0.00 secs] 
2021-08-19T21:50:57.594+0800: 105745.191: [GC (Allocation Failure) [PSYoungGen: 83296K->288K(84992K)] 273596K->190588K(279552K), 0.0020823 secs] [Times: user=0.01 sys=0.00, real=0.00 secs] 
2021-08-19T21:51:18.891+0800: 105766.489: [GC (Allocation Failure) [PSYoungGen: 83232K->1120K(84992K)] 273532K->191420K(279552K), 0.0021597 secs] [Times: user=0.02 sys=0.00, real=0.00 secs] 
2021-08-19T21:51:38.899+0800: 105786.497: [GC (Allocation Failure) [PSYoungGen: 84064K->832K(84992K)] 274364K->191132K(279552K), 0.0020275 secs] [Times: user=0.01 sys=0.00, real=0.01 secs] 
2021-08-19T21:52:00.032+0800: 105807.630: [GC (Allocation Failure) [PSYoungGen: 83776K->352K(84992K)] 274076K->190652K(279552K), 0.0021671 secs] [Times: user=0.02 sys=0.00, real=0.00 secs] 
2021-08-19T21:52:24.443+0800: 105832.041: [GC (Allocation Failure) [PSYoungGen: 83296K->384K(84992K)] 273596K->190692K(279552K), 0.0020406 secs] [Times: user=0.02 sys=0.00, real=0.00 secs] 
2021-08-19T21:52:48.885+0800: 105856.483: [GC (Allocation Failure) [PSYoungGen: 83328K->544K(85504K)] 273636K->190852K(280064K), 0.0026343 secs] [Times: user=0.01 sys=0.00, real=0.00 secs] 
2021-08-19T21:53:08.894+0800: 105876.492: [GC (Allocation Failure) [PSYoungGen: 84512K->1024K(85504K)] 274820K->191364K(280064K), 0.0024002 secs] [Times: user=0.01 sys=0.00, real=0.00 secs] 
2021-08-19T21:53:28.905+0800: 105896.502: [GC (Allocation Failure) [PSYoungGen: 84992K->1408K(84480K)] 275332K->191748K(279040K), 0.0021689 secs] [Times: user=0.01 sys=0.00, real=0.00 secs] 
2021-08-19T21:53:52.940+0800: 105920.538: [GC (Allocation Failure) [PSYoungGen: 84352K->352K(84992K)] 274692K->190692K(279552K), 0.0020548 secs] [Times: user=0.01 sys=0.00, real=0.00 secs] 
2021-08-19T21:54:17.443+0800: 105945.040: [GC (Allocation Failure) [PSYoungGen: 83296K->384K(84992K)] 273636K->190724K(279552K), 0.0020035 secs] [Times: user=0.02 sys=0.00, real=0.00 secs] 
2021-08-19T21:54:38.891+0800: 105966.488: [GC (Allocation Failure) [PSYoungGen: 83328K->1120K(84992K)] 273668K->191468K(279552K), 0.0023246 secs] [Times: user=0.02 sys=0.00, real=0.00 secs] 
2021-08-19T21:54:58.899+0800: 105986.497: [GC (Allocation Failure) [PSYoungGen: 84064K->544K(84992K)] 274412K->190900K(279552K), 0.0021446 secs] [Times: user=0.01 sys=0.00, real=0.01 secs] 
2021-08-19T21:55:19.443+0800: 106007.041: [GC (Allocation Failure) [PSYoungGen: 83488K->320K(84992K)] 273844K->190676K(279552K), 0.0021305 secs] [Times: user=0.02 sys=0.00, real=0.00 secs] 
2021-08-19T21:55:43.944+0800: 106031.541: [GC (Allocation Failure) [PSYoungGen: 83264K->352K(84992K)] 273620K->190708K(279552K), 0.0023995 secs] [Times: user=0.02 sys=0.00, real=0.00 secs] 
2021-08-19T21:56:08.883+0800: 106056.481: [GC (Allocation Failure) [PSYoungGen: 83296K->352K(84992K)] 273652K->190708K(279552K), 0.0021547 secs] [Times: user=0.02 sys=0.00, real=0.00 secs] 
2021-08-19T21:56:28.893+0800: 106076.491: [GC (Allocation Failure) [PSYoungGen: 83296K->1312K(84480K)] 273652K->191676K(279040K), 0.0021154 secs] [Times: user=0.01 sys=0.00, real=0.00 secs] 
2021-08-19T21:56:48.903+0800: 106096.501: [GC (Allocation Failure) [PSYoungGen: 84256K->1152K(84992K)] 274620K->191516K(279552K), 0.0021988 secs] [Times: user=0.01 sys=0.00, real=0.00 secs] 
2021-08-19T21:57:11.444+0800: 106119.042: [GC (Allocation Failure) [PSYoungGen: 84096K->384K(84992K)] 274460K->190748K(279552K), 0.0020512 secs] [Times: user=0.02 sys=0.00, real=0.00 secs] 
2021-08-19T21:57:35.946+0800: 106143.543: [GC (Allocation Failure) [PSYoungGen: 83328K->416K(84992K)] 273692K->190788K(279552K), 0.0019171 secs] [Times: user=0.01 sys=0.00, real=0.00 secs] 
2021-08-19T21:57:58.888+0800: 106166.486: [GC (Allocation Failure) [PSYoungGen: 83360K->736K(84992K)] 273732K->191108K(279552K), 0.0019767 secs] [Times: user=0.02 sys=0.00, real=0.01 secs] 
2021-08-19T21:58:18.899+0800: 106186.496: [GC (Allocation Failure) [PSYoungGen: 83680K->640K(84992K)] 274052K->191012K(279552K), 0.0026142 secs] [Times: user=0.02 sys=0.00, real=0.01 secs] 
2021-08-19T21:58:38.945+0800: 106206.543: [GC (Allocation Failure) [PSYoungGen: 83584K->384K(85504K)] 273956K->190756K(280064K), 0.0022010 secs] [Times: user=0.02 sys=0.00, real=0.00 secs] 
2021-08-19T21:59:03.947+0800: 106231.544: [GC (Allocation Failure) [PSYoungGen: 84352K->384K(85504K)] 274724K->190756K(280064K), 0.0021671 secs] [Times: user=0.01 sys=0.00, real=0.00 secs] 
2021-08-19T21:59:28.887+0800: 106256.484: [GC (Allocation Failure) [PSYoungGen: 84352K->640K(85504K)] 274724K->191012K(280064K), 0.0021959 secs] [Times: user=0.01 sys=0.00, real=0.00 secs] 
2021-08-19T21:59:48.897+0800: 106276.495: [GC (Allocation Failure) [PSYoungGen: 84608K->608K(85504K)] 274980K->190980K(280064K), 0.0021563 secs] [Times: user=0.02 sys=0.00, real=0.00 secs] 
2021-08-19T22:00:08.945+0800: 106296.543: [GC (Allocation Failure) [PSYoungGen: 84576K->384K(85504K)] 274948K->190764K(280064K), 0.0020923 secs] [Times: user=0.01 sys=0.00, real=0.00 secs] 
2021-08-19T22:00:33.946+0800: 106321.544: [GC (Allocation Failure) [PSYoungGen: 84352K->416K(85504K)] 274732K->190796K(280064K), 0.0020025 secs] [Times: user=0.01 sys=0.00, real=0.00 secs] 
2021-08-19T22:00:58.887+0800: 106346.484: [GC (Allocation Failure) [PSYoungGen: 84384K->640K(85504K)] 274764K->191028K(280064K), 0.0024245 secs] [Times: user=0.02 sys=0.00, real=0.00 secs] 
2021-08-19T22:01:18.900+0800: 106366.498: [GC (Allocation Failure) [PSYoungGen: 84608K->416K(85504K)] 274996K->190804K(280064K), 0.0022799 secs] [Times: user=0.01 sys=0.01, real=0.01 secs] 
2021-08-19T22:01:38.906+0800: 106386.504: [GC (Allocation Failure) [PSYoungGen: 84384K->864K(85504K)] 274772K->191252K(280064K), 0.0023333 secs] [Times: user=0.01 sys=0.00, real=0.00 secs] 
2021-08-19T22:02:03.897+0800: 106411.495: [GC (Allocation Failure) [PSYoungGen: 84832K->352K(85504K)] 275220K->190740K(280064K), 0.0019777 secs] [Times: user=0.01 sys=0.00, real=0.00 secs] 
2021-08-19T22:02:28.598+0800: 106436.196: [GC (Allocation Failure) [PSYoungGen: 84320K->384K(85504K)] 274708K->190772K(280064K), 0.0019986 secs] [Times: user=0.02 sys=0.00, real=0.01 secs] 
2021-08-19T22:02:48.895+0800: 106456.492: [GC (Allocation Failure) [PSYoungGen: 84352K->1344K(85504K)] 274740K->191732K(280064K), 0.0022857 secs] [Times: user=0.02 sys=0.00, real=0.00 secs] 
2021-08-19T22:03:08.911+0800: 106476.509: [GC (Allocation Failure) [PSYoungGen: 85312K->1248K(84480K)] 275700K->191644K(279040K), 0.0021731 secs] [Times: user=0.02 sys=0.00, real=0.00 secs] 
2021-08-19T22:03:32.448+0800: 106500.046: [GC (Allocation Failure) [PSYoungGen: 84192K->416K(84992K)] 274588K->190812K(279552K), 0.0019952 secs] [Times: user=0.01 sys=0.00, real=0.01 secs] 
2021-08-19T22:03:56.599+0800: 106524.196: [GC (Allocation Failure) [PSYoungGen: 83360K->416K(85504K)] 273756K->190812K(280064K), 0.0022843 secs] [Times: user=0.02 sys=0.00, real=0.01 secs] 
2021-08-19T22:04:18.894+0800: 106546.492: [GC (Allocation Failure) [PSYoungGen: 84384K->1120K(85504K)] 274780K->191516K(280064K), 0.0021321 secs] [Times: user=0.02 sys=0.00, real=0.00 secs] 
2021-08-19T22:04:38.910+0800: 106566.508: [GC (Allocation Failure) [PSYoungGen: 85088K->1024K(84480K)] 275484K->191420K(279040K), 0.0025998 secs] [Times: user=0.02 sys=0.00, real=0.01 secs] 
2021-08-19T22:05:00.448+0800: 106588.046: [GC (Allocation Failure) [PSYoungGen: 83968K->384K(84992K)] 274364K->190780K(279552K), 0.0022223 secs] [Times: user=0.01 sys=0.00, real=0.01 secs] 
2021-08-19T22:05:24.948+0800: 106612.546: [GC (Allocation Failure) [PSYoungGen: 83328K->384K(85504K)] 273724K->190780K(280064K), 0.0021231 secs] [Times: user=0.02 sys=0.00, real=0.01 secs] 
2021-08-19T22:05:48.890+0800: 106636.487: [GC (Allocation Failure) [PSYoungGen: 83840K->848K(84992K)] 274236K->191252K(279552K), 0.0027697 secs] [Times: user=0.02 sys=0.00, real=0.01 secs] 
2021-08-19T22:06:08.899+0800: 106656.497: [GC (Allocation Failure) [PSYoungGen: 84304K->592K(85504K)] 274708K->190996K(280064K), 0.0019808 secs] [Times: user=0.02 sys=0.00, real=0.01 secs] 
2021-08-19T22:06:28.909+0800: 106676.507: [GC (Allocation Failure) [PSYoungGen: 84560K->1136K(85504K)] 274964K->191540K(280064K), 0.0022775 secs] [Times: user=0.01 sys=0.00, real=0.01 secs] 
2021-08-19T22:06:53.446+0800: 106701.044: [GC (Allocation Failure) [PSYoungGen: 85104K->720K(85504K)] 275508K->191125K(280064K), 0.0021574 secs] [Times: user=0.01 sys=0.00, real=0.00 secs] 
2021-08-19T22:07:17.947+0800: 106725.545: [GC (Allocation Failure) [PSYoungGen: 84688K->880K(85504K)] 275093K->191285K(280064K), 0.0023895 secs] [Times: user=0.02 sys=0.00, real=0.00 secs] 
2021-08-19T22:07:38.899+0800: 106746.497: [GC (Allocation Failure) [PSYoungGen: 84848K->1504K(84480K)] 275253K->192261K(279040K), 0.0034000 secs] [Times: user=0.02 sys=0.01, real=0.01 secs] 
2021-08-19T22:07:58.908+0800: 106766.506: [GC (Allocation Failure) [PSYoungGen: 84448K->1968K(84992K)] 275205K->192733K(279552K), 0.0022833 secs] [Times: user=0.02 sys=0.00, real=0.01 secs] 
2021-08-19T22:08:20.944+0800: 106788.541: [GC (Allocation Failure) [PSYoungGen: 84912K->1056K(84992K)] 275677K->191821K(279552K), 0.0025804 secs] [Times: user=0.01 sys=0.00, real=0.00 secs] 
2021-08-19T22:08:45.443+0800: 106813.041: [GC (Allocation Failure) [PSYoungGen: 84000K->1056K(84992K)] 274765K->191821K(279552K), 0.0020502 secs] [Times: user=0.02 sys=0.00, real=0.00 secs] 
2021-08-19T22:09:08.894+0800: 106836.492: [GC (Allocation Failure) [PSYoungGen: 84000K->1488K(83968K)] 274765K->192253K(278528K), 0.0021661 secs] [Times: user=0.01 sys=0.00, real=0.00 secs] 
2021-08-19T22:09:28.903+0800: 106856.500: [GC (Allocation Failure) [PSYoungGen: 83408K->1776K(84480K)] 274173K->192541K(279040K), 0.0022390 secs] [Times: user=0.02 sys=0.00, real=0.00 secs] 
2021-08-19T22:09:48.910+0800: 106876.507: [GC (Allocation Failure) [PSYoungGen: 83696K->2000K(84480K)] 274461K->192765K(279040K), 0.0024713 secs] [Times: user=0.02 sys=0.00, real=0.01 secs] 
2021-08-19T22:10:10.943+0800: 106898.540: [GC (Allocation Failure) [PSYoungGen: 83920K->1072K(84480K)] 274685K->191837K(279040K), 0.0022531 secs] [Times: user=0.02 sys=0.00, real=0.00 secs] 
2021-08-19T22:10:34.942+0800: 106922.540: [GC (Allocation Failure) [PSYoungGen: 82992K->1072K(84480K)] 273757K->191837K(279040K), 0.0021873 secs] [Times: user=0.01 sys=0.00, real=0.00 secs] 
2021-08-19T22:10:58.892+0800: 106946.490: [GC (Allocation Failure) [PSYoungGen: 82992K->1248K(84480K)] 273757K->192157K(279040K), 0.0022312 secs] [Times: user=0.02 sys=0.00, real=0.00 secs] 
2021-08-19T22:11:18.899+0800: 106966.497: [GC (Allocation Failure) [PSYoungGen: 83168K->1984K(84480K)] 274077K->193029K(279040K), 0.0023423 secs] [Times: user=0.02 sys=0.00, real=0.01 secs] 
2021-08-19T22:11:38.908+0800: 106986.506: [GC (Allocation Failure) [PSYoungGen: 83904K->1552K(84480K)] 274949K->192821K(279040K), 0.0022467 secs] [Times: user=0.02 sys=0.00, real=0.01 secs] 
2021-08-19T22:11:59.941+0800: 107007.539: [GC (Allocation Failure) [PSYoungGen: 83472K->720K(84480K)] 274741K->191989K(279040K), 0.0020072 secs] [Times: user=0.01 sys=0.00, real=0.00 secs] 
2021-08-19T22:12:24.225+0800: 107031.823: [GC (Allocation Failure) [PSYoungGen: 82640K->640K(84480K)] 273909K->192125K(279040K), 0.0022480 secs] [Times: user=0.02 sys=0.00, real=0.00 secs] 
2021-08-19T22:12:47.768+0800: 107055.366: [GC (Allocation Failure) [PSYoungGen: 82560K->448K(84480K)] 274045K->192149K(279040K), 0.0020273 secs] [Times: user=0.01 sys=0.00, real=0.00 secs] 
2021-08-19T22:13:08.899+0800: 107076.497: [GC (Allocation Failure) [PSYoungGen: 82368K->1136K(84480K)] 274069K->192997K(279040K), 0.0021557 secs] [Times: user=0.01 sys=0.01, real=0.01 secs] 
2021-08-19T22:13:28.906+0800: 107096.504: [GC (Allocation Failure) [PSYoungGen: 83056K->736K(84480K)] 274917K->192701K(279040K), 0.0027739 secs] [Times: user=0.01 sys=0.00, real=0.00 secs] 
2021-08-19T22:13:48.914+0800: 107116.512: [GC (Allocation Failure) [PSYoungGen: 82656K->1024K(84480K)] 274621K->192989K(279040K), 0.0027739 secs] [Times: user=0.02 sys=0.00, real=0.00 secs] 
2021-08-19T22:14:12.939+0800: 107140.537: [GC (Allocation Failure) [PSYoungGen: 82944K->384K(84480K)] 274909K->192349K(279040K), 0.0019603 secs] [Times: user=0.01 sys=0.00, real=0.01 secs] 
2021-08-19T22:14:36.881+0800: 107164.479: [GC (Allocation Failure) [PSYoungGen: 82304K->320K(84480K)] 274269K->192325K(279040K), 0.0023557 secs] [Times: user=0.02 sys=0.00, real=0.00 secs] 
2021-08-19T22:14:58.898+0800: 107186.496: [GC (Allocation Failure) [PSYoungGen: 82240K->480K(84480K)] 274245K->192485K(279040K), 0.0024692 secs] [Times: user=0.01 sys=0.00, real=0.01 secs] 
2021-08-19T22:15:18.907+0800: 107206.505: [GC (Allocation Failure) [PSYoungGen: 82400K->576K(84480K)] 274405K->192581K(279040K), 0.0022794 secs] [Times: user=0.01 sys=0.00, real=0.00 secs] 
2021-08-19T22:15:38.915+0800: 107226.512: [GC (Allocation Failure) [PSYoungGen: 82496K->1280K(84992K)] 274501K->193285K(279552K), 0.0027425 secs] [Times: user=0.02 sys=0.00, real=0.00 secs] 
2021-08-19T22:16:02.604+0800: 107250.201: [GC (Allocation Failure) [PSYoungGen: 84224K->384K(84992K)] 276229K->192389K(279552K), 0.0024068 secs] [Times: user=0.02 sys=0.00, real=0.00 secs] 
2021-08-19T22:16:26.938+0800: 107274.536: [GC (Allocation Failure) [PSYoungGen: 83328K->288K(84992K)] 275333K->192301K(279552K), 0.0030651 secs] [Times: user=0.02 sys=0.00, real=0.01 secs] 
2021-08-19T22:16:48.900+0800: 107296.498: [GC (Allocation Failure) [PSYoungGen: 83232K->1056K(84992K)] 275245K->193069K(279552K), 0.0021392 secs] [Times: user=0.02 sys=0.00, real=0.01 secs] 
2021-08-19T22:17:08.909+0800: 107316.506: [GC (Allocation Failure) [PSYoungGen: 84000K->800K(84992K)] 276013K->192813K(279552K), 0.0021623 secs] [Times: user=0.01 sys=0.00, real=0.01 secs] 
2021-08-19T22:17:29.605+0800: 107337.203: [GC (Allocation Failure) [PSYoungGen: 83744K->384K(84992K)] 275757K->192429K(279552K), 0.0021001 secs] [Times: user=0.02 sys=0.00, real=0.00 secs] 
2021-08-19T22:17:54.436+0800: 107362.034: [GC (Allocation Failure) [PSYoungGen: 83328K->384K(84992K)] 275373K->192429K(279552K), 0.0020802 secs] [Times: user=0.02 sys=0.00, real=0.00 secs] 
2021-08-19T22:18:18.896+0800: 107386.494: [GC (Allocation Failure) [PSYoungGen: 83328K->640K(84992K)] 275373K->192685K(279552K), 0.0025540 secs] [Times: user=0.02 sys=0.00, real=0.00 secs] 
2021-08-19T22:18:38.905+0800: 107406.502: [GC (Allocation Failure) [PSYoungGen: 83584K->1280K(84992K)] 275629K->193325K(279552K), 0.0021812 secs] [Times: user=0.02 sys=0.00, real=0.00 secs] 
2021-08-19T22:18:58.914+0800: 107426.512: [GC (Allocation Failure) [PSYoungGen: 84224K->1152K(84992K)] 276269K->193205K(279552K), 0.0026640 secs] [Times: user=0.02 sys=0.00, real=0.00 secs] 
2021-08-19T22:19:21.436+0800: 107449.034: [GC (Allocation Failure) [PSYoungGen: 84096K->320K(84992K)] 276149K->192373K(279552K), 0.0021539 secs] [Times: user=0.01 sys=0.00, real=0.00 secs] 
2021-08-19T22:19:45.937+0800: 107473.534: [GC (Allocation Failure) [PSYoungGen: 83264K->384K(84992K)] 275317K->192437K(279552K), 0.0021113 secs] [Times: user=0.01 sys=0.00, real=0.00 secs] 
2021-08-19T22:20:08.899+0800: 107496.497: [GC (Allocation Failure) [PSYoungGen: 83328K->512K(84992K)] 275381K->192565K(279552K), 0.0021581 secs] [Times: user=0.02 sys=0.00, real=0.01 secs] 
2021-08-19T22:20:28.910+0800: 107516.507: [GC (Allocation Failure) [PSYoungGen: 83456K->768K(84992K)] 275509K->192821K(279552K), 0.0020591 secs] [Times: user=0.02 sys=0.00, real=0.01 secs] 
2021-08-19T22:20:48.918+0800: 107536.516: [GC (Allocation Failure) [PSYoungGen: 83712K->416K(84992K)] 275765K->192477K(279552K), 0.0024642 secs] [Times: user=0.02 sys=0.00, real=0.01 secs] 
2021-08-19T22:21:13.436+0800: 107561.034: [GC (Allocation Failure) [PSYoungGen: 83360K->384K(84992K)] 275421K->192445K(279552K), 0.0020991 secs] [Times: user=0.02 sys=0.00, real=0.00 secs] 
2021-08-19T22:21:37.936+0800: 107585.534: [GC (Allocation Failure) [PSYoungGen: 83328K->320K(85504K)] 275389K->192389K(280064K), 0.0023882 secs] [Times: user=0.01 sys=0.00, real=0.00 secs] 
2021-08-19T22:21:58.906+0800: 107606.504: [GC (Allocation Failure) [PSYoungGen: 83776K->1152K(84992K)] 275845K->193221K(279552K), 0.0023986 secs] [Times: user=0.01 sys=0.00, real=0.00 secs] 
2021-08-19T22:22:18.916+0800: 107626.514: [GC (Allocation Failure) [PSYoungGen: 84608K->1184K(84992K)] 276677K->193253K(279552K), 0.0021955 secs] [Times: user=0.01 sys=0.00, real=0.00 secs] 
2021-08-19T22:22:41.435+0800: 107649.033: [GC (Allocation Failure) [PSYoungGen: 84128K->416K(84992K)] 276197K->192485K(279552K), 0.0020599 secs] [Times: user=0.02 sys=0.00, real=0.00 secs] 
2021-08-19T22:23:05.935+0800: 107673.533: [GC (Allocation Failure) [PSYoungGen: 83360K->416K(84992K)] 275429K->192485K(279552K), 0.0021169 secs] [Times: user=0.02 sys=0.00, real=0.00 secs] 
2021-08-19T22:23:28.903+0800: 107696.501: [GC (Allocation Failure) [PSYoungGen: 83360K->704K(84992K)] 275429K->192773K(279552K), 0.0025577 secs] [Times: user=0.02 sys=0.00, real=0.00 secs] 
2021-08-19T22:23:48.912+0800: 107716.510: [GC (Allocation Failure) [PSYoungGen: 83648K->640K(85504K)] 275717K->192709K(280064K), 0.0021773 secs] [Times: user=0.02 sys=0.00, real=0.00 secs] 
2021-08-19T22:24:08.934+0800: 107736.531: [GC (Allocation Failure) [PSYoungGen: 84096K->384K(84992K)] 276165K->192461K(279552K), 0.0021447 secs] [Times: user=0.01 sys=0.00, real=0.00 secs] 
2021-08-19T22:24:33.435+0800: 107761.033: [GC (Allocation Failure) [PSYoungGen: 83840K->352K(85504K)] 275917K->192429K(280064K), 0.0022261 secs] [Times: user=0.02 sys=0.00, real=0.00 secs] 
2021-08-19T22:24:58.900+0800: 107786.497: [GC (Allocation Failure) [PSYoungGen: 84320K->416K(85504K)] 276397K->192493K(280064K), 0.0020403 secs] [Times: user=0.01 sys=0.00, real=0.01 secs] 
2021-08-19T22:25:18.911+0800: 107806.508: [GC (Allocation Failure) [PSYoungGen: 84384K->896K(85504K)] 276461K->192973K(280064K), 0.0023147 secs] [Times: user=0.02 sys=0.00, real=0.00 secs] 
2021-08-19T22:25:38.927+0800: 107826.525: [GC (Allocation Failure) [PSYoungGen: 84864K->832K(85504K)] 276941K->192909K(280064K), 0.0020707 secs] [Times: user=0.02 sys=0.00, real=0.00 secs] 
2021-08-19T22:26:03.361+0800: 107850.959: [GC (Allocation Failure) [PSYoungGen: 84800K->384K(85504K)] 276877K->192461K(280064K), 0.0022012 secs] [Times: user=0.01 sys=0.00, real=0.00 secs] 
2021-08-19T22:26:28.611+0800: 107876.208: [GC (Allocation Failure) [PSYoungGen: 84352K->384K(85504K)] 276429K->192461K(280064K), 0.0023103 secs] [Times: user=0.02 sys=0.00, real=0.00 secs] 
2021-08-19T22:26:48.911+0800: 107896.509: [GC (Allocation Failure) [PSYoungGen: 84352K->1248K(85504K)] 276429K->193325K(280064K), 0.0023696 secs] [Times: user=0.02 sys=0.00, real=0.00 secs] 
2021-08-19T22:27:08.921+0800: 107916.519: [GC (Allocation Failure) [PSYoungGen: 85216K->1216K(85504K)] 277293K->193301K(280064K), 0.0022365 secs] [Times: user=0.02 sys=0.00, real=0.00 secs] 
2021-08-19T22:27:33.275+0800: 107940.873: [GC (Allocation Failure) [PSYoungGen: 85184K->320K(84480K)] 277269K->192405K(279040K), 0.0020701 secs] [Times: user=0.01 sys=0.00, real=0.00 secs] 
2021-08-19T22:27:57.434+0800: 107965.032: [GC (Allocation Failure) [PSYoungGen: 83264K->384K(84992K)] 275349K->192477K(279552K), 0.0022360 secs] [Times: user=0.02 sys=0.00, real=0.00 secs] 
2021-08-19T22:28:18.908+0800: 107986.506: [GC (Allocation Failure) [PSYoungGen: 83328K->1088K(84992K)] 275421K->193181K(279552K), 0.0021394 secs] [Times: user=0.01 sys=0.00, real=0.01 secs] 
2021-08-19T22:28:38.918+0800: 108006.516: [GC (Allocation Failure) [PSYoungGen: 84032K->800K(84992K)] 276125K->192893K(279552K), 0.0020770 secs] [Times: user=0.01 sys=0.00, real=0.01 secs] 
2021-08-19T22:28:59.934+0800: 108027.532: [GC (Allocation Failure) [PSYoungGen: 83744K->416K(85504K)] 275837K->192509K(280064K), 0.0024492 secs] [Times: user=0.02 sys=0.00, real=0.00 secs] 
2021-08-19T22:29:24.935+0800: 108052.532: [GC (Allocation Failure) [PSYoungGen: 83872K->320K(84992K)] 275965K->192413K(279552K), 0.0026186 secs] [Times: user=0.01 sys=0.00, real=0.00 secs] 
2021-08-19T22:29:48.906+0800: 108076.504: [GC (Allocation Failure) [PSYoungGen: 83776K->704K(85504K)] 275869K->192829K(280064K), 0.0021757 secs] [Times: user=0.02 sys=0.00, real=0.00 secs] 
2021-08-19T22:30:08.917+0800: 108096.514: [GC (Allocation Failure) [PSYoungGen: 84672K->672K(85504K)] 276797K->192797K(280064K), 0.0024051 secs] [Times: user=0.02 sys=0.00, real=0.00 secs] 
2021-08-19T22:30:28.932+0800: 108116.530: [GC (Allocation Failure) [PSYoungGen: 84640K->320K(85504K)] 276765K->192445K(280064K), 0.0020899 secs] [Times: user=0.02 sys=0.00, real=0.00 secs] 
2021-08-19T22:30:53.935+0800: 108141.533: [GC (Allocation Failure) [PSYoungGen: 84288K->416K(85504K)] 276413K->192541K(280064K), 0.0021739 secs] [Times: user=0.01 sys=0.00, real=0.00 secs] 
2021-08-19T22:31:18.904+0800: 108166.502: [GC (Allocation Failure) [PSYoungGen: 84384K->704K(85504K)] 276509K->192829K(280064K), 0.0020894 secs] [Times: user=0.01 sys=0.00, real=0.00 secs] 
2021-08-19T22:31:38.914+0800: 108186.512: [GC (Allocation Failure) [PSYoungGen: 84672K->320K(85504K)] 276797K->192445K(280064K), 0.0021482 secs] [Times: user=0.02 sys=0.00, real=0.00 secs] 
2021-08-19T22:31:58.924+0800: 108206.522: [GC (Allocation Failure) [PSYoungGen: 84288K->1024K(85504K)] 276413K->193149K(280064K), 0.0025691 secs] [Times: user=0.02 sys=0.00, real=0.00 secs] 
2021-08-19T22:32:23.614+0800: 108231.211: [GC (Allocation Failure) [PSYoungGen: 84992K->384K(85504K)] 277117K->192517K(280064K), 0.0019925 secs] [Times: user=0.02 sys=0.00, real=0.00 secs] 
2021-08-19T22:32:48.904+0800: 108256.502: [GC (Allocation Failure) [PSYoungGen: 84352K->416K(85504K)] 276485K->192549K(280064K), 0.0020269 secs] [Times: user=0.02 sys=0.00, real=0.00 secs] 
2021-08-19T22:33:08.914+0800: 108276.512: [GC (Allocation Failure) [PSYoungGen: 84384K->960K(85504K)] 276517K->193093K(280064K), 0.0022652 secs] [Times: user=0.02 sys=0.00, real=0.00 secs] 
2021-08-19T22:33:28.925+0800: 108296.522: [GC (Allocation Failure) [PSYoungGen: 84928K->864K(85504K)] 277061K->192997K(280064K), 0.0025248 secs] [Times: user=0.01 sys=0.00, real=0.00 secs] 
2021-08-19T22:33:53.434+0800: 108321.032: [GC (Allocation Failure) [PSYoungGen: 84832K->384K(85504K)] 276965K->192517K(280064K), 0.0024201 secs] [Times: user=0.01 sys=0.00, real=0.00 secs] 
2021-08-19T22:34:18.905+0800: 108346.503: [GC (Allocation Failure) [PSYoungGen: 84352K->352K(85504K)] 276485K->192485K(280064K), 0.0023954 secs] [Times: user=0.01 sys=0.00, real=0.00 secs] 
2021-08-19T22:34:38.914+0800: 108366.512: [GC (Allocation Failure) [PSYoungGen: 84320K->896K(85504K)] 276453K->193037K(280064K), 0.0022989 secs] [Times: user=0.01 sys=0.00, real=0.00 secs] 
2021-08-19T22:34:58.926+0800: 108386.523: [GC (Allocation Failure) [PSYoungGen: 84864K->1392K(84480K)] 277005K->193541K(279040K), 0.0029033 secs] [Times: user=0.02 sys=0.00, real=0.00 secs] 
2021-08-19T22:35:21.935+0800: 108409.533: [GC (Allocation Failure) [PSYoungGen: 84336K->448K(84992K)] 276485K->192597K(279552K), 0.0020644 secs] [Times: user=0.02 sys=0.00, real=0.00 secs] 
2021-08-19T22:35:46.433+0800: 108434.031: [GC (Allocation Failure) [PSYoungGen: 83392K->480K(85504K)] 275541K->192645K(280064K), 0.0020399 secs] [Times: user=0.02 sys=0.00, real=0.00 secs] 
2021-08-19T22:36:08.913+0800: 108456.510: [GC (Allocation Failure) [PSYoungGen: 84448K->1472K(85504K)] 276613K->193637K(280064K), 0.0022697 secs] [Times: user=0.01 sys=0.00, real=0.00 secs] 
2021-08-19T22:36:28.923+0800: 108476.521: [GC (Allocation Failure) [PSYoungGen: 85440K->1216K(84480K)] 277605K->193381K(279040K), 0.0025992 secs] [Times: user=0.02 sys=0.00, real=0.00 secs] 
2021-08-19T22:36:49.772+0800: 108497.370: [GC (Allocation Failure) [PSYoungGen: 84160K->816K(84992K)] 276325K->192989K(279552K), 0.0019423 secs] [Times: user=0.01 sys=0.00, real=0.00 secs] 
2021-08-19T22:37:13.933+0800: 108521.531: [GC (Allocation Failure) [PSYoungGen: 83760K->960K(84992K)] 275933K->193133K(279552K), 0.0022049 secs] [Times: user=0.01 sys=0.00, real=0.00 secs] 
2021-08-19T22:37:38.434+0800: 108546.032: [GC (Allocation Failure) [PSYoungGen: 83904K->1040K(84992K)] 276077K->193221K(279552K), 0.0023528 secs] [Times: user=0.01 sys=0.00, real=0.00 secs] 
2021-08-19T22:37:58.918+0800: 108566.515: [GC (Allocation Failure) [PSYoungGen: 83984K->2016K(84992K)] 276165K->194221K(279552K), 0.0021956 secs] [Times: user=0.02 sys=0.00, real=0.00 secs] 
2021-08-19T22:38:18.928+0800: 108586.526: [GC (Allocation Failure) [PSYoungGen: 84960K->1920K(84992K)] 277165K->194125K(279552K), 0.0022676 secs] [Times: user=0.02 sys=0.00, real=0.01 secs] 
2021-08-19T22:38:40.617+0800: 108608.215: [GC (Allocation Failure) [PSYoungGen: 84864K->1056K(83968K)] 277069K->193261K(278528K), 0.0021456 secs] [Times: user=0.02 sys=0.00, real=0.00 secs] 
2021-08-19T22:39:04.617+0800: 108632.214: [GC (Allocation Failure) [PSYoungGen: 82976K->1072K(84480K)] 275181K->193277K(279040K), 0.0023358 secs] [Times: user=0.02 sys=0.00, real=0.00 secs] 
2021-08-19T22:39:28.912+0800: 108656.509: [GC (Allocation Failure) [PSYoungGen: 82992K->1360K(84480K)] 275197K->193565K(279040K), 0.0027386 secs] [Times: user=0.02 sys=0.00, real=0.00 secs] 
2021-08-19T22:39:48.920+0800: 108676.518: [GC (Allocation Failure) [PSYoungGen: 83280K->2080K(84480K)] 275485K->194285K(279040K), 0.0024003 secs] [Times: user=0.02 sys=0.00, real=0.01 secs] 
2021-08-19T22:40:08.929+0800: 108696.527: [GC (Allocation Failure) [PSYoungGen: 84000K->1824K(84480K)] 276205K->194157K(279040K), 0.0023533 secs] [Times: user=0.01 sys=0.00, real=0.01 secs] 
2021-08-19T22:40:29.934+0800: 108717.532: [GC (Allocation Failure) [PSYoungGen: 83744K->960K(84480K)] 276077K->193293K(279040K), 0.0023064 secs] [Times: user=0.01 sys=0.00, real=0.00 secs] 
2021-08-19T22:40:53.935+0800: 108741.532: [GC (Allocation Failure) [PSYoungGen: 82880K->832K(84480K)] 275213K->193397K(279040K), 0.0023644 secs] [Times: user=0.02 sys=0.00, real=0.00 secs] 
2021-08-19T22:41:17.935+0800: 108765.533: [GC (Allocation Failure) [PSYoungGen: 82752K->848K(84480K)] 275317K->193413K(279040K), 0.0021365 secs] [Times: user=0.01 sys=0.00, real=0.00 secs] 
2021-08-19T22:41:38.919+0800: 108786.517: [GC (Allocation Failure) [PSYoungGen: 82768K->1552K(84480K)] 275333K->194349K(279040K), 0.0023102 secs] [Times: user=0.02 sys=0.00, real=0.01 secs] 
2021-08-19T22:41:58.927+0800: 108806.524: [GC (Allocation Failure) [PSYoungGen: 83472K->1072K(84480K)] 276269K->193885K(279040K), 0.0022840 secs] [Times: user=0.01 sys=0.00, real=0.00 secs] 
2021-08-19T22:42:18.934+0800: 108826.531: [GC (Allocation Failure) [PSYoungGen: 82992K->1232K(84480K)] 275805K->194253K(279040K), 0.0027670 secs] [Times: user=0.02 sys=0.00, real=0.00 secs] 
2021-08-19T22:42:42.768+0800: 108850.365: [GC (Allocation Failure) [PSYoungGen: 83152K->432K(84480K)] 276173K->193661K(279040K), 0.0020672 secs] [Times: user=0.01 sys=0.00, real=0.00 secs] 
2021-08-19T22:43:06.620+0800: 108874.218: [GC (Allocation Failure) [PSYoungGen: 82352K->384K(84480K)] 275581K->193725K(279040K), 0.0020526 secs] [Times: user=0.02 sys=0.00, real=0.00 secs] 
2021-08-19T22:43:28.916+0800: 108896.513: [GC (Allocation Failure) [PSYoungGen: 82304K->448K(84480K)] 275645K->193789K(279040K), 0.0021964 secs] [Times: user=0.01 sys=0.00, real=0.00 secs] 
2021-08-19T22:43:48.925+0800: 108916.523: [GC (Allocation Failure) [PSYoungGen: 82368K->480K(84480K)] 275709K->193821K(279040K), 0.0021261 secs] [Times: user=0.01 sys=0.00, real=0.00 secs] 
2021-08-19T22:44:08.932+0800: 108936.530: [GC (Allocation Failure) [PSYoungGen: 82400K->1216K(84480K)] 275741K->194573K(279040K), 0.0026068 secs] [Times: user=0.02 sys=0.00, real=0.00 secs] 
2021-08-19T22:44:30.938+0800: 108958.536: [GC (Allocation Failure) [PSYoungGen: 83136K->384K(84480K)] 276493K->193749K(279040K), 0.0021601 secs] [Times: user=0.02 sys=0.00, real=0.01 secs] 
2021-08-19T22:44:54.620+0800: 108982.217: [GC (Allocation Failure) [PSYoungGen: 82304K->320K(84480K)] 275669K->193685K(279040K), 0.0024969 secs] [Times: user=0.02 sys=0.00, real=0.01 secs] 
2021-08-19T22:45:18.915+0800: 109006.513: [GC (Allocation Failure) [PSYoungGen: 82240K->416K(84992K)] 275605K->193781K(279552K), 0.0020690 secs] [Times: user=0.02 sys=0.00, real=0.00 secs] 
2021-08-19T22:45:38.923+0800: 109026.521: [GC (Allocation Failure) [PSYoungGen: 82848K->1312K(84480K)] 276213K->194685K(279040K), 0.0021783 secs] [Times: user=0.01 sys=0.00, real=0.00 secs] 
2021-08-19T22:45:58.932+0800: 109046.530: [GC (Allocation Failure) [PSYoungGen: 83744K->1120K(84480K)] 277117K->194493K(279040K), 0.0027006 secs] [Times: user=0.02 sys=0.00, real=0.00 secs] 
2021-08-19T22:46:19.940+0800: 109067.538: [GC (Allocation Failure) [PSYoungGen: 83040K->384K(84480K)] 276413K->193757K(279040K), 0.0021675 secs] [Times: user=0.01 sys=0.00, real=0.00 secs] 
2021-08-19T22:46:44.175+0800: 109091.772: [GC (Allocation Failure) [PSYoungGen: 82304K->320K(84992K)] 275677K->193693K(279552K), 0.0020522 secs] [Times: user=0.02 sys=0.00, real=0.00 secs] 
2021-08-19T22:47:08.915+0800: 109116.513: [GC (Allocation Failure) [PSYoungGen: 83264K->640K(84992K)] 276637K->194013K(279552K), 0.0021363 secs] [Times: user=0.01 sys=0.00, real=0.00 secs] 
2021-08-19T22:47:28.923+0800: 109136.521: [GC (Allocation Failure) [PSYoungGen: 83584K->832K(84992K)] 276957K->194205K(279552K), 0.0023331 secs] [Times: user=0.02 sys=0.00, real=0.00 secs] 
2021-08-19T22:47:48.933+0800: 109156.531: [GC (Allocation Failure) [PSYoungGen: 83776K->1248K(84992K)] 277149K->194621K(279552K), 0.0023584 secs] [Times: user=0.02 sys=0.00, real=0.00 secs] 
2021-08-19T22:48:11.441+0800: 109179.038: [GC (Allocation Failure) [PSYoungGen: 84192K->352K(84992K)] 277565K->193733K(279552K), 0.0024953 secs] [Times: user=0.01 sys=0.00, real=0.00 secs] 
2021-08-19T22:48:35.941+0800: 109203.539: [GC (Allocation Failure) [PSYoungGen: 83296K->352K(84992K)] 276677K->193733K(279552K), 0.0025411 secs] [Times: user=0.02 sys=0.00, real=0.00 secs] 
2021-08-19T22:48:58.920+0800: 109226.518: [GC (Allocation Failure) [PSYoungGen: 83296K->640K(84992K)] 276677K->194021K(279552K), 0.0020613 secs] [Times: user=0.01 sys=0.00, real=0.00 secs] 
2021-08-19T22:49:18.929+0800: 109246.527: [GC (Allocation Failure) [PSYoungGen: 83584K->736K(84992K)] 276965K->194117K(279552K), 0.0021874 secs] [Times: user=0.02 sys=0.00, real=0.01 secs] 
2021-08-19T22:49:38.940+0800: 109266.538: [GC (Allocation Failure) [PSYoungGen: 83680K->352K(84992K)] 277061K->193757K(279552K), 0.0021951 secs] [Times: user=0.01 sys=0.00, real=0.01 secs] 
2021-08-19T22:50:03.440+0800: 109291.038: [GC (Allocation Failure) [PSYoungGen: 83296K->352K(84992K)] 276701K->193757K(279552K), 0.0021526 secs] [Times: user=0.01 sys=0.00, real=0.00 secs] 
2021-08-19T22:50:27.942+0800: 109315.539: [GC (Allocation Failure) [PSYoungGen: 83296K->384K(85504K)] 276701K->193789K(280064K), 0.0020114 secs] [Times: user=0.01 sys=0.00, real=0.00 secs] 
2021-08-19T22:50:48.924+0800: 109336.522: [GC (Allocation Failure) [PSYoungGen: 83840K->1152K(84992K)] 277245K->194565K(279552K), 0.0025721 secs] [Times: user=0.02 sys=0.00, real=0.00 secs] 
2021-08-19T22:51:08.935+0800: 109356.533: [GC (Allocation Failure) [PSYoungGen: 84608K->1088K(84992K)] 278021K->194517K(279552K), 0.0026779 secs] [Times: user=0.02 sys=0.00, real=0.00 secs] 
2021-08-19T22:51:31.442+0800: 109379.040: [GC (Allocation Failure) [PSYoungGen: 84032K->384K(84992K)] 277461K->193813K(279552K), 0.0020418 secs] [Times: user=0.01 sys=0.00, real=0.00 secs] 
2021-08-19T22:51:55.940+0800: 109403.538: [GC (Allocation Failure) [PSYoungGen: 83328K->384K(84992K)] 276757K->193813K(279552K), 0.0022134 secs] [Times: user=0.02 sys=0.00, real=0.00 secs] 
2021-08-19T22:52:18.920+0800: 109426.518: [GC (Allocation Failure) [PSYoungGen: 83328K->736K(84992K)] 276757K->194165K(279552K), 0.0023002 secs] [Times: user=0.02 sys=0.00, real=0.01 secs] 
2021-08-19T22:52:38.930+0800: 109446.528: [GC (Allocation Failure) [PSYoungGen: 83680K->640K(85504K)] 277109K->194069K(280064K), 0.0020857 secs] [Times: user=0.01 sys=0.00, real=0.00 secs] 
2021-08-19T22:52:58.941+0800: 109466.538: [GC (Allocation Failure) [PSYoungGen: 84608K->384K(85504K)] 278037K->193813K(280064K), 0.0021450 secs] [Times: user=0.01 sys=0.00, real=0.00 secs] 
2021-08-19T22:53:23.626+0800: 109491.224: [GC (Allocation Failure) [PSYoungGen: 84352K->384K(85504K)] 277781K->193813K(280064K), 0.0020860 secs] [Times: user=0.02 sys=0.00, real=0.00 secs] 
2021-08-19T22:53:48.919+0800: 109516.517: [GC (Allocation Failure) [PSYoungGen: 84352K->352K(85504K)] 277781K->193789K(280064K), 0.0024536 secs] [Times: user=0.02 sys=0.00, real=0.01 secs] 
2021-08-19T22:54:08.928+0800: 109536.526: [GC (Allocation Failure) [PSYoungGen: 84320K->960K(85504K)] 277757K->194397K(280064K), 0.0025826 secs] [Times: user=0.02 sys=0.00, real=0.01 secs] 
2021-08-19T22:54:28.939+0800: 109556.537: [GC (Allocation Failure) [PSYoungGen: 84928K->832K(85504K)] 278365K->194269K(280064K), 0.0021341 secs] [Times: user=0.02 sys=0.00, real=0.01 secs] 
2021-08-19T22:54:52.944+0800: 109580.541: [GC (Allocation Failure) [PSYoungGen: 84800K->352K(85504K)] 278237K->193789K(280064K), 0.0022085 secs] [Times: user=0.01 sys=0.00, real=0.00 secs] 
2021-08-19T22:55:18.281+0800: 109605.879: [GC (Allocation Failure) [PSYoungGen: 84320K->384K(85504K)] 277757K->193821K(280064K), 0.0020227 secs] [Times: user=0.01 sys=0.00, real=0.00 secs] 
2021-08-19T22:55:38.928+0800: 109626.525: [GC (Allocation Failure) [PSYoungGen: 84352K->1216K(85504K)] 277789K->194653K(280064K), 0.0024352 secs] [Times: user=0.02 sys=0.00, real=0.01 secs] 
2021-08-19T22:55:58.938+0800: 109646.536: [GC (Allocation Failure) [PSYoungGen: 85184K->1184K(85504K)] 278621K->194621K(280064K), 0.0021036 secs] [Times: user=0.02 sys=0.00, real=0.01 secs] 
2021-08-19T22:56:22.444+0800: 109670.042: [GC (Allocation Failure) [PSYoungGen: 85152K->416K(84480K)] 278589K->193861K(279040K), 0.0021144 secs] [Times: user=0.01 sys=0.00, real=0.00 secs] 
2021-08-19T22:56:46.945+0800: 109694.542: [GC (Allocation Failure) [PSYoungGen: 83360K->384K(84992K)] 276805K->193829K(279552K), 0.0020363 secs] [Times: user=0.01 sys=0.00, real=0.00 secs] 
2021-08-19T22:57:08.925+0800: 109716.523: [GC (Allocation Failure) [PSYoungGen: 83328K->1088K(84480K)] 276773K->194533K(279040K), 0.0022100 secs] [Times: user=0.01 sys=0.00, real=0.00 secs] 
2021-08-19T22:57:28.934+0800: 109736.531: [GC (Allocation Failure) [PSYoungGen: 84032K->768K(84992K)] 277477K->194213K(279552K), 0.0023356 secs] [Times: user=0.01 sys=0.00, real=0.00 secs] 
2021-08-19T22:57:49.443+0800: 109757.040: [GC (Allocation Failure) [PSYoungGen: 83712K->416K(85504K)] 277157K->193861K(280064K), 0.0021185 secs] [Times: user=0.01 sys=0.00, real=0.00 secs] 
2021-08-19T22:58:14.443+0800: 109782.041: [GC (Allocation Failure) [PSYoungGen: 83872K->384K(84992K)] 277317K->193829K(279552K), 0.0019703 secs] [Times: user=0.01 sys=0.00, real=0.00 secs] 
2021-08-19T22:58:38.921+0800: 109806.519: [GC (Allocation Failure) [PSYoungGen: 83840K->672K(85504K)] 277285K->194117K(280064K), 0.0021032 secs] [Times: user=0.02 sys=0.00, real=0.00 secs] 
2021-08-19T22:58:58.933+0800: 109826.531: [GC (Allocation Failure) [PSYoungGen: 84640K->544K(85504K)] 278085K->193997K(280064K), 0.0020591 secs] [Times: user=0.01 sys=0.00, real=0.00 secs] 
2021-08-19T22:59:18.942+0800: 109846.540: [GC (Allocation Failure) [PSYoungGen: 84512K->960K(85504K)] 277965K->194413K(280064K), 0.0022526 secs] [Times: user=0.02 sys=0.00, real=0.00 secs] 
2021-08-19T22:59:43.444+0800: 109871.041: [GC (Allocation Failure) [PSYoungGen: 84928K->416K(85504K)] 278381K->193869K(280064K), 0.0021713 secs] [Times: user=0.01 sys=0.00, real=0.00 secs] 
2021-08-19T23:00:08.631+0800: 109896.229: [GC (Allocation Failure) [PSYoungGen: 84384K->320K(85504K)] 277837K->193773K(280064K), 0.0020385 secs] [Times: user=0.01 sys=0.00, real=0.00 secs] 
2021-08-19T23:00:28.931+0800: 109916.529: [GC (Allocation Failure) [PSYoungGen: 84288K->896K(85504K)] 277741K->194349K(280064K), 0.0021190 secs] [Times: user=0.02 sys=0.00, real=0.00 secs] 
2021-08-19T23:00:48.941+0800: 109936.539: [GC (Allocation Failure) [PSYoungGen: 84864K->1312K(84480K)] 278317K->194765K(279040K), 0.0022249 secs] [Times: user=0.01 sys=0.00, real=0.00 secs] 
2021-08-19T23:01:12.028+0800: 109959.626: [GC (Allocation Failure) [PSYoungGen: 84256K->352K(84992K)] 277709K->193813K(279552K), 0.0020911 secs] [Times: user=0.01 sys=0.00, real=0.01 secs] 
2021-08-19T23:01:37.173+0800: 109984.771: [GC (Allocation Failure) [PSYoungGen: 83296K->288K(85504K)] 276757K->193789K(280064K), 0.0020248 secs] [Times: user=0.01 sys=0.00, real=0.00 secs] 
2021-08-19T23:01:58.931+0800: 110006.528: [GC (Allocation Failure) [PSYoungGen: 84256K->1152K(85504K)] 277757K->194653K(280064K), 0.0022949 secs] [Times: user=0.02 sys=0.00, real=0.00 secs] 
2021-08-19T23:02:18.940+0800: 110026.538: [GC (Allocation Failure) [PSYoungGen: 85120K->1152K(84480K)] 278621K->194653K(279040K), 0.0020208 secs] [Times: user=0.02 sys=0.00, real=0.00 secs] 
2021-08-19T23:02:40.630+0800: 110048.227: [GC (Allocation Failure) [PSYoungGen: 84096K->384K(84992K)] 277597K->193885K(279552K), 0.0019651 secs] [Times: user=0.01 sys=0.00, real=0.01 secs] 
2021-08-19T23:03:05.444+0800: 110073.042: [GC (Allocation Failure) [PSYoungGen: 83328K->288K(84992K)] 276829K->193789K(279552K), 0.0022684 secs] [Times: user=0.02 sys=0.00, real=0.00 secs] 
2021-08-19T23:03:28.926+0800: 110096.524: [GC (Allocation Failure) [PSYoungGen: 83232K->704K(84992K)] 276733K->194229K(279552K), 0.0022593 secs] [Times: user=0.02 sys=0.00, real=0.00 secs] 
2021-08-19T23:03:48.937+0800: 110116.534: [GC (Allocation Failure) [PSYoungGen: 83648K->416K(85504K)] 277173K->193941K(280064K), 0.0020446 secs] [Times: user=0.01 sys=0.00, real=0.00 secs] 
2021-08-19T23:04:08.946+0800: 110136.544: [GC (Allocation Failure) [PSYoungGen: 83872K->1392K(84992K)] 277397K->194925K(279552K), 0.0022012 secs] [Times: user=0.02 sys=0.00, real=0.00 secs] 
2021-08-19T23:04:33.444+0800: 110161.042: [GC (Allocation Failure) [PSYoungGen: 84848K->384K(84992K)] 278381K->193917K(279552K), 0.0020599 secs] [Times: user=0.02 sys=0.00, real=0.00 secs] 
2021-08-19T23:04:57.445+0800: 110185.043: [GC (Allocation Failure) [PSYoungGen: 83328K->448K(84992K)] 276861K->193981K(279552K), 0.0021488 secs] [Times: user=0.01 sys=0.00, real=0.00 secs] 
2021-08-19T23:05:18.933+0800: 110206.531: [GC (Allocation Failure) [PSYoungGen: 83392K->1376K(84992K)] 276925K->194909K(279552K), 0.0021047 secs] [Times: user=0.01 sys=0.00, real=0.00 secs] 
2021-08-19T23:05:38.942+0800: 110226.540: [GC (Allocation Failure) [PSYoungGen: 84320K->944K(84992K)] 277853K->194493K(279552K), 0.0021212 secs] [Times: user=0.02 sys=0.01, real=0.00 secs] 
2021-08-19T23:05:59.945+0800: 110247.543: [GC (Allocation Failure) [PSYoungGen: 83888K->688K(84992K)] 277437K->194237K(279552K), 0.0021447 secs] [Times: user=0.01 sys=0.00, real=0.00 secs] 
2021-08-19T23:06:23.946+0800: 110271.544: [GC (Allocation Failure) [PSYoungGen: 83632K->784K(84992K)] 277181K->194333K(279552K), 0.0026211 secs] [Times: user=0.01 sys=0.00, real=0.00 secs] 
2021-08-19T23:06:48.445+0800: 110296.043: [GC (Allocation Failure) [PSYoungGen: 83728K->1024K(84992K)] 277277K->194573K(279552K), 0.0021012 secs] [Times: user=0.01 sys=0.00, real=0.00 secs] 
2021-08-19T23:07:08.937+0800: 110316.534: [GC (Allocation Failure) [PSYoungGen: 83968K->1952K(84992K)] 277517K->195509K(279552K), 0.0024748 secs] [Times: user=0.02 sys=0.00, real=0.00 secs] 
2021-08-19T23:07:28.945+0800: 110336.543: [GC (Allocation Failure) [PSYoungGen: 84896K->1856K(83968K)] 278453K->195413K(278528K), 0.0026853 secs] [Times: user=0.01 sys=0.00, real=0.00 secs] 
2021-08-19T23:07:49.946+0800: 110357.543: [GC (Allocation Failure) [PSYoungGen: 83776K->1056K(84480K)] 277333K->194629K(279040K), 0.0022935 secs] [Times: user=0.02 sys=0.00, real=0.00 secs] 
2021-08-19T23:08:14.446+0800: 110382.044: [GC (Allocation Failure) [PSYoungGen: 82976K->1056K(84992K)] 276549K->194629K(279552K), 0.0021757 secs] [Times: user=0.01 sys=0.00, real=0.00 secs] 
2021-08-19T23:08:38.446+0800: 110406.043: [GC (Allocation Failure) [PSYoungGen: 83488K->1088K(84480K)] 277061K->194661K(279040K), 0.0022632 secs] [Times: user=0.02 sys=0.00, real=0.00 secs] 
2021-08-19T23:08:58.937+0800: 110426.535: [GC (Allocation Failure) [PSYoungGen: 83520K->2000K(83968K)] 277093K->195573K(278528K), 0.0023824 secs] [Times: user=0.01 sys=0.00, real=0.00 secs] 
2021-08-19T23:09:18.944+0800: 110446.542: [GC (Allocation Failure) [PSYoungGen: 83920K->1456K(84480K)] 277493K->195029K(279040K), 0.0025715 secs] [Times: user=0.01 sys=0.00, real=0.00 secs] 
2021-08-19T23:09:39.446+0800: 110467.044: [GC (Allocation Failure) [PSYoungGen: 83376K->976K(84480K)] 276949K->194661K(279040K), 0.0022981 secs] [Times: user=0.01 sys=0.00, real=0.00 secs] 
2021-08-19T23:10:03.446+0800: 110491.044: [GC (Allocation Failure) [PSYoungGen: 82896K->976K(84480K)] 276581K->194661K(279040K), 0.0020252 secs] [Times: user=0.01 sys=0.00, real=0.00 secs] 
2021-08-19T23:10:26.948+0800: 110514.545: [GC (Allocation Failure) [PSYoungGen: 82896K->912K(84992K)] 276581K->194733K(279552K), 0.0021380 secs] [Times: user=0.02 sys=0.00, real=0.00 secs] 
2021-08-19T23:10:48.936+0800: 110536.534: [GC (Allocation Failure) [PSYoungGen: 83344K->1600K(84480K)] 277165K->195533K(279040K), 0.0021871 secs] [Times: user=0.02 sys=0.00, real=0.00 secs] 
2021-08-19T23:11:08.943+0800: 110556.541: [GC (Allocation Failure) [PSYoungGen: 84032K->1280K(84480K)] 277965K->195213K(279040K), 0.0024849 secs] [Times: user=0.02 sys=0.00, real=0.00 secs] 
2021-08-19T23:11:28.950+0800: 110576.548: [GC (Allocation Failure) [PSYoungGen: 83200K->1680K(84480K)] 277133K->195853K(279040K), 0.0024537 secs] [Times: user=0.02 sys=0.00, real=0.01 secs] 
2021-08-19T23:11:51.947+0800: 110599.545: [GC (Allocation Failure) [PSYoungGen: 83600K->560K(84480K)] 277773K->194949K(279040K), 0.0021082 secs] [Times: user=0.02 sys=0.00, real=0.00 secs] 
2021-08-19T23:11:51.949+0800: 110599.547: [Full GC (Ergonomics) [PSYoungGen: 560K->0K(84480K)] [ParOldGen: 194389K->90792K(331776K)] 194949K->90792K(416256K), [Metaspace: 82656K->81993K(1128448K)], 0.1086444 secs] [Times: user=0.46 sys=0.02, real=0.11 secs] 
2021-08-19T23:12:15.948+0800: 110623.546: [GC (Allocation Failure) [PSYoungGen: 81920K->320K(84480K)] 172712K->91112K(416256K), 0.0020388 secs] [Times: user=0.02 sys=0.00, real=0.00 secs] 
2021-08-19T23:12:38.934+0800: 110646.532: [GC (Allocation Failure) [PSYoungGen: 82240K->736K(84992K)] 173032K->91528K(416768K), 0.0018809 secs] [Times: user=0.01 sys=0.00, real=0.00 secs] 
2021-08-19T23:12:58.943+0800: 110666.541: [GC (Allocation Failure) [PSYoungGen: 83168K->480K(84992K)] 173960K->91272K(416768K), 0.0019784 secs] [Times: user=0.01 sys=0.00, real=0.00 secs] 
2021-08-19T23:13:18.950+0800: 110686.548: [GC (Allocation Failure) [PSYoungGen: 82912K->1184K(85504K)] 173704K->91976K(417280K), 0.0022385 secs] [Times: user=0.02 sys=0.00, real=0.00 secs] 
2021-08-19T23:13:42.446+0800: 110710.044: [GC (Allocation Failure) [PSYoungGen: 84128K->320K(85504K)] 174920K->91112K(417280K), 0.0018769 secs] [Times: user=0.02 sys=0.00, real=0.00 secs] 
2021-08-19T23:14:06.447+0800: 110734.045: [GC (Allocation Failure) [PSYoungGen: 83264K->416K(86016K)] 174056K->91208K(417792K), 0.0018631 secs] [Times: user=0.01 sys=0.00, real=0.00 secs] 
2021-08-19T23:14:28.938+0800: 110756.536: [GC (Allocation Failure) [PSYoungGen: 83872K->1056K(86016K)] 174664K->91848K(417792K), 0.0021267 secs] [Times: user=0.01 sys=0.00, real=0.01 secs] 
2021-08-19T23:14:48.946+0800: 110776.544: [GC (Allocation Failure) [PSYoungGen: 84512K->768K(86016K)] 175304K->91560K(417792K), 0.0020477 secs] [Times: user=0.01 sys=0.00, real=0.00 secs] 
2021-08-19T23:15:09.948+0800: 110797.545: [GC (Allocation Failure) [PSYoungGen: 84736K->352K(86016K)] 175528K->91144K(417792K), 0.0021059 secs] [Times: user=0.02 sys=0.00, real=0.00 secs] 
2021-08-19T23:15:35.446+0800: 110823.044: [GC (Allocation Failure) [PSYoungGen: 84319K->320K(86528K)] 175111K->91112K(418304K), 0.0022649 secs] [Times: user=0.02 sys=0.00, real=0.00 secs] 
2021-08-19T23:15:58.936+0800: 110846.534: [GC (Allocation Failure) [PSYoungGen: 84800K->832K(86528K)] 175592K->91624K(418304K), 0.0020090 secs] [Times: user=0.01 sys=0.00, real=0.00 secs] 
2021-08-19T23:16:18.947+0800: 110866.545: [GC (Allocation Failure) [PSYoungGen: 85312K->736K(87040K)] 176104K->91528K(418816K), 0.0020107 secs] [Times: user=0.02 sys=0.00, real=0.00 secs] 
2021-08-19T23:16:39.948+0800: 110887.546: [GC (Allocation Failure) [PSYoungGen: 85727K->416K(87040K)] 176520K->91208K(418816K), 0.0021394 secs] [Times: user=0.01 sys=0.00, real=0.01 secs] 
2021-08-19T23:17:05.949+0800: 110913.547: [GC (Allocation Failure) [PSYoungGen: 85408K->320K(87552K)] 176200K->91112K(419328K), 0.0018456 secs] [Times: user=0.02 sys=0.00, real=0.01 secs] 
2021-08-19T23:17:28.940+0800: 110936.538: [GC (Allocation Failure) [PSYoungGen: 85824K->1184K(87552K)] 176616K->91976K(419328K), 0.0021311 secs] [Times: user=0.02 sys=0.00, real=0.00 secs] 
2021-08-19T23:17:48.951+0800: 110956.549: [GC (Allocation Failure) [PSYoungGen: 86688K->1216K(88064K)] 177480K->92056K(419840K), 0.0021733 secs] [Times: user=0.01 sys=0.00, real=0.00 secs] 
2021-08-19T23:18:12.558+0800: 110980.155: [GC (Allocation Failure) [PSYoungGen: 87232K->416K(88064K)] 178072K->91272K(419840K), 0.0020809 secs] [Times: user=0.01 sys=0.00, real=0.00 secs] 
2021-08-19T23:18:38.935+0800: 111006.532: [GC (Allocation Failure) [PSYoungGen: 86432K->640K(88576K)] 177288K->91520K(420352K), 0.0024722 secs] [Times: user=0.02 sys=0.00, real=0.00 secs] 
2021-08-19T23:18:58.947+0800: 111026.545: [GC (Allocation Failure) [PSYoungGen: 87168K->768K(88576K)] 178048K->91656K(420352K), 0.0021573 secs] [Times: user=0.01 sys=0.00, real=0.00 secs] 
2021-08-19T23:19:21.352+0800: 111048.950: [GC (Allocation Failure) [PSYoungGen: 87296K->416K(89088K)] 178184K->91312K(420864K), 0.0019276 secs] [Times: user=0.01 sys=0.00, real=0.00 secs] 
2021-08-19T23:19:47.949+0800: 111075.546: [GC (Allocation Failure) [PSYoungGen: 87456K->416K(89088K)] 178352K->91320K(420864K), 0.0018522 secs] [Times: user=0.02 sys=0.00, real=0.01 secs] 
2021-08-19T23:20:08.946+0800: 111096.543: [GC (Allocation Failure) [PSYoungGen: 87456K->672K(88576K)] 178360K->91600K(420352K), 0.0021667 secs] [Times: user=0.01 sys=0.00, real=0.00 secs] 
2021-08-19T23:20:30.947+0800: 111118.545: [GC (Allocation Failure) [PSYoungGen: 88224K->416K(89088K)] 179152K->91368K(420864K), 0.0019448 secs] [Times: user=0.01 sys=0.00, real=0.00 secs] 
2021-08-19T23:20:58.301+0800: 111145.899: [GC (Allocation Failure) [PSYoungGen: 87968K->384K(89600K)] 178920K->91368K(421376K), 0.0019779 secs] [Times: user=0.01 sys=0.00, real=0.00 secs] 
2021-08-19T23:21:18.948+0800: 111166.546: [GC (Allocation Failure) [PSYoungGen: 88448K->768K(89600K)] 179432K->91760K(421376K), 0.0022387 secs] [Times: user=0.01 sys=0.00, real=0.01 secs] 
2021-08-19T23:21:41.969+0800: 111189.566: [GC (Allocation Failure) [PSYoungGen: 88832K->320K(90112K)] 179824K->91320K(421888K), 0.0022180 secs] [Times: user=0.01 sys=0.00, real=0.01 secs] 
2021-08-19T23:22:08.937+0800: 111216.535: [GC (Allocation Failure) [PSYoungGen: 88896K->768K(90112K)] 179896K->91776K(421888K), 0.0022424 secs] [Times: user=0.01 sys=0.00, real=0.00 secs] 
2021-08-19T23:22:28.952+0800: 111236.550: [GC (Allocation Failure) [PSYoungGen: 89344K->1120K(90624K)] 180352K->92136K(422400K), 0.0020992 secs] [Times: user=0.02 sys=0.00, real=0.00 secs] 
2021-08-19T23:22:54.548+0800: 111262.146: [GC (Allocation Failure) [PSYoungGen: 90208K->352K(90624K)] 181224K->91376K(422400K), 0.0020826 secs] [Times: user=0.02 sys=0.00, real=0.01 secs] 
2021-08-19T23:23:18.943+0800: 111286.541: [GC (Allocation Failure) [PSYoungGen: 89440K->1216K(90624K)] 180464K->92248K(422400K), 0.0023914 secs] [Times: user=0.01 sys=0.00, real=0.00 secs] 
2021-08-19T23:23:39.369+0800: 111306.967: [GC (Allocation Failure) [PSYoungGen: 90304K->352K(91136K)] 181336K->91392K(422912K), 0.0018548 secs] [Times: user=0.01 sys=0.00, real=0.01 secs] 
2021-08-19T23:24:07.449+0800: 111335.047: [GC (Allocation Failure) [PSYoungGen: 89440K->352K(91136K)] 180480K->91408K(422912K), 0.0018775 secs] [Times: user=0.01 sys=0.00, real=0.01 secs] 
2021-08-19T23:24:28.948+0800: 111356.546: [GC (Allocation Failure) [PSYoungGen: 89952K->736K(91136K)] 181008K->91800K(422912K), 0.0020505 secs] [Times: user=0.01 sys=0.00, real=0.01 secs] 
2021-08-19T23:24:52.768+0800: 111380.365: [GC (Allocation Failure) [PSYoungGen: 90335K->320K(91648K)] 181400K->91400K(423424K), 0.0019254 secs] [Times: user=0.01 sys=0.00, real=0.00 secs] 
2021-08-19T23:25:18.941+0800: 111406.539: [GC (Allocation Failure) [PSYoungGen: 90432K->1088K(91648K)] 181512K->92176K(423424K), 0.0022113 secs] [Times: user=0.02 sys=0.00, real=0.00 secs] 
2021-08-19T23:25:38.957+0800: 111426.554: [GC (Allocation Failure) [PSYoungGen: 91200K->992K(91648K)] 182288K->92088K(423424K), 0.0023979 secs] [Times: user=0.02 sys=0.00, real=0.00 secs] 
2021-08-19T23:26:07.540+0800: 111455.138: [GC (Allocation Failure) [PSYoungGen: 91104K->384K(92160K)] 182200K->91488K(423936K), 0.0020588 secs] [Times: user=0.02 sys=0.00, real=0.00 secs] 
2021-08-19T23:26:28.950+0800: 111476.548: [GC (Allocation Failure) [PSYoungGen: 90496K->800K(92160K)] 181600K->91912K(423936K), 0.0021022 secs] [Times: user=0.01 sys=0.00, real=0.00 secs] 
2021-08-19T23:26:53.950+0800: 111501.548: [GC (Allocation Failure) [PSYoungGen: 91424K->320K(92160K)] 182536K->91440K(423936K), 0.0020900 secs] [Times: user=0.01 sys=0.00, real=0.00 secs] 
2021-08-19T23:27:18.945+0800: 111526.542: [GC (Allocation Failure) [PSYoungGen: 90944K->1280K(92160K)] 182064K->92408K(423936K), 0.0021157 secs] [Times: user=0.02 sys=0.00, real=0.00 secs] 
2021-08-19T23:27:40.449+0800: 111548.047: [GC (Allocation Failure) [PSYoungGen: 91904K->352K(92672K)] 183032K->91488K(424448K), 0.0020087 secs] [Times: user=0.01 sys=0.00, real=0.01 secs] 
2021-08-19T23:28:08.938+0800: 111576.536: [GC (Allocation Failure) [PSYoungGen: 90976K->768K(92160K)] 182112K->91912K(423936K), 0.0020960 secs] [Times: user=0.02 sys=0.00, real=0.01 secs] 
2021-08-19T23:28:28.956+0800: 111596.554: [GC (Allocation Failure) [PSYoungGen: 91904K->1248K(92672K)] 183048K->92400K(424448K), 0.0019937 secs] [Times: user=0.02 sys=0.00, real=0.00 secs] 
2021-08-19T23:28:56.539+0800: 111624.137: [GC (Allocation Failure) [PSYoungGen: 92384K->448K(93696K)] 183536K->91608K(425472K), 0.0020056 secs] [Times: user=0.01 sys=0.00, real=0.01 secs] 
2021-08-19T23:29:18.950+0800: 111646.548: [GC (Allocation Failure) [PSYoungGen: 92096K->768K(93696K)] 183256K->91936K(425472K), 0.0020669 secs] [Times: user=0.01 sys=0.00, real=0.01 secs] 
2021-08-19T23:29:44.450+0800: 111672.048: [GC (Allocation Failure) [PSYoungGen: 92416K->384K(93184K)] 183584K->91560K(424960K), 0.0021400 secs] [Times: user=0.01 sys=0.00, real=0.00 secs] 
2021-08-19T23:30:08.947+0800: 111696.545: [GC (Allocation Failure) [PSYoungGen: 92544K->352K(93696K)] 183720K->91536K(425472K), 0.0022548 secs] [Times: user=0.02 sys=0.00, real=0.00 secs] 
2021-08-19T23:30:32.950+0800: 111720.548: [GC (Allocation Failure) [PSYoungGen: 92512K->352K(94208K)] 183696K->91552K(425984K), 0.0019702 secs] [Times: user=0.01 sys=0.00, real=0.01 secs] 
2021-08-19T23:30:58.947+0800: 111746.545: [GC (Allocation Failure) [PSYoungGen: 93024K->1248K(94208K)] 184224K->92456K(425984K), 0.0020747 secs] [Times: user=0.01 sys=0.00, real=0.00 secs] 
2021-08-19T23:31:21.534+0800: 111769.132: [GC (Allocation Failure) [PSYoungGen: 93920K->352K(95232K)] 185128K->91568K(427008K), 0.0019848 secs] [Times: user=0.02 sys=0.00, real=0.00 secs] 
2021-08-19T23:31:48.946+0800: 111796.544: [GC (Allocation Failure) [PSYoungGen: 93536K->1152K(95232K)] 184752K->92376K(427008K), 0.0021483 secs] [Times: user=0.01 sys=0.00, real=0.00 secs] 
2021-08-19T23:32:10.951+0800: 111818.548: [GC (Allocation Failure) [PSYoungGen: 94336K->416K(95744K)] 185560K->91648K(427520K), 0.0018859 secs] [Times: user=0.02 sys=0.00, real=0.00 secs] 
2021-08-19T23:32:38.945+0800: 111846.543: [GC (Allocation Failure) [PSYoungGen: 94112K->1184K(95744K)] 185344K->92424K(427520K), 0.0021133 secs] [Times: user=0.01 sys=0.00, real=0.00 secs] 
2021-08-19T23:33:01.353+0800: 111868.950: [GC (Allocation Failure) [PSYoungGen: 94880K->384K(96256K)] 186120K->91640K(428032K), 0.0019133 secs] [Times: user=0.01 sys=0.00, real=0.00 secs] 
2021-08-19T23:33:28.947+0800: 111896.544: [GC (Allocation Failure) [PSYoungGen: 94592K->1216K(96256K)] 185848K->92480K(428032K), 0.0024226 secs] [Times: user=0.01 sys=0.00, real=0.00 secs] 
2021-08-19T23:33:51.951+0800: 111919.549: [GC (Allocation Failure) [PSYoungGen: 95424K->416K(96768K)] 186688K->91688K(428544K), 0.0018716 secs] [Times: user=0.02 sys=0.00, real=0.00 secs] 
2021-08-19T23:34:18.948+0800: 111946.545: [GC (Allocation Failure) [PSYoungGen: 95136K->1536K(96768K)] 186408K->92816K(428544K), 0.0023278 secs] [Times: user=0.01 sys=0.00, real=0.00 secs] 
2021-08-19T23:34:43.279+0800: 111970.876: [GC (Allocation Failure) [PSYoungGen: 96256K->592K(97280K)] 187536K->91880K(429056K), 0.0018567 secs] [Times: user=0.01 sys=0.00, real=0.01 secs] 
2021-08-19T23:35:08.950+0800: 111996.548: [GC (Allocation Failure) [PSYoungGen: 95824K->528K(97280K)] 187112K->91832K(429056K), 0.0019516 secs] [Times: user=0.01 sys=0.00, real=0.00 secs] 
2021-08-19T23:35:34.530+0800: 112022.127: [GC (Allocation Failure) [PSYoungGen: 95760K->752K(97792K)] 187064K->92064K(429568K), 0.0020936 secs] [Times: user=0.02 sys=0.00, real=0.01 secs] 
2021-08-19T23:35:58.954+0800: 112046.552: [GC (Allocation Failure) [PSYoungGen: 96496K->1264K(97792K)] 187808K->92584K(429568K), 0.0021300 secs] [Times: user=0.01 sys=0.00, real=0.00 secs] 
2021-08-19T23:36:26.957+0800: 112074.554: [GC (Allocation Failure) [PSYoungGen: 97008K->816K(98304K)] 188328K->92144K(430080K), 0.0019611 secs] [Times: user=0.02 sys=0.00, real=0.00 secs] 
2021-08-19T23:36:48.960+0800: 112096.558: [GC (Allocation Failure) [PSYoungGen: 97072K->1984K(98304K)] 188400K->93320K(430080K), 0.0025960 secs] [Times: user=0.02 sys=0.00, real=0.00 secs] 
2021-08-19T23:37:18.943+0800: 112126.541: [GC (Allocation Failure) [PSYoungGen: 98240K->1536K(98304K)] 189576K->92880K(430080K), 0.0023784 secs] [Times: user=0.02 sys=0.00, real=0.00 secs] 
2021-08-19T23:37:40.527+0800: 112148.125: [GC (Allocation Failure) [PSYoungGen: 97792K->1088K(98816K)] 189136K->92440K(430592K), 0.0025134 secs] [Times: user=0.01 sys=0.00, real=0.00 secs] 
2021-08-19T23:38:08.949+0800: 112176.547: [GC (Allocation Failure) [PSYoungGen: 97344K->2096K(99328K)] 188696K->93456K(431104K), 0.0024078 secs] [Times: user=0.02 sys=0.00, real=0.01 secs] 
2021-08-19T23:38:34.525+0800: 112202.123: [GC (Allocation Failure) [PSYoungGen: 98864K->1120K(99328K)] 190224K->92488K(431104K), 0.0025182 secs] [Times: user=0.01 sys=0.00, real=0.00 secs] 
2021-08-19T23:38:58.957+0800: 112226.555: [GC (Allocation Failure) [PSYoungGen: 97888K->1744K(99840K)] 189256K->93120K(431616K), 0.0020747 secs] [Times: user=0.01 sys=0.00, real=0.00 secs] 
2021-08-19T23:39:28.527+0800: 112256.124: [GC (Allocation Failure) [PSYoungGen: 99024K->1168K(99840K)] 190400K->92552K(431616K), 0.0021622 secs] [Times: user=0.02 sys=0.01, real=0.00 secs] 
2021-08-19T23:39:49.953+0800: 112277.551: [GC (Allocation Failure) [PSYoungGen: 98448K->1184K(100352K)] 189832K->92576K(432128K), 0.0020524 secs] [Times: user=0.02 sys=0.00, real=0.00 secs] 
2021-08-19T23:40:18.950+0800: 112306.547: [GC (Allocation Failure) [PSYoungGen: 98976K->1968K(100352K)] 190368K->93472K(432128K), 0.0022250 secs] [Times: user=0.02 sys=0.00, real=0.01 secs] 
2021-08-19T23:40:44.952+0800: 112332.550: [GC (Allocation Failure) [PSYoungGen: 99760K->912K(100864K)] 191264K->92640K(432640K), 0.0021693 secs] [Times: user=0.01 sys=0.00, real=0.00 secs] 
2021-08-19T23:41:08.959+0800: 112356.557: [GC (Allocation Failure) [PSYoungGen: 99216K->1760K(100864K)] 190944K->93504K(432640K), 0.0022652 secs] [Times: user=0.01 sys=0.00, real=0.01 secs] 
2021-08-19T23:41:38.944+0800: 112386.542: [GC (Allocation Failure) [PSYoungGen: 100064K->1328K(101376K)] 191808K->93080K(433152K), 0.0021559 secs] [Times: user=0.01 sys=0.00, real=0.00 secs] 
2021-08-19T23:42:02.453+0800: 112410.050: [GC (Allocation Failure) [PSYoungGen: 100144K->752K(101376K)] 191896K->92712K(433152K), 0.0021059 secs] [Times: user=0.01 sys=0.00, real=0.00 secs] 
2021-08-19T23:42:28.955+0800: 112436.553: [GC (Allocation Failure) [PSYoungGen: 99568K->1088K(101888K)] 191528K->93200K(433664K), 0.0019967 secs] [Times: user=0.01 sys=0.00, real=0.00 secs] 
2021-08-19T23:42:58.523+0800: 112466.120: [GC (Allocation Failure) [PSYoungGen: 100416K->592K(101888K)] 192528K->92848K(433664K), 0.0018428 secs] [Times: user=0.01 sys=0.00, real=0.00 secs] 
2021-08-19T23:43:20.955+0800: 112488.552: [GC (Allocation Failure) [PSYoungGen: 99920K->480K(102400K)] 192176K->92944K(434176K), 0.0021644 secs] [Times: user=0.02 sys=0.00, real=0.00 secs] 
2021-08-19T23:43:48.955+0800: 112516.552: [GC (Allocation Failure) [PSYoungGen: 100320K->704K(102400K)] 192784K->93288K(434176K), 0.0020870 secs] [Times: user=0.01 sys=0.00, real=0.00 secs] 
2021-08-19T23:44:18.453+0800: 112546.051: [GC (Allocation Failure) [PSYoungGen: 100544K->384K(102912K)] 193128K->92976K(434688K), 0.0021268 secs] [Times: user=0.02 sys=0.00, real=0.00 secs] 
2021-08-19T23:44:41.453+0800: 112569.051: [GC (Allocation Failure) [PSYoungGen: 100736K->416K(102912K)] 193328K->93048K(434688K), 0.0018555 secs] [Times: user=0.02 sys=0.00, real=0.00 secs] 
2021-08-19T23:45:08.957+0800: 112596.554: [GC (Allocation Failure) [PSYoungGen: 100768K->768K(102400K)] 193400K->93416K(434176K), 0.0020010 secs] [Times: user=0.01 sys=0.00, real=0.00 secs] 
2021-08-19T23:45:38.945+0800: 112626.543: [GC (Allocation Failure) [PSYoungGen: 101632K->736K(102912K)] 194280K->93400K(434688K), 0.0019387 secs] [Times: user=0.01 sys=0.00, real=0.00 secs] 
2021-08-19T23:46:02.952+0800: 112650.550: [GC (Allocation Failure) [PSYoungGen: 101600K->384K(103424K)] 194264K->93056K(435200K), 0.0019480 secs] [Times: user=0.02 sys=0.00, real=0.00 secs] 
2021-08-19T23:46:28.961+0800: 112676.559: [GC (Allocation Failure) [PSYoungGen: 101760K->1120K(103424K)] 194432K->93800K(435200K), 0.0021093 secs] [Times: user=0.02 sys=0.00, real=0.00 secs] 
2021-08-19T23:46:58.951+0800: 112706.549: [GC (Allocation Failure) [PSYoungGen: 102496K->1216K(103936K)] 195176K->93904K(435712K), 0.0022771 secs] [Times: user=0.01 sys=0.00, real=0.00 secs] 
2021-08-19T23:47:26.261+0800: 112733.859: [GC (Allocation Failure) [PSYoungGen: 103104K->384K(103936K)] 195792K->93080K(435712K), 0.0019368 secs] [Times: user=0.02 sys=0.00, real=0.00 secs] 
2021-08-19T23:47:50.000+0800: 112757.598: [GC (Allocation Failure) [PSYoungGen: 102272K->320K(104448K)] 194968K->93024K(436224K), 0.0020547 secs] [Times: user=0.01 sys=0.00, real=0.00 secs] 
2021-08-19T23:48:18.957+0800: 112786.555: [GC (Allocation Failure) [PSYoungGen: 102720K->736K(104448K)] 195424K->93448K(436224K), 0.0021095 secs] [Times: user=0.01 sys=0.00, real=0.00 secs] 
2021-08-19T23:48:48.948+0800: 112816.546: [GC (Allocation Failure) [PSYoungGen: 103136K->512K(104960K)] 195848K->93232K(436736K), 0.0018820 secs] [Times: user=0.02 sys=0.00, real=0.01 secs] 
2021-08-19T23:49:15.454+0800: 112843.052: [GC (Allocation Failure) [PSYoungGen: 103424K->416K(104960K)] 196144K->93144K(436736K), 0.0022619 secs] [Times: user=0.02 sys=0.00, real=0.00 secs] 
2021-08-19T23:49:39.953+0800: 112867.551: [GC (Allocation Failure) [PSYoungGen: 103328K->384K(105472K)] 196056K->93120K(437248K), 0.0018845 secs] [Times: user=0.02 sys=0.00, real=0.00 secs] 
2021-08-19T23:50:08.961+0800: 112896.558: [GC (Allocation Failure) [PSYoungGen: 103808K->736K(105472K)] 196544K->93480K(437248K), 0.0023158 secs] [Times: user=0.01 sys=0.00, real=0.00 secs] 
2021-08-19T23:50:38.953+0800: 112926.551: [GC (Allocation Failure) [PSYoungGen: 104160K->768K(104960K)] 196904K->93520K(436736K), 0.0019974 secs] [Times: user=0.01 sys=0.00, real=0.00 secs] 
2021-08-19T23:51:06.454+0800: 112954.051: [GC (Allocation Failure) [PSYoungGen: 104704K->384K(105472K)] 197456K->93144K(437248K), 0.0020768 secs] [Times: user=0.01 sys=0.00, real=0.00 secs] 
2021-08-19T23:51:31.456+0800: 112979.054: [GC (Allocation Failure) [PSYoungGen: 104320K->416K(105984K)] 197080K->93192K(437760K), 0.0018758 secs] [Times: user=0.02 sys=0.00, real=0.00 secs] 
2021-08-19T23:51:58.969+0800: 113006.567: [GC (Allocation Failure) [PSYoungGen: 104864K->1248K(105984K)] 197640K->94032K(437760K), 0.0022593 secs] [Times: user=0.02 sys=0.00, real=0.01 secs] 
2021-08-19T23:52:28.957+0800: 113036.555: [GC (Allocation Failure) [PSYoungGen: 105696K->1312K(107008K)] 198480K->94112K(438784K), 0.0020531 secs] [Times: user=0.01 sys=0.00, real=0.00 secs] 
2021-08-19T23:52:58.950+0800: 113066.548: [GC (Allocation Failure) [PSYoungGen: 106272K->768K(107008K)] 199072K->93576K(438784K), 0.0019679 secs] [Times: user=0.01 sys=0.00, real=0.00 secs] 
2021-08-19T23:53:25.456+0800: 113093.054: [GC (Allocation Failure) [PSYoungGen: 105728K->416K(107520K)] 198536K->93232K(439296K), 0.0019123 secs] [Times: user=0.01 sys=0.01, real=0.00 secs] 
2021-08-19T23:53:51.454+0800: 113119.052: [GC (Allocation Failure) [PSYoungGen: 105888K->448K(107520K)] 198704K->93280K(439296K), 0.0022590 secs] [Times: user=0.01 sys=0.00, real=0.00 secs] 
2021-08-19T23:54:18.969+0800: 113146.566: [GC (Allocation Failure) [PSYoungGen: 105920K->1248K(108032K)] 198752K->94088K(439808K), 0.0021839 secs] [Times: user=0.02 sys=0.00, real=0.01 secs] 
2021-08-19T23:54:48.962+0800: 113176.560: [GC (Allocation Failure) [PSYoungGen: 107232K->608K(108032K)] 200072K->93456K(439808K), 0.0019909 secs] [Times: user=0.02 sys=0.00, real=0.00 secs] 
2021-08-19T23:55:18.957+0800: 113206.555: [GC (Allocation Failure) [PSYoungGen: 106592K->1088K(108544K)] 199440K->93952K(440320K), 0.0019403 secs] [Times: user=0.02 sys=0.00, real=0.00 secs] 
2021-08-19T23:55:48.455+0800: 113236.053: [GC (Allocation Failure) [PSYoungGen: 107584K->384K(108544K)] 200448K->93256K(440320K), 0.0019009 secs] [Times: user=0.02 sys=0.00, real=0.00 secs] 
2021-08-19T23:56:14.685+0800: 113262.283: [GC (Allocation Failure) [PSYoungGen: 106880K->448K(109056K)] 199752K->93328K(440832K), 0.0019570 secs] [Times: user=0.02 sys=0.00, real=0.00 secs] 
2021-08-19T23:56:40.966+0800: 113288.564: [GC (Allocation Failure) [PSYoungGen: 107456K->416K(109056K)] 200336K->93312K(440832K), 0.0018767 secs] [Times: user=0.02 sys=0.00, real=0.00 secs] 
2021-08-19T23:57:08.973+0800: 113316.570: [GC (Allocation Failure) [PSYoungGen: 107424K->1376K(109568K)] 200320K->94280K(441344K), 0.0020872 secs] [Times: user=0.02 sys=0.00, real=0.00 secs] 
2021-08-19T23:57:38.969+0800: 113346.566: [GC (Allocation Failure) [PSYoungGen: 108896K->1024K(109568K)] 201800K->93944K(441344K), 0.0020405 secs] [Times: user=0.01 sys=0.00, real=0.01 secs] 
2021-08-19T23:58:08.962+0800: 113376.560: [GC (Allocation Failure) [PSYoungGen: 108544K->992K(110080K)] 201464K->93920K(441856K), 0.0021734 secs] [Times: user=0.02 sys=0.00, real=0.00 secs] 
2021-08-19T23:58:38.959+0800: 113406.557: [GC (Allocation Failure) [PSYoungGen: 109024K->1088K(110080K)] 201952K->94024K(441856K), 0.0021560 secs] [Times: user=0.02 sys=0.00, real=0.01 secs] 
2021-08-19T23:59:08.955+0800: 113436.552: [GC (Allocation Failure) [PSYoungGen: 109120K->736K(110592K)] 202056K->93680K(442368K), 0.0019318 secs] [Times: user=0.02 sys=0.00, real=0.00 secs] 
2021-08-19T23:59:37.882+0800: 113465.480: [GC (Allocation Failure) [PSYoungGen: 109279K->416K(110592K)] 202224K->93384K(442368K), 0.0021002 secs] [Times: user=0.01 sys=0.00, real=0.00 secs] 
2021-08-20T00:00:02.456+0800: 113490.054: [GC (Allocation Failure) [PSYoungGen: 108960K->416K(111104K)] 201928K->93392K(442880K), 0.0020918 secs] [Times: user=0.02 sys=0.00, real=0.00 secs] 
2021-08-20T00:00:30.457+0800: 113518.055: [GC (Allocation Failure) [PSYoungGen: 109472K->320K(111104K)] 202448K->93304K(442880K), 0.0021853 secs] [Times: user=0.01 sys=0.00, real=0.00 secs] 
2021-08-20T00:00:58.975+0800: 113546.573: [GC (Allocation Failure) [PSYoungGen: 109376K->960K(111616K)] 202360K->93952K(443392K), 0.0019793 secs] [Times: user=0.02 sys=0.00, real=0.00 secs] 
2021-08-20T00:01:28.973+0800: 113576.571: [GC (Allocation Failure) [PSYoungGen: 110528K->1216K(111616K)] 203520K->94216K(443392K), 0.0020605 secs] [Times: user=0.01 sys=0.00, real=0.00 secs] 
2021-08-20T00:01:58.972+0800: 113606.570: [GC (Allocation Failure) [PSYoungGen: 110784K->896K(112128K)] 203784K->93904K(443904K), 0.0020951 secs] [Times: user=0.01 sys=0.00, real=0.00 secs] 
2021-08-20T00:02:28.970+0800: 113636.568: [GC (Allocation Failure) [PSYoungGen: 110976K->800K(112128K)] 203984K->93816K(443904K), 0.0019383 secs] [Times: user=0.02 sys=0.00, real=0.00 secs] 
2021-08-20T00:02:58.969+0800: 113666.567: [GC (Allocation Failure) [PSYoungGen: 110880K->608K(111616K)] 203896K->93632K(443392K), 0.0021902 secs] [Times: user=0.01 sys=0.00, real=0.01 secs] 
2021-08-20T00:03:28.967+0800: 113696.564: [GC (Allocation Failure) [PSYoungGen: 111200K->1488K(112128K)] 204224K->94536K(443904K), 0.0022047 secs] [Times: user=0.02 sys=0.00, real=0.00 secs] 
2021-08-20T00:03:58.965+0800: 113726.563: [GC (Allocation Failure) [PSYoungGen: 112080K->1488K(113152K)] 205128K->94544K(444928K), 0.0021009 secs] [Times: user=0.01 sys=0.00, real=0.00 secs] 
2021-08-20T00:04:28.964+0800: 113756.562: [GC (Allocation Failure) [PSYoungGen: 112592K->1488K(113152K)] 205648K->94552K(444928K), 0.0021765 secs] [Times: user=0.02 sys=0.00, real=0.00 secs] 
2021-08-20T00:04:58.965+0800: 113786.562: [GC (Allocation Failure) [PSYoungGen: 112592K->1552K(113152K)] 205656K->94624K(444928K), 0.0021915 secs] [Times: user=0.01 sys=0.01, real=0.00 secs] 
2021-08-20T00:05:28.965+0800: 113816.562: [GC (Allocation Failure) [PSYoungGen: 112656K->1424K(113664K)] 205728K->94504K(445440K), 0.0020576 secs] [Times: user=0.01 sys=0.00, real=0.00 secs] 
2021-08-20T00:05:58.961+0800: 113846.558: [GC (Allocation Failure) [PSYoungGen: 112528K->1392K(114176K)] 205608K->94480K(445952K), 0.0024302 secs] [Times: user=0.02 sys=0.00, real=0.00 secs] 
2021-08-20T00:06:28.961+0800: 113876.559: [GC (Allocation Failure) [PSYoungGen: 113008K->1440K(114176K)] 206096K->94536K(445952K), 0.0022835 secs] [Times: user=0.02 sys=0.00, real=0.00 secs] 
2021-08-20T00:06:58.962+0800: 113906.559: [GC (Allocation Failure) [PSYoungGen: 113056K->1536K(114688K)] 206152K->94640K(446464K), 0.0020685 secs] [Times: user=0.01 sys=0.00, real=0.00 secs] 
2021-08-20T00:07:28.961+0800: 113936.559: [GC (Allocation Failure) [PSYoungGen: 113664K->1520K(114688K)] 206768K->94704K(446464K), 0.0021055 secs] [Times: user=0.02 sys=0.00, real=0.00 secs] 
2021-08-20T00:07:58.962+0800: 113966.559: [GC (Allocation Failure) [PSYoungGen: 113648K->1520K(115200K)] 206832K->94728K(446976K), 0.0020969 secs] [Times: user=0.02 sys=0.00, real=0.00 secs] 
2021-08-20T00:08:28.962+0800: 113996.560: [GC (Allocation Failure) [PSYoungGen: 114160K->1568K(115200K)] 207368K->94816K(446976K), 0.0021022 secs] [Times: user=0.02 sys=0.00, real=0.00 secs] 
2021-08-20T00:08:58.963+0800: 114026.560: [GC (Allocation Failure) [PSYoungGen: 114208K->1632K(115712K)] 207456K->94912K(447488K), 0.0029327 secs] [Times: user=0.02 sys=0.01, real=0.00 secs] 
2021-08-20T00:09:28.964+0800: 114056.562: [GC (Allocation Failure) [PSYoungGen: 114784K->1840K(115712K)] 208064K->95128K(447488K), 0.0021912 secs] [Times: user=0.02 sys=0.00, real=0.00 secs] 
2021-08-20T00:09:58.966+0800: 114086.564: [GC (Allocation Failure) [PSYoungGen: 114992K->1952K(116224K)] 208280K->95264K(448000K), 0.0024650 secs] [Times: user=0.02 sys=0.00, real=0.00 secs] 
2021-08-20T00:10:28.968+0800: 114116.565: [GC (Allocation Failure) [PSYoungGen: 115616K->2080K(116224K)] 208928K->95400K(448000K), 0.0021940 secs] [Times: user=0.01 sys=0.00, real=0.00 secs] 
2021-08-20T00:10:58.969+0800: 114146.566: [GC (Allocation Failure) [PSYoungGen: 115744K->2128K(117248K)] 209064K->95576K(449024K), 0.0021915 secs] [Times: user=0.01 sys=0.00, real=0.01 secs] 
2021-08-20T00:11:28.972+0800: 114176.570: [GC (Allocation Failure) [PSYoungGen: 116304K->1376K(117248K)] 209752K->94952K(449024K), 0.0020394 secs] [Times: user=0.01 sys=0.00, real=0.00 secs] 
2021-08-20T00:11:58.974+0800: 114206.572: [GC (Allocation Failure) [PSYoungGen: 115552K->1104K(117760K)] 209128K->94808K(449536K), 0.0020548 secs] [Times: user=0.01 sys=0.00, real=0.00 secs] 
2021-08-20T00:12:28.977+0800: 114236.575: [GC (Allocation Failure) [PSYoungGen: 115792K->1712K(117760K)] 209496K->95536K(449536K), 0.0021108 secs] [Times: user=0.02 sys=0.00, real=0.00 secs] 
2021-08-20T00:12:58.979+0800: 114266.577: [GC (Allocation Failure) [PSYoungGen: 116400K->1232K(117248K)] 210224K->95272K(449024K), 0.0021062 secs] [Times: user=0.02 sys=0.00, real=0.01 secs] 
2021-08-20T00:13:29.981+0800: 114297.579: [GC (Allocation Failure) [PSYoungGen: 116432K->688K(117760K)] 210472K->94848K(449536K), 0.0019244 secs] [Times: user=0.01 sys=0.00, real=0.00 secs] 
2021-08-20T00:14:01.611+0800: 114329.209: [GC (Allocation Failure) [PSYoungGen: 115888K->496K(118784K)] 210048K->94776K(450560K), 0.0021279 secs] [Times: user=0.02 sys=0.00, real=0.00 secs] 
2021-08-20T00:14:33.611+0800: 114361.209: [GC (Allocation Failure) [PSYoungGen: 116208K->384K(118784K)] 210488K->94864K(450560K), 0.0020409 secs] [Times: user=0.01 sys=0.00, real=0.00 secs] 
2021-08-20T00:15:04.961+0800: 114392.559: [GC (Allocation Failure) [PSYoungGen: 116096K->384K(119296K)] 210576K->94872K(451072K), 0.0018342 secs] [Times: user=0.02 sys=0.00, real=0.00 secs] 
2021-08-20T00:15:37.280+0800: 114424.878: [GC (Allocation Failure) [PSYoungGen: 116608K->448K(119296K)] 211096K->94968K(451072K), 0.0019180 secs] [Times: user=0.01 sys=0.00, real=0.00 secs] 
2021-08-20T00:16:08.962+0800: 114456.560: [GC (Allocation Failure) [PSYoungGen: 116672K->640K(118784K)] 211192K->95168K(450560K), 0.0020275 secs] [Times: user=0.02 sys=0.00, real=0.00 secs] 
2021-08-20T00:16:38.967+0800: 114486.565: [GC (Allocation Failure) [PSYoungGen: 117376K->1088K(119296K)] 211904K->95632K(451072K), 0.0022657 secs] [Times: user=0.01 sys=0.00, real=0.00 secs] 
2021-08-20T00:17:08.973+0800: 114516.571: [GC (Allocation Failure) [PSYoungGen: 117824K->448K(119808K)] 212368K->95032K(451584K), 0.0020122 secs] [Times: user=0.01 sys=0.00, real=0.00 secs] 
2021-08-20T00:17:38.980+0800: 114546.578: [GC (Allocation Failure) [PSYoungGen: 117696K->1152K(119808K)] 212280K->95744K(451584K), 0.0020644 secs] [Times: user=0.01 sys=0.00, real=0.01 secs] 
2021-08-20T00:18:09.332+0800: 114576.930: [GC (Allocation Failure) [PSYoungGen: 118400K->384K(120320K)] 212992K->94984K(452096K), 0.0020105 secs] [Times: user=0.02 sys=0.00, real=0.00 secs] 
2021-08-20T00:18:42.459+0800: 114610.057: [GC (Allocation Failure) [PSYoungGen: 118144K->384K(120320K)] 212744K->94992K(452096K), 0.0020950 secs] [Times: user=0.02 sys=0.00, real=0.01 secs] 
2021-08-20T00:19:15.607+0800: 114643.205: [GC (Allocation Failure) [PSYoungGen: 118144K->256K(120832K)] 212752K->94872K(452608K), 0.0019793 secs] [Times: user=0.01 sys=0.00, real=0.00 secs] 
2021-08-20T00:19:48.606+0800: 114676.204: [GC (Allocation Failure) [PSYoungGen: 118528K->352K(120832K)] 213144K->94976K(452608K), 0.0019687 secs] [Times: user=0.01 sys=0.00, real=0.00 secs] 
2021-08-20T00:20:18.970+0800: 114706.568: [GC (Allocation Failure) [PSYoungGen: 118624K->1184K(121344K)] 213248K->95816K(453120K), 0.0031424 secs] [Times: user=0.02 sys=0.01, real=0.00 secs] 
2021-08-20T00:20:48.977+0800: 114736.574: [GC (Allocation Failure) [PSYoungGen: 119968K->800K(121344K)] 214600K->95440K(453120K), 0.0023831 secs] [Times: user=0.02 sys=0.00, real=0.00 secs] 
2021-08-20T00:21:18.984+0800: 114766.582: [GC (Allocation Failure) [PSYoungGen: 119584K->960K(121344K)] 214224K->95608K(453120K), 0.0021628 secs] [Times: user=0.01 sys=0.00, real=0.00 secs] 
2021-08-20T00:21:52.513+0800: 114800.110: [GC (Allocation Failure) [PSYoungGen: 120256K->416K(121344K)] 214904K->95072K(453120K), 0.0019272 secs] [Times: user=0.01 sys=0.00, real=0.00 secs] 
2021-08-20T00:22:26.462+0800: 114834.060: [GC (Allocation Failure) [PSYoungGen: 119712K->448K(121856K)] 214368K->95120K(453632K), 0.0019273 secs] [Times: user=0.01 sys=0.00, real=0.00 secs] 
2021-08-20T00:22:58.966+0800: 114866.564: [GC (Allocation Failure) [PSYoungGen: 120256K->832K(121856K)] 214928K->95512K(453632K), 0.0020413 secs] [Times: user=0.01 sys=0.00, real=0.00 secs] 
2021-08-20T00:23:28.975+0800: 114896.573: [GC (Allocation Failure) [PSYoungGen: 120640K->672K(122368K)] 215320K->95360K(454144K), 0.0019457 secs] [Times: user=0.02 sys=0.00, real=0.00 secs] 
2021-08-20T00:23:58.984+0800: 114926.582: [GC (Allocation Failure) [PSYoungGen: 120992K->928K(122368K)] 215680K->95624K(454144K), 0.0020096 secs] [Times: user=0.02 sys=0.00, real=0.00 secs] 
2021-08-20T00:24:32.962+0800: 114960.560: [GC (Allocation Failure) [PSYoungGen: 121248K->352K(122880K)] 215944K->95056K(454656K), 0.0018906 secs] [Times: user=0.01 sys=0.00, real=0.00 secs] 
2021-08-20T00:25:07.607+0800: 114995.205: [GC (Allocation Failure) [PSYoungGen: 121184K->384K(122880K)] 215888K->95096K(454656K), 0.0020912 secs] [Times: user=0.01 sys=0.00, real=0.00 secs] 
2021-08-20T00:25:38.972+0800: 115026.570: [GC (Allocation Failure) [PSYoungGen: 121216K->1216K(123392K)] 215928K->95944K(455168K), 0.0021545 secs] [Times: user=0.01 sys=0.00, real=0.00 secs] 
2021-08-20T00:26:08.983+0800: 115056.580: [GC (Allocation Failure) [PSYoungGen: 122560K->1088K(123392K)] 217288K->95824K(455168K), 0.0022356 secs] [Times: user=0.02 sys=0.00, real=0.00 secs] 
2021-08-20T00:26:41.608+0800: 115089.206: [GC (Allocation Failure) [PSYoungGen: 122432K->352K(123904K)] 217168K->95096K(455680K), 0.0023289 secs] [Times: user=0.01 sys=0.00, real=0.01 secs] 
2021-08-20T00:27:17.360+0800: 115124.958: [GC (Allocation Failure) [PSYoungGen: 122208K->384K(123904K)] 216952K->95144K(455680K), 0.0020252 secs] [Times: user=0.02 sys=0.00, real=0.01 secs] 
2021-08-20T00:27:48.972+0800: 115156.570: [GC (Allocation Failure) [PSYoungGen: 122240K->1248K(124416K)] 217000K->96016K(456192K), 0.0020406 secs] [Times: user=0.01 sys=0.00, real=0.00 secs] 
2021-08-20T00:28:18.983+0800: 115186.581: [GC (Allocation Failure) [PSYoungGen: 123616K->1152K(124416K)] 218384K->95928K(456192K), 0.0023239 secs] [Times: user=0.01 sys=0.00, real=0.00 secs] 
2021-08-20T00:28:52.609+0800: 115220.207: [GC (Allocation Failure) [PSYoungGen: 123520K->384K(124928K)] 218296K->95200K(456704K), 0.0021049 secs] [Times: user=0.02 sys=0.00, real=0.01 secs] 
2021-08-20T00:29:28.963+0800: 115256.561: [GC (Allocation Failure) [PSYoungGen: 123264K->384K(124928K)] 218080K->95216K(456704K), 0.0019446 secs] [Times: user=0.01 sys=0.01, real=0.00 secs] 
2021-08-20T00:29:58.978+0800: 115286.575: [GC (Allocation Failure) [PSYoungGen: 123264K->416K(125440K)] 218096K->95280K(457216K), 0.0019175 secs] [Times: user=0.01 sys=0.00, real=0.00 secs] 
2021-08-20T00:30:29.964+0800: 115317.562: [GC (Allocation Failure) [PSYoungGen: 123808K->352K(125440K)] 218672K->95224K(457216K), 0.0021880 secs] [Times: user=0.01 sys=0.00, real=0.00 secs] 
2021-08-20T00:31:06.464+0800: 115354.062: [GC (Allocation Failure) [PSYoungGen: 123744K->352K(125952K)] 218616K->95240K(457728K), 0.0022912 secs] [Times: user=0.01 sys=0.00, real=0.00 secs] 
2021-08-20T00:31:38.975+0800: 115386.573: [GC (Allocation Failure) [PSYoungGen: 124256K->1248K(125952K)] 219144K->96144K(457728K), 0.0020426 secs] [Times: user=0.01 sys=0.00, real=0.00 secs] 
2021-08-20T00:32:08.989+0800: 115416.586: [GC (Allocation Failure) [PSYoungGen: 125152K->960K(126464K)] 220048K->95864K(458240K), 0.0020279 secs] [Times: user=0.01 sys=0.00, real=0.01 secs] 
2021-08-20T00:32:45.467+0800: 115453.065: [GC (Allocation Failure) [PSYoungGen: 125376K->384K(126464K)] 220280K->95296K(458240K), 0.0019771 secs] [Times: user=0.01 sys=0.00, real=0.00 secs] 
2021-08-20T00:33:18.975+0800: 115486.573: [GC (Allocation Failure) [PSYoungGen: 124800K->1264K(126976K)] 219712K->96184K(458752K), 0.0020466 secs] [Times: user=0.01 sys=0.00, real=0.00 secs] 
2021-08-20T00:33:48.988+0800: 115516.585: [GC (Allocation Failure) [PSYoungGen: 126192K->1456K(126976K)] 221112K->96400K(458752K), 0.0021319 secs] [Times: user=0.02 sys=0.00, real=0.00 secs] 
2021-08-20T00:34:24.965+0800: 115552.563: [GC (Allocation Failure) [PSYoungGen: 126384K->656K(127488K)] 221328K->95609K(459264K), 0.0020276 secs] [Times: user=0.02 sys=0.00, real=0.00 secs] 
2021-08-20T00:34:58.976+0800: 115586.574: [GC (Allocation Failure) [PSYoungGen: 126096K->1568K(127488K)] 221049K->96528K(459264K), 0.0024765 secs] [Times: user=0.01 sys=0.00, real=0.00 secs] 
2021-08-20T00:35:28.989+0800: 115616.586: [GC (Allocation Failure) [PSYoungGen: 127008K->1952K(128512K)] 221968K->96921K(460288K), 0.0024592 secs] [Times: user=0.01 sys=0.00, real=0.01 secs] 
2021-08-20T00:36:05.466+0800: 115653.063: [GC (Allocation Failure) [PSYoungGen: 127904K->992K(128512K)] 222873K->95969K(460288K), 0.0020931 secs] [Times: user=0.01 sys=0.00, real=0.00 secs] 
2021-08-20T00:36:38.978+0800: 115686.575: [GC (Allocation Failure) [PSYoungGen: 126944K->2064K(129024K)] 221921K->97049K(460800K), 0.0020559 secs] [Times: user=0.01 sys=0.00, real=0.00 secs] 
2021-08-20T00:37:09.617+0800: 115717.215: [GC (Allocation Failure) [PSYoungGen: 128528K->1152K(129024K)] 223513K->96145K(460800K), 0.0021080 secs] [Times: user=0.01 sys=0.00, real=0.00 secs] 
2021-08-20T00:37:47.965+0800: 115755.563: [GC (Allocation Failure) [PSYoungGen: 127616K->1152K(129536K)] 222609K->96153K(461312K), 0.0020491 secs] [Times: user=0.01 sys=0.00, real=0.00 secs] 
2021-08-20T00:38:18.985+0800: 115786.583: [GC (Allocation Failure) [PSYoungGen: 128128K->1616K(129536K)] 223129K->96625K(461312K), 0.0022368 secs] [Times: user=0.02 sys=0.00, real=0.00 secs] 
2021-08-20T00:38:53.618+0800: 115821.215: [GC (Allocation Failure) [PSYoungGen: 128592K->1136K(130048K)] 223601K->96153K(461824K), 0.0022402 secs] [Times: user=0.02 sys=0.00, real=0.00 secs] 
2021-08-20T00:39:28.979+0800: 115856.577: [GC (Allocation Failure) [PSYoungGen: 128624K->1968K(130048K)] 223641K->96993K(461824K), 0.0020679 secs] [Times: user=0.01 sys=0.00, real=0.01 secs] 
2021-08-20T00:39:59.967+0800: 115887.565: [GC (Allocation Failure) [PSYoungGen: 129456K->1136K(130560K)] 224481K->96169K(462336K), 0.0019473 secs] [Times: user=0.01 sys=0.00, real=0.00 secs] 
2021-08-20T00:40:38.971+0800: 115926.569: [GC (Allocation Failure) [PSYoungGen: 129136K->1088K(130560K)] 224169K->96129K(462336K), 0.0019613 secs] [Times: user=0.01 sys=0.00, real=0.00 secs] 
2021-08-20T00:41:08.989+0800: 115956.587: [GC (Allocation Failure) [PSYoungGen: 129088K->2032K(131072K)] 224129K->97081K(462848K), 0.0022594 secs] [Times: user=0.01 sys=0.00, real=0.01 secs] 
2021-08-20T00:41:46.468+0800: 115994.065: [GC (Allocation Failure) [PSYoungGen: 130544K->1088K(131072K)] 225593K->96249K(462848K), 0.0020898 secs] [Times: user=0.02 sys=0.00, real=0.00 secs] 
2021-08-20T00:42:18.985+0800: 116026.583: [GC (Allocation Failure) [PSYoungGen: 129600K->1296K(131584K)] 224761K->96577K(463360K), 0.0019359 secs] [Times: user=0.01 sys=0.00, real=0.00 secs] 
2021-08-20T00:42:53.467+0800: 116061.065: [GC (Allocation Failure) [PSYoungGen: 130320K->880K(131584K)] 225601K->96377K(463360K), 0.0023054 secs] [Times: user=0.01 sys=0.00, real=0.00 secs] 
2021-08-20T00:43:28.980+0800: 116096.578: [GC (Allocation Failure) [PSYoungGen: 129904K->1648K(132096K)] 225401K->97273K(463872K), 0.0023868 secs] [Times: user=0.01 sys=0.00, real=0.00 secs] 
2021-08-20T00:44:01.622+0800: 116129.220: [GC (Allocation Failure) [PSYoungGen: 131184K->576K(132096K)] 226809K->96393K(463872K), 0.0019721 secs] [Times: user=0.02 sys=0.00, real=0.00 secs] 
2021-08-20T00:44:38.979+0800: 116166.577: [GC (Allocation Failure) [PSYoungGen: 130112K->1184K(132608K)] 225929K->97137K(464384K), 0.0023958 secs] [Times: user=0.02 sys=0.00, real=0.01 secs] 
2021-08-20T00:45:10.050+0800: 116197.648: [GC (Allocation Failure) [PSYoungGen: 131232K->448K(132608K)] 227185K->96609K(464384K), 0.0019899 secs] [Times: user=0.01 sys=0.00, real=0.00 secs] 
2021-08-20T00:45:48.977+0800: 116236.574: [GC (Allocation Failure) [PSYoungGen: 130496K->800K(133120K)] 226657K->96969K(464896K), 0.0022830 secs] [Times: user=0.01 sys=0.00, real=0.00 secs] 
2021-08-20T00:46:19.625+0800: 116267.223: [GC (Allocation Failure) [PSYoungGen: 131360K->352K(133120K)] 227529K->96545K(464896K), 0.0019365 secs] [Times: user=0.01 sys=0.00, real=0.00 secs] 
2021-08-20T00:46:58.977+0800: 116306.574: [GC (Allocation Failure) [PSYoungGen: 130912K->768K(133632K)] 227105K->96969K(465408K), 0.0019132 secs] [Times: user=0.02 sys=0.00, real=0.00 secs] 
2021-08-20T00:47:29.626+0800: 116337.224: [GC (Allocation Failure) [PSYoungGen: 131840K->416K(133632K)] 228041K->96641K(465408K), 0.0023322 secs] [Times: user=0.01 sys=0.00, real=0.00 secs] 
2021-08-20T00:48:08.978+0800: 116376.576: [GC (Allocation Failure) [PSYoungGen: 131488K->736K(133120K)] 227713K->97009K(464896K), 0.0020446 secs] [Times: user=0.01 sys=0.00, real=0.01 secs] 
2021-08-20T00:48:39.470+0800: 116407.067: [GC (Allocation Failure) [PSYoungGen: 132320K->416K(133632K)] 228593K->96705K(465408K), 0.0019222 secs] [Times: user=0.01 sys=0.00, real=0.01 secs] 
2021-08-20T00:49:18.980+0800: 116446.578: [GC (Allocation Failure) [PSYoungGen: 132000K->544K(134144K)] 228289K->96841K(465920K), 0.0018827 secs] [Times: user=0.01 sys=0.00, real=0.00 secs] 
2021-08-20T00:49:51.112+0800: 116478.710: [GC (Allocation Failure) [PSYoungGen: 132640K->416K(134144K)] 228937K->96721K(465920K), 0.0018805 secs] [Times: user=0.01 sys=0.00, real=0.00 secs] 
2021-08-20T00:50:28.986+0800: 116516.584: [GC (Allocation Failure) [PSYoungGen: 132512K->1216K(134656K)] 228817K->97529K(466432K), 0.0020581 secs] [Times: user=0.02 sys=0.00, real=0.00 secs] 
2021-08-20T00:51:02.623+0800: 116550.221: [GC (Allocation Failure) [PSYoungGen: 133824K->480K(134656K)] 230137K->96809K(466432K), 0.0019712 secs] [Times: user=0.01 sys=0.00, real=0.00 secs] 
2021-08-20T00:51:38.988+0800: 116586.585: [GC (Allocation Failure) [PSYoungGen: 133088K->992K(135168K)] 229417K->97329K(466944K), 0.0024253 secs] [Times: user=0.02 sys=0.00, real=0.00 secs] 
2021-08-20T00:52:14.971+0800: 116622.568: [GC (Allocation Failure) [PSYoungGen: 134112K->416K(135168K)] 230449K->96761K(466944K), 0.0019343 secs] [Times: user=0.02 sys=0.00, real=0.00 secs] 
2021-08-20T00:52:48.995+0800: 116656.593: [GC (Allocation Failure) [PSYoungGen: 133536K->608K(135680K)] 229881K->96961K(467456K), 0.0019435 secs] [Times: user=0.01 sys=0.00, real=0.00 secs] 
2021-08-20T00:53:27.970+0800: 116695.568: [GC (Allocation Failure) [PSYoungGen: 134240K->384K(135680K)] 230593K->96769K(467456K), 0.0020146 secs] [Times: user=0.02 sys=0.00, real=0.00 secs] 
2021-08-20T00:53:59.000+0800: 116726.598: [GC (Allocation Failure) [PSYoungGen: 134016K->960K(136192K)] 230401K->97353K(467968K), 0.0021253 secs] [Times: user=0.01 sys=0.00, real=0.00 secs] 
2021-08-20T00:54:38.986+0800: 116766.584: [GC (Allocation Failure) [PSYoungGen: 135104K->1088K(136192K)] 231497K->97489K(467968K), 0.0019632 secs] [Times: user=0.01 sys=0.00, real=0.00 secs] 
2021-08-20T00:55:12.768+0800: 116800.365: [GC (Allocation Failure) [PSYoungGen: 135232K->288K(136704K)] 231633K->96697K(468480K), 0.0019679 secs] [Times: user=0.01 sys=0.01, real=0.00 secs] 
2021-08-20T00:55:48.994+0800: 116836.591: [GC (Allocation Failure) [PSYoungGen: 134944K->768K(136704K)] 231353K->97193K(468480K), 0.0020243 secs] [Times: user=0.01 sys=0.00, real=0.00 secs] 
2021-08-20T00:56:26.971+0800: 116874.569: [GC (Allocation Failure) [PSYoungGen: 135424K->320K(137216K)] 231849K->96753K(468992K), 0.0019853 secs] [Times: user=0.02 sys=0.00, real=0.00 secs] 
2021-08-20T00:56:59.002+0800: 116906.600: [GC (Allocation Failure) [PSYoungGen: 135488K->928K(137216K)] 231921K->97377K(468992K), 0.0020214 secs] [Times: user=0.02 sys=0.00, real=0.00 secs] 
2021-08-20T00:57:38.987+0800: 116946.585: [GC (Allocation Failure) [PSYoungGen: 136096K->1120K(137728K)] 232545K->97577K(469504K), 0.0034073 secs] [Times: user=0.02 sys=0.01, real=0.01 secs] 
2021-08-20T00:58:14.474+0800: 116982.071: [GC (Allocation Failure) [PSYoungGen: 136800K->416K(137728K)] 233257K->96889K(469504K), 0.0019227 secs] [Times: user=0.01 sys=0.00, real=0.00 secs] 
2021-08-20T00:58:48.997+0800: 117016.594: [GC (Allocation Failure) [PSYoungGen: 136096K->1088K(138240K)] 232569K->97569K(470016K), 0.0021951 secs] [Times: user=0.02 sys=0.00, real=0.00 secs] 
2021-08-20T00:59:28.983+0800: 117056.580: [GC (Allocation Failure) [PSYoungGen: 137280K->736K(138240K)] 233761K->97233K(470016K), 0.0020340 secs] [Times: user=0.02 sys=0.00, real=0.00 secs] 
2021-08-20T01:00:02.473+0800: 117090.071: [GC (Allocation Failure) [PSYoungGen: 136928K->384K(138752K)] 233425K->96889K(470528K), 0.0019810 secs] [Times: user=0.02 sys=0.00, real=0.00 secs] 
2021-08-20T01:00:38.994+0800: 117126.592: [GC (Allocation Failure) [PSYoungGen: 137088K->736K(138752K)] 233593K->97257K(470528K), 0.0020523 secs] [Times: user=0.02 sys=0.00, real=0.00 secs] 
2021-08-20T01:01:18.979+0800: 117166.577: [GC (Allocation Failure) [PSYoungGen: 137440K->416K(138752K)] 233961K->96953K(470528K), 0.0021138 secs] [Times: user=0.01 sys=0.00, real=0.01 secs] 
2021-08-20T01:01:51.691+0800: 117199.289: [GC (Allocation Failure) [PSYoungGen: 137632K->288K(138752K)] 234169K->96833K(470528K), 0.0019511 secs] [Times: user=0.02 sys=0.00, real=0.00 secs] 
2021-08-20T01:02:28.994+0800: 117236.592: [GC (Allocation Failure) [PSYoungGen: 137504K->784K(139264K)] 234049K->97337K(471040K), 0.0020211 secs] [Times: user=0.01 sys=0.00, real=0.00 secs] 
2021-08-20T01:03:08.981+0800: 117276.579: [GC (Allocation Failure) [PSYoungGen: 138512K->480K(139264K)] 235065K->97041K(471040K), 0.0019301 secs] [Times: user=0.02 sys=0.00, real=0.00 secs] 
2021-08-20T01:03:41.976+0800: 117309.574: [GC (Allocation Failure) [PSYoungGen: 138206K->704K(139776K)] 234767K->97273K(471552K), 0.0023674 secs] [Times: user=0.01 sys=0.00, real=0.00 secs] 
2021-08-20T01:04:18.995+0800: 117346.593: [GC (Allocation Failure) [PSYoungGen: 138944K->880K(139776K)] 235513K->97457K(471552K), 0.0020017 secs] [Times: user=0.02 sys=0.00, real=0.00 secs] 
2021-08-20T01:04:58.985+0800: 117386.582: [GC (Allocation Failure) [PSYoungGen: 139120K->1280K(140288K)] 235697K->97865K(472064K), 0.0021913 secs] [Times: user=0.01 sys=0.00, real=0.00 secs] 
2021-08-20T01:05:33.978+0800: 117421.575: [GC (Allocation Failure) [PSYoungGen: 140032K->1024K(140288K)] 236617K->97625K(472064K), 0.0022029 secs] [Times: user=0.02 sys=0.00, real=0.00 secs] 
2021-08-20T01:06:09.000+0800: 117456.598: [GC (Allocation Failure) [PSYoungGen: 139776K->1504K(140288K)] 236377K->98489K(472064K), 0.0021687 secs] [Times: user=0.02 sys=0.00, real=0.00 secs] 
2021-08-20T01:06:48.990+0800: 117496.587: [GC (Allocation Failure) [PSYoungGen: 140256K->2000K(140800K)] 237241K->99009K(472576K), 0.0026868 secs] [Times: user=0.02 sys=0.00, real=0.01 secs] 
2021-08-20T01:07:26.479+0800: 117534.077: [GC (Allocation Failure) [PSYoungGen: 140752K->1056K(141824K)] 237761K->98065K(473600K), 0.0021366 secs] [Times: user=0.01 sys=0.00, real=0.01 secs] 
2021-08-20T01:07:59.979+0800: 117567.577: [GC (Allocation Failure) [PSYoungGen: 140320K->1120K(141824K)] 237329K->98145K(473600K), 0.0019930 secs] [Times: user=0.02 sys=0.00, real=0.01 secs] 
2021-08-20T01:08:38.996+0800: 117606.594: [GC (Allocation Failure) [PSYoungGen: 140384K->1488K(141312K)] 237409K->98521K(473088K), 0.0019855 secs] [Times: user=0.01 sys=0.00, real=0.00 secs] 
2021-08-20T01:09:18.986+0800: 117646.584: [GC (Allocation Failure) [PSYoungGen: 140752K->1488K(141824K)] 237785K->98529K(473600K), 0.0022037 secs] [Times: user=0.01 sys=0.00, real=0.00 secs] 
2021-08-20T01:09:53.579+0800: 117681.177: [GC (Allocation Failure) [PSYoungGen: 140752K->1120K(142336K)] 237793K->98169K(474112K), 0.0022508 secs] [Times: user=0.01 sys=0.00, real=0.01 secs] 
2021-08-20T01:10:29.004+0800: 117716.602: [GC (Allocation Failure) [PSYoungGen: 140896K->2160K(142336K)] 237945K->99217K(474112K), 0.0021415 secs] [Times: user=0.02 sys=0.00, real=0.00 secs] 
2021-08-20T01:11:08.995+0800: 117756.593: [GC (Allocation Failure) [PSYoungGen: 141936K->2304K(142336K)] 238993K->99369K(474112K), 0.0022770 secs] [Times: user=0.02 sys=0.00, real=0.00 secs] 
2021-08-20T01:11:48.639+0800: 117796.237: [GC (Allocation Failure) [PSYoungGen: 142080K->1024K(142848K)] 239145K->98217K(474624K), 0.0022839 secs] [Times: user=0.02 sys=0.00, real=0.01 secs] 
2021-08-20T01:12:22.482+0800: 117830.080: [GC (Allocation Failure) [PSYoungGen: 140800K->960K(142336K)] 237993K->98265K(474112K), 0.0021814 secs] [Times: user=0.01 sys=0.00, real=0.00 secs] 
2021-08-20T01:12:59.008+0800: 117866.605: [GC (Allocation Failure) [PSYoungGen: 141248K->1600K(142848K)] 238553K->99121K(474624K), 0.0022680 secs] [Times: user=0.02 sys=0.00, real=0.00 secs] 
2021-08-20T01:13:38.997+0800: 117906.594: [GC (Allocation Failure) [PSYoungGen: 141888K->1648K(143360K)] 239409K->99177K(475136K), 0.0020470 secs] [Times: user=0.02 sys=0.00, real=0.00 secs] 
2021-08-20T01:14:17.640+0800: 117945.238: [GC (Allocation Failure) [PSYoungGen: 142448K->624K(143360K)] 239977K->98353K(475136K), 0.0020552 secs] [Times: user=0.01 sys=0.00, real=0.00 secs] 
2021-08-20T01:14:51.982+0800: 117979.580: [GC (Allocation Failure) [PSYoungGen: 141424K->528K(143872K)] 239153K->98489K(475648K), 0.0019866 secs] [Times: user=0.02 sys=0.00, real=0.00 secs] 
2021-08-20T01:15:29.010+0800: 118016.608: [GC (Allocation Failure) [PSYoungGen: 141840K->1280K(143872K)] 239801K->99473K(475648K), 0.0022334 secs] [Times: user=0.02 sys=0.00, real=0.00 secs] 
2021-08-20T01:16:09.000+0800: 118056.598: [GC (Allocation Failure) [PSYoungGen: 142592K->960K(144384K)] 240785K->99161K(476160K), 0.0020249 secs] [Times: user=0.01 sys=0.00, real=0.00 secs] 
2021-08-20T01:16:48.984+0800: 118096.582: [GC (Allocation Failure) [PSYoungGen: 142784K->480K(144384K)] 240985K->98705K(476160K), 0.0018868 secs] [Times: user=0.02 sys=0.00, real=0.00 secs] 
2021-08-20T01:17:23.985+0800: 118131.582: [GC (Allocation Failure) [PSYoungGen: 142304K->416K(144896K)] 240529K->98657K(476672K), 0.0021345 secs] [Times: user=0.01 sys=0.00, real=0.00 secs] 
2021-08-20T01:18:09.001+0800: 118176.598: [GC (Allocation Failure) [PSYoungGen: 142752K->1184K(144896K)] 240993K->99457K(476672K), 0.0020682 secs] [Times: user=0.01 sys=0.00, real=0.00 secs] 
2021-08-20T01:18:58.607+0800: 118226.205: [GC (Allocation Failure) [PSYoungGen: 143520K->384K(145408K)] 241793K->98673K(477184K), 0.0021971 secs] [Times: user=0.01 sys=0.00, real=0.00 secs] 
2021-08-20T01:19:45.645+0800: 118273.243: [GC (Allocation Failure) [PSYoungGen: 143232K->448K(145408K)] 241521K->98745K(477184K), 0.0019624 secs] [Times: user=0.02 sys=0.00, real=0.00 secs] 
2021-08-20T01:20:32.494+0800: 118320.092: [GC (Allocation Failure) [PSYoungGen: 143296K->448K(145920K)] 241593K->98777K(477696K), 0.0018492 secs] [Times: user=0.02 sys=0.00, real=0.00 secs] 
2021-08-20T01:21:09.015+0800: 118356.613: [GC (Allocation Failure) [PSYoungGen: 143808K->992K(145920K)] 242137K->99329K(477696K), 0.0020642 secs] [Times: user=0.02 sys=0.00, real=0.00 secs] 
2021-08-20T01:21:49.009+0800: 118396.607: [GC (Allocation Failure) [PSYoungGen: 144352K->768K(145408K)] 242689K->99113K(477184K), 0.0021272 secs] [Times: user=0.02 sys=0.00, real=0.01 secs] 
2021-08-20T01:22:29.003+0800: 118436.601: [GC (Allocation Failure) [PSYoungGen: 144640K->1344K(145920K)] 242985K->99697K(477696K), 0.0020422 secs] [Times: user=0.02 sys=0.00, real=0.00 secs] 
2021-08-20T01:23:08.998+0800: 118476.595: [GC (Allocation Failure) [PSYoungGen: 145216K->672K(146432K)] 243569K->99033K(478208K), 0.0019826 secs] [Times: user=0.02 sys=0.00, real=0.00 secs] 
2021-08-20T01:23:47.488+0800: 118515.085: [GC (Allocation Failure) [PSYoungGen: 145056K->384K(146432K)] 243417K->98777K(478208K), 0.0022819 secs] [Times: user=0.01 sys=0.01, real=0.00 secs] 
2021-08-20T01:24:23.811+0800: 118551.409: [GC (Allocation Failure) [PSYoungGen: 144768K->480K(146944K)] 243161K->98881K(478720K), 0.0019275 secs] [Times: user=0.02 sys=0.00, real=0.00 secs] 
2021-08-20T01:25:00.488+0800: 118588.086: [GC (Allocation Failure) [PSYoungGen: 145376K->448K(146944K)] 243777K->98865K(478720K), 0.0019408 secs] [Times: user=0.02 sys=0.00, real=0.01 secs] 
2021-08-20T01:25:39.018+0800: 118626.615: [GC (Allocation Failure) [PSYoungGen: 145344K->1280K(147456K)] 243761K->99721K(479232K), 0.0025935 secs] [Times: user=0.02 sys=0.00, real=0.01 secs] 
2021-08-20T01:26:19.015+0800: 118666.613: [GC (Allocation Failure) [PSYoungGen: 146688K->960K(147456K)] 245129K->99433K(479232K), 0.0021596 secs] [Times: user=0.01 sys=0.00, real=0.00 secs] 
2021-08-20T01:26:59.008+0800: 118706.606: [GC (Allocation Failure) [PSYoungGen: 146368K->1056K(147968K)] 244841K->99537K(479744K), 0.0019931 secs] [Times: user=0.02 sys=0.00, real=0.00 secs] 
2021-08-20T01:27:39.006+0800: 118746.604: [GC (Allocation Failure) [PSYoungGen: 146976K->1280K(147968K)] 245457K->99769K(479744K), 0.0022424 secs] [Times: user=0.01 sys=0.00, real=0.00 secs] 
2021-08-20T01:28:19.002+0800: 118786.600: [GC (Allocation Failure) [PSYoungGen: 147200K->832K(148480K)] 245689K->99369K(480256K), 0.0020993 secs] [Times: user=0.02 sys=0.00, real=0.00 secs] 
2021-08-20T01:28:58.910+0800: 118826.508: [GC (Allocation Failure) [PSYoungGen: 147264K->384K(148480K)] 245801K->98929K(480256K), 0.0019908 secs] [Times: user=0.01 sys=0.00, real=0.00 secs] 
2021-08-20T01:29:36.640+0800: 118864.238: [GC (Allocation Failure) [PSYoungGen: 146816K->416K(148992K)] 245361K->98977K(480768K), 0.0019339 secs] [Times: user=0.01 sys=0.00, real=0.00 secs] 
2021-08-20T01:30:14.639+0800: 118902.237: [GC (Allocation Failure) [PSYoungGen: 147360K->352K(148992K)] 245921K->98937K(480768K), 0.0021716 secs] [Times: user=0.02 sys=0.00, real=0.01 secs] 
2021-08-20T01:30:52.987+0800: 118940.584: [GC (Allocation Failure) [PSYoungGen: 147296K->384K(149504K)] 245881K->98985K(481280K), 0.0022085 secs] [Times: user=0.02 sys=0.01, real=0.00 secs] 
2021-08-20T01:31:31.640+0800: 118979.238: [GC (Allocation Failure) [PSYoungGen: 147840K->448K(149504K)] 246441K->99057K(481280K), 0.0019296 secs] [Times: user=0.01 sys=0.00, real=0.00 secs] 
2021-08-20T01:32:09.641+0800: 119017.239: [GC (Allocation Failure) [PSYoungGen: 147904K->464K(150016K)] 246513K->99081K(481792K), 0.0022140 secs] [Times: user=0.01 sys=0.00, real=0.00 secs] 
2021-08-20T01:32:49.020+0800: 119056.618: [GC (Allocation Failure) [PSYoungGen: 148432K->1184K(150016K)] 247049K->99809K(481792K), 0.0020714 secs] [Times: user=0.02 sys=0.00, real=0.00 secs] 
2021-08-20T01:33:29.020+0800: 119096.618: [GC (Allocation Failure) [PSYoungGen: 149152K->1632K(150528K)] 247777K->100265K(482304K), 0.0020655 secs] [Times: user=0.01 sys=0.00, real=0.01 secs] 
2021-08-20T01:34:09.021+0800: 119136.618: [GC (Allocation Failure) [PSYoungGen: 150112K->1728K(150528K)] 248745K->100369K(482304K), 0.0021435 secs] [Times: user=0.02 sys=0.00, real=0.00 secs] 
2021-08-20T01:34:49.018+0800: 119176.616: [GC (Allocation Failure) [PSYoungGen: 150208K->1776K(151552K)] 248849K->100425K(483328K), 0.0021957 secs] [Times: user=0.01 sys=0.01, real=0.01 secs] 
2021-08-20T01:35:29.017+0800: 119216.615: [GC (Allocation Failure) [PSYoungGen: 150768K->1792K(151552K)] 249417K->100457K(483328K), 0.0025706 secs] [Times: user=0.01 sys=0.00, real=0.00 secs] 
2021-08-20T01:36:09.016+0800: 119256.614: [GC (Allocation Failure) [PSYoungGen: 150784K->1392K(152064K)] 249449K->100073K(483840K), 0.0021362 secs] [Times: user=0.02 sys=0.00, real=0.00 secs] 
2021-08-20T01:36:49.015+0800: 119296.613: [GC (Allocation Failure) [PSYoungGen: 150896K->1312K(152064K)] 249577K->100001K(483840K), 0.0020286 secs] [Times: user=0.01 sys=0.00, real=0.00 secs] 
2021-08-20T01:37:29.019+0800: 119336.616: [GC (Allocation Failure) [PSYoungGen: 150816K->1856K(152064K)] 249505K->100553K(483840K), 0.0023581 secs] [Times: user=0.02 sys=0.00, real=0.01 secs] 
2021-08-20T01:38:09.017+0800: 119376.614: [GC (Allocation Failure) [PSYoungGen: 151360K->1360K(152576K)] 250057K->100065K(484352K), 0.0021517 secs] [Times: user=0.01 sys=0.00, real=0.00 secs] 
2021-08-20T01:38:49.019+0800: 119416.617: [GC (Allocation Failure) [PSYoungGen: 150864K->1824K(152064K)] 249569K->100537K(483840K), 0.0020279 secs] [Times: user=0.02 sys=0.00, real=0.01 secs] 
2021-08-20T01:39:29.019+0800: 119456.616: [GC (Allocation Failure) [PSYoungGen: 151328K->1664K(152576K)] 250041K->100385K(484352K), 0.0023996 secs] [Times: user=0.02 sys=0.00, real=0.01 secs] 
2021-08-20T01:40:09.021+0800: 119496.619: [GC (Allocation Failure) [PSYoungGen: 151168K->1888K(153088K)] 249889K->100617K(484864K), 0.0021150 secs] [Times: user=0.02 sys=0.00, real=0.00 secs] 
2021-08-20T01:40:49.022+0800: 119536.620: [GC (Allocation Failure) [PSYoungGen: 151904K->1968K(153088K)] 250633K->100705K(484864K), 0.0023109 secs] [Times: user=0.02 sys=0.00, real=0.00 secs] 
2021-08-20T01:41:29.023+0800: 119576.621: [GC (Allocation Failure) [PSYoungGen: 151984K->1984K(153600K)] 250721K->100729K(485376K), 0.0021889 secs] [Times: user=0.02 sys=0.00, real=0.00 secs] 
2021-08-20T01:42:09.025+0800: 119616.623: [GC (Allocation Failure) [PSYoungGen: 152512K->1984K(153600K)] 251257K->100857K(485376K), 0.0021779 secs] [Times: user=0.01 sys=0.00, real=0.00 secs] 
2021-08-20T01:42:49.026+0800: 119656.624: [GC (Allocation Failure) [PSYoungGen: 152512K->2032K(154112K)] 251385K->101025K(485888K), 0.0022859 secs] [Times: user=0.02 sys=0.01, real=0.00 secs] 
2021-08-20T01:43:29.921+0800: 119697.519: [GC (Allocation Failure) [PSYoungGen: 153072K->768K(154112K)] 252065K->100001K(485888K), 0.0020726 secs] [Times: user=0.02 sys=0.00, real=0.00 secs] 
2021-08-20T01:44:10.132+0800: 119737.730: [GC (Allocation Failure) [PSYoungGen: 151808K->768K(154624K)] 251041K->100137K(486400K), 0.0020483 secs] [Times: user=0.01 sys=0.00, real=0.00 secs] 
2021-08-20T01:44:50.972+0800: 119778.570: [GC (Allocation Failure) [PSYoungGen: 152320K->640K(154624K)] 251689K->100209K(486400K), 0.0020157 secs] [Times: user=0.01 sys=0.00, real=0.00 secs] 
2021-08-20T01:45:31.841+0800: 119819.439: [GC (Allocation Failure) [PSYoungGen: 152192K->432K(155136K)] 251761K->100193K(486912K), 0.0021714 secs] [Times: user=0.02 sys=0.00, real=0.00 secs] 
2021-08-20T01:46:12.972+0800: 119860.570: [GC (Allocation Failure) [PSYoungGen: 152496K->352K(155136K)] 252257K->100225K(486912K), 0.0020009 secs] [Times: user=0.01 sys=0.00, real=0.00 secs] 
2021-08-20T01:46:54.644+0800: 119902.242: [GC (Allocation Failure) [PSYoungGen: 152416K->448K(155648K)] 252289K->100361K(487424K), 0.0018831 secs] [Times: user=0.01 sys=0.00, real=0.00 secs] 
2021-08-20T01:47:36.471+0800: 119944.069: [GC (Allocation Failure) [PSYoungGen: 153024K->384K(155648K)] 252937K->100329K(487424K), 0.0023352 secs] [Times: user=0.01 sys=0.00, real=0.00 secs] 
2021-08-20T01:48:18.365+0800: 119985.963: [GC (Allocation Failure) [PSYoungGen: 152960K->416K(156160K)] 252905K->100377K(487936K), 0.0018905 secs] [Times: user=0.01 sys=0.00, real=0.00 secs] 
2021-08-20T01:48:59.011+0800: 120026.609: [GC (Allocation Failure) [PSYoungGen: 153504K->640K(156160K)] 253465K->100609K(487936K), 0.0019748 secs] [Times: user=0.01 sys=0.00, real=0.00 secs] 
2021-08-20T01:49:39.015+0800: 120066.613: [GC (Allocation Failure) [PSYoungGen: 153728K->1184K(155648K)] 253697K->101161K(487424K), 0.0021464 secs] [Times: user=0.01 sys=0.00, real=0.00 secs] 
2021-08-20T01:50:19.019+0800: 120106.616: [GC (Allocation Failure) [PSYoungGen: 154784K->992K(156160K)] 254761K->100977K(487936K), 0.0020641 secs] [Times: user=0.02 sys=0.00, real=0.01 secs] 
2021-08-20T01:50:59.023+0800: 120146.621: [GC (Allocation Failure) [PSYoungGen: 154592K->832K(156672K)] 254577K->100825K(488448K), 0.0020012 secs] [Times: user=0.01 sys=0.00, real=0.00 secs] 
2021-08-20T01:51:39.028+0800: 120186.626: [GC (Allocation Failure) [PSYoungGen: 154944K->1280K(156672K)] 254937K->101281K(488448K), 0.0021459 secs] [Times: user=0.01 sys=0.00, real=0.01 secs] 
2021-08-20T01:52:19.970+0800: 120227.568: [GC (Allocation Failure) [PSYoungGen: 155392K->352K(157184K)] 255393K->100369K(488960K), 0.0019235 secs] [Times: user=0.01 sys=0.00, real=0.01 secs] 
2021-08-20T01:53:03.468+0800: 120271.066: [GC (Allocation Failure) [PSYoungGen: 154976K->384K(157184K)] 254993K->100417K(488960K), 0.0018963 secs] [Times: user=0.01 sys=0.00, real=0.00 secs] 
2021-08-20T01:53:46.469+0800: 120314.066: [GC (Allocation Failure) [PSYoungGen: 155008K->384K(157696K)] 255041K->100425K(489472K), 0.0019588 secs] [Times: user=0.01 sys=0.00, real=0.01 secs] 
2021-08-20T01:54:28.969+0800: 120356.567: [GC (Allocation Failure) [PSYoungGen: 155520K->384K(157696K)] 255561K->100433K(489472K), 0.0020034 secs] [Times: user=0.01 sys=0.00, real=0.01 secs] 
2021-08-20T01:55:09.016+0800: 120396.614: [GC (Allocation Failure) [PSYoungGen: 155520K->1184K(158208K)] 255569K->101241K(489984K), 0.0031224 secs] [Times: user=0.02 sys=0.01, real=0.00 secs] 
2021-08-20T01:55:49.023+0800: 120436.621: [GC (Allocation Failure) [PSYoungGen: 156832K->768K(158208K)] 256889K->100833K(489984K), 0.0019697 secs] [Times: user=0.01 sys=0.00, real=0.00 secs] 
2021-08-20T01:56:29.030+0800: 120476.628: [GC (Allocation Failure) [PSYoungGen: 156416K->1376K(157696K)] 256481K->101457K(489472K), 0.0022936 secs] [Times: user=0.02 sys=0.00, real=0.00 secs] 
2021-08-20T01:57:10.831+0800: 120518.429: [GC (Allocation Failure) [PSYoungGen: 157024K->384K(158208K)] 257105K->100473K(489984K), 0.0021381 secs] [Times: user=0.01 sys=0.00, real=0.00 secs] 
2021-08-20T01:57:54.468+0800: 120562.066: [GC (Allocation Failure) [PSYoungGen: 156032K->416K(158208K)] 256121K->100537K(489984K), 0.0020062 secs] [Times: user=0.02 sys=0.00, real=0.01 secs] 
2021-08-20T01:58:37.999+0800: 120605.597: [GC (Allocation Failure) [PSYoungGen: 156576K->352K(158208K)] 256697K->100481K(489984K), 0.0020552 secs] [Times: user=0.02 sys=0.00, real=0.01 secs] 
2021-08-20T01:59:19.016+0800: 120646.614: [GC (Allocation Failure) [PSYoungGen: 156512K->1152K(158720K)] 256641K->101313K(490496K), 0.0021603 secs] [Times: user=0.01 sys=0.00, real=0.00 secs] 
2021-08-20T01:59:59.024+0800: 120686.622: [GC (Allocation Failure) [PSYoungGen: 157824K->672K(158720K)] 257985K->100841K(490496K), 0.0025607 secs] [Times: user=0.02 sys=0.00, real=0.00 secs] 
2021-08-20T02:00:39.031+0800: 120726.629: [GC (Allocation Failure) [PSYoungGen: 157344K->1376K(159232K)] 257513K->101553K(491008K), 0.0024040 secs] [Times: user=0.02 sys=0.00, real=0.00 secs] 
2021-08-20T02:01:22.633+0800: 120770.231: [GC (Allocation Failure) [PSYoungGen: 158560K->384K(159232K)] 258737K->100577K(491008K), 0.0019668 secs] [Times: user=0.01 sys=0.00, real=0.00 secs] 
2021-08-20T02:02:06.631+0800: 120814.229: [GC (Allocation Failure) [PSYoungGen: 157568K->512K(159744K)] 257761K->100721K(491520K), 0.0024705 secs] [Times: user=0.02 sys=0.00, real=0.00 secs] 
2021-08-20T02:02:49.016+0800: 120856.614: [GC (Allocation Failure) [PSYoungGen: 158208K->1072K(159744K)] 258417K->101289K(491520K), 0.0019810 secs] [Times: user=0.02 sys=0.00, real=0.00 secs] 
2021-08-20T02:03:29.026+0800: 120896.623: [GC (Allocation Failure) [PSYoungGen: 158768K->1104K(160256K)] 258985K->101329K(492032K), 0.0024761 secs] [Times: user=0.01 sys=0.00, real=0.00 secs] 
2021-08-20T02:04:09.087+0800: 120936.685: [GC (Allocation Failure) [PSYoungGen: 159312K->784K(160256K)] 259537K->101017K(492032K), 0.0020297 secs] [Times: user=0.02 sys=0.00, real=0.00 secs] 
2021-08-20T02:04:53.632+0800: 120981.230: [GC (Allocation Failure) [PSYoungGen: 158992K->928K(160768K)] 259225K->101177K(492544K), 0.0021100 secs] [Times: user=0.02 sys=0.00, real=0.00 secs] 
2021-08-20T02:05:38.471+0800: 121026.068: [GC (Allocation Failure) [PSYoungGen: 159648K->1168K(160768K)] 259897K->101426K(492544K), 0.0020700 secs] [Times: user=0.01 sys=0.00, real=0.00 secs] 
2021-08-20T02:06:19.023+0800: 121066.621: [GC (Allocation Failure) [PSYoungGen: 159888K->2016K(160768K)] 260146K->102345K(492544K), 0.0021364 secs] [Times: user=0.02 sys=0.00, real=0.00 secs] 
2021-08-20T02:06:59.035+0800: 121106.632: [GC (Allocation Failure) [PSYoungGen: 160736K->2048K(161280K)] 261065K->102394K(493056K), 0.0020213 secs] [Times: user=0.01 sys=0.00, real=0.00 secs] 
2021-08-20T02:07:43.470+0800: 121151.068: [GC (Allocation Failure) [PSYoungGen: 160768K->1104K(161792K)] 261114K->101450K(493568K), 0.0021199 secs] [Times: user=0.02 sys=0.00, real=0.00 secs] 
2021-08-20T02:08:27.979+0800: 121195.577: [GC (Allocation Failure) [PSYoungGen: 160336K->1168K(161792K)] 260682K->101522K(493568K), 0.0021008 secs] [Times: user=0.01 sys=0.00, real=0.01 secs] 
2021-08-20T02:09:09.024+0800: 121236.622: [GC (Allocation Failure) [PSYoungGen: 160400K->2048K(162304K)] 260754K->102410K(494080K), 0.0021233 secs] [Times: user=0.02 sys=0.00, real=0.00 secs] 
2021-08-20T02:09:49.035+0800: 121276.633: [GC (Allocation Failure) [PSYoungGen: 161792K->2160K(162304K)] 262154K->102538K(494080K), 0.0022724 secs] [Times: user=0.01 sys=0.00, real=0.00 secs] 
2021-08-20T02:10:33.628+0800: 121321.226: [GC (Allocation Failure) [PSYoungGen: 161904K->1184K(162304K)] 262282K->101570K(494080K), 0.0020707 secs] [Times: user=0.01 sys=0.00, real=0.01 secs] 
2021-08-20T02:11:19.020+0800: 121366.618: [GC (Allocation Failure) [PSYoungGen: 161440K->1488K(162816K)] 261826K->101881K(494592K), 0.0022272 secs] [Times: user=0.01 sys=0.00, real=0.01 secs] 
2021-08-20T02:11:59.032+0800: 121406.629: [GC (Allocation Failure) [PSYoungGen: 161744K->1504K(163328K)] 262137K->101906K(495104K), 0.0022340 secs] [Times: user=0.02 sys=0.00, real=0.00 secs] 
2021-08-20T02:12:40.925+0800: 121448.523: [GC (Allocation Failure) [PSYoungGen: 162272K->944K(163328K)] 262674K->101578K(495104K), 0.0019875 secs] [Times: user=0.02 sys=0.00, real=0.00 secs] 
2021-08-20T02:13:26.630+0800: 121494.228: [GC (Allocation Failure) [PSYoungGen: 161712K->912K(163840K)] 262346K->101674K(495616K), 0.0020308 secs] [Times: user=0.02 sys=0.00, real=0.01 secs] 
2021-08-20T02:14:09.029+0800: 121536.627: [GC (Allocation Failure) [PSYoungGen: 162192K->1680K(163840K)] 262954K->102634K(495616K), 0.0021880 secs] [Times: user=0.02 sys=0.00, real=0.01 secs] 
2021-08-20T02:14:49.041+0800: 121576.639: [GC (Allocation Failure) [PSYoungGen: 162960K->1296K(164352K)] 263914K->102354K(496128K), 0.0024133 secs] [Times: user=0.02 sys=0.00, real=0.00 secs] 
2021-08-20T02:15:35.978+0800: 121623.576: [GC (Allocation Failure) [PSYoungGen: 163088K->656K(164352K)] 264146K->101834K(496128K), 0.0020663 secs] [Times: user=0.01 sys=0.00, real=0.00 secs] 
2021-08-20T02:16:19.032+0800: 121666.630: [GC (Allocation Failure) [PSYoungGen: 162448K->1344K(164864K)] 263626K->102818K(496640K), 0.0021168 secs] [Times: user=0.02 sys=0.00, real=0.00 secs] 
2021-08-20T02:16:59.045+0800: 121706.642: [GC (Allocation Failure) [PSYoungGen: 163648K->960K(164864K)] 265122K->102474K(496640K), 0.0021263 secs] [Times: user=0.01 sys=0.00, real=0.00 secs] 
2021-08-20T02:17:45.979+0800: 121753.577: [GC (Allocation Failure) [PSYoungGen: 163264K->448K(165376K)] 264778K->101978K(497152K), 0.0020364 secs] [Times: user=0.01 sys=0.00, real=0.01 secs] 
2021-08-20T02:18:29.036+0800: 121796.634: [GC (Allocation Failure) [PSYoungGen: 163264K->480K(165376K)] 264794K->102034K(497152K), 0.0019471 secs] [Times: user=0.02 sys=0.00, real=0.00 secs] 
2021-08-20T02:19:10.629+0800: 121838.226: [GC (Allocation Failure) [PSYoungGen: 163296K->352K(165888K)] 264850K->101914K(497664K), 0.0021059 secs] [Times: user=0.01 sys=0.00, real=0.01 secs] 
2021-08-20T02:19:57.979+0800: 121885.576: [GC (Allocation Failure) [PSYoungGen: 163680K->448K(165888K)] 265242K->102018K(497664K), 0.0019778 secs] [Times: user=0.01 sys=0.00, real=0.01 secs] 
2021-08-20T02:20:39.040+0800: 121926.637: [GC (Allocation Failure) [PSYoungGen: 163776K->800K(166400K)] 265346K->102378K(498176K), 0.0022311 secs] [Times: user=0.02 sys=0.01, real=0.01 secs] 
2021-08-20T02:21:22.046+0800: 121969.644: [GC (Allocation Failure) [PSYoungGen: 164640K->352K(166400K)] 266218K->101938K(498176K), 0.0020684 secs] [Times: user=0.01 sys=0.00, real=0.00 secs] 
2021-08-20T02:22:09.029+0800: 122016.627: [GC (Allocation Failure) [PSYoungGen: 164192K->768K(165888K)] 265778K->102370K(497664K), 0.0020393 secs] [Times: user=0.02 sys=0.00, real=0.01 secs] 
2021-08-20T02:22:49.045+0800: 122056.643: [GC (Allocation Failure) [PSYoungGen: 165120K->1376K(166400K)] 266722K->103002K(498176K), 0.0025913 secs] [Times: user=0.02 sys=0.00, real=0.00 secs] 
2021-08-20T02:23:35.981+0800: 122103.579: [GC (Allocation Failure) [PSYoungGen: 165728K->448K(166400K)] 267354K->102082K(498176K), 0.0019253 secs] [Times: user=0.01 sys=0.00, real=0.00 secs] 
2021-08-20T02:24:19.037+0800: 122146.634: [GC (Allocation Failure) [PSYoungGen: 165312K->992K(166912K)] 266946K->102634K(498688K), 0.0023728 secs] [Times: user=0.02 sys=0.00, real=0.00 secs] 
2021-08-20T02:25:01.629+0800: 122189.227: [GC (Allocation Failure) [PSYoungGen: 165856K->384K(167424K)] 267498K->102034K(499200K), 0.0021066 secs] [Times: user=0.02 sys=0.00, real=0.01 secs] 
2021-08-20T02:25:49.031+0800: 122236.628: [GC (Allocation Failure) [PSYoungGen: 165760K->832K(167424K)] 267410K->102490K(499200K), 0.0019508 secs] [Times: user=0.01 sys=0.00, real=0.00 secs] 
2021-08-20T02:26:29.049+0800: 122276.646: [GC (Allocation Failure) [PSYoungGen: 166208K->960K(167936K)] 267866K->102634K(499712K), 0.0025638 secs] [Times: user=0.02 sys=0.00, real=0.01 secs] 
2021-08-20T02:27:17.768+0800: 122325.365: [GC (Allocation Failure) [PSYoungGen: 166848K->416K(167936K)] 268522K->102098K(499712K), 0.0019777 secs] [Times: user=0.02 sys=0.00, real=0.00 secs] 
2021-08-20T02:27:59.044+0800: 122366.641: [GC (Allocation Failure) [PSYoungGen: 166304K->736K(168448K)] 267986K->102426K(500224K), 0.0022219 secs] [Times: user=0.01 sys=0.00, real=0.00 secs] 
2021-08-20T02:28:45.483+0800: 122413.081: [GC (Allocation Failure) [PSYoungGen: 167136K->416K(168448K)] 268826K->102130K(500224K), 0.0019672 secs] [Times: user=0.01 sys=0.00, real=0.00 secs] 
2021-08-20T02:29:29.040+0800: 122456.638: [GC (Allocation Failure) [PSYoungGen: 166816K->704K(168960K)] 268530K->102426K(500736K), 0.0020245 secs] [Times: user=0.01 sys=0.00, real=0.00 secs] 
2021-08-20T02:30:13.634+0800: 122501.232: [GC (Allocation Failure) [PSYoungGen: 167616K->448K(168960K)] 269338K->102178K(500736K), 0.0019951 secs] [Times: user=0.02 sys=0.00, real=0.00 secs] 
2021-08-20T02:30:59.038+0800: 122546.636: [GC (Allocation Failure) [PSYoungGen: 167360K->1408K(168448K)] 269090K->103146K(500224K), 0.0021055 secs] [Times: user=0.01 sys=0.00, real=0.00 secs] 
2021-08-20T02:31:41.984+0800: 122589.582: [GC (Allocation Failure) [PSYoungGen: 168320K->544K(168960K)] 270058K->102290K(500736K), 0.0018721 secs] [Times: user=0.01 sys=0.00, real=0.00 secs] 
2021-08-20T02:32:29.036+0800: 122636.634: [GC (Allocation Failure) [PSYoungGen: 167456K->1424K(169472K)] 269202K->103178K(501248K), 0.0020238 secs] [Times: user=0.01 sys=0.00, real=0.00 secs] 
2021-08-20T02:33:09.638+0800: 122677.235: [GC (Allocation Failure) [PSYoungGen: 168848K->640K(169472K)] 270602K->102434K(501248K), 0.0020151 secs] [Times: user=0.01 sys=0.00, real=0.00 secs] 
2021-08-20T02:33:58.861+0800: 122726.459: [GC (Allocation Failure) [PSYoungGen: 168064K->880K(169984K)] 269858K->102682K(501760K), 0.0020390 secs] [Times: user=0.01 sys=0.00, real=0.00 secs] 
2021-08-20T02:34:39.049+0800: 122766.647: [GC (Allocation Failure) [PSYoungGen: 168816K->1984K(169984K)] 270618K->103794K(501760K), 0.0021335 secs] [Times: user=0.01 sys=0.00, real=0.01 secs] 
2021-08-20T02:35:27.484+0800: 122815.082: [GC (Allocation Failure) [PSYoungGen: 169920K->1136K(170496K)] 271730K->102954K(502272K), 0.0022007 secs] [Times: user=0.02 sys=0.00, real=0.00 secs] 
2021-08-20T02:36:09.051+0800: 122856.649: [GC (Allocation Failure) [PSYoungGen: 169584K->2032K(170496K)] 271402K->103858K(502272K), 0.0022854 secs] [Times: user=0.02 sys=0.00, real=0.00 secs] 
2021-08-20T02:36:56.985+0800: 122904.583: [GC (Allocation Failure) [PSYoungGen: 170480K->1168K(171520K)] 272306K->103002K(503296K), 0.0020958 secs] [Times: user=0.02 sys=0.00, real=0.00 secs] 
2021-08-20T02:37:39.050+0800: 122946.648: [GC (Allocation Failure) [PSYoungGen: 170128K->2000K(171520K)] 271962K->103842K(503296K), 0.0022004 secs] [Times: user=0.01 sys=0.00, real=0.00 secs] 
2021-08-20T02:38:27.485+0800: 122995.083: [GC (Allocation Failure) [PSYoungGen: 170960K->1168K(172032K)] 272802K->103026K(503808K), 0.0020418 secs] [Times: user=0.01 sys=0.00, real=0.00 secs] 
2021-08-20T02:39:09.052+0800: 123036.649: [GC (Allocation Failure) [PSYoungGen: 170640K->2112K(172032K)] 272498K->103978K(503808K), 0.0025206 secs] [Times: user=0.01 sys=0.00, real=0.00 secs] 
2021-08-20T02:39:58.421+0800: 123086.019: [GC (Allocation Failure) [PSYoungGen: 171584K->1152K(172032K)] 273450K->103026K(503808K), 0.0022931 secs] [Times: user=0.02 sys=0.00, real=0.00 secs] 
2021-08-20T02:40:39.053+0800: 123126.651: [GC (Allocation Failure) [PSYoungGen: 170624K->2160K(172032K)] 272498K->104042K(503808K), 0.0025243 secs] [Times: user=0.02 sys=0.00, real=0.00 secs] 
2021-08-20T02:41:29.035+0800: 123176.633: [GC (Allocation Failure) [PSYoungGen: 171632K->1488K(171008K)] 273514K->103378K(502784K), 0.0020044 secs] [Times: user=0.02 sys=0.00, real=0.00 secs] 
2021-08-20T02:42:09.054+0800: 123216.652: [GC (Allocation Failure) [PSYoungGen: 169936K->1776K(171520K)] 271826K->103778K(503296K), 0.0024231 secs] [Times: user=0.02 sys=0.00, real=0.00 secs] 
2021-08-20T02:42:59.036+0800: 123266.633: [GC (Allocation Failure) [PSYoungGen: 170224K->1392K(170496K)] 272226K->103514K(502272K), 0.0022636 secs] [Times: user=0.01 sys=0.00, real=0.00 secs] 
2021-08-20T02:43:39.490+0800: 123307.088: [GC (Allocation Failure) [PSYoungGen: 169840K->912K(171008K)] 271962K->103162K(502784K), 0.0021123 secs] [Times: user=0.01 sys=0.00, real=0.01 secs] 
2021-08-20T02:44:29.036+0800: 123356.633: [GC (Allocation Failure) [PSYoungGen: 169360K->1328K(171520K)] 271610K->103698K(503296K), 0.0027447 secs] [Times: user=0.02 sys=0.00, real=0.00 secs] 
2021-08-20T02:45:10.387+0800: 123397.985: [GC (Allocation Failure) [PSYoungGen: 170288K->624K(171520K)] 272658K->103314K(503296K), 0.0020721 secs] [Times: user=0.01 sys=0.00, real=0.00 secs] 
2021-08-20T02:45:59.036+0800: 123446.634: [GC (Allocation Failure) [PSYoungGen: 169584K->816K(172032K)] 272274K->103634K(503808K), 0.0020927 secs] [Times: user=0.01 sys=0.00, real=0.00 secs] 
2021-08-20T02:46:41.321+0800: 123488.919: [GC (Allocation Failure) [PSYoungGen: 170288K->320K(172032K)] 273106K->103322K(503808K), 0.0020041 secs] [Times: user=0.02 sys=0.00, real=0.00 secs] 
2021-08-20T02:47:29.042+0800: 123536.640: [GC (Allocation Failure) [PSYoungGen: 169792K->1216K(172032K)] 272794K->104234K(503808K), 0.0020585 secs] [Times: user=0.02 sys=0.00, real=0.00 secs] 
2021-08-20T02:48:12.648+0800: 123580.246: [GC (Allocation Failure) [PSYoungGen: 170688K->480K(172032K)] 273706K->103506K(503808K), 0.0020757 secs] [Times: user=0.01 sys=0.00, real=0.01 secs] 
2021-08-20T02:48:59.044+0800: 123626.642: [GC (Allocation Failure) [PSYoungGen: 169952K->1344K(172032K)] 272978K->104402K(503808K), 0.0021185 secs] [Times: user=0.02 sys=0.00, real=0.00 secs] 
2021-08-20T02:49:43.649+0800: 123671.246: [GC (Allocation Failure) [PSYoungGen: 170816K->416K(172032K)] 273874K->103482K(503808K), 0.0019585 secs] [Times: user=0.02 sys=0.00, real=0.01 secs] 
2021-08-20T02:50:29.050+0800: 123716.647: [GC (Allocation Failure) [PSYoungGen: 169888K->640K(172032K)] 272954K->103722K(503808K), 0.0020485 secs] [Times: user=0.02 sys=0.00, real=0.01 secs] 
2021-08-20T02:51:14.772+0800: 123762.370: [GC (Allocation Failure) [PSYoungGen: 170112K->448K(172032K)] 273194K->103578K(503808K), 0.0019540 secs] [Times: user=0.01 sys=0.00, real=0.00 secs] 
2021-08-20T02:51:59.052+0800: 123806.650: [GC (Allocation Failure) [PSYoungGen: 169920K->864K(172032K)] 273050K->104010K(503808K), 0.0020153 secs] [Times: user=0.02 sys=0.00, real=0.00 secs] 
2021-08-20T02:52:45.498+0800: 123853.096: [GC (Allocation Failure) [PSYoungGen: 170336K->416K(169984K)] 273482K->103578K(501760K), 0.0020799 secs] [Times: user=0.01 sys=0.00, real=0.01 secs] 
2021-08-20T02:53:29.055+0800: 123896.652: [GC (Allocation Failure) [PSYoungGen: 169888K->1120K(171520K)] 273050K->104290K(503296K), 0.0020462 secs] [Times: user=0.02 sys=0.00, real=0.00 secs] 
2021-08-20T02:54:17.497+0800: 123945.095: [GC (Allocation Failure) [PSYoungGen: 170592K->448K(171520K)] 273762K->103626K(503296K), 0.0022692 secs] [Times: user=0.02 sys=0.00, real=0.00 secs] 
2021-08-20T02:54:59.057+0800: 123986.655: [GC (Allocation Failure) [PSYoungGen: 169920K->1312K(172032K)] 273098K->104498K(503808K), 0.0022357 secs] [Times: user=0.01 sys=0.00, real=0.00 secs] 
2021-08-20T02:55:49.039+0800: 124036.637: [GC (Allocation Failure) [PSYoungGen: 171296K->704K(172032K)] 274482K->103906K(503808K), 0.0022330 secs] [Times: user=0.01 sys=0.00, real=0.01 secs] 
2021-08-20T02:56:29.998+0800: 124077.596: [GC (Allocation Failure) [PSYoungGen: 170688K->416K(172544K)] 273890K->103626K(504320K), 0.0020219 secs] [Times: user=0.01 sys=0.00, real=0.01 secs] 
2021-08-20T02:57:19.044+0800: 124126.641: [GC (Allocation Failure) [PSYoungGen: 170912K->1184K(172544K)] 274122K->104410K(504320K), 0.0020269 secs] [Times: user=0.02 sys=0.00, real=0.00 secs] 
2021-08-20T02:58:02.499+0800: 124170.097: [GC (Allocation Failure) [PSYoungGen: 171680K->384K(172544K)] 274906K->103618K(504320K), 0.0019743 secs] [Times: user=0.01 sys=0.00, real=0.01 secs] 
2021-08-20T02:58:49.049+0800: 124216.647: [GC (Allocation Failure) [PSYoungGen: 170880K->1024K(172544K)] 274114K->104266K(504320K), 0.0022143 secs] [Times: user=0.01 sys=0.00, real=0.01 secs] 
2021-08-20T02:59:35.000+0800: 124262.598: [GC (Allocation Failure) [PSYoungGen: 171520K->352K(172544K)] 274762K->103602K(504320K), 0.0019137 secs] [Times: user=0.02 sys=0.00, real=0.01 secs] 
2021-08-20T03:00:19.054+0800: 124306.652: [GC (Allocation Failure) [PSYoungGen: 170848K->896K(172544K)] 274098K->104170K(504320K), 0.0020312 secs] [Times: user=0.02 sys=0.00, real=0.00 secs] 
2021-08-20T03:01:06.655+0800: 124354.253: [GC (Allocation Failure) [PSYoungGen: 171392K->480K(172544K)] 274666K->103762K(504320K), 0.0020205 secs] [Times: user=0.01 sys=0.00, real=0.00 secs] 
2021-08-20T03:01:49.058+0800: 124396.656: [GC (Allocation Failure) [PSYoungGen: 170976K->1392K(172544K)] 274258K->104682K(504320K), 0.0021416 secs] [Times: user=0.01 sys=0.00, real=0.00 secs] 
2021-08-20T03:02:38.502+0800: 124446.099: [GC (Allocation Failure) [PSYoungGen: 171888K->736K(172544K)] 275178K->104034K(504320K), 0.0023481 secs] [Times: user=0.01 sys=0.00, real=0.00 secs] 
2021-08-20T03:03:19.061+0800: 124486.659: [GC (Allocation Failure) [PSYoungGen: 171232K->1568K(172544K)] 274530K->104874K(504320K), 0.0022769 secs] [Times: user=0.02 sys=0.00, real=0.00 secs] 
2021-08-20T03:04:09.042+0800: 124536.640: [GC (Allocation Failure) [PSYoungGen: 172064K->1392K(171520K)] 275370K->104706K(503296K), 0.0021421 secs] [Times: user=0.02 sys=0.01, real=0.00 secs] 
2021-08-20T03:04:50.003+0800: 124577.600: [GC (Allocation Failure) [PSYoungGen: 170864K->1040K(172032K)] 274178K->104362K(503808K), 0.0022510 secs] [Times: user=0.01 sys=0.00, real=0.00 secs] 
2021-08-20T03:05:39.047+0800: 124626.645: [GC (Allocation Failure) [PSYoungGen: 170512K->1872K(171520K)] 273834K->105202K(503296K), 0.0024380 secs] [Times: user=0.02 sys=0.00, real=0.00 secs] 
2021-08-20T03:06:21.503+0800: 124669.100: [GC (Allocation Failure) [PSYoungGen: 171344K->1104K(172032K)] 274674K->104442K(503808K), 0.0020661 secs] [Times: user=0.01 sys=0.00, real=0.00 secs] 
2021-08-20T03:07:09.048+0800: 124716.646: [GC (Allocation Failure) [PSYoungGen: 170576K->2112K(172032K)] 273914K->105466K(503808K), 0.0024859 secs] [Times: user=0.01 sys=0.01, real=0.01 secs] 
2021-08-20T03:07:52.768+0800: 124760.366: [GC (Allocation Failure) [PSYoungGen: 171584K->1120K(172032K)] 274938K->104482K(503808K), 0.0021662 secs] [Times: user=0.01 sys=0.00, real=0.00 secs] 
2021-08-20T03:08:39.051+0800: 124806.648: [GC (Allocation Failure) [PSYoungGen: 170592K->1760K(172032K)] 273954K->105130K(503808K), 0.0025026 secs] [Times: user=0.02 sys=0.00, real=0.00 secs] 
2021-08-20T03:09:24.004+0800: 124851.602: [GC (Allocation Failure) [PSYoungGen: 171232K->1088K(172032K)] 274602K->104466K(503808K), 0.0020415 secs] [Times: user=0.02 sys=0.00, real=0.00 secs] 
2021-08-20T03:10:09.058+0800: 124896.656: [GC (Allocation Failure) [PSYoungGen: 170560K->1504K(172032K)] 273938K->104890K(503808K), 0.0020341 secs] [Times: user=0.01 sys=0.00, real=0.01 secs] 
2021-08-20T03:10:55.601+0800: 124943.199: [GC (Allocation Failure) [PSYoungGen: 170976K->1200K(172032K)] 274362K->104594K(503808K), 0.0021683 secs] [Times: user=0.02 sys=0.00, real=0.00 secs] 
2021-08-20T03:11:39.058+0800: 124986.656: [GC (Allocation Failure) [PSYoungGen: 170672K->1648K(172032K)] 274066K->105186K(503808K), 0.0021420 secs] [Times: user=0.01 sys=0.00, real=0.01 secs] 
2021-08-20T03:12:27.470+0800: 125035.068: [GC (Allocation Failure) [PSYoungGen: 171120K->1088K(172032K)] 274658K->104642K(503808K), 0.0021972 secs] [Times: user=0.02 sys=0.00, real=0.00 secs] 
2021-08-20T03:13:09.061+0800: 125076.658: [GC (Allocation Failure) [PSYoungGen: 170560K->1872K(172032K)] 274114K->105562K(503808K), 0.0023814 secs] [Times: user=0.02 sys=0.00, real=0.00 secs] 
2021-08-20T03:13:58.006+0800: 125125.604: [GC (Allocation Failure) [PSYoungGen: 171344K->816K(172032K)] 275034K->104714K(503808K), 0.0021853 secs] [Times: user=0.02 sys=0.00, real=0.00 secs] 
2021-08-20T03:14:39.062+0800: 125166.659: [GC (Allocation Failure) [PSYoungGen: 170288K->1520K(172032K)] 274186K->105730K(503808K), 0.0022429 secs] [Times: user=0.01 sys=0.00, real=0.00 secs] 
2021-08-20T03:15:29.044+0800: 125216.641: [GC (Allocation Failure) [PSYoungGen: 170992K->832K(172032K)] 275202K->105154K(503808K), 0.0023369 secs] [Times: user=0.01 sys=0.00, real=0.00 secs] 
2021-08-20T03:16:09.505+0800: 125257.103: [GC (Allocation Failure) [PSYoungGen: 170304K->480K(172032K)] 274626K->104938K(503808K), 0.0023048 secs] [Times: user=0.01 sys=0.00, real=0.00 secs] 
2021-08-20T03:16:59.046+0800: 125306.644: [GC (Allocation Failure) [PSYoungGen: 169952K->576K(172032K)] 274410K->105170K(503808K), 0.0020694 secs] [Times: user=0.01 sys=0.00, real=0.00 secs] 
2021-08-20T03:17:41.309+0800: 125348.907: [GC (Allocation Failure) [PSYoungGen: 170048K->448K(172032K)] 274642K->105058K(503808K), 0.0019828 secs] [Times: user=0.02 sys=0.00, real=0.01 secs] 
2021-08-20T03:18:29.052+0800: 125396.649: [GC (Allocation Failure) [PSYoungGen: 169920K->1248K(172032K)] 274530K->105866K(503808K), 0.0025450 secs] [Times: user=0.02 sys=0.00, real=0.00 secs] 
2021-08-20T03:19:12.610+0800: 125440.208: [GC (Allocation Failure) [PSYoungGen: 170720K->416K(172032K)] 275338K->105058K(503808K), 0.0022107 secs] [Times: user=0.02 sys=0.00, real=0.01 secs] 
2021-08-20T03:19:59.056+0800: 125486.654: [GC (Allocation Failure) [PSYoungGen: 169888K->1440K(172032K)] 274530K->106098K(503808K), 0.0022539 secs] [Times: user=0.01 sys=0.00, real=0.00 secs] 
2021-08-20T03:20:43.506+0800: 125531.104: [GC (Allocation Failure) [PSYoungGen: 170912K->416K(172032K)] 275570K->105082K(503808K), 0.0022969 secs] [Times: user=0.02 sys=0.00, real=0.00 secs] 
2021-08-20T03:21:29.059+0800: 125576.657: [GC (Allocation Failure) [PSYoungGen: 169888K->640K(172032K)] 274554K->105314K(503808K), 0.0022278 secs] [Times: user=0.01 sys=0.00, real=0.01 secs] 
2021-08-20T03:22:15.523+0800: 125623.120: [GC (Allocation Failure) [PSYoungGen: 170112K->480K(172032K)] 274786K->105170K(503808K), 0.0019020 secs] [Times: user=0.01 sys=0.00, real=0.00 secs] 
2021-08-20T03:22:59.063+0800: 125666.661: [GC (Allocation Failure) [PSYoungGen: 169952K->512K(172032K)] 274642K->105218K(503808K), 0.0020746 secs] [Times: user=0.01 sys=0.00, real=0.00 secs] 
2021-08-20T03:23:46.506+0800: 125714.104: [GC (Allocation Failure) [PSYoungGen: 169984K->416K(171008K)] 274690K->105146K(502784K), 0.0020684 secs] [Times: user=0.02 sys=0.00, real=0.00 secs] 
2021-08-20T03:24:29.066+0800: 125756.664: [GC (Allocation Failure) [PSYoungGen: 169888K->1152K(171520K)] 274618K->105890K(503296K), 0.0023292 secs] [Times: user=0.01 sys=0.00, real=0.00 secs] 
2021-08-20T03:25:18.506+0800: 125806.104: [GC (Allocation Failure) [PSYoungGen: 170624K->416K(172032K)] 275362K->105162K(503808K), 0.0022479 secs] [Times: user=0.01 sys=0.00, real=0.00 secs] 
2021-08-20T03:25:59.080+0800: 125846.678: [GC (Allocation Failure) [PSYoungGen: 170400K->960K(172032K)] 275146K->105714K(503808K), 0.0022010 secs] [Times: user=0.02 sys=0.00, real=0.00 secs] 
2021-08-20T03:26:49.054+0800: 125896.652: [GC (Allocation Failure) [PSYoungGen: 170944K->736K(172544K)] 275698K->105498K(504320K), 0.0019997 secs] [Times: user=0.01 sys=0.00, real=0.00 secs] 
2021-08-20T03:27:30.605+0800: 125938.203: [GC (Allocation Failure) [PSYoungGen: 171232K->480K(172544K)] 275994K->105250K(504320K), 0.0019568 secs] [Times: user=0.02 sys=0.00, real=0.00 secs] 
2021-08-20T03:28:19.059+0800: 125986.657: [GC (Allocation Failure) [PSYoungGen: 170976K->1216K(172544K)] 275746K->105994K(504320K), 0.0021681 secs] [Times: user=0.02 sys=0.00, real=0.01 secs] 
2021-08-20T03:29:03.505+0800: 126031.103: [GC (Allocation Failure) [PSYoungGen: 171712K->448K(172544K)] 276490K->105258K(504320K), 0.0022713 secs] [Times: user=0.01 sys=0.00, real=0.00 secs] 
2021-08-20T03:29:49.070+0800: 126076.668: [GC (Allocation Failure) [PSYoungGen: 170944K->608K(172544K)] 275754K->105426K(504320K), 0.0020195 secs] [Times: user=0.02 sys=0.00, real=0.00 secs] 
2021-08-20T03:30:35.604+0800: 126123.202: [GC (Allocation Failure) [PSYoungGen: 171104K->592K(172544K)] 275922K->105418K(504320K), 0.0018327 secs] [Times: user=0.01 sys=0.00, real=0.00 secs] 
2021-08-20T03:31:19.070+0800: 126166.668: [GC (Allocation Failure) [PSYoungGen: 171088K->1328K(172544K)] 275914K->106162K(504320K), 0.0021823 secs] [Times: user=0.01 sys=0.00, real=0.01 secs] 
2021-08-20T03:32:07.603+0800: 126215.201: [GC (Allocation Failure) [PSYoungGen: 171824K->656K(172544K)] 276658K->105498K(504320K), 0.0020160 secs] [Times: user=0.01 sys=0.00, real=0.00 secs] 
2021-08-20T03:32:49.076+0800: 126256.674: [GC (Allocation Failure) [PSYoungGen: 171152K->1760K(172544K)] 275994K->106610K(504320K), 0.0022307 secs] [Times: user=0.02 sys=0.00, real=0.00 secs] 
2021-08-20T03:33:39.057+0800: 126306.654: [GC (Allocation Failure) [PSYoungGen: 172256K->1232K(172544K)] 277106K->106106K(504320K), 0.0024155 secs] [Times: user=0.02 sys=0.00, real=0.00 secs] 
2021-08-20T03:34:19.602+0800: 126347.200: [GC (Allocation Failure) [PSYoungGen: 171728K->1040K(172544K)] 276602K->105923K(504320K), 0.0024566 secs] [Times: user=0.02 sys=0.00, real=0.00 secs] 
2021-08-20T03:35:09.061+0800: 126396.659: [GC (Allocation Failure) [PSYoungGen: 171536K->1920K(172544K)] 276419K->106810K(504320K), 0.0021775 secs] [Times: user=0.02 sys=0.00, real=0.00 secs] 
2021-08-20T03:35:51.601+0800: 126439.198: [GC (Allocation Failure) [PSYoungGen: 172416K->1136K(171520K)] 277306K->106034K(503296K), 0.0020067 secs] [Times: user=0.01 sys=0.00, real=0.00 secs] 
2021-08-20T03:36:39.064+0800: 126486.662: [GC (Allocation Failure) [PSYoungGen: 170608K->2144K(172032K)] 275506K->107050K(503808K), 0.0023413 secs] [Times: user=0.01 sys=0.00, real=0.00 secs] 
2021-08-20T03:37:22.768+0800: 126530.365: [GC (Allocation Failure) [PSYoungGen: 171616K->1088K(172032K)] 276522K->106002K(503808K), 0.0021015 secs] [Times: user=0.01 sys=0.00, real=0.00 secs] 
2021-08-20T03:38:09.065+0800: 126576.663: [GC (Allocation Failure) [PSYoungGen: 170560K->1712K(172032K)] 275474K->106634K(503808K), 0.0021993 secs] [Times: user=0.01 sys=0.00, real=0.00 secs] 
2021-08-20T03:38:53.610+0800: 126621.208: [GC (Allocation Failure) [PSYoungGen: 171184K->1152K(172032K)] 276106K->106083K(503808K), 0.0023220 secs] [Times: user=0.02 sys=0.00, real=0.00 secs] 
2021-08-20T03:39:39.071+0800: 126666.668: [GC (Allocation Failure) [PSYoungGen: 170624K->1440K(172032K)] 275555K->106379K(503808K), 0.0021791 secs] [Times: user=0.02 sys=0.00, real=0.00 secs] 
2021-08-20T03:40:25.009+0800: 126712.607: [GC (Allocation Failure) [PSYoungGen: 170912K->1152K(172032K)] 275851K->106114K(503808K), 0.0021430 secs] [Times: user=0.01 sys=0.00, real=0.01 secs] 
2021-08-20T03:41:09.072+0800: 126756.670: [GC (Allocation Failure) [PSYoungGen: 170624K->1696K(172032K)] 275586K->106667K(503808K), 0.0022953 secs] [Times: user=0.02 sys=0.00, real=0.00 secs] 
2021-08-20T03:41:56.616+0800: 126804.213: [GC (Allocation Failure) [PSYoungGen: 171168K->1072K(172032K)] 276139K->106162K(503808K), 0.0021453 secs] [Times: user=0.01 sys=0.00, real=0.00 secs] 
2021-08-20T03:42:39.077+0800: 126846.674: [GC (Allocation Failure) [PSYoungGen: 170544K->1856K(172032K)] 275634K->107083K(503808K), 0.0024176 secs] [Times: user=0.01 sys=0.00, real=0.00 secs] 
2021-08-20T03:43:28.510+0800: 126896.108: [GC (Allocation Failure) [PSYoungGen: 171328K->832K(172032K)] 276555K->106299K(503808K), 0.0020427 secs] [Times: user=0.01 sys=0.00, real=0.00 secs] 
2021-08-20T03:44:09.079+0800: 126936.676: [GC (Allocation Failure) [PSYoungGen: 170304K->1680K(172032K)] 275771K->107347K(503808K), 0.0022760 secs] [Times: user=0.02 sys=0.00, real=0.01 secs] 
2021-08-20T03:44:59.060+0800: 126986.658: [GC (Allocation Failure) [PSYoungGen: 171152K->928K(172032K)] 276819K->106747K(503808K), 0.0019920 secs] [Times: user=0.02 sys=0.00, real=0.00 secs] 
2021-08-20T03:45:39.088+0800: 127026.686: [GC (Allocation Failure) [PSYoungGen: 170400K->528K(172032K)] 276219K->106563K(503808K), 0.0020435 secs] [Times: user=0.01 sys=0.00, real=0.01 secs] 
2021-08-20T03:46:29.062+0800: 127076.660: [GC (Allocation Failure) [PSYoungGen: 170000K->800K(172032K)] 276035K->106955K(503808K), 0.0020900 secs] [Times: user=0.02 sys=0.00, real=0.00 secs] 
2021-08-20T03:47:10.047+0800: 127117.645: [GC (Allocation Failure) [PSYoungGen: 170272K->480K(172032K)] 276427K->106667K(503808K), 0.0020879 secs] [Times: user=0.01 sys=0.00, real=0.00 secs] 
2021-08-20T03:47:59.065+0800: 127166.662: [GC (Allocation Failure) [PSYoungGen: 169952K->1120K(172032K)] 276139K->107315K(503808K), 0.0022264 secs] [Times: user=0.02 sys=0.00, real=0.00 secs] 
2021-08-20T03:48:41.510+0800: 127209.108: [GC (Allocation Failure) [PSYoungGen: 170592K->416K(172032K)] 276787K->106627K(503808K), 0.0019618 secs] [Times: user=0.02 sys=0.00, real=0.00 secs] 
2021-08-20T03:49:29.068+0800: 127256.666: [GC (Allocation Failure) [PSYoungGen: 169888K->1312K(172032K)] 276099K->107531K(503808K), 0.0021650 secs] [Times: user=0.02 sys=0.00, real=0.01 secs] 
2021-08-20T03:50:12.510+0800: 127300.108: [GC (Allocation Failure) [PSYoungGen: 170784K->416K(172032K)] 277003K->106651K(503808K), 0.0021547 secs] [Times: user=0.02 sys=0.00, real=0.01 secs] 
2021-08-20T03:50:59.070+0800: 127346.667: [GC (Allocation Failure) [PSYoungGen: 169888K->1376K(172032K)] 276123K->107619K(503808K), 0.0022333 secs] [Times: user=0.01 sys=0.00, real=0.01 secs] 
2021-08-20T03:51:44.009+0800: 127391.607: [GC (Allocation Failure) [PSYoungGen: 170848K->448K(172032K)] 277091K->106699K(503808K), 0.0018936 secs] [Times: user=0.01 sys=0.00, real=0.01 secs] 
2021-08-20T03:52:29.073+0800: 127436.671: [GC (Allocation Failure) [PSYoungGen: 169920K->800K(172032K)] 276171K->107059K(503808K), 0.0020144 secs] [Times: user=0.02 sys=0.00, real=0.00 secs] 
2021-08-20T03:53:15.581+0800: 127483.179: [GC (Allocation Failure) [PSYoungGen: 170272K->384K(172032K)] 276531K->106651K(503808K), 0.0020651 secs] [Times: user=0.01 sys=0.00, real=0.00 secs] 
2021-08-20T03:53:59.077+0800: 127526.674: [GC (Allocation Failure) [PSYoungGen: 169856K->800K(171008K)] 276123K->107075K(502784K), 0.0021232 secs] [Times: user=0.02 sys=0.00, real=0.00 secs] 
2021-08-20T03:54:47.243+0800: 127574.841: [GC (Allocation Failure) [PSYoungGen: 170272K->416K(171520K)] 276547K->106699K(503296K), 0.0021242 secs] [Times: user=0.02 sys=0.00, real=0.00 secs] 
2021-08-20T03:55:29.081+0800: 127616.679: [GC (Allocation Failure) [PSYoungGen: 169888K->1248K(172032K)] 276171K->107539K(503808K), 0.0020744 secs] [Times: user=0.02 sys=0.00, real=0.00 secs] 
2021-08-20T03:56:19.064+0800: 127666.662: [GC (Allocation Failure) [PSYoungGen: 171232K->704K(172032K)] 277523K->107003K(503808K), 0.0022394 secs] [Times: user=0.01 sys=0.00, real=0.00 secs] 
2021-08-20T03:56:59.508+0800: 127707.106: [GC (Allocation Failure) [PSYoungGen: 170688K->448K(172544K)] 276987K->106763K(504320K), 0.0020040 secs] [Times: user=0.02 sys=0.00, real=0.01 secs] 
2021-08-20T03:57:49.069+0800: 127756.667: [GC (Allocation Failure) [PSYoungGen: 170944K->1120K(172544K)] 277259K->107443K(504320K), 0.0021949 secs] [Times: user=0.02 sys=0.00, real=0.01 secs] 
2021-08-20T03:58:32.630+0800: 127800.228: [GC (Allocation Failure) [PSYoungGen: 171616K->448K(172544K)] 277939K->106779K(504320K), 0.0019474 secs] [Times: user=0.01 sys=0.00, real=0.01 secs] 
2021-08-20T03:59:19.072+0800: 127846.670: [GC (Allocation Failure) [PSYoungGen: 170944K->1024K(172544K)] 277275K->107387K(504320K), 0.0021170 secs] [Times: user=0.02 sys=0.00, real=0.00 secs] 
2021-08-20T04:00:04.628+0800: 127892.226: [GC (Allocation Failure) [PSYoungGen: 171520K->464K(172544K)] 277883K->106835K(504320K), 0.0024421 secs] [Times: user=0.02 sys=0.00, real=0.01 secs] 
2021-08-20T04:00:49.077+0800: 127936.674: [GC (Allocation Failure) [PSYoungGen: 170960K->1056K(172544K)] 277331K->107435K(504320K), 0.0023143 secs] [Times: user=0.02 sys=0.00, real=0.00 secs] 
2021-08-20T04:01:37.006+0800: 127984.604: [GC (Allocation Failure) [PSYoungGen: 171552K->576K(172544K)] 277931K->106963K(504320K), 0.0021795 secs] [Times: user=0.01 sys=0.00, real=0.00 secs] 
2021-08-20T04:02:19.081+0800: 128026.679: [GC (Allocation Failure) [PSYoungGen: 171072K->1648K(172544K)] 277459K->108043K(504320K), 0.0021123 secs] [Times: user=0.01 sys=0.00, real=0.00 secs] 
2021-08-20T04:03:08.267+0800: 128075.865: [GC (Allocation Failure) [PSYoungGen: 172144K->896K(172544K)] 278539K->107299K(504320K), 0.0025987 secs] [Times: user=0.01 sys=0.00, real=0.00 secs] 
2021-08-20T04:03:49.083+0800: 128116.680: [GC (Allocation Failure) [PSYoungGen: 171392K->2032K(172544K)] 277795K->108499K(504320K), 0.0024878 secs] [Times: user=0.02 sys=0.00, real=0.00 secs] 
2021-08-20T04:04:39.065+0800: 128166.663: [GC (Allocation Failure) [PSYoungGen: 172528K->1536K(171520K)] 278995K->108019K(503296K), 0.0020216 secs] [Times: user=0.02 sys=0.00, real=0.00 secs] 
2021-08-20T04:05:19.507+0800: 128207.105: [GC (Allocation Failure) [PSYoungGen: 171008K->1104K(172032K)] 277491K->107587K(503808K), 0.0020830 secs] [Times: user=0.01 sys=0.00, real=0.00 secs] 
2021-08-20T04:06:09.067+0800: 128256.665: [GC (Allocation Failure) [PSYoungGen: 170576K->1376K(172032K)] 277059K->107867K(503808K), 0.0022450 secs] [Times: user=0.02 sys=0.00, real=0.00 secs] 
2021-08-20T04:06:50.507+0800: 128298.105: [GC (Allocation Failure) [PSYoungGen: 170848K->1152K(172032K)] 277339K->107651K(503808K), 0.0022318 secs] [Times: user=0.01 sys=0.00, real=0.00 secs] 
2021-08-20T04:07:39.070+0800: 128346.668: [GC (Allocation Failure) [PSYoungGen: 170624K->1936K(172032K)] 277123K->108451K(503808K), 0.0020334 secs] [Times: user=0.02 sys=0.00, real=0.01 secs] 
2021-08-20T04:08:21.630+0800: 128389.228: [GC (Allocation Failure) [PSYoungGen: 171408K->1184K(172032K)] 277923K->107707K(503808K), 0.0019604 secs] [Times: user=0.02 sys=0.00, real=0.01 secs] 
2021-08-20T04:09:09.074+0800: 128436.672: [GC (Allocation Failure) [PSYoungGen: 170656K->2096K(172032K)] 277179K->108635K(503808K), 0.0024512 secs] [Times: user=0.01 sys=0.00, real=0.00 secs] 
2021-08-20T04:09:52.768+0800: 128480.365: [GC (Allocation Failure) [PSYoungGen: 171568K->1104K(172032K)] 278107K->107707K(503808K), 0.0020377 secs] [Times: user=0.02 sys=0.00, real=0.00 secs] 
2021-08-20T04:10:39.076+0800: 128526.674: [GC (Allocation Failure) [PSYoungGen: 170576K->1696K(172032K)] 277179K->108307K(503808K), 0.0024854 secs] [Times: user=0.02 sys=0.00, real=0.00 secs] 
2021-08-20T04:11:24.161+0800: 128571.759: [GC (Allocation Failure) [PSYoungGen: 171168K->944K(172032K)] 277779K->107675K(503808K), 0.0020527 secs] [Times: user=0.02 sys=0.00, real=0.00 secs] 
2021-08-20T04:12:09.079+0800: 128616.676: [GC (Allocation Failure) [PSYoungGen: 170416K->1312K(172032K)] 277147K->108195K(503808K), 0.0024761 secs] [Times: user=0.02 sys=0.00, real=0.01 secs] 
2021-08-20T04:12:55.601+0800: 128663.199: [GC (Allocation Failure) [PSYoungGen: 170784K->912K(172032K)] 277667K->107939K(503808K), 0.0019082 secs] [Times: user=0.01 sys=0.00, real=0.00 secs] 
2021-08-20T04:13:39.082+0800: 128706.680: [GC (Allocation Failure) [PSYoungGen: 170384K->1344K(172032K)] 277411K->108547K(503808K), 0.0020850 secs] [Times: user=0.01 sys=0.00, real=0.00 secs] 
2021-08-20T04:14:27.636+0800: 128755.234: [GC (Allocation Failure) [PSYoungGen: 170816K->672K(172032K)] 278019K->108115K(503808K), 0.0019920 secs] [Times: user=0.01 sys=0.00, real=0.00 secs] 
2021-08-20T04:15:09.088+0800: 128796.686: [GC (Allocation Failure) [PSYoungGen: 170144K->1280K(172032K)] 277587K->109027K(503808K), 0.0020527 secs] [Times: user=0.02 sys=0.00, real=0.00 secs] 
2021-08-20T04:15:59.007+0800: 128846.605: [GC (Allocation Failure) [PSYoungGen: 170752K->448K(172032K)] 278499K->108203K(503808K), 0.0020437 secs] [Times: user=0.02 sys=0.00, real=0.00 secs] 
2021-08-20T04:16:39.090+0800: 128886.687: [GC (Allocation Failure) [PSYoungGen: 169920K->1056K(172032K)] 277675K->108819K(503808K), 0.0020358 secs] [Times: user=0.02 sys=0.00, real=0.01 secs] 
2021-08-20T04:17:29.072+0800: 128936.670: [GC (Allocation Failure) [PSYoungGen: 170528K->736K(170496K)] 278291K->108515K(502272K), 0.0021175 secs] [Times: user=0.02 sys=0.00, real=0.00 secs] 
2021-08-20T04:18:10.507+0800: 128978.105: [GC (Allocation Failure) [PSYoungGen: 170208K->416K(171520K)] 277987K->108203K(503296K), 0.0021346 secs] [Times: user=0.01 sys=0.00, real=0.00 secs] 
2021-08-20T04:18:59.077+0800: 129026.674: [GC (Allocation Failure) [PSYoungGen: 169888K->1152K(171520K)] 277675K->108947K(503296K), 0.0022825 secs] [Times: user=0.01 sys=0.00, real=0.00 secs] 
2021-08-20T04:19:41.321+0800: 129068.919: [GC (Allocation Failure) [PSYoungGen: 170624K->416K(172032K)] 278419K->108227K(503808K), 0.0020771 secs] [Times: user=0.01 sys=0.00, real=0.00 secs] 
2021-08-20T04:20:29.080+0800: 129116.678: [GC (Allocation Failure) [PSYoungGen: 170400K->1312K(172032K)] 278211K->109131K(503808K), 0.0020247 secs] [Times: user=0.02 sys=0.00, real=0.00 secs] 
2021-08-20T04:21:12.726+0800: 129160.324: [GC (Allocation Failure) [PSYoungGen: 171296K->448K(172544K)] 279115K->108275K(504320K), 0.0019799 secs] [Times: user=0.02 sys=0.00, real=0.00 secs] 
2021-08-20T04:21:59.083+0800: 129206.680: [GC (Allocation Failure) [PSYoungGen: 170944K->384K(172544K)] 278771K->108219K(504320K), 0.0021639 secs] [Times: user=0.01 sys=0.00, real=0.00 secs] 
2021-08-20T04:22:45.052+0800: 129252.650: [GC (Allocation Failure) [PSYoungGen: 170880K->448K(172544K)] 278715K->108323K(504320K), 0.0018362 secs] [Times: user=0.01 sys=0.00, real=0.00 secs] 
2021-08-20T04:23:29.094+0800: 129296.691: [GC (Allocation Failure) [PSYoungGen: 170944K->832K(172544K)] 278819K->108715K(504320K), 0.0024273 secs] [Times: user=0.02 sys=0.00, real=0.00 secs] 
2021-08-20T04:24:17.642+0800: 129345.239: [GC (Allocation Failure) [PSYoungGen: 171328K->448K(172544K)] 279211K->108355K(504320K), 0.0020984 secs] [Times: user=0.02 sys=0.00, real=0.00 secs] 
2021-08-20T04:24:59.094+0800: 129386.691: [GC (Allocation Failure) [PSYoungGen: 170944K->1344K(172544K)] 278851K->109259K(504320K), 0.0020426 secs] [Times: user=0.01 sys=0.00, real=0.00 secs] 
2021-08-20T04:25:49.075+0800: 129436.673: [GC (Allocation Failure) [PSYoungGen: 171840K->736K(172544K)] 279755K->108659K(504320K), 0.0019655 secs] [Times: user=0.02 sys=0.00, real=0.00 secs] 
2021-08-20T04:26:30.643+0800: 129478.240: [GC (Allocation Failure) [PSYoungGen: 171232K->416K(172544K)] 279155K->108347K(504320K), 0.0022859 secs] [Times: user=0.02 sys=0.00, real=0.00 secs] 
2021-08-20T04:27:19.083+0800: 129526.681: [GC (Allocation Failure) [PSYoungGen: 170912K->1280K(172544K)] 278843K->109219K(504320K), 0.0021218 secs] [Times: user=0.01 sys=0.00, real=0.00 secs] 
2021-08-20T04:28:03.513+0800: 129571.111: [GC (Allocation Failure) [PSYoungGen: 171776K->384K(172544K)] 279715K->108331K(504320K), 0.0019913 secs] [Times: user=0.01 sys=0.00, real=0.00 secs] 
2021-08-20T04:28:49.088+0800: 129616.686: [GC (Allocation Failure) [PSYoungGen: 170880K->544K(172544K)] 278827K->108499K(504320K), 0.0021144 secs] [Times: user=0.02 sys=0.00, real=0.01 secs] 
2021-08-20T04:29:36.014+0800: 129663.612: [GC (Allocation Failure) [PSYoungGen: 171040K->528K(172544K)] 278995K->108491K(504320K), 0.0018769 secs] [Times: user=0.01 sys=0.00, real=0.00 secs] 
2021-08-20T04:30:19.095+0800: 129706.692: [GC (Allocation Failure) [PSYoungGen: 171024K->1328K(172544K)] 278987K->109315K(504320K), 0.0021602 secs] [Times: user=0.01 sys=0.00, real=0.00 secs] 
2021-08-20T04:31:08.643+0800: 129756.241: [GC (Allocation Failure) [PSYoungGen: 171824K->528K(172544K)] 279811K->108523K(504320K), 0.0020731 secs] [Times: user=0.02 sys=0.00, real=0.00 secs] 
2021-08-20T04:31:49.098+0800: 129796.696: [GC (Allocation Failure) [PSYoungGen: 171024K->1408K(172544K)] 279019K->109411K(504320K), 0.0022288 secs] [Times: user=0.02 sys=0.00, real=0.01 secs] 
2021-08-20T04:32:39.082+0800: 129846.679: [GC (Allocation Failure) [PSYoungGen: 171904K->1328K(172544K)] 279907K->109339K(504320K), 0.0022571 secs] [Times: user=0.01 sys=0.00, real=0.00 secs] 
2021-08-20T04:33:20.516+0800: 129888.114: [GC (Allocation Failure) [PSYoungGen: 171824K->1056K(172544K)] 279835K->109075K(504320K), 0.0019793 secs] [Times: user=0.01 sys=0.00, real=0.00 secs] 
2021-08-20T04:34:09.086+0800: 129936.684: [GC (Allocation Failure) [PSYoungGen: 171552K->1968K(172544K)] 279571K->109995K(504320K), 0.0023328 secs] [Times: user=0.01 sys=0.00, real=0.00 secs] 
2021-08-20T04:34:52.646+0800: 129980.243: [GC (Allocation Failure) [PSYoungGen: 172464K->1104K(171520K)] 280491K->109139K(503296K), 0.0020330 secs] [Times: user=0.01 sys=0.00, real=0.00 secs] 
2021-08-20T04:35:39.088+0800: 130026.686: [GC (Allocation Failure) [PSYoungGen: 170576K->2224K(172032K)] 278611K->110267K(503808K), 0.0023679 secs] [Times: user=0.02 sys=0.00, real=0.01 secs] 
2021-08-20T04:36:24.016+0800: 130071.614: [GC (Allocation Failure) [PSYoungGen: 171696K->1136K(172032K)] 279739K->109187K(503808K), 0.0020719 secs] [Times: user=0.02 sys=0.00, real=0.00 secs] 
2021-08-20T04:37:09.096+0800: 130116.693: [GC (Allocation Failure) [PSYoungGen: 170608K->1440K(172032K)] 278659K->109515K(503808K), 0.0020812 secs] [Times: user=0.01 sys=0.00, real=0.00 secs] 
2021-08-20T04:37:55.601+0800: 130163.199: [GC (Allocation Failure) [PSYoungGen: 170912K->1184K(172032K)] 278987K->109275K(503808K), 0.0019736 secs] [Times: user=0.01 sys=0.00, real=0.00 secs] 
2021-08-20T04:38:39.101+0800: 130206.699: [GC (Allocation Failure) [PSYoungGen: 170656K->1824K(172032K)] 278747K->109923K(503808K), 0.0025742 secs] [Times: user=0.01 sys=0.00, real=0.00 secs] 
2021-08-20T04:39:27.041+0800: 130254.639: [GC (Allocation Failure) [PSYoungGen: 171296K->1104K(172032K)] 279395K->109211K(503808K), 0.0023098 secs] [Times: user=0.02 sys=0.00, real=0.00 secs] 
2021-08-20T04:40:09.105+0800: 130296.703: [GC (Allocation Failure) [PSYoungGen: 170576K->2064K(172032K)] 278683K->110179K(503808K), 0.0021810 secs] [Times: user=0.02 sys=0.00, real=0.00 secs] 
2021-08-20T04:40:57.768+0800: 130345.366: [GC (Allocation Failure) [PSYoungGen: 171535K->1024K(172032K)] 279650K->109275K(503808K), 0.0022283 secs] [Times: user=0.02 sys=0.00, real=0.01 secs] 
2021-08-20T04:41:39.107+0800: 130386.704: [GC (Allocation Failure) [PSYoungGen: 170496K->1984K(172032K)] 278747K->110371K(503808K), 0.0022195 secs] [Times: user=0.02 sys=0.00, real=0.00 secs] 
2021-08-20T04:42:29.087+0800: 130436.685: [GC (Allocation Failure) [PSYoungGen: 171456K->1248K(172032K)] 279843K->109659K(503808K), 0.0024241 secs] [Times: user=0.01 sys=0.01, real=0.00 secs] 
2021-08-20T04:43:09.518+0800: 130477.116: [GC (Allocation Failure) [PSYoungGen: 170720K->720K(172032K)] 279131K->109443K(503808K), 0.0020489 secs] [Times: user=0.01 sys=0.00, real=0.01 secs] 
2021-08-20T04:43:59.091+0800: 130526.688: [GC (Allocation Failure) [PSYoungGen: 170192K->816K(172032K)] 278915K->109755K(503808K), 0.0020535 secs] [Times: user=0.01 sys=0.00, real=0.00 secs] 
2021-08-20T04:44:41.015+0800: 130568.613: [GC (Allocation Failure) [PSYoungGen: 170288K->464K(172032K)] 279227K->109531K(503808K), 0.0019083 secs] [Times: user=0.02 sys=0.00, real=0.00 secs] 
2021-08-20T04:45:29.096+0800: 130616.693: [GC (Allocation Failure) [PSYoungGen: 169936K->1216K(172032K)] 279003K->110491K(503808K), 0.0024247 secs] [Times: user=0.01 sys=0.00, real=0.00 secs] 
2021-08-20T04:46:12.768+0800: 130660.365: [GC (Allocation Failure) [PSYoungGen: 170688K->480K(172032K)] 279963K->109779K(503808K), 0.0021339 secs] [Times: user=0.01 sys=0.00, real=0.00 secs] 
2021-08-20T04:46:59.098+0800: 130706.696: [GC (Allocation Failure) [PSYoungGen: 169952K->896K(172032K)] 279251K->110219K(503808K), 0.0022374 secs] [Times: user=0.02 sys=0.00, real=0.01 secs] 
2021-08-20T04:47:44.521+0800: 130752.118: [GC (Allocation Failure) [PSYoungGen: 170368K->480K(172032K)] 279691K->109819K(503808K), 0.0025169 secs] [Times: user=0.02 sys=0.00, real=0.00 secs] 
2021-08-20T04:48:29.101+0800: 130796.699: [GC (Allocation Failure) [PSYoungGen: 169952K->800K(172032K)] 279291K->110155K(503808K), 0.0022678 secs] [Times: user=0.02 sys=0.00, real=0.00 secs] 
2021-08-20T04:49:15.641+0800: 130843.238: [GC (Allocation Failure) [PSYoungGen: 170272K->384K(172032K)] 279627K->109763K(503808K), 0.0022345 secs] [Times: user=0.02 sys=0.00, real=0.00 secs] 
2021-08-20T04:49:59.103+0800: 130886.701: [GC (Allocation Failure) [PSYoungGen: 169856K->608K(172032K)] 279235K->109995K(503808K), 0.0022433 secs] [Times: user=0.01 sys=0.00, real=0.00 secs] 
2021-08-20T04:50:46.520+0800: 130934.118: [GC (Allocation Failure) [PSYoungGen: 170080K->448K(169984K)] 279467K->109851K(501760K), 0.0024018 secs] [Times: user=0.01 sys=0.00, real=0.00 secs] 
2021-08-20T04:51:29.108+0800: 130976.706: [GC (Allocation Failure) [PSYoungGen: 169920K->1216K(171520K)] 279323K->110627K(503296K), 0.0020906 secs] [Times: user=0.01 sys=0.00, real=0.01 secs] 
2021-08-20T04:52:18.638+0800: 131026.236: [GC (Allocation Failure) [PSYoungGen: 170688K->352K(171520K)] 280099K->109771K(503296K), 0.0023781 secs] [Times: user=0.01 sys=0.00, real=0.01 secs] 
2021-08-20T04:52:59.111+0800: 131066.709: [GC (Allocation Failure) [PSYoungGen: 169824K->960K(172032K)] 279243K->110387K(503808K), 0.0025287 secs] [Times: user=0.02 sys=0.00, real=0.00 secs] 
2021-08-20T04:53:49.094+0800: 131116.692: [GC (Allocation Failure) [PSYoungGen: 170944K->768K(172032K)] 280371K->110203K(503808K), 0.0023238 secs] [Times: user=0.01 sys=0.00, real=0.00 secs] 
2021-08-20T04:54:30.522+0800: 131158.120: [GC (Allocation Failure) [PSYoungGen: 170752K->448K(172544K)] 280187K->109915K(504320K), 0.0019085 secs] [Times: user=0.02 sys=0.00, real=0.00 secs] 
2021-08-20T04:55:19.098+0800: 131206.696: [GC (Allocation Failure) [PSYoungGen: 170944K->1184K(172544K)] 280411K->110659K(504320K), 0.0020826 secs] [Times: user=0.02 sys=0.00, real=0.01 secs] 
2021-08-20T04:56:02.420+0800: 131250.018: [GC (Allocation Failure) [PSYoungGen: 171680K->320K(172544K)] 281155K->109803K(504320K), 0.0020583 secs] [Times: user=0.01 sys=0.00, real=0.01 secs] 
2021-08-20T04:56:49.102+0800: 131296.699: [GC (Allocation Failure) [PSYoungGen: 170816K->1440K(172544K)] 280299K->110931K(504320K), 0.0022662 secs] [Times: user=0.01 sys=0.00, real=0.00 secs] 
2021-08-20T04:57:34.522+0800: 131342.120: [GC (Allocation Failure) [PSYoungGen: 171936K->384K(172544K)] 281427K->109899K(504320K), 0.0019965 secs] [Times: user=0.02 sys=0.00, real=0.00 secs] 
2021-08-20T04:58:19.107+0800: 131386.705: [GC (Allocation Failure) [PSYoungGen: 170880K->832K(172544K)] 280395K->110355K(504320K), 0.0019747 secs] [Times: user=0.02 sys=0.00, real=0.00 secs] 
2021-08-20T04:59:07.001+0800: 131434.599: [GC (Allocation Failure) [PSYoungGen: 171328K->480K(172544K)] 280851K->110011K(504320K), 0.0021629 secs] [Times: user=0.01 sys=0.00, real=0.00 secs] 
2021-08-20T04:59:49.112+0800: 131476.710: [GC (Allocation Failure) [PSYoungGen: 170976K->1360K(172544K)] 280507K->110899K(504320K), 0.0024338 secs] [Times: user=0.02 sys=0.00, real=0.00 secs] 
2021-08-20T05:00:39.021+0800: 131526.618: [GC (Allocation Failure) [PSYoungGen: 171856K->544K(172544K)] 281395K->110099K(504320K), 0.0022316 secs] [Times: user=0.01 sys=0.00, real=0.00 secs] 
2021-08-20T05:01:19.628+0800: 131567.225: [GC (Allocation Failure) [PSYoungGen: 171040K->592K(172544K)] 280595K->110155K(504320K), 0.0018992 secs] [Times: user=0.02 sys=0.00, real=0.00 secs] 
2021-08-20T05:02:09.099+0800: 131616.697: [GC (Allocation Failure) [PSYoungGen: 171088K->1392K(172544K)] 280651K->110963K(504320K), 0.0021014 secs] [Times: user=0.02 sys=0.00, real=0.01 secs] 
2021-08-20T05:02:51.341+0800: 131658.939: [GC (Allocation Failure) [PSYoungGen: 171888K->992K(172544K)] 281459K->110571K(504320K), 0.0019043 secs] [Times: user=0.02 sys=0.00, real=0.00 secs] 
2021-08-20T05:03:39.102+0800: 131706.700: [GC (Allocation Failure) [PSYoungGen: 171488K->2016K(171520K)] 281067K->111627K(503296K), 0.0021118 secs] [Times: user=0.02 sys=0.00, real=0.00 secs] 
2021-08-20T05:04:29.101+0800: 131756.699: [GC (Allocation Failure) [PSYoungGen: 171488K->2048K(172032K)] 281099K->111675K(503808K), 0.0022590 secs] [Times: user=0.02 sys=0.00, real=0.00 secs] 
2021-08-20T05:05:27.768+0800: 131815.365: [GC (Allocation Failure) [PSYoungGen: 171520K->1120K(172032K)] 281147K->110747K(503808K), 0.0021770 secs] [Times: user=0.01 sys=0.00, real=0.00 secs] 
2021-08-20T05:06:23.404+0800: 131871.002: [GC (Allocation Failure) [PSYoungGen: 170592K->1216K(172032K)] 280219K->110851K(503808K), 0.0022140 secs] [Times: user=0.02 sys=0.00, real=0.00 secs] 
2021-08-20T05:07:19.099+0800: 131926.696: [GC (Allocation Failure) [PSYoungGen: 170688K->1632K(172032K)] 280323K->111275K(503808K), 0.0022142 secs] [Times: user=0.02 sys=0.00, real=0.01 secs] 
2021-08-20T05:08:01.022+0800: 131968.620: [GC (Allocation Failure) [PSYoungGen: 171104K->1104K(172032K)] 280747K->110755K(503808K), 0.0020168 secs] [Times: user=0.01 sys=0.00, real=0.00 secs] 
2021-08-20T05:08:49.103+0800: 132016.701: [GC (Allocation Failure) [PSYoungGen: 170576K->2080K(172032K)] 280227K->111739K(503808K), 0.0021052 secs] [Times: user=0.01 sys=0.00, real=0.00 secs] 
2021-08-20T05:09:32.020+0800: 132059.617: [GC (Allocation Failure) [PSYoungGen: 171552K->1136K(172032K)] 281211K->110803K(503808K), 0.0022118 secs] [Times: user=0.02 sys=0.00, real=0.01 secs] 
2021-08-20T05:10:19.106+0800: 132106.704: [GC (Allocation Failure) [PSYoungGen: 170608K->2112K(171008K)] 280275K->111787K(502784K), 0.0021472 secs] [Times: user=0.02 sys=0.00, real=0.00 secs] 
2021-08-20T05:11:03.021+0800: 132150.618: [GC (Allocation Failure) [PSYoungGen: 170560K->1040K(171520K)] 280235K->110835K(503296K), 0.0021478 secs] [Times: user=0.02 sys=0.00, real=0.00 secs] 
2021-08-20T05:11:49.107+0800: 132196.705: [GC (Allocation Failure) [PSYoungGen: 169488K->2016K(171008K)] 279283K->111955K(502784K), 0.0021861 secs] [Times: user=0.02 sys=0.00, real=0.00 secs] 
2021-08-20T05:12:33.635+0800: 132241.233: [GC (Allocation Failure) [PSYoungGen: 170464K->1072K(171520K)] 280403K->111019K(503296K), 0.0020880 secs] [Times: user=0.01 sys=0.00, real=0.00 secs] 
2021-08-20T05:13:19.108+0800: 132286.705: [GC (Allocation Failure) [PSYoungGen: 169520K->1584K(170496K)] 279467K->111643K(502272K), 0.0023970 secs] [Times: user=0.02 sys=0.00, real=0.01 secs] 
2021-08-20T05:14:03.918+0800: 132331.516: [GC (Allocation Failure) [PSYoungGen: 170032K->608K(171008K)] 280091K->111051K(502784K), 0.0020702 secs] [Times: user=0.02 sys=0.00, real=0.01 secs] 
2021-08-20T05:14:49.108+0800: 132376.706: [GC (Allocation Failure) [PSYoungGen: 169056K->1248K(171520K)] 279499K->111811K(503296K), 0.0021049 secs] [Times: user=0.02 sys=0.00, real=0.01 secs] 
2021-08-20T05:15:34.949+0800: 132422.547: [GC (Allocation Failure) [PSYoungGen: 170208K->448K(171520K)] 280771K->111236K(503296K), 0.0019214 secs] [Times: user=0.02 sys=0.00, real=0.01 secs] 
2021-08-20T05:16:19.112+0800: 132466.710: [GC (Allocation Failure) [PSYoungGen: 169408K->704K(172032K)] 280196K->111556K(503808K), 0.0019918 secs] [Times: user=0.02 sys=0.00, real=0.00 secs] 
2021-08-20T05:17:05.904+0800: 132513.502: [GC (Allocation Failure) [PSYoungGen: 170176K->480K(172032K)] 281028K->111340K(503808K), 0.0018761 secs] [Times: user=0.01 sys=0.00, real=0.00 secs] 
2021-08-20T05:17:49.114+0800: 132556.712: [GC (Allocation Failure) [PSYoungGen: 169952K->864K(172032K)] 280812K->111732K(503808K), 0.0023144 secs] [Times: user=0.02 sys=0.00, real=0.00 secs] 
2021-08-20T05:18:36.637+0800: 132604.235: [GC (Allocation Failure) [PSYoungGen: 170336K->480K(172032K)] 281204K->111380K(503808K), 0.0020094 secs] [Times: user=0.01 sys=0.00, real=0.00 secs] 
2021-08-20T05:19:19.117+0800: 132646.715: [GC (Allocation Failure) [PSYoungGen: 169952K->1184K(172032K)] 280852K->112092K(503808K), 0.0022481 secs] [Times: user=0.02 sys=0.00, real=0.00 secs] 
2021-08-20T05:20:08.023+0800: 132695.620: [GC (Allocation Failure) [PSYoungGen: 170656K->448K(172032K)] 281564K->111380K(503808K), 0.0022571 secs] [Times: user=0.02 sys=0.00, real=0.00 secs] 
2021-08-20T05:20:49.120+0800: 132736.717: [GC (Allocation Failure) [PSYoungGen: 169920K->1312K(172032K)] 280852K->112252K(503808K), 0.0021752 secs] [Times: user=0.01 sys=0.00, real=0.01 secs] 
2021-08-20T05:21:39.102+0800: 132786.699: [GC (Allocation Failure) [PSYoungGen: 170784K->672K(172032K)] 281724K->111628K(503808K), 0.0025535 secs] [Times: user=0.01 sys=0.00, real=0.00 secs] 
2021-08-20T05:22:19.522+0800: 132827.120: [GC (Allocation Failure) [PSYoungGen: 170144K->416K(172032K)] 281100K->111412K(503808K), 0.0019469 secs] [Times: user=0.02 sys=0.00, real=0.00 secs] 
2021-08-20T05:23:09.105+0800: 132876.702: [GC (Allocation Failure) [PSYoungGen: 169888K->480K(172032K)] 280884K->111516K(503808K), 0.0020874 secs] [Times: user=0.01 sys=0.00, real=0.00 secs] 
2021-08-20T05:23:51.401+0800: 132918.999: [GC (Allocation Failure) [PSYoungGen: 169952K->480K(171008K)] 280988K->111532K(502784K), 0.0019754 secs] [Times: user=0.01 sys=0.00, real=0.00 secs] 
2021-08-20T05:24:39.110+0800: 132966.708: [GC (Allocation Failure) [PSYoungGen: 169952K->1248K(171520K)] 281004K->112308K(503296K), 0.0020724 secs] [Times: user=0.02 sys=0.00, real=0.00 secs] 
2021-08-20T05:25:22.768+0800: 133010.365: [GC (Allocation Failure) [PSYoungGen: 170720K->384K(172032K)] 281780K->111452K(503808K), 0.0020701 secs] [Times: user=0.02 sys=0.00, real=0.00 secs] 
2021-08-20T05:26:09.113+0800: 133056.711: [GC (Allocation Failure) [PSYoungGen: 170368K->1088K(172032K)] 281436K->112180K(503808K), 0.0022431 secs] [Times: user=0.01 sys=0.00, real=0.00 secs] 
2021-08-20T05:26:54.666+0800: 133102.264: [GC (Allocation Failure) [PSYoungGen: 171072K->416K(172544K)] 282164K->111516K(504320K), 0.0021490 secs] [Times: user=0.01 sys=0.00, real=0.00 secs] 
2021-08-20T05:27:39.119+0800: 133146.717: [GC (Allocation Failure) [PSYoungGen: 170912K->512K(172544K)] 282012K->111620K(504320K), 0.0020818 secs] [Times: user=0.01 sys=0.00, real=0.01 secs] 
2021-08-20T05:28:27.768+0800: 133195.365: [GC (Allocation Failure) [PSYoungGen: 171008K->320K(172544K)] 282116K->111444K(504320K), 0.0023265 secs] [Times: user=0.02 sys=0.00, real=0.00 secs] 
2021-08-20T05:29:09.125+0800: 133236.722: [GC (Allocation Failure) [PSYoungGen: 170816K->1520K(172544K)] 281940K->112652K(504320K), 0.0022983 secs] [Times: user=0.01 sys=0.00, real=0.00 secs] 
2021-08-20T05:29:59.109+0800: 133286.707: [GC (Allocation Failure) [PSYoungGen: 172016K->912K(172544K)] 283148K->112060K(504320K), 0.0020422 secs] [Times: user=0.01 sys=0.00, real=0.01 secs] 
2021-08-20T05:30:40.037+0800: 133327.635: [GC (Allocation Failure) [PSYoungGen: 171408K->640K(172544K)] 282556K->111804K(504320K), 0.0019480 secs] [Times: user=0.02 sys=0.00, real=0.00 secs] 
2021-08-20T05:31:29.113+0800: 133376.711: [GC (Allocation Failure) [PSYoungGen: 171136K->1680K(171520K)] 282300K->112852K(503296K), 0.0020723 secs] [Times: user=0.02 sys=0.00, real=0.00 secs] 
2021-08-20T05:32:11.027+0800: 133418.625: [GC (Allocation Failure) [PSYoungGen: 171152K->960K(172032K)] 282324K->112140K(503808K), 0.0021399 secs] [Times: user=0.02 sys=0.00, real=0.00 secs] 
2021-08-20T05:32:59.116+0800: 133466.714: [GC (Allocation Failure) [PSYoungGen: 170432K->2032K(171520K)] 281612K->113268K(503296K), 0.0021568 secs] [Times: user=0.01 sys=0.00, real=0.00 secs] 
2021-08-20T05:33:41.680+0800: 133509.278: [GC (Allocation Failure) [PSYoungGen: 171504K->1200K(172032K)] 282740K->112452K(503808K), 0.0020484 secs] [Times: user=0.02 sys=0.00, real=0.00 secs] 
2021-08-20T05:34:29.118+0800: 133556.716: [GC (Allocation Failure) [PSYoungGen: 170672K->2096K(172032K)] 281924K->113348K(503808K), 0.0021947 secs] [Times: user=0.02 sys=0.00, real=0.01 secs] 
2021-08-20T05:35:12.683+0800: 133600.281: [GC (Allocation Failure) [PSYoungGen: 171568K->1152K(172032K)] 282820K->112412K(503808K), 0.0019480 secs] [Times: user=0.01 sys=0.00, real=0.00 secs] 
2021-08-20T05:35:59.120+0800: 133646.718: [GC (Allocation Failure) [PSYoungGen: 170624K->1808K(172032K)] 281884K->113076K(503808K), 0.0022920 secs] [Times: user=0.02 sys=0.00, real=0.00 secs] 
2021-08-20T05:36:44.032+0800: 133691.629: [GC (Allocation Failure) [PSYoungGen: 171280K->1168K(172032K)] 282548K->112460K(503808K), 0.0020553 secs] [Times: user=0.02 sys=0.00, real=0.00 secs] 
2021-08-20T05:37:29.125+0800: 133736.723: [GC (Allocation Failure) [PSYoungGen: 170640K->1488K(172032K)] 281932K->112788K(503808K), 0.0020536 secs] [Times: user=0.02 sys=0.00, real=0.00 secs] 
2021-08-20T05:38:15.641+0800: 133783.239: [GC (Allocation Failure) [PSYoungGen: 170960K->1104K(172032K)] 282260K->112412K(503808K), 0.0019066 secs] [Times: user=0.01 sys=0.00, real=0.00 secs] 
2021-08-20T05:38:59.128+0800: 133826.725: [GC (Allocation Failure) [PSYoungGen: 170576K->1392K(172032K)] 281884K->112708K(503808K), 0.0021283 secs] [Times: user=0.01 sys=0.00, real=0.00 secs] 
2021-08-20T05:39:46.405+0800: 133874.003: [GC (Allocation Failure) [PSYoungGen: 170864K->1200K(172032K)] 282180K->112524K(503808K), 0.0019436 secs] [Times: user=0.02 sys=0.00, real=0.00 secs] 
2021-08-20T05:40:29.132+0800: 133916.730: [GC (Allocation Failure) [PSYoungGen: 170672K->1840K(172032K)] 281996K->113380K(503808K), 0.0021638 secs] [Times: user=0.02 sys=0.00, real=0.00 secs] 
2021-08-20T05:41:17.610+0800: 133965.208: [GC (Allocation Failure) [PSYoungGen: 171312K->1040K(172032K)] 282852K->112604K(503808K), 0.0020811 secs] [Times: user=0.02 sys=0.00, real=0.00 secs] 
2021-08-20T05:41:59.134+0800: 134006.732: [GC (Allocation Failure) [PSYoungGen: 170512K->1888K(172032K)] 282076K->113580K(503808K), 0.0021235 secs] [Times: user=0.02 sys=0.00, real=0.00 secs] 
2021-08-20T05:42:49.036+0800: 134056.634: [GC (Allocation Failure) [PSYoungGen: 171360K->576K(172032K)] 283052K->112636K(503808K), 0.0019538 secs] [Times: user=0.02 sys=0.00, real=0.00 secs] 
2021-08-20T05:43:29.534+0800: 134097.132: [GC (Allocation Failure) [PSYoungGen: 170048K->528K(172032K)] 282108K->112724K(503808K), 0.0019127 secs] [Times: user=0.02 sys=0.00, real=0.00 secs] 
2021-08-20T05:44:19.119+0800: 134146.717: [GC (Allocation Failure) [PSYoungGen: 170000K->832K(172032K)] 282196K->113236K(503808K), 0.0020897 secs] [Times: user=0.02 sys=0.00, real=0.01 secs] 
2021-08-20T05:45:00.536+0800: 134188.134: [GC (Allocation Failure) [PSYoungGen: 170304K->448K(172032K)] 282708K->112876K(503808K), 0.0018883 secs] [Times: user=0.01 sys=0.00, real=0.00 secs] 
2021-08-20T05:45:49.122+0800: 134236.720: [GC (Allocation Failure) [PSYoungGen: 169920K->1088K(172032K)] 282348K->113556K(503808K), 0.0019460 secs] [Times: user=0.02 sys=0.00, real=0.00 secs] 
2021-08-20T05:46:31.537+0800: 134279.135: [GC (Allocation Failure) [PSYoungGen: 170560K->352K(172032K)] 283028K->112828K(503808K), 0.0021133 secs] [Times: user=0.02 sys=0.00, real=0.00 secs] 
2021-08-20T05:47:19.125+0800: 134326.722: [GC (Allocation Failure) [PSYoungGen: 169824K->1216K(172032K)] 282300K->113700K(503808K), 0.0024141 secs] [Times: user=0.01 sys=0.00, real=0.00 secs] 
2021-08-20T05:48:02.768+0800: 134370.366: [GC (Allocation Failure) [PSYoungGen: 170688K->416K(172032K)] 283172K->112908K(503808K), 0.0019587 secs] [Times: user=0.01 sys=0.00, real=0.00 secs] 
2021-08-20T05:48:49.127+0800: 134416.725: [GC (Allocation Failure) [PSYoungGen: 169888K->992K(172032K)] 282380K->113492K(503808K), 0.0024776 secs] [Times: user=0.01 sys=0.00, real=0.00 secs] 
2021-08-20T05:49:33.700+0800: 134461.298: [GC (Allocation Failure) [PSYoungGen: 170464K->416K(171008K)] 282964K->112924K(502784K), 0.0020598 secs] [Times: user=0.01 sys=0.00, real=0.00 secs] 
2021-08-20T05:50:19.130+0800: 134506.728: [GC (Allocation Failure) [PSYoungGen: 169888K->736K(171520K)] 282396K->113252K(503296K), 0.0021685 secs] [Times: user=0.02 sys=0.00, real=0.01 secs] 
2021-08-20T05:51:04.702+0800: 134552.299: [GC (Allocation Failure) [PSYoungGen: 170208K->448K(172032K)] 282724K->112972K(503808K), 0.0024345 secs] [Times: user=0.01 sys=0.00, real=0.00 secs] 
2021-08-20T05:51:49.131+0800: 134596.729: [GC (Allocation Failure) [PSYoungGen: 170432K->768K(172032K)] 282956K->113300K(503808K), 0.0020524 secs] [Times: user=0.01 sys=0.00, real=0.00 secs] 
2021-08-20T05:52:37.047+0800: 134644.644: [GC (Allocation Failure) [PSYoungGen: 170752K->448K(172544K)] 283284K->112988K(504320K), 0.0023507 secs] [Times: user=0.01 sys=0.00, real=0.00 secs] 
2021-08-20T05:53:19.136+0800: 134686.733: [GC (Allocation Failure) [PSYoungGen: 170944K->1248K(172544K)] 283484K->113796K(504320K), 0.0020914 secs] [Times: user=0.01 sys=0.00, real=0.00 secs] 
2021-08-20T05:54:09.119+0800: 134736.717: [GC (Allocation Failure) [PSYoungGen: 171744K->704K(172544K)] 284292K->113268K(504320K), 0.0019934 secs] [Times: user=0.01 sys=0.00, real=0.01 secs] 
2021-08-20T05:54:50.542+0800: 134778.140: [GC (Allocation Failure) [PSYoungGen: 171200K->416K(172544K)] 283764K->112988K(504320K), 0.0019645 secs] [Times: user=0.01 sys=0.00, real=0.00 secs] 
2021-08-20T05:55:39.125+0800: 134826.722: [GC (Allocation Failure) [PSYoungGen: 170912K->1216K(172544K)] 283484K->113796K(504320K), 0.0022713 secs] [Times: user=0.02 sys=0.00, real=0.00 secs] 
2021-08-20T05:56:23.543+0800: 134871.140: [GC (Allocation Failure) [PSYoungGen: 171712K->416K(172544K)] 284292K->113004K(504320K), 0.0022547 secs] [Times: user=0.02 sys=0.00, real=0.00 secs] 
2021-08-20T05:57:09.130+0800: 134916.728: [GC (Allocation Failure) [PSYoungGen: 170912K->672K(172544K)] 283500K->113268K(504320K), 0.0021144 secs] [Times: user=0.02 sys=0.00, real=0.00 secs] 
2021-08-20T05:57:55.676+0800: 134963.274: [GC (Allocation Failure) [PSYoungGen: 171168K->400K(172544K)] 283764K->113012K(504320K), 0.0019046 secs] [Times: user=0.02 sys=0.00, real=0.00 secs] 
2021-08-20T05:58:39.134+0800: 135006.732: [GC (Allocation Failure) [PSYoungGen: 170896K->1232K(172544K)] 283508K->113852K(504320K), 0.0020496 secs] [Times: user=0.01 sys=0.00, real=0.00 secs] 
2021-08-20T05:59:27.792+0800: 135055.390: [GC (Allocation Failure) [PSYoungGen: 171728K->512K(172544K)] 284348K->113140K(504320K), 0.0018566 secs] [Times: user=0.01 sys=0.00, real=0.00 secs] 
2021-08-20T06:00:09.139+0800: 135096.737: [GC (Allocation Failure) [PSYoungGen: 171008K->1536K(172544K)] 283636K->114172K(504320K), 0.0023967 secs] [Times: user=0.02 sys=0.00, real=0.01 secs] 
2021-08-20T06:00:59.044+0800: 135146.641: [GC (Allocation Failure) [PSYoungGen: 172032K->720K(172544K)] 284668K->113364K(504320K), 0.0019832 secs] [Times: user=0.01 sys=0.00, real=0.00 secs] 
2021-08-20T06:01:39.543+0800: 135187.141: [GC (Allocation Failure) [PSYoungGen: 171216K->944K(172544K)] 283860K->113596K(504320K), 0.0021104 secs] [Times: user=0.02 sys=0.00, real=0.00 secs] 
2021-08-20T06:02:29.124+0800: 135236.721: [GC (Allocation Failure) [PSYoungGen: 171440K->1408K(172544K)] 284092K->114124K(504320K), 0.0020792 secs] [Times: user=0.02 sys=0.00, real=0.00 secs] 
2021-08-20T06:03:11.857+0800: 135279.455: [GC (Allocation Failure) [PSYoungGen: 171904K->1200K(172544K)] 284620K->113924K(504320K), 0.0022165 secs] [Times: user=0.01 sys=0.00, real=0.00 secs] 
2021-08-20T06:03:59.129+0800: 135326.727: [GC (Allocation Failure) [PSYoungGen: 171696K->2032K(172544K)] 284420K->114804K(504320K), 0.0026631 secs] [Times: user=0.01 sys=0.00, real=0.01 secs] 
2021-08-20T06:04:44.201+0800: 135371.799: [GC (Allocation Failure) [PSYoungGen: 172528K->1120K(171520K)] 285300K->113908K(503296K), 0.0020333 secs] [Times: user=0.02 sys=0.00, real=0.00 secs] 
2021-08-20T06:05:29.136+0800: 135416.734: [GC (Allocation Failure) [PSYoungGen: 170592K->1520K(172032K)] 283380K->114308K(503808K), 0.0020735 secs] [Times: user=0.02 sys=0.00, real=0.00 secs] 
2021-08-20T06:06:15.543+0800: 135463.141: [GC (Allocation Failure) [PSYoungGen: 170992K->1184K(172032K)] 283780K->113980K(503808K), 0.0025355 secs] [Times: user=0.02 sys=0.00, real=0.00 secs] 
2021-08-20T06:06:59.138+0800: 135506.736: [GC (Allocation Failure) [PSYoungGen: 170656K->1376K(172032K)] 283452K->114180K(503808K), 0.0021362 secs] [Times: user=0.01 sys=0.00, real=0.01 secs] 
2021-08-20T06:07:46.543+0800: 135554.140: [GC (Allocation Failure) [PSYoungGen: 170848K->1152K(171008K)] 283652K->113964K(502784K), 0.0021779 secs] [Times: user=0.02 sys=0.00, real=0.00 secs] 
2021-08-20T06:08:29.141+0800: 135596.739: [GC (Allocation Failure) [PSYoungGen: 170624K->1984K(171520K)] 283436K->114804K(503296K), 0.0024109 secs] [Times: user=0.02 sys=0.00, real=0.00 secs] 
2021-08-20T06:09:17.081+0800: 135644.679: [GC (Allocation Failure) [PSYoungGen: 171456K->1104K(172032K)] 284276K->114044K(503808K), 0.0023758 secs] [Times: user=0.01 sys=0.00, real=0.00 secs] 
2021-08-20T06:09:59.146+0800: 135686.744: [GC (Allocation Failure) [PSYoungGen: 170576K->1984K(172032K)] 283516K->115060K(503808K), 0.0024554 secs] [Times: user=0.02 sys=0.00, real=0.00 secs] 
2021-08-20T06:10:47.768+0800: 135735.366: [GC (Allocation Failure) [PSYoungGen: 171456K->960K(172032K)] 284532K->114060K(503808K), 0.0026653 secs] [Times: user=0.02 sys=0.00, real=0.01 secs] 
2021-08-20T06:11:29.146+0800: 135776.744: [GC (Allocation Failure) [PSYoungGen: 170432K->1920K(172032K)] 283532K->115132K(503808K), 0.0024416 secs] [Times: user=0.01 sys=0.00, real=0.00 secs] 
2021-08-20T06:12:19.042+0800: 135826.640: [GC (Allocation Failure) [PSYoungGen: 171392K->736K(172032K)] 284604K->114164K(503808K), 0.0020821 secs] [Times: user=0.02 sys=0.00, real=0.00 secs] 
2021-08-20T06:12:59.148+0800: 135866.745: [GC (Allocation Failure) [PSYoungGen: 170208K->1184K(172032K)] 283636K->114908K(503808K), 0.0024115 secs] [Times: user=0.02 sys=0.00, real=0.00 secs] 
2021-08-20T06:13:49.130+0800: 135916.727: [GC (Allocation Failure) [PSYoungGen: 170656K->800K(172032K)] 284380K->114732K(503808K), 0.0023546 secs] [Times: user=0.02 sys=0.00, real=0.01 secs] 
2021-08-20T06:14:30.541+0800: 135958.138: [GC (Allocation Failure) [PSYoungGen: 170272K->448K(172032K)] 284204K->114404K(503808K), 0.0019188 secs] [Times: user=0.02 sys=0.00, real=0.00 secs] 
2021-08-20T06:15:19.133+0800: 136006.731: [GC (Allocation Failure) [PSYoungGen: 169920K->1184K(172032K)] 283876K->115196K(503808K), 0.0021375 secs] [Times: user=0.02 sys=0.00, real=0.00 secs] 
2021-08-20T06:16:02.040+0800: 136049.638: [GC (Allocation Failure) [PSYoungGen: 170656K->416K(172032K)] 284668K->114444K(503808K), 0.0020693 secs] [Times: user=0.02 sys=0.00, real=0.00 secs] 
2021-08-20T06:16:49.136+0800: 136096.734: [GC (Allocation Failure) [PSYoungGen: 169888K->1248K(172032K)] 283916K->115308K(503808K), 0.0022702 secs] [Times: user=0.01 sys=0.00, real=0.00 secs] 
2021-08-20T06:17:32.652+0800: 136140.250: [GC (Allocation Failure) [PSYoungGen: 170720K->448K(172032K)] 284780K->114516K(503808K), 0.0020552 secs] [Times: user=0.01 sys=0.00, real=0.00 secs] 
2021-08-20T06:18:19.139+0800: 136186.737: [GC (Allocation Failure) [PSYoungGen: 169920K->1024K(172032K)] 283988K->115100K(503808K), 0.0021931 secs] [Times: user=0.02 sys=0.00, real=0.01 secs] 
2021-08-20T06:19:05.040+0800: 136232.638: [GC (Allocation Failure) [PSYoungGen: 170496K->320K(172032K)] 284572K->114412K(503808K), 0.0020905 secs] [Times: user=0.02 sys=0.00, real=0.01 secs] 
2021-08-20T06:19:49.145+0800: 136276.742: [GC (Allocation Failure) [PSYoungGen: 169792K->800K(171008K)] 283884K->114900K(502784K), 0.0019852 secs] [Times: user=0.02 sys=0.00, real=0.00 secs] 
2021-08-20T06:20:36.538+0800: 136324.136: [GC (Allocation Failure) [PSYoungGen: 170272K->384K(171520K)] 284372K->114500K(503296K), 0.0020633 secs] [Times: user=0.02 sys=0.00, real=0.01 secs] 
2021-08-20T06:21:19.150+0800: 136366.747: [GC (Allocation Failure) [PSYoungGen: 169856K->1152K(172032K)] 283972K->115276K(503808K), 0.0022482 secs] [Times: user=0.02 sys=0.00, real=0.01 secs] 
2021-08-20T06:22:08.541+0800: 136416.138: [GC (Allocation Failure) [PSYoungGen: 171136K->384K(172032K)] 285260K->114516K(503808K), 0.0019497 secs] [Times: user=0.01 sys=0.00, real=0.00 secs] 
2021-08-20T06:22:49.153+0800: 136456.751: [GC (Allocation Failure) [PSYoungGen: 170368K->896K(172544K)] 284500K->115036K(504320K), 0.0022865 secs] [Times: user=0.02 sys=0.00, real=0.00 secs] 
2021-08-20T06:23:39.135+0800: 136506.733: [GC (Allocation Failure) [PSYoungGen: 171392K->576K(172544K)] 285532K->114740K(504320K), 0.0021267 secs] [Times: user=0.02 sys=0.00, real=0.00 secs] 
2021-08-20T06:24:21.186+0800: 136548.784: [GC (Allocation Failure) [PSYoungGen: 171072K->384K(172544K)] 285236K->114556K(504320K), 0.0018942 secs] [Times: user=0.01 sys=0.00, real=0.00 secs] 
2021-08-20T06:25:09.140+0800: 136596.738: [GC (Allocation Failure) [PSYoungGen: 170880K->1280K(172544K)] 285052K->115460K(504320K), 0.0020918 secs] [Times: user=0.02 sys=0.00, real=0.00 secs] 
2021-08-20T06:25:53.539+0800: 136641.137: [GC (Allocation Failure) [PSYoungGen: 171776K->448K(172544K)] 285956K->114644K(504320K), 0.0020686 secs] [Times: user=0.01 sys=0.00, real=0.01 secs] 
2021-08-20T06:26:39.145+0800: 136686.742: [GC (Allocation Failure) [PSYoungGen: 170944K->736K(172544K)] 285140K->114948K(504320K), 0.0019905 secs] [Times: user=0.01 sys=0.00, real=0.00 secs] 
2021-08-20T06:27:26.040+0800: 136733.638: [GC (Allocation Failure) [PSYoungGen: 171232K->480K(172544K)] 285444K->114716K(504320K), 0.0022351 secs] [Times: user=0.01 sys=0.00, real=0.00 secs] 
2021-08-20T06:28:09.152+0800: 136776.750: [GC (Allocation Failure) [PSYoungGen: 170976K->1232K(172544K)] 285212K->115476K(504320K), 0.0020696 secs] [Times: user=0.02 sys=0.00, real=0.00 secs] 
2021-08-20T06:28:58.661+0800: 136826.258: [GC (Allocation Failure) [PSYoungGen: 171728K->512K(172544K)] 285972K->114764K(504320K), 0.0023618 secs] [Times: user=0.01 sys=0.00, real=0.00 secs] 
2021-08-20T06:29:39.156+0800: 136866.754: [GC (Allocation Failure) [PSYoungGen: 171008K->544K(172544K)] 285260K->114820K(504320K), 0.0020404 secs] [Times: user=0.02 sys=0.00, real=0.00 secs] 
2021-08-20T06:30:29.141+0800: 136916.739: [GC (Allocation Failure) [PSYoungGen: 171040K->1424K(172544K)] 285316K->115708K(504320K), 0.0021846 secs] [Times: user=0.02 sys=0.00, real=0.00 secs] 
2021-08-20T06:31:10.666+0800: 136958.264: [GC (Allocation Failure) [PSYoungGen: 171920K->992K(172544K)] 286204K->115284K(504320K), 0.0020279 secs] [Times: user=0.01 sys=0.00, real=0.00 secs] 
2021-08-20T06:31:59.143+0800: 137006.741: [GC (Allocation Failure) [PSYoungGen: 171488K->2032K(171520K)] 285780K->116348K(503296K), 0.0021246 secs] [Times: user=0.02 sys=0.00, real=0.00 secs] 
2021-08-20T06:32:42.040+0800: 137049.638: [GC (Allocation Failure) [PSYoungGen: 171504K->1152K(172032K)] 285820K->115484K(503808K), 0.0021299 secs] [Times: user=0.01 sys=0.00, real=0.01 secs] 
2021-08-20T06:33:29.145+0800: 137096.743: [GC (Allocation Failure) [PSYoungGen: 170624K->2128K(172032K)] 284956K->116460K(503808K), 0.0026479 secs] [Times: user=0.02 sys=0.00, real=0.00 secs] 
2021-08-20T06:34:13.042+0800: 137140.640: [GC (Allocation Failure) [PSYoungGen: 171600K->1200K(172032K)] 285932K->115540K(503808K), 0.0023822 secs] [Times: user=0.01 sys=0.00, real=0.00 secs] 
2021-08-20T06:34:59.147+0800: 137186.745: [GC (Allocation Failure) [PSYoungGen: 170672K->1792K(172032K)] 285012K->116140K(503808K), 0.0022741 secs] [Times: user=0.02 sys=0.00, real=0.00 secs] 
2021-08-20T06:35:43.597+0800: 137231.195: [GC (Allocation Failure) [PSYoungGen: 171264K->1104K(172032K)] 285612K->115460K(503808K), 0.0019498 secs] [Times: user=0.02 sys=0.00, real=0.00 secs] 
2021-08-20T06:36:29.149+0800: 137276.747: [GC (Allocation Failure) [PSYoungGen: 170576K->1344K(172032K)] 284932K->115772K(503808K), 0.0021056 secs] [Times: user=0.01 sys=0.00, real=0.01 secs] 
2021-08-20T06:37:14.682+0800: 137322.280: [GC (Allocation Failure) [PSYoungGen: 170816K->1184K(172032K)] 285244K->115628K(503808K), 0.0021002 secs] [Times: user=0.02 sys=0.00, real=0.00 secs] 
2021-08-20T06:37:59.151+0800: 137366.748: [GC (Allocation Failure) [PSYoungGen: 170656K->1648K(172032K)] 285100K->116100K(503808K), 0.0023453 secs] [Times: user=0.01 sys=0.00, real=0.00 secs] 
2021-08-20T06:38:45.541+0800: 137413.139: [GC (Allocation Failure) [PSYoungGen: 171120K->1040K(172032K)] 285572K->115620K(503808K), 0.0023500 secs] [Times: user=0.02 sys=0.00, real=0.00 secs] 
2021-08-20T06:39:29.152+0800: 137456.750: [GC (Allocation Failure) [PSYoungGen: 170512K->1568K(172032K)] 285092K->116172K(503808K), 0.0020991 secs] [Times: user=0.01 sys=0.00, real=0.00 secs] 
2021-08-20T06:40:16.643+0800: 137504.241: [GC (Allocation Failure) [PSYoungGen: 171040K->928K(172032K)] 285644K->115644K(503808K), 0.0022003 secs] [Times: user=0.01 sys=0.00, real=0.00 secs] 
2021-08-20T06:40:59.157+0800: 137546.755: [GC (Allocation Failure) [PSYoungGen: 170400K->1664K(172032K)] 285116K->116516K(503808K), 0.0021358 secs] [Times: user=0.01 sys=0.00, real=0.00 secs] 
2021-08-20T06:41:48.545+0800: 137596.143: [GC (Allocation Failure) [PSYoungGen: 171136K->800K(172032K)] 285988K->115772K(503808K), 0.0022491 secs] [Times: user=0.02 sys=0.00, real=0.00 secs] 
2021-08-20T06:42:29.160+0800: 137636.758: [GC (Allocation Failure) [PSYoungGen: 170272K->1168K(172032K)] 285244K->116444K(503808K), 0.0021571 secs] [Times: user=0.02 sys=0.00, real=0.00 secs] 
2021-08-20T06:43:19.143+0800: 137686.740: [GC (Allocation Failure) [PSYoungGen: 170640K->672K(172032K)] 285916K->116252K(503808K), 0.0019505 secs] [Times: user=0.01 sys=0.00, real=0.00 secs] 
2021-08-20T06:43:59.546+0800: 137727.144: [GC (Allocation Failure) [PSYoungGen: 170144K->416K(172032K)] 285724K->116028K(503808K), 0.0023051 secs] [Times: user=0.02 sys=0.00, real=0.00 secs] 
2021-08-20T06:44:49.147+0800: 137776.744: [GC (Allocation Failure) [PSYoungGen: 169888K->640K(172032K)] 285500K->116276K(503808K), 0.0022834 secs] [Times: user=0.02 sys=0.00, real=0.00 secs] 
2021-08-20T06:45:31.548+0800: 137819.145: [GC (Allocation Failure) [PSYoungGen: 170112K->416K(172032K)] 285748K->116068K(503808K), 0.0018573 secs] [Times: user=0.02 sys=0.00, real=0.00 secs] 
2021-08-20T06:46:19.150+0800: 137866.748: [GC (Allocation Failure) [PSYoungGen: 169888K->1312K(172032K)] 285540K->116972K(503808K), 0.0022980 secs] [Times: user=0.02 sys=0.00, real=0.00 secs] 
2021-08-20T06:47:02.728+0800: 137910.325: [GC (Allocation Failure) [PSYoungGen: 170784K->320K(172032K)] 286444K->115988K(503808K), 0.0023919 secs] [Times: user=0.02 sys=0.00, real=0.00 secs] 
2021-08-20T06:47:49.153+0800: 137956.751: [GC (Allocation Failure) [PSYoungGen: 169792K->992K(170496K)] 285460K->116684K(502272K), 0.0021575 secs] [Times: user=0.02 sys=0.00, real=0.00 secs] 
2021-08-20T06:48:33.695+0800: 138001.293: [GC (Allocation Failure) [PSYoungGen: 170464K->480K(171520K)] 286156K->116196K(503296K), 0.0020588 secs] [Times: user=0.01 sys=0.00, real=0.00 secs] 
2021-08-20T06:49:19.156+0800: 138046.754: [GC (Allocation Failure) [PSYoungGen: 169952K->672K(171520K)] 285668K->116404K(503296K), 0.0021140 secs] [Times: user=0.01 sys=0.01, real=0.00 secs] 
2021-08-20T06:50:05.049+0800: 138092.647: [GC (Allocation Failure) [PSYoungGen: 170144K->384K(172032K)] 285876K->116140K(503808K), 0.0022772 secs] [Times: user=0.01 sys=0.00, real=0.01 secs] 
2021-08-20T06:50:49.158+0800: 138136.756: [GC (Allocation Failure) [PSYoungGen: 170368K->800K(172032K)] 286124K->116564K(503808K), 0.0019809 secs] [Times: user=0.02 sys=0.00, real=0.01 secs] 
2021-08-20T06:51:37.051+0800: 138184.648: [GC (Allocation Failure) [PSYoungGen: 170784K->416K(172544K)] 286548K->116204K(504320K), 0.0022612 secs] [Times: user=0.01 sys=0.00, real=0.00 secs] 
2021-08-20T06:52:19.163+0800: 138226.760: [GC (Allocation Failure) [PSYoungGen: 170912K->1248K(172544K)] 286700K->117044K(504320K), 0.0024725 secs] [Times: user=0.02 sys=0.00, real=0.00 secs] 
2021-08-20T06:53:08.698+0800: 138276.296: [GC (Allocation Failure) [PSYoungGen: 171744K->416K(172544K)] 287540K->116236K(504320K), 0.0020764 secs] [Times: user=0.02 sys=0.00, real=0.01 secs] 
2021-08-20T06:53:49.165+0800: 138316.763: [GC (Allocation Failure) [PSYoungGen: 170912K->1056K(172544K)] 286732K->116884K(504320K), 0.0021546 secs] [Times: user=0.01 sys=0.00, real=0.00 secs] 
2021-08-20T06:54:39.150+0800: 138366.748: [GC (Allocation Failure) [PSYoungGen: 171552K->640K(172544K)] 287380K->116484K(504320K), 0.0020420 secs] [Times: user=0.01 sys=0.00, real=0.00 secs] 
2021-08-20T06:55:21.553+0800: 138409.150: [GC (Allocation Failure) [PSYoungGen: 171136K->416K(172544K)] 286980K->116268K(504320K), 0.0018934 secs] [Times: user=0.02 sys=0.00, real=0.00 secs] 
2021-08-20T06:56:09.157+0800: 138456.754: [GC (Allocation Failure) [PSYoungGen: 170912K->1376K(172544K)] 286764K->117236K(504320K), 0.0021138 secs] [Times: user=0.02 sys=0.00, real=0.00 secs] 
2021-08-20T06:56:54.052+0800: 138501.649: [GC (Allocation Failure) [PSYoungGen: 171872K->416K(172544K)] 287732K->116284K(504320K), 0.0020124 secs] [Times: user=0.02 sys=0.00, real=0.00 secs] 
2021-08-20T06:57:39.163+0800: 138546.761: [GC (Allocation Failure) [PSYoungGen: 170912K->848K(172544K)] 286780K->116724K(504320K), 0.0020219 secs] [Times: user=0.01 sys=0.00, real=0.00 secs] 
2021-08-20T06:58:25.721+0800: 138593.319: [GC (Allocation Failure) [PSYoungGen: 171344K->624K(172544K)] 287220K->116516K(504320K), 0.0019119 secs] [Times: user=0.01 sys=0.00, real=0.00 secs] 
2021-08-20T06:59:09.169+0800: 138636.767: [GC (Allocation Failure) [PSYoungGen: 171120K->1376K(172544K)] 287012K->117276K(504320K), 0.0024669 secs] [Times: user=0.01 sys=0.01, real=0.01 secs] 
2021-08-20T06:59:57.606+0800: 138685.204: [GC (Allocation Failure) [PSYoungGen: 171872K->608K(172544K)] 287772K->116516K(504320K), 0.0021041 secs] [Times: user=0.02 sys=0.00, real=0.00 secs] 
2021-08-20T07:00:39.172+0800: 138726.769: [GC (Allocation Failure) [PSYoungGen: 171104K->1856K(172544K)] 287012K->117781K(504320K), 0.0021699 secs] [Times: user=0.01 sys=0.00, real=0.00 secs] 
2021-08-20T07:01:29.154+0800: 138776.751: [GC (Allocation Failure) [PSYoungGen: 172352K->1488K(172032K)] 288277K->117421K(503808K), 0.0022590 secs] [Times: user=0.01 sys=0.00, real=0.00 secs] 
2021-08-20T07:02:10.053+0800: 138817.651: [GC (Allocation Failure) [PSYoungGen: 171984K->1088K(172032K)] 287917K->117029K(503808K), 0.0020288 secs] [Times: user=0.01 sys=0.00, real=0.00 secs] 
2021-08-20T07:02:59.158+0800: 138866.756: [GC (Allocation Failure) [PSYoungGen: 170560K->1872K(172032K)] 286501K->117821K(503808K), 0.0021032 secs] [Times: user=0.02 sys=0.00, real=0.01 secs] 
2021-08-20T07:03:41.554+0800: 138909.152: [GC (Allocation Failure) [PSYoungGen: 171344K->1216K(172032K)] 287293K->117181K(503808K), 0.0023028 secs] [Times: user=0.01 sys=0.00, real=0.00 secs] 
2021-08-20T07:04:29.161+0800: 138956.759: [GC (Allocation Failure) [PSYoungGen: 170688K->2064K(172032K)] 286653K->118037K(503808K), 0.0020119 secs] [Times: user=0.01 sys=0.00, real=0.00 secs] 
2021-08-20T07:05:12.698+0800: 139000.295: [GC (Allocation Failure) [PSYoungGen: 171536K->1184K(172032K)] 287509K->117165K(503808K), 0.0023057 secs] [Times: user=0.01 sys=0.00, real=0.00 secs] 
2021-08-20T07:05:59.164+0800: 139046.761: [GC (Allocation Failure) [PSYoungGen: 170656K->1760K(172032K)] 286637K->117749K(503808K), 0.0025789 secs] [Times: user=0.02 sys=0.00, real=0.00 secs] 
2021-08-20T07:06:43.882+0800: 139091.480: [GC (Allocation Failure) [PSYoungGen: 171232K->1088K(172032K)] 287221K->117085K(503808K), 0.0022623 secs] [Times: user=0.02 sys=0.00, real=0.00 secs] 
2021-08-20T07:07:29.168+0800: 139136.766: [GC (Allocation Failure) [PSYoungGen: 170560K->1488K(172032K)] 286557K->117493K(503808K), 0.0020524 secs] [Times: user=0.01 sys=0.00, real=0.00 secs] 
2021-08-20T07:08:15.692+0800: 139183.289: [GC (Allocation Failure) [PSYoungGen: 170960K->1040K(172032K)] 286965K->117181K(503808K), 0.0024363 secs] [Times: user=0.02 sys=0.00, real=0.00 secs] 
2021-08-20T07:08:59.172+0800: 139226.770: [GC (Allocation Failure) [PSYoungGen: 170512K->1488K(172032K)] 286653K->117637K(503808K), 0.0021970 secs] [Times: user=0.02 sys=0.00, real=0.00 secs] 
2021-08-20T07:09:46.216+0800: 139273.813: [GC (Allocation Failure) [PSYoungGen: 170960K->912K(172032K)] 287109K->117261K(503808K), 0.0024053 secs] [Times: user=0.02 sys=0.00, real=0.00 secs] 
2021-08-20T07:10:29.175+0800: 139316.773: [GC (Allocation Failure) [PSYoungGen: 170384K->1680K(172032K)] 286733K->118053K(503808K), 0.0022516 secs] [Times: user=0.02 sys=0.00, real=0.00 secs] 
2021-08-20T07:11:17.557+0800: 139365.155: [GC (Allocation Failure) [PSYoungGen: 171152K->768K(172032K)] 287525K->117277K(503808K), 0.0020187 secs] [Times: user=0.02 sys=0.00, real=0.00 secs] 
2021-08-20T07:11:59.176+0800: 139406.774: [GC (Allocation Failure) [PSYoungGen: 170240K->1600K(172032K)] 286749K->118317K(503808K), 0.0022333 secs] [Times: user=0.02 sys=0.00, real=0.00 secs] 
2021-08-20T07:12:49.056+0800: 139456.653: [GC (Allocation Failure) [PSYoungGen: 171072K->448K(172032K)] 287789K->117549K(503808K), 0.0020798 secs] [Times: user=0.02 sys=0.00, real=0.00 secs] 
2021-08-20T07:13:29.554+0800: 139497.151: [GC (Allocation Failure) [PSYoungGen: 169920K->480K(172032K)] 287021K->117597K(503808K), 0.0019564 secs] [Times: user=0.02 sys=0.00, real=0.00 secs] 
2021-08-20T07:14:19.163+0800: 139546.761: [GC (Allocation Failure) [PSYoungGen: 169952K->544K(172032K)] 287069K->117669K(503808K), 0.0023757 secs] [Times: user=0.02 sys=0.00, real=0.00 secs] 
2021-08-20T07:15:01.051+0800: 139588.649: [GC (Allocation Failure) [PSYoungGen: 170016K->448K(172032K)] 287141K->117581K(503808K), 0.0019937 secs] [Times: user=0.01 sys=0.00, real=0.00 secs] 
2021-08-20T07:15:49.168+0800: 139636.765: [GC (Allocation Failure) [PSYoungGen: 169920K->1216K(172032K)] 287053K->118365K(503808K), 0.0021165 secs] [Times: user=0.02 sys=0.00, real=0.00 secs] 
2021-08-20T07:16:33.049+0800: 139680.646: [GC (Allocation Failure) [PSYoungGen: 170688K->384K(172032K)] 287837K->117541K(503808K), 0.0020854 secs] [Times: user=0.02 sys=0.00, real=0.01 secs] 
2021-08-20T07:17:19.173+0800: 139726.771: [GC (Allocation Failure) [PSYoungGen: 169856K->1056K(172032K)] 287013K->118237K(503808K), 0.0020505 secs] [Times: user=0.02 sys=0.00, real=0.00 secs] 
2021-08-20T07:18:03.546+0800: 139771.144: [GC (Allocation Failure) [PSYoungGen: 170528K->448K(172032K)] 287709K->117669K(503808K), 0.0019345 secs] [Times: user=0.01 sys=0.00, real=0.00 secs] 
2021-08-20T07:18:49.174+0800: 139816.772: [GC (Allocation Failure) [PSYoungGen: 169920K->384K(172032K)] 287141K->117613K(503808K), 0.0021298 secs] [Times: user=0.01 sys=0.00, real=0.00 secs] 
2021-08-20T07:19:35.045+0800: 139862.643: [GC (Allocation Failure) [PSYoungGen: 169856K->384K(169984K)] 287085K->117621K(501760K), 0.0022398 secs] [Times: user=0.02 sys=0.00, real=0.00 secs] 
2021-08-20T07:20:19.178+0800: 139906.776: [GC (Allocation Failure) [PSYoungGen: 169856K->864K(171520K)] 287093K->118109K(503296K), 0.0020274 secs] [Times: user=0.01 sys=0.00, real=0.01 secs] 
2021-08-20T07:21:06.542+0800: 139954.139: [GC (Allocation Failure) [PSYoungGen: 170336K->480K(171520K)] 287581K->117741K(503296K), 0.0019581 secs] [Times: user=0.02 sys=0.01, real=0.00 secs] 
2021-08-20T07:21:49.183+0800: 139996.781: [GC (Allocation Failure) [PSYoungGen: 169952K->1152K(172032K)] 287213K->118421K(503808K), 0.0021724 secs] [Times: user=0.01 sys=0.00, real=0.00 secs] 
2021-08-20T07:22:37.041+0800: 140044.639: [GC (Allocation Failure) [PSYoungGen: 171136K->448K(172032K)] 288405K->117725K(503808K), 0.0022248 secs] [Times: user=0.01 sys=0.00, real=0.00 secs] 
2021-08-20T07:23:19.185+0800: 140086.783: [GC (Allocation Failure) [PSYoungGen: 170432K->1216K(172544K)] 287709K->118501K(504320K), 0.0021503 secs] [Times: user=0.01 sys=0.00, real=0.00 secs] 
2021-08-20T07:24:08.541+0800: 140136.139: [GC (Allocation Failure) [PSYoungGen: 171712K->448K(172544K)] 288997K->117741K(504320K), 0.0019280 secs] [Times: user=0.02 sys=0.00, real=0.00 secs] 
2021-08-20T07:24:49.188+0800: 140176.786: [GC (Allocation Failure) [PSYoungGen: 170944K->1120K(172544K)] 288237K->118421K(504320K), 0.0021742 secs] [Times: user=0.01 sys=0.00, real=0.01 secs] 
2021-08-20T07:25:39.170+0800: 140226.768: [GC (Allocation Failure) [PSYoungGen: 171616K->608K(172544K)] 288917K->117917K(504320K), 0.0019878 secs] [Times: user=0.01 sys=0.00, real=0.00 secs] 
2021-08-20T07:26:21.539+0800: 140269.137: [GC (Allocation Failure) [PSYoungGen: 171104K->512K(172544K)] 288413K->117829K(504320K), 0.0020257 secs] [Times: user=0.01 sys=0.00, real=0.01 secs] 
2021-08-20T07:27:09.175+0800: 140316.773: [GC (Allocation Failure) [PSYoungGen: 171008K->1296K(172544K)] 288325K->118629K(504320K), 0.0020572 secs] [Times: user=0.02 sys=0.00, real=0.00 secs] 
2021-08-20T07:27:53.325+0800: 140360.923: [GC (Allocation Failure) [PSYoungGen: 171792K->624K(172544K)] 289125K->117965K(504320K), 0.0020621 secs] [Times: user=0.01 sys=0.00, real=0.00 secs] 
2021-08-20T07:28:39.179+0800: 140406.777: [GC (Allocation Failure) [PSYoungGen: 171120K->880K(172544K)] 288461K->118229K(504320K), 0.0019627 secs] [Times: user=0.01 sys=0.00, real=0.01 secs] 
2021-08-20T07:29:26.038+0800: 140453.636: [GC (Allocation Failure) [PSYoungGen: 171376K->576K(172544K)] 288725K->117981K(504320K), 0.0019707 secs] [Times: user=0.01 sys=0.00, real=0.00 secs] 
2021-08-20T07:30:09.186+0800: 140496.783: [GC (Allocation Failure) [PSYoungGen: 171072K->1600K(172544K)] 288477K->119013K(504320K), 0.0022964 secs] [Times: user=0.01 sys=0.01, real=0.00 secs] 
2021-08-20T07:30:57.101+0800: 140544.699: [GC (Allocation Failure) [PSYoungGen: 172096K->1072K(172544K)] 289509K->118501K(504320K), 0.0020750 secs] [Times: user=0.02 sys=0.00, real=0.00 secs] 
2021-08-20T07:31:39.188+0800: 140586.786: [GC (Allocation Failure) [PSYoungGen: 171568K->2016K(172544K)] 288997K->119469K(504320K), 0.0023580 secs] [Times: user=0.01 sys=0.00, real=0.01 secs] 
2021-08-20T07:32:29.171+0800: 140636.769: [GC (Allocation Failure) [PSYoungGen: 172512K->1440K(171520K)] 289965K->118917K(503296K), 0.0023128 secs] [Times: user=0.02 sys=0.00, real=0.00 secs] 
2021-08-20T07:33:09.537+0800: 140677.135: [GC (Allocation Failure) [PSYoungGen: 170912K->1120K(172032K)] 288389K->118597K(503808K), 0.0024181 secs] [Times: user=0.02 sys=0.00, real=0.00 secs] 
2021-08-20T07:33:59.176+0800: 140726.774: [GC (Allocation Failure) [PSYoungGen: 170592K->1456K(172032K)] 288069K->118981K(503808K), 0.0021032 secs] [Times: user=0.02 sys=0.00, real=0.00 secs] 
2021-08-20T07:34:41.111+0800: 140768.709: [GC (Allocation Failure) [PSYoungGen: 170928K->1136K(172032K)] 288453K->118669K(503808K), 0.0020589 secs] [Times: user=0.01 sys=0.00, real=0.00 secs] 
2021-08-20T07:35:29.182+0800: 140816.780: [GC (Allocation Failure) [PSYoungGen: 170608K->2096K(172032K)] 288141K->119637K(503808K), 0.0021606 secs] [Times: user=0.02 sys=0.00, real=0.00 secs] 
2021-08-20T07:36:12.768+0800: 140860.365: [GC (Allocation Failure) [PSYoungGen: 171568K->1152K(172032K)] 289109K->118701K(503808K), 0.0020277 secs] [Times: user=0.02 sys=0.00, real=0.00 secs] 
2021-08-20T07:36:59.183+0800: 140906.781: [GC (Allocation Failure) [PSYoungGen: 170624K->1712K(172032K)] 288173K->119285K(503808K), 0.0021705 secs] [Times: user=0.02 sys=0.00, real=0.00 secs] 
2021-08-20T07:37:43.684+0800: 140951.281: [GC (Allocation Failure) [PSYoungGen: 171184K->1088K(172032K)] 288757K->118789K(503808K), 0.0024204 secs] [Times: user=0.02 sys=0.00, real=0.00 secs] 
2021-08-20T07:38:29.188+0800: 140996.785: [GC (Allocation Failure) [PSYoungGen: 170560K->1488K(172032K)] 288261K->119221K(503808K), 0.0021396 secs] [Times: user=0.02 sys=0.00, real=0.00 secs] 
2021-08-20T07:39:15.701+0800: 141043.299: [GC (Allocation Failure) [PSYoungGen: 170960K->800K(172032K)] 288693K->118725K(503808K), 0.0021153 secs] [Times: user=0.01 sys=0.00, real=0.00 secs] 
2021-08-20T07:39:59.191+0800: 141086.788: [GC (Allocation Failure) [PSYoungGen: 170272K->1264K(172032K)] 288197K->119213K(503808K), 0.0026109 secs] [Times: user=0.01 sys=0.00, real=0.00 secs] 
2021-08-20T07:40:46.679+0800: 141134.276: [GC (Allocation Failure) [PSYoungGen: 170736K->928K(172032K)] 288685K->118885K(503808K), 0.0018784 secs] [Times: user=0.02 sys=0.00, real=0.01 secs] 
2021-08-20T07:41:29.193+0800: 141176.791: [GC (Allocation Failure) [PSYoungGen: 170400K->1424K(172032K)] 288357K->119677K(503808K), 0.0021378 secs] [Times: user=0.01 sys=0.00, real=0.00 secs] 
2021-08-20T07:42:17.677+0800: 141225.274: [GC (Allocation Failure) [PSYoungGen: 170896K->544K(172032K)] 289149K->118989K(503808K), 0.0021319 secs] [Times: user=0.01 sys=0.00, real=0.00 secs] 
2021-08-20T07:42:59.197+0800: 141266.794: [GC (Allocation Failure) [PSYoungGen: 170016K->1216K(172032K)] 288461K->119869K(503808K), 0.0021502 secs] [Times: user=0.02 sys=0.01, real=0.00 secs] 
2021-08-20T07:43:48.535+0800: 141316.133: [GC (Allocation Failure) [PSYoungGen: 170688K->352K(172032K)] 289341K->119021K(503808K), 0.0022234 secs] [Times: user=0.02 sys=0.00, real=0.00 secs] 
2021-08-20T07:44:29.199+0800: 141356.797: [GC (Allocation Failure) [PSYoungGen: 169824K->864K(171008K)] 288493K->119541K(502784K), 0.0020275 secs] [Times: user=0.02 sys=0.00, real=0.01 secs] 
2021-08-20T07:45:19.182+0800: 141406.780: [GC (Allocation Failure) [PSYoungGen: 170336K->704K(171520K)] 289013K->119413K(503296K), 0.0021627 secs] [Times: user=0.02 sys=0.00, real=0.00 secs] 
2021-08-20T07:46:00.101+0800: 141447.699: [GC (Allocation Failure) [PSYoungGen: 170176K->448K(172032K)] 288885K->119165K(503808K), 0.0018801 secs] [Times: user=0.01 sys=0.00, real=0.00 secs] 
2021-08-20T07:46:49.187+0800: 141496.785: [GC (Allocation Failure) [PSYoungGen: 170432K->1120K(172032K)] 289149K->119845K(503808K), 0.0020798 secs] [Times: user=0.01 sys=0.00, real=0.00 secs] 
2021-08-20T07:47:32.537+0800: 141540.135: [GC (Allocation Failure) [PSYoungGen: 171104K->448K(172544K)] 289829K->119181K(504320K), 0.0020126 secs] [Times: user=0.02 sys=0.00, real=0.00 secs] 
2021-08-20T07:48:19.192+0800: 141586.789: [GC (Allocation Failure) [PSYoungGen: 170944K->1024K(172544K)] 289677K->119765K(504320K), 0.0022324 secs] [Times: user=0.02 sys=0.00, real=0.00 secs] 
2021-08-20T07:49:05.039+0800: 141632.636: [GC (Allocation Failure) [PSYoungGen: 171520K->448K(172544K)] 290261K->119197K(504320K), 0.0019306 secs] [Times: user=0.02 sys=0.01, real=0.01 secs] 
2021-08-20T07:49:49.198+0800: 141676.796: [GC (Allocation Failure) [PSYoungGen: 170944K->576K(172544K)] 289693K->119333K(504320K), 0.0019896 secs] [Times: user=0.01 sys=0.00, real=0.00 secs] 
2021-08-20T07:50:37.768+0800: 141725.365: [GC (Allocation Failure) [PSYoungGen: 171072K->352K(172544K)] 289829K->119133K(504320K), 0.0019318 secs] [Times: user=0.01 sys=0.00, real=0.00 secs] 
2021-08-20T07:51:19.203+0800: 141766.801: [GC (Allocation Failure) [PSYoungGen: 170848K->1344K(172544K)] 289629K->120133K(504320K), 0.0022122 secs] [Times: user=0.02 sys=0.00, real=0.00 secs] 
2021-08-20T07:52:09.186+0800: 141816.784: [GC (Allocation Failure) [PSYoungGen: 171840K->800K(172544K)] 290629K->119597K(504320K), 0.0019736 secs] [Times: user=0.01 sys=0.00, real=0.00 secs] 
2021-08-20T07:52:50.081+0800: 141857.679: [GC (Allocation Failure) [PSYoungGen: 171296K->352K(172544K)] 290093K->119157K(504320K), 0.0019786 secs] [Times: user=0.01 sys=0.00, real=0.00 secs] 
2021-08-20T07:53:39.191+0800: 141906.789: [GC (Allocation Failure) [PSYoungGen: 170848K->1216K(172544K)] 289653K->120029K(504320K), 0.0021653 secs] [Times: user=0.01 sys=0.00, real=0.00 secs] 
2021-08-20T07:54:22.670+0800: 141950.268: [GC (Allocation Failure) [PSYoungGen: 171712K->416K(172544K)] 290525K->119237K(504320K), 0.0023444 secs] [Times: user=0.02 sys=0.00, real=0.00 secs] 
2021-08-20T07:55:09.195+0800: 141996.793: [GC (Allocation Failure) [PSYoungGen: 170912K->1056K(172544K)] 289733K->119885K(504320K), 0.0022696 secs] [Times: user=0.02 sys=0.00, real=0.00 secs] 
2021-08-20T07:55:55.050+0800: 142042.648: [GC (Allocation Failure) [PSYoungGen: 171552K->480K(172544K)] 290381K->119317K(504320K), 0.0019417 secs] [Times: user=0.01 sys=0.00, real=0.01 secs] 
2021-08-20T07:56:39.201+0800: 142086.799: [GC (Allocation Failure) [PSYoungGen: 170976K->896K(172544K)] 289813K->119741K(504320K), 0.0021153 secs] [Times: user=0.01 sys=0.00, real=0.00 secs] 
2021-08-20T07:57:27.050+0800: 142134.648: [GC (Allocation Failure) [PSYoungGen: 171392K->592K(172544K)] 290237K->119445K(504320K), 0.0021777 secs] [Times: user=0.01 sys=0.00, real=0.01 secs] 
2021-08-20T07:58:09.206+0800: 142176.804: [GC (Allocation Failure) [PSYoungGen: 171088K->1504K(172544K)] 289941K->120365K(504320K), 0.0021159 secs] [Times: user=0.01 sys=0.00, real=0.00 secs] 
2021-08-20T07:58:58.551+0800: 142226.149: [GC (Allocation Failure) [PSYoungGen: 172000K->704K(172544K)] 290861K->119573K(504320K), 0.0019386 secs] [Times: user=0.02 sys=0.00, real=0.00 secs] 
2021-08-20T07:59:39.208+0800: 142266.806: [GC (Allocation Failure) [PSYoungGen: 171200K->1376K(172544K)] 290069K->120253K(504320K), 0.0024124 secs] [Times: user=0.02 sys=0.00, real=0.01 secs] 
2021-08-20T08:00:29.190+0800: 142316.788: [GC (Allocation Failure) [PSYoungGen: 171872K->1632K(172544K)] 290749K->120525K(504320K), 0.0021695 secs] [Times: user=0.01 sys=0.00, real=0.00 secs] 
2021-08-20T08:01:10.552+0800: 142358.150: [GC (Allocation Failure) [PSYoungGen: 172128K->1120K(172544K)] 291021K->120021K(504320K), 0.0019918 secs] [Times: user=0.01 sys=0.00, real=0.00 secs] 
2021-08-20T08:01:59.195+0800: 142406.793: [GC (Allocation Failure) [PSYoungGen: 171616K->2032K(172544K)] 290517K->120957K(504320K), 0.0025451 secs] [Times: user=0.02 sys=0.00, real=0.00 secs] 
2021-08-20T08:02:43.553+0800: 142451.150: [GC (Allocation Failure) [PSYoungGen: 172528K->1088K(171520K)] 291453K->120029K(503296K), 0.0020123 secs] [Times: user=0.02 sys=0.00, real=0.00 secs] 
2021-08-20T08:03:29.201+0800: 142496.799: [GC (Allocation Failure) [PSYoungGen: 170560K->1376K(172032K)] 289501K->120317K(503808K), 0.0021576 secs] [Times: user=0.02 sys=0.01, real=0.00 secs] 
2021-08-20T08:04:15.053+0800: 142542.650: [GC (Allocation Failure) [PSYoungGen: 170841K->1232K(172032K)] 289783K->120181K(503808K), 0.0024942 secs] [Times: user=0.01 sys=0.00, real=0.00 secs] 
2021-08-20T08:04:59.204+0800: 142586.802: [GC (Allocation Failure) [PSYoungGen: 170704K->1648K(172032K)] 289653K->120605K(503808K), 0.0023843 secs] [Times: user=0.01 sys=0.00, real=0.00 secs] 
2021-08-20T08:05:46.554+0800: 142634.151: [GC (Allocation Failure) [PSYoungGen: 171120K->1136K(172032K)] 290077K->120101K(503808K), 0.0020597 secs] [Times: user=0.01 sys=0.00, real=0.00 secs] 
2021-08-20T08:06:29.208+0800: 142676.806: [GC (Allocation Failure) [PSYoungGen: 170608K->2000K(172032K)] 289573K->120973K(503808K), 0.0025449 secs] [Times: user=0.02 sys=0.00, real=0.01 secs] 
2021-08-20T08:07:18.054+0800: 142725.651: [GC (Allocation Failure) [PSYoungGen: 171472K->1120K(172032K)] 290445K->120109K(503808K), 0.0020292 secs] [Times: user=0.02 sys=0.00, real=0.00 secs] 
2021-08-20T08:07:59.217+0800: 142766.814: [GC (Allocation Failure) [PSYoungGen: 170592K->2048K(172032K)] 289581K->121181K(503808K), 0.0021881 secs] [Times: user=0.02 sys=0.00, real=0.00 secs] 
2021-08-20T08:08:48.755+0800: 142816.353: [GC (Allocation Failure) [PSYoungGen: 171520K->1008K(172032K)] 290653K->120269K(503808K), 0.0020797 secs] [Times: user=0.01 sys=0.00, real=0.00 secs] 
2021-08-20T08:09:29.211+0800: 142856.808: [GC (Allocation Failure) [PSYoungGen: 170480K->1456K(172032K)] 289741K->120869K(503808K), 0.0023937 secs] [Times: user=0.01 sys=0.00, real=0.00 secs] 
2021-08-20T08:10:19.192+0800: 142906.790: [GC (Allocation Failure) [PSYoungGen: 170928K->1344K(172032K)] 290341K->120869K(503808K), 0.0024809 secs] [Times: user=0.01 sys=0.00, real=0.00 secs] 
2021-08-20T08:11:00.101+0800: 142947.699: [GC (Allocation Failure) [PSYoungGen: 170816K->720K(172032K)] 290341K->120357K(503808K), 0.0021402 secs] [Times: user=0.02 sys=0.00, real=0.00 secs] 
2021-08-20T08:11:49.199+0800: 142996.797: [GC (Allocation Failure) [PSYoungGen: 170192K->1056K(172032K)] 289829K->121157K(503808K), 0.0020348 secs] [Times: user=0.01 sys=0.00, real=0.01 secs] 
2021-08-20T08:12:31.481+0800: 143039.079: [GC (Allocation Failure) [PSYoungGen: 170528K->416K(172032K)] 290629K->120525K(503808K), 0.0020621 secs] [Times: user=0.02 sys=0.00, real=0.00 secs] 
2021-08-20T08:13:19.200+0800: 143086.798: [GC (Allocation Failure) [PSYoungGen: 169888K->1248K(172032K)] 289997K->121397K(503808K), 0.0021985 secs] [Times: user=0.02 sys=0.00, real=0.00 secs] 
2021-08-20T08:14:02.696+0800: 143130.294: [GC (Allocation Failure) [PSYoungGen: 170720K->416K(172032K)] 290869K->120573K(503808K), 0.0020415 secs] [Times: user=0.01 sys=0.00, real=0.00 secs] 
2021-08-20T08:14:49.202+0800: 143176.799: [GC (Allocation Failure) [PSYoungGen: 169888K->1376K(172032K)] 290045K->121549K(503808K), 0.0023780 secs] [Times: user=0.02 sys=0.00, real=0.00 secs] 
2021-08-20T08:15:34.058+0800: 143221.655: [GC (Allocation Failure) [PSYoungGen: 170848K->480K(172032K)] 291021K->120693K(503808K), 0.0020654 secs] [Times: user=0.01 sys=0.00, real=0.00 secs] 
2021-08-20T08:16:19.206+0800: 143266.804: [GC (Allocation Failure) [PSYoungGen: 169952K->704K(172032K)] 290165K->120925K(503808K), 0.0022267 secs] [Times: user=0.01 sys=0.00, real=0.00 secs] 
2021-08-20T08:17:05.614+0800: 143313.212: [GC (Allocation Failure) [PSYoungGen: 170176K->384K(172032K)] 290397K->120621K(503808K), 0.0020117 secs] [Times: user=0.01 sys=0.00, real=0.00 secs] 
2021-08-20T08:17:49.209+0800: 143356.807: [GC (Allocation Failure) [PSYoungGen: 169856K->800K(171008K)] 290093K->121045K(502784K), 0.0021704 secs] [Times: user=0.01 sys=0.00, real=0.01 secs] 
2021-08-20T08:18:37.557+0800: 143405.155: [GC (Allocation Failure) [PSYoungGen: 170272K->416K(171520K)] 290517K->120693K(503296K), 0.0020444 secs] [Times: user=0.01 sys=0.00, real=0.00 secs] 
2021-08-20T08:19:19.212+0800: 143446.810: [GC (Allocation Failure) [PSYoungGen: 169888K->1312K(171520K)] 290165K->121597K(503296K), 0.0020879 secs] [Times: user=0.02 sys=0.00, real=0.00 secs] 
2021-08-20T08:20:09.058+0800: 143496.656: [GC (Allocation Failure) [PSYoungGen: 170784K->416K(172032K)] 291069K->120717K(503808K), 0.0022610 secs] [Times: user=0.01 sys=0.00, real=0.01 secs] 
2021-08-20T08:20:49.215+0800: 143536.812: [GC (Allocation Failure) [PSYoungGen: 169888K->1056K(172032K)] 290189K->121365K(503808K), 0.0022040 secs] [Times: user=0.01 sys=0.00, real=0.00 secs] 
2021-08-20T08:21:39.197+0800: 143586.795: [GC (Allocation Failure) [PSYoungGen: 171040K->800K(172032K)] 291349K->121117K(503808K), 0.0020689 secs] [Times: user=0.02 sys=0.00, real=0.00 secs] 
2021-08-20T08:22:21.351+0800: 143628.949: [GC (Allocation Failure) [PSYoungGen: 170784K->448K(172544K)] 291101K->120773K(504320K), 0.0019687 secs] [Times: user=0.02 sys=0.00, real=0.00 secs] 
2021-08-20T08:23:09.204+0800: 143676.801: [GC (Allocation Failure) [PSYoungGen: 170944K->1216K(172544K)] 291269K->121549K(504320K), 0.0024108 secs] [Times: user=0.02 sys=0.00, real=0.00 secs] 
2021-08-20T08:23:53.058+0800: 143720.656: [GC (Allocation Failure) [PSYoungGen: 171712K->480K(172544K)] 292045K->120837K(504320K), 0.0019690 secs] [Times: user=0.01 sys=0.00, real=0.01 secs] 
2021-08-20T08:24:39.208+0800: 143766.806: [GC (Allocation Failure) [PSYoungGen: 170976K->704K(172544K)] 291333K->121069K(504320K), 0.0020721 secs] [Times: user=0.01 sys=0.00, real=0.01 secs] 
2021-08-20T08:25:26.055+0800: 143813.653: [GC (Allocation Failure) [PSYoungGen: 171200K->448K(172544K)] 291565K->120845K(504320K), 0.0020372 secs] [Times: user=0.02 sys=0.00, real=0.00 secs] 
2021-08-20T08:26:09.212+0800: 143856.810: [GC (Allocation Failure) [PSYoungGen: 170944K->1168K(172544K)] 291341K->121573K(504320K), 0.0023123 secs] [Times: user=0.01 sys=0.00, real=0.00 secs] 
2021-08-20T08:26:58.555+0800: 143906.152: [GC (Allocation Failure) [PSYoungGen: 171664K->512K(172544K)] 292069K->120925K(504320K), 0.0022337 secs] [Times: user=0.01 sys=0.00, real=0.00 secs] 
2021-08-20T08:27:39.217+0800: 143946.815: [GC (Allocation Failure) [PSYoungGen: 171008K->1248K(172544K)] 291421K->121669K(504320K), 0.0021282 secs] [Times: user=0.01 sys=0.01, real=0.00 secs] 
2021-08-20T08:28:29.200+0800: 143996.797: [GC (Allocation Failure) [PSYoungGen: 171744K->800K(172544K)] 292165K->121229K(504320K), 0.0019759 secs] [Times: user=0.02 sys=0.00, real=0.01 secs] 
2021-08-20T08:29:10.572+0800: 144038.170: [GC (Allocation Failure) [PSYoungGen: 171296K->736K(172544K)] 291725K->121173K(504320K), 0.0020159 secs] [Times: user=0.01 sys=0.00, real=0.00 secs] 
2021-08-20T08:29:59.203+0800: 144086.801: [GC (Allocation Failure) [PSYoungGen: 171232K->1856K(172544K)] 291669K->122302K(504320K), 0.0021274 secs] [Times: user=0.02 sys=0.00, real=0.00 secs] 
2021-08-20T08:30:42.742+0800: 144130.340: [GC (Allocation Failure) [PSYoungGen: 172352K->1152K(172544K)] 292798K->121606K(504320K), 0.0020731 secs] [Times: user=0.01 sys=0.00, real=0.00 secs] 
2021-08-20T08:31:29.209+0800: 144176.807: [GC (Allocation Failure) [PSYoungGen: 171648K->1136K(172544K)] 292102K->121598K(504320K), 0.0019369 secs] [Times: user=0.01 sys=0.00, real=0.01 secs] 
2021-08-20T08:32:15.054+0800: 144222.651: [GC (Allocation Failure) [PSYoungGen: 171632K->1136K(172544K)] 292094K->121606K(504320K), 0.0025134 secs] [Times: user=0.02 sys=0.00, real=0.00 secs] 
2021-08-20T08:32:59.214+0800: 144266.811: [GC (Allocation Failure) [PSYoungGen: 171632K->1536K(172544K)] 292102K->122014K(504320K), 0.0022481 secs] [Times: user=0.01 sys=0.00, real=0.00 secs] 
2021-08-20T08:33:47.768+0800: 144315.365: [GC (Allocation Failure) [PSYoungGen: 172032K->1136K(172544K)] 292510K->121630K(504320K), 0.0022735 secs] [Times: user=0.02 sys=0.01, real=0.00 secs] 
2021-08-20T08:34:29.219+0800: 144356.816: [GC (Allocation Failure) [PSYoungGen: 171632K->1856K(171520K)] 292126K->122358K(503296K), 0.0026191 secs] [Times: user=0.01 sys=0.01, real=0.01 secs] 
2021-08-20T08:35:19.201+0800: 144406.799: [GC (Allocation Failure) [PSYoungGen: 171328K->1584K(172032K)] 291830K->122094K(503808K), 0.0020481 secs] [Times: user=0.01 sys=0.00, real=0.00 secs] 
2021-08-20T08:36:00.052+0800: 144447.650: [GC (Allocation Failure) [PSYoungGen: 171056K->1040K(172032K)] 291566K->121558K(503808K), 0.0020965 secs] [Times: user=0.02 sys=0.00, real=0.00 secs] 
2021-08-20T08:36:49.205+0800: 144496.802: [GC (Allocation Failure) [PSYoungGen: 170512K->1952K(172032K)] 291030K->122478K(503808K), 0.0024881 secs] [Times: user=0.01 sys=0.00, real=0.00 secs] 
2021-08-20T08:37:32.551+0800: 144540.149: [GC (Allocation Failure) [PSYoungGen: 171424K->1056K(172032K)] 291950K->121734K(503808K), 0.0019898 secs] [Times: user=0.02 sys=0.00, real=0.00 secs] 
2021-08-20T08:38:19.207+0800: 144586.805: [GC (Allocation Failure) [PSYoungGen: 170528K->2016K(172032K)] 291206K->122830K(503808K), 0.0022312 secs] [Times: user=0.02 sys=0.00, real=0.00 secs] 
2021-08-20T08:39:03.550+0800: 144631.148: [GC (Allocation Failure) [PSYoungGen: 171488K->896K(172032K)] 292302K->121846K(503808K), 0.0020551 secs] [Times: user=0.01 sys=0.00, real=0.00 secs] 
2021-08-20T08:39:49.209+0800: 144676.807: [GC (Allocation Failure) [PSYoungGen: 170368K->1024K(172032K)] 291318K->121982K(503808K), 0.0024310 secs] [Times: user=0.01 sys=0.00, real=0.01 secs] 
2021-08-20T08:40:35.051+0800: 144722.648: [GC (Allocation Failure) [PSYoungGen: 170496K->752K(172032K)] 291454K->121934K(503808K), 0.0022570 secs] [Times: user=0.01 sys=0.01, real=0.00 secs] 
2021-08-20T08:41:19.207+0800: 144766.804: [GC (Allocation Failure) [PSYoungGen: 170224K->1360K(172032K)] 291406K->122918K(503808K), 0.0022839 secs] [Times: user=0.01 sys=0.00, real=0.00 secs] 
2021-08-20T08:42:19.202+0800: 144826.800: [GC (Allocation Failure) [PSYoungGen: 170832K->864K(172032K)] 292390K->122566K(503808K), 0.0019864 secs] [Times: user=0.02 sys=0.00, real=0.00 secs] 
2021-08-20T08:43:16.761+0800: 144884.358: [GC (Allocation Failure) [PSYoungGen: 170336K->416K(172032K)] 292038K->122126K(503808K), 0.0023127 secs] [Times: user=0.02 sys=0.00, real=0.00 secs] 
2021-08-20T08:44:10.715+0800: 144938.313: [GC (Allocation Failure) [PSYoungGen: 169888K->416K(172032K)] 291598K->122142K(503808K), 0.0018792 secs] [Times: user=0.01 sys=0.00, real=0.00 secs] 
2021-08-20T08:44:59.208+0800: 144986.806: [GC (Allocation Failure) [PSYoungGen: 169888K->1248K(172032K)] 291614K->122982K(503808K), 0.0020444 secs] [Times: user=0.02 sys=0.00, real=0.01 secs] 
2021-08-20T08:45:42.550+0800: 145030.148: [GC (Allocation Failure) [PSYoungGen: 170720K->416K(172032K)] 292454K->122158K(503808K), 0.0022017 secs] [Times: user=0.02 sys=0.00, real=0.00 secs] 
2021-08-20T08:46:29.211+0800: 145076.809: [GC (Allocation Failure) [PSYoungGen: 169888K->1344K(172032K)] 291630K->123102K(503808K), 0.0020623 secs] [Times: user=0.01 sys=0.00, real=0.00 secs] 
2021-08-20T08:47:13.550+0800: 145121.148: [GC (Allocation Failure) [PSYoungGen: 170816K->448K(172032K)] 292574K->122214K(503808K), 0.0020827 secs] [Times: user=0.01 sys=0.00, real=0.00 secs] 
2021-08-20T08:47:59.214+0800: 145166.811: [GC (Allocation Failure) [PSYoungGen: 169920K->416K(172032K)] 291686K->122190K(503808K), 0.0020168 secs] [Times: user=0.02 sys=0.00, real=0.00 secs] 
2021-08-20T08:48:44.247+0800: 145211.845: [GC (Allocation Failure) [PSYoungGen: 169888K->480K(172032K)] 291662K->122262K(503808K), 0.0020137 secs] [Times: user=0.02 sys=0.00, real=0.00 secs] 
2021-08-20T08:49:29.217+0800: 145256.815: [GC (Allocation Failure) [PSYoungGen: 169952K->768K(170496K)] 291734K->122558K(502272K), 0.0022475 secs] [Times: user=0.01 sys=0.00, real=0.00 secs] 
2021-08-20T08:50:15.553+0800: 145303.150: [GC (Allocation Failure) [PSYoungGen: 170240K->384K(171520K)] 292030K->122182K(503296K), 0.0020384 secs] [Times: user=0.01 sys=0.00, real=0.00 secs] 
2021-08-20T08:50:59.220+0800: 145346.817: [GC (Allocation Failure) [PSYoungGen: 169856K->608K(171520K)] 291654K->122422K(503296K), 0.0020872 secs] [Times: user=0.02 sys=0.00, real=0.01 secs] 
2021-08-20T08:51:46.742+0800: 145394.340: [GC (Allocation Failure) [PSYoungGen: 170080K->384K(172032K)] 291894K->122214K(503808K), 0.0021388 secs] [Times: user=0.02 sys=0.00, real=0.00 secs] 
2021-08-20T08:52:29.225+0800: 145436.822: [GC (Allocation Failure) [PSYoungGen: 170368K->1216K(172032K)] 292198K->123054K(503808K), 0.0024362 secs] [Times: user=0.02 sys=0.00, real=0.00 secs] 
2021-08-20T08:53:18.551+0800: 145486.149: [GC (Allocation Failure) [PSYoungGen: 171200K->480K(172544K)] 293038K->122382K(504320K), 0.0024253 secs] [Times: user=0.02 sys=0.00, real=0.00 secs] 
2021-08-20T08:53:59.230+0800: 145526.828: [GC (Allocation Failure) [PSYoungGen: 170976K->1088K(172544K)] 292878K->123038K(504320K), 0.0021939 secs] [Times: user=0.02 sys=0.00, real=0.00 secs] 
2021-08-20T08:54:49.215+0800: 145576.813: [GC (Allocation Failure) [PSYoungGen: 171584K->800K(172544K)] 293534K->122774K(504320K), 0.0021621 secs] [Times: user=0.01 sys=0.00, real=0.00 secs] 
2021-08-20T08:55:31.056+0800: 145618.653: [GC (Allocation Failure) [PSYoungGen: 171296K->496K(172544K)] 293270K->122502K(504320K), 0.0019774 secs] [Times: user=0.02 sys=0.00, real=0.00 secs] 
2021-08-20T08:56:19.218+0800: 145666.816: [GC (Allocation Failure) [PSYoungGen: 170992K->1392K(172544K)] 292998K->123422K(504320K), 0.0021008 secs] [Times: user=0.02 sys=0.00, real=0.01 secs] 
2021-08-20T08:57:03.561+0800: 145711.159: [GC (Allocation Failure) [PSYoungGen: 171888K->528K(172544K)] 293918K->122582K(504320K), 0.0019626 secs] [Times: user=0.02 sys=0.00, real=0.00 secs] 
2021-08-20T08:57:49.223+0800: 145756.821: [GC (Allocation Failure) [PSYoungGen: 171024K->880K(172544K)] 293078K->122942K(504320K), 0.0019883 secs] [Times: user=0.01 sys=0.00, real=0.00 secs] 
2021-08-20T08:58:36.064+0800: 145803.662: [GC (Allocation Failure) [PSYoungGen: 171376K->704K(172544K)] 293438K->122774K(504320K), 0.0020133 secs] [Times: user=0.01 sys=0.00, real=0.00 secs] 
2021-08-20T08:59:19.228+0800: 145846.825: [GC (Allocation Failure) [PSYoungGen: 171200K->1616K(172544K)] 293270K->123694K(504320K), 0.0021166 secs] [Times: user=0.02 sys=0.00, real=0.00 secs] 
2021-08-20T09:00:02.741+0800: 145890.339: [GC (Allocation Failure) [PSYoungGen: 172112K->1537K(172544K)] 294190K->123624K(504320K), 0.0024596 secs] [Times: user=0.02 sys=0.00, real=0.00 secs] 
2021-08-20T09:00:49.219+0800: 145936.817: [GC (Allocation Failure) [PSYoungGen: 172033K->2033K(171520K)] 294120K->124232K(503296K), 0.0023411 secs] [Times: user=0.01 sys=0.00, real=0.01 secs] 
2021-08-20T09:01:34.071+0800: 145981.669: [GC (Allocation Failure) [PSYoungGen: 171505K->1585K(172032K)] 293704K->123808K(503808K), 0.0022170 secs] [Times: user=0.01 sys=0.00, real=0.00 secs] 
2021-08-20T09:02:19.222+0800: 146026.820: [GC (Allocation Failure) [PSYoungGen: 171057K->1889K(171008K)] 293280K->124112K(502784K), 0.0021746 secs] [Times: user=0.02 sys=0.00, real=0.00 secs] 
2021-08-20T09:03:03.741+0800: 146071.339: [GC (Allocation Failure) [PSYoungGen: 170337K->1553K(171520K)] 292560K->123784K(503296K), 0.0021787 secs] [Times: user=0.02 sys=0.00, real=0.00 secs] 
2021-08-20T09:03:49.221+0800: 146116.819: [GC (Allocation Failure) [PSYoungGen: 170001K->2593K(171520K)] 292232K->124832K(503296K), 0.0030035 secs] [Times: user=0.02 sys=0.00, real=0.00 secs] 
2021-08-20T09:04:33.076+0800: 146160.674: [GC (Allocation Failure) [PSYoungGen: 171041K->1569K(171520K)] 293280K->123816K(503296K), 0.0022167 secs] [Times: user=0.02 sys=0.00, real=0.00 secs] 
2021-08-20T09:05:19.222+0800: 146206.819: [GC (Allocation Failure) [PSYoungGen: 170017K->2561K(170496K)] 292264K->124816K(502272K), 0.0024269 secs] [Times: user=0.02 sys=0.00, real=0.00 secs] 
2021-08-20T09:06:02.208+0800: 146249.806: [GC (Allocation Failure) [PSYoungGen: 169985K->1553K(171008K)] 292240K->123816K(502784K), 0.0021516 secs] [Times: user=0.01 sys=0.00, real=0.01 secs] 
2021-08-20T09:06:49.219+0800: 146296.816: [GC (Allocation Failure) [PSYoungGen: 168977K->2337K(170496K)] 291240K->124760K(502272K), 0.0026226 secs] [Times: user=0.02 sys=0.00, real=0.01 secs] 
2021-08-20T09:07:30.745+0800: 146338.343: [GC (Allocation Failure) [PSYoungGen: 169761K->1129K(171008K)] 292184K->123703K(502784K), 0.0020819 secs] [Times: user=0.01 sys=0.00, real=0.00 secs] 
2021-08-20T09:08:19.218+0800: 146386.816: [GC (Allocation Failure) [PSYoungGen: 168553K->1385K(169984K)] 291127K->123967K(501760K), 0.0021832 secs] [Times: user=0.02 sys=0.00, real=0.01 secs] 
2021-08-20T09:08:59.619+0800: 146427.217: [GC (Allocation Failure) [PSYoungGen: 168809K->1017K(170496K)] 291391K->123719K(502272K), 0.0022395 secs] [Times: user=0.02 sys=0.00, real=0.01 secs] 
2021-08-20T09:09:49.217+0800: 146476.815: [GC (Allocation Failure) [PSYoungGen: 168441K->1321K(171008K)] 291143K->124151K(502784K), 0.0019606 secs] [Times: user=0.01 sys=0.00, real=0.00 secs] 
2021-08-20T09:10:29.332+0800: 146516.930: [GC (Allocation Failure) [PSYoungGen: 169257K->921K(171008K)] 292087K->123951K(502784K), 0.0019256 secs] [Times: user=0.02 sys=0.00, real=0.00 secs] 
2021-08-20T09:11:19.217+0800: 146566.815: [GC (Allocation Failure) [PSYoungGen: 168857K->560K(171520K)] 291887K->124111K(503296K), 0.0019865 secs] [Times: user=0.01 sys=0.00, real=0.00 secs] 
2021-08-20T09:11:59.238+0800: 146606.835: [GC (Allocation Failure) [PSYoungGen: 169008K->832K(171520K)] 292559K->124527K(503296K), 0.0022049 secs] [Times: user=0.02 sys=0.00, real=0.00 secs] 
2021-08-20T09:12:48.743+0800: 146656.340: [GC (Allocation Failure) [PSYoungGen: 169280K->320K(171520K)] 292975K->124031K(503296K), 0.0018924 secs] [Times: user=0.01 sys=0.00, real=0.00 secs] 
2021-08-20T09:13:29.239+0800: 146696.837: [GC (Allocation Failure) [PSYoungGen: 168768K->1344K(171520K)] 292479K->125071K(503296K), 0.0022299 secs] [Times: user=0.02 sys=0.00, real=0.01 secs] 
2021-08-20T09:14:19.087+0800: 146746.685: [GC (Allocation Failure) [PSYoungGen: 169792K->416K(171520K)] 293519K->124143K(503296K), 0.0020305 secs] [Times: user=0.02 sys=0.00, real=0.00 secs] 
2021-08-20T09:14:59.239+0800: 146786.837: [GC (Allocation Failure) [PSYoungGen: 168864K->1344K(169984K)] 292591K->125135K(501760K), 0.0020115 secs] [Times: user=0.01 sys=0.00, real=0.01 secs] 
2021-08-20T09:15:49.087+0800: 146836.685: [GC (Allocation Failure) [PSYoungGen: 169792K->384K(171008K)] 293583K->124175K(502784K), 0.0019696 secs] [Times: user=0.01 sys=0.00, real=0.00 secs] 
2021-08-20T09:16:29.239+0800: 146876.837: [GC (Allocation Failure) [PSYoungGen: 168832K->864K(171008K)] 292623K->124655K(502784K), 0.0020065 secs] [Times: user=0.02 sys=0.00, real=0.01 secs] 
2021-08-20T09:17:19.221+0800: 146926.819: [GC (Allocation Failure) [PSYoungGen: 169312K->672K(171520K)] 293103K->124463K(503296K), 0.0024696 secs] [Times: user=0.01 sys=0.00, real=0.00 secs] 
2021-08-20T09:17:59.595+0800: 146967.192: [GC (Allocation Failure) [PSYoungGen: 169632K->320K(171520K)] 293423K->124111K(503296K), 0.0022123 secs] [Times: user=0.01 sys=0.00, real=0.00 secs] 
2021-08-20T09:18:49.222+0800: 147016.819: [GC (Allocation Failure) [PSYoungGen: 169280K->736K(172032K)] 293071K->124559K(503808K), 0.0023222 secs] [Times: user=0.02 sys=0.00, real=0.00 secs] 
2021-08-20T09:19:30.591+0800: 147058.188: [GC (Allocation Failure) [PSYoungGen: 170208K->416K(172032K)] 294031K->124279K(503808K), 0.0019526 secs] [Times: user=0.02 sys=0.00, real=0.00 secs] 
2021-08-20T09:20:19.226+0800: 147106.824: [GC (Allocation Failure) [PSYoungGen: 169888K->992K(172032K)] 293751K->124855K(503808K), 0.0020651 secs] [Times: user=0.01 sys=0.01, real=0.00 secs] 
2021-08-20T09:21:01.481+0800: 147149.079: [GC (Allocation Failure) [PSYoungGen: 170464K->320K(172032K)] 294327K->124183K(503808K), 0.0019435 secs] [Times: user=0.02 sys=0.00, real=0.00 secs] 
2021-08-20T09:21:49.227+0800: 147196.825: [GC (Allocation Failure) [PSYoungGen: 169792K->1120K(172032K)] 293655K->124983K(503808K), 0.0020107 secs] [Times: user=0.02 sys=0.00, real=0.00 secs] 
2021-08-20T09:22:32.591+0800: 147240.188: [GC (Allocation Failure) [PSYoungGen: 170592K->352K(169984K)] 294455K->124215K(501760K), 0.0022476 secs] [Times: user=0.02 sys=0.00, real=0.00 secs] 
2021-08-20T09:23:19.231+0800: 147286.829: [GC (Allocation Failure) [PSYoungGen: 169824K->1248K(171008K)] 293687K->125135K(502784K), 0.0020989 secs] [Times: user=0.01 sys=0.00, real=0.00 secs] 
2021-08-20T09:24:03.739+0800: 147331.337: [GC (Allocation Failure) [PSYoungGen: 170208K->384K(171520K)] 294095K->124279K(503296K), 0.0020017 secs] [Times: user=0.01 sys=0.00, real=0.01 secs] 
2021-08-20T09:24:49.233+0800: 147376.831: [GC (Allocation Failure) [PSYoungGen: 169344K->608K(171520K)] 293239K->124511K(503296K), 0.0022846 secs] [Times: user=0.02 sys=0.00, real=0.00 secs] 
2021-08-20T09:25:35.736+0800: 147423.334: [GC (Allocation Failure) [PSYoungGen: 170080K->400K(171520K)] 293983K->124319K(503296K), 0.0019489 secs] [Times: user=0.02 sys=0.00, real=0.00 secs] 
2021-08-20T09:26:19.236+0800: 147466.834: [GC (Allocation Failure) [PSYoungGen: 169872K->688K(172032K)] 293791K->124607K(503808K), 0.0020750 secs] [Times: user=0.02 sys=0.00, real=0.00 secs] 
2021-08-20T09:27:07.735+0800: 147515.333: [GC (Allocation Failure) [PSYoungGen: 170672K->480K(172032K)] 294591K->124407K(503808K), 0.0019057 secs] [Times: user=0.01 sys=0.00, real=0.00 secs] 
2021-08-20T09:27:49.246+0800: 147556.844: [GC (Allocation Failure) [PSYoungGen: 170464K->1488K(172544K)] 294391K->125415K(504320K), 0.0021084 secs] [Times: user=0.01 sys=0.00, real=0.00 secs] 
2021-08-20T09:28:39.222+0800: 147606.820: [GC (Allocation Failure) [PSYoungGen: 171984K->928K(172544K)] 295911K->124855K(504320K), 0.0020607 secs] [Times: user=0.02 sys=0.00, real=0.00 secs] 
2021-08-20T09:29:19.362+0800: 147646.959: [GC (Allocation Failure) [PSYoungGen: 171424K->1024K(172544K)] 295351K->124951K(504320K), 0.0018386 secs] [Times: user=0.02 sys=0.00, real=0.00 secs] 
2021-08-20T09:30:09.227+0800: 147696.824: [GC (Allocation Failure) [PSYoungGen: 171520K->1584K(172544K)] 295447K->125519K(504320K), 0.0022375 secs] [Times: user=0.01 sys=0.00, real=0.00 secs] 
2021-08-20T09:30:49.245+0800: 147736.842: [GC (Allocation Failure) [PSYoungGen: 172080K->1904K(171520K)] 296015K->125839K(503296K), 0.0023924 secs] [Times: user=0.02 sys=0.00, real=0.00 secs] 
2021-08-20T09:31:39.232+0800: 147786.830: [GC (Allocation Failure) [PSYoungGen: 171376K->2128K(172032K)] 295311K->126063K(503808K), 0.0022280 secs] [Times: user=0.01 sys=0.00, real=0.00 secs] 
2021-08-20T09:32:29.237+0800: 147836.834: [GC (Allocation Failure) [PSYoungGen: 171600K->1168K(172032K)] 295535K->125103K(503808K), 0.0022195 secs] [Times: user=0.01 sys=0.00, real=0.00 secs] 
2021-08-20T09:33:19.241+0800: 147886.839: [GC (Allocation Failure) [PSYoungGen: 170640K->1584K(172032K)] 294575K->125519K(503808K), 0.0024507 secs] [Times: user=0.02 sys=0.00, real=0.00 secs] 
2021-08-20T09:34:09.243+0800: 147936.841: [GC (Allocation Failure) [PSYoungGen: 171056K->2048K(171008K)] 294991K->125983K(502784K), 0.0021555 secs] [Times: user=0.02 sys=0.00, real=0.00 secs] 
2021-08-20T09:34:59.244+0800: 147986.842: [GC (Allocation Failure) [PSYoungGen: 170496K->2209K(171520K)] 294431K->126145K(503296K), 0.0022218 secs] [Times: user=0.02 sys=0.00, real=0.00 secs] 
2021-08-20T09:35:49.235+0800: 148036.833: [GC (Allocation Failure) [PSYoungGen: 170657K->2561K(170496K)] 294593K->126497K(502272K), 0.0028744 secs] [Times: user=0.03 sys=0.00, real=0.00 secs] 
2021-08-20T09:36:39.235+0800: 148086.833: [GC (Allocation Failure) [PSYoungGen: 169985K->2385K(171008K)] 293921K->126321K(502784K), 0.0023466 secs] [Times: user=0.02 sys=0.00, real=0.00 secs] 
2021-08-20T09:37:29.236+0800: 148136.834: [GC (Allocation Failure) [PSYoungGen: 169809K->2321K(171008K)] 293745K->126385K(502784K), 0.0022902 secs] [Times: user=0.02 sys=0.00, real=0.00 secs] 
2021-08-20T09:38:19.234+0800: 148186.832: [GC (Allocation Failure) [PSYoungGen: 169745K->2001K(171008K)] 293809K->126169K(502784K), 0.0020006 secs] [Times: user=0.02 sys=0.00, real=0.00 secs] 
2021-08-20T09:39:09.232+0800: 148236.830: [GC (Allocation Failure) [PSYoungGen: 169425K->1697K(171008K)] 293593K->126001K(502784K), 0.0024384 secs] [Times: user=0.02 sys=0.00, real=0.00 secs] 
2021-08-20T09:39:59.234+0800: 148286.831: [GC (Allocation Failure) [PSYoungGen: 169121K->1617K(171008K)] 293425K->126033K(502784K), 0.0025888 secs] [Times: user=0.01 sys=0.00, real=0.00 secs] 
2021-08-20T09:40:49.233+0800: 148336.831: [GC (Allocation Failure) [PSYoungGen: 169041K->1249K(169984K)] 293457K->125793K(501760K), 0.0020780 secs] [Times: user=0.02 sys=0.00, real=0.00 secs] 
2021-08-20T09:41:38.085+0800: 148385.683: [GC (Allocation Failure) [PSYoungGen: 168673K->769K(170496K)] 293217K->125681K(502272K), 0.0024446 secs] [Times: user=0.01 sys=0.00, real=0.00 secs] 
2021-08-20T09:42:27.084+0800: 148434.682: [GC (Allocation Failure) [PSYoungGen: 168193K->753K(171008K)] 293105K->125785K(502784K), 0.0019877 secs] [Times: user=0.01 sys=0.00, real=0.00 secs] 
2021-08-20T09:43:15.205+0800: 148482.802: [GC (Allocation Failure) [PSYoungGen: 168689K->721K(171008K)] 293721K->125833K(502784K), 0.0021476 secs] [Times: user=0.01 sys=0.00, real=0.00 secs] 
2021-08-20T09:44:03.587+0800: 148531.184: [GC (Allocation Failure) [PSYoungGen: 168657K->753K(171520K)] 293769K->125953K(503296K), 0.0022340 secs] [Times: user=0.01 sys=0.00, real=0.00 secs] 
2021-08-20T09:44:53.586+0800: 148581.184: [GC (Allocation Failure) [PSYoungGen: 169201K->689K(171520K)] 294401K->125889K(503296K), 0.0030746 secs] [Times: user=0.01 sys=0.01, real=0.00 secs] 
2021-08-20T09:45:43.087+0800: 148630.684: [GC (Allocation Failure) [PSYoungGen: 169137K->753K(171520K)] 294337K->126017K(503296K), 0.0069453 secs] [Times: user=0.04 sys=0.00, real=0.01 secs] 
