OpenJDK 64-Bit Server VM (25.292-b10) for linux-amd64 JRE (1.8.0_292-b10), built on Apr 21 2021 14:24:48 by "mockbuild" with gcc 4.8.5 20150623 (Red Hat 4.8.5-44)
Memory: 4k page, physical 24260116k(19875168k free), swap 12255228k(12255228k free)
CommandLine flags: -XX:+HeapDumpOnOutOfMemoryError -XX:InitialHeapSize=134217728 -XX:MaxHeapSize=536870912 -XX:NewRatio=4 -XX:+PrintGC -XX:+PrintGCDateStamps -XX:+PrintGCDetails -XX:+PrintGCTimeStamps -XX:SurvivorRatio=4 -XX:+UseCompressedClassPointers -XX:+UseCompressedOops -XX:+UseParallelGC 
2021-08-18T16:29:03.642+0800: 0.227: [GC (Allocation Failure) [PSYoungGen: 17920K->2048K(22016K)] 17920K->2064K(126976K), 0.0030286 secs] [Times: user=0.02 sys=0.00, real=0.00 secs] 
2021-08-18T16:29:03.726+0800: 0.312: [GC (Allocation Failure) [PSYoungGen: 19968K->2672K(39936K)] 19984K->2696K(144896K), 0.0032582 secs] [Times: user=0.02 sys=0.02, real=0.00 secs] 
2021-08-18T16:29:03.852+0800: 0.437: [GC (GCLocker Initiated GC) [PSYoungGen: 38512K->3664K(39936K)] 38536K->3696K(144896K), 0.0047108 secs] [Times: user=0.03 sys=0.01, real=0.00 secs] 
2021-08-18T16:29:03.928+0800: 0.513: [GC (Allocation Failure) [PSYoungGen: 39504K->4086K(75776K)] 39547K->6824K(180736K), 0.0045007 secs] [Times: user=0.04 sys=0.00, real=0.01 secs] 
2021-08-18T16:29:04.132+0800: 0.718: [GC (Allocation Failure) [PSYoungGen: 75766K->4082K(75776K)] 78504K->9655K(180736K), 0.0080858 secs] [Times: user=0.04 sys=0.02, real=0.01 secs] 
2021-08-18T16:29:04.351+0800: 0.936: [GC (Allocation Failure) [PSYoungGen: 75762K->6705K(94720K)] 81335K->12286K(199680K), 0.0078497 secs] [Times: user=0.04 sys=0.05, real=0.00 secs] 
2021-08-18T16:29:04.463+0800: 1.049: [GC (Allocation Failure) [PSYoungGen: 92721K->9202K(95232K)] 98302K->17588K(200192K), 0.0143130 secs] [Times: user=0.06 sys=0.04, real=0.01 secs] 
2021-08-18T16:29:04.601+0800: 1.186: [GC (Metadata GC Threshold) [PSYoungGen: 63249K->5520K(90112K)] 71634K->15486K(195072K), 0.0033148 secs] [Times: user=0.02 sys=0.00, real=0.00 secs] 
2021-08-18T16:29:04.604+0800: 1.189: [Full GC (Metadata GC Threshold) [PSYoungGen: 5520K->0K(90112K)] [ParOldGen: 9966K->12133K(104960K)] 15486K->12133K(195072K), [Metaspace: 20387K->20387K(1069056K)], 0.0266378 secs] [Times: user=0.20 sys=0.05, real=0.03 secs] 
2021-08-18T16:29:04.827+0800: 1.413: [GC (Allocation Failure) [PSYoungGen: 80896K->2720K(92672K)] 93029K->14861K(197632K), 0.0026620 secs] [Times: user=0.02 sys=0.00, real=0.00 secs] 
2021-08-18T16:29:05.009+0800: 1.594: [GC (Allocation Failure) [PSYoungGen: 83616K->3668K(91648K)] 95757K->15817K(196608K), 0.0027530 secs] [Times: user=0.02 sys=0.00, real=0.01 secs] 
2021-08-18T16:29:05.219+0800: 1.805: [GC (Allocation Failure) [PSYoungGen: 84564K->2816K(92160K)] 96713K->17449K(197120K), 0.0055279 secs] [Times: user=0.03 sys=0.02, real=0.01 secs] 
2021-08-18T16:29:05.401+0800: 1.987: [GC (Allocation Failure) [PSYoungGen: 83712K->3120K(92160K)] 98345K->19113K(197120K), 0.0027113 secs] [Times: user=0.01 sys=0.00, real=0.00 secs] 
2021-08-18T16:29:05.579+0800: 2.165: [GC (Metadata GC Threshold) [PSYoungGen: 80772K->2656K(92672K)] 96765K->20165K(197632K), 0.0038973 secs] [Times: user=0.03 sys=0.00, real=0.01 secs] 
2021-08-18T16:29:05.583+0800: 2.169: [Full GC (Metadata GC Threshold) [PSYoungGen: 2656K->0K(92672K)] [ParOldGen: 17509K->17044K(104960K)] 20165K->17044K(197632K), [Metaspace: 34107K->34107K(1081344K)], 0.0451225 secs] [Times: user=0.46 sys=0.01, real=0.04 secs] 
2021-08-18T16:29:05.776+0800: 2.361: [GC (Allocation Failure) [PSYoungGen: 81920K->2304K(92672K)] 98964K->19356K(197632K), 0.0046355 secs] [Times: user=0.04 sys=0.00, real=0.01 secs] 
2021-08-18T16:29:05.985+0800: 2.570: [GC (Allocation Failure) [PSYoungGen: 85248K->4784K(93184K)] 102300K->21908K(198144K), 0.0049926 secs] [Times: user=0.04 sys=0.00, real=0.00 secs] 
2021-08-18T16:29:06.182+0800: 2.768: [GC (Allocation Failure) [PSYoungGen: 87728K->4720K(93184K)] 104852K->21852K(198144K), 0.0046610 secs] [Times: user=0.05 sys=0.00, real=0.00 secs] 
2021-08-18T16:29:06.405+0800: 2.990: [GC (Allocation Failure) [PSYoungGen: 88688K->6432K(93696K)] 105820K->23572K(198656K), 0.0062308 secs] [Times: user=0.07 sys=0.00, real=0.01 secs] 
2021-08-18T20:42:50.385+0800: 15226.970: [GC (Allocation Failure) [PSYoungGen: 90400K->6416K(93696K)] 107540K->23564K(198656K), 0.0031469 secs] [Times: user=0.02 sys=0.00, real=0.00 secs] 
2021-08-19T15:56:29.343+0800: 84445.928: [GC (Allocation Failure) [PSYoungGen: 90384K->5392K(94208K)] 107532K->22548K(199168K), 0.0064601 secs] [Times: user=0.06 sys=0.00, real=0.00 secs] 
